[11:33:28] === Inicio de ejecución: pagos ===
[11:33:29] ▶ [LoginSEMyTPaso] Iniciando...
[11:33:29] ==================================================
[11:33:29] 🚀 PASO: LoginSEMyTPaso
[11:33:29] ==================================================
[11:33:29] Abriendo SEMyT...
[11:34:04] ✅ [SEMyT] Sesión existente detectada. Login omitido.
[11:34:04] ✅ LoginSEMyTPaso finalizado. (⏱ 34.9s)
[11:34:04] ✓ [LoginSEMyTPaso] Completado.
[11:34:04] ▶ [LoginSIGIPaso] Iniciando...
[11:34:04] ==================================================
[11:34:04] 🚀 PASO: LoginSIGIPaso
[11:34:04] ==================================================
[11:34:04] Abriendo sitio municipalidad (CiDi)...
[11:34:05] ✅ [SIGI] Sesión existente detectada. Login omitido.
[11:34:05] ✅ LoginSIGIPaso finalizado. (⏱ 0.9s)
[11:34:05] ✓ [LoginSIGIPaso] Completado.
[11:34:05] ▶ [DescargasParalelasPaso] Iniciando...
[11:34:05] ==================================================
[11:34:05] 🚀 PASO: DescargasParalelasPaso
[11:34:05] ==================================================
[11:34:05] 📤 Arrancando las 3 descargas en paralelo (mismo browser, páginas separadas)...
[11:34:05] Fecha Desde: 27/06/2024
[11:34:05] Fecha Hasta: 24/11/2025
[11:34:05] Fecha Desde: 25/11/2025
[11:34:05] Fecha Hasta: 03/08/2026
[11:34:05] Descargando Excel...
[11:34:05] Descargando Excel...
[11:34:30] ✅ TXT de pagos descargado en: backend/descargas/pagos/2026-08-03/PAGOS DESCARGADOS.txt
[11:34:30] ⏱ [pagos_txt] completado en 25.0s
[11:34:34] Archivo descargado en: backend/descargas/cache_actas_cruce/MULTAS_SIGI_CRUCE.xlsx
[11:34:35] ⏱ [actas_sigi] completado en 30.4s
[11:34:47] Archivo descargado en: backend/descargas/cache_actas_cruce/MULTAS_SIGEMI_CRUCE.xlsx
[11:34:50] ⏱ [actas_sigemi] completado en 45.3s
[11:34:50] ⏱ TOTAL descargas en paralelo: 45.3s
[11:34:50] ✅ DescargasParalelasPaso finalizado. (⏱ 45.5s)
[11:34:50] ✓ [DescargasParalelasPaso] Completado.
[11:34:50] ▶ [CompararActasPaso] Iniciando...
[11:34:50] ==================================================
[11:34:50] 🚀 PASO: CompararActasPaso
[11:34:50] ==================================================
[11:34:50] 🔍 Comparando actas del SEMyT contra pagos del SIGI...
[11:34:50] ================================================================================
[11:34:50] INICIANDO PROCESO DE GENERACIÓN DE PAGOS DESACTUALIZADOS
[11:34:50] ================================================================================
[11:34:50] 📂 Cargando archivos...
[11:34:50]   ✓ Pagos: 19879 registros
[11:34:53]   ✓ Excel SIGEMI (multas vencidas viejas): 102046 registros
[11:34:55]   ✓ Excel SIGI (multas vencidas nuevas): 40816 registros
[11:34:55] ================================================================================
[11:34:55] PASO 1: LLENANDO ACTA_NUMERO (búsqueda por patente + fecha, con desempate por hora)
[11:34:55] ================================================================================
[11:34:57] 📊 ESTADÍSTICAS DE LLENADO DE ACTAS:
[11:34:57]   • Pagos con acta ORIGINAL: 4776
[11:34:57]   • Pagos SIN acta (buscados): 15103
[11:34:57]   • Pagos LLENADOS exitosamente: 3
[11:34:57]   • Pagos NO encontrados en multas: 15100
[11:34:57]   • Pagos SIN RESOLVER por desbalance de cantidades: 0
[11:34:57] ================================================================================
[11:34:57] PASO 1: LLENANDO ACTA_NUMERO (búsqueda por patente + fecha, con desempate por hora)
[11:34:57] ================================================================================
[11:34:58] 📊 ESTADÍSTICAS DE LLENADO DE ACTAS:
[11:34:58]   • Pagos con acta ORIGINAL: 4779
[11:34:58]   • Pagos SIN acta (buscados): 15100
[11:34:58]   • Pagos LLENADOS exitosamente: 0
[11:34:58]   • Pagos NO encontrados en multas: 15100
[11:34:58]   • Pagos SIN RESOLVER por desbalance de cantidades: 0
[11:34:58] ⏱ PASO 1 (llenar actas): 3.6s
[11:34:58] ================================================================================
[11:34:58] PASO 2: FILTRANDO PAGOS CON ACTA_NUMERO COMPLETO
[11:34:58] ================================================================================
[11:34:58] 📊 ESTADÍSTICAS DE FILTRADO:
[11:34:58]   • Pagos TOTALES al inicio: 19879
[11:34:58]   • Pagos CON acta (MANTIENEN): 4779
[11:34:58]   • Pagos RECHAZADOS (sin coincidencias): 15100
[11:34:58] ⚠️  Se eliminaron 15100 registros sin número de acta
[11:34:58]      (recordá: esto incluye tanto pagos ya actualizados/pagados
[11:34:58]       como pagos que quedaron sin resolver por desbalance en el Paso 1)
[11:34:58] ================================================================================
[11:34:58] PASO 2-bis: CONFIRMANDO VIGENCIA DE PAGOS (sistema NUEVO contra MULTAS_SIGI_CRUCE, sistema VIEJO contra SIGEMI)
[11:34:58] ================================================================================
[11:34:59]   ⚠ 4763 pago(s) descartados: su acta ya no figura como vencida en MULTAS_SIGI_CRUCE (SEMyT ya los actualizó).
[11:34:59]   ⚠ 10 pago(s) descartados: su acta ya no figura como vencida en el Excel de SIGEMI (SEMyT ya los actualizó).
[11:34:59]   • Pagos descartados en total por ya estar actualizados/pagados: 4773
[11:34:59] ⏱ PASO 2 (filtrar): 0.4s
[11:34:59] 📂 Cargando maestro de causas SIGEMI...
[11:34:59]   ✓ Causas totales (maestro): 134069 registros
[11:34:59] ⏱ PASO 2.5 (causas simplificado): 0.0s
[11:34:59] ================================================================================
[11:34:59] PASO 2.5: ARMANDO causas.txt SIMPLIFICADO (cruce contra total_causas_sigemi.txt)
[11:34:59] ================================================================================
[11:34:59]   • Actas vencidas viejas (multas): 102046
[11:34:59]   • Causas totales en el maestro SIGEMI: 134069
[11:34:59]   • Causas que coinciden (simplificado): 101727
[11:34:59]   ✅ Archivo escrito: backend/descargas/causas/causas.txt
[11:34:59] ⏱ PASO 2.5 (causas simplificado): 0.4s
[11:34:59] ================================================================================
[11:34:59] PASO 3: LLENANDO CAUSA_NUMERO (según fecha de cambio de sistema, cruzando por acta + año)
[11:34:59] ================================================================================
[11:34:59] 📊 ESTADÍSTICAS DE LLENADO DE CAUSAS:
[11:34:59]   • Pagos con causa ORIGINAL: 3
[11:34:59]   • Causas encontradas en SIGEMI (actas viejas): 3
[11:34:59]   • Causas NO encontradas en SIGEMI: 0
[11:34:59]   • Causas asignadas automáticamente (actas nuevas): 0
[11:34:59] ⏱ PASO 3 (llenar causas): 0.0s
[11:34:59] ================================================================================
[11:34:59] PASO 4: ORDENANDO POR FECHA Y ACTA_NUMERO
[11:34:59] ================================================================================
[11:34:59] ✓ Pagos ordenados correctamente
[11:34:59]   • Primera entrada: Acta=155281, Fecha=26/05/2025
[11:34:59]   • Última entrada: Acta=300801, Fecha=23/04/2026
[11:34:59] 📝 Escribiendo archivo de salida...
[11:34:59]   ✅ Archivo escrito: backend/descargas/pagos/2026-08-03/PAGOS 20260803 113450.txt
[11:34:59]   ✅ Total registros: 804
[11:34:59] ⏱ PASO 4 (ordenar y escribir): 0.0s
[11:34:59] ================================================================================
[11:34:59] ✅ PROCESO COMPLETADO EXITOSAMENTE
[11:34:59] ================================================================================
[11:34:59] 📊 RESUMEN FINAL DEL PROCESAMIENTO:
[11:34:59]   ENTRADA:
[11:34:59]     • Pagos originales: 19879
[11:34:59]     • Multas SIGEMI cargadas: 102046
[11:34:59]     • Multas SIGI cargadas: 40816
[11:34:59]     • Causas simplificadas (usadas para el cruce): 101727
[11:34:59]   PROCESO:
[11:34:59]     • Pagos rechazados sigemi: 15100
[11:34:59]     • Pagos rechazados sigi: 4773
[11:34:59]   SALIDA:
[11:34:59]     • Pagos desactualizados procesados: 6
[11:34:59]     • Archivo final: backend/descargas/pagos/2026-08-03/PAGOS 20260803 113450.txt
[11:34:59]     • Ordenados por fecha: SÍ ✓
[11:34:59]     • Todos con ACTA_NUMERO: SÍ ✓
[11:34:59]     • Todos con CAUSA_NUMERO: SÍ ✓
[11:34:59] ✅ TXT de pagos (ya cruzado con actas y causas) generado en: backend/descargas/pagos/2026-08-03/PAGOS 20260803 113450.txt
[11:34:59] 🧹 TXT de pagos crudo eliminado (ya usado en el cruce): backend/descargas/pagos/2026-08-03/PAGOS DESCARGADOS.txt
[11:34:59] 🧹 Excel MULTAS_SIGEMI_CRUCE eliminado (ya usado en el cruce): backend/descargas/cache_actas_cruce/MULTAS_SIGEMI_CRUCE.xlsx
[11:34:59] 🧹 Excel MULTAS_SIGI_CRUCE eliminado (ya usado en el cruce): backend/descargas/cache_actas_cruce/MULTAS_SIGI_CRUCE.xlsx
[11:34:59] ✅ CompararActasPaso finalizado. (⏱ 9.0s)
[11:34:59] ✓ [CompararActasPaso] Completado.
[11:34:59] ▶ [CargarPagosPaso] Iniciando...
[11:34:59] ==================================================
[11:34:59] 🚀 PASO: CargarPagosPaso
[11:34:59] ==================================================
[11:34:59] 📤 Subiendo TXT de pagos al SEMyT...
[11:35:01] ✅ Importación de pagos completada con éxito.
[11:35:01] ✅ Archivo TXT de pagos cargado en el SEMyT correctamente.
[11:35:01] ✅ CargarPagosPaso finalizado. (⏱ 2.0s)
[11:35:01] ✓ [CargarPagosPaso] Completado.
[11:35:01] === Ejecución finalizada con éxito ===
