[11:21:13] === Inicio de ejecución: pagos ===
[11:21:14] ▶ [LoginSEMyTPaso] Iniciando...
[11:21:14] ==================================================
[11:21:14] 🚀 PASO: LoginSEMyTPaso
[11:21:14] ==================================================
[11:21:14] Abriendo SEMyT...
[11:21:56] ✅ [SEMyT] Sesión existente detectada. Login omitido.
[11:21:56] ✅ LoginSEMyTPaso finalizado. (⏱ 42.3s)
[11:21:56] ✓ [LoginSEMyTPaso] Completado.
[11:21:56] ▶ [LoginSIGIPaso] Iniciando...
[11:21:56] ==================================================
[11:21:56] 🚀 PASO: LoginSIGIPaso
[11:21:56] ==================================================
[11:21:56] Abriendo sitio municipalidad (CiDi)...
[11:21:57] ✅ [SIGI] Sesión existente detectada. Login omitido.
[11:21:57] ✅ LoginSIGIPaso finalizado. (⏱ 1.0s)
[11:21:57] ✓ [LoginSIGIPaso] Completado.
[11:21:57] ▶ [DescargasParalelasPaso] Iniciando...
[11:21:57] ==================================================
[11:21:57] 🚀 PASO: DescargasParalelasPaso
[11:21:57] ==================================================
[11:21:57] 📤 Arrancando las 3 descargas en paralelo (mismo browser, páginas separadas)...
[11:21:57] Fecha Desde: 27/06/2024
[11:21:57] Fecha Hasta: 24/11/2025
[11:21:57] Fecha Desde: 25/11/2025
[11:21:57] Fecha Hasta: 03/08/2026
[11:21:57] Descargando Excel...
[11:21:57] Descargando Excel...
[11:22:29] ✅ TXT de pagos descargado en: backend/descargas/pagos/2026-08-03/PAGOS DESCARGADOS.txt
[11:22:29] ⏱ [pagos_txt] completado en 31.4s
[11:22:30] Archivo descargado en: backend/descargas/cache_actas_cruce/MULTAS_SIGI_CRUCE.xlsx
[11:22:31] ⏱ [actas_sigi] completado en 34.1s
[11:23:09] Archivo descargado en: backend/descargas/cache_actas_cruce/MULTAS_SIGEMI_CRUCE.xlsx
[11:23:13] ⏱ [actas_sigemi] completado en 75.5s
[11:23:13] ⏱ TOTAL descargas en paralelo: 75.5s
[11:23:13] ✅ DescargasParalelasPaso finalizado. (⏱ 75.7s)
[11:23:13] ✓ [DescargasParalelasPaso] Completado.
[11:23:13] ▶ [CompararActasPaso] Iniciando...
[11:23:13] ==================================================
[11:23:13] 🚀 PASO: CompararActasPaso
[11:23:13] ==================================================
[11:23:13] 🔍 Comparando actas del SEMyT contra pagos del SIGI...
[11:23:13] ================================================================================
[11:23:13] INICIANDO PROCESO DE GENERACIÓN DE PAGOS DESACTUALIZADOS
[11:23:13] ================================================================================
[11:23:13] 📂 Cargando archivos...
[11:23:13]   ✓ Pagos: 19873 registros
[11:23:16]   ✓ Excel SIGEMI (multas vencidas viejas): 102050 registros
[11:23:17]   ✓ Excel SIGI (multas vencidas nuevas): 40820 registros
[11:23:18] ================================================================================
[11:23:18] PASO 1: LLENANDO ACTA_NUMERO (búsqueda por patente + fecha, con desempate por hora)
[11:23:18] ================================================================================
[11:23:19] 📊 ESTADÍSTICAS DE LLENADO DE ACTAS:
[11:23:19]   • Pagos con acta ORIGINAL: 4773
[11:23:19]   • Pagos SIN acta (buscados): 15100
[11:23:19]   • Pagos LLENADOS exitosamente: 4
[11:23:19]   • Pagos NO encontrados en multas: 15096
[11:23:19]   • Pagos SIN RESOLVER por desbalance de cantidades: 0
[11:23:19] ================================================================================
[11:23:19] PASO 1: LLENANDO ACTA_NUMERO (búsqueda por patente + fecha, con desempate por hora)
[11:23:19] ================================================================================
[11:23:21] 📊 ESTADÍSTICAS DE LLENADO DE ACTAS:
[11:23:21]   • Pagos con acta ORIGINAL: 4777
[11:23:21]   • Pagos SIN acta (buscados): 15096
[11:23:21]   • Pagos LLENADOS exitosamente: 0
[11:23:21]   • Pagos NO encontrados en multas: 15096
[11:23:21]   • Pagos SIN RESOLVER por desbalance de cantidades: 0
[11:23:21] ⏱ PASO 1 (llenar actas): 3.7s
[11:23:21] ================================================================================
[11:23:21] PASO 2: FILTRANDO PAGOS CON ACTA_NUMERO COMPLETO
[11:23:21] ================================================================================
[11:23:21] 📊 ESTADÍSTICAS DE FILTRADO:
[11:23:21]   • Pagos TOTALES al inicio: 19873
[11:23:21]   • Pagos CON acta (MANTIENEN): 4777
[11:23:21]   • Pagos RECHAZADOS (sin coincidencias): 15096
[11:23:21] ⚠️  Se eliminaron 15096 registros sin número de acta
[11:23:21]      (recordá: esto incluye tanto pagos ya actualizados/pagados
[11:23:21]       como pagos que quedaron sin resolver por desbalance en el Paso 1)
[11:23:21] ================================================================================
[11:23:21] PASO 2-bis: CONFIRMANDO VIGENCIA DE PAGOS (sistema NUEVO contra MULTAS_SIGI_CRUCE, sistema VIEJO contra SIGEMI)
[11:23:21] ================================================================================
[11:23:21]   ⚠ 4759 pago(s) descartados: su acta ya no figura como vencida en MULTAS_SIGI_CRUCE (SEMyT ya los actualizó).
[11:23:21]   ⚠ 10 pago(s) descartados: su acta ya no figura como vencida en el Excel de SIGEMI (SEMyT ya los actualizó).
[11:23:21]   • Pagos descartados en total por ya estar actualizados/pagados: 4769
[11:23:21] ⏱ PASO 2 (filtrar): 0.4s
[11:23:21] 📂 Cargando maestro de causas SIGEMI...
[11:23:21]   ✓ Causas totales (maestro): 134069 registros
[11:23:21] ⏱ PASO 2.5 (causas simplificado): 0.0s
[11:23:21] ================================================================================
[11:23:21] PASO 2.5: ARMANDO causas.txt SIMPLIFICADO (cruce contra total_causas_sigemi.txt)
[11:23:21] ================================================================================
[11:23:22]   • Actas vencidas viejas (multas): 102050
[11:23:22]   • Causas totales en el maestro SIGEMI: 134069
[11:23:22]   • Causas que coinciden (simplificado): 101731
[11:23:22]   ✅ Archivo escrito: backend/descargas/causas/causas.txt
[11:23:22] ⏱ PASO 2.5 (causas simplificado): 0.4s
[11:23:22] ================================================================================
[11:23:22] PASO 3: LLENANDO CAUSA_NUMERO (según fecha de cambio de sistema, cruzando por acta + año)
[11:23:22] ================================================================================
[11:23:22] 📊 ESTADÍSTICAS DE LLENADO DE CAUSAS:
[11:23:22]   • Pagos con causa ORIGINAL: 4
[11:23:22]   • Causas encontradas en SIGEMI (actas viejas): 4
[11:23:22]   • Causas NO encontradas en SIGEMI: 0
[11:23:22]   • Causas asignadas automáticamente (actas nuevas): 0
[11:23:22] ⏱ PASO 3 (llenar causas): 0.0s
[11:23:22] ================================================================================
[11:23:22] PASO 4: ORDENANDO POR FECHA Y ACTA_NUMERO
[11:23:22] ================================================================================
[11:23:22] ✓ Pagos ordenados correctamente
[11:23:22]   • Primera entrada: Acta=37085, Fecha=27/08/2024
[11:23:22]   • Última entrada: Acta=299482, Fecha=22/04/2026
[11:23:22] 📝 Escribiendo archivo de salida...
[11:23:22]   ✅ Archivo escrito: backend/descargas/pagos/2026-08-03/PAGOS 20260803 112313.txt
[11:23:22]   ✅ Total registros: 1005
[11:23:22] ⏱ PASO 4 (ordenar y escribir): 0.0s
[11:23:22] ================================================================================
[11:23:22] ✅ PROCESO COMPLETADO EXITOSAMENTE
[11:23:22] ================================================================================
[11:23:22] 📊 RESUMEN FINAL DEL PROCESAMIENTO:
[11:23:22]   ENTRADA:
[11:23:22]     • Pagos originales: 19873
[11:23:22]     • Multas SIGEMI cargadas: 102050
[11:23:22]     • Multas SIGI cargadas: 40820
[11:23:22]     • Causas simplificadas (usadas para el cruce): 101731
[11:23:22]   PROCESO:
[11:23:22]     • Pagos rechazados sigemi: 15096
[11:23:22]     • Pagos rechazados sigi: 4769
[11:23:22]   SALIDA:
[11:23:22]     • Pagos desactualizados procesados: 8
[11:23:22]     • Archivo final: backend/descargas/pagos/2026-08-03/PAGOS 20260803 112313.txt
[11:23:22]     • Ordenados por fecha: SÍ ✓
[11:23:22]     • Todos con ACTA_NUMERO: SÍ ✓
[11:23:22]     • Todos con CAUSA_NUMERO: SÍ ✓
[11:23:22] ✅ TXT de pagos (ya cruzado con actas y causas) generado en: backend/descargas/pagos/2026-08-03/PAGOS 20260803 112313.txt
[11:23:22] 🧹 TXT de pagos crudo eliminado (ya usado en el cruce): backend/descargas/pagos/2026-08-03/PAGOS DESCARGADOS.txt
[11:23:22] 🧹 Excel MULTAS_SIGEMI_CRUCE eliminado (ya usado en el cruce): backend/descargas/cache_actas_cruce/MULTAS_SIGEMI_CRUCE.xlsx
[11:23:22] 🧹 Excel MULTAS_SIGI_CRUCE eliminado (ya usado en el cruce): backend/descargas/cache_actas_cruce/MULTAS_SIGI_CRUCE.xlsx
[11:23:22] ✅ CompararActasPaso finalizado. (⏱ 9.1s)
[11:23:22] ✓ [CompararActasPaso] Completado.
[11:23:22] ▶ [CargarPagosPaso] Iniciando...
[11:23:22] ==================================================
[11:23:22] 🚀 PASO: CargarPagosPaso
[11:23:22] ==================================================
[11:23:22] 📤 Subiendo TXT de pagos al SEMyT...
[11:23:24] ✅ Importación de pagos completada con éxito.
[11:23:24] ✅ Archivo TXT de pagos cargado en el SEMyT correctamente.
[11:23:24] ✅ CargarPagosPaso finalizado. (⏱ 2.2s)
[11:23:24] ✓ [CargarPagosPaso] Completado.
[11:23:24] === Ejecución finalizada con éxito ===
