[15:18:20] === Inicio de ejecución: pagos ===
[15:18:20] ▶ [LoginSEMyTPaso] Iniciando...
[15:18:20] ==================================================
[15:18:20] 🚀 PASO: LoginSEMyTPaso
[15:18:20] ==================================================
[15:18:20] Abriendo SEMyT...
[15:18:23] ✅ [SEMyT] Sesión existente detectada. Login omitido.
[15:18:23] ✅ LoginSEMyTPaso finalizado. (⏱ 2.4s)
[15:18:23] ✓ [LoginSEMyTPaso] Completado.
[15:18:23] ▶ [LoginSIGIPaso] Iniciando...
[15:18:23] ==================================================
[15:18:23] 🚀 PASO: LoginSIGIPaso
[15:18:23] ==================================================
[15:18:23] Abriendo sitio municipalidad (CiDi)...
[15:18:23] ✅ [SIGI] Sesión existente detectada. Login omitido.
[15:18:23] ✅ LoginSIGIPaso finalizado. (⏱ 0.5s)
[15:18:23] ✓ [LoginSIGIPaso] Completado.
[15:18:23] ▶ [DescargasParalelasPaso] Iniciando...
[15:18:23] ==================================================
[15:18:23] 🚀 PASO: DescargasParalelasPaso
[15:18:23] ==================================================
[15:18:23] 📤 Arrancando las 3 descargas en paralelo (mismo browser, páginas separadas)...
[15:18:23] Fecha Desde: 27/06/2024
[15:18:23] Fecha Hasta: 24/11/2025
[15:18:23] Fecha Desde: 25/11/2025
[15:18:23] Fecha Hasta: 03/08/2026
[15:18:23] Descargando Excel...
[15:18:24] Descargando Excel...
[15:18:34] Archivo descargado en: backend/descargas/cache_actas_cruce/MULTAS_SIGI_CRUCE.xlsx
[15:18:35] ⏱ [actas_sigi] completado en 11.9s
[15:18:44] Archivo descargado en: backend/descargas/cache_actas_cruce/MULTAS_SIGEMI_CRUCE.xlsx
[15:18:47] ⏱ [actas_sigemi] completado en 23.6s
[15:18:52] ✅ TXT de pagos descargado en: backend/descargas/pagos/2026-08-03/PAGOS DESCARGADOS.txt
[15:18:52] ⏱ [pagos_txt] completado en 28.2s
[15:18:52] ⏱ TOTAL descargas en paralelo: 28.2s
[15:18:52] ✅ DescargasParalelasPaso finalizado. (⏱ 28.4s)
[15:18:52] ✓ [DescargasParalelasPaso] Completado.
[15:18:52] ▶ [CompararActasPaso] Iniciando...
[15:18:52] ==================================================
[15:18:52] 🚀 PASO: CompararActasPaso
[15:18:52] ==================================================
[15:18:52] 🔍 Comparando actas del SEMyT contra pagos del SIGI...
[15:18:52] ================================================================================
[15:18:52] INICIANDO PROCESO DE GENERACIÓN DE PAGOS DESACTUALIZADOS
[15:18:52] ================================================================================
[15:18:52] 📂 Cargando archivos...
[15:18:52]   ✓ Pagos: 19935 registros
[15:18:55]   ✓ Excel SIGEMI (multas vencidas viejas): 102009 registros
[15:18:56]   ✓ Excel SIGI (multas vencidas nuevas): 40788 registros
[15:18:57] ================================================================================
[15:18:57] PASO 1: LLENANDO ACTA_NUMERO (búsqueda por patente + fecha, con desempate por hora)
[15:18:57] ================================================================================
[15:18:58] 📊 ESTADÍSTICAS DE LLENADO DE ACTAS:
[15:18:58]   • Pagos con acta ORIGINAL: 4803
[15:18:58]   • Pagos SIN acta (buscados): 15132
[15:18:58]   • Pagos LLENADOS exitosamente: 0
[15:18:58]   • Pagos NO encontrados en multas: 15132
[15:18:58]   • Pagos SIN RESOLVER por desbalance de cantidades: 0
[15:18:58] ================================================================================
[15:18:58] PASO 1: LLENANDO ACTA_NUMERO (búsqueda por patente + fecha, con desempate por hora)
[15:18:58] ================================================================================
[15:19:00] 📊 ESTADÍSTICAS DE LLENADO DE ACTAS:
[15:19:00]   • Pagos con acta ORIGINAL: 4803
[15:19:00]   • Pagos SIN acta (buscados): 15132
[15:19:00]   • Pagos LLENADOS exitosamente: 0
[15:19:00]   • Pagos NO encontrados en multas: 15132
[15:19:00]   • Pagos SIN RESOLVER por desbalance de cantidades: 0
[15:19:00] ⏱ PASO 1 (llenar actas): 3.6s
[15:19:00] ================================================================================
[15:19:00] PASO 2: FILTRANDO PAGOS CON ACTA_NUMERO COMPLETO
[15:19:00] ================================================================================
[15:19:00] 📊 ESTADÍSTICAS DE FILTRADO:
[15:19:00]   • Pagos TOTALES al inicio: 19935
[15:19:00]   • Pagos CON acta (MANTIENEN): 4803
[15:19:00]   • Pagos RECHAZADOS (sin coincidencias): 15132
[15:19:00] ⚠️  Se eliminaron 15132 registros sin número de acta
[15:19:00]      (recordá: esto incluye tanto pagos ya actualizados/pagados
[15:19:00]       como pagos que quedaron sin resolver por desbalance en el Paso 1)
[15:19:00] ================================================================================
[15:19:00] PASO 2-bis: CONFIRMANDO VIGENCIA DE PAGOS (sistema NUEVO contra MULTAS_SIGI_CRUCE, sistema VIEJO contra SIGEMI)
[15:19:00] ================================================================================
[15:19:00]   ⚠ 4792 pago(s) descartados: su acta ya no figura como vencida en MULTAS_SIGI_CRUCE (SEMyT ya los actualizó).
[15:19:00]   ⚠ 10 pago(s) descartados: su acta ya no figura como vencida en el Excel de SIGEMI (SEMyT ya los actualizó).
[15:19:00]   • Pagos descartados en total por ya estar actualizados/pagados: 4802
[15:19:00] ⏱ PASO 2 (filtrar): 0.4s
[15:19:00] 📂 Cargando maestro de causas SIGEMI...
[15:19:00]   ✓ Causas totales (maestro): 134069 registros
[15:19:00] ⏱ PASO 2.5 (causas simplificado): 0.0s
[15:19:00] ================================================================================
[15:19:00] PASO 2.5: ARMANDO causas.txt SIMPLIFICADO (cruce contra total_causas_sigemi.txt)
[15:19:00] ================================================================================
[15:19:00]   • Actas vencidas viejas (multas): 102009
[15:19:00]   • Causas totales en el maestro SIGEMI: 134069
[15:19:00]   • Causas que coinciden (simplificado): 101690
[15:19:00]   ✅ Archivo escrito: backend/descargas/causas/causas.txt
[15:19:00] ⏱ PASO 2.5 (causas simplificado): 0.4s
[15:19:00] ================================================================================
[15:19:00] PASO 3: LLENANDO CAUSA_NUMERO (según fecha de cambio de sistema, cruzando por acta + año)
[15:19:00] ================================================================================
[15:19:00] 📊 ESTADÍSTICAS DE LLENADO DE CAUSAS:
[15:19:00]   • Pagos con causa ORIGINAL: 1
[15:19:00]   • Causas encontradas en SIGEMI (actas viejas): 0
[15:19:00]   • Causas NO encontradas en SIGEMI: 0
[15:19:00]   • Causas asignadas automáticamente (actas nuevas): 0
[15:19:00] ⏱ PASO 3 (llenar causas): 0.0s
[15:19:00] ================================================================================
[15:19:00] PASO 4: ORDENANDO POR FECHA Y ACTA_NUMERO
[15:19:00] ================================================================================
[15:19:00] ✓ Pagos ordenados correctamente
[15:19:00]   • Primera entrada: Acta=293581, Fecha=13/04/2026
[15:19:00]   • Última entrada: Acta=293581, Fecha=13/04/2026
[15:19:00] 📝 Escribiendo archivo de salida...
[15:19:00]   ✅ Archivo escrito: backend/descargas/pagos/2026-08-03/PAGOS 20260803 151852.txt
[15:19:00]   ✅ Total registros: 259
[15:19:00] ⏱ PASO 4 (ordenar y escribir): 0.0s
[15:19:00] ================================================================================
[15:19:00] ✅ PROCESO COMPLETADO EXITOSAMENTE
[15:19:00] ================================================================================
[15:19:00] 📊 RESUMEN FINAL DEL PROCESAMIENTO:
[15:19:00]   ENTRADA:
[15:19:00]     • Pagos originales: 19935
[15:19:00]     • Multas SIGEMI cargadas: 102009
[15:19:00]     • Multas SIGI cargadas: 40788
[15:19:00]     • Causas simplificadas (usadas para el cruce): 101690
[15:19:00]   PROCESO:
[15:19:00]     • Pagos rechazados sigemi: 15132
[15:19:00]     • Pagos rechazados sigi: 4802
[15:19:00]   SALIDA:
[15:19:00]     • Pagos desactualizados procesados: 1
[15:19:00]     • Archivo final: backend/descargas/pagos/2026-08-03/PAGOS 20260803 151852.txt
[15:19:00]     • Ordenados por fecha: SÍ ✓
[15:19:00]     • Todos con ACTA_NUMERO: SÍ ✓
[15:19:00]     • Todos con CAUSA_NUMERO: SÍ ✓
[15:19:00] ✅ TXT de pagos (ya cruzado con actas y causas) generado en: backend/descargas/pagos/2026-08-03/PAGOS 20260803 151852.txt
[15:19:00] 🧹 TXT de pagos crudo eliminado (ya usado en el cruce): backend/descargas/pagos/2026-08-03/PAGOS DESCARGADOS.txt
[15:19:00] 🧹 Excel MULTAS_SIGEMI_CRUCE eliminado (ya usado en el cruce): backend/descargas/cache_actas_cruce/MULTAS_SIGEMI_CRUCE.xlsx
[15:19:00] 🧹 Excel MULTAS_SIGI_CRUCE eliminado (ya usado en el cruce): backend/descargas/cache_actas_cruce/MULTAS_SIGI_CRUCE.xlsx
[15:19:00] ✅ CompararActasPaso finalizado. (⏱ 8.9s)
[15:19:00] ✓ [CompararActasPaso] Completado.
[15:19:00] ▶ [CargarPagosPaso] Iniciando...
[15:19:00] ==================================================
[15:19:00] 🚀 PASO: CargarPagosPaso
[15:19:00] ==================================================
[15:19:00] 📤 Subiendo TXT de pagos al SEMyT...
[15:19:02] ✅ Importación de pagos completada con éxito.
[15:19:03] ✅ Archivo TXT de pagos cargado en el SEMyT correctamente.
[15:19:03] ✅ CargarPagosPaso finalizado. (⏱ 2.0s)
[15:19:03] ✓ [CargarPagosPaso] Completado.
[15:19:03] === Ejecución finalizada con éxito ===
