[16:57:38] === Inicio de ejecución: pagos ===
[16:57:38] ▶ [LoginSEMyTPaso] Iniciando...
[16:57:38] ==================================================
[16:57:38] 🚀 PASO: LoginSEMyTPaso
[16:57:38] ==================================================
[16:57:38] Abriendo SEMyT...
[16:57:41] ✅ [SEMyT] Sesión existente detectada. Login omitido.
[16:57:41] ✅ LoginSEMyTPaso finalizado. (⏱ 2.6s)
[16:57:41] ✓ [LoginSEMyTPaso] Completado.
[16:57:41] ▶ [LoginSIGIPaso] Iniciando...
[16:57:41] ==================================================
[16:57:41] 🚀 PASO: LoginSIGIPaso
[16:57:41] ==================================================
[16:57:41] Abriendo sitio municipalidad (CiDi)...
[16:57:41] ✅ [SIGI] Sesión existente detectada. Login omitido.
[16:57:41] ✅ LoginSIGIPaso finalizado. (⏱ 0.5s)
[16:57:41] ✓ [LoginSIGIPaso] Completado.
[16:57:41] ▶ [DescargasParalelasPaso] Iniciando...
[16:57:41] ==================================================
[16:57:41] 🚀 PASO: DescargasParalelasPaso
[16:57:41] ==================================================
[16:57:42] 📤 Arrancando las 3 descargas en paralelo (mismo browser, páginas separadas)...
[16:57:42] Fecha Desde: 27/06/2024
[16:57:42] Fecha Hasta: 24/11/2025
[16:57:42] Fecha Desde: 25/11/2025
[16:57:42] Fecha Hasta: 03/08/2026
[16:57:42] Descargando Excel...
[16:57:42] Descargando Excel...
[16:57:53] Archivo descargado en: backend/descargas/cache_actas_cruce/MULTAS_SIGI_CRUCE.xlsx
[16:57:54] ⏱ [actas_sigi] completado en 12.7s
[16:58:03] Archivo descargado en: backend/descargas/cache_actas_cruce/MULTAS_SIGEMI_CRUCE.xlsx
[16:58:06] ⏱ [actas_sigemi] completado en 24.3s
[16:58:11] ✅ TXT de pagos descargado en: backend/descargas/pagos/2026-08-03/PAGOS DESCARGADOS.txt
[16:58:11] ⏱ [pagos_txt] completado en 29.6s
[16:58:11] ⏱ TOTAL descargas en paralelo: 29.6s
[16:58:11] ✅ DescargasParalelasPaso finalizado. (⏱ 29.9s)
[16:58:11] ✓ [DescargasParalelasPaso] Completado.
[16:58:11] ▶ [CompararActasPaso] Iniciando...
[16:58:11] ==================================================
[16:58:11] 🚀 PASO: CompararActasPaso
[16:58:11] ==================================================
[16:58:11] 🔍 Comparando actas del SEMyT contra pagos del SIGI...
[16:58:11] ================================================================================
[16:58:11] INICIANDO PROCESO DE GENERACIÓN DE PAGOS DESACTUALIZADOS
[16:58:11] ================================================================================
[16:58:11] 📂 Cargando archivos...
[16:58:11]   ✓ Pagos: 20004 registros
[16:58:14]   ✓ Excel SIGEMI (multas vencidas viejas): 101999 registros
[16:58:16]   ✓ Excel SIGI (multas vencidas nuevas): 40730 registros
[16:58:16] ================================================================================
[16:58:16] PASO 1: LLENANDO ACTA_NUMERO (búsqueda por patente + fecha, con desempate por hora)
[16:58:16] ================================================================================
[16:58:18] 📊 ESTADÍSTICAS DE LLENADO DE ACTAS:
[16:58:18]   • Pagos con acta ORIGINAL: 4862
[16:58:18]   • Pagos SIN acta (buscados): 15142
[16:58:18]   • Pagos LLENADOS exitosamente: 0
[16:58:18]   • Pagos NO encontrados en multas: 15142
[16:58:18]   • Pagos SIN RESOLVER por desbalance de cantidades: 0
[16:58:18] ================================================================================
[16:58:18] PASO 1: LLENANDO ACTA_NUMERO (búsqueda por patente + fecha, con desempate por hora)
[16:58:18] ================================================================================
[16:58:19] 📊 ESTADÍSTICAS DE LLENADO DE ACTAS:
[16:58:19]   • Pagos con acta ORIGINAL: 4862
[16:58:19]   • Pagos SIN acta (buscados): 15142
[16:58:19]   • Pagos LLENADOS exitosamente: 0
[16:58:19]   • Pagos NO encontrados en multas: 15142
[16:58:19]   • Pagos SIN RESOLVER por desbalance de cantidades: 0
[16:58:19] ⏱ PASO 1 (llenar actas): 3.6s
[16:58:19] ================================================================================
[16:58:19] PASO 2: FILTRANDO PAGOS CON ACTA_NUMERO COMPLETO
[16:58:19] ================================================================================
[16:58:19] 📊 ESTADÍSTICAS DE FILTRADO:
[16:58:19]   • Pagos TOTALES al inicio: 20004
[16:58:19]   • Pagos CON acta (MANTIENEN): 4862
[16:58:19]   • Pagos RECHAZADOS (sin coincidencias): 15142
[16:58:19] ⚠️  Se eliminaron 15142 registros sin número de acta
[16:58:19]      (recordá: esto incluye tanto pagos ya actualizados/pagados
[16:58:19]       como pagos que quedaron sin resolver por desbalance en el Paso 1)
[16:58:19] ================================================================================
[16:58:19] PASO 2-bis: CONFIRMANDO VIGENCIA DE PAGOS (sistema NUEVO contra MULTAS_SIGI_CRUCE, sistema VIEJO contra SIGEMI)
[16:58:19] ================================================================================
[16:58:20]   ⚠ 4850 pago(s) descartados: su acta ya no figura como vencida en MULTAS_SIGI_CRUCE (SEMyT ya los actualizó).
[16:58:20]   ⚠ 10 pago(s) descartados: su acta ya no figura como vencida en el Excel de SIGEMI (SEMyT ya los actualizó).
[16:58:20]   • Pagos descartados en total por ya estar actualizados/pagados: 4860
[16:58:20] ⏱ PASO 2 (filtrar): 0.4s
[16:58:20] 📂 Cargando maestro de causas SIGEMI...
[16:58:20]   ✓ Causas totales (maestro): 134069 registros
[16:58:20] ⏱ PASO 2.5 (causas simplificado): 0.0s
[16:58:20] ================================================================================
[16:58:20] PASO 2.5: ARMANDO causas.txt SIMPLIFICADO (cruce contra total_causas_sigemi.txt)
[16:58:20] ================================================================================
[16:58:20]   • Actas vencidas viejas (multas): 101999
[16:58:20]   • Causas totales en el maestro SIGEMI: 134069
[16:58:20]   • Causas que coinciden (simplificado): 101680
[16:58:20]   ✅ Archivo escrito: backend/descargas/causas/causas.txt
[16:58:20] ⏱ PASO 2.5 (causas simplificado): 0.4s
[16:58:20] ================================================================================
[16:58:20] PASO 3: LLENANDO CAUSA_NUMERO (según fecha de cambio de sistema, cruzando por acta + año)
[16:58:20] ================================================================================
[16:58:20] 📊 ESTADÍSTICAS DE LLENADO DE CAUSAS:
[16:58:20]   • Pagos con causa ORIGINAL: 2
[16:58:20]   • Causas encontradas en SIGEMI (actas viejas): 0
[16:58:20]   • Causas NO encontradas en SIGEMI: 0
[16:58:20]   • Causas asignadas automáticamente (actas nuevas): 0
[16:58:20] ⏱ PASO 3 (llenar causas): 0.0s
[16:58:20] ================================================================================
[16:58:20] PASO 4: ORDENANDO POR FECHA Y ACTA_NUMERO
[16:58:20] ================================================================================
[16:58:20] ✓ Pagos ordenados correctamente
[16:58:20]   • Primera entrada: Acta=273439, Fecha=02/03/2026
[16:58:20]   • Última entrada: Acta=282918, Fecha=19/03/2026
[16:58:20] 📝 Escribiendo archivo de salida...
[16:58:20]   ✅ Archivo escrito: backend/descargas/pagos/2026-08-03/PAGOS 20260803 165811.txt
[16:58:20]   ✅ Total registros: 372
[16:58:20] ⏱ PASO 4 (ordenar y escribir): 0.0s
[16:58:20] ================================================================================
[16:58:20] ✅ PROCESO COMPLETADO EXITOSAMENTE
[16:58:20] ================================================================================
[16:58:20] 📊 RESUMEN FINAL DEL PROCESAMIENTO:
[16:58:20]   ENTRADA:
[16:58:20]     • Pagos originales: 20004
[16:58:20]     • Multas SIGEMI cargadas: 101999
[16:58:20]     • Multas SIGI cargadas: 40730
[16:58:20]     • Causas simplificadas (usadas para el cruce): 101680
[16:58:20]   PROCESO:
[16:58:20]     • Pagos rechazados sigemi: 15142
[16:58:20]     • Pagos rechazados sigi: 4860
[16:58:20]   SALIDA:
[16:58:20]     • Pagos desactualizados procesados: 2
[16:58:20]     • Archivo final: backend/descargas/pagos/2026-08-03/PAGOS 20260803 165811.txt
[16:58:20]     • Ordenados por fecha: SÍ ✓
[16:58:20]     • Todos con ACTA_NUMERO: SÍ ✓
[16:58:20]     • Todos con CAUSA_NUMERO: SÍ ✓
[16:58:20] ✅ TXT de pagos (ya cruzado con actas y causas) generado en: backend/descargas/pagos/2026-08-03/PAGOS 20260803 165811.txt
[16:58:20] 🧹 TXT de pagos crudo eliminado (ya usado en el cruce): backend/descargas/pagos/2026-08-03/PAGOS DESCARGADOS.txt
[16:58:20] 🧹 Excel MULTAS_SIGEMI_CRUCE eliminado (ya usado en el cruce): backend/descargas/cache_actas_cruce/MULTAS_SIGEMI_CRUCE.xlsx
[16:58:20] 🧹 Excel MULTAS_SIGI_CRUCE eliminado (ya usado en el cruce): backend/descargas/cache_actas_cruce/MULTAS_SIGI_CRUCE.xlsx
[16:58:20] ✅ CompararActasPaso finalizado. (⏱ 8.8s)
[16:58:20] ✓ [CompararActasPaso] Completado.
[16:58:20] ▶ [CargarPagosPaso] Iniciando...
[16:58:20] ==================================================
[16:58:20] 🚀 PASO: CargarPagosPaso
[16:58:20] ==================================================
[16:58:20] 📤 Subiendo TXT de pagos al SEMyT...
[16:58:22] ✅ Importación de pagos completada con éxito.
[16:58:22] ✅ Archivo TXT de pagos cargado en el SEMyT correctamente.
[16:58:22] ✅ CargarPagosPaso finalizado. (⏱ 2.0s)
[16:58:22] ✓ [CargarPagosPaso] Completado.
[16:58:22] === Ejecución finalizada con éxito ===
