[14:24:18] === Inicio de ejecución: pagos ===
[14:24:19] ▶ [LoginSEMyTPaso] Iniciando...
[14:24:19] ==================================================
[14:24:19] 🚀 PASO: LoginSEMyTPaso
[14:24:19] ==================================================
[14:24:19] Abriendo SEMyT...
[14:24:21] ✅ [SEMyT] Sesión existente detectada. Login omitido.
[14:24:21] ✅ LoginSEMyTPaso finalizado. (⏱ 2.7s)
[14:24:21] ✓ [LoginSEMyTPaso] Completado.
[14:24:21] ▶ [LoginSIGIPaso] Iniciando...
[14:24:21] ==================================================
[14:24:21] 🚀 PASO: LoginSIGIPaso
[14:24:21] ==================================================
[14:24:21] Abriendo sitio municipalidad (CiDi)...
[14:24:22] ✅ [SIGI] Sesión existente detectada. Login omitido.
[14:24:22] ✅ LoginSIGIPaso finalizado. (⏱ 0.5s)
[14:24:22] ✓ [LoginSIGIPaso] Completado.
[14:24:22] ▶ [DescargasParalelasPaso] Iniciando...
[14:24:22] ==================================================
[14:24:22] 🚀 PASO: DescargasParalelasPaso
[14:24:22] ==================================================
[14:24:22] 📤 Arrancando las 3 descargas en paralelo (mismo browser, páginas separadas)...
[14:24:22] Fecha Desde: 27/06/2024
[14:24:22] Fecha Hasta: 24/11/2025
[14:24:22] Fecha Desde: 25/11/2025
[14:24:22] Fecha Hasta: 03/08/2026
[14:24:22] Descargando Excel...
[14:24:22] Descargando Excel...
[14:24:32] Archivo descargado en: backend/descargas/cache_actas_cruce/MULTAS_SIGI_CRUCE.xlsx
[14:24:33] ⏱ [actas_sigi] completado en 10.9s
[14:24:41] Archivo descargado en: backend/descargas/cache_actas_cruce/MULTAS_SIGEMI_CRUCE.xlsx
[14:24:44] ⏱ [actas_sigemi] completado en 22.3s
[14:24:47] ✅ TXT de pagos descargado en: backend/descargas/pagos/2026-08-03/PAGOS DESCARGADOS.txt
[14:24:47] ⏱ [pagos_txt] completado en 25.2s
[14:24:47] ⏱ TOTAL descargas en paralelo: 25.3s
[14:24:47] ✅ DescargasParalelasPaso finalizado. (⏱ 25.5s)
[14:24:47] ✓ [DescargasParalelasPaso] Completado.
[14:24:47] ▶ [CompararActasPaso] Iniciando...
[14:24:47] ==================================================
[14:24:47] 🚀 PASO: CompararActasPaso
[14:24:47] ==================================================
[14:24:47] 🔍 Comparando actas del SEMyT contra pagos del SIGI...
[14:24:47] ================================================================================
[14:24:47] INICIANDO PROCESO DE GENERACIÓN DE PAGOS DESACTUALIZADOS
[14:24:47] ================================================================================
[14:24:47] 📂 Cargando archivos...
[14:24:47]   ✓ Pagos: 19934 registros
[14:24:51]   ✓ Excel SIGEMI (multas vencidas viejas): 102009 registros
[14:24:52]   ✓ Excel SIGI (multas vencidas nuevas): 40789 registros
[14:24:52] ================================================================================
[14:24:52] PASO 1: LLENANDO ACTA_NUMERO (búsqueda por patente + fecha, con desempate por hora)
[14:24:52] ================================================================================
[14:24:54] 📊 ESTADÍSTICAS DE LLENADO DE ACTAS:
[14:24:54]   • Pagos con acta ORIGINAL: 4802
[14:24:54]   • Pagos SIN acta (buscados): 15132
[14:24:54]   • Pagos LLENADOS exitosamente: 0
[14:24:54]   • Pagos NO encontrados en multas: 15132
[14:24:54]   • Pagos SIN RESOLVER por desbalance de cantidades: 0
[14:24:54] ================================================================================
[14:24:54] PASO 1: LLENANDO ACTA_NUMERO (búsqueda por patente + fecha, con desempate por hora)
[14:24:54] ================================================================================
[14:24:55] 📊 ESTADÍSTICAS DE LLENADO DE ACTAS:
[14:24:55]   • Pagos con acta ORIGINAL: 4802
[14:24:55]   • Pagos SIN acta (buscados): 15132
[14:24:55]   • Pagos LLENADOS exitosamente: 0
[14:24:55]   • Pagos NO encontrados en multas: 15132
[14:24:55]   • Pagos SIN RESOLVER por desbalance de cantidades: 0
[14:24:55] ⏱ PASO 1 (llenar actas): 3.6s
[14:24:55] ================================================================================
[14:24:55] PASO 2: FILTRANDO PAGOS CON ACTA_NUMERO COMPLETO
[14:24:55] ================================================================================
[14:24:55] 📊 ESTADÍSTICAS DE FILTRADO:
[14:24:55]   • Pagos TOTALES al inicio: 19934
[14:24:55]   • Pagos CON acta (MANTIENEN): 4802
[14:24:55]   • Pagos RECHAZADOS (sin coincidencias): 15132
[14:24:55] ⚠️  Se eliminaron 15132 registros sin número de acta
[14:24:55]      (recordá: esto incluye tanto pagos ya actualizados/pagados
[14:24:55]       como pagos que quedaron sin resolver por desbalance en el Paso 1)
[14:24:55] ================================================================================
[14:24:55] PASO 2-bis: CONFIRMANDO VIGENCIA DE PAGOS (sistema NUEVO contra MULTAS_SIGI_CRUCE, sistema VIEJO contra SIGEMI)
[14:24:55] ================================================================================
[14:24:56]   ⚠ 4791 pago(s) descartados: su acta ya no figura como vencida en MULTAS_SIGI_CRUCE (SEMyT ya los actualizó).
[14:24:56]   ⚠ 10 pago(s) descartados: su acta ya no figura como vencida en el Excel de SIGEMI (SEMyT ya los actualizó).
[14:24:56]   • Pagos descartados en total por ya estar actualizados/pagados: 4801
[14:24:56] ⏱ PASO 2 (filtrar): 0.4s
[14:24:56] 📂 Cargando maestro de causas SIGEMI...
[14:24:56]   ✓ Causas totales (maestro): 134069 registros
[14:24:56] ⏱ PASO 2.5 (causas simplificado): 0.0s
[14:24:56] ================================================================================
[14:24:56] PASO 2.5: ARMANDO causas.txt SIMPLIFICADO (cruce contra total_causas_sigemi.txt)
[14:24:56] ================================================================================
[14:24:56]   • Actas vencidas viejas (multas): 102009
[14:24:56]   • Causas totales en el maestro SIGEMI: 134069
[14:24:56]   • Causas que coinciden (simplificado): 101690
[14:24:56]   ✅ Archivo escrito: backend/descargas/causas/causas.txt
[14:24:56] ⏱ PASO 2.5 (causas simplificado): 0.4s
[14:24:56] ================================================================================
[14:24:56] PASO 3: LLENANDO CAUSA_NUMERO (según fecha de cambio de sistema, cruzando por acta + año)
[14:24:56] ================================================================================
[14:24:56] 📊 ESTADÍSTICAS DE LLENADO DE CAUSAS:
[14:24:56]   • Pagos con causa ORIGINAL: 1
[14:24:56]   • Causas encontradas en SIGEMI (actas viejas): 0
[14:24:56]   • Causas NO encontradas en SIGEMI: 0
[14:24:56]   • Causas asignadas automáticamente (actas nuevas): 0
[14:24:56] ⏱ PASO 3 (llenar causas): 0.0s
[14:24:56] ================================================================================
[14:24:56] PASO 4: ORDENANDO POR FECHA Y ACTA_NUMERO
[14:24:56] ================================================================================
[14:24:56] ✓ Pagos ordenados correctamente
[14:24:56]   • Primera entrada: Acta=310653, Fecha=11/05/2026
[14:24:56]   • Última entrada: Acta=310653, Fecha=11/05/2026
[14:24:56] 📝 Escribiendo archivo de salida...
[14:24:56]   ✅ Archivo escrito: backend/descargas/pagos/2026-08-03/PAGOS 20260803 142447.txt
[14:24:56]   ✅ Total registros: 254
[14:24:56] ⏱ PASO 4 (ordenar y escribir): 0.0s
[14:24:56] ================================================================================
[14:24:56] ✅ PROCESO COMPLETADO EXITOSAMENTE
[14:24:56] ================================================================================
[14:24:56] 📊 RESUMEN FINAL DEL PROCESAMIENTO:
[14:24:56]   ENTRADA:
[14:24:56]     • Pagos originales: 19934
[14:24:56]     • Multas SIGEMI cargadas: 102009
[14:24:56]     • Multas SIGI cargadas: 40789
[14:24:56]     • Causas simplificadas (usadas para el cruce): 101690
[14:24:56]   PROCESO:
[14:24:56]     • Pagos rechazados sigemi: 15132
[14:24:56]     • Pagos rechazados sigi: 4801
[14:24:56]   SALIDA:
[14:24:56]     • Pagos desactualizados procesados: 1
[14:24:56]     • Archivo final: backend/descargas/pagos/2026-08-03/PAGOS 20260803 142447.txt
[14:24:56]     • Ordenados por fecha: SÍ ✓
[14:24:56]     • Todos con ACTA_NUMERO: SÍ ✓
[14:24:56]     • Todos con CAUSA_NUMERO: SÍ ✓
[14:24:56] ✅ TXT de pagos (ya cruzado con actas y causas) generado en: backend/descargas/pagos/2026-08-03/PAGOS 20260803 142447.txt
[14:24:56] 🧹 TXT de pagos crudo eliminado (ya usado en el cruce): backend/descargas/pagos/2026-08-03/PAGOS DESCARGADOS.txt
[14:24:56] 🧹 Excel MULTAS_SIGEMI_CRUCE eliminado (ya usado en el cruce): backend/descargas/cache_actas_cruce/MULTAS_SIGEMI_CRUCE.xlsx
[14:24:56] 🧹 Excel MULTAS_SIGI_CRUCE eliminado (ya usado en el cruce): backend/descargas/cache_actas_cruce/MULTAS_SIGI_CRUCE.xlsx
[14:24:56] ✅ CompararActasPaso finalizado. (⏱ 9.0s)
[14:24:56] ✓ [CompararActasPaso] Completado.
[14:24:56] ▶ [CargarPagosPaso] Iniciando...
[14:24:56] ==================================================
[14:24:56] 🚀 PASO: CargarPagosPaso
[14:24:56] ==================================================
[14:24:56] 📤 Subiendo TXT de pagos al SEMyT...
[14:24:58] ✅ Importación de pagos completada con éxito.
[14:24:58] ✅ Archivo TXT de pagos cargado en el SEMyT correctamente.
[14:24:58] ✅ CargarPagosPaso finalizado. (⏱ 2.0s)
[14:24:58] ✓ [CargarPagosPaso] Completado.
[14:24:58] === Ejecución finalizada con éxito ===
