[21:24:14] === Inicio de ejecución: pagos ===
[21:24:14] ▶ [LoginSEMyTPaso] Iniciando...
[21:24:14] ==================================================
[21:24:14] 🚀 PASO: LoginSEMyTPaso
[21:24:14] ==================================================
[21:24:15] Abriendo SEMyT...
[21:24:17] ✅ [SEMyT] Sesión existente detectada. Login omitido.
[21:24:17] ✅ LoginSEMyTPaso finalizado. (⏱ 2.5s)
[21:24:17] ✓ [LoginSEMyTPaso] Completado.
[21:24:17] ▶ [LoginSIGIPaso] Iniciando...
[21:24:17] ==================================================
[21:24:17] 🚀 PASO: LoginSIGIPaso
[21:24:17] ==================================================
[21:24:17] Abriendo sitio municipalidad (CiDi)...
[21:24:17] ✅ [SIGI] Sesión existente detectada. Login omitido.
[21:24:18] ✅ LoginSIGIPaso finalizado. (⏱ 0.6s)
[21:24:18] ✓ [LoginSIGIPaso] Completado.
[21:24:18] ▶ [DescargasParalelasPaso] Iniciando...
[21:24:18] ==================================================
[21:24:18] 🚀 PASO: DescargasParalelasPaso
[21:24:18] ==================================================
[21:24:18] 📤 Arrancando las 3 descargas en paralelo (mismo browser, páginas separadas)...
[21:24:18] Fecha Desde: 27/06/2024
[21:24:18] Fecha Hasta: 24/11/2025
[21:24:18] Fecha Desde: 25/11/2025
[21:24:18] Fecha Hasta: 03/08/2026
[21:24:18] Descargando Excel...
[21:24:18] Descargando Excel...
[21:24:27] Archivo descargado en: backend/descargas/cache_actas_cruce/MULTAS_SIGI_CRUCE.xlsx
[21:24:29] ⏱ [actas_sigi] completado en 11.1s
[21:24:36] Archivo descargado en: backend/descargas/cache_actas_cruce/MULTAS_SIGEMI_CRUCE.xlsx
[21:24:40] ⏱ [actas_sigemi] completado en 22.0s
[21:24:51] ✅ TXT de pagos descargado en: backend/descargas/pagos/2026-08-03/PAGOS DESCARGADOS.txt
[21:24:51] ⏱ [pagos_txt] completado en 33.2s
[21:24:51] ⏱ TOTAL descargas en paralelo: 33.2s
[21:24:51] ✅ DescargasParalelasPaso finalizado. (⏱ 33.5s)
[21:24:51] ✓ [DescargasParalelasPaso] Completado.
[21:24:51] ▶ [CompararActasPaso] Iniciando...
[21:24:51] ==================================================
[21:24:51] 🚀 PASO: CompararActasPaso
[21:24:51] ==================================================
[21:24:51] 🔍 Comparando actas del SEMyT contra pagos del SIGI...
[21:24:51] ================================================================================
[21:24:51] INICIANDO PROCESO DE GENERACIÓN DE PAGOS DESACTUALIZADOS
[21:24:51] ================================================================================
[21:24:51] 📂 Cargando archivos...
[21:24:51]   ✓ Pagos: 20018 registros
[21:24:54]   ✓ Excel SIGEMI (multas vencidas viejas): 101997 registros
[21:24:56]   ✓ Excel SIGI (multas vencidas nuevas): 40708 registros
[21:24:56] ================================================================================
[21:24:56] PASO 1: LLENANDO ACTA_NUMERO (búsqueda por patente + fecha, con desempate por hora)
[21:24:56] ================================================================================
[21:24:58] 📊 ESTADÍSTICAS DE LLENADO DE ACTAS:
[21:24:58]   • Pagos con acta ORIGINAL: 4874
[21:24:58]   • Pagos SIN acta (buscados): 15144
[21:24:58]   • Pagos LLENADOS exitosamente: 0
[21:24:58]   • Pagos NO encontrados en multas: 15144
[21:24:58]   • Pagos SIN RESOLVER por desbalance de cantidades: 0
[21:24:58] ================================================================================
[21:24:58] PASO 1: LLENANDO ACTA_NUMERO (búsqueda por patente + fecha, con desempate por hora)
[21:24:58] ================================================================================
[21:24:59] 📊 ESTADÍSTICAS DE LLENADO DE ACTAS:
[21:24:59]   • Pagos con acta ORIGINAL: 4874
[21:24:59]   • Pagos SIN acta (buscados): 15144
[21:24:59]   • Pagos LLENADOS exitosamente: 0
[21:24:59]   • Pagos NO encontrados en multas: 15144
[21:24:59]   • Pagos SIN RESOLVER por desbalance de cantidades: 0
[21:24:59] ⏱ PASO 1 (llenar actas): 3.7s
[21:24:59] ================================================================================
[21:24:59] PASO 2: FILTRANDO PAGOS CON ACTA_NUMERO COMPLETO
[21:24:59] ================================================================================
[21:24:59] 📊 ESTADÍSTICAS DE FILTRADO:
[21:24:59]   • Pagos TOTALES al inicio: 20018
[21:24:59]   • Pagos CON acta (MANTIENEN): 4874
[21:24:59]   • Pagos RECHAZADOS (sin coincidencias): 15144
[21:24:59] ⚠️  Se eliminaron 15144 registros sin número de acta
[21:24:59]      (recordá: esto incluye tanto pagos ya actualizados/pagados
[21:24:59]       como pagos que quedaron sin resolver por desbalance en el Paso 1)
[21:24:59] ================================================================================
[21:24:59] PASO 2-bis: CONFIRMANDO VIGENCIA DE PAGOS (sistema NUEVO contra MULTAS_SIGI_CRUCE, sistema VIEJO contra SIGEMI)
[21:24:59] ================================================================================
[21:25:00]   ⚠ 4862 pago(s) descartados: su acta ya no figura como vencida en MULTAS_SIGI_CRUCE (SEMyT ya los actualizó).
[21:25:00]   ⚠ 10 pago(s) descartados: su acta ya no figura como vencida en el Excel de SIGEMI (SEMyT ya los actualizó).
[21:25:00]   • Pagos descartados en total por ya estar actualizados/pagados: 4872
[21:25:00] ⏱ PASO 2 (filtrar): 0.4s
[21:25:00] 📂 Cargando maestro de causas SIGEMI...
[21:25:00]   ✓ Causas totales (maestro): 134069 registros
[21:25:00] ⏱ PASO 2.5 (causas simplificado): 0.0s
[21:25:00] ================================================================================
[21:25:00] PASO 2.5: ARMANDO causas.txt SIMPLIFICADO (cruce contra total_causas_sigemi.txt)
[21:25:00] ================================================================================
[21:25:00]   • Actas vencidas viejas (multas): 101997
[21:25:00]   • Causas totales en el maestro SIGEMI: 134069
[21:25:00]   • Causas que coinciden (simplificado): 101678
[21:25:00]   ✅ Archivo escrito: backend/descargas/causas/causas.txt
[21:25:00] ⏱ PASO 2.5 (causas simplificado): 0.4s
[21:25:00] ================================================================================
[21:25:00] PASO 3: LLENANDO CAUSA_NUMERO (según fecha de cambio de sistema, cruzando por acta + año)
[21:25:00] ================================================================================
[21:25:00] 📊 ESTADÍSTICAS DE LLENADO DE CAUSAS:
[21:25:00]   • Pagos con causa ORIGINAL: 2
[21:25:00]   • Causas encontradas en SIGEMI (actas viejas): 0
[21:25:00]   • Causas NO encontradas en SIGEMI: 0
[21:25:00]   • Causas asignadas automáticamente (actas nuevas): 0
[21:25:00] ⏱ PASO 3 (llenar causas): 0.0s
[21:25:00] ================================================================================
[21:25:00] PASO 4: ORDENANDO POR FECHA Y ACTA_NUMERO
[21:25:00] ================================================================================
[21:25:00] ✓ Pagos ordenados correctamente
[21:25:00]   • Primera entrada: Acta=262261, Fecha=04/02/2026
[21:25:00]   • Última entrada: Acta=297279, Fecha=17/04/2026
[21:25:00] 📝 Escribiendo archivo de salida...
[21:25:00]   ✅ Archivo escrito: backend/descargas/pagos/2026-08-03/PAGOS 20260803 212451.txt
[21:25:00]   ✅ Total registros: 374
[21:25:00] ⏱ PASO 4 (ordenar y escribir): 0.0s
[21:25:00] ================================================================================
[21:25:00] ✅ PROCESO COMPLETADO EXITOSAMENTE
[21:25:00] ================================================================================
[21:25:00] 📊 RESUMEN FINAL DEL PROCESAMIENTO:
[21:25:00]   ENTRADA:
[21:25:00]     • Pagos originales: 20018
[21:25:00]     • Multas SIGEMI cargadas: 101997
[21:25:00]     • Multas SIGI cargadas: 40708
[21:25:00]     • Causas simplificadas (usadas para el cruce): 101678
[21:25:00]   PROCESO:
[21:25:00]     • Pagos rechazados sigemi: 15144
[21:25:00]     • Pagos rechazados sigi: 4872
[21:25:00]   SALIDA:
[21:25:00]     • Pagos desactualizados procesados: 2
[21:25:00]     • Archivo final: backend/descargas/pagos/2026-08-03/PAGOS 20260803 212451.txt
[21:25:00]     • Ordenados por fecha: SÍ ✓
[21:25:00]     • Todos con ACTA_NUMERO: SÍ ✓
[21:25:00]     • Todos con CAUSA_NUMERO: SÍ ✓
[21:25:00] ✅ TXT de pagos (ya cruzado con actas y causas) generado en: backend/descargas/pagos/2026-08-03/PAGOS 20260803 212451.txt
[21:25:00] 🧹 TXT de pagos crudo eliminado (ya usado en el cruce): backend/descargas/pagos/2026-08-03/PAGOS DESCARGADOS.txt
[21:25:00] 🧹 Excel MULTAS_SIGEMI_CRUCE eliminado (ya usado en el cruce): backend/descargas/cache_actas_cruce/MULTAS_SIGEMI_CRUCE.xlsx
[21:25:00] 🧹 Excel MULTAS_SIGI_CRUCE eliminado (ya usado en el cruce): backend/descargas/cache_actas_cruce/MULTAS_SIGI_CRUCE.xlsx
[21:25:00] ✅ CompararActasPaso finalizado. (⏱ 9.3s)
[21:25:00] ✓ [CompararActasPaso] Completado.
[21:25:00] ▶ [CargarPagosPaso] Iniciando...
[21:25:00] ==================================================
[21:25:00] 🚀 PASO: CargarPagosPaso
[21:25:00] ==================================================
[21:25:00] 📤 Subiendo TXT de pagos al SEMyT...
[21:25:02] ✅ Importación de pagos completada con éxito.
[21:25:02] ✅ Archivo TXT de pagos cargado en el SEMyT correctamente.
[21:25:02] ✅ CargarPagosPaso finalizado. (⏱ 2.2s)
[21:25:02] ✓ [CargarPagosPaso] Completado.
[21:25:02] === Ejecución finalizada con éxito ===
