🔐 [Automático] Limpieza diaria de sesiones (00:00): se fuerza login nuevo en la próxima corrida.
🧹 Sesión guardada eliminada (limpieza diaria 00:00): datos/sesiones/sesion_general.json
🧹 Sesión guardada eliminada (limpieza diaria 00:00): datos/sesiones/sesion_semyt.json
🧹 Sesión guardada eliminada (limpieza diaria 00:00): datos/sesiones/sesion_sigi.json
🤖 [Automático] Es hora de actualizar pagos (reintento 2 de 3). Arrancando...
❌ 'Actualizar pagos' terminó sin avisar (proceso caído).
❌ [Automático] 'pagos' falló (intento 3 de 4). Se reintenta a las 00:31.
🤖 [Automático] Es hora de actualizar pagos (reintento 3 de 3). Arrancando...
❌ 'Actualizar pagos' terminó sin avisar (proceso caído).
❌ [Automático] 'pagos' falló 4 veces seguidas (actualizar pagos). Se dejan de reintentar por ahora; revisá el log de esa ejecución para ver el detalle del error. Se retoma en el horario normal.
🤖 [Automático] Es hora de actualizar pagos. Arrancando...
❌ 'Actualizar pagos' terminó sin avisar (proceso caído).
❌ [Automático] 'pagos' falló (intento 1 de 4). Se reintenta a las 00:39.
🤖 [Automático] Es hora de actualizar pagos (reintento 1 de 3). Arrancando...
❌ 'Actualizar pagos' terminó sin avisar (proceso caído).
❌ [Automático] 'pagos' falló (intento 2 de 4). Se reintenta a las 00:54.
🤖 [Automático] Es hora de actualizar pagos (reintento 2 de 3). Arrancando...
❌ 'Actualizar pagos' terminó sin avisar (proceso caído).
❌ [Automático] 'pagos' falló (intento 3 de 4). Se reintenta a las 01:24.
🤖 [Automático] Es hora de actualizar pagos (reintento 3 de 3). Arrancando...
❌ 'Actualizar pagos' terminó sin avisar (proceso caído).
❌ [Automático] 'pagos' falló 4 veces seguidas (actualizar pagos). Se dejan de reintentar por ahora; revisá el log de esa ejecución para ver el detalle del error. Se retoma en el horario normal.
🤖 [Automático] Es hora de actualizar pagos. Arrancando...
❌ 'Actualizar pagos' terminó sin avisar (proceso caído).
❌ [Automático] 'pagos' falló (intento 1 de 4). Se reintenta a las 01:32.
🤖 [Automático] Es hora de actualizar pagos (reintento 1 de 3). Arrancando...
❌ 'Actualizar pagos' terminó sin avisar (proceso caído).
❌ [Automático] 'pagos' falló (intento 2 de 4). Se reintenta a las 01:47.
🤖 [Automático] Es hora de actualizar pagos (reintento 2 de 3). Arrancando...
❌ 'Actualizar pagos' terminó sin avisar (proceso caído).
❌ [Automático] 'pagos' falló (intento 3 de 4). Se reintenta a las 02:17.
🤖 [Automático] Es hora de actualizar pagos (reintento 3 de 3). Arrancando...
❌ 'Actualizar pagos' terminó sin avisar (proceso caído).
❌ [Automático] 'pagos' falló 4 veces seguidas (actualizar pagos). Se dejan de reintentar por ahora; revisá el log de esa ejecución para ver el detalle del error. Se retoma en el horario normal.
🤖 [Automático] Es hora de actualizar pagos. Arrancando...
❌ 'Actualizar pagos' terminó sin avisar (proceso caído).
❌ [Automático] 'pagos' falló (intento 1 de 4). Se reintenta a las 02:25.
🤖 [Automático] Es hora de actualizar pagos (reintento 1 de 3). Arrancando...
❌ 'Actualizar pagos' terminó sin avisar (proceso caído).
❌ [Automático] 'pagos' falló (intento 2 de 4). Se reintenta a las 02:40.
🤖 [Automático] Es hora de actualizar pagos (reintento 2 de 3). Arrancando...
❌ 'Actualizar pagos' terminó sin avisar (proceso caído).
❌ [Automático] 'pagos' falló (intento 3 de 4). Se reintenta a las 03:10.
🤖 [Automático] Es hora de actualizar pagos (reintento 3 de 3). Arrancando...
❌ 'Actualizar pagos' terminó sin avisar (proceso caído).
❌ [Automático] 'pagos' falló 4 veces seguidas (actualizar pagos). Se dejan de reintentar por ahora; revisá el log de esa ejecución para ver el detalle del error. Se retoma en el horario normal.
🤖 [Automático] Es hora de actualizar pagos. Arrancando...
❌ 'Actualizar pagos' terminó sin avisar (proceso caído).
❌ [Automático] 'pagos' falló (intento 1 de 4). Se reintenta a las 03:18.
🤖 [Automático] Es hora de actualizar pagos (reintento 1 de 3). Arrancando...
❌ 'Actualizar pagos' terminó sin avisar (proceso caído).
❌ [Automático] 'pagos' falló (intento 2 de 4). Se reintenta a las 03:33.
🤖 [Automático] Es hora de actualizar pagos (reintento 2 de 3). Arrancando...
❌ 'Actualizar pagos' terminó sin avisar (proceso caído).
❌ [Automático] 'pagos' falló (intento 3 de 4). Se reintenta a las 04:03.
🤖 [Automático] Es hora de actualizar pagos (reintento 3 de 3). Arrancando...
❌ 'Actualizar pagos' terminó sin avisar (proceso caído).
❌ [Automático] 'pagos' falló 4 veces seguidas (actualizar pagos). Se dejan de reintentar por ahora; revisá el log de esa ejecución para ver el detalle del error. Se retoma en el horario normal.
🤖 [Automático] Es hora de actualizar pagos. Arrancando...
❌ 'Actualizar pagos' terminó sin avisar (proceso caído).
❌ [Automático] 'pagos' falló (intento 1 de 4). Se reintenta a las 04:11.
🤖 [Automático] Es hora de actualizar pagos (reintento 1 de 3). Arrancando...
❌ 'Actualizar pagos' terminó sin avisar (proceso caído).
❌ [Automático] 'pagos' falló (intento 2 de 4). Se reintenta a las 04:26.
🤖 [Automático] Es hora de actualizar pagos (reintento 2 de 3). Arrancando...
❌ 'Actualizar pagos' terminó sin avisar (proceso caído).
❌ [Automático] 'pagos' falló (intento 3 de 4). Se reintenta a las 04:56.
🤖 [Automático] Es hora de actualizar pagos (reintento 3 de 3). Arrancando...
❌ 'Actualizar pagos' terminó sin avisar (proceso caído).
❌ [Automático] 'pagos' falló 4 veces seguidas (actualizar pagos). Se dejan de reintentar por ahora; revisá el log de esa ejecución para ver el detalle del error. Se retoma en el horario normal.
🤖 [Automático] Es hora de actualizar pagos. Arrancando...
❌ 'Actualizar pagos' terminó sin avisar (proceso caído).
❌ [Automático] 'pagos' falló (intento 1 de 4). Se reintenta a las 05:04.
🤖 [Automático] Es hora de actualizar pagos (reintento 1 de 3). Arrancando...
❌ 'Actualizar pagos' terminó sin avisar (proceso caído).
❌ [Automático] 'pagos' falló (intento 2 de 4). Se reintenta a las 05:19.
🤖 [Automático] Es hora de actualizar pagos (reintento 2 de 3). Arrancando...
❌ 'Actualizar pagos' terminó sin avisar (proceso caído).
❌ [Automático] 'pagos' falló (intento 3 de 4). Se reintenta a las 05:49.
🤖 [Automático] Es hora de actualizar pagos (reintento 3 de 3). Arrancando...
❌ 'Actualizar pagos' terminó sin avisar (proceso caído).
❌ [Automático] 'pagos' falló 4 veces seguidas (actualizar pagos). Se dejan de reintentar por ahora; revisá el log de esa ejecución para ver el detalle del error. Se retoma en el horario normal.
🤖 [Automático] Es hora de actualizar pagos. Arrancando...
❌ 'Actualizar pagos' terminó sin avisar (proceso caído).
❌ [Automático] 'pagos' falló (intento 1 de 4). Se reintenta a las 05:57.
🤖 [Automático] Es hora de actualizar pagos (reintento 1 de 3). Arrancando...
❌ 'Actualizar pagos' terminó sin avisar (proceso caído).
❌ [Automático] 'pagos' falló (intento 2 de 4). Se reintenta a las 06:12.
🤖 [Automático] Es hora de actualizar pagos (reintento 2 de 3). Arrancando...
❌ 'Actualizar pagos' terminó sin avisar (proceso caído).
❌ [Automático] 'pagos' falló (intento 3 de 4). Se reintenta a las 06:42.
🤖 [Automático] Es hora de actualizar pagos (reintento 3 de 3). Arrancando...
❌ 'Actualizar pagos' terminó sin avisar (proceso caído).
❌ [Automático] 'pagos' falló 4 veces seguidas (actualizar pagos). Se dejan de reintentar por ahora; revisá el log de esa ejecución para ver el detalle del error. Se retoma en el horario normal.
🤖 [Automático] Es hora de actualizar pagos. Arrancando...
❌ 'Actualizar pagos' terminó sin avisar (proceso caído).
❌ [Automático] 'pagos' falló (intento 1 de 4). Se reintenta a las 06:50.
🤖 [Automático] Es hora de actualizar pagos (reintento 1 de 3). Arrancando...
❌ 'Actualizar pagos' terminó sin avisar (proceso caído).
❌ [Automático] 'pagos' falló (intento 2 de 4). Se reintenta a las 07:05.
🤖 [Automático] Es hora de actualizar pagos (reintento 2 de 3). Arrancando...
❌ 'Actualizar pagos' terminó sin avisar (proceso caído).
❌ [Automático] 'pagos' falló (intento 3 de 4). Se reintenta a las 07:35.
🤖 [Automático] Es hora de actualizar pagos (reintento 3 de 3). Arrancando...
❌ 'Actualizar pagos' terminó sin avisar (proceso caído).
❌ [Automático] 'pagos' falló 4 veces seguidas (actualizar pagos). Se dejan de reintentar por ahora; revisá el log de esa ejecución para ver el detalle del error. Se retoma en el horario normal.
🤖 [Automático] Es hora de actualizar pagos. Arrancando...
❌ 'Actualizar pagos' terminó sin avisar (proceso caído).
❌ [Automático] 'pagos' falló (intento 1 de 4). Se reintenta a las 07:43.
🤖 [Automático] Es hora de actualizar pagos (reintento 1 de 3). Arrancando...
❌ 'Actualizar pagos' terminó sin avisar (proceso caído).
❌ [Automático] 'pagos' falló (intento 2 de 4). Se reintenta a las 07:58.
🤖 [Automático] Es hora de actualizar pagos (reintento 2 de 3). Arrancando...
❌ 'Actualizar pagos' terminó sin avisar (proceso caído).
❌ [Automático] 'pagos' falló (intento 3 de 4). Se reintenta a las 08:29.
🤖 [Automático] Es hora de actualizar pagos (reintento 3 de 3). Arrancando...
❌ 'Actualizar pagos' terminó sin avisar (proceso caído).
❌ [Automático] 'pagos' falló 4 veces seguidas (actualizar pagos). Se dejan de reintentar por ahora; revisá el log de esa ejecución para ver el detalle del error. Se retoma en el horario normal.
🤖 [Automático] Es hora de actualizar pagos. Arrancando...
❌ 'Actualizar pagos' terminó sin avisar (proceso caído).
❌ [Automático] 'pagos' falló (intento 1 de 4). Se reintenta a las 08:36.
🤖 [Automático] Es hora de actualizar pagos (reintento 1 de 3). Arrancando...
❌ 'Actualizar pagos' terminó sin avisar (proceso caído).
❌ [Automático] 'pagos' falló (intento 2 de 4). Se reintenta a las 08:51.
🤖 [Automático] Es hora de actualizar pagos (reintento 2 de 3). Arrancando...
❌ 'Actualizar pagos' terminó sin avisar (proceso caído).
❌ [Automático] 'pagos' falló (intento 3 de 4). Se reintenta a las 09:22.
🤖 [Automático] Es hora de actualizar pagos (reintento 3 de 3). Arrancando...
❌ 'Actualizar pagos' terminó sin avisar (proceso caído).
❌ [Automático] 'pagos' falló 4 veces seguidas (actualizar pagos). Se dejan de reintentar por ahora; revisá el log de esa ejecución para ver el detalle del error. Se retoma en el horario normal.
🤖 [Automático] Es hora de actualizar pagos. Arrancando...
❌ 'Actualizar pagos' terminó sin avisar (proceso caído).
❌ [Automático] 'pagos' falló (intento 1 de 4). Se reintenta a las 09:29.
🤖 [Automático] Es hora de actualizar pagos (reintento 1 de 3). Arrancando...
❌ 'Actualizar pagos' terminó sin avisar (proceso caído).
❌ [Automático] 'pagos' falló (intento 2 de 4). Se reintenta a las 09:44.
🤖 [Automático] Es hora de actualizar pagos (reintento 2 de 3). Arrancando...
❌ 'Actualizar pagos' terminó sin avisar (proceso caído).
❌ [Automático] 'pagos' falló (intento 3 de 4). Se reintenta a las 10:15.
🤖 [Automático] Es hora de actualizar pagos (reintento 3 de 3). Arrancando...
❌ 'Actualizar pagos' terminó sin avisar (proceso caído).
❌ [Automático] 'pagos' falló 4 veces seguidas (actualizar pagos). Se dejan de reintentar por ahora; revisá el log de esa ejecución para ver el detalle del error. Se retoma en el horario normal.
🤖 [Automático] Es hora de actualizar pagos. Arrancando...
❌ 'Actualizar pagos' terminó sin avisar (proceso caído).
❌ [Automático] 'pagos' falló (intento 1 de 4). Se reintenta a las 10:22.
🤖 [Automático] Es hora de actualizar pagos (reintento 1 de 3). Arrancando...
❌ 'Actualizar pagos' terminó sin avisar (proceso caído).
❌ [Automático] 'pagos' falló (intento 2 de 4). Se reintenta a las 10:37.
🤖 [Automático] Es hora de actualizar pagos (reintento 2 de 3). Arrancando...
❌ 'Actualizar pagos' terminó sin avisar (proceso caído).
❌ [Automático] 'pagos' falló (intento 3 de 4). Se reintenta a las 11:08.
🤖 [Automático] Es hora de actualizar pagos (reintento 3 de 3). Arrancando...
❌ 'Actualizar pagos' terminó sin avisar (proceso caído).
❌ [Automático] 'pagos' falló 4 veces seguidas (actualizar pagos). Se dejan de reintentar por ahora; revisá el log de esa ejecución para ver el detalle del error. Se retoma en el horario normal.
🤖 [Automático] Es hora de actualizar pagos. Arrancando...
❌ 'Actualizar pagos' terminó sin avisar (proceso caído).
❌ [Automático] 'pagos' falló (intento 1 de 4). Se reintenta a las 11:15.
🤖 [Automático] Es hora de actualizar pagos (reintento 1 de 3). Arrancando...
❌ 'Actualizar pagos' terminó sin avisar (proceso caído).
❌ [Automático] 'pagos' falló (intento 2 de 4). Se reintenta a las 11:30.
🤖 [Automático] Es hora de actualizar pagos (reintento 2 de 3). Arrancando...
❌ 'Actualizar pagos' terminó sin avisar (proceso caído).
❌ [Automático] 'pagos' falló (intento 3 de 4). Se reintenta a las 12:01.
🤖 [Automático] Es hora de actualizar pagos (reintento 3 de 3). Arrancando...
❌ 'Actualizar pagos' terminó sin avisar (proceso caído).
❌ [Automático] 'pagos' falló 4 veces seguidas (actualizar pagos). Se dejan de reintentar por ahora; revisá el log de esa ejecución para ver el detalle del error. Se retoma en el horario normal.

👋 Deteniendo servicio: cancelando procesos activos antes de salir...
🤖 Modo automático desactivado. (Si había una ejecución en curso disparada por el automático, no se cancela sola: cancelala desde su propia opción si querés detenerla.)
✅ Servicio detenido de forma prolija.
