[17:20:11] === Inicio de ejecución: pagos ===
[17:20:12] ==================================================
[17:20:12] 🚀 PASO: LoginSEMyTPaso
[17:20:12] ==================================================
[17:20:12] Abriendo SEMyT...
[17:20:14] ✅ [SEMyT] Sesión existente detectada. Login omitido.
[17:20:14] ✅ LoginSEMyTPaso finalizado. (⏱ 2.7s)
[17:20:14] ==================================================
[17:20:14] 🚀 PASO: LoginSIGIPaso
[17:20:14] ==================================================
[17:20:14] Abriendo sitio municipalidad (CiDi)...
[17:20:15] ✅ [SIGI] Sesión existente detectada. Login omitido.
[17:20:15] ✅ LoginSIGIPaso finalizado. (⏱ 0.5s)
[17:20:15] ==================================================
[17:20:15] 🚀 PASO: DescargasParalelasPaso
[17:20:15] ==================================================
[17:20:15] 📤 Arrancando las 3 descargas en paralelo (mismo browser, páginas separadas)...
[17:20:15] Fecha Desde: 27/06/2024
[17:20:15] Fecha Hasta: 24/11/2025
[17:20:15] Fecha Desde: 25/11/2025
[17:20:15] Fecha Hasta: 12/08/2026
[17:20:15] Descargando Excel...
[17:20:15] Descargando Excel...
[17:20:30] Archivo descargado en: datos/descargas/cache_actas_cruce/MULTAS_SIGI_CRUCE.xlsx
[17:20:31] ⏱ [actas_sigi] completado en 16.2s
[17:20:40] Archivo descargado en: datos/descargas/cache_actas_cruce/MULTAS_SIGEMI_CRUCE.xlsx
[17:20:44] ⏱ [actas_sigemi] completado en 28.5s
[17:20:52] ✅ TXT de pagos descargado en: datos/descargas/pagos/2026-08-12/ALL PAGOS DESCARGADOS.txt
[17:20:52] ⏱ [pagos_txt] completado en 37.1s
[17:20:52] ⏱ TOTAL descargas en paralelo: 37.1s
[17:20:52] ✅ DescargasParalelasPaso finalizado. (⏱ 37.4s)
[17:20:52] ==================================================
[17:20:52] 🚀 PASO: CompararActasPaso
[17:20:52] ==================================================
[17:20:52] 🔍 Comparando actas del SEMyT contra pagos del SIGI...
[17:20:52] ================================================================================
[17:20:52] INICIANDO PROCESO DE GENERACIÓN DE PAGOS DESACTUALIZADOS
[17:20:52] ================================================================================
[17:20:52] 📂 Cargando archivos...
[17:20:52]   ✓ Pagos: 21183 registros
[17:20:56]   ✓ Excel SIGEMI (multas vencidas viejas): 101178 registros
[17:20:57]   ✓ Excel SIGI (multas vencidas nuevas): 42709 registros
[17:20:58] ================================================================================
[17:20:58] PASO 1: LLENANDO ACTA_NUMERO (búsqueda por patente + fecha, con desempate por hora)
[17:20:58] ================================================================================
[17:21:00] 📊 ESTADÍSTICAS DE LLENADO DE ACTAS:
[17:21:00]   • Pagos con acta ORIGINAL: 5503
[17:21:00]   • Pagos SIN acta (buscados): 15680
[17:21:00]   • Pagos LLENADOS exitosamente: 0
[17:21:00]   • Pagos NO encontrados en multas: 15680
[17:21:00]   • Pagos SIN RESOLVER por desbalance de cantidades: 0
[17:21:00] ================================================================================
[17:21:00] PASO 1: LLENANDO ACTA_NUMERO (búsqueda por patente + fecha, con desempate por hora)
[17:21:00] ================================================================================
[17:21:02] 📊 ESTADÍSTICAS DE LLENADO DE ACTAS:
[17:21:02]   • Pagos con acta ORIGINAL: 5503
[17:21:02]   • Pagos SIN acta (buscados): 15680
[17:21:02]   • Pagos LLENADOS exitosamente: 0
[17:21:02]   • Pagos NO encontrados en multas: 15680
[17:21:02]   • Pagos SIN RESOLVER por desbalance de cantidades: 0
[17:21:02] ⏱ PASO 1 (llenar actas): 4.3s
[17:21:02] ================================================================================
[17:21:02] PASO 2: FILTRANDO PAGOS CON ACTA_NUMERO COMPLETO
[17:21:02] ================================================================================
[17:21:02] 📊 ESTADÍSTICAS DE FILTRADO:
[17:21:02]   • Pagos TOTALES al inicio: 21183
[17:21:02]   • Pagos CON acta (MANTIENEN): 5503
[17:21:02]   • Pagos RECHAZADOS (sin coincidencias): 15680
[17:21:02] ⚠️  Se eliminaron 15680 registros sin número de acta
[17:21:02]      (recordá: esto incluye tanto pagos ya actualizados/pagados
[17:21:02]       como pagos que quedaron sin resolver por desbalance en el Paso 1)
[17:21:02] ================================================================================
[17:21:02] PASO 2-bis: CONFIRMANDO VIGENCIA DE PAGOS (sistema NUEVO contra MULTAS_SIGI_CRUCE, sistema VIEJO contra SIGEMI)
[17:21:02] ================================================================================
[17:21:02]   ⚠ 5487 pago(s) descartados: su acta ya no figura como vencida en MULTAS_SIGI_CRUCE (SEMyT ya los actualizó).
[17:21:02]   ⚠ 15 pago(s) descartados: su acta ya no figura como vencida en el Excel de SIGEMI (SEMyT ya los actualizó).
[17:21:02]   • Pagos descartados en total por ya estar actualizados/pagados: 5502
[17:21:02] ⏱ PASO 2 (filtrar): 0.5s
[17:21:02] 📂 Cargando maestro de causas SIGEMI...
[17:21:02]   ✓ Causas totales (maestro): 134069 registros
[17:21:02] ================================================================================
[17:21:02] PASO 2.5: ARMANDO causas.txt SIMPLIFICADO (cruce contra total_causas_sigemi.txt)
[17:21:02] ================================================================================
[17:21:03]   • Actas vencidas viejas (multas): 101178
[17:21:03]   • Causas totales en el maestro SIGEMI: 134069
[17:21:03]   • Causas que coinciden (simplificado): 100866
[17:21:03]   ✅ Archivo escrito: datos/descargas/causas/causas.txt
[17:21:03] ⏱ PASO 2.5 (causas simplificado): 0.5s
[17:21:03] ================================================================================
[17:21:03] PASO 3: LLENANDO CAUSA_NUMERO (según fecha de cambio de sistema, cruzando por acta + año)
[17:21:03] ================================================================================
[17:21:03] 📊 ESTADÍSTICAS DE LLENADO DE CAUSAS:
[17:21:03]   • Pagos con causa ORIGINAL: 1
[17:21:03]   • Causas encontradas en SIGEMI (actas viejas): 0
[17:21:03]   • Causas NO encontradas en SIGEMI: 0
[17:21:03]   • Causas asignadas automáticamente (actas nuevas): 0
[17:21:03] ⏱ PASO 3 (llenar causas): 0.0s
[17:21:03] ================================================================================
[17:21:03] PASO 4: ORDENANDO POR FECHA Y ACTA_NUMERO
[17:21:03] ================================================================================
[17:21:03] ✓ Pagos ordenados correctamente
[17:21:03]   • Primera entrada: Acta=316858, Fecha=19/05/2026
[17:21:03]   • Última entrada: Acta=316858, Fecha=19/05/2026
[17:21:03] 📝 Escribiendo archivo de salida...
[17:21:03]   ✅ Archivo escrito: datos/descargas/pagos/2026-08-12/PAGOS 20260812 172052.txt
[17:21:03]   ✅ Total registros: 255
[17:21:03] ⏱ PASO 4 (ordenar y escribir): 0.0s
[17:21:03] ================================================================================
[17:21:03] ✅ PROCESO COMPLETADO EXITOSAMENTE
[17:21:03] ================================================================================
[17:21:03] 📊 RESUMEN FINAL DEL PROCESAMIENTO:
[17:21:03]   ENTRADA:
[17:21:03]     • Pagos originales: 21183
[17:21:03]     • Multas SIGEMI cargadas: 101178
[17:21:03]     • Multas SIGI cargadas: 42709
[17:21:03]     • Causas simplificadas (usadas para el cruce): 100866
[17:21:03]   PROCESO:
[17:21:03]     • Pagos rechazados sigemi: 15680
[17:21:03]     • Pagos rechazados sigi: 5502
[17:21:03]   SALIDA:
[17:21:03]     • Pagos desactualizados procesados: 1
[17:21:03]     • Archivo final: datos/descargas/pagos/2026-08-12/PAGOS 20260812 172052.txt
[17:21:03]     • Ordenados por fecha: SÍ ✓
[17:21:03]     • Todos con ACTA_NUMERO: SÍ ✓
[17:21:03]     • Todos con CAUSA_NUMERO: SÍ ✓
[17:21:03] ✅ TXT de pagos (ya cruzado con actas y causas) generado en: datos/descargas/pagos/2026-08-12/PAGOS 20260812 172052.txt
[17:21:03] 🧹 TXT de pagos crudo eliminado (ya usado en el cruce): datos/descargas/pagos/2026-08-12/ALL PAGOS DESCARGADOS.txt
[17:21:03] 🧹 Excel MULTAS_SIGEMI_CRUCE eliminado (ya usado en el cruce): datos/descargas/cache_actas_cruce/MULTAS_SIGEMI_CRUCE.xlsx
[17:21:03] 🧹 Excel MULTAS_SIGI_CRUCE eliminado (ya usado en el cruce): datos/descargas/cache_actas_cruce/MULTAS_SIGI_CRUCE.xlsx
[17:21:03] ✅ CompararActasPaso finalizado. (⏱ 10.3s)
[17:21:03] ==================================================
[17:21:03] 🚀 PASO: CargarPagosPaso
[17:21:03] ==================================================
[17:21:03] 📤 Subiendo TXT de pagos al SEMyT...
[17:21:04] ✅ Importación de pagos completada con éxito.
[17:21:04] ✅ Archivo TXT de pagos cargado en el SEMyT correctamente.
[17:21:04] ✅ CargarPagosPaso finalizado. (⏱ 1.4s)
[17:21:04] === Ejecución finalizada con éxito ===
