[18:15:28] === Inicio de ejecución: pagos ===
[18:15:28] ==================================================
[18:15:28] 🚀 PASO: LoginSEMyTPaso
[18:15:28] ==================================================
[18:15:29] Abriendo SEMyT...
[18:15:31] ✅ [SEMyT] Sesión existente detectada. Login omitido.
[18:15:32] ✅ LoginSEMyTPaso finalizado. (⏱ 3.1s)
[18:15:32] ==================================================
[18:15:32] 🚀 PASO: LoginSIGIPaso
[18:15:32] ==================================================
[18:15:32] Abriendo sitio municipalidad (CiDi)...
[18:15:32] ✅ [SIGI] Sesión existente detectada. Login omitido.
[18:15:32] ✅ LoginSIGIPaso finalizado. (⏱ 0.5s)
[18:15:32] ==================================================
[18:15:32] 🚀 PASO: DescargasParalelasPaso
[18:15:32] ==================================================
[18:15:32] 📤 Arrancando las 3 descargas en paralelo (mismo browser, páginas separadas)...
[18:15:32] Fecha Desde: 27/06/2024
[18:15:32] Fecha Hasta: 24/11/2025
[18:15:32] Fecha Desde: 25/11/2025
[18:15:32] Fecha Hasta: 12/08/2026
[18:15:32] Descargando Excel...
[18:15:32] Descargando Excel...
[18:15:47] Archivo descargado en: datos/descargas/cache_actas_cruce/MULTAS_SIGI_CRUCE.xlsx
[18:15:48] ⏱ [actas_sigi] completado en 15.9s
[18:15:56] Archivo descargado en: datos/descargas/cache_actas_cruce/MULTAS_SIGEMI_CRUCE.xlsx
[18:16:00] ⏱ [actas_sigemi] completado en 27.6s
[18:16:25] ✅ TXT de pagos descargado en: datos/descargas/pagos/2026-08-12/ALL PAGOS DESCARGADOS.txt
[18:16:25] ⏱ [pagos_txt] completado en 52.5s
[18:16:25] ⏱ TOTAL descargas en paralelo: 52.5s
[18:16:25] ✅ DescargasParalelasPaso finalizado. (⏱ 52.8s)
[18:16:25] ==================================================
[18:16:25] 🚀 PASO: CompararActasPaso
[18:16:25] ==================================================
[18:16:25] 🔍 Comparando actas del SEMyT contra pagos del SIGI...
[18:16:25] ================================================================================
[18:16:25] INICIANDO PROCESO DE GENERACIÓN DE PAGOS DESACTUALIZADOS
[18:16:25] ================================================================================
[18:16:25] 📂 Cargando archivos...
[18:16:25]   ✓ Pagos: 21189 registros
[18:16:29]   ✓ Excel SIGEMI (multas vencidas viejas): 101175 registros
[18:16:30]   ✓ Excel SIGI (multas vencidas nuevas): 42706 registros
[18:16:31] ================================================================================
[18:16:31] PASO 1: LLENANDO ACTA_NUMERO (búsqueda por patente + fecha, con desempate por hora)
[18:16:31] ================================================================================
[18:16:33] 📊 ESTADÍSTICAS DE LLENADO DE ACTAS:
[18:16:33]   • Pagos con acta ORIGINAL: 5507
[18:16:33]   • Pagos SIN acta (buscados): 15682
[18:16:33]   • Pagos LLENADOS exitosamente: 0
[18:16:33]   • Pagos NO encontrados en multas: 15682
[18:16:33]   • Pagos SIN RESOLVER por desbalance de cantidades: 0
[18:16:33] ================================================================================
[18:16:33] PASO 1: LLENANDO ACTA_NUMERO (búsqueda por patente + fecha, con desempate por hora)
[18:16:33] ================================================================================
[18:16:35] 📊 ESTADÍSTICAS DE LLENADO DE ACTAS:
[18:16:35]   • Pagos con acta ORIGINAL: 5507
[18:16:35]   • Pagos SIN acta (buscados): 15682
[18:16:35]   • Pagos LLENADOS exitosamente: 0
[18:16:35]   • Pagos NO encontrados en multas: 15682
[18:16:35]   • Pagos SIN RESOLVER por desbalance de cantidades: 0
[18:16:35] ⏱ PASO 1 (llenar actas): 4.6s
[18:16:35] ================================================================================
[18:16:35] PASO 2: FILTRANDO PAGOS CON ACTA_NUMERO COMPLETO
[18:16:35] ================================================================================
[18:16:35] 📊 ESTADÍSTICAS DE FILTRADO:
[18:16:35]   • Pagos TOTALES al inicio: 21189
[18:16:35]   • Pagos CON acta (MANTIENEN): 5507
[18:16:35]   • Pagos RECHAZADOS (sin coincidencias): 15682
[18:16:35] ⚠️  Se eliminaron 15682 registros sin número de acta
[18:16:35]      (recordá: esto incluye tanto pagos ya actualizados/pagados
[18:16:35]       como pagos que quedaron sin resolver por desbalance en el Paso 1)
[18:16:35] ================================================================================
[18:16:35] PASO 2-bis: CONFIRMANDO VIGENCIA DE PAGOS (sistema NUEVO contra MULTAS_SIGI_CRUCE, sistema VIEJO contra SIGEMI)
[18:16:35] ================================================================================
[18:16:35]   ⚠ 5490 pago(s) descartados: su acta ya no figura como vencida en MULTAS_SIGI_CRUCE (SEMyT ya los actualizó).
[18:16:35]   ⚠ 15 pago(s) descartados: su acta ya no figura como vencida en el Excel de SIGEMI (SEMyT ya los actualizó).
[18:16:35]   • Pagos descartados en total por ya estar actualizados/pagados: 5505
[18:16:35] ⏱ PASO 2 (filtrar): 0.6s
[18:16:35] 📂 Cargando maestro de causas SIGEMI...
[18:16:35]   ✓ Causas totales (maestro): 134069 registros
[18:16:35] ================================================================================
[18:16:35] PASO 2.5: ARMANDO causas.txt SIMPLIFICADO (cruce contra total_causas_sigemi.txt)
[18:16:35] ================================================================================
[18:16:36]   • Actas vencidas viejas (multas): 101175
[18:16:36]   • Causas totales en el maestro SIGEMI: 134069
[18:16:36]   • Causas que coinciden (simplificado): 100863
[18:16:36]   ✅ Archivo escrito: datos/descargas/causas/causas.txt
[18:16:36] ⏱ PASO 2.5 (causas simplificado): 0.5s
[18:16:36] ================================================================================
[18:16:36] PASO 3: LLENANDO CAUSA_NUMERO (según fecha de cambio de sistema, cruzando por acta + año)
[18:16:36] ================================================================================
[18:16:36] 📊 ESTADÍSTICAS DE LLENADO DE CAUSAS:
[18:16:36]   • Pagos con causa ORIGINAL: 2
[18:16:36]   • Causas encontradas en SIGEMI (actas viejas): 0
[18:16:36]   • Causas NO encontradas en SIGEMI: 0
[18:16:36]   • Causas asignadas automáticamente (actas nuevas): 0
[18:16:36] ⏱ PASO 3 (llenar causas): 0.0s
[18:16:36] ================================================================================
[18:16:36] PASO 4: ORDENANDO POR FECHA Y ACTA_NUMERO
[18:16:36] ================================================================================
[18:16:36] ✓ Pagos ordenados correctamente
[18:16:36]   • Primera entrada: Acta=275739, Fecha=04/03/2026
[18:16:36]   • Última entrada: Acta=351780, Fecha=06/05/2026
[18:16:36] 📝 Escribiendo archivo de salida...
[18:16:36]   ✅ Archivo escrito: datos/descargas/pagos/2026-08-12/PAGOS 20260812 181625.txt
[18:16:36]   ✅ Total registros: 360
[18:16:36] ⏱ PASO 4 (ordenar y escribir): 0.0s
[18:16:36] ================================================================================
[18:16:36] ✅ PROCESO COMPLETADO EXITOSAMENTE
[18:16:36] ================================================================================
[18:16:36] 📊 RESUMEN FINAL DEL PROCESAMIENTO:
[18:16:36]   ENTRADA:
[18:16:36]     • Pagos originales: 21189
[18:16:36]     • Multas SIGEMI cargadas: 101175
[18:16:36]     • Multas SIGI cargadas: 42706
[18:16:36]     • Causas simplificadas (usadas para el cruce): 100863
[18:16:36]   PROCESO:
[18:16:36]     • Pagos rechazados sigemi: 15682
[18:16:36]     • Pagos rechazados sigi: 5505
[18:16:36]   SALIDA:
[18:16:36]     • Pagos desactualizados procesados: 2
[18:16:36]     • Archivo final: datos/descargas/pagos/2026-08-12/PAGOS 20260812 181625.txt
[18:16:36]     • Ordenados por fecha: SÍ ✓
[18:16:36]     • Todos con ACTA_NUMERO: SÍ ✓
[18:16:36]     • Todos con CAUSA_NUMERO: SÍ ✓
[18:16:36] ✅ TXT de pagos (ya cruzado con actas y causas) generado en: datos/descargas/pagos/2026-08-12/PAGOS 20260812 181625.txt
[18:16:36] 🧹 TXT de pagos crudo eliminado (ya usado en el cruce): datos/descargas/pagos/2026-08-12/ALL PAGOS DESCARGADOS.txt
[18:16:36] 🧹 Excel MULTAS_SIGEMI_CRUCE eliminado (ya usado en el cruce): datos/descargas/cache_actas_cruce/MULTAS_SIGEMI_CRUCE.xlsx
[18:16:36] 🧹 Excel MULTAS_SIGI_CRUCE eliminado (ya usado en el cruce): datos/descargas/cache_actas_cruce/MULTAS_SIGI_CRUCE.xlsx
[18:16:36] ✅ CompararActasPaso finalizado. (⏱ 11.2s)
[18:16:36] ==================================================
[18:16:36] 🚀 PASO: CargarPagosPaso
[18:16:36] ==================================================
[18:16:36] 📤 Subiendo TXT de pagos al SEMyT...
[18:16:38] ✅ Importación de pagos completada con éxito.
[18:16:38] ✅ Archivo TXT de pagos cargado en el SEMyT correctamente.
[18:16:38] ✅ CargarPagosPaso finalizado. (⏱ 1.9s)
[18:16:38] === Ejecución finalizada con éxito ===
