[08:59:28] 🤖 Modo automático activado.
[08:59:28]    Actualización de pagos: arrancando ya mismo.
[08:59:28]    Actualización diaria de multas vencidas: DESHABILITADA (AUTOMATICO_MULTAS_HABILITADO=False)
[08:59:28] 🤖 [Automático] Es hora de actualizar pagos. Arrancando...
[08:59:43] ⏳ [Automático] Tocaba disparar 'pagos' pero ya hay una ejecución en curso (Actualizar pagos); esperando a que termine; se reintenta en breve sin perder el turno.
[09:00:24] ❌ [Automático] 'pagos' falló (intento 1 de 4). Se reintenta a las 09:05.
[09:05:29] 🤖 [Automático] Es hora de actualizar pagos (reintento 1 de 3). Arrancando...
[09:05:44] ⏳ [Automático] Tocaba disparar 'pagos' pero ya hay una ejecución en curso (Actualizar pagos); esperando a que termine; se reintenta en breve sin perder el turno.
[09:06:26] ❌ [Automático] 'pagos' falló (intento 2 de 4). Se reintenta a las 09:21.
[09:21:29] 🤖 [Automático] Es hora de actualizar pagos (reintento 2 de 3). Arrancando...
[09:21:44] ⏳ [Automático] Tocaba disparar 'pagos' pero ya hay una ejecución en curso (Actualizar pagos); esperando a que termine; se reintenta en breve sin perder el turno.
[09:22:47] ✅ [Automático] 'pagos' terminó bien en el reintento 2.
[09:32:52] 🤖 [Automático] Es hora de actualizar pagos. Arrancando...
[09:32:52] ❌ [Automático] 'pagos' falló (intento 1 de 4). Se reintenta a las 09:37.
[09:38:07] 🤖 [Automático] Es hora de actualizar pagos (reintento 1 de 3). Arrancando...
[09:38:22] ⏳ [Automático] Tocaba disparar 'pagos' pero ya hay una ejecución en curso (Actualizar pagos); esperando a que termine; se reintenta en breve sin perder el turno.
[09:39:37] ✅ [Automático] 'pagos' terminó bien en el reintento 1.
[09:49:37] 🤖 [Automático] Es hora de actualizar pagos. Arrancando...
[09:49:52] ⏳ [Automático] Tocaba disparar 'pagos' pero ya hay una ejecución en curso (Actualizar pagos); esperando a que termine; se reintenta en breve sin perder el turno.
[10:01:07] 🤖 [Automático] Es hora de actualizar pagos. Arrancando...
[10:01:22] ⏳ [Automático] Tocaba disparar 'pagos' pero ya hay una ejecución en curso (Actualizar pagos); esperando a que termine; se reintenta en breve sin perder el turno.
[10:12:23] 🤖 [Automático] Es hora de actualizar pagos. Arrancando...
[10:12:38] ⏳ [Automático] Tocaba disparar 'pagos' pero ya hay una ejecución en curso (Actualizar pagos); esperando a que termine; se reintenta en breve sin perder el turno.
[10:23:38] 🤖 [Automático] Es hora de actualizar pagos. Arrancando...
[10:23:53] ⏳ [Automático] Tocaba disparar 'pagos' pero ya hay una ejecución en curso (Actualizar pagos); esperando a que termine; se reintenta en breve sin perder el turno.
[10:32:50] ❌ [Automático] 'pagos' falló (intento 1 de 4). Se reintenta a las 10:37.
[10:37:54] 🤖 [Automático] Es hora de actualizar pagos (reintento 1 de 3). Arrancando...
[10:38:09] ⏳ [Automático] Tocaba disparar 'pagos' pero ya hay una ejecución en curso (Actualizar pagos); esperando a que termine; se reintenta en breve sin perder el turno.
[10:39:20] ✅ [Automático] 'pagos' terminó bien en el reintento 1.
[10:49:25] 🤖 [Automático] Es hora de actualizar pagos. Arrancando...
[10:49:40] ⏳ [Automático] Tocaba disparar 'pagos' pero ya hay una ejecución en curso (Actualizar pagos); esperando a que termine; se reintenta en breve sin perder el turno.
[11:01:10] 🤖 [Automático] Es hora de actualizar pagos. Arrancando...
[11:01:25] ⏳ [Automático] Tocaba disparar 'pagos' pero ya hay una ejecución en curso (Actualizar pagos); esperando a que termine; se reintenta en breve sin perder el turno.
[11:12:25] 🤖 [Automático] Es hora de actualizar pagos. Arrancando...
[11:12:40] ⏳ [Automático] Tocaba disparar 'pagos' pero ya hay una ejecución en curso (Actualizar pagos); esperando a que termine; se reintenta en breve sin perder el turno.
[11:24:10] 🤖 [Automático] Es hora de actualizar pagos. Arrancando...
[11:24:25] ⏳ [Automático] Tocaba disparar 'pagos' pero ya hay una ejecución en curso (Actualizar pagos); esperando a que termine; se reintenta en breve sin perder el turno.
[11:35:41] 🤖 [Automático] Es hora de actualizar pagos. Arrancando...
[11:35:56] ⏳ [Automático] Tocaba disparar 'pagos' pero ya hay una ejecución en curso (Actualizar pagos); esperando a que termine; se reintenta en breve sin perder el turno.
[11:47:26] 🤖 [Automático] Es hora de actualizar pagos. Arrancando...
[11:47:41] ⏳ [Automático] Tocaba disparar 'pagos' pero ya hay una ejecución en curso (Actualizar pagos); esperando a que termine; se reintenta en breve sin perder el turno.
[11:58:56] 🤖 [Automático] Es hora de actualizar pagos. Arrancando...
[11:59:11] ⏳ [Automático] Tocaba disparar 'pagos' pero ya hay una ejecución en curso (Actualizar pagos); esperando a que termine; se reintenta en breve sin perder el turno.
[12:10:26] 🤖 [Automático] Es hora de actualizar pagos. Arrancando...
[12:10:41] ⏳ [Automático] Tocaba disparar 'pagos' pero ya hay una ejecución en curso (Actualizar pagos); esperando a que termine; se reintenta en breve sin perder el turno.
[12:21:56] 🤖 [Automático] Es hora de actualizar pagos. Arrancando...
[12:22:11] ⏳ [Automático] Tocaba disparar 'pagos' pero ya hay una ejecución en curso (Actualizar pagos); esperando a que termine; se reintenta en breve sin perder el turno.
[12:33:27] 🤖 [Automático] Es hora de actualizar pagos. Arrancando...
[12:33:42] ⏳ [Automático] Tocaba disparar 'pagos' pero ya hay una ejecución en curso (Actualizar pagos); esperando a que termine; se reintenta en breve sin perder el turno.
[12:44:57] 🤖 [Automático] Es hora de actualizar pagos. Arrancando...
[12:45:12] ⏳ [Automático] Tocaba disparar 'pagos' pero ya hay una ejecución en curso (Actualizar pagos); esperando a que termine; se reintenta en breve sin perder el turno.
[13:10:37] 🤖 [Automático] Es hora de actualizar pagos. Arrancando...
[13:10:52] ⏳ [Automático] Tocaba disparar 'pagos' pero ya hay una ejecución en curso (Actualizar pagos); esperando a que termine; se reintenta en breve sin perder el turno.
[13:15:07] ❌ [Automático] 'pagos' falló (intento 1 de 4). Se reintenta a las 13:20.
[13:20:09] 🤖 [Automático] Es hora de actualizar pagos (reintento 1 de 3). Arrancando...
[13:20:24] ⏳ [Automático] Tocaba disparar 'pagos' pero ya hay una ejecución en curso (Actualizar pagos); esperando a que termine; se reintenta en breve sin perder el turno.
[13:21:59] ✅ [Automático] 'pagos' terminó bien en el reintento 1.
[13:32:51] 🤖 [Automático] Es hora de actualizar pagos. Arrancando...
[13:32:53] ❌ [Automático] 'pagos' falló (intento 1 de 4). Se reintenta a las 13:37.
[13:43:28] 🤖 [Automático] Es hora de actualizar pagos (reintento 1 de 3). Arrancando...
[13:43:29] ❌ [Automático] 'pagos' falló (intento 2 de 4). Se reintenta a las 13:58.
[14:02:11] 🤖 [Automático] Es hora de actualizar pagos (reintento 2 de 3). Arrancando...
[14:02:26] ⏳ [Automático] Tocaba disparar 'pagos' pero ya hay una ejecución en curso (Actualizar pagos); esperando a que termine; se reintenta en breve sin perder el turno.
[14:02:53] ✅ [Automático] 'pagos' terminó bien en el reintento 2.
[14:13:07] 🤖 [Automático] Es hora de actualizar pagos. Arrancando...
[14:13:22] ⏳ [Automático] Tocaba disparar 'pagos' pero ya hay una ejecución en curso (Actualizar pagos); esperando a que termine; se reintenta en breve sin perder el turno.
[14:23:52] 🤖 [Automático] Es hora de actualizar pagos. Arrancando...
[14:24:07] ⏳ [Automático] Tocaba disparar 'pagos' pero ya hay una ejecución en curso (Actualizar pagos); esperando a que termine; se reintenta en breve sin perder el turno.
[14:34:38] 🤖 [Automático] Es hora de actualizar pagos. Arrancando...
[14:34:53] ⏳ [Automático] Tocaba disparar 'pagos' pero ya hay una ejecución en curso (Actualizar pagos); esperando a que termine; se reintenta en breve sin perder el turno.
[14:45:23] 🤖 [Automático] Es hora de actualizar pagos. Arrancando...
[14:45:38] ⏳ [Automático] Tocaba disparar 'pagos' pero ya hay una ejecución en curso (Actualizar pagos); esperando a que termine; se reintenta en breve sin perder el turno.
[14:56:08] 🤖 [Automático] Es hora de actualizar pagos. Arrancando...
[14:56:23] ⏳ [Automático] Tocaba disparar 'pagos' pero ya hay una ejecución en curso (Actualizar pagos); esperando a que termine; se reintenta en breve sin perder el turno.
[15:06:53] 🤖 [Automático] Es hora de actualizar pagos. Arrancando...
[15:07:08] ⏳ [Automático] Tocaba disparar 'pagos' pero ya hay una ejecución en curso (Actualizar pagos); esperando a que termine; se reintenta en breve sin perder el turno.
[15:17:39] 🤖 [Automático] Es hora de actualizar pagos. Arrancando...
[15:17:54] ⏳ [Automático] Tocaba disparar 'pagos' pero ya hay una ejecución en curso (Actualizar pagos); esperando a que termine; se reintenta en breve sin perder el turno.
[15:28:24] 🤖 [Automático] Es hora de actualizar pagos. Arrancando...
[15:28:39] ⏳ [Automático] Tocaba disparar 'pagos' pero ya hay una ejecución en curso (Actualizar pagos); esperando a que termine; se reintenta en breve sin perder el turno.
[15:39:10] 🤖 [Automático] Es hora de actualizar pagos. Arrancando...
[15:39:25] ⏳ [Automático] Tocaba disparar 'pagos' pero ya hay una ejecución en curso (Actualizar pagos); esperando a que termine; se reintenta en breve sin perder el turno.
[15:49:55] 🤖 [Automático] Es hora de actualizar pagos. Arrancando...
[15:50:10] ⏳ [Automático] Tocaba disparar 'pagos' pero ya hay una ejecución en curso (Actualizar pagos); esperando a que termine; se reintenta en breve sin perder el turno.
[16:00:40] 🤖 [Automático] Es hora de actualizar pagos. Arrancando...
[16:00:55] ⏳ [Automático] Tocaba disparar 'pagos' pero ya hay una ejecución en curso (Actualizar pagos); esperando a que termine; se reintenta en breve sin perder el turno.
[16:11:41] 🤖 [Automático] Es hora de actualizar pagos. Arrancando...
[16:11:56] ⏳ [Automático] Tocaba disparar 'pagos' pero ya hay una ejecución en curso (Actualizar pagos); esperando a que termine; se reintenta en breve sin perder el turno.
[16:22:26] 🤖 [Automático] Es hora de actualizar pagos. Arrancando...
[16:22:41] ⏳ [Automático] Tocaba disparar 'pagos' pero ya hay una ejecución en curso (Actualizar pagos); esperando a que termine; se reintenta en breve sin perder el turno.
[16:33:11] 🤖 [Automático] Es hora de actualizar pagos. Arrancando...
[16:33:26] ⏳ [Automático] Tocaba disparar 'pagos' pero ya hay una ejecución en curso (Actualizar pagos); esperando a que termine; se reintenta en breve sin perder el turno.
[16:43:57] 🤖 [Automático] Es hora de actualizar pagos. Arrancando...
[16:44:12] ⏳ [Automático] Tocaba disparar 'pagos' pero ya hay una ejecución en curso (Actualizar pagos); esperando a que termine; se reintenta en breve sin perder el turno.
[16:54:42] 🤖 [Automático] Es hora de actualizar pagos. Arrancando...
[16:54:57] ⏳ [Automático] Tocaba disparar 'pagos' pero ya hay una ejecución en curso (Actualizar pagos); esperando a que termine; se reintenta en breve sin perder el turno.
[17:05:27] 🤖 [Automático] Es hora de actualizar pagos. Arrancando...
[17:05:42] ⏳ [Automático] Tocaba disparar 'pagos' pero ya hay una ejecución en curso (Actualizar pagos); esperando a que termine; se reintenta en breve sin perder el turno.
[17:16:28] 🤖 [Automático] Es hora de actualizar pagos. Arrancando...
[17:16:43] ⏳ [Automático] Tocaba disparar 'pagos' pero ya hay una ejecución en curso (Actualizar pagos); esperando a que termine; se reintenta en breve sin perder el turno.
[17:27:28] 🤖 [Automático] Es hora de actualizar pagos. Arrancando...
[17:27:43] ⏳ [Automático] Tocaba disparar 'pagos' pero ya hay una ejecución en curso (Actualizar pagos); esperando a que termine; se reintenta en breve sin perder el turno.
[17:38:44] 🤖 [Automático] Es hora de actualizar pagos. Arrancando...
[17:38:59] ⏳ [Automático] Tocaba disparar 'pagos' pero ya hay una ejecución en curso (Actualizar pagos); esperando a que termine; se reintenta en breve sin perder el turno.
[17:49:29] 🤖 [Automático] Es hora de actualizar pagos. Arrancando...
[17:49:44] ⏳ [Automático] Tocaba disparar 'pagos' pero ya hay una ejecución en curso (Actualizar pagos); esperando a que termine; se reintenta en breve sin perder el turno.
[18:00:14] 🤖 [Automático] Es hora de actualizar pagos. Arrancando...
[18:00:29] ⏳ [Automático] Tocaba disparar 'pagos' pero ya hay una ejecución en curso (Actualizar pagos); esperando a que termine; se reintenta en breve sin perder el turno.
[18:11:15] 🤖 [Automático] Es hora de actualizar pagos. Arrancando...
[18:11:30] ⏳ [Automático] Tocaba disparar 'pagos' pero ya hay una ejecución en curso (Actualizar pagos); esperando a que termine; se reintenta en breve sin perder el turno.
[18:22:00] 🤖 [Automático] Es hora de actualizar pagos. Arrancando...
[18:22:15] ⏳ [Automático] Tocaba disparar 'pagos' pero ya hay una ejecución en curso (Actualizar pagos); esperando a que termine; se reintenta en breve sin perder el turno.
[18:33:00] 🤖 [Automático] Es hora de actualizar pagos. Arrancando...
[18:33:15] ⏳ [Automático] Tocaba disparar 'pagos' pero ya hay una ejecución en curso (Actualizar pagos); esperando a que termine; se reintenta en breve sin perder el turno.
[18:43:46] 🤖 [Automático] Es hora de actualizar pagos. Arrancando...
[18:44:01] ⏳ [Automático] Tocaba disparar 'pagos' pero ya hay una ejecución en curso (Actualizar pagos); esperando a que termine; se reintenta en breve sin perder el turno.
[18:54:31] 🤖 [Automático] Es hora de actualizar pagos. Arrancando...
[18:54:46] ⏳ [Automático] Tocaba disparar 'pagos' pero ya hay una ejecución en curso (Actualizar pagos); esperando a que termine; se reintenta en breve sin perder el turno.
[19:05:31] 🤖 [Automático] Es hora de actualizar pagos. Arrancando...
[19:05:46] ⏳ [Automático] Tocaba disparar 'pagos' pero ya hay una ejecución en curso (Actualizar pagos); esperando a que termine; se reintenta en breve sin perder el turno.
[19:16:17] 🤖 [Automático] Es hora de actualizar pagos. Arrancando...
[19:16:32] ⏳ [Automático] Tocaba disparar 'pagos' pero ya hay una ejecución en curso (Actualizar pagos); esperando a que termine; se reintenta en breve sin perder el turno.
[19:27:32] 🤖 [Automático] Es hora de actualizar pagos. Arrancando...
[19:27:47] ⏳ [Automático] Tocaba disparar 'pagos' pero ya hay una ejecución en curso (Actualizar pagos); esperando a que termine; se reintenta en breve sin perder el turno.
[19:38:48] 🤖 [Automático] Es hora de actualizar pagos. Arrancando...
[19:39:03] ⏳ [Automático] Tocaba disparar 'pagos' pero ya hay una ejecución en curso (Actualizar pagos); esperando a que termine; se reintenta en breve sin perder el turno.
[19:49:33] 🤖 [Automático] Es hora de actualizar pagos. Arrancando...
[19:49:48] ⏳ [Automático] Tocaba disparar 'pagos' pero ya hay una ejecución en curso (Actualizar pagos); esperando a que termine; se reintenta en breve sin perder el turno.
[20:00:33] 🤖 [Automático] Es hora de actualizar pagos. Arrancando...
[20:00:48] ⏳ [Automático] Tocaba disparar 'pagos' pero ya hay una ejecución en curso (Actualizar pagos); esperando a que termine; se reintenta en breve sin perder el turno.
[20:11:49] 🤖 [Automático] Es hora de actualizar pagos. Arrancando...
[20:12:04] ⏳ [Automático] Tocaba disparar 'pagos' pero ya hay una ejecución en curso (Actualizar pagos); esperando a que termine; se reintenta en breve sin perder el turno.
[20:22:49] 🤖 [Automático] Es hora de actualizar pagos. Arrancando...
[20:23:04] ⏳ [Automático] Tocaba disparar 'pagos' pero ya hay una ejecución en curso (Actualizar pagos); esperando a que termine; se reintenta en breve sin perder el turno.
[20:34:04] 🤖 [Automático] Es hora de actualizar pagos. Arrancando...
[20:34:19] ⏳ [Automático] Tocaba disparar 'pagos' pero ya hay una ejecución en curso (Actualizar pagos); esperando a que termine; se reintenta en breve sin perder el turno.
[20:45:05] 🤖 [Automático] Es hora de actualizar pagos. Arrancando...
[20:45:20] ⏳ [Automático] Tocaba disparar 'pagos' pero ya hay una ejecución en curso (Actualizar pagos); esperando a que termine; se reintenta en breve sin perder el turno.
[20:56:05] 🤖 [Automático] Es hora de actualizar pagos. Arrancando...
[20:56:20] ⏳ [Automático] Tocaba disparar 'pagos' pero ya hay una ejecución en curso (Actualizar pagos); esperando a que termine; se reintenta en breve sin perder el turno.
[21:07:05] 🤖 [Automático] Es hora de actualizar pagos. Arrancando...
[21:07:20] ⏳ [Automático] Tocaba disparar 'pagos' pero ya hay una ejecución en curso (Actualizar pagos); esperando a que termine; se reintenta en breve sin perder el turno.
[21:18:21] 🤖 [Automático] Es hora de actualizar pagos. Arrancando...
[21:18:36] ⏳ [Automático] Tocaba disparar 'pagos' pero ya hay una ejecución en curso (Actualizar pagos); esperando a que termine; se reintenta en breve sin perder el turno.
[21:29:06] 🤖 [Automático] Es hora de actualizar pagos. Arrancando...
[21:29:21] ⏳ [Automático] Tocaba disparar 'pagos' pero ya hay una ejecución en curso (Actualizar pagos); esperando a que termine; se reintenta en breve sin perder el turno.
[21:40:06] 🤖 [Automático] Es hora de actualizar pagos. Arrancando...
[21:40:21] ⏳ [Automático] Tocaba disparar 'pagos' pero ya hay una ejecución en curso (Actualizar pagos); esperando a que termine; se reintenta en breve sin perder el turno.
[21:51:07] 🤖 [Automático] Es hora de actualizar pagos. Arrancando...
[21:51:22] ⏳ [Automático] Tocaba disparar 'pagos' pero ya hay una ejecución en curso (Actualizar pagos); esperando a que termine; se reintenta en breve sin perder el turno.
[22:01:52] 🤖 [Automático] Es hora de actualizar pagos. Arrancando...
[22:02:07] ⏳ [Automático] Tocaba disparar 'pagos' pero ya hay una ejecución en curso (Actualizar pagos); esperando a que termine; se reintenta en breve sin perder el turno.
[22:12:37] 🤖 [Automático] Es hora de actualizar pagos. Arrancando...
[22:12:52] ⏳ [Automático] Tocaba disparar 'pagos' pero ya hay una ejecución en curso (Actualizar pagos); esperando a que termine; se reintenta en breve sin perder el turno.
[22:23:37] 🤖 [Automático] Es hora de actualizar pagos. Arrancando...
[22:23:53] ⏳ [Automático] Tocaba disparar 'pagos' pero ya hay una ejecución en curso (Actualizar pagos); esperando a que termine; se reintenta en breve sin perder el turno.
[22:34:23] 🤖 [Automático] Es hora de actualizar pagos. Arrancando...
[22:34:38] ⏳ [Automático] Tocaba disparar 'pagos' pero ya hay una ejecución en curso (Actualizar pagos); esperando a que termine; se reintenta en breve sin perder el turno.
[22:45:08] 🤖 [Automático] Es hora de actualizar pagos. Arrancando...
[22:45:23] ⏳ [Automático] Tocaba disparar 'pagos' pero ya hay una ejecución en curso (Actualizar pagos); esperando a que termine; se reintenta en breve sin perder el turno.
[22:55:53] 🤖 [Automático] Es hora de actualizar pagos. Arrancando...
[22:56:08] ⏳ [Automático] Tocaba disparar 'pagos' pero ya hay una ejecución en curso (Actualizar pagos); esperando a que termine; se reintenta en breve sin perder el turno.
[23:06:39] 🤖 [Automático] Es hora de actualizar pagos. Arrancando...
[23:06:54] ⏳ [Automático] Tocaba disparar 'pagos' pero ya hay una ejecución en curso (Actualizar pagos); esperando a que termine; se reintenta en breve sin perder el turno.
[23:17:24] 🤖 [Automático] Es hora de actualizar pagos. Arrancando...
[23:17:39] ⏳ [Automático] Tocaba disparar 'pagos' pero ya hay una ejecución en curso (Actualizar pagos); esperando a que termine; se reintenta en breve sin perder el turno.
[23:28:09] 🤖 [Automático] Es hora de actualizar pagos. Arrancando...
[23:28:24] ⏳ [Automático] Tocaba disparar 'pagos' pero ya hay una ejecución en curso (Actualizar pagos); esperando a que termine; se reintenta en breve sin perder el turno.
[23:38:54] 🤖 [Automático] Es hora de actualizar pagos. Arrancando...
[23:39:09] ⏳ [Automático] Tocaba disparar 'pagos' pero ya hay una ejecución en curso (Actualizar pagos); esperando a que termine; se reintenta en breve sin perder el turno.
[23:49:39] 🤖 [Automático] Es hora de actualizar pagos. Arrancando...
[23:49:54] ⏳ [Automático] Tocaba disparar 'pagos' pero ya hay una ejecución en curso (Actualizar pagos); esperando a que termine; se reintenta en breve sin perder el turno.
