[20:00:33] === Inicio de ejecución: pagos ===
[20:00:34] ▶ [LoginSemytPaso] Iniciando...
[20:00:34] ==================================================
[20:00:34] 🚀 PASO: LoginSemytPaso
[20:00:34] ==================================================
[20:00:34] Abriendo SEMyT...
[20:00:37] ✅ [SEMyT] Sesión existente detectada. Login omitido.
[20:00:37] ✅ LoginSemytPaso finalizado. (⏱ 3.0s)
[20:00:37] ✓ [LoginSemytPaso] Completado.
[20:00:37] ▶ [LoginJuzgadoPaso] Iniciando...
[20:00:37] ==================================================
[20:00:37] 🚀 PASO: LoginJuzgadoPaso
[20:00:37] ==================================================
[20:00:37] Abriendo sitio municipalidad (CiDi)...
[20:00:38] ✅ [Juzgado] Sesión existente detectada. Login omitido.
[20:00:38] ✅ LoginJuzgadoPaso finalizado. (⏱ 1.0s)
[20:00:38] ✓ [LoginJuzgadoPaso] Completado.
[20:00:38] ▶ [DescargasParalelasPaso] Iniciando...
[20:00:38] ==================================================
[20:00:38] 🚀 PASO: DescargasParalelasPaso
[20:00:38] ==================================================
[20:00:38] 📤 Arrancando las 3 descargas en paralelo (mismo browser, páginas separadas)...
[20:00:38] Fecha Desde: 27/06/2024
[20:00:38] Fecha Hasta: 24/11/2025
[20:00:38] Fecha Desde: 25/11/2025
[20:00:38] Fecha Hasta: 29/07/2026
[20:00:38] Descargando Excel...
[20:00:38] Descargando Excel...
[20:00:49] Archivo descargado en: backend/descargas/cache_actas_cruce/MULTAS_JUZGADO_CRUCE.xlsx
[20:00:50] ⏱ [actas_juzgado] completado en 12.2s
[20:00:57] Archivo descargado en: backend/descargas/cache_actas_cruce/MULTAS_SIGEMI_CRUCE.xlsx
[20:01:00] ⏱ [actas_sigemi] completado en 21.7s
[20:01:27] ✅ TXT de pagos descargado en: backend/descargas/pagos/2026-07-29/PAGOS DESCARGADOS.txt
[20:01:27] ⏱ [pagos_txt] completado en 48.8s
[20:01:27] ⏱ TOTAL descargas en paralelo: 48.8s
[20:01:27] ✅ DescargasParalelasPaso finalizado. (⏱ 49.0s)
[20:01:27] ✓ [DescargasParalelasPaso] Completado.
[20:01:27] ▶ [CompararActasPaso] Iniciando...
[20:01:27] ==================================================
[20:01:27] 🚀 PASO: CompararActasPaso
[20:01:27] ==================================================
[20:01:27] 🔍 Comparando actas del SEMyT contra pagos del Juzgado...
[20:01:27] ================================================================================
[20:01:27] INICIANDO PROCESO DE GENERACIÓN DE PAGOS DESACTUALIZADOS
[20:01:27] ================================================================================
[20:01:27] 📂 Cargando archivos...
[20:01:27]   ✓ Pagos: 18921 registros
[20:01:30]   ✓ Excel SIGEMI (multas vencidas viejas): 102810 registros
[20:01:31]   ✓ Excel Juzgado (multas vencidas nuevas): 40132 registros
[20:01:32] ================================================================================
[20:01:32] PASO 1: LLENANDO ACTA_NUMERO (búsqueda por patente + fecha, con desempate por hora)
[20:01:32] ================================================================================
[20:01:33] 📊 ESTADÍSTICAS DE LLENADO DE ACTAS:
[20:01:33]   • Pagos con acta ORIGINAL: 4188
[20:01:33]   • Pagos SIN acta (buscados): 14733
[20:01:33]   • Pagos LLENADOS exitosamente: 1
[20:01:33]   • Pagos NO encontrados en multas: 14732
[20:01:33]   • Pagos SIN RESOLVER por desbalance de cantidades: 0
[20:01:33] ================================================================================
[20:01:33] PASO 1: LLENANDO ACTA_NUMERO (búsqueda por patente + fecha, con desempate por hora)
[20:01:33] ================================================================================
[20:01:35] 📊 ESTADÍSTICAS DE LLENADO DE ACTAS:
[20:01:35]   • Pagos con acta ORIGINAL: 4189
[20:01:35]   • Pagos SIN acta (buscados): 14732
[20:01:35]   • Pagos LLENADOS exitosamente: 0
[20:01:35]   • Pagos NO encontrados en multas: 14732
[20:01:35]   • Pagos SIN RESOLVER por desbalance de cantidades: 0
[20:01:35] ⏱ PASO 1 (llenar actas): 3.4s
[20:01:35] ================================================================================
[20:01:35] PASO 2: FILTRANDO PAGOS CON ACTA_NUMERO COMPLETO
[20:01:35] ================================================================================
[20:01:35] 📊 ESTADÍSTICAS DE FILTRADO:
[20:01:35]   • Pagos TOTALES al inicio: 18921
[20:01:35]   • Pagos CON acta (MANTIENEN): 4189
[20:01:35]   • Pagos RECHAZADOS (sin coincidencias): 14732
[20:01:35] ⚠️  Se eliminaron 14732 registros sin número de acta
[20:01:35]      (recordá: esto incluye tanto pagos ya actualizados/pagados
[20:01:35]       como pagos que quedaron sin resolver por desbalance en el Paso 1)
[20:01:35] ================================================================================
[20:01:35] PASO 2-bis: CONFIRMANDO VIGENCIA DE PAGOS (sistema NUEVO contra MULTAS_JUZGADO_CRUCE, sistema VIEJO contra SIGEMI)
[20:01:35] ================================================================================
[20:01:35]   ⚠ 4184 pago(s) descartados: su acta ya no figura como vencida en MULTAS_JUZGADO_CRUCE (SEMyT ya los actualizó).
[20:01:35]   ⚠ 2 pago(s) descartados: su acta ya no figura como vencida en el Excel de SIGEMI (SEMyT ya los actualizó).
[20:01:35]   • Pagos descartados en total por ya estar actualizados/pagados: 4186
[20:01:35] ⏱ PASO 2 (filtrar): 0.4s
[20:01:35] 📂 Cargando maestro de causas SIGEMI...
[20:01:35]   ✓ Causas totales (maestro): 134069 registros
[20:01:35] ⏱ PASO 2.5 (causas simplificado): 0.0s
[20:01:35] ================================================================================
[20:01:35] PASO 2.5: ARMANDO causas.txt SIMPLIFICADO (cruce contra total_causas_sigemi.txt)
[20:01:35] ================================================================================
[20:01:35]   • Actas vencidas viejas (multas): 102810
[20:01:35]   • Causas totales en el maestro SIGEMI: 134069
[20:01:35]   • Causas que coinciden (simplificado): 102483
[20:01:35]   ✅ Archivo escrito: backend/descargas/causas/causas.txt
[20:01:35] ⏱ PASO 2.5 (causas simplificado): 0.4s
[20:01:35] ================================================================================
[20:01:35] PASO 3: LLENANDO CAUSA_NUMERO (según fecha de cambio de sistema, cruzando por acta + año)
[20:01:35] ================================================================================
[20:01:35] 📊 ESTADÍSTICAS DE LLENADO DE CAUSAS:
[20:01:35]   • Pagos con causa ORIGINAL: 2
[20:01:35]   • Causas encontradas en SIGEMI (actas viejas): 1
[20:01:35]   • Causas NO encontradas en SIGEMI: 0
[20:01:35]   • Causas asignadas automáticamente (actas nuevas): 0
[20:01:35] ⏱ PASO 3 (llenar causas): 0.0s
[20:01:35] ================================================================================
[20:01:35] PASO 4: ORDENANDO POR FECHA Y ACTA_NUMERO
[20:01:35] ================================================================================
[20:01:35] ✓ Pagos ordenados correctamente
[20:01:35]   • Primera entrada: Acta=24522, Fecha=06/08/2024
[20:01:35]   • Última entrada: Acta=307220, Fecha=04/05/2026
[20:01:35] 📝 Escribiendo archivo de salida...
[20:01:35]   ✅ Archivo escrito: backend/descargas/pagos/2026-07-29/PAGOS 20260729 200127.txt
[20:01:35]   ✅ Total registros: 474
[20:01:35] ⏱ PASO 4 (ordenar y escribir): 0.0s
[20:01:35] ================================================================================
[20:01:35] ✅ PROCESO COMPLETADO EXITOSAMENTE
[20:01:35] ================================================================================
[20:01:35] 📊 RESUMEN FINAL DEL PROCESAMIENTO:
[20:01:35]   ENTRADA:
[20:01:35]     • Pagos originales: 18921
[20:01:35]     • Multas SIGEMI cargadas: 102810
[20:01:35]     • Multas Juzgado cargadas: 40132
[20:01:35]     • Causas simplificadas (usadas para el cruce): 102483
[20:01:35]   PROCESO:
[20:01:35]     • Pagos rechazados sigemi: 14732
[20:01:35]     • Pagos rechazados juzgado: 4186
[20:01:35]   SALIDA:
[20:01:35]     • Pagos desactualizados procesados: 3
[20:01:35]     • Archivo final: backend/descargas/pagos/2026-07-29/PAGOS 20260729 200127.txt
[20:01:35]     • Ordenados por fecha: SÍ ✓
[20:01:35]     • Todos con ACTA_NUMERO: SÍ ✓
[20:01:35]     • Todos con CAUSA_NUMERO: SÍ ✓
[20:01:35] ✅ TXT de pagos (ya cruzado con actas y causas) generado en: backend/descargas/pagos/2026-07-29/PAGOS 20260729 200127.txt
[20:01:35] 🧹 TXT de pagos crudo eliminado (ya usado en el cruce): backend/descargas/pagos/2026-07-29/PAGOS DESCARGADOS.txt
[20:01:35] 🧹 Excel MULTAS_SIGEMI_CRUCE eliminado (ya usado en el cruce): backend/descargas/cache_actas_cruce/MULTAS_SIGEMI_CRUCE.xlsx
[20:01:35] 🧹 Excel MULTAS_JUZGADO_CRUCE eliminado (ya usado en el cruce): backend/descargas/cache_actas_cruce/MULTAS_JUZGADO_CRUCE.xlsx
[20:01:35] ✅ CompararActasPaso finalizado. (⏱ 8.6s)
[20:01:35] ✓ [CompararActasPaso] Completado.
[20:01:35] ▶ [CargarPagosPaso] Iniciando...
[20:01:35] ==================================================
[20:01:35] 🚀 PASO: CargarPagosPaso
[20:01:35] ==================================================
[20:01:35] 📤 Subiendo TXT de pagos al SEMyT...
[20:01:38] ✅ Importación de pagos completada con éxito.
[20:01:38] ✅ Archivo TXT de pagos cargado en el SEMyT correctamente.
[20:01:38] ✅ CargarPagosPaso finalizado. (⏱ 2.1s)
[20:01:38] ✓ [CargarPagosPaso] Completado.
[20:01:38] === Ejecución finalizada con éxito ===
