[21:29:06] === Inicio de ejecución: pagos ===
[21:29:07] ▶ [LoginSemytPaso] Iniciando...
[21:29:07] ==================================================
[21:29:07] 🚀 PASO: LoginSemytPaso
[21:29:07] ==================================================
[21:29:07] Abriendo SEMyT...
[21:29:09] ✅ [SEMyT] Sesión existente detectada. Login omitido.
[21:29:09] ✅ LoginSemytPaso finalizado. (⏱ 2.5s)
[21:29:09] ✓ [LoginSemytPaso] Completado.
[21:29:09] ▶ [LoginJuzgadoPaso] Iniciando...
[21:29:09] ==================================================
[21:29:09] 🚀 PASO: LoginJuzgadoPaso
[21:29:09] ==================================================
[21:29:09] Abriendo sitio municipalidad (CiDi)...
[21:29:09] ✅ [Juzgado] Sesión existente detectada. Login omitido.
[21:29:09] ✅ LoginJuzgadoPaso finalizado. (⏱ 0.4s)
[21:29:09] ✓ [LoginJuzgadoPaso] Completado.
[21:29:09] ▶ [DescargasParalelasPaso] Iniciando...
[21:29:09] ==================================================
[21:29:09] 🚀 PASO: DescargasParalelasPaso
[21:29:09] ==================================================
[21:29:10] 📤 Arrancando las 3 descargas en paralelo (mismo browser, páginas separadas)...
[21:29:10] Fecha Desde: 27/06/2024
[21:29:10] Fecha Hasta: 24/11/2025
[21:29:10] Fecha Desde: 25/11/2025
[21:29:10] Fecha Hasta: 29/07/2026
[21:29:10] Descargando Excel...
[21:29:10] Descargando Excel...
[21:29:19] Archivo descargado en: backend/descargas/cache_actas_cruce/MULTAS_JUZGADO_CRUCE.xlsx
[21:29:20] ⏱ [actas_juzgado] completado en 10.5s
[21:29:28] Archivo descargado en: backend/descargas/cache_actas_cruce/MULTAS_SIGEMI_CRUCE.xlsx
[21:29:31] ⏱ [actas_sigemi] completado en 21.2s
[21:29:41] ✅ TXT de pagos descargado en: backend/descargas/pagos/2026-07-29/PAGOS DESCARGADOS.txt
[21:29:41] ⏱ [pagos_txt] completado en 31.7s
[21:29:41] ⏱ TOTAL descargas en paralelo: 31.7s
[21:29:41] ✅ DescargasParalelasPaso finalizado. (⏱ 32.0s)
[21:29:41] ✓ [DescargasParalelasPaso] Completado.
[21:29:41] ▶ [CompararActasPaso] Iniciando...
[21:29:41] ==================================================
[21:29:41] 🚀 PASO: CompararActasPaso
[21:29:41] ==================================================
[21:29:41] 🔍 Comparando actas del SEMyT contra pagos del Juzgado...
[21:29:41] ================================================================================
[21:29:41] INICIANDO PROCESO DE GENERACIÓN DE PAGOS DESACTUALIZADOS
[21:29:41] ================================================================================
[21:29:41] 📂 Cargando archivos...
[21:29:41]   ✓ Pagos: 18950 registros
[21:29:45]   ✓ Excel SIGEMI (multas vencidas viejas): 102801 registros
[21:29:46]   ✓ Excel Juzgado (multas vencidas nuevas): 40117 registros
[21:29:46] ================================================================================
[21:29:46] PASO 1: LLENANDO ACTA_NUMERO (búsqueda por patente + fecha, con desempate por hora)
[21:29:46] ================================================================================
[21:29:48] 📊 ESTADÍSTICAS DE LLENADO DE ACTAS:
[21:29:48]   • Pagos con acta ORIGINAL: 4207
[21:29:48]   • Pagos SIN acta (buscados): 14743
[21:29:48]   • Pagos LLENADOS exitosamente: 2
[21:29:48]   • Pagos NO encontrados en multas: 14741
[21:29:48]   • Pagos SIN RESOLVER por desbalance de cantidades: 0
[21:29:48] ================================================================================
[21:29:48] PASO 1: LLENANDO ACTA_NUMERO (búsqueda por patente + fecha, con desempate por hora)
[21:29:48] ================================================================================
[21:29:49] 📊 ESTADÍSTICAS DE LLENADO DE ACTAS:
[21:29:49]   • Pagos con acta ORIGINAL: 4209
[21:29:49]   • Pagos SIN acta (buscados): 14741
[21:29:49]   • Pagos LLENADOS exitosamente: 0
[21:29:49]   • Pagos NO encontrados en multas: 14741
[21:29:49]   • Pagos SIN RESOLVER por desbalance de cantidades: 0
[21:29:49] ⏱ PASO 1 (llenar actas): 3.5s
[21:29:49] ================================================================================
[21:29:49] PASO 2: FILTRANDO PAGOS CON ACTA_NUMERO COMPLETO
[21:29:49] ================================================================================
[21:29:49] 📊 ESTADÍSTICAS DE FILTRADO:
[21:29:49]   • Pagos TOTALES al inicio: 18950
[21:29:49]   • Pagos CON acta (MANTIENEN): 4209
[21:29:49]   • Pagos RECHAZADOS (sin coincidencias): 14741
[21:29:49] ⚠️  Se eliminaron 14741 registros sin número de acta
[21:29:49]      (recordá: esto incluye tanto pagos ya actualizados/pagados
[21:29:49]       como pagos que quedaron sin resolver por desbalance en el Paso 1)
[21:29:49] ================================================================================
[21:29:49] PASO 2-bis: CONFIRMANDO VIGENCIA DE PAGOS (sistema NUEVO contra MULTAS_JUZGADO_CRUCE, sistema VIEJO contra SIGEMI)
[21:29:49] ================================================================================
[21:29:50]   ⚠ 4199 pago(s) descartados: su acta ya no figura como vencida en MULTAS_JUZGADO_CRUCE (SEMyT ya los actualizó).
[21:29:50]   ⚠ 2 pago(s) descartados: su acta ya no figura como vencida en el Excel de SIGEMI (SEMyT ya los actualizó).
[21:29:50]   • Pagos descartados en total por ya estar actualizados/pagados: 4201
[21:29:50] ⏱ PASO 2 (filtrar): 0.4s
[21:29:50] 📂 Cargando maestro de causas SIGEMI...
[21:29:50]   ✓ Causas totales (maestro): 134069 registros
[21:29:50] ⏱ PASO 2.5 (causas simplificado): 0.0s
[21:29:50] ================================================================================
[21:29:50] PASO 2.5: ARMANDO causas.txt SIMPLIFICADO (cruce contra total_causas_sigemi.txt)
[21:29:50] ================================================================================
[21:29:50]   • Actas vencidas viejas (multas): 102801
[21:29:50]   • Causas totales en el maestro SIGEMI: 134069
[21:29:50]   • Causas que coinciden (simplificado): 102474
[21:29:50]   ✅ Archivo escrito: backend/descargas/causas/causas.txt
[21:29:50] ⏱ PASO 2.5 (causas simplificado): 0.4s
[21:29:50] ================================================================================
[21:29:50] PASO 3: LLENANDO CAUSA_NUMERO (según fecha de cambio de sistema, cruzando por acta + año)
[21:29:50] ================================================================================
[21:29:50] 📊 ESTADÍSTICAS DE LLENADO DE CAUSAS:
[21:29:50]   • Pagos con causa ORIGINAL: 6
[21:29:50]   • Causas encontradas en SIGEMI (actas viejas): 2
[21:29:50]   • Causas NO encontradas en SIGEMI: 0
[21:29:50]   • Causas asignadas automáticamente (actas nuevas): 0
[21:29:50] ⏱ PASO 3 (llenar causas): 0.0s
[21:29:50] ================================================================================
[21:29:50] PASO 4: ORDENANDO POR FECHA Y ACTA_NUMERO
[21:29:50] ================================================================================
[21:29:50] ✓ Pagos ordenados correctamente
[21:29:50]   • Primera entrada: Acta=208942, Fecha=23/09/2025
[21:29:50]   • Última entrada: Acta=316280, Fecha=19/05/2026
[21:29:50] 📝 Escribiendo archivo de salida...
[21:29:50]   ✅ Archivo escrito: backend/descargas/pagos/2026-07-29/PAGOS 20260729 212941.txt
[21:29:50]   ✅ Total registros: 965
[21:29:50] ⏱ PASO 4 (ordenar y escribir): 0.0s
[21:29:50] ================================================================================
[21:29:50] ✅ PROCESO COMPLETADO EXITOSAMENTE
[21:29:50] ================================================================================
[21:29:50] 📊 RESUMEN FINAL DEL PROCESAMIENTO:
[21:29:50]   ENTRADA:
[21:29:50]     • Pagos originales: 18950
[21:29:50]     • Multas SIGEMI cargadas: 102801
[21:29:50]     • Multas Juzgado cargadas: 40117
[21:29:50]     • Causas simplificadas (usadas para el cruce): 102474
[21:29:50]   PROCESO:
[21:29:50]     • Pagos rechazados sigemi: 14741
[21:29:50]     • Pagos rechazados juzgado: 4201
[21:29:50]   SALIDA:
[21:29:50]     • Pagos desactualizados procesados: 8
[21:29:50]     • Archivo final: backend/descargas/pagos/2026-07-29/PAGOS 20260729 212941.txt
[21:29:50]     • Ordenados por fecha: SÍ ✓
[21:29:50]     • Todos con ACTA_NUMERO: SÍ ✓
[21:29:50]     • Todos con CAUSA_NUMERO: SÍ ✓
[21:29:50] ✅ TXT de pagos (ya cruzado con actas y causas) generado en: backend/descargas/pagos/2026-07-29/PAGOS 20260729 212941.txt
[21:29:50] 🧹 TXT de pagos crudo eliminado (ya usado en el cruce): backend/descargas/pagos/2026-07-29/PAGOS DESCARGADOS.txt
[21:29:50] 🧹 Excel MULTAS_SIGEMI_CRUCE eliminado (ya usado en el cruce): backend/descargas/cache_actas_cruce/MULTAS_SIGEMI_CRUCE.xlsx
[21:29:50] 🧹 Excel MULTAS_JUZGADO_CRUCE eliminado (ya usado en el cruce): backend/descargas/cache_actas_cruce/MULTAS_JUZGADO_CRUCE.xlsx
[21:29:50] ✅ CompararActasPaso finalizado. (⏱ 8.7s)
[21:29:50] ✓ [CompararActasPaso] Completado.
[21:29:50] ▶ [CargarPagosPaso] Iniciando...
[21:29:50] ==================================================
[21:29:50] 🚀 PASO: CargarPagosPaso
[21:29:50] ==================================================
[21:29:50] 📤 Subiendo TXT de pagos al SEMyT...
[21:29:51] ✅ Importación de pagos completada con éxito.
[21:29:52] ✅ Archivo TXT de pagos cargado en el SEMyT correctamente.
[21:29:52] ✅ CargarPagosPaso finalizado. (⏱ 1.5s)
[21:29:52] ✓ [CargarPagosPaso] Completado.
[21:29:52] === Ejecución finalizada con éxito ===
