[18:00:14] === Inicio de ejecución: pagos ===
[18:00:15] ▶ [LoginSemytPaso] Iniciando...
[18:00:15] ==================================================
[18:00:15] 🚀 PASO: LoginSemytPaso
[18:00:15] ==================================================
[18:00:15] Abriendo SEMyT...
[18:00:21] ✅ [SEMyT] Sesión existente detectada. Login omitido.
[18:00:21] ✅ LoginSemytPaso finalizado. (⏱ 6.7s)
[18:00:21] ✓ [LoginSemytPaso] Completado.
[18:00:21] ▶ [LoginJuzgadoPaso] Iniciando...
[18:00:21] ==================================================
[18:00:21] 🚀 PASO: LoginJuzgadoPaso
[18:00:21] ==================================================
[18:00:21] Abriendo sitio municipalidad (CiDi)...
[18:00:22] ✅ [Juzgado] Sesión existente detectada. Login omitido.
[18:00:22] ✅ LoginJuzgadoPaso finalizado. (⏱ 1.0s)
[18:00:22] ✓ [LoginJuzgadoPaso] Completado.
[18:00:22] ▶ [DescargasParalelasPaso] Iniciando...
[18:00:22] ==================================================
[18:00:22] 🚀 PASO: DescargasParalelasPaso
[18:00:22] ==================================================
[18:00:23] 📤 Arrancando las 3 descargas en paralelo (mismo browser, páginas separadas)...
[18:00:23] Fecha Desde: 27/06/2024
[18:00:23] Fecha Hasta: 24/11/2025
[18:00:23] Fecha Desde: 25/11/2025
[18:00:23] Fecha Hasta: 29/07/2026
[18:00:23] Descargando Excel...
[18:00:23] Descargando Excel...
[18:00:36] Archivo descargado en: backend/descargas/cache_actas_cruce/MULTAS_JUZGADO_CRUCE.xlsx
[18:00:37] ⏱ [actas_juzgado] completado en 14.8s
[18:00:45] Archivo descargado en: backend/descargas/cache_actas_cruce/MULTAS_SIGEMI_CRUCE.xlsx
[18:00:48] ⏱ [actas_sigemi] completado en 25.1s
[18:00:50] ✅ TXT de pagos descargado en: backend/descargas/pagos/2026-07-29/PAGOS DESCARGADOS.txt
[18:00:50] ⏱ [pagos_txt] completado en 27.3s
[18:00:50] ⏱ TOTAL descargas en paralelo: 27.3s
[18:00:50] ✅ DescargasParalelasPaso finalizado. (⏱ 27.6s)
[18:00:50] ✓ [DescargasParalelasPaso] Completado.
[18:00:50] ▶ [CompararActasPaso] Iniciando...
[18:00:50] ==================================================
[18:00:50] 🚀 PASO: CompararActasPaso
[18:00:50] ==================================================
[18:00:50] 🔍 Comparando actas del SEMyT contra pagos del Juzgado...
[18:00:50] ================================================================================
[18:00:50] INICIANDO PROCESO DE GENERACIÓN DE PAGOS DESACTUALIZADOS
[18:00:50] ================================================================================
[18:00:50] 📂 Cargando archivos...
[18:00:50]   ✓ Pagos: 18880 registros
[18:00:53]   ✓ Excel SIGEMI (multas vencidas viejas): 102826 registros
[18:00:54]   ✓ Excel Juzgado (multas vencidas nuevas): 40162 registros
[18:00:55] ================================================================================
[18:00:55] PASO 1: LLENANDO ACTA_NUMERO (búsqueda por patente + fecha, con desempate por hora)
[18:00:55] ================================================================================
[18:00:56] 📊 ESTADÍSTICAS DE LLENADO DE ACTAS:
[18:00:56]   • Pagos con acta ORIGINAL: 4163
[18:00:56]   • Pagos SIN acta (buscados): 14717
[18:00:56]   • Pagos LLENADOS exitosamente: 0
[18:00:56]   • Pagos NO encontrados en multas: 14717
[18:00:56]   • Pagos SIN RESOLVER por desbalance de cantidades: 0
[18:00:57] ================================================================================
[18:00:57] PASO 1: LLENANDO ACTA_NUMERO (búsqueda por patente + fecha, con desempate por hora)
[18:00:57] ================================================================================
[18:00:58] 📊 ESTADÍSTICAS DE LLENADO DE ACTAS:
[18:00:58]   • Pagos con acta ORIGINAL: 4163
[18:00:58]   • Pagos SIN acta (buscados): 14717
[18:00:58]   • Pagos LLENADOS exitosamente: 0
[18:00:58]   • Pagos NO encontrados en multas: 14717
[18:00:58]   • Pagos SIN RESOLVER por desbalance de cantidades: 0
[18:00:58] ⏱ PASO 1 (llenar actas): 3.4s
[18:00:58] ================================================================================
[18:00:58] PASO 2: FILTRANDO PAGOS CON ACTA_NUMERO COMPLETO
[18:00:58] ================================================================================
[18:00:58] 📊 ESTADÍSTICAS DE FILTRADO:
[18:00:58]   • Pagos TOTALES al inicio: 18880
[18:00:58]   • Pagos CON acta (MANTIENEN): 4163
[18:00:58]   • Pagos RECHAZADOS (sin coincidencias): 14717
[18:00:58] ⚠️  Se eliminaron 14717 registros sin número de acta
[18:00:58]      (recordá: esto incluye tanto pagos ya actualizados/pagados
[18:00:58]       como pagos que quedaron sin resolver por desbalance en el Paso 1)
[18:00:58] ================================================================================
[18:00:58] PASO 2-bis: CONFIRMANDO VIGENCIA DE PAGOS (sistema NUEVO contra MULTAS_JUZGADO_CRUCE, sistema VIEJO contra SIGEMI)
[18:00:58] ================================================================================
[18:00:58]   ⚠ 4158 pago(s) descartados: su acta ya no figura como vencida en MULTAS_JUZGADO_CRUCE (SEMyT ya los actualizó).
[18:00:58]   ⚠ 2 pago(s) descartados: su acta ya no figura como vencida en el Excel de SIGEMI (SEMyT ya los actualizó).
[18:00:58]   • Pagos descartados en total por ya estar actualizados/pagados: 4160
[18:00:58] ⏱ PASO 2 (filtrar): 0.4s
[18:00:58] 📂 Cargando maestro de causas SIGEMI...
[18:00:58]   ✓ Causas totales (maestro): 134069 registros
[18:00:58] ⏱ PASO 2.5 (causas simplificado): 0.0s
[18:00:58] ================================================================================
[18:00:58] PASO 2.5: ARMANDO causas.txt SIMPLIFICADO (cruce contra total_causas_sigemi.txt)
[18:00:58] ================================================================================
[18:00:59]   • Actas vencidas viejas (multas): 102826
[18:00:59]   • Causas totales en el maestro SIGEMI: 134069
[18:00:59]   • Causas que coinciden (simplificado): 102499
[18:00:59]   ✅ Archivo escrito: backend/descargas/causas/causas.txt
[18:00:59] ⏱ PASO 2.5 (causas simplificado): 0.4s
[18:00:59] ================================================================================
[18:00:59] PASO 3: LLENANDO CAUSA_NUMERO (según fecha de cambio de sistema, cruzando por acta + año)
[18:00:59] ================================================================================
[18:00:59] 📊 ESTADÍSTICAS DE LLENADO DE CAUSAS:
[18:00:59]   • Pagos con causa ORIGINAL: 3
[18:00:59]   • Causas encontradas en SIGEMI (actas viejas): 0
[18:00:59]   • Causas NO encontradas en SIGEMI: 0
[18:00:59]   • Causas asignadas automáticamente (actas nuevas): 0
[18:00:59] ⏱ PASO 3 (llenar causas): 0.0s
[18:00:59] ================================================================================
[18:00:59] PASO 4: ORDENANDO POR FECHA Y ACTA_NUMERO
[18:00:59] ================================================================================
[18:00:59] ✓ Pagos ordenados correctamente
[18:00:59]   • Primera entrada: Acta=247523, Fecha=17/12/2025
[18:00:59]   • Última entrada: Acta=312157, Fecha=12/05/2026
[18:00:59] 📝 Escribiendo archivo de salida...
[18:00:59]   ✅ Archivo escrito: backend/descargas/pagos/2026-07-29/PAGOS 20260729 180050.txt
[18:00:59]   ✅ Total registros: 477
[18:00:59] ⏱ PASO 4 (ordenar y escribir): 0.0s
[18:00:59] ================================================================================
[18:00:59] ✅ PROCESO COMPLETADO EXITOSAMENTE
[18:00:59] ================================================================================
[18:00:59] 📊 RESUMEN FINAL DEL PROCESAMIENTO:
[18:00:59]   ENTRADA:
[18:00:59]     • Pagos originales: 18880
[18:00:59]     • Multas SIGEMI cargadas: 102826
[18:00:59]     • Multas Juzgado cargadas: 40162
[18:00:59]     • Causas simplificadas (usadas para el cruce): 102499
[18:00:59]   PROCESO:
[18:00:59]     • Pagos rechazados sigemi: 14717
[18:00:59]     • Pagos rechazados juzgado: 4160
[18:00:59]   SALIDA:
[18:00:59]     • Pagos desactualizados procesados: 3
[18:00:59]     • Archivo final: backend/descargas/pagos/2026-07-29/PAGOS 20260729 180050.txt
[18:00:59]     • Ordenados por fecha: SÍ ✓
[18:00:59]     • Todos con ACTA_NUMERO: SÍ ✓
[18:00:59]     • Todos con CAUSA_NUMERO: SÍ ✓
[18:00:59] ✅ TXT de pagos (ya cruzado con actas y causas) generado en: backend/descargas/pagos/2026-07-29/PAGOS 20260729 180050.txt
[18:00:59] 🧹 TXT de pagos crudo eliminado (ya usado en el cruce): backend/descargas/pagos/2026-07-29/PAGOS DESCARGADOS.txt
[18:00:59] 🧹 Excel MULTAS_SIGEMI_CRUCE eliminado (ya usado en el cruce): backend/descargas/cache_actas_cruce/MULTAS_SIGEMI_CRUCE.xlsx
[18:00:59] 🧹 Excel MULTAS_JUZGADO_CRUCE eliminado (ya usado en el cruce): backend/descargas/cache_actas_cruce/MULTAS_JUZGADO_CRUCE.xlsx
[18:00:59] ✅ CompararActasPaso finalizado. (⏱ 8.7s)
[18:00:59] ✓ [CompararActasPaso] Completado.
[18:00:59] ▶ [CargarPagosPaso] Iniciando...
[18:00:59] ==================================================
[18:00:59] 🚀 PASO: CargarPagosPaso
[18:00:59] ==================================================
[18:00:59] 📤 Subiendo TXT de pagos al SEMyT...
[18:01:01] ✅ Importación de pagos completada con éxito.
[18:01:01] ✅ Archivo TXT de pagos cargado en el SEMyT correctamente.
[18:01:01] ✅ CargarPagosPaso finalizado. (⏱ 2.1s)
[18:01:01] ✓ [CargarPagosPaso] Completado.
[18:01:01] === Ejecución finalizada con éxito ===
