[14:13:07] === Inicio de ejecución: pagos ===
[14:13:08] ▶ [LoginSemytPaso] Iniciando...
[14:13:08] ==================================================
[14:13:08] 🚀 PASO: LoginSemytPaso
[14:13:08] ==================================================
[14:13:08] Abriendo SEMyT...
[14:13:11] ✅ [SEMyT] Sesión existente detectada. Login omitido.
[14:13:11] ✅ LoginSemytPaso finalizado. (⏱ 3.2s)
[14:13:11] ✓ [LoginSemytPaso] Completado.
[14:13:11] ▶ [LoginJuzgadoPaso] Iniciando...
[14:13:11] ==================================================
[14:13:11] 🚀 PASO: LoginJuzgadoPaso
[14:13:11] ==================================================
[14:13:11] Abriendo sitio municipalidad (CiDi)...
[14:13:12] ✅ [Juzgado] Sesión existente detectada. Login omitido.
[14:13:12] ✅ LoginJuzgadoPaso finalizado. (⏱ 0.9s)
[14:13:12] ✓ [LoginJuzgadoPaso] Completado.
[14:13:12] ▶ [DescargasParalelasPaso] Iniciando...
[14:13:12] ==================================================
[14:13:12] 🚀 PASO: DescargasParalelasPaso
[14:13:12] ==================================================
[14:13:12] 📤 Arrancando las 3 descargas en paralelo (mismo browser, páginas separadas)...
[14:13:12] Fecha Desde: 27/06/2024
[14:13:12] Fecha Hasta: 24/11/2025
[14:13:12] Fecha Desde: 25/11/2025
[14:13:12] Fecha Hasta: 29/07/2026
[14:13:12] Descargando Excel...
[14:13:12] Descargando Excel...
[14:13:21] Archivo descargado en: backend/descargas/cache_actas_cruce/MULTAS_JUZGADO_CRUCE.xlsx
[14:13:23] ⏱ [actas_juzgado] completado en 10.2s
[14:13:30] Archivo descargado en: backend/descargas/cache_actas_cruce/MULTAS_SIGEMI_CRUCE.xlsx
[14:13:33] ⏱ [actas_sigemi] completado en 20.9s
[14:13:36] ✅ TXT de pagos descargado en: backend/descargas/pagos/2026-07-29/PAGOS DESCARGADOS.txt
[14:13:36] ⏱ [pagos_txt] completado en 23.9s
[14:13:36] ⏱ TOTAL descargas en paralelo: 23.9s
[14:13:36] ✅ DescargasParalelasPaso finalizado. (⏱ 24.1s)
[14:13:36] ✓ [DescargasParalelasPaso] Completado.
[14:13:36] ▶ [CompararActasPaso] Iniciando...
[14:13:36] ==================================================
[14:13:36] 🚀 PASO: CompararActasPaso
[14:13:36] ==================================================
[14:13:36] 🔍 Comparando actas del SEMyT contra pagos del Juzgado...
[14:13:36] ================================================================================
[14:13:36] INICIANDO PROCESO DE GENERACIÓN DE PAGOS DESACTUALIZADOS
[14:13:36] ================================================================================
[14:13:36] 📂 Cargando archivos...
[14:13:36]   ✓ Pagos: 18818 registros
[14:13:40]   ✓ Excel SIGEMI (multas vencidas viejas): 102835 registros
[14:13:41]   ✓ Excel Juzgado (multas vencidas nuevas): 40226 registros
[14:13:41] ================================================================================
[14:13:41] PASO 1: LLENANDO ACTA_NUMERO (búsqueda por patente + fecha, con desempate por hora)
[14:13:41] ================================================================================
[14:13:43] 📊 ESTADÍSTICAS DE LLENADO DE ACTAS:
[14:13:43]   • Pagos con acta ORIGINAL: 4105
[14:13:43]   • Pagos SIN acta (buscados): 14713
[14:13:43]   • Pagos LLENADOS exitosamente: 0
[14:13:43]   • Pagos NO encontrados en multas: 14713
[14:13:43]   • Pagos SIN RESOLVER por desbalance de cantidades: 0
[14:13:43] ================================================================================
[14:13:43] PASO 1: LLENANDO ACTA_NUMERO (búsqueda por patente + fecha, con desempate por hora)
[14:13:43] ================================================================================
[14:13:44] 📊 ESTADÍSTICAS DE LLENADO DE ACTAS:
[14:13:44]   • Pagos con acta ORIGINAL: 4105
[14:13:44]   • Pagos SIN acta (buscados): 14713
[14:13:44]   • Pagos LLENADOS exitosamente: 0
[14:13:44]   • Pagos NO encontrados en multas: 14713
[14:13:44]   • Pagos SIN RESOLVER por desbalance de cantidades: 0
[14:13:44] ⏱ PASO 1 (llenar actas): 3.5s
[14:13:44] ================================================================================
[14:13:44] PASO 2: FILTRANDO PAGOS CON ACTA_NUMERO COMPLETO
[14:13:44] ================================================================================
[14:13:44] 📊 ESTADÍSTICAS DE FILTRADO:
[14:13:44]   • Pagos TOTALES al inicio: 18818
[14:13:44]   • Pagos CON acta (MANTIENEN): 4105
[14:13:44]   • Pagos RECHAZADOS (sin coincidencias): 14713
[14:13:44] ⚠️  Se eliminaron 14713 registros sin número de acta
[14:13:44]      (recordá: esto incluye tanto pagos ya actualizados/pagados
[14:13:44]       como pagos que quedaron sin resolver por desbalance en el Paso 1)
[14:13:44] ================================================================================
[14:13:44] PASO 2-bis: CONFIRMANDO VIGENCIA DE PAGOS (sistema NUEVO contra MULTAS_JUZGADO_CRUCE, sistema VIEJO contra SIGEMI)
[14:13:44] ================================================================================
[14:13:45]   ⚠ 4098 pago(s) descartados: su acta ya no figura como vencida en MULTAS_JUZGADO_CRUCE (SEMyT ya los actualizó).
[14:13:45]   ⚠ 2 pago(s) descartados: su acta ya no figura como vencida en el Excel de SIGEMI (SEMyT ya los actualizó).
[14:13:45]   • Pagos descartados en total por ya estar actualizados/pagados: 4100
[14:13:45] ⏱ PASO 2 (filtrar): 0.4s
[14:13:45] 📂 Cargando maestro de causas SIGEMI...
[14:13:45]   ✓ Causas totales (maestro): 134069 registros
[14:13:45] ⏱ PASO 2.5 (causas simplificado): 0.0s
[14:13:45] ================================================================================
[14:13:45] PASO 2.5: ARMANDO causas.txt SIMPLIFICADO (cruce contra total_causas_sigemi.txt)
[14:13:45] ================================================================================
[14:13:45]   • Actas vencidas viejas (multas): 102835
[14:13:45]   • Causas totales en el maestro SIGEMI: 134069
[14:13:45]   • Causas que coinciden (simplificado): 102508
[14:13:45]   ✅ Archivo escrito: backend/descargas/causas/causas.txt
[14:13:45] ⏱ PASO 2.5 (causas simplificado): 0.4s
[14:13:45] ================================================================================
[14:13:45] PASO 3: LLENANDO CAUSA_NUMERO (según fecha de cambio de sistema, cruzando por acta + año)
[14:13:45] ================================================================================
[14:13:45] 📊 ESTADÍSTICAS DE LLENADO DE CAUSAS:
[14:13:45]   • Pagos con causa ORIGINAL: 5
[14:13:45]   • Causas encontradas en SIGEMI (actas viejas): 0
[14:13:45]   • Causas NO encontradas en SIGEMI: 0
[14:13:45]   • Causas asignadas automáticamente (actas nuevas): 0
[14:13:45] ⏱ PASO 3 (llenar causas): 0.0s
[14:13:45] ================================================================================
[14:13:45] PASO 4: ORDENANDO POR FECHA Y ACTA_NUMERO
[14:13:45] ================================================================================
[14:13:45] ✓ Pagos ordenados correctamente
[14:13:45]   • Primera entrada: Acta=265220, Fecha=11/02/2026
[14:13:45]   • Última entrada: Acta=312253, Fecha=12/05/2026
[14:13:45] 📝 Escribiendo archivo de salida...
[14:13:45]   ✅ Archivo escrito: backend/descargas/pagos/2026-07-29/PAGOS 20260729 141336.txt
[14:13:45]   ✅ Total registros: 693
[14:13:45] ⏱ PASO 4 (ordenar y escribir): 0.0s
[14:13:45] ================================================================================
[14:13:45] ✅ PROCESO COMPLETADO EXITOSAMENTE
[14:13:45] ================================================================================
[14:13:45] 📊 RESUMEN FINAL DEL PROCESAMIENTO:
[14:13:45]   ENTRADA:
[14:13:45]     • Pagos originales: 18818
[14:13:45]     • Multas SIGEMI cargadas: 102835
[14:13:45]     • Multas Juzgado cargadas: 40226
[14:13:45]     • Causas simplificadas (usadas para el cruce): 102508
[14:13:45]   PROCESO:
[14:13:45]     • Pagos rechazados sigemi: 14713
[14:13:45]     • Pagos rechazados juzgado: 4100
[14:13:45]   SALIDA:
[14:13:45]     • Pagos desactualizados procesados: 5
[14:13:45]     • Archivo final: backend/descargas/pagos/2026-07-29/PAGOS 20260729 141336.txt
[14:13:45]     • Ordenados por fecha: SÍ ✓
[14:13:45]     • Todos con ACTA_NUMERO: SÍ ✓
[14:13:45]     • Todos con CAUSA_NUMERO: SÍ ✓
[14:13:45] ✅ TXT de pagos (ya cruzado con actas y causas) generado en: backend/descargas/pagos/2026-07-29/PAGOS 20260729 141336.txt
[14:13:45] 🧹 TXT de pagos crudo eliminado (ya usado en el cruce): backend/descargas/pagos/2026-07-29/PAGOS DESCARGADOS.txt
[14:13:45] 🧹 Excel MULTAS_SIGEMI_CRUCE eliminado (ya usado en el cruce): backend/descargas/cache_actas_cruce/MULTAS_SIGEMI_CRUCE.xlsx
[14:13:45] 🧹 Excel MULTAS_JUZGADO_CRUCE eliminado (ya usado en el cruce): backend/descargas/cache_actas_cruce/MULTAS_JUZGADO_CRUCE.xlsx
[14:13:45] ✅ CompararActasPaso finalizado. (⏱ 8.8s)
[14:13:45] ✓ [CompararActasPaso] Completado.
[14:13:45] ▶ [CargarPagosPaso] Iniciando...
[14:13:45] ==================================================
[14:13:45] 🚀 PASO: CargarPagosPaso
[14:13:45] ==================================================
[14:13:45] 📤 Subiendo TXT de pagos al SEMyT...
[14:13:47] ✅ Importación de pagos completada con éxito.
[14:13:47] ✅ Archivo TXT de pagos cargado en el SEMyT correctamente.
[14:13:47] ✅ CargarPagosPaso finalizado. (⏱ 2.0s)
[14:13:47] ✓ [CargarPagosPaso] Completado.
[14:13:47] === Ejecución finalizada con éxito ===
