[22:55:53] === Inicio de ejecución: pagos ===
[22:55:54] ▶ [LoginSemytPaso] Iniciando...
[22:55:54] ==================================================
[22:55:54] 🚀 PASO: LoginSemytPaso
[22:55:54] ==================================================
[22:55:54] Abriendo SEMyT...
[22:55:56] ✅ [SEMyT] Sesión existente detectada. Login omitido.
[22:55:56] ✅ LoginSemytPaso finalizado. (⏱ 2.3s)
[22:55:56] ✓ [LoginSemytPaso] Completado.
[22:55:56] ▶ [LoginJuzgadoPaso] Iniciando...
[22:55:56] ==================================================
[22:55:56] 🚀 PASO: LoginJuzgadoPaso
[22:55:56] ==================================================
[22:55:56] Abriendo sitio municipalidad (CiDi)...
[22:55:57] ✅ [Juzgado] Sesión existente detectada. Login omitido.
[22:55:57] ✅ LoginJuzgadoPaso finalizado. (⏱ 0.6s)
[22:55:57] ✓ [LoginJuzgadoPaso] Completado.
[22:55:57] ▶ [DescargasParalelasPaso] Iniciando...
[22:55:57] ==================================================
[22:55:57] 🚀 PASO: DescargasParalelasPaso
[22:55:57] ==================================================
[22:55:57] 📤 Arrancando las 3 descargas en paralelo (mismo browser, páginas separadas)...
[22:55:57] Fecha Desde: 27/06/2024
[22:55:57] Fecha Hasta: 24/11/2025
[22:55:57] Fecha Desde: 25/11/2025
[22:55:57] Fecha Hasta: 29/07/2026
[22:55:57] Descargando Excel...
[22:55:57] Descargando Excel...
[22:56:06] Archivo descargado en: backend/descargas/cache_actas_cruce/MULTAS_JUZGADO_CRUCE.xlsx
[22:56:07] ⏱ [actas_juzgado] completado en 10.2s
[22:56:14] Archivo descargado en: backend/descargas/cache_actas_cruce/MULTAS_SIGEMI_CRUCE.xlsx
[22:56:18] ⏱ [actas_sigemi] completado en 20.8s
[22:56:23] ✅ TXT de pagos descargado en: backend/descargas/pagos/2026-07-29/PAGOS DESCARGADOS.txt
[22:56:23] ⏱ [pagos_txt] completado en 25.9s
[22:56:23] ⏱ TOTAL descargas en paralelo: 25.9s
[22:56:23] ✅ DescargasParalelasPaso finalizado. (⏱ 26.2s)
[22:56:23] ✓ [DescargasParalelasPaso] Completado.
[22:56:23] ▶ [CompararActasPaso] Iniciando...
[22:56:23] ==================================================
[22:56:23] 🚀 PASO: CompararActasPaso
[22:56:23] ==================================================
[22:56:23] 🔍 Comparando actas del SEMyT contra pagos del Juzgado...
[22:56:23] ================================================================================
[22:56:23] INICIANDO PROCESO DE GENERACIÓN DE PAGOS DESACTUALIZADOS
[22:56:23] ================================================================================
[22:56:23] 📂 Cargando archivos...
[22:56:23]   ✓ Pagos: 18974 registros
[22:56:26]   ✓ Excel SIGEMI (multas vencidas viejas): 102794 registros
[22:56:27]   ✓ Excel Juzgado (multas vencidas nuevas): 40096 registros
[22:56:28] ================================================================================
[22:56:28] PASO 1: LLENANDO ACTA_NUMERO (búsqueda por patente + fecha, con desempate por hora)
[22:56:28] ================================================================================
[22:56:29] 📊 ESTADÍSTICAS DE LLENADO DE ACTAS:
[22:56:29]   • Pagos con acta ORIGINAL: 4225
[22:56:29]   • Pagos SIN acta (buscados): 14749
[22:56:29]   • Pagos LLENADOS exitosamente: 1
[22:56:29]   • Pagos NO encontrados en multas: 14748
[22:56:29]   • Pagos SIN RESOLVER por desbalance de cantidades: 0
[22:56:30] ================================================================================
[22:56:30] PASO 1: LLENANDO ACTA_NUMERO (búsqueda por patente + fecha, con desempate por hora)
[22:56:30] ================================================================================
[22:56:31] 📊 ESTADÍSTICAS DE LLENADO DE ACTAS:
[22:56:31]   • Pagos con acta ORIGINAL: 4226
[22:56:31]   • Pagos SIN acta (buscados): 14748
[22:56:31]   • Pagos LLENADOS exitosamente: 0
[22:56:31]   • Pagos NO encontrados en multas: 14748
[22:56:31]   • Pagos SIN RESOLVER por desbalance de cantidades: 0
[22:56:31] ⏱ PASO 1 (llenar actas): 3.6s
[22:56:31] ================================================================================
[22:56:31] PASO 2: FILTRANDO PAGOS CON ACTA_NUMERO COMPLETO
[22:56:31] ================================================================================
[22:56:31] 📊 ESTADÍSTICAS DE FILTRADO:
[22:56:31]   • Pagos TOTALES al inicio: 18974
[22:56:31]   • Pagos CON acta (MANTIENEN): 4226
[22:56:31]   • Pagos RECHAZADOS (sin coincidencias): 14748
[22:56:31] ⚠️  Se eliminaron 14748 registros sin número de acta
[22:56:31]      (recordá: esto incluye tanto pagos ya actualizados/pagados
[22:56:31]       como pagos que quedaron sin resolver por desbalance en el Paso 1)
[22:56:31] ================================================================================
[22:56:31] PASO 2-bis: CONFIRMANDO VIGENCIA DE PAGOS (sistema NUEVO contra MULTAS_JUZGADO_CRUCE, sistema VIEJO contra SIGEMI)
[22:56:31] ================================================================================
[22:56:31]   ⚠ 4220 pago(s) descartados: su acta ya no figura como vencida en MULTAS_JUZGADO_CRUCE (SEMyT ya los actualizó).
[22:56:31]   ⚠ 2 pago(s) descartados: su acta ya no figura como vencida en el Excel de SIGEMI (SEMyT ya los actualizó).
[22:56:31]   • Pagos descartados en total por ya estar actualizados/pagados: 4222
[22:56:31] ⏱ PASO 2 (filtrar): 0.4s
[22:56:31] 📂 Cargando maestro de causas SIGEMI...
[22:56:31]   ✓ Causas totales (maestro): 134069 registros
[22:56:31] ⏱ PASO 2.5 (causas simplificado): 0.0s
[22:56:31] ================================================================================
[22:56:31] PASO 2.5: ARMANDO causas.txt SIMPLIFICADO (cruce contra total_causas_sigemi.txt)
[22:56:31] ================================================================================
[22:56:32]   • Actas vencidas viejas (multas): 102794
[22:56:32]   • Causas totales en el maestro SIGEMI: 134069
[22:56:32]   • Causas que coinciden (simplificado): 102467
[22:56:32]   ✅ Archivo escrito: backend/descargas/causas/causas.txt
[22:56:32] ⏱ PASO 2.5 (causas simplificado): 0.4s
[22:56:32] ================================================================================
[22:56:32] PASO 3: LLENANDO CAUSA_NUMERO (según fecha de cambio de sistema, cruzando por acta + año)
[22:56:32] ================================================================================
[22:56:32] 📊 ESTADÍSTICAS DE LLENADO DE CAUSAS:
[22:56:32]   • Pagos con causa ORIGINAL: 3
[22:56:32]   • Causas encontradas en SIGEMI (actas viejas): 1
[22:56:32]   • Causas NO encontradas en SIGEMI: 0
[22:56:32]   • Causas asignadas automáticamente (actas nuevas): 0
[22:56:32] ⏱ PASO 3 (llenar causas): 0.0s
[22:56:32] ================================================================================
[22:56:32] PASO 4: ORDENANDO POR FECHA Y ACTA_NUMERO
[22:56:32] ================================================================================
[22:56:32] ✓ Pagos ordenados correctamente
[22:56:32]   • Primera entrada: Acta=228112, Fecha=31/10/2025
[22:56:32]   • Última entrada: Acta=316767, Fecha=19/05/2026
[22:56:32] 📝 Escribiendo archivo de salida...
[22:56:32]   ✅ Archivo escrito: backend/descargas/pagos/2026-07-29/PAGOS 20260729 225623.txt
[22:56:32]   ✅ Total registros: 590
[22:56:32] ⏱ PASO 4 (ordenar y escribir): 0.0s
[22:56:32] ================================================================================
[22:56:32] ✅ PROCESO COMPLETADO EXITOSAMENTE
[22:56:32] ================================================================================
[22:56:32] 📊 RESUMEN FINAL DEL PROCESAMIENTO:
[22:56:32]   ENTRADA:
[22:56:32]     • Pagos originales: 18974
[22:56:32]     • Multas SIGEMI cargadas: 102794
[22:56:32]     • Multas Juzgado cargadas: 40096
[22:56:32]     • Causas simplificadas (usadas para el cruce): 102467
[22:56:32]   PROCESO:
[22:56:32]     • Pagos rechazados sigemi: 14748
[22:56:32]     • Pagos rechazados juzgado: 4222
[22:56:32]   SALIDA:
[22:56:32]     • Pagos desactualizados procesados: 4
[22:56:32]     • Archivo final: backend/descargas/pagos/2026-07-29/PAGOS 20260729 225623.txt
[22:56:32]     • Ordenados por fecha: SÍ ✓
[22:56:32]     • Todos con ACTA_NUMERO: SÍ ✓
[22:56:32]     • Todos con CAUSA_NUMERO: SÍ ✓
[22:56:32] ✅ TXT de pagos (ya cruzado con actas y causas) generado en: backend/descargas/pagos/2026-07-29/PAGOS 20260729 225623.txt
[22:56:32] 🧹 TXT de pagos crudo eliminado (ya usado en el cruce): backend/descargas/pagos/2026-07-29/PAGOS DESCARGADOS.txt
[22:56:32] 🧹 Excel MULTAS_SIGEMI_CRUCE eliminado (ya usado en el cruce): backend/descargas/cache_actas_cruce/MULTAS_SIGEMI_CRUCE.xlsx
[22:56:32] 🧹 Excel MULTAS_JUZGADO_CRUCE eliminado (ya usado en el cruce): backend/descargas/cache_actas_cruce/MULTAS_JUZGADO_CRUCE.xlsx
[22:56:32] ✅ CompararActasPaso finalizado. (⏱ 9.0s)
[22:56:32] ✓ [CompararActasPaso] Completado.
[22:56:32] ▶ [CargarPagosPaso] Iniciando...
[22:56:32] ==================================================
[22:56:32] 🚀 PASO: CargarPagosPaso
[22:56:32] ==================================================
[22:56:32] 📤 Subiendo TXT de pagos al SEMyT...
[22:56:34] ✅ Importación de pagos completada con éxito.
[22:56:34] ✅ Archivo TXT de pagos cargado en el SEMyT correctamente.
[22:56:34] ✅ CargarPagosPaso finalizado. (⏱ 2.2s)
[22:56:34] ✓ [CargarPagosPaso] Completado.
[22:56:34] === Ejecución finalizada con éxito ===
