[19:16:17] === Inicio de ejecución: pagos ===
[19:16:17] ▶ [LoginSemytPaso] Iniciando...
[19:16:17] ==================================================
[19:16:17] 🚀 PASO: LoginSemytPaso
[19:16:17] ==================================================
[19:16:17] Abriendo SEMyT...
[19:16:22] ✅ [SEMyT] Sesión existente detectada. Login omitido.
[19:16:22] ✅ LoginSemytPaso finalizado. (⏱ 4.6s)
[19:16:22] ✓ [LoginSemytPaso] Completado.
[19:16:22] ▶ [LoginJuzgadoPaso] Iniciando...
[19:16:22] ==================================================
[19:16:22] 🚀 PASO: LoginJuzgadoPaso
[19:16:22] ==================================================
[19:16:22] Abriendo sitio municipalidad (CiDi)...
[19:16:22] ✅ [Juzgado] Sesión existente detectada. Login omitido.
[19:16:22] ✅ LoginJuzgadoPaso finalizado. (⏱ 0.5s)
[19:16:22] ✓ [LoginJuzgadoPaso] Completado.
[19:16:22] ▶ [DescargasParalelasPaso] Iniciando...
[19:16:22] ==================================================
[19:16:22] 🚀 PASO: DescargasParalelasPaso
[19:16:22] ==================================================
[19:16:23] 📤 Arrancando las 3 descargas en paralelo (mismo browser, páginas separadas)...
[19:16:23] Fecha Desde: 27/06/2024
[19:16:23] Fecha Hasta: 24/11/2025
[19:16:23] Fecha Desde: 25/11/2025
[19:16:23] Fecha Hasta: 29/07/2026
[19:16:23] Descargando Excel...
[19:16:23] Descargando Excel...
[19:16:32] Archivo descargado en: backend/descargas/cache_actas_cruce/MULTAS_JUZGADO_CRUCE.xlsx
[19:16:34] ⏱ [actas_juzgado] completado en 11.0s
[19:16:43] Archivo descargado en: backend/descargas/cache_actas_cruce/MULTAS_SIGEMI_CRUCE.xlsx
[19:16:46] ⏱ [actas_sigemi] completado en 23.5s
[19:17:08] ✅ TXT de pagos descargado en: backend/descargas/pagos/2026-07-29/PAGOS DESCARGADOS.txt
[19:17:08] ⏱ [pagos_txt] completado en 45.3s
[19:17:08] ⏱ TOTAL descargas en paralelo: 45.3s
[19:17:08] ✅ DescargasParalelasPaso finalizado. (⏱ 45.6s)
[19:17:08] ✓ [DescargasParalelasPaso] Completado.
[19:17:08] ▶ [CompararActasPaso] Iniciando...
[19:17:08] ==================================================
[19:17:08] 🚀 PASO: CompararActasPaso
[19:17:08] ==================================================
[19:17:08] 🔍 Comparando actas del SEMyT contra pagos del Juzgado...
[19:17:08] ================================================================================
[19:17:08] INICIANDO PROCESO DE GENERACIÓN DE PAGOS DESACTUALIZADOS
[19:17:08] ================================================================================
[19:17:08] 📂 Cargando archivos...
[19:17:08]   ✓ Pagos: 18906 registros
[19:17:11]   ✓ Excel SIGEMI (multas vencidas viejas): 102813 registros
[19:17:12]   ✓ Excel Juzgado (multas vencidas nuevas): 40146 registros
[19:17:13] ================================================================================
[19:17:13] PASO 1: LLENANDO ACTA_NUMERO (búsqueda por patente + fecha, con desempate por hora)
[19:17:13] ================================================================================
[19:17:14] 📊 ESTADÍSTICAS DE LLENADO DE ACTAS:
[19:17:14]   • Pagos con acta ORIGINAL: 4176
[19:17:14]   • Pagos SIN acta (buscados): 14730
[19:17:14]   • Pagos LLENADOS exitosamente: 1
[19:17:14]   • Pagos NO encontrados en multas: 14729
[19:17:14]   • Pagos SIN RESOLVER por desbalance de cantidades: 0
[19:17:14] ================================================================================
[19:17:14] PASO 1: LLENANDO ACTA_NUMERO (búsqueda por patente + fecha, con desempate por hora)
[19:17:14] ================================================================================
[19:17:16] 📊 ESTADÍSTICAS DE LLENADO DE ACTAS:
[19:17:16]   • Pagos con acta ORIGINAL: 4177
[19:17:16]   • Pagos SIN acta (buscados): 14729
[19:17:16]   • Pagos LLENADOS exitosamente: 0
[19:17:16]   • Pagos NO encontrados en multas: 14729
[19:17:16]   • Pagos SIN RESOLVER por desbalance de cantidades: 0
[19:17:16] ⏱ PASO 1 (llenar actas): 3.5s
[19:17:16] ================================================================================
[19:17:16] PASO 2: FILTRANDO PAGOS CON ACTA_NUMERO COMPLETO
[19:17:16] ================================================================================
[19:17:16] 📊 ESTADÍSTICAS DE FILTRADO:
[19:17:16]   • Pagos TOTALES al inicio: 18906
[19:17:16]   • Pagos CON acta (MANTIENEN): 4177
[19:17:16]   • Pagos RECHAZADOS (sin coincidencias): 14729
[19:17:16] ⚠️  Se eliminaron 14729 registros sin número de acta
[19:17:16]      (recordá: esto incluye tanto pagos ya actualizados/pagados
[19:17:16]       como pagos que quedaron sin resolver por desbalance en el Paso 1)
[19:17:16] ================================================================================
[19:17:16] PASO 2-bis: CONFIRMANDO VIGENCIA DE PAGOS (sistema NUEVO contra MULTAS_JUZGADO_CRUCE, sistema VIEJO contra SIGEMI)
[19:17:16] ================================================================================
[19:17:16]   ⚠ 4170 pago(s) descartados: su acta ya no figura como vencida en MULTAS_JUZGADO_CRUCE (SEMyT ya los actualizó).
[19:17:16]   ⚠ 2 pago(s) descartados: su acta ya no figura como vencida en el Excel de SIGEMI (SEMyT ya los actualizó).
[19:17:16]   • Pagos descartados en total por ya estar actualizados/pagados: 4172
[19:17:16] ⏱ PASO 2 (filtrar): 0.4s
[19:17:16] 📂 Cargando maestro de causas SIGEMI...
[19:17:16]   ✓ Causas totales (maestro): 134069 registros
[19:17:16] ⏱ PASO 2.5 (causas simplificado): 0.0s
[19:17:16] ================================================================================
[19:17:16] PASO 2.5: ARMANDO causas.txt SIMPLIFICADO (cruce contra total_causas_sigemi.txt)
[19:17:16] ================================================================================
[19:17:16]   • Actas vencidas viejas (multas): 102813
[19:17:16]   • Causas totales en el maestro SIGEMI: 134069
[19:17:16]   • Causas que coinciden (simplificado): 102486
[19:17:16]   ✅ Archivo escrito: backend/descargas/causas/causas.txt
[19:17:17] ⏱ PASO 2.5 (causas simplificado): 0.4s
[19:17:17] ================================================================================
[19:17:17] PASO 3: LLENANDO CAUSA_NUMERO (según fecha de cambio de sistema, cruzando por acta + año)
[19:17:17] ================================================================================
[19:17:17] 📊 ESTADÍSTICAS DE LLENADO DE CAUSAS:
[19:17:17]   • Pagos con causa ORIGINAL: 4
[19:17:17]   • Causas encontradas en SIGEMI (actas viejas): 1
[19:17:17]   • Causas NO encontradas en SIGEMI: 0
[19:17:17]   • Causas asignadas automáticamente (actas nuevas): 0
[19:17:17] ⏱ PASO 3 (llenar causas): 0.0s
[19:17:17] ================================================================================
[19:17:17] PASO 4: ORDENANDO POR FECHA Y ACTA_NUMERO
[19:17:17] ================================================================================
[19:17:17] ✓ Pagos ordenados correctamente
[19:17:17]   • Primera entrada: Acta=211643, Fecha=26/09/2025
[19:17:17]   • Última entrada: Acta=318422, Fecha=21/05/2026
[19:17:17] 📝 Escribiendo archivo de salida...
[19:17:17]   ✅ Archivo escrito: backend/descargas/pagos/2026-07-29/PAGOS 20260729 191708.txt
[19:17:17]   ✅ Total registros: 648
[19:17:17] ⏱ PASO 4 (ordenar y escribir): 0.0s
[19:17:17] ================================================================================
[19:17:17] ✅ PROCESO COMPLETADO EXITOSAMENTE
[19:17:17] ================================================================================
[19:17:17] 📊 RESUMEN FINAL DEL PROCESAMIENTO:
[19:17:17]   ENTRADA:
[19:17:17]     • Pagos originales: 18906
[19:17:17]     • Multas SIGEMI cargadas: 102813
[19:17:17]     • Multas Juzgado cargadas: 40146
[19:17:17]     • Causas simplificadas (usadas para el cruce): 102486
[19:17:17]   PROCESO:
[19:17:17]     • Pagos rechazados sigemi: 14729
[19:17:17]     • Pagos rechazados juzgado: 4172
[19:17:17]   SALIDA:
[19:17:17]     • Pagos desactualizados procesados: 5
[19:17:17]     • Archivo final: backend/descargas/pagos/2026-07-29/PAGOS 20260729 191708.txt
[19:17:17]     • Ordenados por fecha: SÍ ✓
[19:17:17]     • Todos con ACTA_NUMERO: SÍ ✓
[19:17:17]     • Todos con CAUSA_NUMERO: SÍ ✓
[19:17:17] ✅ TXT de pagos (ya cruzado con actas y causas) generado en: backend/descargas/pagos/2026-07-29/PAGOS 20260729 191708.txt
[19:17:17] 🧹 TXT de pagos crudo eliminado (ya usado en el cruce): backend/descargas/pagos/2026-07-29/PAGOS DESCARGADOS.txt
[19:17:17] 🧹 Excel MULTAS_SIGEMI_CRUCE eliminado (ya usado en el cruce): backend/descargas/cache_actas_cruce/MULTAS_SIGEMI_CRUCE.xlsx
[19:17:17] 🧹 Excel MULTAS_JUZGADO_CRUCE eliminado (ya usado en el cruce): backend/descargas/cache_actas_cruce/MULTAS_JUZGADO_CRUCE.xlsx
[19:17:17] ✅ CompararActasPaso finalizado. (⏱ 8.6s)
[19:17:17] ✓ [CompararActasPaso] Completado.
[19:17:17] ▶ [CargarPagosPaso] Iniciando...
[19:17:17] ==================================================
[19:17:17] 🚀 PASO: CargarPagosPaso
[19:17:17] ==================================================
[19:17:17] 📤 Subiendo TXT de pagos al SEMyT...
[19:17:19] ✅ Importación de pagos completada con éxito.
[19:17:19] ✅ Archivo TXT de pagos cargado en el SEMyT correctamente.
[19:17:19] ✅ CargarPagosPaso finalizado. (⏱ 2.2s)
[19:17:19] ✓ [CargarPagosPaso] Completado.
[19:17:19] === Ejecución finalizada con éxito ===
