[10:37:55] === Inicio de ejecución: pagos ===
[10:37:55] ▶ [LoginSemytPaso] Iniciando...
[10:37:55] ==================================================
[10:37:55] 🚀 PASO: LoginSemytPaso
[10:37:55] ==================================================
[10:37:55] Abriendo SEMyT...
[10:38:21] ✅ [SEMyT] Sesión existente detectada. Login omitido.
[10:38:21] ✅ LoginSemytPaso finalizado. (⏱ 26.4s)
[10:38:21] ✓ [LoginSemytPaso] Completado.
[10:38:21] ▶ [LoginJuzgadoPaso] Iniciando...
[10:38:21] ==================================================
[10:38:21] 🚀 PASO: LoginJuzgadoPaso
[10:38:21] ==================================================
[10:38:21] Abriendo sitio municipalidad (CiDi)...
[10:38:22] ✅ [Juzgado] Sesión existente detectada. Login omitido.
[10:38:22] ✅ LoginJuzgadoPaso finalizado. (⏱ 0.6s)
[10:38:22] ✓ [LoginJuzgadoPaso] Completado.
[10:38:22] ▶ [DescargasParalelasPaso] Iniciando...
[10:38:22] ==================================================
[10:38:22] 🚀 PASO: DescargasParalelasPaso
[10:38:22] ==================================================
[10:38:22] 📤 Arrancando las 3 descargas en paralelo (mismo browser, páginas separadas)...
[10:38:22] Fecha Desde: 27/06/2024
[10:38:22] Fecha Hasta: 24/11/2025
[10:38:22] Fecha Desde: 25/11/2025
[10:38:22] Fecha Hasta: 29/07/2026
[10:38:22] Descargando Excel...
[10:38:22] Descargando Excel...
[10:38:45] Archivo descargado en: backend/descargas/cache_actas_cruce/MULTAS_JUZGADO_CRUCE.xlsx
[10:38:46] ⏱ [actas_juzgado] completado en 24.1s
[10:38:59] ✅ TXT de pagos descargado en: backend/descargas/pagos/2026-07-29/PAGOS DESCARGADOS.txt
[10:38:59] ⏱ [pagos_txt] completado en 37.2s
[10:39:06] Archivo descargado en: backend/descargas/cache_actas_cruce/MULTAS_SIGEMI_CRUCE.xlsx
[10:39:10] ⏱ [actas_sigemi] completado en 47.5s
[10:39:10] ⏱ TOTAL descargas en paralelo: 47.5s
[10:39:10] ✅ DescargasParalelasPaso finalizado. (⏱ 47.8s)
[10:39:10] ✓ [DescargasParalelasPaso] Completado.
[10:39:10] ▶ [CompararActasPaso] Iniciando...
[10:39:10] ==================================================
[10:39:10] 🚀 PASO: CompararActasPaso
[10:39:10] ==================================================
[10:39:10] 🔍 Comparando actas del SEMyT contra pagos del Juzgado...
[10:39:10] ================================================================================
[10:39:10] INICIANDO PROCESO DE GENERACIÓN DE PAGOS DESACTUALIZADOS
[10:39:10] ================================================================================
[10:39:10] 📂 Cargando archivos...
[10:39:10]   ✓ Pagos: 18695 registros
[10:39:13]   ✓ Excel SIGEMI (multas vencidas viejas): 102880 registros
[10:39:14]   ✓ Excel Juzgado (multas vencidas nuevas): 40324 registros
[10:39:15] ================================================================================
[10:39:15] PASO 1: LLENANDO ACTA_NUMERO (búsqueda por patente + fecha, con desempate por hora)
[10:39:15] ================================================================================
[10:39:16] 📊 ESTADÍSTICAS DE LLENADO DE ACTAS:
[10:39:16]   • Pagos con acta ORIGINAL: 4019
[10:39:16]   • Pagos SIN acta (buscados): 14676
[10:39:16]   • Pagos LLENADOS exitosamente: 8
[10:39:16]   • Pagos NO encontrados en multas: 14668
[10:39:16]   • Pagos SIN RESOLVER por desbalance de cantidades: 0
[10:39:16] ================================================================================
[10:39:16] PASO 1: LLENANDO ACTA_NUMERO (búsqueda por patente + fecha, con desempate por hora)
[10:39:16] ================================================================================
[10:39:18] 📊 ESTADÍSTICAS DE LLENADO DE ACTAS:
[10:39:18]   • Pagos con acta ORIGINAL: 4027
[10:39:18]   • Pagos SIN acta (buscados): 14668
[10:39:18]   • Pagos LLENADOS exitosamente: 0
[10:39:18]   • Pagos NO encontrados en multas: 14668
[10:39:18]   • Pagos SIN RESOLVER por desbalance de cantidades: 0
[10:39:18] ⏱ PASO 1 (llenar actas): 3.4s
[10:39:18] ================================================================================
[10:39:18] PASO 2: FILTRANDO PAGOS CON ACTA_NUMERO COMPLETO
[10:39:18] ================================================================================
[10:39:18] 📊 ESTADÍSTICAS DE FILTRADO:
[10:39:18]   • Pagos TOTALES al inicio: 18695
[10:39:18]   • Pagos CON acta (MANTIENEN): 4027
[10:39:18]   • Pagos RECHAZADOS (sin coincidencias): 14668
[10:39:18] ⚠️  Se eliminaron 14668 registros sin número de acta
[10:39:18]      (recordá: esto incluye tanto pagos ya actualizados/pagados
[10:39:18]       como pagos que quedaron sin resolver por desbalance en el Paso 1)
[10:39:18] ================================================================================
[10:39:18] PASO 2-bis: CONFIRMANDO VIGENCIA DE PAGOS (sistema NUEVO contra MULTAS_JUZGADO_CRUCE, sistema VIEJO contra SIGEMI)
[10:39:18] ================================================================================
[10:39:18]   ⚠ 4000 pago(s) descartados: su acta ya no figura como vencida en MULTAS_JUZGADO_CRUCE (SEMyT ya los actualizó).
[10:39:18]   ⚠ 2 pago(s) descartados: su acta ya no figura como vencida en el Excel de SIGEMI (SEMyT ya los actualizó).
[10:39:18]   • Pagos descartados en total por ya estar actualizados/pagados: 4002
[10:39:18] ⏱ PASO 2 (filtrar): 0.3s
[10:39:18] 📂 Cargando maestro de causas SIGEMI...
[10:39:18]   ✓ Causas totales (maestro): 134069 registros
[10:39:18] ⏱ PASO 2.5 (causas simplificado): 0.0s
[10:39:18] ================================================================================
[10:39:18] PASO 2.5: ARMANDO causas.txt SIMPLIFICADO (cruce contra total_causas_sigemi.txt)
[10:39:18] ================================================================================
[10:39:18]   • Actas vencidas viejas (multas): 102880
[10:39:18]   • Causas totales en el maestro SIGEMI: 134069
[10:39:18]   • Causas que coinciden (simplificado): 102553
[10:39:18]   ✅ Archivo escrito: backend/descargas/causas/causas.txt
[10:39:18] ⏱ PASO 2.5 (causas simplificado): 0.4s
[10:39:18] ================================================================================
[10:39:18] PASO 3: LLENANDO CAUSA_NUMERO (según fecha de cambio de sistema, cruzando por acta + año)
[10:39:18] ================================================================================
[10:39:18] 📊 ESTADÍSTICAS DE LLENADO DE CAUSAS:
[10:39:18]   • Pagos con causa ORIGINAL: 17
[10:39:18]   • Causas encontradas en SIGEMI (actas viejas): 8
[10:39:18]   • Causas NO encontradas en SIGEMI: 0
[10:39:18]   • Causas asignadas automáticamente (actas nuevas): 0
[10:39:18] ⏱ PASO 3 (llenar causas): 0.0s
[10:39:18] ================================================================================
[10:39:18] PASO 4: ORDENANDO POR FECHA Y ACTA_NUMERO
[10:39:18] ================================================================================
[10:39:18] ✓ Pagos ordenados correctamente
[10:39:18]   • Primera entrada: Acta=3949, Fecha=03/07/2024
[10:39:18]   • Última entrada: Acta=305663, Fecha=30/04/2026
[10:39:18] 📝 Escribiendo archivo de salida...
[10:39:18]   ✅ Archivo escrito: backend/descargas/pagos/2026-07-29/PAGOS 20260729 103910.txt
[10:39:18]   ✅ Total registros: 2758
[10:39:18] ⏱ PASO 4 (ordenar y escribir): 0.0s
[10:39:18] ================================================================================
[10:39:18] ✅ PROCESO COMPLETADO EXITOSAMENTE
[10:39:18] ================================================================================
[10:39:18] 📊 RESUMEN FINAL DEL PROCESAMIENTO:
[10:39:18]   ENTRADA:
[10:39:18]     • Pagos originales: 18695
[10:39:18]     • Multas SIGEMI cargadas: 102880
[10:39:18]     • Multas Juzgado cargadas: 40324
[10:39:18]     • Causas simplificadas (usadas para el cruce): 102553
[10:39:18]   PROCESO:
[10:39:18]     • Pagos rechazados sigemi: 14668
[10:39:18]     • Pagos rechazados juzgado: 4002
[10:39:18]   SALIDA:
[10:39:18]     • Pagos desactualizados procesados: 25
[10:39:18]     • Archivo final: backend/descargas/pagos/2026-07-29/PAGOS 20260729 103910.txt
[10:39:18]     • Ordenados por fecha: SÍ ✓
[10:39:18]     • Todos con ACTA_NUMERO: SÍ ✓
[10:39:18]     • Todos con CAUSA_NUMERO: SÍ ✓
[10:39:18] ✅ TXT de pagos (ya cruzado con actas y causas) generado en: backend/descargas/pagos/2026-07-29/PAGOS 20260729 103910.txt
[10:39:18] 🧹 TXT de pagos crudo eliminado (ya usado en el cruce): backend/descargas/pagos/2026-07-29/PAGOS DESCARGADOS.txt
[10:39:18] 🧹 Excel MULTAS_SIGEMI_CRUCE eliminado (ya usado en el cruce): backend/descargas/cache_actas_cruce/MULTAS_SIGEMI_CRUCE.xlsx
[10:39:18] 🧹 Excel MULTAS_JUZGADO_CRUCE eliminado (ya usado en el cruce): backend/descargas/cache_actas_cruce/MULTAS_JUZGADO_CRUCE.xlsx
[10:39:18] ✅ CompararActasPaso finalizado. (⏱ 8.7s)
[10:39:18] ✓ [CompararActasPaso] Completado.
[10:39:18] ▶ [CargarPagosPaso] Iniciando...
[10:39:18] ==================================================
[10:39:18] 🚀 PASO: CargarPagosPaso
[10:39:18] ==================================================
[10:39:18] 📤 Subiendo TXT de pagos al SEMyT...
[10:39:20] ✅ Importación de pagos completada con éxito.
[10:39:20] ✅ Archivo TXT de pagos cargado en el SEMyT correctamente.
[10:39:20] ✅ CargarPagosPaso finalizado. (⏱ 2.0s)
[10:39:20] ✓ [CargarPagosPaso] Completado.
[10:39:20] === Ejecución finalizada con éxito ===
