[12:44:57] === Inicio de ejecución: pagos ===
[12:44:57] ▶ [LoginSemytPaso] Iniciando...
[12:44:57] ==================================================
[12:44:57] 🚀 PASO: LoginSemytPaso
[12:44:57] ==================================================
[12:44:58] Abriendo SEMyT...
[12:45:08] ✅ [SEMyT] Sesión existente detectada. Login omitido.
[12:45:08] ✅ LoginSemytPaso finalizado. (⏱ 10.8s)
[12:45:08] ✓ [LoginSemytPaso] Completado.
[12:45:08] ▶ [LoginJuzgadoPaso] Iniciando...
[12:45:08] ==================================================
[12:45:08] 🚀 PASO: LoginJuzgadoPaso
[12:45:08] ==================================================
[12:45:08] Abriendo sitio municipalidad (CiDi)...
[12:45:09] ✅ [Juzgado] Sesión existente detectada. Login omitido.
[12:45:09] ✅ LoginJuzgadoPaso finalizado. (⏱ 0.8s)
[12:45:09] ✓ [LoginJuzgadoPaso] Completado.
[12:45:09] ▶ [DescargasParalelasPaso] Iniciando...
[12:45:09] ==================================================
[12:45:09] 🚀 PASO: DescargasParalelasPaso
[12:45:09] ==================================================
[12:45:09] 📤 Arrancando las 3 descargas en paralelo (mismo browser, páginas separadas)...
[12:45:09] Fecha Desde: 27/06/2024
[12:45:09] Fecha Hasta: 24/11/2025
[12:45:09] Fecha Desde: 25/11/2025
[12:45:09] Fecha Hasta: 29/07/2026
[12:45:09] Descargando Excel...
[12:45:09] Descargando Excel...
[12:45:32] Archivo descargado en: backend/descargas/cache_actas_cruce/MULTAS_JUZGADO_CRUCE.xlsx
[12:45:34] ⏱ [actas_juzgado] completado en 24.2s
[12:45:42] ✅ TXT de pagos descargado en: backend/descargas/pagos/2026-07-29/PAGOS DESCARGADOS.txt
[12:45:42] ⏱ [pagos_txt] completado en 32.6s
[12:45:56] Archivo descargado en: backend/descargas/cache_actas_cruce/MULTAS_SIGEMI_CRUCE.xlsx
[12:46:00] ⏱ [actas_sigemi] completado en 50.3s
[12:46:00] ⏱ TOTAL descargas en paralelo: 50.3s
[12:46:00] ✅ DescargasParalelasPaso finalizado. (⏱ 50.6s)
[12:46:00] ✓ [DescargasParalelasPaso] Completado.
[12:46:00] ▶ [CompararActasPaso] Iniciando...
[12:46:00] ==================================================
[12:46:00] 🚀 PASO: CompararActasPaso
[12:46:00] ==================================================
[12:46:00] 🔍 Comparando actas del SEMyT contra pagos del Juzgado...
[12:46:00] ================================================================================
[12:46:00] INICIANDO PROCESO DE GENERACIÓN DE PAGOS DESACTUALIZADOS
[12:46:00] ================================================================================
[12:46:00] 📂 Cargando archivos...
[12:46:00]   ✓ Pagos: 18776 registros
[12:46:03]   ✓ Excel SIGEMI (multas vencidas viejas): 102844 registros
[12:46:04]   ✓ Excel Juzgado (multas vencidas nuevas): 40257 registros
[12:46:05] ================================================================================
[12:46:05] PASO 1: LLENANDO ACTA_NUMERO (búsqueda por patente + fecha, con desempate por hora)
[12:46:05] ================================================================================
[12:46:06] 📊 ESTADÍSTICAS DE LLENADO DE ACTAS:
[12:46:06]   • Pagos con acta ORIGINAL: 4073
[12:46:06]   • Pagos SIN acta (buscados): 14703
[12:46:06]   • Pagos LLENADOS exitosamente: 0
[12:46:06]   • Pagos NO encontrados en multas: 14703
[12:46:06]   • Pagos SIN RESOLVER por desbalance de cantidades: 0
[12:46:06] ================================================================================
[12:46:06] PASO 1: LLENANDO ACTA_NUMERO (búsqueda por patente + fecha, con desempate por hora)
[12:46:06] ================================================================================
[12:46:08] 📊 ESTADÍSTICAS DE LLENADO DE ACTAS:
[12:46:08]   • Pagos con acta ORIGINAL: 4073
[12:46:08]   • Pagos SIN acta (buscados): 14703
[12:46:08]   • Pagos LLENADOS exitosamente: 0
[12:46:08]   • Pagos NO encontrados en multas: 14703
[12:46:08]   • Pagos SIN RESOLVER por desbalance de cantidades: 0
[12:46:08] ⏱ PASO 1 (llenar actas): 3.4s
[12:46:08] ================================================================================
[12:46:08] PASO 2: FILTRANDO PAGOS CON ACTA_NUMERO COMPLETO
[12:46:08] ================================================================================
[12:46:08] 📊 ESTADÍSTICAS DE FILTRADO:
[12:46:08]   • Pagos TOTALES al inicio: 18776
[12:46:08]   • Pagos CON acta (MANTIENEN): 4073
[12:46:08]   • Pagos RECHAZADOS (sin coincidencias): 14703
[12:46:08] ⚠️  Se eliminaron 14703 registros sin número de acta
[12:46:08]      (recordá: esto incluye tanto pagos ya actualizados/pagados
[12:46:08]       como pagos que quedaron sin resolver por desbalance en el Paso 1)
[12:46:08] ================================================================================
[12:46:08] PASO 2-bis: CONFIRMANDO VIGENCIA DE PAGOS (sistema NUEVO contra MULTAS_JUZGADO_CRUCE, sistema VIEJO contra SIGEMI)
[12:46:08] ================================================================================
[12:46:08]   ⚠ 4068 pago(s) descartados: su acta ya no figura como vencida en MULTAS_JUZGADO_CRUCE (SEMyT ya los actualizó).
[12:46:08]   ⚠ 2 pago(s) descartados: su acta ya no figura como vencida en el Excel de SIGEMI (SEMyT ya los actualizó).
[12:46:08]   • Pagos descartados en total por ya estar actualizados/pagados: 4070
[12:46:08] ⏱ PASO 2 (filtrar): 0.4s
[12:46:08] 📂 Cargando maestro de causas SIGEMI...
[12:46:08]   ✓ Causas totales (maestro): 134069 registros
[12:46:08] ⏱ PASO 2.5 (causas simplificado): 0.0s
[12:46:08] ================================================================================
[12:46:08] PASO 2.5: ARMANDO causas.txt SIMPLIFICADO (cruce contra total_causas_sigemi.txt)
[12:46:08] ================================================================================
[12:46:08]   • Actas vencidas viejas (multas): 102844
[12:46:08]   • Causas totales en el maestro SIGEMI: 134069
[12:46:08]   • Causas que coinciden (simplificado): 102517
[12:46:08]   ✅ Archivo escrito: backend/descargas/causas/causas.txt
[12:46:08] ⏱ PASO 2.5 (causas simplificado): 0.4s
[12:46:08] ================================================================================
[12:46:08] PASO 3: LLENANDO CAUSA_NUMERO (según fecha de cambio de sistema, cruzando por acta + año)
[12:46:08] ================================================================================
[12:46:08] 📊 ESTADÍSTICAS DE LLENADO DE CAUSAS:
[12:46:08]   • Pagos con causa ORIGINAL: 3
[12:46:08]   • Causas encontradas en SIGEMI (actas viejas): 0
[12:46:08]   • Causas NO encontradas en SIGEMI: 0
[12:46:08]   • Causas asignadas automáticamente (actas nuevas): 0
[12:46:08] ⏱ PASO 3 (llenar causas): 0.0s
[12:46:08] ================================================================================
[12:46:08] PASO 4: ORDENANDO POR FECHA Y ACTA_NUMERO
[12:46:08] ================================================================================
[12:46:08] ✓ Pagos ordenados correctamente
[12:46:08]   • Primera entrada: Acta=265919, Fecha=12/02/2026
[12:46:08]   • Última entrada: Acta=281057, Fecha=17/03/2026
[12:46:08] 📝 Escribiendo archivo de salida...
[12:46:08]   ✅ Archivo escrito: backend/descargas/pagos/2026-07-29/PAGOS 20260729 124600.txt
[12:46:08]   ✅ Total registros: 482
[12:46:08] ⏱ PASO 4 (ordenar y escribir): 0.0s
[12:46:08] ================================================================================
[12:46:08] ✅ PROCESO COMPLETADO EXITOSAMENTE
[12:46:08] ================================================================================
[12:46:08] 📊 RESUMEN FINAL DEL PROCESAMIENTO:
[12:46:08]   ENTRADA:
[12:46:08]     • Pagos originales: 18776
[12:46:08]     • Multas SIGEMI cargadas: 102844
[12:46:08]     • Multas Juzgado cargadas: 40257
[12:46:08]     • Causas simplificadas (usadas para el cruce): 102517
[12:46:08]   PROCESO:
[12:46:08]     • Pagos rechazados sigemi: 14703
[12:46:08]     • Pagos rechazados juzgado: 4070
[12:46:08]   SALIDA:
[12:46:08]     • Pagos desactualizados procesados: 3
[12:46:08]     • Archivo final: backend/descargas/pagos/2026-07-29/PAGOS 20260729 124600.txt
[12:46:08]     • Ordenados por fecha: SÍ ✓
[12:46:08]     • Todos con ACTA_NUMERO: SÍ ✓
[12:46:08]     • Todos con CAUSA_NUMERO: SÍ ✓
[12:46:08] ✅ TXT de pagos (ya cruzado con actas y causas) generado en: backend/descargas/pagos/2026-07-29/PAGOS 20260729 124600.txt
[12:46:08] 🧹 TXT de pagos crudo eliminado (ya usado en el cruce): backend/descargas/pagos/2026-07-29/PAGOS DESCARGADOS.txt
[12:46:08] 🧹 Excel MULTAS_SIGEMI_CRUCE eliminado (ya usado en el cruce): backend/descargas/cache_actas_cruce/MULTAS_SIGEMI_CRUCE.xlsx
[12:46:08] 🧹 Excel MULTAS_JUZGADO_CRUCE eliminado (ya usado en el cruce): backend/descargas/cache_actas_cruce/MULTAS_JUZGADO_CRUCE.xlsx
[12:46:08] ✅ CompararActasPaso finalizado. (⏱ 8.8s)
[12:46:08] ✓ [CompararActasPaso] Completado.
[12:46:08] ▶ [CargarPagosPaso] Iniciando...
[12:46:08] ==================================================
[12:46:08] 🚀 PASO: CargarPagosPaso
[12:46:08] ==================================================
[12:46:08] 📤 Subiendo TXT de pagos al SEMyT...
[12:46:11] ✅ Importación de pagos completada con éxito.
[12:46:11] ✅ Archivo TXT de pagos cargado en el SEMyT correctamente.
[12:46:11] ✅ CargarPagosPaso finalizado. (⏱ 2.1s)
[12:46:11] ✓ [CargarPagosPaso] Completado.
[12:46:11] === Ejecución finalizada con éxito ===
