[11:35:41] === Inicio de ejecución: pagos ===
[11:35:41] ▶ [LoginSemytPaso] Iniciando...
[11:35:41] ==================================================
[11:35:41] 🚀 PASO: LoginSemytPaso
[11:35:41] ==================================================
[11:35:41] Abriendo SEMyT...
[11:35:57] ✅ [SEMyT] Sesión existente detectada. Login omitido.
[11:35:57] ✅ LoginSemytPaso finalizado. (⏱ 15.8s)
[11:35:57] ✓ [LoginSemytPaso] Completado.
[11:35:57] ▶ [LoginJuzgadoPaso] Iniciando...
[11:35:57] ==================================================
[11:35:57] 🚀 PASO: LoginJuzgadoPaso
[11:35:57] ==================================================
[11:35:57] Abriendo sitio municipalidad (CiDi)...
[11:35:58] ✅ [Juzgado] Sesión existente detectada. Login omitido.
[11:35:58] ✅ LoginJuzgadoPaso finalizado. (⏱ 1.0s)
[11:35:58] ✓ [LoginJuzgadoPaso] Completado.
[11:35:58] ▶ [DescargasParalelasPaso] Iniciando...
[11:35:58] ==================================================
[11:35:58] 🚀 PASO: DescargasParalelasPaso
[11:35:58] ==================================================
[11:35:58] 📤 Arrancando las 3 descargas en paralelo (mismo browser, páginas separadas)...
[11:35:58] Fecha Desde: 27/06/2024
[11:35:58] Fecha Hasta: 24/11/2025
[11:35:58] Fecha Desde: 25/11/2025
[11:35:58] Fecha Hasta: 29/07/2026
[11:35:58] Descargando Excel...
[11:35:58] Descargando Excel...
[11:36:25] ✅ TXT de pagos descargado en: backend/descargas/pagos/2026-07-29/PAGOS DESCARGADOS.txt
[11:36:25] ⏱ [pagos_txt] completado en 27.2s
[11:36:26] Archivo descargado en: backend/descargas/cache_actas_cruce/MULTAS_JUZGADO_CRUCE.xlsx
[11:36:28] ⏱ [actas_juzgado] completado en 29.4s
[11:37:11] Archivo descargado en: backend/descargas/cache_actas_cruce/MULTAS_SIGEMI_CRUCE.xlsx
[11:37:14] ⏱ [actas_sigemi] completado en 76.0s
[11:37:14] ⏱ TOTAL descargas en paralelo: 76.0s
[11:37:14] ✅ DescargasParalelasPaso finalizado. (⏱ 76.2s)
[11:37:14] ✓ [DescargasParalelasPaso] Completado.
[11:37:14] ▶ [CompararActasPaso] Iniciando...
[11:37:14] ==================================================
[11:37:14] 🚀 PASO: CompararActasPaso
[11:37:14] ==================================================
[11:37:14] 🔍 Comparando actas del SEMyT contra pagos del Juzgado...
[11:37:14] ================================================================================
[11:37:14] INICIANDO PROCESO DE GENERACIÓN DE PAGOS DESACTUALIZADOS
[11:37:14] ================================================================================
[11:37:14] 📂 Cargando archivos...
[11:37:14]   ✓ Pagos: 18748 registros
[11:37:17]   ✓ Excel SIGEMI (multas vencidas viejas): 102848 registros
[11:37:18]   ✓ Excel Juzgado (multas vencidas nuevas): 40280 registros
[11:37:19] ================================================================================
[11:37:19] PASO 1: LLENANDO ACTA_NUMERO (búsqueda por patente + fecha, con desempate por hora)
[11:37:19] ================================================================================
[11:37:20] 📊 ESTADÍSTICAS DE LLENADO DE ACTAS:
[11:37:20]   • Pagos con acta ORIGINAL: 4049
[11:37:20]   • Pagos SIN acta (buscados): 14699
[11:37:20]   • Pagos LLENADOS exitosamente: 0
[11:37:20]   • Pagos NO encontrados en multas: 14699
[11:37:20]   • Pagos SIN RESOLVER por desbalance de cantidades: 0
[11:37:21] ================================================================================
[11:37:21] PASO 1: LLENANDO ACTA_NUMERO (búsqueda por patente + fecha, con desempate por hora)
[11:37:21] ================================================================================
[11:37:22] 📊 ESTADÍSTICAS DE LLENADO DE ACTAS:
[11:37:22]   • Pagos con acta ORIGINAL: 4049
[11:37:22]   • Pagos SIN acta (buscados): 14699
[11:37:22]   • Pagos LLENADOS exitosamente: 0
[11:37:22]   • Pagos NO encontrados en multas: 14699
[11:37:22]   • Pagos SIN RESOLVER por desbalance de cantidades: 0
[11:37:22] ⏱ PASO 1 (llenar actas): 3.4s
[11:37:22] ================================================================================
[11:37:22] PASO 2: FILTRANDO PAGOS CON ACTA_NUMERO COMPLETO
[11:37:22] ================================================================================
[11:37:22] 📊 ESTADÍSTICAS DE FILTRADO:
[11:37:22]   • Pagos TOTALES al inicio: 18748
[11:37:22]   • Pagos CON acta (MANTIENEN): 4049
[11:37:22]   • Pagos RECHAZADOS (sin coincidencias): 14699
[11:37:22] ⚠️  Se eliminaron 14699 registros sin número de acta
[11:37:22]      (recordá: esto incluye tanto pagos ya actualizados/pagados
[11:37:22]       como pagos que quedaron sin resolver por desbalance en el Paso 1)
[11:37:22] ================================================================================
[11:37:22] PASO 2-bis: CONFIRMANDO VIGENCIA DE PAGOS (sistema NUEVO contra MULTAS_JUZGADO_CRUCE, sistema VIEJO contra SIGEMI)
[11:37:22] ================================================================================
[11:37:22]   ⚠ 4045 pago(s) descartados: su acta ya no figura como vencida en MULTAS_JUZGADO_CRUCE (SEMyT ya los actualizó).
[11:37:22]   ⚠ 2 pago(s) descartados: su acta ya no figura como vencida en el Excel de SIGEMI (SEMyT ya los actualizó).
[11:37:22]   • Pagos descartados en total por ya estar actualizados/pagados: 4047
[11:37:22] ⏱ PASO 2 (filtrar): 0.4s
[11:37:22] 📂 Cargando maestro de causas SIGEMI...
[11:37:22]   ✓ Causas totales (maestro): 134069 registros
[11:37:22] ⏱ PASO 2.5 (causas simplificado): 0.0s
[11:37:22] ================================================================================
[11:37:22] PASO 2.5: ARMANDO causas.txt SIMPLIFICADO (cruce contra total_causas_sigemi.txt)
[11:37:22] ================================================================================
[11:37:23]   • Actas vencidas viejas (multas): 102848
[11:37:23]   • Causas totales en el maestro SIGEMI: 134069
[11:37:23]   • Causas que coinciden (simplificado): 102521
[11:37:23]   ✅ Archivo escrito: backend/descargas/causas/causas.txt
[11:37:23] ⏱ PASO 2.5 (causas simplificado): 0.4s
[11:37:23] ================================================================================
[11:37:23] PASO 3: LLENANDO CAUSA_NUMERO (según fecha de cambio de sistema, cruzando por acta + año)
[11:37:23] ================================================================================
[11:37:23] 📊 ESTADÍSTICAS DE LLENADO DE CAUSAS:
[11:37:23]   • Pagos con causa ORIGINAL: 2
[11:37:23]   • Causas encontradas en SIGEMI (actas viejas): 0
[11:37:23]   • Causas NO encontradas en SIGEMI: 0
[11:37:23]   • Causas asignadas automáticamente (actas nuevas): 0
[11:37:23] ⏱ PASO 3 (llenar causas): 0.0s
[11:37:23] ================================================================================
[11:37:23] PASO 4: ORDENANDO POR FECHA Y ACTA_NUMERO
[11:37:23] ================================================================================
[11:37:23] ✓ Pagos ordenados correctamente
[11:37:23]   • Primera entrada: Acta=265667, Fecha=11/02/2026
[11:37:23]   • Última entrada: Acta=302418, Fecha=27/04/2026
[11:37:23] 📝 Escribiendo archivo de salida...
[11:37:23]   ✅ Archivo escrito: backend/descargas/pagos/2026-07-29/PAGOS 20260729 113714.txt
[11:37:23]   ✅ Total registros: 363
[11:37:23] ⏱ PASO 4 (ordenar y escribir): 0.0s
[11:37:23] ================================================================================
[11:37:23] ✅ PROCESO COMPLETADO EXITOSAMENTE
[11:37:23] ================================================================================
[11:37:23] 📊 RESUMEN FINAL DEL PROCESAMIENTO:
[11:37:23]   ENTRADA:
[11:37:23]     • Pagos originales: 18748
[11:37:23]     • Multas SIGEMI cargadas: 102848
[11:37:23]     • Multas Juzgado cargadas: 40280
[11:37:23]     • Causas simplificadas (usadas para el cruce): 102521
[11:37:23]   PROCESO:
[11:37:23]     • Pagos rechazados sigemi: 14699
[11:37:23]     • Pagos rechazados juzgado: 4047
[11:37:23]   SALIDA:
[11:37:23]     • Pagos desactualizados procesados: 2
[11:37:23]     • Archivo final: backend/descargas/pagos/2026-07-29/PAGOS 20260729 113714.txt
[11:37:23]     • Ordenados por fecha: SÍ ✓
[11:37:23]     • Todos con ACTA_NUMERO: SÍ ✓
[11:37:23]     • Todos con CAUSA_NUMERO: SÍ ✓
[11:37:23] ✅ TXT de pagos (ya cruzado con actas y causas) generado en: backend/descargas/pagos/2026-07-29/PAGOS 20260729 113714.txt
[11:37:23] 🧹 TXT de pagos crudo eliminado (ya usado en el cruce): backend/descargas/pagos/2026-07-29/PAGOS DESCARGADOS.txt
[11:37:23] 🧹 Excel MULTAS_SIGEMI_CRUCE eliminado (ya usado en el cruce): backend/descargas/cache_actas_cruce/MULTAS_SIGEMI_CRUCE.xlsx
[11:37:23] 🧹 Excel MULTAS_JUZGADO_CRUCE eliminado (ya usado en el cruce): backend/descargas/cache_actas_cruce/MULTAS_JUZGADO_CRUCE.xlsx
[11:37:23] ✅ CompararActasPaso finalizado. (⏱ 8.6s)
[11:37:23] ✓ [CompararActasPaso] Completado.
[11:37:23] ▶ [CargarPagosPaso] Iniciando...
[11:37:23] ==================================================
[11:37:23] 🚀 PASO: CargarPagosPaso
[11:37:23] ==================================================
[11:37:23] 📤 Subiendo TXT de pagos al SEMyT...
[11:37:25] ✅ Importación de pagos completada con éxito.
[11:37:25] ✅ Archivo TXT de pagos cargado en el SEMyT correctamente.
[11:37:25] ✅ CargarPagosPaso finalizado. (⏱ 2.1s)
[11:37:25] ✓ [CargarPagosPaso] Completado.
[11:37:25] === Ejecución finalizada con éxito ===
