[08:43:11] === Inicio de ejecución: pagos ===
[08:43:13] ▶ [LoginSemytPaso] Iniciando...
[08:43:13] ==================================================
[08:43:13] 🚀 PASO: LoginSemytPaso
[08:43:13] ==================================================
[08:43:14] Abriendo SEMyT...
[08:43:17] ✅ [SEMyT] Sesión existente detectada. Login omitido.
[08:43:18] ✅ LoginSemytPaso finalizado. (⏱ 4.1s)
[08:43:18] ✓ [LoginSemytPaso] Completado.
[08:43:18] ▶ [LoginJuzgadoPaso] Iniciando...
[08:43:18] ==================================================
[08:43:18] 🚀 PASO: LoginJuzgadoPaso
[08:43:18] ==================================================
[08:43:18] Abriendo sitio municipalidad (CiDi)...
[08:43:18] ✅ [Juzgado] Sesión existente detectada. Login omitido.
[08:43:19] ✅ LoginJuzgadoPaso finalizado. (⏱ 1.2s)
[08:43:19] ✓ [LoginJuzgadoPaso] Completado.
[08:43:19] ▶ [DescargasParalelasPaso] Iniciando...
[08:43:19] ==================================================
[08:43:19] 🚀 PASO: DescargasParalelasPaso
[08:43:19] ==================================================
[08:43:20] 📤 Arrancando las 3 descargas en paralelo (mismo browser, páginas separadas)...
[08:43:20] Fecha Desde: 27/06/2024
[08:43:20] Fecha Hasta: 24/11/2025
[08:43:20] Fecha Desde: 25/11/2025
[08:43:20] Fecha Hasta: 24/07/2026
[08:43:21] Descargando Excel...
[08:43:21] Descargando Excel...
[08:43:32] Archivo descargado en: backend/descargas/cache_actas_cruce/MULTAS_JUZGADO_CRUCE.xlsx
[08:43:41] ⏱ [actas_juzgado] completado en 20.3s
[08:43:42] Archivo descargado en: backend/descargas/cache_actas_cruce/MULTAS_SIGEMI_CRUCE.xlsx
[08:44:03] ⏱ [actas_sigemi] completado en 43.2s
[08:44:04] ✅ TXT de pagos descargado en: backend/descargas/pagos/2026-07-24/PAGOS DESCARGADOS.txt
[08:44:04] ⏱ [pagos_txt] completado en 43.9s
[08:44:04] ⏱ TOTAL descargas en paralelo: 43.9s
[08:44:04] ✅ DescargasParalelasPaso finalizado. (⏱ 45.4s)
[08:44:04] ✓ [DescargasParalelasPaso] Completado.
[08:44:04] ▶ [CompararActasPaso] Iniciando...
[08:44:04] ==================================================
[08:44:04] 🚀 PASO: CompararActasPaso
[08:44:04] ==================================================
[08:44:04] 🔍 Comparando actas del SEMyT contra pagos del Juzgado...
[08:44:04] ================================================================================
[08:44:04] INICIANDO PROCESO DE GENERACIÓN DE PAGOS DESACTUALIZADOS
[08:44:04] ================================================================================
[08:44:04] 📂 Cargando archivos...
[08:44:04]   ✓ Pagos: 16914 registros
[08:44:26]   ✓ Excel SIGEMI (multas vencidas viejas): 103557 registros
[08:44:34]   ✓ Excel Juzgado (multas vencidas nuevas): 40101 registros
[08:44:38] ================================================================================
[08:44:38] PASO 1: LLENANDO ACTA_NUMERO (búsqueda por patente + fecha, con desempate por hora)
[08:44:38] ================================================================================
[08:44:45] 📊 ESTADÍSTICAS DE LLENADO DE ACTAS:
[08:44:45]   • Pagos con acta ORIGINAL: 2899
[08:44:45]   • Pagos SIN acta (buscados): 14015
[08:44:45]   • Pagos LLENADOS exitosamente: 6
[08:44:45]   • Pagos NO encontrados en multas: 14009
[08:44:45]   • Pagos SIN RESOLVER por desbalance de cantidades: 0
[08:44:47] ================================================================================
[08:44:47] PASO 1: LLENANDO ACTA_NUMERO (búsqueda por patente + fecha, con desempate por hora)
[08:44:47] ================================================================================
[08:44:54] 📊 ESTADÍSTICAS DE LLENADO DE ACTAS:
[08:44:54]   • Pagos con acta ORIGINAL: 2905
[08:44:54]   • Pagos SIN acta (buscados): 14009
[08:44:54]   • Pagos LLENADOS exitosamente: 0
[08:44:54]   • Pagos NO encontrados en multas: 14009
[08:44:54]   • Pagos SIN RESOLVER por desbalance de cantidades: 0
[08:44:54] ⏱ PASO 1 (llenar actas): 19.8s
[08:44:54] ================================================================================
[08:44:54] PASO 2: FILTRANDO PAGOS CON ACTA_NUMERO COMPLETO
[08:44:54] ================================================================================
[08:44:54] 📊 ESTADÍSTICAS DE FILTRADO:
[08:44:54]   • Pagos TOTALES al inicio: 16914
[08:44:54]   • Pagos CON acta (MANTIENEN): 2905
[08:44:54]   • Pagos RECHAZADOS (sin coincidencias): 14009
[08:44:54] ⚠️  Se eliminaron 14009 registros sin número de acta
[08:44:54]      (recordá: esto incluye tanto pagos ya actualizados/pagados
[08:44:54]       como pagos que quedaron sin resolver por desbalance en el Paso 1)
[08:44:54] ================================================================================
[08:44:54] PASO 2-bis: CONFIRMANDO VIGENCIA DE PAGOS DEL SISTEMA NUEVO (contra MULTAS_JUZGADO_CRUCE)
[08:44:54] ================================================================================
[08:44:55]   ⚠ 2895 pago(s) del sistema nuevo descartados: su acta ya no figura como vencida en MULTAS_JUZGADO_CRUCE (SEMyT ya los actualizó).
[08:44:55]   • Pagos del sistema nuevo descartados por ya estar actualizados: 2895
[08:44:55] ⏱ PASO 2 (filtrar): 1.3s
[08:44:55] 📂 Cargando maestro de causas SIGEMI...
[08:44:55]   ✓ Causas totales (maestro): 134069 registros
[08:44:55] ⏱ PASO 2.5 (causas simplificado): 0.2s
[08:44:55] ================================================================================
[08:44:55] PASO 2.5: ARMANDO causas.txt SIMPLIFICADO (cruce contra total_causas_sigemi.txt)
[08:44:55] ================================================================================
[08:44:58]   • Actas vencidas viejas (multas): 103557
[08:44:58]   • Causas totales en el maestro SIGEMI: 134069
[08:44:58]   • Causas que coinciden (simplificado): 103227
[08:44:58]   ✅ Archivo escrito: backend/descargas/causas/causas.txt
[08:44:58] ⏱ PASO 2.5 (causas simplificado): 2.9s
[08:44:58] ================================================================================
[08:44:58] PASO 3: LLENANDO CAUSA_NUMERO (según fecha de cambio de sistema, cruzando por acta + año)
[08:44:58] ================================================================================
[08:44:58] 📊 ESTADÍSTICAS DE LLENADO DE CAUSAS:
[08:44:58]   • Pagos con causa ORIGINAL: 4
[08:44:58]   • Causas encontradas en SIGEMI (actas viejas): 6
[08:44:58]   • Causas NO encontradas en SIGEMI: 0
[08:44:58]   • Causas asignadas automáticamente (actas nuevas): 0
[08:44:58] ⏱ PASO 3 (llenar causas): 0.0s
[08:44:58] ================================================================================
[08:44:58] PASO 4: ORDENANDO POR FECHA Y ACTA_NUMERO
[08:44:58] ================================================================================
[08:44:58] ✓ Pagos ordenados correctamente
[08:44:58]   • Primera entrada: Acta=11434, Fecha=16/07/2024
[08:44:58]   • Última entrada: Acta=277533, Fecha=10/03/2026
[08:44:58] 📝 Escribiendo archivo de salida...
[08:44:58]   ✅ Archivo escrito: backend/descargas/pagos/2026-07-24/PAGOS 20260724 084404.txt
[08:44:58]   ✅ Total registros: 1190
[08:44:58] ⏱ PASO 4 (ordenar y escribir): 0.0s
[08:44:58] ================================================================================
[08:44:58] ✅ PROCESO COMPLETADO EXITOSAMENTE
[08:44:58] ================================================================================
[08:44:58] 📊 RESUMEN FINAL DEL PROCESAMIENTO:
[08:44:58]   ENTRADA:
[08:44:58]     • Pagos originales: 16914
[08:44:58]     • Multas SIGEMI cargadas: 103557
[08:44:58]     • Multas Juzgado cargadas: 40101
[08:44:58]     • Causas simplificadas (usadas para el cruce): 103227
[08:44:58]   PROCESO:
[08:44:58]     • Pagos rechazados sigemi: 14009
[08:44:58]     • Pagos rechazados juzgado: 2895
[08:44:58]   SALIDA:
[08:44:58]     • Pagos desactualizados procesados: 10
[08:44:58]     • Archivo final: backend/descargas/pagos/2026-07-24/PAGOS 20260724 084404.txt
[08:44:58]     • Ordenados por fecha: SÍ ✓
[08:44:58]     • Todos con ACTA_NUMERO: SÍ ✓
[08:44:58]     • Todos con CAUSA_NUMERO: SÍ ✓
[08:44:58] ✅ TXT de pagos (ya cruzado con actas y causas) generado en: backend/descargas/pagos/2026-07-24/PAGOS 20260724 084404.txt
[08:44:58] 🧹 TXT de pagos crudo eliminado (ya usado en el cruce): backend/descargas/pagos/2026-07-24/PAGOS DESCARGADOS.txt
[08:44:58] 🧹 Excel MULTAS_SIGEMI_CRUCE eliminado (ya usado en el cruce): backend/descargas/cache_actas_cruce/MULTAS_SIGEMI_CRUCE.xlsx
[08:44:58] 🧹 Excel MULTAS_JUZGADO_CRUCE eliminado (ya usado en el cruce): backend/descargas/cache_actas_cruce/MULTAS_JUZGADO_CRUCE.xlsx
[08:44:58] ✅ CompararActasPaso finalizado. (⏱ 54.2s)
[08:44:58] ✓ [CompararActasPaso] Completado.
[08:44:58] ▶ [CargarPagosPaso] Iniciando...
[08:44:58] ==================================================
[08:44:58] 🚀 PASO: CargarPagosPaso
[08:44:58] ==================================================
[08:44:58] 📤 Subiendo TXT de pagos al SEMyT...
[08:45:02] ✅ Importación de pagos completada con éxito.
[08:45:02] ✅ Archivo TXT de pagos cargado en el SEMyT correctamente.
[08:45:02] ✅ CargarPagosPaso finalizado. (⏱ 3.6s)
[08:45:02] ✓ [CargarPagosPaso] Completado.
[08:45:02] === Ejecución finalizada con éxito ===
