[12:28:35] === Inicio de ejecución: pagos ===
[12:28:37] ▶ [LoginSemytPaso] Iniciando...
[12:28:37] ==================================================
[12:28:37] 🚀 PASO: LoginSemytPaso
[12:28:37] ==================================================
[12:28:38] Abriendo SEMyT...
[12:29:10] ✅ [SEMyT] Sesión existente detectada. Login omitido.
[12:29:10] ✅ LoginSemytPaso finalizado. (⏱ 33.5s)
[12:29:10] ✓ [LoginSemytPaso] Completado.
[12:29:10] ▶ [LoginJuzgadoPaso] Iniciando...
[12:29:10] ==================================================
[12:29:10] 🚀 PASO: LoginJuzgadoPaso
[12:29:10] ==================================================
[12:29:10] Abriendo sitio municipalidad (CiDi)...
[12:29:11] ✅ [Juzgado] Sesión existente detectada. Login omitido.
[12:29:12] ✅ LoginJuzgadoPaso finalizado. (⏱ 1.2s)
[12:29:12] ✓ [LoginJuzgadoPaso] Completado.
[12:29:12] ▶ [DescargasParalelasPaso] Iniciando...
[12:29:12] ==================================================
[12:29:12] 🚀 PASO: DescargasParalelasPaso
[12:29:12] ==================================================
[12:29:13] 📤 Arrancando las 3 descargas en paralelo (mismo browser, páginas separadas)...
[12:29:13] Fecha Desde: 27/06/2024
[12:29:13] Fecha Hasta: 24/11/2025
[12:29:13] Fecha Desde: 25/11/2025
[12:29:13] Fecha Hasta: 24/07/2026
[12:29:13] Descargando Excel...
[12:29:13] Descargando Excel...
[12:29:38] ✅ TXT de pagos descargado en: backend/descargas/pagos/2026-07-24/PAGOS DESCARGADOS.txt
[12:29:38] ⏱ [pagos_txt] completado en 25.3s
[12:29:39] Archivo descargado en: backend/descargas/cache_actas_cruce/MULTAS_JUZGADO_CRUCE.xlsx
[12:29:47] ⏱ [actas_juzgado] completado en 34.5s
[12:30:05] Archivo descargado en: backend/descargas/cache_actas_cruce/MULTAS_SIGEMI_CRUCE.xlsx
[12:30:22] ⏱ [actas_sigemi] completado en 69.2s
[12:30:22] ⏱ TOTAL descargas en paralelo: 69.2s
[12:30:22] ✅ DescargasParalelasPaso finalizado. (⏱ 70.5s)
[12:30:22] ✓ [DescargasParalelasPaso] Completado.
[12:30:22] ▶ [CompararActasPaso] Iniciando...
[12:30:22] ==================================================
[12:30:22] 🚀 PASO: CompararActasPaso
[12:30:22] ==================================================
[12:30:22] 🔍 Comparando actas del SEMyT contra pagos del Juzgado...
[12:30:22] ================================================================================
[12:30:22] INICIANDO PROCESO DE GENERACIÓN DE PAGOS DESACTUALIZADOS
[12:30:22] ================================================================================
[12:30:22] 📂 Cargando archivos...
[12:30:22]   ✓ Pagos: 17098 registros
[12:30:41]   ✓ Excel SIGEMI (multas vencidas viejas): 103469 registros
[12:30:50]   ✓ Excel Juzgado (multas vencidas nuevas): 40002 registros
[12:30:53] ================================================================================
[12:30:53] PASO 1: LLENANDO ACTA_NUMERO (búsqueda por patente + fecha, con desempate por hora)
[12:30:53] ================================================================================
[12:31:01] 📊 ESTADÍSTICAS DE LLENADO DE ACTAS:
[12:31:01]   • Pagos con acta ORIGINAL: 3002
[12:31:01]   • Pagos SIN acta (buscados): 14096
[12:31:01]   • Pagos LLENADOS exitosamente: 2
[12:31:01]   • Pagos NO encontrados en multas: 14094
[12:31:01]   • Pagos SIN RESOLVER por desbalance de cantidades: 0
[12:31:02] ================================================================================
[12:31:02] PASO 1: LLENANDO ACTA_NUMERO (búsqueda por patente + fecha, con desempate por hora)
[12:31:02] ================================================================================
[12:31:09] 📊 ESTADÍSTICAS DE LLENADO DE ACTAS:
[12:31:09]   • Pagos con acta ORIGINAL: 3004
[12:31:09]   • Pagos SIN acta (buscados): 14094
[12:31:09]   • Pagos LLENADOS exitosamente: 0
[12:31:09]   • Pagos NO encontrados en multas: 14094
[12:31:09]   • Pagos SIN RESOLVER por desbalance de cantidades: 0
[12:31:09] ⏱ PASO 1 (llenar actas): 19.4s
[12:31:09] ================================================================================
[12:31:09] PASO 2: FILTRANDO PAGOS CON ACTA_NUMERO COMPLETO
[12:31:09] ================================================================================
[12:31:09] 📊 ESTADÍSTICAS DE FILTRADO:
[12:31:09]   • Pagos TOTALES al inicio: 17098
[12:31:09]   • Pagos CON acta (MANTIENEN): 3004
[12:31:09]   • Pagos RECHAZADOS (sin coincidencias): 14094
[12:31:09] ⚠️  Se eliminaron 14094 registros sin número de acta
[12:31:09]      (recordá: esto incluye tanto pagos ya actualizados/pagados
[12:31:09]       como pagos que quedaron sin resolver por desbalance en el Paso 1)
[12:31:09] ================================================================================
[12:31:09] PASO 2-bis: CONFIRMANDO VIGENCIA DE PAGOS DEL SISTEMA NUEVO (contra MULTAS_JUZGADO_CRUCE)
[12:31:09] ================================================================================
[12:31:10]   ⚠ 2996 pago(s) del sistema nuevo descartados: su acta ya no figura como vencida en MULTAS_JUZGADO_CRUCE (SEMyT ya los actualizó).
[12:31:10]   • Pagos del sistema nuevo descartados por ya estar actualizados: 2996
[12:31:10] ⏱ PASO 2 (filtrar): 1.1s
[12:31:10] 📂 Cargando maestro de causas SIGEMI...
[12:31:10]   ✓ Causas totales (maestro): 134069 registros
[12:31:10] ⏱ PASO 2.5 (causas simplificado): 0.2s
[12:31:10] ================================================================================
[12:31:10] PASO 2.5: ARMANDO causas.txt SIMPLIFICADO (cruce contra total_causas_sigemi.txt)
[12:31:10] ================================================================================
[12:31:12]   • Actas vencidas viejas (multas): 103469
[12:31:12]   • Causas totales en el maestro SIGEMI: 134069
[12:31:12]   • Causas que coinciden (simplificado): 103141
[12:31:12]   ✅ Archivo escrito: backend/descargas/causas/causas.txt
[12:31:13] ⏱ PASO 2.5 (causas simplificado): 2.4s
[12:31:13] ================================================================================
[12:31:13] PASO 3: LLENANDO CAUSA_NUMERO (según fecha de cambio de sistema, cruzando por acta + año)
[12:31:13] ================================================================================
[12:31:13] 📊 ESTADÍSTICAS DE LLENADO DE CAUSAS:
[12:31:13]   • Pagos con causa ORIGINAL: 6
[12:31:13]   • Causas encontradas en SIGEMI (actas viejas): 2
[12:31:13]   • Causas NO encontradas en SIGEMI: 0
[12:31:13]   • Causas asignadas automáticamente (actas nuevas): 0
[12:31:13] ⏱ PASO 3 (llenar causas): 0.0s
[12:31:13] ================================================================================
[12:31:13] PASO 4: ORDENANDO POR FECHA Y ACTA_NUMERO
[12:31:13] ================================================================================
[12:31:13] ✓ Pagos ordenados correctamente
[12:31:13]   • Primera entrada: Acta=10689, Fecha=15/07/2024
[12:31:13]   • Última entrada: Acta=279757, Fecha=13/03/2026
[12:31:13] 📝 Escribiendo archivo de salida...
[12:31:13]   ✅ Archivo escrito: backend/descargas/pagos/2026-07-24/PAGOS 20260724 123022.txt
[12:31:13]   ✅ Total registros: 1001
[12:31:13] ⏱ PASO 4 (ordenar y escribir): 0.0s
[12:31:13] ================================================================================
[12:31:13] ✅ PROCESO COMPLETADO EXITOSAMENTE
[12:31:13] ================================================================================
[12:31:13] 📊 RESUMEN FINAL DEL PROCESAMIENTO:
[12:31:13]   ENTRADA:
[12:31:13]     • Pagos originales: 17098
[12:31:13]     • Multas SIGEMI cargadas: 103469
[12:31:13]     • Multas Juzgado cargadas: 40002
[12:31:13]     • Causas simplificadas (usadas para el cruce): 103141
[12:31:13]   PROCESO:
[12:31:13]     • Pagos rechazados sigemi: 14094
[12:31:13]     • Pagos rechazados juzgado: 2996
[12:31:13]   SALIDA:
[12:31:13]     • Pagos desactualizados procesados: 8
[12:31:13]     • Archivo final: backend/descargas/pagos/2026-07-24/PAGOS 20260724 123022.txt
[12:31:13]     • Ordenados por fecha: SÍ ✓
[12:31:13]     • Todos con ACTA_NUMERO: SÍ ✓
[12:31:13]     • Todos con CAUSA_NUMERO: SÍ ✓
[12:31:13] ✅ TXT de pagos (ya cruzado con actas y causas) generado en: backend/descargas/pagos/2026-07-24/PAGOS 20260724 123022.txt
[12:31:13] 🧹 TXT de pagos crudo eliminado (ya usado en el cruce): backend/descargas/pagos/2026-07-24/PAGOS DESCARGADOS.txt
[12:31:13] 🧹 Excel MULTAS_SIGEMI_CRUCE eliminado (ya usado en el cruce): backend/descargas/cache_actas_cruce/MULTAS_SIGEMI_CRUCE.xlsx
[12:31:13] 🧹 Excel MULTAS_JUZGADO_CRUCE eliminado (ya usado en el cruce): backend/descargas/cache_actas_cruce/MULTAS_JUZGADO_CRUCE.xlsx
[12:31:13] ✅ CompararActasPaso finalizado. (⏱ 50.9s)
[12:31:13] ✓ [CompararActasPaso] Completado.
[12:31:13] ▶ [CargarPagosPaso] Iniciando...
[12:31:13] ==================================================
[12:31:13] 🚀 PASO: CargarPagosPaso
[12:31:13] ==================================================
[12:31:13] 📤 Subiendo TXT de pagos al SEMyT...
[12:31:15] ✅ Importación de pagos completada con éxito.
[12:31:16] ✅ Archivo TXT de pagos cargado en el SEMyT correctamente.
[12:31:16] ✅ CargarPagosPaso finalizado. (⏱ 2.6s)
[12:31:16] ✓ [CargarPagosPaso] Completado.
[12:31:16] === Ejecución finalizada con éxito ===
