[16:29:23] === Inicio de ejecución: pagos ===
[16:29:26] ▶ [LoginSemytPaso] Iniciando...
[16:29:26] ==================================================
[16:29:26] 🚀 PASO: LoginSemytPaso
[16:29:26] ==================================================
[16:29:27] Abriendo SEMyT...
[16:29:29] ✅ [SEMyT] Sesión existente detectada. Login omitido.
[16:29:30] ✅ LoginSemytPaso finalizado. (⏱ 4.0s)
[16:29:30] ✓ [LoginSemytPaso] Completado.
[16:29:30] ▶ [LoginJuzgadoPaso] Iniciando...
[16:29:30] ==================================================
[16:29:30] 🚀 PASO: LoginJuzgadoPaso
[16:29:30] ==================================================
[16:29:30] Abriendo sitio municipalidad (CiDi)...
[16:29:31] ✅ [Juzgado] Sesión existente detectada. Login omitido.
[16:29:31] ✅ LoginJuzgadoPaso finalizado. (⏱ 1.3s)
[16:29:31] ✓ [LoginJuzgadoPaso] Completado.
[16:29:31] ▶ [DescargasParalelasPaso] Iniciando...
[16:29:31] ==================================================
[16:29:31] 🚀 PASO: DescargasParalelasPaso
[16:29:31] ==================================================
[16:29:33] 📤 Arrancando las 3 descargas en paralelo (mismo browser, páginas separadas)...
[16:29:33] Fecha Desde: 27/06/2024
[16:29:33] Fecha Hasta: 24/11/2025
[16:29:33] Fecha Desde: 25/11/2025
[16:29:33] Fecha Hasta: 24/07/2026
[16:29:33] Descargando Excel...
[16:29:33] Descargando Excel...
[16:29:44] Archivo descargado en: backend/descargas/cache_actas_cruce/MULTAS_JUZGADO_CRUCE.xlsx
[16:29:52] ⏱ [actas_juzgado] completado en 19.3s
[16:29:54] Archivo descargado en: backend/descargas/cache_actas_cruce/MULTAS_SIGEMI_CRUCE.xlsx
[16:30:13] ⏱ [actas_sigemi] completado en 40.6s
[16:30:13] ✅ TXT de pagos descargado en: backend/descargas/pagos/2026-07-24/PAGOS DESCARGADOS.txt
[16:30:13] ⏱ [pagos_txt] completado en 40.7s
[16:30:13] ⏱ TOTAL descargas en paralelo: 40.7s
[16:30:13] ✅ DescargasParalelasPaso finalizado. (⏱ 42.0s)
[16:30:13] ✓ [DescargasParalelasPaso] Completado.
[16:30:13] ▶ [CompararActasPaso] Iniciando...
[16:30:13] ==================================================
[16:30:13] 🚀 PASO: CompararActasPaso
[16:30:13] ==================================================
[16:30:13] 🔍 Comparando actas del SEMyT contra pagos del Juzgado...
[16:30:13] ================================================================================
[16:30:13] INICIANDO PROCESO DE GENERACIÓN DE PAGOS DESACTUALIZADOS
[16:30:13] ================================================================================
[16:30:13] 📂 Cargando archivos...
[16:30:13]   ✓ Pagos: 17168 registros
[16:30:32]   ✓ Excel SIGEMI (multas vencidas viejas): 103447 registros
[16:30:39]   ✓ Excel Juzgado (multas vencidas nuevas): 39950 registros
[16:30:42] ================================================================================
[16:30:42] PASO 1: LLENANDO ACTA_NUMERO (búsqueda por patente + fecha, con desempate por hora)
[16:30:42] ================================================================================
[16:30:49] 📊 ESTADÍSTICAS DE LLENADO DE ACTAS:
[16:30:49]   • Pagos con acta ORIGINAL: 3052
[16:30:49]   • Pagos SIN acta (buscados): 14116
[16:30:49]   • Pagos LLENADOS exitosamente: 0
[16:30:49]   • Pagos NO encontrados en multas: 14116
[16:30:49]   • Pagos SIN RESOLVER por desbalance de cantidades: 0
[16:30:50] ================================================================================
[16:30:50] PASO 1: LLENANDO ACTA_NUMERO (búsqueda por patente + fecha, con desempate por hora)
[16:30:50] ================================================================================
[16:30:56] 📊 ESTADÍSTICAS DE LLENADO DE ACTAS:
[16:30:56]   • Pagos con acta ORIGINAL: 3052
[16:30:56]   • Pagos SIN acta (buscados): 14116
[16:30:56]   • Pagos LLENADOS exitosamente: 0
[16:30:56]   • Pagos NO encontrados en multas: 14116
[16:30:56]   • Pagos SIN RESOLVER por desbalance de cantidades: 0
[16:30:56] ⏱ PASO 1 (llenar actas): 16.4s
[16:30:56] ================================================================================
[16:30:56] PASO 2: FILTRANDO PAGOS CON ACTA_NUMERO COMPLETO
[16:30:56] ================================================================================
[16:30:56] 📊 ESTADÍSTICAS DE FILTRADO:
[16:30:56]   • Pagos TOTALES al inicio: 17168
[16:30:56]   • Pagos CON acta (MANTIENEN): 3052
[16:30:56]   • Pagos RECHAZADOS (sin coincidencias): 14116
[16:30:56] ⚠️  Se eliminaron 14116 registros sin número de acta
[16:30:56]      (recordá: esto incluye tanto pagos ya actualizados/pagados
[16:30:56]       como pagos que quedaron sin resolver por desbalance en el Paso 1)
[16:30:56] ================================================================================
[16:30:56] PASO 2-bis: CONFIRMANDO VIGENCIA DE PAGOS DEL SISTEMA NUEVO (contra MULTAS_JUZGADO_CRUCE)
[16:30:56] ================================================================================
[16:30:57]   ⚠ 3049 pago(s) del sistema nuevo descartados: su acta ya no figura como vencida en MULTAS_JUZGADO_CRUCE (SEMyT ya los actualizó).
[16:30:57]   • Pagos del sistema nuevo descartados por ya estar actualizados: 3049
[16:30:57] ⏱ PASO 2 (filtrar): 1.4s
[16:30:57] 📂 Cargando maestro de causas SIGEMI...
[16:30:57]   ✓ Causas totales (maestro): 134069 registros
[16:30:57] ⏱ PASO 2.5 (causas simplificado): 0.2s
[16:30:57] ================================================================================
[16:30:57] PASO 2.5: ARMANDO causas.txt SIMPLIFICADO (cruce contra total_causas_sigemi.txt)
[16:30:57] ================================================================================
[16:31:00]   • Actas vencidas viejas (multas): 103447
[16:31:00]   • Causas totales en el maestro SIGEMI: 134069
[16:31:00]   • Causas que coinciden (simplificado): 103119
[16:31:00]   ✅ Archivo escrito: backend/descargas/causas/causas.txt
[16:31:00] ⏱ PASO 2.5 (causas simplificado): 2.6s
[16:31:00] ================================================================================
[16:31:00] PASO 3: LLENANDO CAUSA_NUMERO (según fecha de cambio de sistema, cruzando por acta + año)
[16:31:00] ================================================================================
[16:31:00] 📊 ESTADÍSTICAS DE LLENADO DE CAUSAS:
[16:31:00]   • Pagos con causa ORIGINAL: 3
[16:31:00]   • Causas encontradas en SIGEMI (actas viejas): 0
[16:31:00]   • Causas NO encontradas en SIGEMI: 0
[16:31:00]   • Causas asignadas automáticamente (actas nuevas): 0
[16:31:00] ⏱ PASO 3 (llenar causas): 0.0s
[16:31:00] ================================================================================
[16:31:00] PASO 4: ORDENANDO POR FECHA Y ACTA_NUMERO
[16:31:00] ================================================================================
[16:31:00] ✓ Pagos ordenados correctamente
[16:31:00]   • Primera entrada: Acta=351213, Fecha=18/11/2025
[16:31:00]   • Última entrada: Acta=296614, Fecha=17/04/2026
[16:31:00] 📝 Escribiendo archivo de salida...
[16:31:00]   ✅ Archivo escrito: backend/descargas/pagos/2026-07-24/PAGOS 20260724 163013.txt
[16:31:00]   ✅ Total registros: 467
[16:31:00] ⏱ PASO 4 (ordenar y escribir): 0.0s
[16:31:00] ================================================================================
[16:31:00] ✅ PROCESO COMPLETADO EXITOSAMENTE
[16:31:00] ================================================================================
[16:31:00] 📊 RESUMEN FINAL DEL PROCESAMIENTO:
[16:31:00]   ENTRADA:
[16:31:00]     • Pagos originales: 17168
[16:31:00]     • Multas SIGEMI cargadas: 103447
[16:31:00]     • Multas Juzgado cargadas: 39950
[16:31:00]     • Causas simplificadas (usadas para el cruce): 103119
[16:31:00]   PROCESO:
[16:31:00]     • Pagos rechazados sigemi: 14116
[16:31:00]     • Pagos rechazados juzgado: 3049
[16:31:00]   SALIDA:
[16:31:00]     • Pagos desactualizados procesados: 3
[16:31:00]     • Archivo final: backend/descargas/pagos/2026-07-24/PAGOS 20260724 163013.txt
[16:31:00]     • Ordenados por fecha: SÍ ✓
[16:31:00]     • Todos con ACTA_NUMERO: SÍ ✓
[16:31:00]     • Todos con CAUSA_NUMERO: SÍ ✓
[16:31:00] ✅ TXT de pagos (ya cruzado con actas y causas) generado en: backend/descargas/pagos/2026-07-24/PAGOS 20260724 163013.txt
[16:31:00] 🧹 TXT de pagos crudo eliminado (ya usado en el cruce): backend/descargas/pagos/2026-07-24/PAGOS DESCARGADOS.txt
[16:31:00] 🧹 Excel MULTAS_SIGEMI_CRUCE eliminado (ya usado en el cruce): backend/descargas/cache_actas_cruce/MULTAS_SIGEMI_CRUCE.xlsx
[16:31:00] 🧹 Excel MULTAS_JUZGADO_CRUCE eliminado (ya usado en el cruce): backend/descargas/cache_actas_cruce/MULTAS_JUZGADO_CRUCE.xlsx
[16:31:00] ✅ CompararActasPaso finalizado. (⏱ 46.8s)
[16:31:00] ✓ [CompararActasPaso] Completado.
[16:31:00] ▶ [CargarPagosPaso] Iniciando...
[16:31:00] ==================================================
[16:31:00] 🚀 PASO: CargarPagosPaso
[16:31:00] ==================================================
[16:31:00] 📤 Subiendo TXT de pagos al SEMyT...
[16:31:03] ✅ Importación de pagos completada con éxito.
[16:31:03] ✅ Archivo TXT de pagos cargado en el SEMyT correctamente.
[16:31:03] ✅ CargarPagosPaso finalizado. (⏱ 3.1s)
[16:31:03] ✓ [CargarPagosPaso] Completado.
[16:31:03] === Ejecución finalizada con éxito ===
