[12:53:57] === Inicio de ejecución: pagos ===
[12:53:59] ▶ [LoginSemytPaso] Iniciando...
[12:53:59] ==================================================
[12:53:59] 🚀 PASO: LoginSemytPaso
[12:53:59] ==================================================
[12:54:00] Abriendo SEMyT...
[12:54:23] ✅ [SEMyT] Sesión existente detectada. Login omitido.
[12:54:23] ✅ LoginSemytPaso finalizado. (⏱ 24.4s)
[12:54:23] ✓ [LoginSemytPaso] Completado.
[12:54:23] ▶ [LoginJuzgadoPaso] Iniciando...
[12:54:23] ==================================================
[12:54:23] 🚀 PASO: LoginJuzgadoPaso
[12:54:23] ==================================================
[12:54:23] Abriendo sitio municipalidad (CiDi)...
[12:54:24] ✅ [Juzgado] Sesión existente detectada. Login omitido.
[12:54:25] ✅ LoginJuzgadoPaso finalizado. (⏱ 1.5s)
[12:54:25] ✓ [LoginJuzgadoPaso] Completado.
[12:54:25] ▶ [DescargasParalelasPaso] Iniciando...
[12:54:25] ==================================================
[12:54:25] 🚀 PASO: DescargasParalelasPaso
[12:54:25] ==================================================
[12:54:26] 📤 Arrancando las 3 descargas en paralelo (mismo browser, páginas separadas)...
[12:54:26] Fecha Desde: 27/06/2024
[12:54:26] Fecha Hasta: 24/11/2025
[12:54:26] Fecha Desde: 25/11/2025
[12:54:26] Fecha Hasta: 24/07/2026
[12:54:26] Descargando Excel...
[12:54:26] Descargando Excel...
[12:54:49] Archivo descargado en: backend/descargas/cache_actas_cruce/MULTAS_JUZGADO_CRUCE.xlsx
[12:54:58] ⏱ [actas_juzgado] completado en 31.9s
[12:54:58] ✅ TXT de pagos descargado en: backend/descargas/pagos/2026-07-24/PAGOS DESCARGADOS.txt
[12:54:58] ⏱ [pagos_txt] completado en 32.0s
[12:55:17] Archivo descargado en: backend/descargas/cache_actas_cruce/MULTAS_SIGEMI_CRUCE.xlsx
[12:55:35] ⏱ [actas_sigemi] completado en 68.9s
[12:55:35] ⏱ TOTAL descargas en paralelo: 68.9s
[12:55:35] ✅ DescargasParalelasPaso finalizado. (⏱ 70.2s)
[12:55:35] ✓ [DescargasParalelasPaso] Completado.
[12:55:35] ▶ [CompararActasPaso] Iniciando...
[12:55:35] ==================================================
[12:55:35] 🚀 PASO: CompararActasPaso
[12:55:35] ==================================================
[12:55:35] 🔍 Comparando actas del SEMyT contra pagos del Juzgado...
[12:55:35] ================================================================================
[12:55:35] INICIANDO PROCESO DE GENERACIÓN DE PAGOS DESACTUALIZADOS
[12:55:35] ================================================================================
[12:55:35] 📂 Cargando archivos...
[12:55:35]   ✓ Pagos: 17106 registros
[12:55:53]   ✓ Excel SIGEMI (multas vencidas viejas): 103467 registros
[12:56:00]   ✓ Excel Juzgado (multas vencidas nuevas): 39993 registros
[12:56:03] ================================================================================
[12:56:03] PASO 1: LLENANDO ACTA_NUMERO (búsqueda por patente + fecha, con desempate por hora)
[12:56:03] ================================================================================
[12:56:08] 📊 ESTADÍSTICAS DE LLENADO DE ACTAS:
[12:56:08]   • Pagos con acta ORIGINAL: 3007
[12:56:08]   • Pagos SIN acta (buscados): 14099
[12:56:08]   • Pagos LLENADOS exitosamente: 3
[12:56:08]   • Pagos NO encontrados en multas: 14096
[12:56:08]   • Pagos SIN RESOLVER por desbalance de cantidades: 0
[12:56:09] ================================================================================
[12:56:09] PASO 1: LLENANDO ACTA_NUMERO (búsqueda por patente + fecha, con desempate por hora)
[12:56:09] ================================================================================
[12:56:16] 📊 ESTADÍSTICAS DE LLENADO DE ACTAS:
[12:56:16]   • Pagos con acta ORIGINAL: 3010
[12:56:16]   • Pagos SIN acta (buscados): 14096
[12:56:16]   • Pagos LLENADOS exitosamente: 0
[12:56:16]   • Pagos NO encontrados en multas: 14096
[12:56:16]   • Pagos SIN RESOLVER por desbalance de cantidades: 0
[12:56:16] ⏱ PASO 1 (llenar actas): 15.8s
[12:56:16] ================================================================================
[12:56:16] PASO 2: FILTRANDO PAGOS CON ACTA_NUMERO COMPLETO
[12:56:16] ================================================================================
[12:56:16] 📊 ESTADÍSTICAS DE FILTRADO:
[12:56:16]   • Pagos TOTALES al inicio: 17106
[12:56:16]   • Pagos CON acta (MANTIENEN): 3010
[12:56:16]   • Pagos RECHAZADOS (sin coincidencias): 14096
[12:56:16] ⚠️  Se eliminaron 14096 registros sin número de acta
[12:56:16]      (recordá: esto incluye tanto pagos ya actualizados/pagados
[12:56:16]       como pagos que quedaron sin resolver por desbalance en el Paso 1)
[12:56:16] ================================================================================
[12:56:16] PASO 2-bis: CONFIRMANDO VIGENCIA DE PAGOS DEL SISTEMA NUEVO (contra MULTAS_JUZGADO_CRUCE)
[12:56:16] ================================================================================
[12:56:17]   ⚠ 3005 pago(s) del sistema nuevo descartados: su acta ya no figura como vencida en MULTAS_JUZGADO_CRUCE (SEMyT ya los actualizó).
[12:56:17]   • Pagos del sistema nuevo descartados por ya estar actualizados: 3005
[12:56:17] ⏱ PASO 2 (filtrar): 1.4s
[12:56:17] 📂 Cargando maestro de causas SIGEMI...
[12:56:17]   ✓ Causas totales (maestro): 134069 registros
[12:56:17] ⏱ PASO 2.5 (causas simplificado): 0.1s
[12:56:17] ================================================================================
[12:56:17] PASO 2.5: ARMANDO causas.txt SIMPLIFICADO (cruce contra total_causas_sigemi.txt)
[12:56:17] ================================================================================
[12:56:19]   • Actas vencidas viejas (multas): 103467
[12:56:19]   • Causas totales en el maestro SIGEMI: 134069
[12:56:19]   • Causas que coinciden (simplificado): 103139
[12:56:19]   ✅ Archivo escrito: backend/descargas/causas/causas.txt
[12:56:19] ⏱ PASO 2.5 (causas simplificado): 2.5s
[12:56:19] ================================================================================
[12:56:19] PASO 3: LLENANDO CAUSA_NUMERO (según fecha de cambio de sistema, cruzando por acta + año)
[12:56:19] ================================================================================
[12:56:19] 📊 ESTADÍSTICAS DE LLENADO DE CAUSAS:
[12:56:19]   • Pagos con causa ORIGINAL: 2
[12:56:19]   • Causas encontradas en SIGEMI (actas viejas): 3
[12:56:19]   • Causas NO encontradas en SIGEMI: 0
[12:56:19]   • Causas asignadas automáticamente (actas nuevas): 0
[12:56:19] ⏱ PASO 3 (llenar causas): 0.0s
[12:56:19] ================================================================================
[12:56:19] PASO 4: ORDENANDO POR FECHA Y ACTA_NUMERO
[12:56:19] ================================================================================
[12:56:19] ✓ Pagos ordenados correctamente
[12:56:19]   • Primera entrada: Acta=177193, Fecha=18/07/2025
[12:56:19]   • Última entrada: Acta=268137, Fecha=19/02/2026
[12:56:19] 📝 Escribiendo archivo de salida...
[12:56:19]   ✅ Archivo escrito: backend/descargas/pagos/2026-07-24/PAGOS 20260724 125535.txt
[12:56:19]   ✅ Total registros: 696
[12:56:19] ⏱ PASO 4 (ordenar y escribir): 0.0s
[12:56:19] ================================================================================
[12:56:19] ✅ PROCESO COMPLETADO EXITOSAMENTE
[12:56:19] ================================================================================
[12:56:19] 📊 RESUMEN FINAL DEL PROCESAMIENTO:
[12:56:19]   ENTRADA:
[12:56:19]     • Pagos originales: 17106
[12:56:19]     • Multas SIGEMI cargadas: 103467
[12:56:19]     • Multas Juzgado cargadas: 39993
[12:56:19]     • Causas simplificadas (usadas para el cruce): 103139
[12:56:19]   PROCESO:
[12:56:19]     • Pagos rechazados sigemi: 14096
[12:56:19]     • Pagos rechazados juzgado: 3005
[12:56:19]   SALIDA:
[12:56:19]     • Pagos desactualizados procesados: 5
[12:56:19]     • Archivo final: backend/descargas/pagos/2026-07-24/PAGOS 20260724 125535.txt
[12:56:19]     • Ordenados por fecha: SÍ ✓
[12:56:19]     • Todos con ACTA_NUMERO: SÍ ✓
[12:56:19]     • Todos con CAUSA_NUMERO: SÍ ✓
[12:56:20] ✅ TXT de pagos (ya cruzado con actas y causas) generado en: backend/descargas/pagos/2026-07-24/PAGOS 20260724 125535.txt
[12:56:20] 🧹 TXT de pagos crudo eliminado (ya usado en el cruce): backend/descargas/pagos/2026-07-24/PAGOS DESCARGADOS.txt
[12:56:20] 🧹 Excel MULTAS_SIGEMI_CRUCE eliminado (ya usado en el cruce): backend/descargas/cache_actas_cruce/MULTAS_SIGEMI_CRUCE.xlsx
[12:56:20] 🧹 Excel MULTAS_JUZGADO_CRUCE eliminado (ya usado en el cruce): backend/descargas/cache_actas_cruce/MULTAS_JUZGADO_CRUCE.xlsx
[12:56:20] ✅ CompararActasPaso finalizado. (⏱ 44.8s)
[12:56:20] ✓ [CompararActasPaso] Completado.
[12:56:20] ▶ [CargarPagosPaso] Iniciando...
[12:56:20] ==================================================
[12:56:20] 🚀 PASO: CargarPagosPaso
[12:56:20] ==================================================
[12:56:20] 📤 Subiendo TXT de pagos al SEMyT...
[12:56:22] ✅ Importación de pagos completada con éxito.
[12:56:22] ✅ Archivo TXT de pagos cargado en el SEMyT correctamente.
[12:56:22] ✅ CargarPagosPaso finalizado. (⏱ 2.7s)
[12:56:22] ✓ [CargarPagosPaso] Completado.
[12:56:23] === Ejecución finalizada con éxito ===
