[18:39:59] === Inicio de ejecución: pagos ===
[18:40:01] ▶ [LoginSemytPaso] Iniciando...
[18:40:01] ==================================================
[18:40:01] 🚀 PASO: LoginSemytPaso
[18:40:01] ==================================================
[18:40:01] Abriendo SEMyT...
[18:40:04] ✅ [SEMyT] Sesión existente detectada. Login omitido.
[18:40:05] ✅ LoginSemytPaso finalizado. (⏱ 4.0s)
[18:40:05] ✓ [LoginSemytPaso] Completado.
[18:40:05] ▶ [LoginJuzgadoPaso] Iniciando...
[18:40:05] ==================================================
[18:40:05] 🚀 PASO: LoginJuzgadoPaso
[18:40:05] ==================================================
[18:40:05] Abriendo sitio municipalidad (CiDi)...
[18:40:05] ✅ [Juzgado] Sesión existente detectada. Login omitido.
[18:40:06] ✅ LoginJuzgadoPaso finalizado. (⏱ 1.0s)
[18:40:06] ✓ [LoginJuzgadoPaso] Completado.
[18:40:06] ▶ [DescargasParalelasPaso] Iniciando...
[18:40:06] ==================================================
[18:40:06] 🚀 PASO: DescargasParalelasPaso
[18:40:06] ==================================================
[18:40:07] 📤 Arrancando las 3 descargas en paralelo (mismo browser, páginas separadas)...
[18:40:07] Fecha Desde: 27/06/2024
[18:40:07] Fecha Hasta: 24/11/2025
[18:40:07] Fecha Desde: 25/11/2025
[18:40:07] Fecha Hasta: 24/07/2026
[18:40:08] Descargando Excel...
[18:40:08] Descargando Excel...
[18:40:20] Archivo descargado en: backend/descargas/cache_actas_cruce/MULTAS_JUZGADO_CRUCE.xlsx
[18:40:26] ⏱ [actas_juzgado] completado en 19.5s
[18:40:27] Archivo descargado en: backend/descargas/cache_actas_cruce/MULTAS_SIGEMI_CRUCE.xlsx
[18:40:43] ⏱ [actas_sigemi] completado en 36.4s
[18:40:43] ✅ TXT de pagos descargado en: backend/descargas/pagos/2026-07-24/PAGOS DESCARGADOS.txt
[18:40:43] ⏱ [pagos_txt] completado en 36.5s
[18:40:43] ⏱ TOTAL descargas en paralelo: 36.5s
[18:40:43] ✅ DescargasParalelasPaso finalizado. (⏱ 37.7s)
[18:40:43] ✓ [DescargasParalelasPaso] Completado.
[18:40:43] ▶ [CompararActasPaso] Iniciando...
[18:40:43] ==================================================
[18:40:43] 🚀 PASO: CompararActasPaso
[18:40:43] ==================================================
[18:40:43] 🔍 Comparando actas del SEMyT contra pagos del Juzgado...
[18:40:43] ================================================================================
[18:40:43] INICIANDO PROCESO DE GENERACIÓN DE PAGOS DESACTUALIZADOS
[18:40:43] ================================================================================
[18:40:43] 📂 Cargando archivos...
[18:40:44]   ✓ Pagos: 17205 registros
[18:40:58]   ✓ Excel SIGEMI (multas vencidas viejas): 103441 registros
[18:41:04]   ✓ Excel Juzgado (multas vencidas nuevas): 39911 registros
[18:41:07] ================================================================================
[18:41:07] PASO 1: LLENANDO ACTA_NUMERO (búsqueda por patente + fecha, con desempate por hora)
[18:41:07] ================================================================================
[18:41:12] 📊 ESTADÍSTICAS DE LLENADO DE ACTAS:
[18:41:12]   • Pagos con acta ORIGINAL: 3085
[18:41:12]   • Pagos SIN acta (buscados): 14120
[18:41:12]   • Pagos LLENADOS exitosamente: 0
[18:41:12]   • Pagos NO encontrados en multas: 14120
[18:41:12]   • Pagos SIN RESOLVER por desbalance de cantidades: 0
[18:41:13] ================================================================================
[18:41:13] PASO 1: LLENANDO ACTA_NUMERO (búsqueda por patente + fecha, con desempate por hora)
[18:41:13] ================================================================================
[18:41:18] 📊 ESTADÍSTICAS DE LLENADO DE ACTAS:
[18:41:18]   • Pagos con acta ORIGINAL: 3085
[18:41:18]   • Pagos SIN acta (buscados): 14120
[18:41:18]   • Pagos LLENADOS exitosamente: 0
[18:41:18]   • Pagos NO encontrados en multas: 14120
[18:41:18]   • Pagos SIN RESOLVER por desbalance de cantidades: 0
[18:41:18] ⏱ PASO 1 (llenar actas): 14.1s
[18:41:18] ================================================================================
[18:41:18] PASO 2: FILTRANDO PAGOS CON ACTA_NUMERO COMPLETO
[18:41:18] ================================================================================
[18:41:18] 📊 ESTADÍSTICAS DE FILTRADO:
[18:41:18]   • Pagos TOTALES al inicio: 17205
[18:41:18]   • Pagos CON acta (MANTIENEN): 3085
[18:41:18]   • Pagos RECHAZADOS (sin coincidencias): 14120
[18:41:18] ⚠️  Se eliminaron 14120 registros sin número de acta
[18:41:18]      (recordá: esto incluye tanto pagos ya actualizados/pagados
[18:41:18]       como pagos que quedaron sin resolver por desbalance en el Paso 1)
[18:41:18] ================================================================================
[18:41:18] PASO 2-bis: CONFIRMANDO VIGENCIA DE PAGOS DEL SISTEMA NUEVO (contra MULTAS_JUZGADO_CRUCE)
[18:41:18] ================================================================================
[18:41:19]   ⚠ 3083 pago(s) del sistema nuevo descartados: su acta ya no figura como vencida en MULTAS_JUZGADO_CRUCE (SEMyT ya los actualizó).
[18:41:19]   • Pagos del sistema nuevo descartados por ya estar actualizados: 3083
[18:41:19] ⏱ PASO 2 (filtrar): 1.0s
[18:41:19] 📂 Cargando maestro de causas SIGEMI...
[18:41:20]   ✓ Causas totales (maestro): 134069 registros
[18:41:20] ⏱ PASO 2.5 (causas simplificado): 0.1s
[18:41:20] ================================================================================
[18:41:20] PASO 2.5: ARMANDO causas.txt SIMPLIFICADO (cruce contra total_causas_sigemi.txt)
[18:41:20] ================================================================================
[18:41:21]   • Actas vencidas viejas (multas): 103441
[18:41:21]   • Causas totales en el maestro SIGEMI: 134069
[18:41:21]   • Causas que coinciden (simplificado): 103113
[18:41:21]   ✅ Archivo escrito: backend/descargas/causas/causas.txt
[18:41:22] ⏱ PASO 2.5 (causas simplificado): 2.2s
[18:41:22] ================================================================================
[18:41:22] PASO 3: LLENANDO CAUSA_NUMERO (según fecha de cambio de sistema, cruzando por acta + año)
[18:41:22] ================================================================================
[18:41:22] 📊 ESTADÍSTICAS DE LLENADO DE CAUSAS:
[18:41:22]   • Pagos con causa ORIGINAL: 2
[18:41:22]   • Causas encontradas en SIGEMI (actas viejas): 0
[18:41:22]   • Causas NO encontradas en SIGEMI: 0
[18:41:22]   • Causas asignadas automáticamente (actas nuevas): 0
[18:41:22] ⏱ PASO 3 (llenar causas): 0.0s
[18:41:22] ================================================================================
[18:41:22] PASO 4: ORDENANDO POR FECHA Y ACTA_NUMERO
[18:41:22] ================================================================================
[18:41:22] ✓ Pagos ordenados correctamente
[18:41:22]   • Primera entrada: Acta=351213, Fecha=18/11/2025
[18:41:22]   • Última entrada: Acta=280524, Fecha=16/03/2026
[18:41:22] 📝 Escribiendo archivo de salida...
[18:41:22]   ✅ Archivo escrito: backend/descargas/pagos/2026-07-24/PAGOS 20260724 184043.txt
[18:41:22]   ✅ Total registros: 353
[18:41:22] ⏱ PASO 4 (ordenar y escribir): 0.0s
[18:41:22] ================================================================================
[18:41:22] ✅ PROCESO COMPLETADO EXITOSAMENTE
[18:41:22] ================================================================================
[18:41:22] 📊 RESUMEN FINAL DEL PROCESAMIENTO:
[18:41:22]   ENTRADA:
[18:41:22]     • Pagos originales: 17205
[18:41:22]     • Multas SIGEMI cargadas: 103441
[18:41:22]     • Multas Juzgado cargadas: 39911
[18:41:22]     • Causas simplificadas (usadas para el cruce): 103113
[18:41:22]   PROCESO:
[18:41:22]     • Pagos rechazados sigemi: 14120
[18:41:22]     • Pagos rechazados juzgado: 3083
[18:41:22]   SALIDA:
[18:41:22]     • Pagos desactualizados procesados: 2
[18:41:22]     • Archivo final: backend/descargas/pagos/2026-07-24/PAGOS 20260724 184043.txt
[18:41:22]     • Ordenados por fecha: SÍ ✓
[18:41:22]     • Todos con ACTA_NUMERO: SÍ ✓
[18:41:22]     • Todos con CAUSA_NUMERO: SÍ ✓
[18:41:22] ✅ TXT de pagos (ya cruzado con actas y causas) generado en: backend/descargas/pagos/2026-07-24/PAGOS 20260724 184043.txt
[18:41:22] 🧹 TXT de pagos crudo eliminado (ya usado en el cruce): backend/descargas/pagos/2026-07-24/PAGOS DESCARGADOS.txt
[18:41:22] 🧹 Excel MULTAS_SIGEMI_CRUCE eliminado (ya usado en el cruce): backend/descargas/cache_actas_cruce/MULTAS_SIGEMI_CRUCE.xlsx
[18:41:22] 🧹 Excel MULTAS_JUZGADO_CRUCE eliminado (ya usado en el cruce): backend/descargas/cache_actas_cruce/MULTAS_JUZGADO_CRUCE.xlsx
[18:41:22] ✅ CompararActasPaso finalizado. (⏱ 38.3s)
[18:41:22] ✓ [CompararActasPaso] Completado.
[18:41:22] ▶ [CargarPagosPaso] Iniciando...
[18:41:22] ==================================================
[18:41:22] 🚀 PASO: CargarPagosPaso
[18:41:22] ==================================================
[18:41:22] 📤 Subiendo TXT de pagos al SEMyT...
[18:41:25] ✅ Importación de pagos completada con éxito.
[18:41:25] ✅ Archivo TXT de pagos cargado en el SEMyT correctamente.
[18:41:25] ✅ CargarPagosPaso finalizado. (⏱ 3.8s)
[18:41:25] ✓ [CargarPagosPaso] Completado.
[18:41:26] === Ejecución finalizada con éxito ===
