[09:33:28] === Inicio de ejecución: pagos ===
[09:41:04] ▶ [LoginSemytPaso] Iniciando...
[09:41:04] ==================================================
[09:41:04] 🚀 PASO: LoginSemytPaso
[09:41:04] ==================================================
[09:41:10] Abriendo SEMyT...
[09:41:46] ✅ [SEMyT] Sesión existente detectada. Login omitido.
[09:41:46] ✅ LoginSemytPaso finalizado. (⏱ 42.1s)
[09:41:46] ✓ [LoginSemytPaso] Completado.
[09:41:46] ▶ [LoginJuzgadoPaso] Iniciando...
[09:41:46] ==================================================
[09:41:46] 🚀 PASO: LoginJuzgadoPaso
[09:41:46] ==================================================
[09:41:47] Abriendo sitio municipalidad (CiDi)...
[09:41:49] ✅ [Juzgado] Sesión existente detectada. Login omitido.
[09:41:49] ✅ LoginJuzgadoPaso finalizado. (⏱ 2.5s)
[09:41:49] ✓ [LoginJuzgadoPaso] Completado.
[09:41:49] ▶ [DescargasParalelasPaso] Iniciando...
[09:41:49] ==================================================
[09:41:49] 🚀 PASO: DescargasParalelasPaso
[09:41:49] ==================================================
[09:41:50] 📤 Arrancando las 3 descargas en paralelo (mismo browser, páginas separadas)...
[09:41:50] Fecha Desde: 27/06/2024
[09:41:50] Fecha Hasta: 24/11/2025
[09:41:50] Fecha Desde: 25/11/2025
[09:41:50] Fecha Hasta: 24/07/2026
[09:41:51] Descargando Excel...
[09:41:51] Descargando Excel...
[09:42:16] ✅ TXT de pagos descargado en: backend/descargas/pagos/2026-07-24/PAGOS DESCARGADOS.txt
[09:42:16] ⏱ [pagos_txt] completado en 25.8s
[09:42:17] Archivo descargado en: backend/descargas/cache_actas_cruce/MULTAS_JUZGADO_CRUCE.xlsx
[09:42:26] ⏱ [actas_juzgado] completado en 35.5s
[09:42:54] Archivo descargado en: backend/descargas/cache_actas_cruce/MULTAS_SIGEMI_CRUCE.xlsx
[09:43:16] ⏱ [actas_sigemi] completado en 86.2s
[09:43:16] ⏱ TOTAL descargas en paralelo: 86.3s
[09:43:17] ✅ DescargasParalelasPaso finalizado. (⏱ 87.5s)
[09:43:17] ✓ [DescargasParalelasPaso] Completado.
[09:43:17] ▶ [CompararActasPaso] Iniciando...
[09:43:17] ==================================================
[09:43:17] 🚀 PASO: CompararActasPaso
[09:43:17] ==================================================
[09:43:17] 🔍 Comparando actas del SEMyT contra pagos del Juzgado...
[09:43:17] ================================================================================
[09:43:17] INICIANDO PROCESO DE GENERACIÓN DE PAGOS DESACTUALIZADOS
[09:43:17] ================================================================================
[09:43:17] 📂 Cargando archivos...
[09:43:17]   ✓ Pagos: 16934 registros
[09:43:38]   ✓ Excel SIGEMI (multas vencidas viejas): 103547 registros
[09:43:46]   ✓ Excel Juzgado (multas vencidas nuevas): 40097 registros
[09:43:50] ================================================================================
[09:43:50] PASO 1: LLENANDO ACTA_NUMERO (búsqueda por patente + fecha, con desempate por hora)
[09:43:50] ================================================================================
[09:43:58] 📊 ESTADÍSTICAS DE LLENADO DE ACTAS:
[09:43:58]   • Pagos con acta ORIGINAL: 2914
[09:43:58]   • Pagos SIN acta (buscados): 14020
[09:43:58]   • Pagos LLENADOS exitosamente: 5
[09:43:58]   • Pagos NO encontrados en multas: 14015
[09:43:58]   • Pagos SIN RESOLVER por desbalance de cantidades: 0
[09:43:59] ================================================================================
[09:43:59] PASO 1: LLENANDO ACTA_NUMERO (búsqueda por patente + fecha, con desempate por hora)
[09:43:59] ================================================================================
[09:44:06] 📊 ESTADÍSTICAS DE LLENADO DE ACTAS:
[09:44:06]   • Pagos con acta ORIGINAL: 2919
[09:44:06]   • Pagos SIN acta (buscados): 14015
[09:44:06]   • Pagos LLENADOS exitosamente: 0
[09:44:06]   • Pagos NO encontrados en multas: 14015
[09:44:06]   • Pagos SIN RESOLVER por desbalance de cantidades: 0
[09:44:06] ⏱ PASO 1 (llenar actas): 19.7s
[09:44:06] ================================================================================
[09:44:06] PASO 2: FILTRANDO PAGOS CON ACTA_NUMERO COMPLETO
[09:44:06] ================================================================================
[09:44:06] 📊 ESTADÍSTICAS DE FILTRADO:
[09:44:06]   • Pagos TOTALES al inicio: 16934
[09:44:06]   • Pagos CON acta (MANTIENEN): 2919
[09:44:06]   • Pagos RECHAZADOS (sin coincidencias): 14015
[09:44:06] ⚠️  Se eliminaron 14015 registros sin número de acta
[09:44:06]      (recordá: esto incluye tanto pagos ya actualizados/pagados
[09:44:06]       como pagos que quedaron sin resolver por desbalance en el Paso 1)
[09:44:06] ================================================================================
[09:44:06] PASO 2-bis: CONFIRMANDO VIGENCIA DE PAGOS DEL SISTEMA NUEVO (contra MULTAS_JUZGADO_CRUCE)
[09:44:06] ================================================================================
[09:44:08]   ⚠ 2899 pago(s) del sistema nuevo descartados: su acta ya no figura como vencida en MULTAS_JUZGADO_CRUCE (SEMyT ya los actualizó).
[09:44:08]   • Pagos del sistema nuevo descartados por ya estar actualizados: 2899
[09:44:08] ⏱ PASO 2 (filtrar): 1.6s
[09:44:08] 📂 Cargando maestro de causas SIGEMI...
[09:44:08]   ✓ Causas totales (maestro): 134069 registros
[09:44:08] ⏱ PASO 2.5 (causas simplificado): 0.2s
[09:44:08] ================================================================================
[09:44:08] PASO 2.5: ARMANDO causas.txt SIMPLIFICADO (cruce contra total_causas_sigemi.txt)
[09:44:08] ================================================================================
[09:44:10]   • Actas vencidas viejas (multas): 103547
[09:44:10]   • Causas totales en el maestro SIGEMI: 134069
[09:44:10]   • Causas que coinciden (simplificado): 103217
[09:44:10]   ✅ Archivo escrito: backend/descargas/causas/causas.txt
[09:44:10] ⏱ PASO 2.5 (causas simplificado): 2.7s
[09:44:10] ================================================================================
[09:44:10] PASO 3: LLENANDO CAUSA_NUMERO (según fecha de cambio de sistema, cruzando por acta + año)
[09:44:10] ================================================================================
[09:44:11] 📊 ESTADÍSTICAS DE LLENADO DE CAUSAS:
[09:44:11]   • Pagos con causa ORIGINAL: 15
[09:44:11]   • Causas encontradas en SIGEMI (actas viejas): 5
[09:44:11]   • Causas NO encontradas en SIGEMI: 0
[09:44:11]   • Causas asignadas automáticamente (actas nuevas): 0
[09:44:11] ⏱ PASO 3 (llenar causas): 0.0s
[09:44:11] ================================================================================
[09:44:11] PASO 4: ORDENANDO POR FECHA Y ACTA_NUMERO
[09:44:11] ================================================================================
[09:44:11] ✓ Pagos ordenados correctamente
[09:44:11]   • Primera entrada: Acta=118627, Fecha=05/03/2025
[09:44:11]   • Última entrada: Acta=279433, Fecha=13/03/2026
[09:44:11] 📝 Escribiendo archivo de salida...
[09:44:11]   ✅ Archivo escrito: backend/descargas/pagos/2026-07-24/PAGOS 20260724 094317.txt
[09:44:11]   ✅ Total registros: 2303
[09:44:11] ⏱ PASO 4 (ordenar y escribir): 0.0s
[09:44:11] ================================================================================
[09:44:11] ✅ PROCESO COMPLETADO EXITOSAMENTE
[09:44:11] ================================================================================
[09:44:11] 📊 RESUMEN FINAL DEL PROCESAMIENTO:
[09:44:11]   ENTRADA:
[09:44:11]     • Pagos originales: 16934
[09:44:11]     • Multas SIGEMI cargadas: 103547
[09:44:11]     • Multas Juzgado cargadas: 40097
[09:44:11]     • Causas simplificadas (usadas para el cruce): 103217
[09:44:11]   PROCESO:
[09:44:11]     • Pagos rechazados sigemi: 14015
[09:44:11]     • Pagos rechazados juzgado: 2899
[09:44:11]   SALIDA:
[09:44:11]     • Pagos desactualizados procesados: 20
[09:44:11]     • Archivo final: backend/descargas/pagos/2026-07-24/PAGOS 20260724 094317.txt
[09:44:11]     • Ordenados por fecha: SÍ ✓
[09:44:11]     • Todos con ACTA_NUMERO: SÍ ✓
[09:44:11]     • Todos con CAUSA_NUMERO: SÍ ✓
[09:44:11] ✅ TXT de pagos (ya cruzado con actas y causas) generado en: backend/descargas/pagos/2026-07-24/PAGOS 20260724 094317.txt
[09:44:11] 🧹 TXT de pagos crudo eliminado (ya usado en el cruce): backend/descargas/pagos/2026-07-24/PAGOS DESCARGADOS.txt
[09:44:11] 🧹 Excel MULTAS_SIGEMI_CRUCE eliminado (ya usado en el cruce): backend/descargas/cache_actas_cruce/MULTAS_SIGEMI_CRUCE.xlsx
[09:44:11] 🧹 Excel MULTAS_JUZGADO_CRUCE eliminado (ya usado en el cruce): backend/descargas/cache_actas_cruce/MULTAS_JUZGADO_CRUCE.xlsx
[09:44:11] ✅ CompararActasPaso finalizado. (⏱ 54.2s)
[09:44:11] ✓ [CompararActasPaso] Completado.
[09:44:11] ▶ [CargarPagosPaso] Iniciando...
[09:44:11] ==================================================
[09:44:11] 🚀 PASO: CargarPagosPaso
[09:44:11] ==================================================
[09:44:11] 📤 Subiendo TXT de pagos al SEMyT...
[09:44:14] ✅ Importación de pagos completada con éxito.
[09:44:14] ✅ Archivo TXT de pagos cargado en el SEMyT correctamente.
[09:44:14] ✅ CargarPagosPaso finalizado. (⏱ 3.8s)
[09:44:14] ✓ [CargarPagosPaso] Completado.
[09:44:15] === Ejecución finalizada con éxito ===
