[17:28:45] === Inicio de ejecución: pagos ===
[17:28:48] ▶ [LoginSemytPaso] Iniciando...
[17:28:48] ==================================================
[17:28:48] 🚀 PASO: LoginSemytPaso
[17:28:48] ==================================================
[17:28:48] Abriendo SEMyT...
[17:28:51] ✅ [SEMyT] Sesión existente detectada. Login omitido.
[17:28:52] ✅ LoginSemytPaso finalizado. (⏱ 4.5s)
[17:28:52] ✓ [LoginSemytPaso] Completado.
[17:28:52] ▶ [LoginJuzgadoPaso] Iniciando...
[17:28:52] ==================================================
[17:28:52] 🚀 PASO: LoginJuzgadoPaso
[17:28:52] ==================================================
[17:28:52] Abriendo sitio municipalidad (CiDi)...
[17:28:53] ✅ [Juzgado] Sesión existente detectada. Login omitido.
[17:28:53] ✅ LoginJuzgadoPaso finalizado. (⏱ 1.1s)
[17:28:53] ✓ [LoginJuzgadoPaso] Completado.
[17:28:53] ▶ [DescargasParalelasPaso] Iniciando...
[17:28:53] ==================================================
[17:28:53] 🚀 PASO: DescargasParalelasPaso
[17:28:53] ==================================================
[17:28:54] 📤 Arrancando las 3 descargas en paralelo (mismo browser, páginas separadas)...
[17:28:54] Fecha Desde: 27/06/2024
[17:28:54] Fecha Hasta: 24/11/2025
[17:28:54] Fecha Desde: 25/11/2025
[17:28:54] Fecha Hasta: 24/07/2026
[17:28:55] Descargando Excel...
[17:28:55] Descargando Excel...
[17:29:07] Archivo descargado en: backend/descargas/cache_actas_cruce/MULTAS_JUZGADO_CRUCE.xlsx
[17:29:15] ⏱ [actas_juzgado] completado en 20.6s
[17:29:18] ✅ TXT de pagos descargado en: backend/descargas/pagos/2026-07-24/PAGOS DESCARGADOS.txt
[17:29:18] ⏱ [pagos_txt] completado en 23.1s
[17:29:20] Archivo descargado en: backend/descargas/cache_actas_cruce/MULTAS_SIGEMI_CRUCE.xlsx
[17:29:39] ⏱ [actas_sigemi] completado en 44.3s
[17:29:39] ⏱ TOTAL descargas en paralelo: 44.3s
[17:29:39] ✅ DescargasParalelasPaso finalizado. (⏱ 45.6s)
[17:29:39] ✓ [DescargasParalelasPaso] Completado.
[17:29:39] ▶ [CompararActasPaso] Iniciando...
[17:29:39] ==================================================
[17:29:39] 🚀 PASO: CompararActasPaso
[17:29:39] ==================================================
[17:29:39] 🔍 Comparando actas del SEMyT contra pagos del Juzgado...
[17:29:39] ================================================================================
[17:29:39] INICIANDO PROCESO DE GENERACIÓN DE PAGOS DESACTUALIZADOS
[17:29:39] ================================================================================
[17:29:39] 📂 Cargando archivos...
[17:29:39]   ✓ Pagos: 17196 registros
[17:29:57]   ✓ Excel SIGEMI (multas vencidas viejas): 103443 registros
[17:30:05]   ✓ Excel Juzgado (multas vencidas nuevas): 39921 registros
[17:30:07] ================================================================================
[17:30:07] PASO 1: LLENANDO ACTA_NUMERO (búsqueda por patente + fecha, con desempate por hora)
[17:30:07] ================================================================================
[17:30:14] 📊 ESTADÍSTICAS DE LLENADO DE ACTAS:
[17:30:14]   • Pagos con acta ORIGINAL: 3077
[17:30:14]   • Pagos SIN acta (buscados): 14119
[17:30:14]   • Pagos LLENADOS exitosamente: 0
[17:30:14]   • Pagos NO encontrados en multas: 14119
[17:30:14]   • Pagos SIN RESOLVER por desbalance de cantidades: 0
[17:30:14] ================================================================================
[17:30:14] PASO 1: LLENANDO ACTA_NUMERO (búsqueda por patente + fecha, con desempate por hora)
[17:30:14] ================================================================================
[17:30:20] 📊 ESTADÍSTICAS DE LLENADO DE ACTAS:
[17:30:20]   • Pagos con acta ORIGINAL: 3077
[17:30:20]   • Pagos SIN acta (buscados): 14119
[17:30:20]   • Pagos LLENADOS exitosamente: 0
[17:30:20]   • Pagos NO encontrados en multas: 14119
[17:30:20]   • Pagos SIN RESOLVER por desbalance de cantidades: 0
[17:30:20] ⏱ PASO 1 (llenar actas): 15.9s
[17:30:20] ================================================================================
[17:30:20] PASO 2: FILTRANDO PAGOS CON ACTA_NUMERO COMPLETO
[17:30:20] ================================================================================
[17:30:20] 📊 ESTADÍSTICAS DE FILTRADO:
[17:30:20]   • Pagos TOTALES al inicio: 17196
[17:30:20]   • Pagos CON acta (MANTIENEN): 3077
[17:30:20]   • Pagos RECHAZADOS (sin coincidencias): 14119
[17:30:20] ⚠️  Se eliminaron 14119 registros sin número de acta
[17:30:20]      (recordá: esto incluye tanto pagos ya actualizados/pagados
[17:30:20]       como pagos que quedaron sin resolver por desbalance en el Paso 1)
[17:30:20] ================================================================================
[17:30:20] PASO 2-bis: CONFIRMANDO VIGENCIA DE PAGOS DEL SISTEMA NUEVO (contra MULTAS_JUZGADO_CRUCE)
[17:30:20] ================================================================================
[17:30:22]   ⚠ 3075 pago(s) del sistema nuevo descartados: su acta ya no figura como vencida en MULTAS_JUZGADO_CRUCE (SEMyT ya los actualizó).
[17:30:22]   • Pagos del sistema nuevo descartados por ya estar actualizados: 3075
[17:30:22] ⏱ PASO 2 (filtrar): 1.3s
[17:30:22] 📂 Cargando maestro de causas SIGEMI...
[17:30:22]   ✓ Causas totales (maestro): 134069 registros
[17:30:22] ⏱ PASO 2.5 (causas simplificado): 0.2s
[17:30:22] ================================================================================
[17:30:22] PASO 2.5: ARMANDO causas.txt SIMPLIFICADO (cruce contra total_causas_sigemi.txt)
[17:30:22] ================================================================================
[17:30:24]   • Actas vencidas viejas (multas): 103443
[17:30:24]   • Causas totales en el maestro SIGEMI: 134069
[17:30:24]   • Causas que coinciden (simplificado): 103115
[17:30:24]   ✅ Archivo escrito: backend/descargas/causas/causas.txt
[17:30:24] ⏱ PASO 2.5 (causas simplificado): 2.6s
[17:30:24] ================================================================================
[17:30:24] PASO 3: LLENANDO CAUSA_NUMERO (según fecha de cambio de sistema, cruzando por acta + año)
[17:30:24] ================================================================================
[17:30:24] 📊 ESTADÍSTICAS DE LLENADO DE CAUSAS:
[17:30:24]   • Pagos con causa ORIGINAL: 2
[17:30:24]   • Causas encontradas en SIGEMI (actas viejas): 0
[17:30:24]   • Causas NO encontradas en SIGEMI: 0
[17:30:24]   • Causas asignadas automáticamente (actas nuevas): 0
[17:30:24] ⏱ PASO 3 (llenar causas): 0.0s
[17:30:24] ================================================================================
[17:30:24] PASO 4: ORDENANDO POR FECHA Y ACTA_NUMERO
[17:30:24] ================================================================================
[17:30:24] ✓ Pagos ordenados correctamente
[17:30:24]   • Primera entrada: Acta=351213, Fecha=18/11/2025
[17:30:24]   • Última entrada: Acta=275148, Fecha=04/03/2026
[17:30:24] 📝 Escribiendo archivo de salida...
[17:30:24]   ✅ Archivo escrito: backend/descargas/pagos/2026-07-24/PAGOS 20260724 172939.txt
[17:30:24]   ✅ Total registros: 347
[17:30:24] ⏱ PASO 4 (ordenar y escribir): 0.0s
[17:30:24] ================================================================================
[17:30:24] ✅ PROCESO COMPLETADO EXITOSAMENTE
[17:30:24] ================================================================================
[17:30:24] 📊 RESUMEN FINAL DEL PROCESAMIENTO:
[17:30:24]   ENTRADA:
[17:30:24]     • Pagos originales: 17196
[17:30:24]     • Multas SIGEMI cargadas: 103443
[17:30:24]     • Multas Juzgado cargadas: 39921
[17:30:24]     • Causas simplificadas (usadas para el cruce): 103115
[17:30:24]   PROCESO:
[17:30:24]     • Pagos rechazados sigemi: 14119
[17:30:24]     • Pagos rechazados juzgado: 3075
[17:30:24]   SALIDA:
[17:30:24]     • Pagos desactualizados procesados: 2
[17:30:24]     • Archivo final: backend/descargas/pagos/2026-07-24/PAGOS 20260724 172939.txt
[17:30:24]     • Ordenados por fecha: SÍ ✓
[17:30:24]     • Todos con ACTA_NUMERO: SÍ ✓
[17:30:24]     • Todos con CAUSA_NUMERO: SÍ ✓
[17:30:25] ✅ TXT de pagos (ya cruzado con actas y causas) generado en: backend/descargas/pagos/2026-07-24/PAGOS 20260724 172939.txt
[17:30:25] 🧹 TXT de pagos crudo eliminado (ya usado en el cruce): backend/descargas/pagos/2026-07-24/PAGOS DESCARGADOS.txt
[17:30:25] 🧹 Excel MULTAS_SIGEMI_CRUCE eliminado (ya usado en el cruce): backend/descargas/cache_actas_cruce/MULTAS_SIGEMI_CRUCE.xlsx
[17:30:25] 🧹 Excel MULTAS_JUZGADO_CRUCE eliminado (ya usado en el cruce): backend/descargas/cache_actas_cruce/MULTAS_JUZGADO_CRUCE.xlsx
[17:30:25] ✅ CompararActasPaso finalizado. (⏱ 45.8s)
[17:30:25] ✓ [CompararActasPaso] Completado.
[17:30:25] ▶ [CargarPagosPaso] Iniciando...
[17:30:25] ==================================================
[17:30:25] 🚀 PASO: CargarPagosPaso
[17:30:25] ==================================================
[17:30:25] 📤 Subiendo TXT de pagos al SEMyT...
[17:30:28] ✅ Importación de pagos completada con éxito.
[17:30:28] ✅ Archivo TXT de pagos cargado en el SEMyT correctamente.
[17:30:28] ✅ CargarPagosPaso finalizado. (⏱ 3.5s)
[17:30:28] ✓ [CargarPagosPaso] Completado.
[17:30:28] === Ejecución finalizada con éxito ===
