[11:36:11] === Inicio de ejecución: pagos ===
[11:36:13] ==================================================
[11:36:13] 🚀 PASO: LoginSEMyTPaso
[11:36:13] ==================================================
[11:36:13] Abriendo SEMyT...
[11:36:34] ✅ [SEMyT] Sesión existente detectada. Login omitido.
[11:36:34] ✅ LoginSEMyTPaso finalizado. (⏱ 20.5s)
[11:36:34] ==================================================
[11:36:34] 🚀 PASO: LoginSIGIPaso
[11:36:34] ==================================================
[11:36:34] Abriendo sitio municipalidad (CiDi)...
[11:36:34] ✅ [SIGI] Sesión existente detectada. Login omitido.
[11:36:34] ✅ LoginSIGIPaso finalizado. (⏱ 0.6s)
[11:36:34] ==================================================
[11:36:34] 🚀 PASO: DescargasParalelasPaso
[11:36:34] ==================================================
[11:36:35] 📤 Arrancando las 3 descargas en paralelo (mismo browser, páginas separadas)...
[11:36:35] Fecha Desde: 27/06/2024
[11:36:35] Fecha Hasta: 24/11/2025
[11:36:35] Fecha Desde: 25/11/2025
[11:36:35] Fecha Hasta: 10/08/2026
[11:36:35] Descargando Excel...
[11:36:35] Descargando Excel...
[11:37:03] Archivo descargado en: datos/descargas/cache_actas_cruce/MULTAS_SIGI_CRUCE.xlsx
[11:37:05] ⏱ [actas_sigi] completado en 30.3s
[11:37:07] ✅ TXT de pagos descargado en: datos/descargas/pagos/2026-08-10/ALL PAGOS DESCARGADOS.txt
[11:37:07] ⏱ [pagos_txt] completado en 32.0s
[11:37:41] Archivo descargado en: datos/descargas/cache_actas_cruce/MULTAS_SIGEMI_CRUCE.xlsx
[11:37:45] ⏱ [actas_sigemi] completado en 70.1s
[11:37:45] ⏱ TOTAL descargas en paralelo: 70.1s
[11:37:45] ✅ DescargasParalelasPaso finalizado. (⏱ 70.3s)
[11:37:45] ==================================================
[11:37:45] 🚀 PASO: CompararActasPaso
[11:37:45] ==================================================
[11:37:45] 🔍 Comparando actas del SEMyT contra pagos del SIGI...
[11:37:45] ================================================================================
[11:37:45] INICIANDO PROCESO DE GENERACIÓN DE PAGOS DESACTUALIZADOS
[11:37:45] ================================================================================
[11:37:45] 📂 Cargando archivos...
[11:37:45]   ✓ Pagos: 20903 registros
[11:37:48]   ✓ Excel SIGEMI (multas vencidas viejas): 101398 registros
[11:37:50]   ✓ Excel SIGI (multas vencidas nuevas): 42146 registros
[11:37:50] ================================================================================
[11:37:50] PASO 1: LLENANDO ACTA_NUMERO (búsqueda por patente + fecha, con desempate por hora)
[11:37:50] ================================================================================
[11:37:52] 📊 ESTADÍSTICAS DE LLENADO DE ACTAS:
[11:37:52]   • Pagos con acta ORIGINAL: 5381
[11:37:52]   • Pagos SIN acta (buscados): 15522
[11:37:52]   • Pagos LLENADOS exitosamente: 1
[11:37:52]   • Pagos NO encontrados en multas: 15521
[11:37:52]   • Pagos SIN RESOLVER por desbalance de cantidades: 0
[11:37:52] ================================================================================
[11:37:52] PASO 1: LLENANDO ACTA_NUMERO (búsqueda por patente + fecha, con desempate por hora)
[11:37:52] ================================================================================
[11:37:53] 📊 ESTADÍSTICAS DE LLENADO DE ACTAS:
[11:37:53]   • Pagos con acta ORIGINAL: 5382
[11:37:53]   • Pagos SIN acta (buscados): 15521
[11:37:53]   • Pagos LLENADOS exitosamente: 0
[11:37:53]   • Pagos NO encontrados en multas: 15521
[11:37:53]   • Pagos SIN RESOLVER por desbalance de cantidades: 0
[11:37:53] ⏱ PASO 1 (llenar actas): 3.9s
[11:37:53] ================================================================================
[11:37:53] PASO 2: FILTRANDO PAGOS CON ACTA_NUMERO COMPLETO
[11:37:53] ================================================================================
[11:37:53] 📊 ESTADÍSTICAS DE FILTRADO:
[11:37:53]   • Pagos TOTALES al inicio: 20903
[11:37:53]   • Pagos CON acta (MANTIENEN): 5382
[11:37:53]   • Pagos RECHAZADOS (sin coincidencias): 15521
[11:37:53] ⚠️  Se eliminaron 15521 registros sin número de acta
[11:37:53]      (recordá: esto incluye tanto pagos ya actualizados/pagados
[11:37:53]       como pagos que quedaron sin resolver por desbalance en el Paso 1)
[11:37:53] ================================================================================
[11:37:53] PASO 2-bis: CONFIRMANDO VIGENCIA DE PAGOS (sistema NUEVO contra MULTAS_SIGI_CRUCE, sistema VIEJO contra SIGEMI)
[11:37:53] ================================================================================
[11:37:54]   ⚠ 5367 pago(s) descartados: su acta ya no figura como vencida en MULTAS_SIGI_CRUCE (SEMyT ya los actualizó).
[11:37:54]   ⚠ 14 pago(s) descartados: su acta ya no figura como vencida en el Excel de SIGEMI (SEMyT ya los actualizó).
[11:37:54]   • Pagos descartados en total por ya estar actualizados/pagados: 5381
[11:37:54] ⏱ PASO 2 (filtrar): 0.5s
[11:37:54] 📂 Cargando maestro de causas SIGEMI...
[11:37:54]   ✓ Causas totales (maestro): 134069 registros
[11:37:54] ================================================================================
[11:37:54] PASO 2.5: ARMANDO causas.txt SIMPLIFICADO (cruce contra total_causas_sigemi.txt)
[11:37:54] ================================================================================
[11:37:54]   • Actas vencidas viejas (multas): 101398
[11:37:54]   • Causas totales en el maestro SIGEMI: 134069
[11:37:54]   • Causas que coinciden (simplificado): 101084
[11:37:54]   ✅ Archivo escrito: datos/descargas/causas/causas.txt
[11:37:54] ⏱ PASO 2.5 (causas simplificado): 0.4s
[11:37:54] ================================================================================
[11:37:54] PASO 3: LLENANDO CAUSA_NUMERO (según fecha de cambio de sistema, cruzando por acta + año)
[11:37:54] ================================================================================
[11:37:54] 📊 ESTADÍSTICAS DE LLENADO DE CAUSAS:
[11:37:54]   • Pagos con causa ORIGINAL: 0
[11:37:54]   • Causas encontradas en SIGEMI (actas viejas): 1
[11:37:54]   • Causas NO encontradas en SIGEMI: 0
[11:37:54]   • Causas asignadas automáticamente (actas nuevas): 0
[11:37:54] ⏱ PASO 3 (llenar causas): 0.0s
[11:37:54] ================================================================================
[11:37:54] PASO 4: ORDENANDO POR FECHA Y ACTA_NUMERO
[11:37:54] ================================================================================
[11:37:54] ✓ Pagos ordenados correctamente
[11:37:54]   • Primera entrada: Acta=9278, Fecha=12/07/2024
[11:37:54]   • Última entrada: Acta=9278, Fecha=12/07/2024
[11:37:54] 📝 Escribiendo archivo de salida...
[11:37:54]   ✅ Archivo escrito: datos/descargas/pagos/2026-08-10/PAGOS 20260810 113745.txt
[11:37:54]   ✅ Total registros: 249
[11:37:54] ⏱ PASO 4 (ordenar y escribir): 0.0s
[11:37:54] ================================================================================
[11:37:54] ✅ PROCESO COMPLETADO EXITOSAMENTE
[11:37:54] ================================================================================
[11:37:54] 📊 RESUMEN FINAL DEL PROCESAMIENTO:
[11:37:54]   ENTRADA:
[11:37:54]     • Pagos originales: 20903
[11:37:54]     • Multas SIGEMI cargadas: 101398
[11:37:54]     • Multas SIGI cargadas: 42146
[11:37:54]     • Causas simplificadas (usadas para el cruce): 101084
[11:37:54]   PROCESO:
[11:37:54]     • Pagos rechazados sigemi: 15521
[11:37:54]     • Pagos rechazados sigi: 5381
[11:37:54]   SALIDA:
[11:37:54]     • Pagos desactualizados procesados: 1
[11:37:54]     • Archivo final: datos/descargas/pagos/2026-08-10/PAGOS 20260810 113745.txt
[11:37:54]     • Ordenados por fecha: SÍ ✓
[11:37:54]     • Todos con ACTA_NUMERO: SÍ ✓
[11:37:54]     • Todos con CAUSA_NUMERO: SÍ ✓
[11:37:54] ✅ TXT de pagos (ya cruzado con actas y causas) generado en: datos/descargas/pagos/2026-08-10/PAGOS 20260810 113745.txt
[11:37:54] 🧹 TXT de pagos crudo eliminado (ya usado en el cruce): datos/descargas/pagos/2026-08-10/ALL PAGOS DESCARGADOS.txt
[11:37:54] 🧹 Excel MULTAS_SIGEMI_CRUCE eliminado (ya usado en el cruce): datos/descargas/cache_actas_cruce/MULTAS_SIGEMI_CRUCE.xlsx
[11:37:54] 🧹 Excel MULTAS_SIGI_CRUCE eliminado (ya usado en el cruce): datos/descargas/cache_actas_cruce/MULTAS_SIGI_CRUCE.xlsx
[11:37:54] ✅ CompararActasPaso finalizado. (⏱ 9.6s)
[11:37:54] ==================================================
[11:37:54] 🚀 PASO: CargarPagosPaso
[11:37:54] ==================================================
[11:37:54] 📤 Subiendo TXT de pagos al SEMyT...
[11:37:56] ✅ Importación de pagos completada con éxito.
[11:37:56] ✅ Archivo TXT de pagos cargado en el SEMyT correctamente.
[11:37:56] ✅ CargarPagosPaso finalizado. (⏱ 2.0s)
[11:37:56] === Ejecución finalizada con éxito ===
