[18:37:10] === Inicio de ejecución: pagos ===
[18:37:11] ==================================================
[18:37:11] 🚀 PASO: LoginSEMyTPaso
[18:37:11] ==================================================
[18:37:11] Abriendo SEMyT...
[18:37:13] ✅ [SEMyT] Sesión existente detectada. Login omitido.
[18:37:14] ✅ LoginSEMyTPaso finalizado. (⏱ 2.8s)
[18:37:14] ==================================================
[18:37:14] 🚀 PASO: LoginSIGIPaso
[18:37:14] ==================================================
[18:37:14] Abriendo sitio municipalidad (CiDi)...
[18:37:14] ✅ [SIGI] Sesión existente detectada. Login omitido.
[18:37:14] ✅ LoginSIGIPaso finalizado. (⏱ 0.6s)
[18:37:14] ==================================================
[18:37:14] 🚀 PASO: DescargasParalelasPaso
[18:37:14] ==================================================
[18:37:14] 📤 Arrancando las 3 descargas en paralelo (mismo browser, páginas separadas)...
[18:37:14] Fecha Desde: 27/06/2024
[18:37:14] Fecha Hasta: 24/11/2025
[18:37:14] Fecha Desde: 25/11/2025
[18:37:14] Fecha Hasta: 10/08/2026
[18:37:15] Descargando Excel...
[18:37:15] Descargando Excel...
[18:37:28] Archivo descargado en: datos/descargas/cache_actas_cruce/MULTAS_SIGI_CRUCE.xlsx
[18:37:30] ⏱ [actas_sigi] completado en 15.5s
[18:37:37] Archivo descargado en: datos/descargas/cache_actas_cruce/MULTAS_SIGEMI_CRUCE.xlsx
[18:37:40] ⏱ [actas_sigemi] completado en 25.9s
[18:37:46] ✅ TXT de pagos descargado en: datos/descargas/pagos/2026-08-10/ALL PAGOS DESCARGADOS.txt
[18:37:46] ⏱ [pagos_txt] completado en 32.0s
[18:37:46] ⏱ TOTAL descargas en paralelo: 32.0s
[18:37:46] ✅ DescargasParalelasPaso finalizado. (⏱ 32.3s)
[18:37:46] ==================================================
[18:37:46] 🚀 PASO: CompararActasPaso
[18:37:46] ==================================================
[18:37:46] 🔍 Comparando actas del SEMyT contra pagos del SIGI...
[18:37:46] ================================================================================
[18:37:46] INICIANDO PROCESO DE GENERACIÓN DE PAGOS DESACTUALIZADOS
[18:37:46] ================================================================================
[18:37:46] 📂 Cargando archivos...
[18:37:46]   ✓ Pagos: 20991 registros
[18:37:50]   ✓ Excel SIGEMI (multas vencidas viejas): 101337 registros
[18:37:52]   ✓ Excel SIGI (multas vencidas nuevas): 42091 registros
[18:37:52] ================================================================================
[18:37:52] PASO 1: LLENANDO ACTA_NUMERO (búsqueda por patente + fecha, con desempate por hora)
[18:37:52] ================================================================================
[18:37:54] 📊 ESTADÍSTICAS DE LLENADO DE ACTAS:
[18:37:54]   • Pagos con acta ORIGINAL: 5420
[18:37:54]   • Pagos SIN acta (buscados): 15571
[18:37:54]   • Pagos LLENADOS exitosamente: 2
[18:37:54]   • Pagos NO encontrados en multas: 15569
[18:37:54]   • Pagos SIN RESOLVER por desbalance de cantidades: 0
[18:37:54] ================================================================================
[18:37:54] PASO 1: LLENANDO ACTA_NUMERO (búsqueda por patente + fecha, con desempate por hora)
[18:37:54] ================================================================================
[18:37:56] 📊 ESTADÍSTICAS DE LLENADO DE ACTAS:
[18:37:56]   • Pagos con acta ORIGINAL: 5422
[18:37:56]   • Pagos SIN acta (buscados): 15569
[18:37:56]   • Pagos LLENADOS exitosamente: 0
[18:37:56]   • Pagos NO encontrados en multas: 15569
[18:37:56]   • Pagos SIN RESOLVER por desbalance de cantidades: 0
[18:37:56] ⏱ PASO 1 (llenar actas): 4.4s
[18:37:56] ================================================================================
[18:37:56] PASO 2: FILTRANDO PAGOS CON ACTA_NUMERO COMPLETO
[18:37:56] ================================================================================
[18:37:56] 📊 ESTADÍSTICAS DE FILTRADO:
[18:37:56]   • Pagos TOTALES al inicio: 20991
[18:37:56]   • Pagos CON acta (MANTIENEN): 5422
[18:37:56]   • Pagos RECHAZADOS (sin coincidencias): 15569
[18:37:56] ⚠️  Se eliminaron 15569 registros sin número de acta
[18:37:56]      (recordá: esto incluye tanto pagos ya actualizados/pagados
[18:37:56]       como pagos que quedaron sin resolver por desbalance en el Paso 1)
[18:37:56] ================================================================================
[18:37:56] PASO 2-bis: CONFIRMANDO VIGENCIA DE PAGOS (sistema NUEVO contra MULTAS_SIGI_CRUCE, sistema VIEJO contra SIGEMI)
[18:37:56] ================================================================================
[18:37:56]   ⚠ 5405 pago(s) descartados: su acta ya no figura como vencida en MULTAS_SIGI_CRUCE (SEMyT ya los actualizó).
[18:37:56]   ⚠ 15 pago(s) descartados: su acta ya no figura como vencida en el Excel de SIGEMI (SEMyT ya los actualizó).
[18:37:56]   • Pagos descartados en total por ya estar actualizados/pagados: 5420
[18:37:56] ⏱ PASO 2 (filtrar): 0.5s
[18:37:56] 📂 Cargando maestro de causas SIGEMI...
[18:37:56]   ✓ Causas totales (maestro): 134069 registros
[18:37:56] ================================================================================
[18:37:56] PASO 2.5: ARMANDO causas.txt SIMPLIFICADO (cruce contra total_causas_sigemi.txt)
[18:37:56] ================================================================================
[18:37:57]   • Actas vencidas viejas (multas): 101337
[18:37:57]   • Causas totales en el maestro SIGEMI: 134069
[18:37:57]   • Causas que coinciden (simplificado): 101024
[18:37:57]   ✅ Archivo escrito: datos/descargas/causas/causas.txt
[18:37:57] ⏱ PASO 2.5 (causas simplificado): 0.5s
[18:37:57] ================================================================================
[18:37:57] PASO 3: LLENANDO CAUSA_NUMERO (según fecha de cambio de sistema, cruzando por acta + año)
[18:37:57] ================================================================================
[18:37:57] 📊 ESTADÍSTICAS DE LLENADO DE CAUSAS:
[18:37:57]   • Pagos con causa ORIGINAL: 0
[18:37:57]   • Causas encontradas en SIGEMI (actas viejas): 2
[18:37:57]   • Causas NO encontradas en SIGEMI: 0
[18:37:57]   • Causas asignadas automáticamente (actas nuevas): 0
[18:37:57] ⏱ PASO 3 (llenar causas): 0.0s
[18:37:57] ================================================================================
[18:37:57] PASO 4: ORDENANDO POR FECHA Y ACTA_NUMERO
[18:37:57] ================================================================================
[18:37:57] ✓ Pagos ordenados correctamente
[18:37:57]   • Primera entrada: Acta=110075, Fecha=10/02/2025
[18:37:57]   • Última entrada: Acta=134404, Fecha=11/04/2025
[18:37:57] 📝 Escribiendo archivo de salida...
[18:37:57]   ✅ Archivo escrito: datos/descargas/pagos/2026-08-10/PAGOS 20260810 183746.txt
[18:37:57]   ✅ Total registros: 366
[18:37:57] ⏱ PASO 4 (ordenar y escribir): 0.0s
[18:37:57] ================================================================================
[18:37:57] ✅ PROCESO COMPLETADO EXITOSAMENTE
[18:37:57] ================================================================================
[18:37:57] 📊 RESUMEN FINAL DEL PROCESAMIENTO:
[18:37:57]   ENTRADA:
[18:37:57]     • Pagos originales: 20991
[18:37:57]     • Multas SIGEMI cargadas: 101337
[18:37:57]     • Multas SIGI cargadas: 42091
[18:37:57]     • Causas simplificadas (usadas para el cruce): 101024
[18:37:57]   PROCESO:
[18:37:57]     • Pagos rechazados sigemi: 15569
[18:37:57]     • Pagos rechazados sigi: 5420
[18:37:57]   SALIDA:
[18:37:57]     • Pagos desactualizados procesados: 2
[18:37:57]     • Archivo final: datos/descargas/pagos/2026-08-10/PAGOS 20260810 183746.txt
[18:37:57]     • Ordenados por fecha: SÍ ✓
[18:37:57]     • Todos con ACTA_NUMERO: SÍ ✓
[18:37:57]     • Todos con CAUSA_NUMERO: SÍ ✓
[18:37:57] ✅ TXT de pagos (ya cruzado con actas y causas) generado en: datos/descargas/pagos/2026-08-10/PAGOS 20260810 183746.txt
[18:37:57] 🧹 TXT de pagos crudo eliminado (ya usado en el cruce): datos/descargas/pagos/2026-08-10/ALL PAGOS DESCARGADOS.txt
[18:37:57] 🧹 Excel MULTAS_SIGEMI_CRUCE eliminado (ya usado en el cruce): datos/descargas/cache_actas_cruce/MULTAS_SIGEMI_CRUCE.xlsx
[18:37:57] 🧹 Excel MULTAS_SIGI_CRUCE eliminado (ya usado en el cruce): datos/descargas/cache_actas_cruce/MULTAS_SIGI_CRUCE.xlsx
[18:37:57] ✅ CompararActasPaso finalizado. (⏱ 10.5s)
[18:37:57] ==================================================
[18:37:57] 🚀 PASO: CargarPagosPaso
[18:37:57] ==================================================
[18:37:57] 📤 Subiendo TXT de pagos al SEMyT...
[18:37:59] ✅ Importación de pagos completada con éxito.
[18:37:59] ✅ Archivo TXT de pagos cargado en el SEMyT correctamente.
[18:37:59] ✅ CargarPagosPaso finalizado. (⏱ 2.0s)
[18:37:59] === Ejecución finalizada con éxito ===
