[16:39:00] === Inicio de ejecución: pagos ===
[16:39:01] ==================================================
[16:39:01] 🚀 PASO: LoginSEMyTPaso
[16:39:01] ==================================================
[16:39:01] Abriendo SEMyT...
[16:39:03] ✅ [SEMyT] Sesión existente detectada. Login omitido.
[16:39:03] ✅ LoginSEMyTPaso finalizado. (⏱ 2.6s)
[16:39:03] ==================================================
[16:39:03] 🚀 PASO: LoginSIGIPaso
[16:39:03] ==================================================
[16:39:03] Abriendo sitio municipalidad (CiDi)...
[16:39:04] ✅ [SIGI] Sesión existente detectada. Login omitido.
[16:39:04] ✅ LoginSIGIPaso finalizado. (⏱ 0.4s)
[16:39:04] ==================================================
[16:39:04] 🚀 PASO: DescargasParalelasPaso
[16:39:04] ==================================================
[16:39:04] 📤 Arrancando las 3 descargas en paralelo (mismo browser, páginas separadas)...
[16:39:04] Fecha Desde: 27/06/2024
[16:39:04] Fecha Hasta: 24/11/2025
[16:39:04] Fecha Desde: 25/11/2025
[16:39:04] Fecha Hasta: 10/08/2026
[16:39:04] Descargando Excel...
[16:39:04] Descargando Excel...
[16:39:16] Archivo descargado en: datos/descargas/cache_actas_cruce/MULTAS_SIGI_CRUCE.xlsx
[16:39:18] ⏱ [actas_sigi] completado en 13.8s
[16:39:26] Archivo descargado en: datos/descargas/cache_actas_cruce/MULTAS_SIGEMI_CRUCE.xlsx
[16:39:29] ⏱ [actas_sigemi] completado en 24.8s
[16:39:36] ✅ TXT de pagos descargado en: datos/descargas/pagos/2026-08-10/ALL PAGOS DESCARGADOS.txt
[16:39:36] ⏱ [pagos_txt] completado en 32.3s
[16:39:36] ⏱ TOTAL descargas en paralelo: 32.3s
[16:39:36] ✅ DescargasParalelasPaso finalizado. (⏱ 32.6s)
[16:39:36] ==================================================
[16:39:36] 🚀 PASO: CompararActasPaso
[16:39:36] ==================================================
[16:39:36] 🔍 Comparando actas del SEMyT contra pagos del SIGI...
[16:39:36] ================================================================================
[16:39:36] INICIANDO PROCESO DE GENERACIÓN DE PAGOS DESACTUALIZADOS
[16:39:36] ================================================================================
[16:39:36] 📂 Cargando archivos...
[16:39:36]   ✓ Pagos: 20978 registros
[16:39:39]   ✓ Excel SIGEMI (multas vencidas viejas): 101370 registros
[16:39:41]   ✓ Excel SIGI (multas vencidas nuevas): 42110 registros
[16:39:41] ================================================================================
[16:39:41] PASO 1: LLENANDO ACTA_NUMERO (búsqueda por patente + fecha, con desempate por hora)
[16:39:41] ================================================================================
[16:39:43] 📊 ESTADÍSTICAS DE LLENADO DE ACTAS:
[16:39:43]   • Pagos con acta ORIGINAL: 5417
[16:39:43]   • Pagos SIN acta (buscados): 15561
[16:39:43]   • Pagos LLENADOS exitosamente: 12
[16:39:43]   • Pagos NO encontrados en multas: 15549
[16:39:43]   • Pagos SIN RESOLVER por desbalance de cantidades: 0
[16:39:43] ================================================================================
[16:39:43] PASO 1: LLENANDO ACTA_NUMERO (búsqueda por patente + fecha, con desempate por hora)
[16:39:43] ================================================================================
[16:39:45] 📊 ESTADÍSTICAS DE LLENADO DE ACTAS:
[16:39:45]   • Pagos con acta ORIGINAL: 5429
[16:39:45]   • Pagos SIN acta (buscados): 15549
[16:39:45]   • Pagos LLENADOS exitosamente: 0
[16:39:45]   • Pagos NO encontrados en multas: 15549
[16:39:45]   • Pagos SIN RESOLVER por desbalance de cantidades: 0
[16:39:45] ⏱ PASO 1 (llenar actas): 3.8s
[16:39:45] ================================================================================
[16:39:45] PASO 2: FILTRANDO PAGOS CON ACTA_NUMERO COMPLETO
[16:39:45] ================================================================================
[16:39:45] 📊 ESTADÍSTICAS DE FILTRADO:
[16:39:45]   • Pagos TOTALES al inicio: 20978
[16:39:45]   • Pagos CON acta (MANTIENEN): 5429
[16:39:45]   • Pagos RECHAZADOS (sin coincidencias): 15549
[16:39:45] ⚠️  Se eliminaron 15549 registros sin número de acta
[16:39:45]      (recordá: esto incluye tanto pagos ya actualizados/pagados
[16:39:45]       como pagos que quedaron sin resolver por desbalance en el Paso 1)
[16:39:45] ================================================================================
[16:39:45] PASO 2-bis: CONFIRMANDO VIGENCIA DE PAGOS (sistema NUEVO contra MULTAS_SIGI_CRUCE, sistema VIEJO contra SIGEMI)
[16:39:45] ================================================================================
[16:39:45]   ⚠ 5403 pago(s) descartados: su acta ya no figura como vencida en MULTAS_SIGI_CRUCE (SEMyT ya los actualizó).
[16:39:45]   ⚠ 14 pago(s) descartados: su acta ya no figura como vencida en el Excel de SIGEMI (SEMyT ya los actualizó).
[16:39:45]   • Pagos descartados en total por ya estar actualizados/pagados: 5417
[16:39:45] ⏱ PASO 2 (filtrar): 0.4s
[16:39:45] 📂 Cargando maestro de causas SIGEMI...
[16:39:45]   ✓ Causas totales (maestro): 134069 registros
[16:39:45] ================================================================================
[16:39:45] PASO 2.5: ARMANDO causas.txt SIMPLIFICADO (cruce contra total_causas_sigemi.txt)
[16:39:45] ================================================================================
[16:39:45]   • Actas vencidas viejas (multas): 101370
[16:39:45]   • Causas totales en el maestro SIGEMI: 134069
[16:39:45]   • Causas que coinciden (simplificado): 101056
[16:39:45]   ✅ Archivo escrito: datos/descargas/causas/causas.txt
[16:39:45] ⏱ PASO 2.5 (causas simplificado): 0.4s
[16:39:45] ================================================================================
[16:39:45] PASO 3: LLENANDO CAUSA_NUMERO (según fecha de cambio de sistema, cruzando por acta + año)
[16:39:45] ================================================================================
[16:39:45] 📊 ESTADÍSTICAS DE LLENADO DE CAUSAS:
[16:39:45]   • Pagos con causa ORIGINAL: 0
[16:39:45]   • Causas encontradas en SIGEMI (actas viejas): 12
[16:39:45]   • Causas NO encontradas en SIGEMI: 0
[16:39:45]   • Causas asignadas automáticamente (actas nuevas): 0
[16:39:45] ⏱ PASO 3 (llenar causas): 0.0s
[16:39:45] ================================================================================
[16:39:45] PASO 4: ORDENANDO POR FECHA Y ACTA_NUMERO
[16:39:45] ================================================================================
[16:39:45] ✓ Pagos ordenados correctamente
[16:39:45]   • Primera entrada: Acta=1448, Fecha=28/06/2024
[16:39:45]   • Última entrada: Acta=143595, Fecha=03/05/2025
[16:39:45] 📝 Escribiendo archivo de salida...
[16:39:45]   ✅ Archivo escrito: datos/descargas/pagos/2026-08-10/PAGOS 20260810 163936.txt
[16:39:45]   ✅ Total registros: 1437
[16:39:45] ⏱ PASO 4 (ordenar y escribir): 0.0s
[16:39:45] ================================================================================
[16:39:45] ✅ PROCESO COMPLETADO EXITOSAMENTE
[16:39:45] ================================================================================
[16:39:45] 📊 RESUMEN FINAL DEL PROCESAMIENTO:
[16:39:45]   ENTRADA:
[16:39:45]     • Pagos originales: 20978
[16:39:45]     • Multas SIGEMI cargadas: 101370
[16:39:45]     • Multas SIGI cargadas: 42110
[16:39:45]     • Causas simplificadas (usadas para el cruce): 101056
[16:39:45]   PROCESO:
[16:39:45]     • Pagos rechazados sigemi: 15549
[16:39:45]     • Pagos rechazados sigi: 5417
[16:39:45]   SALIDA:
[16:39:45]     • Pagos desactualizados procesados: 12
[16:39:45]     • Archivo final: datos/descargas/pagos/2026-08-10/PAGOS 20260810 163936.txt
[16:39:45]     • Ordenados por fecha: SÍ ✓
[16:39:45]     • Todos con ACTA_NUMERO: SÍ ✓
[16:39:45]     • Todos con CAUSA_NUMERO: SÍ ✓
[16:39:45] ✅ TXT de pagos (ya cruzado con actas y causas) generado en: datos/descargas/pagos/2026-08-10/PAGOS 20260810 163936.txt
[16:39:45] 🧹 TXT de pagos crudo eliminado (ya usado en el cruce): datos/descargas/pagos/2026-08-10/ALL PAGOS DESCARGADOS.txt
[16:39:45] 🧹 Excel MULTAS_SIGEMI_CRUCE eliminado (ya usado en el cruce): datos/descargas/cache_actas_cruce/MULTAS_SIGEMI_CRUCE.xlsx
[16:39:45] 🧹 Excel MULTAS_SIGI_CRUCE eliminado (ya usado en el cruce): datos/descargas/cache_actas_cruce/MULTAS_SIGI_CRUCE.xlsx
[16:39:45] ✅ CompararActasPaso finalizado. (⏱ 9.1s)
[16:39:45] ==================================================
[16:39:45] 🚀 PASO: CargarPagosPaso
[16:39:45] ==================================================
[16:39:45] 📤 Subiendo TXT de pagos al SEMyT...
[16:39:47] ✅ Importación de pagos completada con éxito.
[16:39:47] ✅ Archivo TXT de pagos cargado en el SEMyT correctamente.
[16:39:47] ✅ CargarPagosPaso finalizado. (⏱ 2.0s)
[16:39:47] === Ejecución finalizada con éxito ===
