[07:39:21] === Inicio de ejecución: pagos ===
[07:39:24] ▶ [LoginSemytPaso] Iniciando...
[07:39:24] ==================================================
[07:39:24] 🚀 PASO: LoginSemytPaso
[07:39:24] ==================================================
[07:39:24] Abriendo SEMyT...
[07:39:33] ✅ [SEMyT] Sesión existente detectada. Login omitido.
[07:39:34] ✅ LoginSemytPaso finalizado. (⏱ 10.1s)
[07:39:34] ✓ [LoginSemytPaso] Completado.
[07:39:34] ▶ [LoginJuzgadoPaso] Iniciando...
[07:39:34] ==================================================
[07:39:34] 🚀 PASO: LoginJuzgadoPaso
[07:39:34] ==================================================
[07:39:34] Abriendo sitio municipalidad (CiDi)...
[07:39:36] ✅ [Juzgado] Sesión existente detectada. Login omitido.
[07:39:36] ✅ LoginJuzgadoPaso finalizado. (⏱ 2.2s)
[07:39:36] ✓ [LoginJuzgadoPaso] Completado.
[07:39:36] ▶ [DescargasParalelasPaso] Iniciando...
[07:39:36] ==================================================
[07:39:36] 🚀 PASO: DescargasParalelasPaso
[07:39:36] ==================================================
[07:39:37] 📤 Arrancando las 3 descargas en paralelo (mismo browser, páginas separadas)...
[07:39:37] Fecha Desde: 27/06/2024
[07:39:37] Fecha Hasta: 24/11/2025
[07:39:37] Fecha Desde: 25/11/2025
[07:39:37] Fecha Hasta: 21/07/2026
[07:39:38] Descargando Excel...
[07:39:38] Descargando Excel...
[07:39:52] Archivo descargado en: backend/descargas/cache_actas_cruce/MULTAS_JUZGADO_CRUCE.xlsx
[07:40:01] ⏱ [actas_juzgado] completado en 23.4s
[07:40:01] ✅ TXT de pagos descargado en: backend/descargas/pagos/2026-07-21/PAGOS DESCARGADOS.txt
[07:40:01] ⏱ [pagos_txt] completado en 23.9s
[07:40:04] Archivo descargado en: backend/descargas/cache_actas_cruce/MULTAS_SIGEMI_CRUCE.xlsx
[07:40:25] ⏱ [actas_sigemi] completado en 47.8s
[07:40:25] ⏱ TOTAL descargas en paralelo: 47.8s
[07:40:25] ✅ DescargasParalelasPaso finalizado. (⏱ 49.2s)
[07:40:25] ✓ [DescargasParalelasPaso] Completado.
[07:40:25] ▶ [CompararActasPaso] Iniciando...
[07:40:25] ==================================================
[07:40:25] 🚀 PASO: CompararActasPaso
[07:40:25] ==================================================
[07:40:25] 🔍 Comparando actas del SEMyT contra pagos del Juzgado...
[07:40:25] ================================================================================
[07:40:25] INICIANDO PROCESO DE GENERACIÓN DE PAGOS DESACTUALIZADOS
[07:40:25] ================================================================================
[07:40:25] 📂 Cargando archivos...
[07:40:25]   ✓ Pagos: 15508 registros
[07:40:46]   ✓ Excel SIGEMI (multas vencidas viejas): 104155 registros
[07:40:54]   ✓ Excel Juzgado (multas vencidas nuevas): 39974 registros
[07:40:57] ================================================================================
[07:40:57] PASO 1: LLENANDO ACTA_NUMERO (búsqueda por patente + fecha, con desempate por hora)
[07:40:57] ================================================================================
[07:41:04] 📊 ESTADÍSTICAS DE LLENADO DE ACTAS:
[07:41:04]   • Pagos con acta ORIGINAL: 2063
[07:41:04]   • Pagos SIN acta (buscados): 13445
[07:41:04]   • Pagos LLENADOS exitosamente: 11
[07:41:04]   • Pagos NO encontrados en multas: 13434
[07:41:04]   • Pagos SIN RESOLVER por desbalance de cantidades: 0
[07:41:05] ================================================================================
[07:41:05] PASO 1: LLENANDO ACTA_NUMERO (búsqueda por patente + fecha, con desempate por hora)
[07:41:05] ================================================================================
[07:41:12] 📊 ESTADÍSTICAS DE LLENADO DE ACTAS:
[07:41:12]   • Pagos con acta ORIGINAL: 2074
[07:41:12]   • Pagos SIN acta (buscados): 13434
[07:41:12]   • Pagos LLENADOS exitosamente: 0
[07:41:12]   • Pagos NO encontrados en multas: 13434
[07:41:12]   • Pagos SIN RESOLVER por desbalance de cantidades: 0
[07:41:12] ⏱ PASO 1 (llenar actas): 18.3s
[07:41:12] ================================================================================
[07:41:12] PASO 2: FILTRANDO PAGOS CON ACTA_NUMERO COMPLETO
[07:41:12] ================================================================================
[07:41:12] 📊 ESTADÍSTICAS DE FILTRADO:
[07:41:12]   • Pagos TOTALES al inicio: 15508
[07:41:12]   • Pagos CON acta (MANTIENEN): 2074
[07:41:12]   • Pagos RECHAZADOS (sin coincidencias): 13434
[07:41:12] ⚠️  Se eliminaron 13434 registros sin número de acta
[07:41:12]      (recordá: esto incluye tanto pagos ya actualizados/pagados
[07:41:12]       como pagos que quedaron sin resolver por desbalance en el Paso 1)
[07:41:12] ================================================================================
[07:41:12] PASO 2-bis: CONFIRMANDO VIGENCIA DE PAGOS DEL SISTEMA NUEVO (contra MULTAS_JUZGADO_CRUCE)
[07:41:12] ================================================================================
[07:41:13]   ⚠ 2053 pago(s) del sistema nuevo descartados: su acta ya no figura como vencida en MULTAS_JUZGADO_CRUCE (SEMyT ya los actualizó).
[07:41:13]   • Pagos del sistema nuevo descartados por ya estar actualizados: 2053
[07:41:13] ⏱ PASO 2 (filtrar): 1.0s
[07:41:13] 📂 Cargando maestro de causas SIGEMI...
[07:41:13]   ✓ Causas totales (maestro): 134069 registros
[07:41:13] ⏱ PASO 2.5 (causas simplificado): 0.2s
[07:41:13] ================================================================================
[07:41:13] PASO 2.5: ARMANDO causas.txt SIMPLIFICADO (cruce contra total_causas_sigemi.txt)
[07:41:13] ================================================================================
[07:41:15]   • Actas vencidas viejas (multas): 104155
[07:41:15]   • Causas totales en el maestro SIGEMI: 134069
[07:41:15]   • Causas que coinciden (simplificado): 103824
[07:41:15]   ✅ Archivo escrito: backend/descargas/causas/causas.txt
[07:41:16] ⏱ PASO 2.5 (causas simplificado): 3.0s
[07:41:16] ================================================================================
[07:41:16] PASO 3: LLENANDO CAUSA_NUMERO (según fecha de cambio de sistema, cruzando por acta + año)
[07:41:16] ================================================================================
[07:41:16] 📊 ESTADÍSTICAS DE LLENADO DE CAUSAS:
[07:41:16]   • Pagos con causa ORIGINAL: 10
[07:41:16]   • Causas encontradas en SIGEMI (actas viejas): 11
[07:41:16]   • Causas NO encontradas en SIGEMI: 0
[07:41:16]   • Causas asignadas automáticamente (actas nuevas): 0
[07:41:16] ⏱ PASO 3 (llenar causas): 0.0s
[07:41:16] ================================================================================
[07:41:16] PASO 4: ORDENANDO POR FECHA Y ACTA_NUMERO
[07:41:16] ================================================================================
[07:41:16] ✓ Pagos ordenados correctamente
[07:41:16]   • Primera entrada: Acta=104262, Fecha=24/01/2025
[07:41:16]   • Última entrada: Acta=303043, Fecha=27/04/2026
[07:41:16] 📝 Escribiendo archivo de salida...
[07:41:16]   ✅ Archivo escrito: backend/descargas/pagos/2026-07-21/PAGOS 20260721 074025.txt
[07:41:16]   ✅ Total registros: 2389
[07:41:16] ⏱ PASO 4 (ordenar y escribir): 0.0s
[07:41:16] ================================================================================
[07:41:16] ✅ PROCESO COMPLETADO EXITOSAMENTE
[07:41:16] ================================================================================
[07:41:16] 📊 RESUMEN FINAL DEL PROCESAMIENTO:
[07:41:16]   ENTRADA:
[07:41:16]     • Pagos originales: 15508
[07:41:16]     • Multas SIGEMI cargadas: 104155
[07:41:16]     • Multas Juzgado cargadas: 39974
[07:41:16]     • Causas simplificadas (usadas para el cruce): 103824
[07:41:16]   PROCESO:
[07:41:16]     • Pagos rechazados sigemi: 13434
[07:41:16]     • Pagos rechazados juzgado: 2053
[07:41:16]   SALIDA:
[07:41:16]     • Pagos desactualizados procesados: 21
[07:41:16]     • Archivo final: backend/descargas/pagos/2026-07-21/PAGOS 20260721 074025.txt
[07:41:16]     • Ordenados por fecha: SÍ ✓
[07:41:16]     • Todos con ACTA_NUMERO: SÍ ✓
[07:41:16]     • Todos con CAUSA_NUMERO: SÍ ✓
[07:41:16] ✅ TXT de pagos (ya cruzado con actas y causas) generado en: backend/descargas/pagos/2026-07-21/PAGOS 20260721 074025.txt
[07:41:16] 🧹 TXT de pagos crudo eliminado (ya usado en el cruce): backend/descargas/pagos/2026-07-21/PAGOS DESCARGADOS.txt
[07:41:16] 🧹 Excel MULTAS_SIGEMI_CRUCE eliminado (ya usado en el cruce): backend/descargas/cache_actas_cruce/MULTAS_SIGEMI_CRUCE.xlsx
[07:41:16] 🧹 Excel MULTAS_JUZGADO_CRUCE eliminado (ya usado en el cruce): backend/descargas/cache_actas_cruce/MULTAS_JUZGADO_CRUCE.xlsx
[07:41:16] ✅ CompararActasPaso finalizado. (⏱ 51.1s)
[07:41:16] ✓ [CompararActasPaso] Completado.
[07:41:16] ▶ [CargarPagosPaso] Iniciando...
[07:41:16] ==================================================
[07:41:16] 🚀 PASO: CargarPagosPaso
[07:41:16] ==================================================
[07:41:16] 📤 Subiendo TXT de pagos al SEMyT...
[07:41:19] ✅ Importación de pagos completada con éxito.
[07:41:19] ✅ Archivo TXT de pagos cargado en el SEMyT correctamente.
[07:41:19] ✅ CargarPagosPaso finalizado. (⏱ 2.9s)
[07:41:19] ✓ [CargarPagosPaso] Completado.
[07:41:19] === Ejecución finalizada con éxito ===
