[11:13:03] === Inicio de ejecución: pagos ===
[11:13:06] ▶ [LoginSemytPaso] Iniciando...
[11:13:06] ==================================================
[11:13:06] 🚀 PASO: LoginSemytPaso
[11:13:06] ==================================================
[11:13:07] Abriendo SEMyT...
[11:13:22] ✅ [SEMyT] Sesión existente detectada. Login omitido.
[11:13:22] ✅ LoginSemytPaso finalizado. (⏱ 16.3s)
[11:13:22] ✓ [LoginSemytPaso] Completado.
[11:13:22] ▶ [LoginJuzgadoPaso] Iniciando...
[11:13:22] ==================================================
[11:13:22] 🚀 PASO: LoginJuzgadoPaso
[11:13:22] ==================================================
[11:13:22] Abriendo sitio municipalidad (CiDi)...
[11:13:23] ✅ [Juzgado] Sesión existente detectada. Login omitido.
[11:13:24] ✅ LoginJuzgadoPaso finalizado. (⏱ 1.5s)
[11:13:24] ✓ [LoginJuzgadoPaso] Completado.
[11:13:24] ▶ [DescargasParalelasPaso] Iniciando...
[11:13:24] ==================================================
[11:13:24] 🚀 PASO: DescargasParalelasPaso
[11:13:24] ==================================================
[11:13:25] 📤 Arrancando las 3 descargas en paralelo (mismo browser, páginas separadas)...
[11:13:25] Fecha Desde: 27/06/2024
[11:13:25] Fecha Hasta: 24/11/2025
[11:13:25] Fecha Desde: 25/11/2025
[11:13:25] Fecha Hasta: 21/07/2026
[11:13:26] Descargando Excel...
[11:13:26] Descargando Excel...
[11:13:48] ✅ TXT de pagos descargado en: backend/descargas/pagos/2026-07-21/PAGOS DESCARGADOS.txt
[11:13:48] ⏱ [pagos_txt] completado en 22.8s
[11:13:50] Archivo descargado en: backend/descargas/cache_actas_cruce/MULTAS_JUZGADO_CRUCE.xlsx
[11:13:58] ⏱ [actas_juzgado] completado en 33.1s
[11:13:59] Archivo descargado en: backend/descargas/cache_actas_cruce/MULTAS_SIGEMI_CRUCE.xlsx
[11:14:18] ⏱ [actas_sigemi] completado en 53.0s
[11:14:18] ⏱ TOTAL descargas en paralelo: 53.0s
[11:14:18] ✅ DescargasParalelasPaso finalizado. (⏱ 54.5s)
[11:14:18] ✓ [DescargasParalelasPaso] Completado.
[11:14:18] ▶ [CompararActasPaso] Iniciando...
[11:14:18] ==================================================
[11:14:18] 🚀 PASO: CompararActasPaso
[11:14:18] ==================================================
[11:14:18] 🔍 Comparando actas del SEMyT contra pagos del Juzgado...
[11:14:18] ================================================================================
[11:14:18] INICIANDO PROCESO DE GENERACIÓN DE PAGOS DESACTUALIZADOS
[11:14:18] ================================================================================
[11:14:18] 📂 Cargando archivos...
[11:14:18]   ✓ Pagos: 15741 registros
[11:14:40]   ✓ Excel SIGEMI (multas vencidas viejas): 104055 registros
[11:14:45]   ✓ Excel Juzgado (multas vencidas nuevas): 39827 registros
[11:14:48] ================================================================================
[11:14:48] PASO 1: LLENANDO ACTA_NUMERO (búsqueda por patente + fecha, con desempate por hora)
[11:14:48] ================================================================================
[11:14:55] 📊 ESTADÍSTICAS DE LLENADO DE ACTAS:
[11:14:55]   • Pagos con acta ORIGINAL: 2203
[11:14:55]   • Pagos SIN acta (buscados): 13538
[11:14:55]   • Pagos LLENADOS exitosamente: 6
[11:14:55]   • Pagos NO encontrados en multas: 13532
[11:14:55]   • Pagos SIN RESOLVER por desbalance de cantidades: 0
[11:14:56] ================================================================================
[11:14:56] PASO 1: LLENANDO ACTA_NUMERO (búsqueda por patente + fecha, con desempate por hora)
[11:14:56] ================================================================================
[11:15:03] 📊 ESTADÍSTICAS DE LLENADO DE ACTAS:
[11:15:03]   • Pagos con acta ORIGINAL: 2209
[11:15:03]   • Pagos SIN acta (buscados): 13532
[11:15:03]   • Pagos LLENADOS exitosamente: 0
[11:15:03]   • Pagos NO encontrados en multas: 13532
[11:15:03]   • Pagos SIN RESOLVER por desbalance de cantidades: 0
[11:15:03] ⏱ PASO 1 (llenar actas): 17.4s
[11:15:03] ================================================================================
[11:15:03] PASO 2: FILTRANDO PAGOS CON ACTA_NUMERO COMPLETO
[11:15:03] ================================================================================
[11:15:03] 📊 ESTADÍSTICAS DE FILTRADO:
[11:15:03]   • Pagos TOTALES al inicio: 15741
[11:15:03]   • Pagos CON acta (MANTIENEN): 2209
[11:15:03]   • Pagos RECHAZADOS (sin coincidencias): 13532
[11:15:03] ⚠️  Se eliminaron 13532 registros sin número de acta
[11:15:03]      (recordá: esto incluye tanto pagos ya actualizados/pagados
[11:15:03]       como pagos que quedaron sin resolver por desbalance en el Paso 1)
[11:15:03] ================================================================================
[11:15:03] PASO 2-bis: CONFIRMANDO VIGENCIA DE PAGOS DEL SISTEMA NUEVO (contra MULTAS_JUZGADO_CRUCE)
[11:15:03] ================================================================================
[11:15:04]   ⚠ 2195 pago(s) del sistema nuevo descartados: su acta ya no figura como vencida en MULTAS_JUZGADO_CRUCE (SEMyT ya los actualizó).
[11:15:04]   • Pagos del sistema nuevo descartados por ya estar actualizados: 2195
[11:15:04] ⏱ PASO 2 (filtrar): 1.0s
[11:15:04] 📂 Cargando maestro de causas SIGEMI...
[11:15:04]   ✓ Causas totales (maestro): 134069 registros
[11:15:04] ⏱ PASO 2.5 (causas simplificado): 0.2s
[11:15:04] ================================================================================
[11:15:04] PASO 2.5: ARMANDO causas.txt SIMPLIFICADO (cruce contra total_causas_sigemi.txt)
[11:15:04] ================================================================================
[11:15:06]   • Actas vencidas viejas (multas): 104055
[11:15:06]   • Causas totales en el maestro SIGEMI: 134069
[11:15:06]   • Causas que coinciden (simplificado): 103724
[11:15:06]   ✅ Archivo escrito: backend/descargas/causas/causas.txt
[11:15:07] ⏱ PASO 2.5 (causas simplificado): 3.0s
[11:15:07] ================================================================================
[11:15:07] PASO 3: LLENANDO CAUSA_NUMERO (según fecha de cambio de sistema, cruzando por acta + año)
[11:15:07] ================================================================================
[11:15:07] 📊 ESTADÍSTICAS DE LLENADO DE CAUSAS:
[11:15:07]   • Pagos con causa ORIGINAL: 8
[11:15:07]   • Causas encontradas en SIGEMI (actas viejas): 6
[11:15:07]   • Causas NO encontradas en SIGEMI: 0
[11:15:07]   • Causas asignadas automáticamente (actas nuevas): 0
[11:15:07] ⏱ PASO 3 (llenar causas): 0.0s
[11:15:07] ================================================================================
[11:15:07] PASO 4: ORDENANDO POR FECHA Y ACTA_NUMERO
[11:15:07] ================================================================================
[11:15:07] ✓ Pagos ordenados correctamente
[11:15:07]   • Primera entrada: Acta=3427, Fecha=02/07/2024
[11:15:07]   • Última entrada: Acta=308225, Fecha=06/05/2026
[11:15:07] 📝 Escribiendo archivo de salida...
[11:15:07]   ✅ Archivo escrito: backend/descargas/pagos/2026-07-21/PAGOS 20260721 111418.txt
[11:15:07]   ✅ Total registros: 1667
[11:15:07] ⏱ PASO 4 (ordenar y escribir): 0.0s
[11:15:07] ================================================================================
[11:15:07] ✅ PROCESO COMPLETADO EXITOSAMENTE
[11:15:07] ================================================================================
[11:15:07] 📊 RESUMEN FINAL DEL PROCESAMIENTO:
[11:15:07]   ENTRADA:
[11:15:07]     • Pagos originales: 15741
[11:15:07]     • Multas SIGEMI cargadas: 104055
[11:15:07]     • Multas Juzgado cargadas: 39827
[11:15:07]     • Causas simplificadas (usadas para el cruce): 103724
[11:15:07]   PROCESO:
[11:15:07]     • Pagos rechazados sigemi: 13532
[11:15:07]     • Pagos rechazados juzgado: 2195
[11:15:07]   SALIDA:
[11:15:07]     • Pagos desactualizados procesados: 14
[11:15:07]     • Archivo final: backend/descargas/pagos/2026-07-21/PAGOS 20260721 111418.txt
[11:15:07]     • Ordenados por fecha: SÍ ✓
[11:15:07]     • Todos con ACTA_NUMERO: SÍ ✓
[11:15:07]     • Todos con CAUSA_NUMERO: SÍ ✓
[11:15:07] ✅ TXT de pagos (ya cruzado con actas y causas) generado en: backend/descargas/pagos/2026-07-21/PAGOS 20260721 111418.txt
[11:15:07] 🧹 TXT de pagos crudo eliminado (ya usado en el cruce): backend/descargas/pagos/2026-07-21/PAGOS DESCARGADOS.txt
[11:15:07] 🧹 Excel MULTAS_SIGEMI_CRUCE eliminado (ya usado en el cruce): backend/descargas/cache_actas_cruce/MULTAS_SIGEMI_CRUCE.xlsx
[11:15:07] 🧹 Excel MULTAS_JUZGADO_CRUCE eliminado (ya usado en el cruce): backend/descargas/cache_actas_cruce/MULTAS_JUZGADO_CRUCE.xlsx
[11:15:07] ✅ CompararActasPaso finalizado. (⏱ 48.7s)
[11:15:07] ✓ [CompararActasPaso] Completado.
[11:15:07] ▶ [CargarPagosPaso] Iniciando...
[11:15:07] ==================================================
[11:15:07] 🚀 PASO: CargarPagosPaso
[11:15:07] ==================================================
[11:15:07] 📤 Subiendo TXT de pagos al SEMyT...
[11:15:10] ✅ Importación de pagos completada con éxito.
[11:15:10] ✅ Archivo TXT de pagos cargado en el SEMyT correctamente.
[11:15:10] ✅ CargarPagosPaso finalizado. (⏱ 2.8s)
[11:15:10] ✓ [CargarPagosPaso] Completado.
[11:15:10] === Ejecución finalizada con éxito ===
