[10:35:53] === Inicio de ejecución: pagos ===
[10:35:55] ▶ [LoginSemytPaso] Iniciando...
[10:35:55] ==================================================
[10:35:55] 🚀 PASO: LoginSemytPaso
[10:35:55] ==================================================
[10:35:56] Abriendo SEMyT...
[10:36:20] ✅ [SEMyT] Sesión existente detectada. Login omitido.
[10:36:21] ✅ LoginSemytPaso finalizado. (⏱ 25.7s)
[10:36:21] ✓ [LoginSemytPaso] Completado.
[10:36:21] ▶ [LoginJuzgadoPaso] Iniciando...
[10:36:21] ==================================================
[10:36:21] 🚀 PASO: LoginJuzgadoPaso
[10:36:21] ==================================================
[10:36:21] Abriendo sitio municipalidad (CiDi)...
[10:36:23] ✅ [Juzgado] Sesión existente detectada. Login omitido.
[10:36:23] ✅ LoginJuzgadoPaso finalizado. (⏱ 2.2s)
[10:36:23] ✓ [LoginJuzgadoPaso] Completado.
[10:36:23] ▶ [DescargasParalelasPaso] Iniciando...
[10:36:23] ==================================================
[10:36:23] 🚀 PASO: DescargasParalelasPaso
[10:36:23] ==================================================
[10:36:25] 📤 Arrancando las 3 descargas en paralelo (mismo browser, páginas separadas)...
[10:36:25] Fecha Desde: 27/06/2024
[10:36:25] Fecha Hasta: 24/11/2025
[10:36:25] Fecha Desde: 25/11/2025
[10:36:25] Fecha Hasta: 21/07/2026
[10:36:25] Descargando Excel...
[10:36:25] Descargando Excel...
[10:36:40] Archivo descargado en: backend/descargas/cache_actas_cruce/MULTAS_JUZGADO_CRUCE.xlsx
[10:36:47] ⏱ [actas_juzgado] completado en 22.7s
[10:37:02] Archivo descargado en: backend/descargas/cache_actas_cruce/MULTAS_SIGEMI_CRUCE.xlsx
[10:37:24] ⏱ [actas_sigemi] completado en 59.4s
[10:37:24] ✅ TXT de pagos descargado en: backend/descargas/pagos/2026-07-21/PAGOS DESCARGADOS.txt
[10:37:24] ⏱ [pagos_txt] completado en 59.5s
[10:37:24] ⏱ TOTAL descargas en paralelo: 59.5s
[10:37:24] ✅ DescargasParalelasPaso finalizado. (⏱ 61.1s)
[10:37:24] ✓ [DescargasParalelasPaso] Completado.
[10:37:24] ▶ [CompararActasPaso] Iniciando...
[10:37:24] ==================================================
[10:37:24] 🚀 PASO: CompararActasPaso
[10:37:24] ==================================================
[10:37:24] 🔍 Comparando actas del SEMyT contra pagos del Juzgado...
[10:37:24] ================================================================================
[10:37:24] INICIANDO PROCESO DE GENERACIÓN DE PAGOS DESACTUALIZADOS
[10:37:24] ================================================================================
[10:37:24] 📂 Cargando archivos...
[10:37:24]   ✓ Pagos: 15700 registros
[10:37:44]   ✓ Excel SIGEMI (multas vencidas viejas): 104069 registros
[10:37:52]   ✓ Excel Juzgado (multas vencidas nuevas): 39846 registros
[10:37:56] ================================================================================
[10:37:56] PASO 1: LLENANDO ACTA_NUMERO (búsqueda por patente + fecha, con desempate por hora)
[10:37:56] ================================================================================
[10:38:03] 📊 ESTADÍSTICAS DE LLENADO DE ACTAS:
[10:38:03]   • Pagos con acta ORIGINAL: 2179
[10:38:03]   • Pagos SIN acta (buscados): 13521
[10:38:03]   • Pagos LLENADOS exitosamente: 3
[10:38:03]   • Pagos NO encontrados en multas: 13518
[10:38:03]   • Pagos SIN RESOLVER por desbalance de cantidades: 0
[10:38:04] ================================================================================
[10:38:04] PASO 1: LLENANDO ACTA_NUMERO (búsqueda por patente + fecha, con desempate por hora)
[10:38:04] ================================================================================
[10:38:10] 📊 ESTADÍSTICAS DE LLENADO DE ACTAS:
[10:38:10]   • Pagos con acta ORIGINAL: 2182
[10:38:10]   • Pagos SIN acta (buscados): 13518
[10:38:10]   • Pagos LLENADOS exitosamente: 0
[10:38:10]   • Pagos NO encontrados en multas: 13518
[10:38:10]   • Pagos SIN RESOLVER por desbalance de cantidades: 0
[10:38:10] ⏱ PASO 1 (llenar actas): 18.1s
[10:38:10] ================================================================================
[10:38:10] PASO 2: FILTRANDO PAGOS CON ACTA_NUMERO COMPLETO
[10:38:10] ================================================================================
[10:38:10] 📊 ESTADÍSTICAS DE FILTRADO:
[10:38:10]   • Pagos TOTALES al inicio: 15700
[10:38:10]   • Pagos CON acta (MANTIENEN): 2182
[10:38:10]   • Pagos RECHAZADOS (sin coincidencias): 13518
[10:38:10] ⚠️  Se eliminaron 13518 registros sin número de acta
[10:38:10]      (recordá: esto incluye tanto pagos ya actualizados/pagados
[10:38:10]       como pagos que quedaron sin resolver por desbalance en el Paso 1)
[10:38:10] ================================================================================
[10:38:10] PASO 2-bis: CONFIRMANDO VIGENCIA DE PAGOS DEL SISTEMA NUEVO (contra MULTAS_JUZGADO_CRUCE)
[10:38:10] ================================================================================
[10:38:11]   ⚠ 2176 pago(s) del sistema nuevo descartados: su acta ya no figura como vencida en MULTAS_JUZGADO_CRUCE (SEMyT ya los actualizó).
[10:38:11]   • Pagos del sistema nuevo descartados por ya estar actualizados: 2176
[10:38:11] ⏱ PASO 2 (filtrar): 0.8s
[10:38:11] 📂 Cargando maestro de causas SIGEMI...
[10:38:11]   ✓ Causas totales (maestro): 134069 registros
[10:38:11] ⏱ PASO 2.5 (causas simplificado): 0.2s
[10:38:11] ================================================================================
[10:38:11] PASO 2.5: ARMANDO causas.txt SIMPLIFICADO (cruce contra total_causas_sigemi.txt)
[10:38:11] ================================================================================
[10:38:13]   • Actas vencidas viejas (multas): 104069
[10:38:13]   • Causas totales en el maestro SIGEMI: 134069
[10:38:13]   • Causas que coinciden (simplificado): 103738
[10:38:13]   ✅ Archivo escrito: backend/descargas/causas/causas.txt
[10:38:14] ⏱ PASO 2.5 (causas simplificado): 2.9s
[10:38:14] ================================================================================
[10:38:14] PASO 3: LLENANDO CAUSA_NUMERO (según fecha de cambio de sistema, cruzando por acta + año)
[10:38:14] ================================================================================
[10:38:14] 📊 ESTADÍSTICAS DE LLENADO DE CAUSAS:
[10:38:14]   • Pagos con causa ORIGINAL: 3
[10:38:14]   • Causas encontradas en SIGEMI (actas viejas): 3
[10:38:14]   • Causas NO encontradas en SIGEMI: 0
[10:38:14]   • Causas asignadas automáticamente (actas nuevas): 0
[10:38:14] ⏱ PASO 3 (llenar causas): 0.0s
[10:38:14] ================================================================================
[10:38:14] PASO 4: ORDENANDO POR FECHA Y ACTA_NUMERO
[10:38:14] ================================================================================
[10:38:14] ✓ Pagos ordenados correctamente
[10:38:14]   • Primera entrada: Acta=160294, Fecha=04/06/2025
[10:38:14]   • Última entrada: Acta=285777, Fecha=26/03/2026
[10:38:14] 📝 Escribiendo archivo de salida...
[10:38:14]   ✅ Archivo escrito: backend/descargas/pagos/2026-07-21/PAGOS 20260721 103724.txt
[10:38:14]   ✅ Total registros: 779
[10:38:14] ⏱ PASO 4 (ordenar y escribir): 0.0s
[10:38:14] ================================================================================
[10:38:14] ✅ PROCESO COMPLETADO EXITOSAMENTE
[10:38:14] ================================================================================
[10:38:14] 📊 RESUMEN FINAL DEL PROCESAMIENTO:
[10:38:14]   ENTRADA:
[10:38:14]     • Pagos originales: 15700
[10:38:14]     • Multas SIGEMI cargadas: 104069
[10:38:14]     • Multas Juzgado cargadas: 39846
[10:38:14]     • Causas simplificadas (usadas para el cruce): 103738
[10:38:14]   PROCESO:
[10:38:14]     • Pagos rechazados sigemi: 13518
[10:38:14]     • Pagos rechazados juzgado: 2176
[10:38:14]   SALIDA:
[10:38:14]     • Pagos desactualizados procesados: 6
[10:38:14]     • Archivo final: backend/descargas/pagos/2026-07-21/PAGOS 20260721 103724.txt
[10:38:14]     • Ordenados por fecha: SÍ ✓
[10:38:14]     • Todos con ACTA_NUMERO: SÍ ✓
[10:38:14]     • Todos con CAUSA_NUMERO: SÍ ✓
[10:38:14] ✅ TXT de pagos (ya cruzado con actas y causas) generado en: backend/descargas/pagos/2026-07-21/PAGOS 20260721 103724.txt
[10:38:14] 🧹 TXT de pagos crudo eliminado (ya usado en el cruce): backend/descargas/pagos/2026-07-21/PAGOS DESCARGADOS.txt
[10:38:14] 🧹 Excel MULTAS_SIGEMI_CRUCE eliminado (ya usado en el cruce): backend/descargas/cache_actas_cruce/MULTAS_SIGEMI_CRUCE.xlsx
[10:38:14] 🧹 Excel MULTAS_JUZGADO_CRUCE eliminado (ya usado en el cruce): backend/descargas/cache_actas_cruce/MULTAS_JUZGADO_CRUCE.xlsx
[10:38:14] ✅ CompararActasPaso finalizado. (⏱ 49.6s)
[10:38:14] ✓ [CompararActasPaso] Completado.
[10:38:14] ▶ [CargarPagosPaso] Iniciando...
[10:38:14] ==================================================
[10:38:14] 🚀 PASO: CargarPagosPaso
[10:38:14] ==================================================
[10:38:14] 📤 Subiendo TXT de pagos al SEMyT...
[10:38:16] ✅ Importación de pagos completada con éxito.
[10:38:17] ✅ Archivo TXT de pagos cargado en el SEMyT correctamente.
[10:38:17] ✅ CargarPagosPaso finalizado. (⏱ 2.9s)
[10:38:17] ✓ [CargarPagosPaso] Completado.
[10:38:17] === Ejecución finalizada con éxito ===
