[21:56:05] === Inicio de ejecución: pagos ===
[21:56:06] ▶ [LoginSemytPaso] Iniciando...
[21:56:06] ==================================================
[21:56:06] 🚀 PASO: LoginSemytPaso
[21:56:06] ==================================================
[21:56:06] Abriendo SEMyT con sesión guardada...
[21:56:08] ✅ Sesión existente detectada. Login omitido.
[21:56:08] ✅ LoginSemytPaso finalizado.
[21:56:08] ✓ [LoginSemytPaso] Completado.
[21:56:08] ▶ [LoginJuzgadoPaso] Iniciando...
[21:56:08] ==================================================
[21:56:08] 🚀 PASO: LoginJuzgadoPaso
[21:56:08] ==================================================
[21:56:08] Abriendo sitio municipalidad (CiDi)...
[21:56:09] ✅ Sesión existente detectada en Juzgado. Login omitido.
[21:56:09] ✅ LoginJuzgadoPaso finalizado.
[21:56:09] ✓ [LoginJuzgadoPaso] Completado.
[21:56:09] ▶ [DescargarPagosPaso] Iniciando...
[21:56:09] ==================================================
[21:56:09] 🚀 PASO: DescargarPagosPaso
[21:56:09] ==================================================
[21:56:09] 📥 Descargando TXT de pagos desde el Juzgado...
[21:56:31] ✅ TXT de pagos descargado en: backend/descargas/pagos/PAGOS DESCARGADOS.txt
[21:56:31] ✅ DescargarPagosPaso finalizado.
[21:56:31] ✓ [DescargarPagosPaso] Completado.
[21:56:31] ▶ [ObtenerActasCrucePaso] Iniciando...
[21:56:31] ==================================================
[21:56:31] 🚀 PASO: ObtenerActasCrucePaso
[21:56:31] ==================================================
[21:56:31] 📥 Descargando Excel de actas vencidas para el cruce — SIGEMI (rango viejo)...
[21:56:31] Fecha Desde: 27/06/2024
[21:56:31] Fecha Hasta: 24/11/2025
[21:56:31] Descargando Excel...
[21:56:47] Archivo descargado en: backend/descargas/cache_actas_cruce/MULTAS_SIGEMI_CRUCE.xlsx
[21:56:51] ✅ Excel de actas para el cruce (SIGEMI (rango viejo)) guardado en: backend/descargas/cache_actas_cruce/MULTAS_SIGEMI_CRUCE.xlsx
[21:56:51] 📥 Descargando Excel de actas vencidas para el cruce — Juzgado (rango nuevo)...
[21:56:51] Fecha Desde: 25/11/2025
[21:56:51] Fecha Hasta: 16/07/2026
[21:56:51] Descargando Excel...
[21:56:59] Archivo descargado en: backend/descargas/cache_actas_cruce/MULTAS_JUZGADO_CRUCE.xlsx
[21:57:01] ✅ Excel de actas para el cruce (Juzgado (rango nuevo)) guardado en: backend/descargas/cache_actas_cruce/MULTAS_JUZGADO_CRUCE.xlsx
[21:57:01] ✅ ObtenerActasCrucePaso finalizado.
[21:57:01] ✓ [ObtenerActasCrucePaso] Completado.
[21:57:01] ▶ [CompararActasPaso] Iniciando...
[21:57:01] ==================================================
[21:57:01] 🚀 PASO: CompararActasPaso
[21:57:01] ==================================================
[21:57:01] 🔍 Comparando actas del SEMyT contra pagos del Juzgado...
[21:57:01] ================================================================================
[21:57:01] INICIANDO PROCESO DE GENERACIÓN DE PAGOS DESACTUALIZADOS
[21:57:01] ================================================================================
[21:57:01] 📂 Cargando archivos...
[21:57:01]   ✓ Pagos: 14102 registros
[21:57:05]   ✓ Excel SIGEMI (multas vencidas viejas): 105199 registros
[21:57:06]   ✓ Excel Juzgado (multas vencidas nuevas): 39091 registros
[21:57:27] ================================================================================
[21:57:27] PASO 1: LLENANDO ACTA_NUMERO (búsqueda por patente + fecha, con desempate por hora)
[21:57:27] ================================================================================
[21:57:29] 📊 ESTADÍSTICAS DE LLENADO DE ACTAS:
[21:57:29]   • Pagos con acta ORIGINAL: 1531
[21:57:29]   • Pagos SIN acta (buscados): 12571
[21:57:29]   • Pagos LLENADOS exitosamente: 138
[21:57:29]   • Pagos NO encontrados en multas: 12433
[21:57:29]   • Pagos SIN RESOLVER por desbalance de cantidades: 0
[21:57:37] ================================================================================
[21:57:37] PASO 1: LLENANDO ACTA_NUMERO (búsqueda por patente + fecha, con desempate por hora)
[21:57:37] ================================================================================
[21:57:39] 📊 ESTADÍSTICAS DE LLENADO DE ACTAS:
[21:57:39]   • Pagos con acta ORIGINAL: 1669
[21:57:39]   • Pagos SIN acta (buscados): 12433
[21:57:39]   • Pagos LLENADOS exitosamente: 0
[21:57:39]   • Pagos NO encontrados en multas: 12433
[21:57:39]   • Pagos SIN RESOLVER por desbalance de cantidades: 0
[21:57:39] ================================================================================
[21:57:39] PASO 2: FILTRANDO PAGOS CON ACTA_NUMERO COMPLETO
[21:57:39] ================================================================================
[21:57:39] 📊 ESTADÍSTICAS DE FILTRADO:
[21:57:39]   • Pagos TOTALES al inicio: 14102
[21:57:39]   • Pagos CON acta (MANTIENEN): 1669
[21:57:39]   • Pagos RECHAZADOS (sin coincidencias): 12433
[21:57:39] ⚠️  Se eliminaron 12433 registros sin número de acta
[21:57:39]      (recordá: esto incluye tanto pagos ya actualizados/pagados
[21:57:39]       como pagos que quedaron sin resolver por desbalance en el Paso 1)
[21:57:39] ================================================================================
[21:57:39] PASO 2-bis: CONFIRMANDO VIGENCIA DE PAGOS DEL SISTEMA NUEVO (contra MULTAS_JUZGADO_CRUCE)
[21:57:39] ================================================================================
[21:57:39]   ⚠ 1510 pago(s) del sistema nuevo descartados: su acta ya no figura como vencida en MULTAS_JUZGADO_CRUCE (SEMyT ya los actualizó).
[21:57:39]   • Pagos del sistema nuevo descartados por ya estar actualizados: 1510
[21:57:39] 📂 Cargando maestro de causas SIGEMI...
[21:57:39]   ✓ Causas totales (maestro): 134069 registros
[21:57:39] ================================================================================
[21:57:39] PASO 2.5: ARMANDO causas.txt SIMPLIFICADO (cruce contra total_causas_sigemi.txt)
[21:57:39] ================================================================================
[21:57:50]   • Actas vencidas viejas (multas): 105199
[21:57:50]   • Causas totales en el maestro SIGEMI: 134069
[21:57:50]   • Causas que coinciden (simplificado): 105199
[21:57:50]   ✅ Archivo escrito: backend/descargas/causas/causas.txt
[21:57:50] ================================================================================
[21:57:50] PASO 3: LLENANDO CAUSA_NUMERO (según fecha de cambio de sistema, cruzando por acta + año)
[21:57:50] ================================================================================
[21:57:50] 📊 ESTADÍSTICAS DE LLENADO DE CAUSAS:
[21:57:50]   • Pagos con causa ORIGINAL: 21
[21:57:50]   • Causas encontradas en SIGEMI (actas viejas): 138
[21:57:50]   • Causas NO encontradas en SIGEMI: 0
[21:57:50]   • Causas asignadas automáticamente (actas nuevas): 0
[21:57:50] ================================================================================
[21:57:50] PASO 4: ORDENANDO POR FECHA Y ACTA_NUMERO
[21:57:50] ================================================================================
[21:57:50] ✓ Pagos ordenados correctamente
[21:57:50]   • Primera entrada: Acta=352, Fecha=27/06/2024
[21:57:50]   • Última entrada: Acta=305216, Fecha=29/04/2026
[21:57:50] 📝 Escribiendo archivo de salida...
[21:57:50]   ✅ Archivo escrito: backend/descargas/pagos/PAGOS 20260716 215701.txt
[21:57:50]   ✅ Total registros: 17300
[21:57:50] ================================================================================
[21:57:50] ✅ PROCESO COMPLETADO EXITOSAMENTE
[21:57:50] ================================================================================
[21:57:50] 📊 RESUMEN FINAL DEL PROCESAMIENTO:
[21:57:50]   ENTRADA:
[21:57:50]     • Pagos originales: 14102
[21:57:50]     • Multas SIGEMI cargadas: 105199
[21:57:50]     • Multas Juzgado cargadas: 39091
[21:57:50]     • Causas simplificadas (usadas para el cruce): 105199
[21:57:50]   PROCESO:
[21:57:50]     • Pagos rechazados sigemi: 12433
[21:57:50]     • Pagos rechazados juzgado: 1510
[21:57:50]   SALIDA:
[21:57:50]     • Pagos desactualizados procesados: 159
[21:57:50]     • Archivo final: backend/descargas/pagos/PAGOS 20260716 215701.txt
[21:57:50]     • Ordenados por fecha: SÍ ✓
[21:57:50]     • Todos con ACTA_NUMERO: SÍ ✓
[21:57:50]     • Todos con CAUSA_NUMERO: SÍ ✓
[21:57:50] ✅ TXT de pagos (ya cruzado con actas y causas) generado en: backend/descargas/pagos/PAGOS 20260716 215701.txt
[21:57:50] 🧹 TXT de pagos crudo eliminado (ya usado en el cruce): backend/descargas/pagos/PAGOS DESCARGADOS.txt
[21:57:50] 🧹 Excel MULTAS_SIGEMI_CRUCE eliminado (ya usado en el cruce): backend/descargas/cache_actas_cruce/MULTAS_SIGEMI_CRUCE.xlsx
[21:57:50] 🧹 Excel MULTAS_JUZGADO_CRUCE eliminado (ya usado en el cruce): backend/descargas/cache_actas_cruce/MULTAS_JUZGADO_CRUCE.xlsx
[21:57:50] ✅ CompararActasPaso finalizado.
[21:57:50] ✓ [CompararActasPaso] Completado.
[21:57:50] === Ejecución finalizada con éxito ===
