[08:58:41] === Inicio de ejecución: pagos ===
[08:58:42] ▶ [LoginSemytPaso] Iniciando...
[08:58:42] ==================================================
[08:58:42] 🚀 PASO: LoginSemytPaso
[08:58:42] ==================================================
[08:58:42] Abriendo SEMyT con sesión guardada...
[08:59:10] ✅ Sesión existente detectada. Login omitido.
[08:59:10] ✅ LoginSemytPaso finalizado.
[08:59:10] ✓ [LoginSemytPaso] Completado.
[08:59:10] ▶ [LoginJuzgadoPaso] Iniciando...
[08:59:10] ==================================================
[08:59:10] 🚀 PASO: LoginJuzgadoPaso
[08:59:10] ==================================================
[08:59:10] Abriendo sitio municipalidad (CiDi)...
[08:59:11] ✅ Sesión existente detectada en Juzgado. Login omitido.
[08:59:11] ✅ LoginJuzgadoPaso finalizado.
[08:59:11] ✓ [LoginJuzgadoPaso] Completado.
[08:59:11] ▶ [DescargarPagosPaso] Iniciando...
[08:59:11] ==================================================
[08:59:11] 🚀 PASO: DescargarPagosPaso
[08:59:11] ==================================================
[08:59:11] 📥 Descargando TXT de pagos desde el Juzgado...
[08:59:35] ✅ TXT de pagos descargado en: backend/descargas/pagos/PAGOS DESCARGADOS.txt
[08:59:35] ✅ DescargarPagosPaso finalizado.
[08:59:35] ✓ [DescargarPagosPaso] Completado.
[08:59:35] ▶ [ObtenerActasCrucePaso] Iniciando...
[08:59:35] ==================================================
[08:59:35] 🚀 PASO: ObtenerActasCrucePaso
[08:59:35] ==================================================
[08:59:35] 📥 Descargando Excel de actas vencidas para el cruce — SIGEMI (rango viejo)...
[08:59:35] Fecha Desde: 27/06/2024
[08:59:35] Fecha Hasta: 24/11/2025
[08:59:35] Descargando Excel...
[09:00:31] Archivo descargado en: backend/descargas/cache_actas_cruce/MULTAS_SIGEMI_CRUCE.xlsx
[09:00:35] ✅ Excel de actas para el cruce (SIGEMI (rango viejo)) guardado en: backend/descargas/cache_actas_cruce/MULTAS_SIGEMI_CRUCE.xlsx
[09:00:35] 📥 Descargando Excel de actas vencidas para el cruce — Juzgado (rango nuevo)...
[09:00:35] Fecha Desde: 25/11/2025
[09:00:35] Fecha Hasta: 17/07/2026
[09:00:35] Descargando Excel...
[09:00:54] Archivo descargado en: backend/descargas/cache_actas_cruce/MULTAS_JUZGADO_CRUCE.xlsx
[09:00:55] ✅ Excel de actas para el cruce (Juzgado (rango nuevo)) guardado en: backend/descargas/cache_actas_cruce/MULTAS_JUZGADO_CRUCE.xlsx
[09:00:55] ✅ ObtenerActasCrucePaso finalizado.
[09:00:55] ✓ [ObtenerActasCrucePaso] Completado.
[09:00:55] ▶ [CompararActasPaso] Iniciando...
[09:00:55] ==================================================
[09:00:55] 🚀 PASO: CompararActasPaso
[09:00:55] ==================================================
[09:00:55] 🔍 Comparando actas del SEMyT contra pagos del Juzgado...
[09:00:55] ================================================================================
[09:00:55] INICIANDO PROCESO DE GENERACIÓN DE PAGOS DESACTUALIZADOS
[09:00:55] ================================================================================
[09:00:55] 📂 Cargando archivos...
[09:00:55]   ✓ Pagos: 14232 registros
[09:00:58]   ✓ Excel SIGEMI (multas vencidas viejas): 105014 registros
[09:00:59]   ✓ Excel Juzgado (multas vencidas nuevas): 39059 registros
[09:01:18] ================================================================================
[09:01:18] PASO 1: LLENANDO ACTA_NUMERO (búsqueda por patente + fecha, con desempate por hora)
[09:01:18] ================================================================================
[09:01:20] 📊 ESTADÍSTICAS DE LLENADO DE ACTAS:
[09:01:20]   • Pagos con acta ORIGINAL: 1559
[09:01:20]   • Pagos SIN acta (buscados): 12673
[09:01:20]   • Pagos LLENADOS exitosamente: 51
[09:01:20]   • Pagos NO encontrados en multas: 12622
[09:01:20]   • Pagos SIN RESOLVER por desbalance de cantidades: 0
[09:01:26] ================================================================================
[09:01:26] PASO 1: LLENANDO ACTA_NUMERO (búsqueda por patente + fecha, con desempate por hora)
[09:01:26] ================================================================================
[09:01:28] 📊 ESTADÍSTICAS DE LLENADO DE ACTAS:
[09:01:28]   • Pagos con acta ORIGINAL: 1610
[09:01:28]   • Pagos SIN acta (buscados): 12622
[09:01:28]   • Pagos LLENADOS exitosamente: 1
[09:01:28]   • Pagos NO encontrados en multas: 12621
[09:01:28]   • Pagos SIN RESOLVER por desbalance de cantidades: 0
[09:01:28] ================================================================================
[09:01:28] PASO 2: FILTRANDO PAGOS CON ACTA_NUMERO COMPLETO
[09:01:28] ================================================================================
[09:01:28] 📊 ESTADÍSTICAS DE FILTRADO:
[09:01:28]   • Pagos TOTALES al inicio: 14232
[09:01:28]   • Pagos CON acta (MANTIENEN): 1611
[09:01:28]   • Pagos RECHAZADOS (sin coincidencias): 12621
[09:01:28] ⚠️  Se eliminaron 12621 registros sin número de acta
[09:01:28]      (recordá: esto incluye tanto pagos ya actualizados/pagados
[09:01:28]       como pagos que quedaron sin resolver por desbalance en el Paso 1)
[09:01:28] ================================================================================
[09:01:28] PASO 2-bis: CONFIRMANDO VIGENCIA DE PAGOS DEL SISTEMA NUEVO (contra MULTAS_JUZGADO_CRUCE)
[09:01:28] ================================================================================
[09:01:28]   ⚠ 1543 pago(s) del sistema nuevo descartados: su acta ya no figura como vencida en MULTAS_JUZGADO_CRUCE (SEMyT ya los actualizó).
[09:01:28]   • Pagos del sistema nuevo descartados por ya estar actualizados: 1543
[09:01:28] 📂 Cargando maestro de causas SIGEMI...
[09:01:28]   ✓ Causas totales (maestro): 134069 registros
[09:01:28] ================================================================================
[09:01:28] PASO 2.5: ARMANDO causas.txt SIMPLIFICADO (cruce contra total_causas_sigemi.txt)
[09:01:28] ================================================================================
[09:01:37]   • Actas vencidas viejas (multas): 105014
[09:01:37]   • Causas totales en el maestro SIGEMI: 134069
[09:01:37]   • Causas que coinciden (simplificado): 105014
[09:01:37]   ✅ Archivo escrito: backend/descargas/causas/causas.txt
[09:01:38] ================================================================================
[09:01:38] PASO 3: LLENANDO CAUSA_NUMERO (según fecha de cambio de sistema, cruzando por acta + año)
[09:01:38] ================================================================================
[09:01:38] 📊 ESTADÍSTICAS DE LLENADO DE CAUSAS:
[09:01:38]   • Pagos con causa ORIGINAL: 16
[09:01:38]   • Causas encontradas en SIGEMI (actas viejas): 51
[09:01:38]   • Causas NO encontradas en SIGEMI: 0
[09:01:38]   • Causas asignadas automáticamente (actas nuevas): 1
[09:01:38] ================================================================================
[09:01:38] PASO 4: ORDENANDO POR FECHA Y ACTA_NUMERO
[09:01:38] ================================================================================
[09:01:38] ✓ Pagos ordenados correctamente
[09:01:38]   • Primera entrada: Acta=7220, Fecha=08/07/2024
[09:01:38]   • Última entrada: Acta=305816, Fecha=30/04/2026
[09:01:38] 📝 Escribiendo archivo de salida...
[09:01:38]   ✅ Archivo escrito: backend/descargas/pagos/PAGOS 20260717 090055.txt
[09:01:38]   ✅ Total registros: 7404
[09:01:38] ================================================================================
[09:01:38] ✅ PROCESO COMPLETADO EXITOSAMENTE
[09:01:38] ================================================================================
[09:01:38] 📊 RESUMEN FINAL DEL PROCESAMIENTO:
[09:01:38]   ENTRADA:
[09:01:38]     • Pagos originales: 14232
[09:01:38]     • Multas SIGEMI cargadas: 105014
[09:01:38]     • Multas Juzgado cargadas: 39059
[09:01:38]     • Causas simplificadas (usadas para el cruce): 105014
[09:01:38]   PROCESO:
[09:01:38]     • Pagos rechazados sigemi: 12621
[09:01:38]     • Pagos rechazados juzgado: 1543
[09:01:38]   SALIDA:
[09:01:38]     • Pagos desactualizados procesados: 68
[09:01:38]     • Archivo final: backend/descargas/pagos/PAGOS 20260717 090055.txt
[09:01:38]     • Ordenados por fecha: SÍ ✓
[09:01:38]     • Todos con ACTA_NUMERO: SÍ ✓
[09:01:38]     • Todos con CAUSA_NUMERO: SÍ ✓
[09:01:38] ✅ TXT de pagos (ya cruzado con actas y causas) generado en: backend/descargas/pagos/PAGOS 20260717 090055.txt
[09:01:38] 🧹 TXT de pagos crudo eliminado (ya usado en el cruce): backend/descargas/pagos/PAGOS DESCARGADOS.txt
[09:01:38] 🧹 Excel MULTAS_SIGEMI_CRUCE eliminado (ya usado en el cruce): backend/descargas/cache_actas_cruce/MULTAS_SIGEMI_CRUCE.xlsx
[09:01:38] 🧹 Excel MULTAS_JUZGADO_CRUCE eliminado (ya usado en el cruce): backend/descargas/cache_actas_cruce/MULTAS_JUZGADO_CRUCE.xlsx
[09:01:38] ✅ CompararActasPaso finalizado.
[09:01:38] ✓ [CompararActasPaso] Completado.
[09:01:38] === Ejecución finalizada con éxito ===
