[13:23:05] === Inicio de ejecución: pagos ===
[13:23:05] ▶ [LoginSemytPaso] Iniciando...
[13:23:05] ==================================================
[13:23:05] 🚀 PASO: LoginSemytPaso
[13:23:05] ==================================================
[13:23:05] Abriendo SEMyT con sesión guardada...
[13:23:27] ✅ Sesión existente detectada. Login omitido.
[13:23:27] ✅ LoginSemytPaso finalizado.
[13:23:27] ✓ [LoginSemytPaso] Completado.
[13:23:27] ▶ [LoginJuzgadoPaso] Iniciando...
[13:23:27] ==================================================
[13:23:27] 🚀 PASO: LoginJuzgadoPaso
[13:23:27] ==================================================
[13:23:27] Abriendo sitio municipalidad (CiDi)...
[13:23:27] ✅ Sesión existente detectada en Juzgado. Login omitido.
[13:23:27] ✅ LoginJuzgadoPaso finalizado.
[13:23:27] ✓ [LoginJuzgadoPaso] Completado.
[13:23:27] ▶ [DescargarPagosPaso] Iniciando...
[13:23:27] ==================================================
[13:23:27] 🚀 PASO: DescargarPagosPaso
[13:23:27] ==================================================
[13:23:27] 📥 Descargando TXT de pagos desde el Juzgado...
[13:23:52] ✅ TXT de pagos descargado en: backend/descargas/pagos/PAGOS DESCARGADOS.txt
[13:23:52] ✅ DescargarPagosPaso finalizado.
[13:23:52] ✓ [DescargarPagosPaso] Completado.
[13:23:52] ▶ [ObtenerActasCrucePaso] Iniciando...
[13:23:52] ==================================================
[13:23:52] 🚀 PASO: ObtenerActasCrucePaso
[13:23:52] ==================================================
[13:23:52] 📥 Descargando Excel de actas vencidas para el cruce — SIGEMI (rango viejo)...
[13:23:52] Fecha Desde: 27/06/2024
[13:23:52] Fecha Hasta: 24/11/2025
[13:23:52] Descargando Excel...
[13:24:28] Archivo descargado en: backend/descargas/cache_actas_cruce/MULTAS_SIGEMI_CRUCE.xlsx
[13:24:31] ✅ Excel de actas para el cruce (SIGEMI (rango viejo)) guardado en: backend/descargas/cache_actas_cruce/MULTAS_SIGEMI_CRUCE.xlsx
[13:24:31] 📥 Descargando Excel de actas vencidas para el cruce — Juzgado (rango nuevo)...
[13:24:31] Fecha Desde: 25/11/2025
[13:24:31] Fecha Hasta: 17/07/2026
[13:24:31] Descargando Excel...
[13:24:43] Archivo descargado en: backend/descargas/cache_actas_cruce/MULTAS_JUZGADO_CRUCE.xlsx
[13:24:44] ✅ Excel de actas para el cruce (Juzgado (rango nuevo)) guardado en: backend/descargas/cache_actas_cruce/MULTAS_JUZGADO_CRUCE.xlsx
[13:24:44] ✅ ObtenerActasCrucePaso finalizado.
[13:24:44] ✓ [ObtenerActasCrucePaso] Completado.
[13:24:44] ▶ [CompararActasPaso] Iniciando...
[13:24:44] ==================================================
[13:24:44] 🚀 PASO: CompararActasPaso
[13:24:44] ==================================================
[13:24:44] 🔍 Comparando actas del SEMyT contra pagos del Juzgado...
[13:24:44] ================================================================================
[13:24:44] INICIANDO PROCESO DE GENERACIÓN DE PAGOS DESACTUALIZADOS
[13:24:44] ================================================================================
[13:24:44] 📂 Cargando archivos...
[13:24:44]   ✓ Pagos: 14603 registros
[13:24:47]   ✓ Excel SIGEMI (multas vencidas viejas): 104583 registros
[13:24:49]   ✓ Excel Juzgado (multas vencidas nuevas): 38946 registros
[13:25:07] ================================================================================
[13:25:07] PASO 1: LLENANDO ACTA_NUMERO (búsqueda por patente + fecha, con desempate por hora)
[13:25:07] ================================================================================
[13:25:09] 📊 ESTADÍSTICAS DE LLENADO DE ACTAS:
[13:25:09]   • Pagos con acta ORIGINAL: 1630
[13:25:09]   • Pagos SIN acta (buscados): 12973
[13:25:09]   • Pagos LLENADOS exitosamente: 20
[13:25:09]   • Pagos NO encontrados en multas: 12953
[13:25:09]   • Pagos SIN RESOLVER por desbalance de cantidades: 0
[13:25:16] ================================================================================
[13:25:16] PASO 1: LLENANDO ACTA_NUMERO (búsqueda por patente + fecha, con desempate por hora)
[13:25:16] ================================================================================
[13:25:18] 📊 ESTADÍSTICAS DE LLENADO DE ACTAS:
[13:25:18]   • Pagos con acta ORIGINAL: 1650
[13:25:18]   • Pagos SIN acta (buscados): 12953
[13:25:18]   • Pagos LLENADOS exitosamente: 1
[13:25:18]   • Pagos NO encontrados en multas: 12952
[13:25:18]   • Pagos SIN RESOLVER por desbalance de cantidades: 0
[13:25:18] ================================================================================
[13:25:18] PASO 2: FILTRANDO PAGOS CON ACTA_NUMERO COMPLETO
[13:25:18] ================================================================================
[13:25:18] 📊 ESTADÍSTICAS DE FILTRADO:
[13:25:18]   • Pagos TOTALES al inicio: 14603
[13:25:18]   • Pagos CON acta (MANTIENEN): 1651
[13:25:18]   • Pagos RECHAZADOS (sin coincidencias): 12952
[13:25:18] ⚠️  Se eliminaron 12952 registros sin número de acta
[13:25:18]      (recordá: esto incluye tanto pagos ya actualizados/pagados
[13:25:18]       como pagos que quedaron sin resolver por desbalance en el Paso 1)
[13:25:18] ================================================================================
[13:25:18] PASO 2-bis: CONFIRMANDO VIGENCIA DE PAGOS DEL SISTEMA NUEVO (contra MULTAS_JUZGADO_CRUCE)
[13:25:18] ================================================================================
[13:25:18]   ⚠ 1627 pago(s) del sistema nuevo descartados: su acta ya no figura como vencida en MULTAS_JUZGADO_CRUCE (SEMyT ya los actualizó).
[13:25:18]   • Pagos del sistema nuevo descartados por ya estar actualizados: 1627
[13:25:18] 📂 Cargando maestro de causas SIGEMI...
[13:25:18]   ✓ Causas totales (maestro): 134069 registros
[13:25:18] ================================================================================
[13:25:18] PASO 2.5: ARMANDO causas.txt SIMPLIFICADO (cruce contra total_causas_sigemi.txt)
[13:25:18] ================================================================================
[13:25:27]   • Actas vencidas viejas (multas): 104583
[13:25:27]   • Causas totales en el maestro SIGEMI: 134069
[13:25:27]   • Causas que coinciden (simplificado): 104583
[13:25:27]   ✅ Archivo escrito: backend/descargas/causas/causas.txt
[13:25:27] ================================================================================
[13:25:27] PASO 3: LLENANDO CAUSA_NUMERO (según fecha de cambio de sistema, cruzando por acta + año)
[13:25:27] ================================================================================
[13:25:27] 📊 ESTADÍSTICAS DE LLENADO DE CAUSAS:
[13:25:27]   • Pagos con causa ORIGINAL: 3
[13:25:27]   • Causas encontradas en SIGEMI (actas viejas): 20
[13:25:27]   • Causas NO encontradas en SIGEMI: 0
[13:25:27]   • Causas asignadas automáticamente (actas nuevas): 1
[13:25:27] ================================================================================
[13:25:27] PASO 4: ORDENANDO POR FECHA Y ACTA_NUMERO
[13:25:27] ================================================================================
[13:25:27] ✓ Pagos ordenados correctamente
[13:25:27]   • Primera entrada: Acta=35625, Fecha=24/08/2024
[13:25:27]   • Última entrada: Acta=284140, Fecha=25/03/2026
[13:25:27] 📝 Escribiendo archivo de salida...
[13:25:27]   ✅ Archivo escrito: backend/descargas/pagos/PAGOS 20260717 132444.txt
[13:25:27]   ✅ Total registros: 2723
[13:25:27] ================================================================================
[13:25:27] ✅ PROCESO COMPLETADO EXITOSAMENTE
[13:25:27] ================================================================================
[13:25:27] 📊 RESUMEN FINAL DEL PROCESAMIENTO:
[13:25:27]   ENTRADA:
[13:25:27]     • Pagos originales: 14603
[13:25:27]     • Multas SIGEMI cargadas: 104583
[13:25:27]     • Multas Juzgado cargadas: 38946
[13:25:27]     • Causas simplificadas (usadas para el cruce): 104583
[13:25:27]   PROCESO:
[13:25:27]     • Pagos rechazados sigemi: 12952
[13:25:27]     • Pagos rechazados juzgado: 1627
[13:25:27]   SALIDA:
[13:25:27]     • Pagos desactualizados procesados: 24
[13:25:27]     • Archivo final: backend/descargas/pagos/PAGOS 20260717 132444.txt
[13:25:27]     • Ordenados por fecha: SÍ ✓
[13:25:27]     • Todos con ACTA_NUMERO: SÍ ✓
[13:25:27]     • Todos con CAUSA_NUMERO: SÍ ✓
[13:25:27] ✅ TXT de pagos (ya cruzado con actas y causas) generado en: backend/descargas/pagos/PAGOS 20260717 132444.txt
[13:25:27] 🧹 TXT de pagos crudo eliminado (ya usado en el cruce): backend/descargas/pagos/PAGOS DESCARGADOS.txt
[13:25:27] 🧹 Excel MULTAS_SIGEMI_CRUCE eliminado (ya usado en el cruce): backend/descargas/cache_actas_cruce/MULTAS_SIGEMI_CRUCE.xlsx
[13:25:27] 🧹 Excel MULTAS_JUZGADO_CRUCE eliminado (ya usado en el cruce): backend/descargas/cache_actas_cruce/MULTAS_JUZGADO_CRUCE.xlsx
[13:25:27] ✅ CompararActasPaso finalizado.
[13:25:27] ✓ [CompararActasPaso] Completado.
[13:25:27] === Ejecución finalizada con éxito ===
