[12:12:41] === Inicio de ejecución: pagos ===
[12:12:42] ==================================================
[12:12:42] 🚀 PASO: LoginSEMyTPaso
[12:12:42] ==================================================
[12:12:42] Abriendo SEMyT...
[12:12:54] ✅ [SEMyT] Sesión existente detectada. Login omitido.
[12:12:54] ✅ LoginSEMyTPaso finalizado. (⏱ 12.6s)
[12:12:54] ==================================================
[12:12:54] 🚀 PASO: LoginSIGIPaso
[12:12:54] ==================================================
[12:12:54] Abriendo sitio municipalidad (CiDi)...
[12:12:55] ✅ [SIGI] Sesión existente detectada. Login omitido.
[12:12:55] ✅ LoginSIGIPaso finalizado. (⏱ 0.7s)
[12:12:55] ==================================================
[12:12:55] 🚀 PASO: DescargasParalelasPaso
[12:12:55] ==================================================
[12:12:55] 📤 Arrancando las 3 descargas en paralelo (mismo browser, páginas separadas)...
[12:12:55] Fecha Desde: 27/06/2024
[12:12:55] Fecha Hasta: 24/11/2025
[12:12:55] Fecha Desde: 25/11/2025
[12:12:55] Fecha Hasta: 07/08/2026
[12:12:55] Descargando Excel...
[12:12:55] Descargando Excel...
[12:13:15] Archivo descargado en: datos/descargas/cache_actas_cruce/MULTAS_SIGI_CRUCE.xlsx
[12:13:16] ⏱ [actas_sigi] completado en 21.0s
[12:13:34] Archivo descargado en: datos/descargas/cache_actas_cruce/MULTAS_SIGEMI_CRUCE.xlsx
[12:13:37] ⏱ [actas_sigemi] completado en 41.8s
[12:13:37] ✅ TXT de pagos descargado en: datos/descargas/pagos/2026-08-07/ALL PAGOS DESCARGADOS.txt
[12:13:37] ⏱ [pagos_txt] completado en 41.8s
[12:13:37] ⏱ TOTAL descargas en paralelo: 41.8s
[12:13:37] ✅ DescargasParalelasPaso finalizado. (⏱ 42.1s)
[12:13:37] ==================================================
[12:13:37] 🚀 PASO: CompararActasPaso
[12:13:37] ==================================================
[12:13:37] 🔍 Comparando actas del SEMyT contra pagos del SIGI...
[12:13:37] ================================================================================
[12:13:37] INICIANDO PROCESO DE GENERACIÓN DE PAGOS DESACTUALIZADOS
[12:13:37] ================================================================================
[12:13:37] 📂 Cargando archivos...
[12:13:37]   ✓ Pagos: 20742 registros
[12:13:40]   ✓ Excel SIGEMI (multas vencidas viejas): 101474 registros
[12:13:42]   ✓ Excel SIGI (multas vencidas nuevas): 41435 registros
[12:13:42] ================================================================================
[12:13:42] PASO 1: LLENANDO ACTA_NUMERO (búsqueda por patente + fecha, con desempate por hora)
[12:13:42] ================================================================================
[12:13:44] 📊 ESTADÍSTICAS DE LLENADO DE ACTAS:
[12:13:44]   • Pagos con acta ORIGINAL: 5297
[12:13:44]   • Pagos SIN acta (buscados): 15445
[12:13:44]   • Pagos LLENADOS exitosamente: 0
[12:13:44]   • Pagos NO encontrados en multas: 15445
[12:13:44]   • Pagos SIN RESOLVER por desbalance de cantidades: 0
[12:13:44] ================================================================================
[12:13:44] PASO 1: LLENANDO ACTA_NUMERO (búsqueda por patente + fecha, con desempate por hora)
[12:13:44] ================================================================================
[12:13:46] 📊 ESTADÍSTICAS DE LLENADO DE ACTAS:
[12:13:46]   • Pagos con acta ORIGINAL: 5297
[12:13:46]   • Pagos SIN acta (buscados): 15445
[12:13:46]   • Pagos LLENADOS exitosamente: 0
[12:13:46]   • Pagos NO encontrados en multas: 15445
[12:13:46]   • Pagos SIN RESOLVER por desbalance de cantidades: 0
[12:13:46] ⏱ PASO 1 (llenar actas): 4.3s
[12:13:46] ================================================================================
[12:13:46] PASO 2: FILTRANDO PAGOS CON ACTA_NUMERO COMPLETO
[12:13:46] ================================================================================
[12:13:46] 📊 ESTADÍSTICAS DE FILTRADO:
[12:13:46]   • Pagos TOTALES al inicio: 20742
[12:13:46]   • Pagos CON acta (MANTIENEN): 5297
[12:13:46]   • Pagos RECHAZADOS (sin coincidencias): 15445
[12:13:46] ⚠️  Se eliminaron 15445 registros sin número de acta
[12:13:46]      (recordá: esto incluye tanto pagos ya actualizados/pagados
[12:13:46]       como pagos que quedaron sin resolver por desbalance en el Paso 1)
[12:13:46] ================================================================================
[12:13:46] PASO 2-bis: CONFIRMANDO VIGENCIA DE PAGOS (sistema NUEVO contra MULTAS_SIGI_CRUCE, sistema VIEJO contra SIGEMI)
[12:13:46] ================================================================================
[12:13:46]   ⚠ 5282 pago(s) descartados: su acta ya no figura como vencida en MULTAS_SIGI_CRUCE (SEMyT ya los actualizó).
[12:13:46]   ⚠ 14 pago(s) descartados: su acta ya no figura como vencida en el Excel de SIGEMI (SEMyT ya los actualizó).
[12:13:46]   • Pagos descartados en total por ya estar actualizados/pagados: 5296
[12:13:46] ⏱ PASO 2 (filtrar): 0.5s
[12:13:46] 📂 Cargando maestro de causas SIGEMI...
[12:13:46]   ✓ Causas totales (maestro): 134069 registros
[12:13:46] ================================================================================
[12:13:46] PASO 2.5: ARMANDO causas.txt SIMPLIFICADO (cruce contra total_causas_sigemi.txt)
[12:13:46] ================================================================================
[12:13:47]   • Actas vencidas viejas (multas): 101474
[12:13:47]   • Causas totales en el maestro SIGEMI: 134069
[12:13:47]   • Causas que coinciden (simplificado): 101160
[12:13:47]   ✅ Archivo escrito: datos/descargas/causas/causas.txt
[12:13:47] ⏱ PASO 2.5 (causas simplificado): 0.5s
[12:13:47] ================================================================================
[12:13:47] PASO 3: LLENANDO CAUSA_NUMERO (según fecha de cambio de sistema, cruzando por acta + año)
[12:13:47] ================================================================================
[12:13:47] 📊 ESTADÍSTICAS DE LLENADO DE CAUSAS:
[12:13:47]   • Pagos con causa ORIGINAL: 1
[12:13:47]   • Causas encontradas en SIGEMI (actas viejas): 0
[12:13:47]   • Causas NO encontradas en SIGEMI: 0
[12:13:47]   • Causas asignadas automáticamente (actas nuevas): 0
[12:13:47] ⏱ PASO 3 (llenar causas): 0.0s
[12:13:47] ================================================================================
[12:13:47] PASO 4: ORDENANDO POR FECHA Y ACTA_NUMERO
[12:13:47] ================================================================================
[12:13:47] ✓ Pagos ordenados correctamente
[12:13:47]   • Primera entrada: Acta=292790, Fecha=10/04/2026
[12:13:47]   • Última entrada: Acta=292790, Fecha=10/04/2026
[12:13:47] 📝 Escribiendo archivo de salida...
[12:13:47]   ✅ Archivo escrito: datos/descargas/pagos/2026-08-07/PAGOS 20260807 121337.txt
[12:13:47]   ✅ Total registros: 260
[12:13:47] ⏱ PASO 4 (ordenar y escribir): 0.0s
[12:13:47] ================================================================================
[12:13:47] ✅ PROCESO COMPLETADO EXITOSAMENTE
[12:13:47] ================================================================================
[12:13:47] 📊 RESUMEN FINAL DEL PROCESAMIENTO:
[12:13:47]   ENTRADA:
[12:13:47]     • Pagos originales: 20742
[12:13:47]     • Multas SIGEMI cargadas: 101474
[12:13:47]     • Multas SIGI cargadas: 41435
[12:13:47]     • Causas simplificadas (usadas para el cruce): 101160
[12:13:47]   PROCESO:
[12:13:47]     • Pagos rechazados sigemi: 15445
[12:13:47]     • Pagos rechazados sigi: 5296
[12:13:47]   SALIDA:
[12:13:47]     • Pagos desactualizados procesados: 1
[12:13:47]     • Archivo final: datos/descargas/pagos/2026-08-07/PAGOS 20260807 121337.txt
[12:13:47]     • Ordenados por fecha: SÍ ✓
[12:13:47]     • Todos con ACTA_NUMERO: SÍ ✓
[12:13:47]     • Todos con CAUSA_NUMERO: SÍ ✓
[12:13:47] ✅ TXT de pagos (ya cruzado con actas y causas) generado en: datos/descargas/pagos/2026-08-07/PAGOS 20260807 121337.txt
[12:13:47] 🧹 TXT de pagos crudo eliminado (ya usado en el cruce): datos/descargas/pagos/2026-08-07/ALL PAGOS DESCARGADOS.txt
[12:13:47] 🧹 Excel MULTAS_SIGEMI_CRUCE eliminado (ya usado en el cruce): datos/descargas/cache_actas_cruce/MULTAS_SIGEMI_CRUCE.xlsx
[12:13:47] 🧹 Excel MULTAS_SIGI_CRUCE eliminado (ya usado en el cruce): datos/descargas/cache_actas_cruce/MULTAS_SIGI_CRUCE.xlsx
[12:13:47] ✅ CompararActasPaso finalizado. (⏱ 10.0s)
[12:13:47] ==================================================
[12:13:47] 🚀 PASO: CargarPagosPaso
[12:13:47] ==================================================
[12:13:47] 📤 Subiendo TXT de pagos al SEMyT...
[12:13:49] ✅ Importación de pagos completada con éxito.
[12:13:49] ✅ Archivo TXT de pagos cargado en el SEMyT correctamente.
[12:13:49] ✅ CargarPagosPaso finalizado. (⏱ 2.0s)
[12:13:49] === Ejecución finalizada con éxito ===
