[09:05:39] === Inicio de ejecución: pagos ===
[09:05:40] ==================================================
[09:05:40] 🚀 PASO: LoginSEMyTPaso
[09:05:40] ==================================================
[09:05:40] Abriendo SEMyT...
[09:05:56] ✅ [SEMyT] Sesión existente detectada. Login omitido.
[09:05:56] ✅ LoginSEMyTPaso finalizado. (⏱ 15.8s)
[09:05:56] ==================================================
[09:05:56] 🚀 PASO: LoginSIGIPaso
[09:05:56] ==================================================
[09:05:56] Abriendo sitio municipalidad (CiDi)...
[09:05:56] ✅ [SIGI] Sesión existente detectada. Login omitido.
[09:05:56] ✅ LoginSIGIPaso finalizado. (⏱ 0.6s)
[09:05:56] ==================================================
[09:05:56] 🚀 PASO: DescargasParalelasPaso
[09:05:56] ==================================================
[09:05:57] 📤 Arrancando las 3 descargas en paralelo (mismo browser, páginas separadas)...
[09:05:57] Fecha Desde: 27/06/2024
[09:05:57] Fecha Hasta: 24/11/2025
[09:05:57] Fecha Desde: 25/11/2025
[09:05:57] Fecha Hasta: 07/08/2026
[09:05:57] Descargando Excel...
[09:05:57] Descargando Excel...
[09:06:20] Archivo descargado en: datos/descargas/cache_actas_cruce/MULTAS_SIGI_CRUCE.xlsx
[09:06:21] ⏱ [actas_sigi] completado en 24.9s
[09:06:48] ✅ TXT de pagos descargado en: datos/descargas/pagos/2026-08-07/ALL PAGOS DESCARGADOS.txt
[09:06:48] ⏱ [pagos_txt] completado en 51.1s
[09:06:53] Archivo descargado en: datos/descargas/cache_actas_cruce/MULTAS_SIGEMI_CRUCE.xlsx
[09:06:56] ⏱ [actas_sigemi] completado en 59.5s
[09:06:56] ⏱ TOTAL descargas en paralelo: 59.5s
[09:06:56] ✅ DescargasParalelasPaso finalizado. (⏱ 59.8s)
[09:06:56] ==================================================
[09:06:56] 🚀 PASO: CompararActasPaso
[09:06:56] ==================================================
[09:06:56] 🔍 Comparando actas del SEMyT contra pagos del SIGI...
[09:06:56] ================================================================================
[09:06:56] INICIANDO PROCESO DE GENERACIÓN DE PAGOS DESACTUALIZADOS
[09:06:56] ================================================================================
[09:06:56] 📂 Cargando archivos...
[09:06:56]   ✓ Pagos: 20678 registros
[09:06:59]   ✓ Excel SIGEMI (multas vencidas viejas): 101512 registros
[09:07:01]   ✓ Excel SIGI (multas vencidas nuevas): 41469 registros
[09:07:01] ================================================================================
[09:07:01] PASO 1: LLENANDO ACTA_NUMERO (búsqueda por patente + fecha, con desempate por hora)
[09:07:01] ================================================================================
[09:07:03] 📊 ESTADÍSTICAS DE LLENADO DE ACTAS:
[09:07:03]   • Pagos con acta ORIGINAL: 5264
[09:07:03]   • Pagos SIN acta (buscados): 15414
[09:07:03]   • Pagos LLENADOS exitosamente: 1
[09:07:03]   • Pagos NO encontrados en multas: 15413
[09:07:03]   • Pagos SIN RESOLVER por desbalance de cantidades: 0
[09:07:03] ================================================================================
[09:07:03] PASO 1: LLENANDO ACTA_NUMERO (búsqueda por patente + fecha, con desempate por hora)
[09:07:03] ================================================================================
[09:07:04] 📊 ESTADÍSTICAS DE LLENADO DE ACTAS:
[09:07:04]   • Pagos con acta ORIGINAL: 5265
[09:07:04]   • Pagos SIN acta (buscados): 15413
[09:07:04]   • Pagos LLENADOS exitosamente: 0
[09:07:04]   • Pagos NO encontrados en multas: 15413
[09:07:04]   • Pagos SIN RESOLVER por desbalance de cantidades: 0
[09:07:04] ⏱ PASO 1 (llenar actas): 3.8s
[09:07:04] ================================================================================
[09:07:04] PASO 2: FILTRANDO PAGOS CON ACTA_NUMERO COMPLETO
[09:07:04] ================================================================================
[09:07:04] 📊 ESTADÍSTICAS DE FILTRADO:
[09:07:04]   • Pagos TOTALES al inicio: 20678
[09:07:04]   • Pagos CON acta (MANTIENEN): 5265
[09:07:04]   • Pagos RECHAZADOS (sin coincidencias): 15413
[09:07:04] ⚠️  Se eliminaron 15413 registros sin número de acta
[09:07:04]      (recordá: esto incluye tanto pagos ya actualizados/pagados
[09:07:04]       como pagos que quedaron sin resolver por desbalance en el Paso 1)
[09:07:04] ================================================================================
[09:07:04] PASO 2-bis: CONFIRMANDO VIGENCIA DE PAGOS (sistema NUEVO contra MULTAS_SIGI_CRUCE, sistema VIEJO contra SIGEMI)
[09:07:04] ================================================================================
[09:07:05]   ⚠ 5250 pago(s) descartados: su acta ya no figura como vencida en MULTAS_SIGI_CRUCE (SEMyT ya los actualizó).
[09:07:05]   ⚠ 14 pago(s) descartados: su acta ya no figura como vencida en el Excel de SIGEMI (SEMyT ya los actualizó).
[09:07:05]   • Pagos descartados en total por ya estar actualizados/pagados: 5264
[09:07:05] ⏱ PASO 2 (filtrar): 0.5s
[09:07:05] 📂 Cargando maestro de causas SIGEMI...
[09:07:05]   ✓ Causas totales (maestro): 134069 registros
[09:07:05] ================================================================================
[09:07:05] PASO 2.5: ARMANDO causas.txt SIMPLIFICADO (cruce contra total_causas_sigemi.txt)
[09:07:05] ================================================================================
[09:07:05]   • Actas vencidas viejas (multas): 101512
[09:07:05]   • Causas totales en el maestro SIGEMI: 134069
[09:07:05]   • Causas que coinciden (simplificado): 101198
[09:07:05]   ✅ Archivo escrito: datos/descargas/causas/causas.txt
[09:07:05] ⏱ PASO 2.5 (causas simplificado): 0.4s
[09:07:05] ================================================================================
[09:07:05] PASO 3: LLENANDO CAUSA_NUMERO (según fecha de cambio de sistema, cruzando por acta + año)
[09:07:05] ================================================================================
[09:07:05] 📊 ESTADÍSTICAS DE LLENADO DE CAUSAS:
[09:07:05]   • Pagos con causa ORIGINAL: 0
[09:07:05]   • Causas encontradas en SIGEMI (actas viejas): 1
[09:07:05]   • Causas NO encontradas en SIGEMI: 0
[09:07:05]   • Causas asignadas automáticamente (actas nuevas): 0
[09:07:05] ⏱ PASO 3 (llenar causas): 0.0s
[09:07:05] ================================================================================
[09:07:05] PASO 4: ORDENANDO POR FECHA Y ACTA_NUMERO
[09:07:05] ================================================================================
[09:07:05] ✓ Pagos ordenados correctamente
[09:07:05]   • Primera entrada: Acta=163100, Fecha=10/06/2025
[09:07:05]   • Última entrada: Acta=163100, Fecha=10/06/2025
[09:07:05] 📝 Escribiendo archivo de salida...
[09:07:05]   ✅ Archivo escrito: datos/descargas/pagos/2026-08-07/PAGOS 20260807 090656.txt
[09:07:05]   ✅ Total registros: 263
[09:07:05] ⏱ PASO 4 (ordenar y escribir): 0.0s
[09:07:05] ================================================================================
[09:07:05] ✅ PROCESO COMPLETADO EXITOSAMENTE
[09:07:05] ================================================================================
[09:07:05] 📊 RESUMEN FINAL DEL PROCESAMIENTO:
[09:07:05]   ENTRADA:
[09:07:05]     • Pagos originales: 20678
[09:07:05]     • Multas SIGEMI cargadas: 101512
[09:07:05]     • Multas SIGI cargadas: 41469
[09:07:05]     • Causas simplificadas (usadas para el cruce): 101198
[09:07:05]   PROCESO:
[09:07:05]     • Pagos rechazados sigemi: 15413
[09:07:05]     • Pagos rechazados sigi: 5264
[09:07:05]   SALIDA:
[09:07:05]     • Pagos desactualizados procesados: 1
[09:07:05]     • Archivo final: datos/descargas/pagos/2026-08-07/PAGOS 20260807 090656.txt
[09:07:05]     • Ordenados por fecha: SÍ ✓
[09:07:05]     • Todos con ACTA_NUMERO: SÍ ✓
[09:07:05]     • Todos con CAUSA_NUMERO: SÍ ✓
[09:07:05] ✅ TXT de pagos (ya cruzado con actas y causas) generado en: datos/descargas/pagos/2026-08-07/PAGOS 20260807 090656.txt
[09:07:05] 🧹 TXT de pagos crudo eliminado (ya usado en el cruce): datos/descargas/pagos/2026-08-07/ALL PAGOS DESCARGADOS.txt
[09:07:05] 🧹 Excel MULTAS_SIGEMI_CRUCE eliminado (ya usado en el cruce): datos/descargas/cache_actas_cruce/MULTAS_SIGEMI_CRUCE.xlsx
[09:07:05] 🧹 Excel MULTAS_SIGI_CRUCE eliminado (ya usado en el cruce): datos/descargas/cache_actas_cruce/MULTAS_SIGI_CRUCE.xlsx
[09:07:05] ✅ CompararActasPaso finalizado. (⏱ 9.3s)
[09:07:05] ==================================================
[09:07:05] 🚀 PASO: CargarPagosPaso
[09:07:05] ==================================================
[09:07:05] 📤 Subiendo TXT de pagos al SEMyT...
[09:07:07] ✅ Importación de pagos completada con éxito.
[09:07:08] ✅ Archivo TXT de pagos cargado en el SEMyT correctamente.
[09:07:08] ✅ CargarPagosPaso finalizado. (⏱ 2.2s)
[09:07:08] === Ejecución finalizada con éxito ===
