[10:04:53] === Inicio de ejecución: pagos ===
[10:04:54] ==================================================
[10:04:54] 🚀 PASO: LoginSEMyTPaso
[10:04:54] ==================================================
[10:04:54] Abriendo SEMyT...
[10:05:13] ✅ [SEMyT] Sesión existente detectada. Login omitido.
[10:05:14] ✅ LoginSEMyTPaso finalizado. (⏱ 19.5s)
[10:05:14] ==================================================
[10:05:14] 🚀 PASO: LoginSIGIPaso
[10:05:14] ==================================================
[10:05:14] Abriendo sitio municipalidad (CiDi)...
[10:05:14] ✅ [SIGI] Sesión existente detectada. Login omitido.
[10:05:14] ✅ LoginSIGIPaso finalizado. (⏱ 0.6s)
[10:05:14] ==================================================
[10:05:14] 🚀 PASO: DescargasParalelasPaso
[10:05:14] ==================================================
[10:05:14] 📤 Arrancando las 3 descargas en paralelo (mismo browser, páginas separadas)...
[10:05:14] Fecha Desde: 27/06/2024
[10:05:14] Fecha Hasta: 24/11/2025
[10:05:14] Fecha Desde: 25/11/2025
[10:05:14] Fecha Hasta: 07/08/2026
[10:05:14] Descargando Excel...
[10:05:15] Descargando Excel...
[10:05:38] Archivo descargado en: datos/descargas/cache_actas_cruce/MULTAS_SIGI_CRUCE.xlsx
[10:05:39] ⏱ [actas_sigi] completado en 24.6s
[10:05:46] ✅ TXT de pagos descargado en: datos/descargas/pagos/2026-08-07/ALL PAGOS DESCARGADOS.txt
[10:05:46] ⏱ [pagos_txt] completado en 31.9s
[10:05:59] Archivo descargado en: datos/descargas/cache_actas_cruce/MULTAS_SIGEMI_CRUCE.xlsx
[10:06:03] ⏱ [actas_sigemi] completado en 48.1s
[10:06:03] ⏱ TOTAL descargas en paralelo: 48.1s
[10:06:03] ✅ DescargasParalelasPaso finalizado. (⏱ 48.4s)
[10:06:03] ==================================================
[10:06:03] 🚀 PASO: CompararActasPaso
[10:06:03] ==================================================
[10:06:03] 🔍 Comparando actas del SEMyT contra pagos del SIGI...
[10:06:03] ================================================================================
[10:06:03] INICIANDO PROCESO DE GENERACIÓN DE PAGOS DESACTUALIZADOS
[10:06:03] ================================================================================
[10:06:03] 📂 Cargando archivos...
[10:06:03]   ✓ Pagos: 20710 registros
[10:06:06]   ✓ Excel SIGEMI (multas vencidas viejas): 101504 registros
[10:06:07]   ✓ Excel SIGI (multas vencidas nuevas): 41446 registros
[10:06:08] ================================================================================
[10:06:08] PASO 1: LLENANDO ACTA_NUMERO (búsqueda por patente + fecha, con desempate por hora)
[10:06:08] ================================================================================
[10:06:09] 📊 ESTADÍSTICAS DE LLENADO DE ACTAS:
[10:06:09]   • Pagos con acta ORIGINAL: 5289
[10:06:09]   • Pagos SIN acta (buscados): 15421
[10:06:09]   • Pagos LLENADOS exitosamente: 0
[10:06:09]   • Pagos NO encontrados en multas: 15421
[10:06:09]   • Pagos SIN RESOLVER por desbalance de cantidades: 0
[10:06:09] ================================================================================
[10:06:09] PASO 1: LLENANDO ACTA_NUMERO (búsqueda por patente + fecha, con desempate por hora)
[10:06:09] ================================================================================
[10:06:11] 📊 ESTADÍSTICAS DE LLENADO DE ACTAS:
[10:06:11]   • Pagos con acta ORIGINAL: 5289
[10:06:11]   • Pagos SIN acta (buscados): 15421
[10:06:11]   • Pagos LLENADOS exitosamente: 0
[10:06:11]   • Pagos NO encontrados en multas: 15421
[10:06:11]   • Pagos SIN RESOLVER por desbalance de cantidades: 0
[10:06:11] ⏱ PASO 1 (llenar actas): 3.9s
[10:06:11] ================================================================================
[10:06:11] PASO 2: FILTRANDO PAGOS CON ACTA_NUMERO COMPLETO
[10:06:11] ================================================================================
[10:06:11] 📊 ESTADÍSTICAS DE FILTRADO:
[10:06:11]   • Pagos TOTALES al inicio: 20710
[10:06:11]   • Pagos CON acta (MANTIENEN): 5289
[10:06:11]   • Pagos RECHAZADOS (sin coincidencias): 15421
[10:06:11] ⚠️  Se eliminaron 15421 registros sin número de acta
[10:06:11]      (recordá: esto incluye tanto pagos ya actualizados/pagados
[10:06:11]       como pagos que quedaron sin resolver por desbalance en el Paso 1)
[10:06:11] ================================================================================
[10:06:11] PASO 2-bis: CONFIRMANDO VIGENCIA DE PAGOS (sistema NUEVO contra MULTAS_SIGI_CRUCE, sistema VIEJO contra SIGEMI)
[10:06:11] ================================================================================
[10:06:11]   ⚠ 5273 pago(s) descartados: su acta ya no figura como vencida en MULTAS_SIGI_CRUCE (SEMyT ya los actualizó).
[10:06:11]   ⚠ 14 pago(s) descartados: su acta ya no figura como vencida en el Excel de SIGEMI (SEMyT ya los actualizó).
[10:06:11]   • Pagos descartados en total por ya estar actualizados/pagados: 5287
[10:06:11] ⏱ PASO 2 (filtrar): 0.5s
[10:06:11] 📂 Cargando maestro de causas SIGEMI...
[10:06:11]   ✓ Causas totales (maestro): 134069 registros
[10:06:11] ================================================================================
[10:06:11] PASO 2.5: ARMANDO causas.txt SIMPLIFICADO (cruce contra total_causas_sigemi.txt)
[10:06:11] ================================================================================
[10:06:12]   • Actas vencidas viejas (multas): 101504
[10:06:12]   • Causas totales en el maestro SIGEMI: 134069
[10:06:12]   • Causas que coinciden (simplificado): 101190
[10:06:12]   ✅ Archivo escrito: datos/descargas/causas/causas.txt
[10:06:12] ⏱ PASO 2.5 (causas simplificado): 0.4s
[10:06:12] ================================================================================
[10:06:12] PASO 3: LLENANDO CAUSA_NUMERO (según fecha de cambio de sistema, cruzando por acta + año)
[10:06:12] ================================================================================
[10:06:12] 📊 ESTADÍSTICAS DE LLENADO DE CAUSAS:
[10:06:12]   • Pagos con causa ORIGINAL: 2
[10:06:12]   • Causas encontradas en SIGEMI (actas viejas): 0
[10:06:12]   • Causas NO encontradas en SIGEMI: 0
[10:06:12]   • Causas asignadas automáticamente (actas nuevas): 0
[10:06:12] ⏱ PASO 3 (llenar causas): 0.0s
[10:06:12] ================================================================================
[10:06:12] PASO 4: ORDENANDO POR FECHA Y ACTA_NUMERO
[10:06:12] ================================================================================
[10:06:12] ✓ Pagos ordenados correctamente
[10:06:12]   • Primera entrada: Acta=301740, Fecha=24/04/2026
[10:06:12]   • Última entrada: Acta=317906, Fecha=20/05/2026
[10:06:12] 📝 Escribiendo archivo de salida...
[10:06:12]   ✅ Archivo escrito: datos/descargas/pagos/2026-08-07/PAGOS 20260807 100603.txt
[10:06:12]   ✅ Total registros: 370
[10:06:12] ⏱ PASO 4 (ordenar y escribir): 0.0s
[10:06:12] ================================================================================
[10:06:12] ✅ PROCESO COMPLETADO EXITOSAMENTE
[10:06:12] ================================================================================
[10:06:12] 📊 RESUMEN FINAL DEL PROCESAMIENTO:
[10:06:12]   ENTRADA:
[10:06:12]     • Pagos originales: 20710
[10:06:12]     • Multas SIGEMI cargadas: 101504
[10:06:12]     • Multas SIGI cargadas: 41446
[10:06:12]     • Causas simplificadas (usadas para el cruce): 101190
[10:06:12]   PROCESO:
[10:06:12]     • Pagos rechazados sigemi: 15421
[10:06:12]     • Pagos rechazados sigi: 5287
[10:06:12]   SALIDA:
[10:06:12]     • Pagos desactualizados procesados: 2
[10:06:12]     • Archivo final: datos/descargas/pagos/2026-08-07/PAGOS 20260807 100603.txt
[10:06:12]     • Ordenados por fecha: SÍ ✓
[10:06:12]     • Todos con ACTA_NUMERO: SÍ ✓
[10:06:12]     • Todos con CAUSA_NUMERO: SÍ ✓
[10:06:12] ✅ TXT de pagos (ya cruzado con actas y causas) generado en: datos/descargas/pagos/2026-08-07/PAGOS 20260807 100603.txt
[10:06:12] 🧹 TXT de pagos crudo eliminado (ya usado en el cruce): datos/descargas/pagos/2026-08-07/ALL PAGOS DESCARGADOS.txt
[10:06:12] 🧹 Excel MULTAS_SIGEMI_CRUCE eliminado (ya usado en el cruce): datos/descargas/cache_actas_cruce/MULTAS_SIGEMI_CRUCE.xlsx
[10:06:12] 🧹 Excel MULTAS_SIGI_CRUCE eliminado (ya usado en el cruce): datos/descargas/cache_actas_cruce/MULTAS_SIGI_CRUCE.xlsx
[10:06:12] ✅ CompararActasPaso finalizado. (⏱ 9.3s)
[10:06:12] ==================================================
[10:06:12] 🚀 PASO: CargarPagosPaso
[10:06:12] ==================================================
[10:06:12] 📤 Subiendo TXT de pagos al SEMyT...
[10:06:13] ✅ Importación de pagos completada con éxito.
[10:06:14] ✅ Archivo TXT de pagos cargado en el SEMyT correctamente.
[10:06:14] ✅ CargarPagosPaso finalizado. (⏱ 2.0s)
[10:06:14] === Ejecución finalizada con éxito ===
