
╔══════════════════════════════════════════════════╗
║   Panel de Automatización — Juzgado de Faltas    ║
║   Municipalidad de Villa María                   ║
╚══════════════════════════════════════════════════╝
🧰 Modo servicio (sin panel interactivo).

╔══════════════════════════════════════════════════╗
║   Panel de Automatización — Juzgado de Faltas    ║
║   Municipalidad de Villa María                   ║
╚══════════════════════════════════════════════════╝
🧰 Modo servicio (sin panel interactivo).

╔══════════════════════════════════════════════════╗
║   Panel de Automatización — Juzgado de Faltas    ║
║   Municipalidad de Villa María                   ║
╚══════════════════════════════════════════════════╝
🧰 Modo servicio (sin panel interactivo).

╔══════════════════════════════════════════════════╗
║   Panel de Automatización — Juzgado de Faltas    ║
║   Municipalidad de Villa María                   ║
╚══════════════════════════════════════════════════╝
🧰 Modo servicio (sin panel interactivo).

╔══════════════════════════════════════════════════╗
║   Panel de Automatización — Juzgado de Faltas    ║
║   SIGI - Municipalidad de Villa María            ║
╚══════════════════════════════════════════════════╝
🧰 Modo servicio (sin panel interactivo).

╔══════════════════════════════════════════════════╗
║   Panel de Automatización — Juzgado de Faltas    ║
║   SIGI - Municipalidad de Villa María            ║
╚══════════════════════════════════════════════════╝
🧰 Modo servicio (sin panel interactivo).

╔══════════════════════════════════════════════════╗
║   Panel de Automatización — Juzgado de Faltas    ║
║   SIGI - Municipalidad de Villa María            ║
╚══════════════════════════════════════════════════╝
🧰 Modo servicio (sin panel interactivo).

╔══════════════════════════════════════════════════╗
║   Panel de Automatización — Juzgado de Faltas    ║
║   SIGI - Municipalidad de Villa María            ║
╚══════════════════════════════════════════════════╝
🧰 Modo servicio (sin panel interactivo).
