[00:08:45] 🤖 [Automático] Es hora de actualizar pagos. Arrancando...
[00:09:00] ⏳ [Automático] Tocaba disparar 'pagos' pero ya hay una ejecución en curso (Actualizar pagos); esperando a que termine; se reintenta en breve sin perder el turno.
[00:20:45] 🤖 [Automático] Es hora de actualizar pagos. Arrancando...
[00:21:00] ⏳ [Automático] Tocaba disparar 'pagos' pero ya hay una ejecución en curso (Actualizar pagos); esperando a que termine; se reintenta en breve sin perder el turno.
[00:31:45] 🤖 [Automático] Es hora de actualizar pagos. Arrancando...
[00:32:00] ⏳ [Automático] Tocaba disparar 'pagos' pero ya hay una ejecución en curso (Actualizar pagos); esperando a que termine; se reintenta en breve sin perder el turno.
[00:42:30] 🤖 [Automático] Es hora de actualizar pagos. Arrancando...
[00:42:45] ⏳ [Automático] Tocaba disparar 'pagos' pero ya hay una ejecución en curso (Actualizar pagos); esperando a que termine; se reintenta en breve sin perder el turno.
[00:53:30] 🤖 [Automático] Es hora de actualizar pagos. Arrancando...
[00:53:45] ⏳ [Automático] Tocaba disparar 'pagos' pero ya hay una ejecución en curso (Actualizar pagos); esperando a que termine; se reintenta en breve sin perder el turno.
[01:04:31] 🤖 [Automático] Es hora de actualizar pagos. Arrancando...
[01:04:46] ⏳ [Automático] Tocaba disparar 'pagos' pero ya hay una ejecución en curso (Actualizar pagos); esperando a que termine; se reintenta en breve sin perder el turno.
[01:15:31] 🤖 [Automático] Es hora de actualizar pagos. Arrancando...
[01:15:46] ⏳ [Automático] Tocaba disparar 'pagos' pero ya hay una ejecución en curso (Actualizar pagos); esperando a que termine; se reintenta en breve sin perder el turno.
[01:26:31] 🤖 [Automático] Es hora de actualizar pagos. Arrancando...
[01:26:46] ⏳ [Automático] Tocaba disparar 'pagos' pero ya hay una ejecución en curso (Actualizar pagos); esperando a que termine; se reintenta en breve sin perder el turno.
[01:37:16] 🤖 [Automático] Es hora de actualizar pagos. Arrancando...
[01:37:31] ⏳ [Automático] Tocaba disparar 'pagos' pero ya hay una ejecución en curso (Actualizar pagos); esperando a que termine; se reintenta en breve sin perder el turno.
[01:48:02] 🤖 [Automático] Es hora de actualizar pagos. Arrancando...
[01:48:17] ⏳ [Automático] Tocaba disparar 'pagos' pero ya hay una ejecución en curso (Actualizar pagos); esperando a que termine; se reintenta en breve sin perder el turno.
[01:59:02] 🤖 [Automático] Es hora de actualizar pagos. Arrancando...
[01:59:17] ⏳ [Automático] Tocaba disparar 'pagos' pero ya hay una ejecución en curso (Actualizar pagos); esperando a que termine; se reintenta en breve sin perder el turno.
[02:10:02] 🤖 [Automático] Es hora de actualizar pagos. Arrancando...
[02:10:17] ⏳ [Automático] Tocaba disparar 'pagos' pero ya hay una ejecución en curso (Actualizar pagos); esperando a que termine; se reintenta en breve sin perder el turno.
[02:21:02] 🤖 [Automático] Es hora de actualizar pagos. Arrancando...
[02:21:17] ⏳ [Automático] Tocaba disparar 'pagos' pero ya hay una ejecución en curso (Actualizar pagos); esperando a que termine; se reintenta en breve sin perder el turno.
[02:32:02] 🤖 [Automático] Es hora de actualizar pagos. Arrancando...
[02:32:17] ⏳ [Automático] Tocaba disparar 'pagos' pero ya hay una ejecución en curso (Actualizar pagos); esperando a que termine; se reintenta en breve sin perder el turno.
[02:42:48] 🤖 [Automático] Es hora de actualizar pagos. Arrancando...
[02:43:03] ⏳ [Automático] Tocaba disparar 'pagos' pero ya hay una ejecución en curso (Actualizar pagos); esperando a que termine; se reintenta en breve sin perder el turno.
[02:53:48] 🤖 [Automático] Es hora de actualizar pagos. Arrancando...
[02:54:03] ⏳ [Automático] Tocaba disparar 'pagos' pero ya hay una ejecución en curso (Actualizar pagos); esperando a que termine; se reintenta en breve sin perder el turno.
[03:04:48] 🤖 [Automático] Es hora de actualizar pagos. Arrancando...
[03:05:03] ⏳ [Automático] Tocaba disparar 'pagos' pero ya hay una ejecución en curso (Actualizar pagos); esperando a que termine; se reintenta en breve sin perder el turno.
[03:15:48] 🤖 [Automático] Es hora de actualizar pagos. Arrancando...
[03:16:03] ⏳ [Automático] Tocaba disparar 'pagos' pero ya hay una ejecución en curso (Actualizar pagos); esperando a que termine; se reintenta en breve sin perder el turno.
[03:26:49] 🤖 [Automático] Es hora de actualizar pagos. Arrancando...
[03:27:04] ⏳ [Automático] Tocaba disparar 'pagos' pero ya hay una ejecución en curso (Actualizar pagos); esperando a que termine; se reintenta en breve sin perder el turno.
[03:37:49] 🤖 [Automático] Es hora de actualizar pagos. Arrancando...
[03:38:04] ⏳ [Automático] Tocaba disparar 'pagos' pero ya hay una ejecución en curso (Actualizar pagos); esperando a que termine; se reintenta en breve sin perder el turno.
[03:48:49] 🤖 [Automático] Es hora de actualizar pagos. Arrancando...
[03:49:04] ⏳ [Automático] Tocaba disparar 'pagos' pero ya hay una ejecución en curso (Actualizar pagos); esperando a que termine; se reintenta en breve sin perder el turno.
[03:59:50] 🤖 [Automático] Es hora de actualizar pagos. Arrancando...
[04:00:05] ⏳ [Automático] Tocaba disparar 'pagos' pero ya hay una ejecución en curso (Actualizar pagos); esperando a que termine; se reintenta en breve sin perder el turno.
[04:11:05] 🤖 [Automático] Es hora de actualizar pagos. Arrancando...
[04:11:20] ⏳ [Automático] Tocaba disparar 'pagos' pero ya hay una ejecución en curso (Actualizar pagos); esperando a que termine; se reintenta en breve sin perder el turno.
[04:22:05] 🤖 [Automático] Es hora de actualizar pagos. Arrancando...
[04:22:20] ⏳ [Automático] Tocaba disparar 'pagos' pero ya hay una ejecución en curso (Actualizar pagos); esperando a que termine; se reintenta en breve sin perder el turno.
[04:32:51] 🤖 [Automático] Es hora de actualizar pagos. Arrancando...
[04:33:06] ⏳ [Automático] Tocaba disparar 'pagos' pero ya hay una ejecución en curso (Actualizar pagos); esperando a que termine; se reintenta en breve sin perder el turno.
[04:43:51] 🤖 [Automático] Es hora de actualizar pagos. Arrancando...
[04:44:06] ⏳ [Automático] Tocaba disparar 'pagos' pero ya hay una ejecución en curso (Actualizar pagos); esperando a que termine; se reintenta en breve sin perder el turno.
[04:54:51] 🤖 [Automático] Es hora de actualizar pagos. Arrancando...
[04:55:06] ⏳ [Automático] Tocaba disparar 'pagos' pero ya hay una ejecución en curso (Actualizar pagos); esperando a que termine; se reintenta en breve sin perder el turno.
[05:05:52] 🤖 [Automático] Es hora de actualizar pagos. Arrancando...
[05:06:07] ⏳ [Automático] Tocaba disparar 'pagos' pero ya hay una ejecución en curso (Actualizar pagos); esperando a que termine; se reintenta en breve sin perder el turno.
[05:16:52] 🤖 [Automático] Es hora de actualizar pagos. Arrancando...
[05:17:07] ⏳ [Automático] Tocaba disparar 'pagos' pero ya hay una ejecución en curso (Actualizar pagos); esperando a que termine; se reintenta en breve sin perder el turno.
[05:27:52] 🤖 [Automático] Es hora de actualizar pagos. Arrancando...
[05:28:07] ⏳ [Automático] Tocaba disparar 'pagos' pero ya hay una ejecución en curso (Actualizar pagos); esperando a que termine; se reintenta en breve sin perder el turno.
[05:38:38] 🤖 [Automático] Es hora de actualizar pagos. Arrancando...
[05:38:53] ⏳ [Automático] Tocaba disparar 'pagos' pero ya hay una ejecución en curso (Actualizar pagos); esperando a que termine; se reintenta en breve sin perder el turno.
[05:49:38] 🤖 [Automático] Es hora de actualizar pagos. Arrancando...
[05:49:53] ⏳ [Automático] Tocaba disparar 'pagos' pero ya hay una ejecución en curso (Actualizar pagos); esperando a que termine; se reintenta en breve sin perder el turno.
[06:00:23] 🤖 [Automático] Es hora de actualizar pagos. Arrancando...
[06:00:38] ⏳ [Automático] Tocaba disparar 'pagos' pero ya hay una ejecución en curso (Actualizar pagos); esperando a que termine; se reintenta en breve sin perder el turno.
[06:11:23] 🤖 [Automático] Es hora de actualizar pagos. Arrancando...
[06:11:39] ⏳ [Automático] Tocaba disparar 'pagos' pero ya hay una ejecución en curso (Actualizar pagos); esperando a que termine; se reintenta en breve sin perder el turno.
[06:22:09] 🤖 [Automático] Es hora de actualizar pagos. Arrancando...
[06:22:24] ⏳ [Automático] Tocaba disparar 'pagos' pero ya hay una ejecución en curso (Actualizar pagos); esperando a que termine; se reintenta en breve sin perder el turno.
[06:33:09] 🤖 [Automático] Es hora de actualizar pagos. Arrancando...
[06:33:24] ⏳ [Automático] Tocaba disparar 'pagos' pero ya hay una ejecución en curso (Actualizar pagos); esperando a que termine; se reintenta en breve sin perder el turno.
[06:43:54] 🤖 [Automático] Es hora de actualizar pagos. Arrancando...
[06:44:09] ⏳ [Automático] Tocaba disparar 'pagos' pero ya hay una ejecución en curso (Actualizar pagos); esperando a que termine; se reintenta en breve sin perder el turno.
[06:54:40] 🤖 [Automático] Es hora de actualizar pagos. Arrancando...
[06:54:55] ⏳ [Automático] Tocaba disparar 'pagos' pero ya hay una ejecución en curso (Actualizar pagos); esperando a que termine; se reintenta en breve sin perder el turno.
[07:05:25] 🤖 [Automático] Es hora de actualizar pagos. Arrancando...
[07:05:40] ⏳ [Automático] Tocaba disparar 'pagos' pero ya hay una ejecución en curso (Actualizar pagos); esperando a que termine; se reintenta en breve sin perder el turno.
[07:16:10] 🤖 [Automático] Es hora de actualizar pagos. Arrancando...
[07:16:25] ⏳ [Automático] Tocaba disparar 'pagos' pero ya hay una ejecución en curso (Actualizar pagos); esperando a que termine; se reintenta en breve sin perder el turno.
[07:27:10] 🤖 [Automático] Es hora de actualizar pagos. Arrancando...
[07:27:25] ⏳ [Automático] Tocaba disparar 'pagos' pero ya hay una ejecución en curso (Actualizar pagos); esperando a que termine; se reintenta en breve sin perder el turno.
[07:37:56] 🤖 [Automático] Es hora de actualizar pagos. Arrancando...
[07:38:11] ⏳ [Automático] Tocaba disparar 'pagos' pero ya hay una ejecución en curso (Actualizar pagos); esperando a que termine; se reintenta en breve sin perder el turno.
[07:48:41] 🤖 [Automático] Es hora de actualizar pagos. Arrancando...
[07:48:56] ⏳ [Automático] Tocaba disparar 'pagos' pero ya hay una ejecución en curso (Actualizar pagos); esperando a que termine; se reintenta en breve sin perder el turno.
[07:59:41] 🤖 [Automático] Es hora de actualizar pagos. Arrancando...
[07:59:56] ⏳ [Automático] Tocaba disparar 'pagos' pero ya hay una ejecución en curso (Actualizar pagos); esperando a que termine; se reintenta en breve sin perder el turno.
[08:10:41] 🤖 [Automático] Es hora de actualizar pagos. Arrancando...
[08:10:56] ⏳ [Automático] Tocaba disparar 'pagos' pero ya hay una ejecución en curso (Actualizar pagos); esperando a que termine; se reintenta en breve sin perder el turno.
[08:21:27] 🤖 [Automático] Es hora de actualizar pagos. Arrancando...
[08:21:42] ⏳ [Automático] Tocaba disparar 'pagos' pero ya hay una ejecución en curso (Actualizar pagos); esperando a que termine; se reintenta en breve sin perder el turno.
[08:32:12] 🤖 [Automático] Es hora de actualizar pagos. Arrancando...
[08:32:27] ⏳ [Automático] Tocaba disparar 'pagos' pero ya hay una ejecución en curso (Actualizar pagos); esperando a que termine; se reintenta en breve sin perder el turno.
[08:43:30] 🤖 [Automático] Es hora de actualizar pagos. Arrancando...
[08:43:31] ❌ [Automático] 'pagos' falló (intento 1 de 4). Se reintenta a las 08:48.
[08:53:39] 🤖 [Automático] Es hora de actualizar pagos (reintento 1 de 3). Arrancando...
[08:53:40] ❌ [Automático] 'pagos' falló (intento 2 de 4). Se reintenta a las 09:08.
[09:08:50] 🤖 [Automático] Es hora de actualizar pagos (reintento 2 de 3). Arrancando...
[09:09:05] ⏳ [Automático] Tocaba disparar 'pagos' pero ya hay una ejecución en curso (Actualizar pagos); esperando a que termine; se reintenta en breve sin perder el turno.
[09:09:48] ✅ [Automático] 'pagos' terminó bien en el reintento 2.
[09:19:50] 🤖 [Automático] Es hora de actualizar pagos. Arrancando...
[09:20:05] ⏳ [Automático] Tocaba disparar 'pagos' pero ya hay una ejecución en curso (Actualizar pagos); esperando a que termine; se reintenta en breve sin perder el turno.
[09:21:28] ❌ [Automático] 'pagos' falló (intento 1 de 4). Se reintenta a las 09:26.
[09:26:35] 🤖 [Automático] Es hora de actualizar pagos (reintento 1 de 3). Arrancando...
[09:26:50] ⏳ [Automático] Tocaba disparar 'pagos' pero ya hay una ejecución en curso (Actualizar pagos); esperando a que termine; se reintenta en breve sin perder el turno.
[09:27:39] ❌ [Automático] 'pagos' falló (intento 2 de 4). Se reintenta a las 09:42.
[09:42:51] 🤖 [Automático] Es hora de actualizar pagos (reintento 2 de 3). Arrancando...
[09:43:06] ⏳ [Automático] Tocaba disparar 'pagos' pero ya hay una ejecución en curso (Actualizar pagos); esperando a que termine; se reintenta en breve sin perder el turno.
[09:44:14] ❌ [Automático] 'pagos' falló (intento 3 de 4). Se reintenta a las 10:14.
[10:14:21] 🤖 [Automático] Es hora de actualizar pagos (reintento 3 de 3). Arrancando...
[10:14:36] ⏳ [Automático] Tocaba disparar 'pagos' pero ya hay una ejecución en curso (Actualizar pagos); esperando a que termine; se reintenta en breve sin perder el turno.
[10:15:14] ❌ [Automático] 'pagos' falló 4 veces seguidas (actualizar pagos). Se dejan de reintentar por ahora; revisá el log de esa ejecución para ver el detalle del error. Se retoma en el horario normal.
[10:25:21] 🤖 [Automático] Es hora de actualizar pagos. Arrancando...
[10:25:36] ⏳ [Automático] Tocaba disparar 'pagos' pero ya hay una ejecución en curso (Actualizar pagos); esperando a que termine; se reintenta en breve sin perder el turno.
[10:26:45] ❌ [Automático] 'pagos' falló (intento 1 de 4). Se reintenta a las 10:31.
[10:31:51] 🤖 [Automático] Es hora de actualizar pagos (reintento 1 de 3). Arrancando...
[10:32:06] ⏳ [Automático] Tocaba disparar 'pagos' pero ya hay una ejecución en curso (Actualizar pagos); esperando a que termine; se reintenta en breve sin perder el turno.
[10:32:43] ❌ [Automático] 'pagos' falló (intento 2 de 4). Se reintenta a las 10:47.
[10:47:52] 🤖 [Automático] Es hora de actualizar pagos (reintento 2 de 3). Arrancando...
[10:48:07] ⏳ [Automático] Tocaba disparar 'pagos' pero ya hay una ejecución en curso (Actualizar pagos); esperando a que termine; se reintenta en breve sin perder el turno.
[10:48:58] ❌ [Automático] 'pagos' falló (intento 3 de 4). Se reintenta a las 11:18.
[11:19:03] 🤖 [Automático] Es hora de actualizar pagos (reintento 3 de 3). Arrancando...
[11:19:18] ⏳ [Automático] Tocaba disparar 'pagos' pero ya hay una ejecución en curso (Actualizar pagos); esperando a que termine; se reintenta en breve sin perder el turno.
[11:20:41] ❌ [Automático] 'pagos' falló 4 veces seguidas (actualizar pagos). Se dejan de reintentar por ahora; revisá el log de esa ejecución para ver el detalle del error. Se retoma en el horario normal.
[11:30:48] 🤖 [Automático] Es hora de actualizar pagos. Arrancando...
[11:31:03] ⏳ [Automático] Tocaba disparar 'pagos' pero ya hay una ejecución en curso (Actualizar pagos); esperando a que termine; se reintenta en breve sin perder el turno.
[11:32:11] ❌ [Automático] 'pagos' falló (intento 1 de 4). Se reintenta a las 11:37.
[11:37:19] 🤖 [Automático] Es hora de actualizar pagos (reintento 1 de 3). Arrancando...
[11:37:34] ⏳ [Automático] Tocaba disparar 'pagos' pero ya hay una ejecución en curso (Actualizar pagos); esperando a que termine; se reintenta en breve sin perder el turno.
[11:38:27] ❌ [Automático] 'pagos' falló (intento 2 de 4). Se reintenta a las 11:53.
[11:53:34] 🤖 [Automático] Es hora de actualizar pagos (reintento 2 de 3). Arrancando...
[11:53:49] ⏳ [Automático] Tocaba disparar 'pagos' pero ya hay una ejecución en curso (Actualizar pagos); esperando a que termine; se reintenta en breve sin perder el turno.
[11:54:56] ❌ [Automático] 'pagos' falló (intento 3 de 4). Se reintenta a las 12:24.
[12:25:04] 🤖 [Automático] Es hora de actualizar pagos (reintento 3 de 3). Arrancando...
[12:25:19] ⏳ [Automático] Tocaba disparar 'pagos' pero ya hay una ejecución en curso (Actualizar pagos); esperando a que termine; se reintenta en breve sin perder el turno.
[12:26:33] ❌ [Automático] 'pagos' falló 4 veces seguidas (actualizar pagos). Se dejan de reintentar por ahora; revisá el log de esa ejecución para ver el detalle del error. Se retoma en el horario normal.
[12:36:35] 🤖 [Automático] Es hora de actualizar pagos. Arrancando...
[12:36:35] ❌ [Automático] 'pagos' falló (intento 1 de 4). Se reintenta a las 12:41.
[12:41:50] 🤖 [Automático] Es hora de actualizar pagos (reintento 1 de 3). Arrancando...
[12:41:50] ❌ [Automático] 'pagos' falló (intento 2 de 4). Se reintenta a las 12:56.
[12:43:47] 🤖 Modo automático desactivado. (Si había una ejecución en curso disparada por el automático, no se cancela sola: cancelala desde su propia opción si querés detenerla.)
[12:44:45] 🤖 Modo automático activado.
[12:44:45]    Actualización de pagos: arrancando ya mismo.
[12:44:45]    Actualización diaria de multas vencidas: DESHABILITADA (AUTOMATICO_MULTAS_HABILITADO=False)
[12:44:45] 🤖 [Automático] Es hora de actualizar pagos. Arrancando...
[12:45:00] ⏳ [Automático] Tocaba disparar 'pagos' pero ya hay una ejecución en curso (Actualizar pagos); esperando a que termine; se reintenta en breve sin perder el turno.
[12:56:00] 🤖 [Automático] Es hora de actualizar pagos. Arrancando...
[12:56:15] ⏳ [Automático] Tocaba disparar 'pagos' pero ya hay una ejecución en curso (Actualizar pagos); esperando a que termine; se reintenta en breve sin perder el turno.
[13:07:15] 🤖 [Automático] Es hora de actualizar pagos. Arrancando...
[13:07:30] ⏳ [Automático] Tocaba disparar 'pagos' pero ya hay una ejecución en curso (Actualizar pagos); esperando a que termine; se reintenta en breve sin perder el turno.
[13:19:00] 🤖 [Automático] Es hora de actualizar pagos. Arrancando...
[13:19:15] ⏳ [Automático] Tocaba disparar 'pagos' pero ya hay una ejecución en curso (Actualizar pagos); esperando a que termine; se reintenta en breve sin perder el turno.
[13:30:16] 🤖 [Automático] Es hora de actualizar pagos. Arrancando...
[13:30:31] ⏳ [Automático] Tocaba disparar 'pagos' pero ya hay una ejecución en curso (Actualizar pagos); esperando a que termine; se reintenta en breve sin perder el turno.
[13:42:01] 🤖 [Automático] Es hora de actualizar pagos. Arrancando...
[13:42:02] ❌ [Automático] 'pagos' falló (intento 1 de 4). Se reintenta a las 13:47.
[13:52:15] 🤖 [Automático] Es hora de actualizar pagos (reintento 1 de 3). Arrancando...
[13:52:47] ⏳ [Automático] Tocaba disparar 'pagos' pero ya hay una ejecución en curso (Actualizar pagos); esperando a que termine; se reintenta en breve sin perder el turno.
[13:58:20] ✅ [Automático] 'pagos' terminó bien en el reintento 1.
[14:08:35] 🤖 [Automático] Es hora de actualizar pagos. Arrancando...
[14:08:50] ⏳ [Automático] Tocaba disparar 'pagos' pero ya hay una ejecución en curso (Actualizar pagos); esperando a que termine; se reintenta en breve sin perder el turno.
[14:19:20] 🤖 [Automático] Es hora de actualizar pagos. Arrancando...
[14:19:35] ⏳ [Automático] Tocaba disparar 'pagos' pero ya hay una ejecución en curso (Actualizar pagos); esperando a que termine; se reintenta en breve sin perder el turno.
[14:30:06] 🤖 [Automático] Es hora de actualizar pagos. Arrancando...
[14:30:21] ⏳ [Automático] Tocaba disparar 'pagos' pero ya hay una ejecución en curso (Actualizar pagos); esperando a que termine; se reintenta en breve sin perder el turno.
[14:40:51] 🤖 [Automático] Es hora de actualizar pagos. Arrancando...
[14:41:06] ⏳ [Automático] Tocaba disparar 'pagos' pero ya hay una ejecución en curso (Actualizar pagos); esperando a que termine; se reintenta en breve sin perder el turno.
[14:51:36] 🤖 [Automático] Es hora de actualizar pagos. Arrancando...
[14:51:51] ⏳ [Automático] Tocaba disparar 'pagos' pero ya hay una ejecución en curso (Actualizar pagos); esperando a que termine; se reintenta en breve sin perder el turno.
[15:02:21] 🤖 [Automático] Es hora de actualizar pagos. Arrancando...
[15:02:36] ⏳ [Automático] Tocaba disparar 'pagos' pero ya hay una ejecución en curso (Actualizar pagos); esperando a que termine; se reintenta en breve sin perder el turno.
[15:13:06] 🤖 [Automático] Es hora de actualizar pagos. Arrancando...
[15:13:21] ⏳ [Automático] Tocaba disparar 'pagos' pero ya hay una ejecución en curso (Actualizar pagos); esperando a que termine; se reintenta en breve sin perder el turno.
[15:23:52] 🤖 [Automático] Es hora de actualizar pagos. Arrancando...
[15:24:07] ⏳ [Automático] Tocaba disparar 'pagos' pero ya hay una ejecución en curso (Actualizar pagos); esperando a que termine; se reintenta en breve sin perder el turno.
[15:34:37] 🤖 [Automático] Es hora de actualizar pagos. Arrancando...
[15:34:52] ⏳ [Automático] Tocaba disparar 'pagos' pero ya hay una ejecución en curso (Actualizar pagos); esperando a que termine; se reintenta en breve sin perder el turno.
[15:45:22] 🤖 [Automático] Es hora de actualizar pagos. Arrancando...
[15:45:37] ⏳ [Automático] Tocaba disparar 'pagos' pero ya hay una ejecución en curso (Actualizar pagos); esperando a que termine; se reintenta en breve sin perder el turno.
[15:56:38] 🤖 [Automático] Es hora de actualizar pagos. Arrancando...
[15:56:53] ⏳ [Automático] Tocaba disparar 'pagos' pero ya hay una ejecución en curso (Actualizar pagos); esperando a que termine; se reintenta en breve sin perder el turno.
[16:07:23] 🤖 [Automático] Es hora de actualizar pagos. Arrancando...
[16:07:38] ⏳ [Automático] Tocaba disparar 'pagos' pero ya hay una ejecución en curso (Actualizar pagos); esperando a que termine; se reintenta en breve sin perder el turno.
[16:18:38] 🤖 [Automático] Es hora de actualizar pagos. Arrancando...
[16:18:54] ⏳ [Automático] Tocaba disparar 'pagos' pero ya hay una ejecución en curso (Actualizar pagos); esperando a que termine; se reintenta en breve sin perder el turno.
[16:29:54] 🤖 [Automático] Es hora de actualizar pagos. Arrancando...
[16:30:09] ⏳ [Automático] Tocaba disparar 'pagos' pero ya hay una ejecución en curso (Actualizar pagos); esperando a que termine; se reintenta en breve sin perder el turno.
[16:41:39] 🤖 [Automático] Es hora de actualizar pagos. Arrancando...
[16:41:54] ⏳ [Automático] Tocaba disparar 'pagos' pero ya hay una ejecución en curso (Actualizar pagos); esperando a que termine; se reintenta en breve sin perder el turno.
[16:53:09] 🤖 [Automático] Es hora de actualizar pagos. Arrancando...
[16:53:24] ⏳ [Automático] Tocaba disparar 'pagos' pero ya hay una ejecución en curso (Actualizar pagos); esperando a que termine; se reintenta en breve sin perder el turno.
[17:04:40] 🤖 [Automático] Es hora de actualizar pagos. Arrancando...
[17:04:55] ⏳ [Automático] Tocaba disparar 'pagos' pero ya hay una ejecución en curso (Actualizar pagos); esperando a que termine; se reintenta en breve sin perder el turno.
[17:16:10] 🤖 [Automático] Es hora de actualizar pagos. Arrancando...
[17:16:25] ⏳ [Automático] Tocaba disparar 'pagos' pero ya hay una ejecución en curso (Actualizar pagos); esperando a que termine; se reintenta en breve sin perder el turno.
[17:27:40] 🤖 [Automático] Es hora de actualizar pagos. Arrancando...
[17:27:55] ⏳ [Automático] Tocaba disparar 'pagos' pero ya hay una ejecución en curso (Actualizar pagos); esperando a que termine; se reintenta en breve sin perder el turno.
[17:38:26] 🤖 [Automático] Es hora de actualizar pagos. Arrancando...
[17:38:41] ⏳ [Automático] Tocaba disparar 'pagos' pero ya hay una ejecución en curso (Actualizar pagos); esperando a que termine; se reintenta en breve sin perder el turno.
[17:49:26] 🤖 [Automático] Es hora de actualizar pagos. Arrancando...
[17:49:41] ⏳ [Automático] Tocaba disparar 'pagos' pero ya hay una ejecución en curso (Actualizar pagos); esperando a que termine; se reintenta en breve sin perder el turno.
[18:00:26] 🤖 [Automático] Es hora de actualizar pagos. Arrancando...
[18:00:41] ⏳ [Automático] Tocaba disparar 'pagos' pero ya hay una ejecución en curso (Actualizar pagos); esperando a que termine; se reintenta en breve sin perder el turno.
[18:11:26] 🤖 [Automático] Es hora de actualizar pagos. Arrancando...
[18:11:41] ⏳ [Automático] Tocaba disparar 'pagos' pero ya hay una ejecución en curso (Actualizar pagos); esperando a que termine; se reintenta en breve sin perder el turno.
[18:22:42] 🤖 [Automático] Es hora de actualizar pagos. Arrancando...
[18:22:57] ⏳ [Automático] Tocaba disparar 'pagos' pero ya hay una ejecución en curso (Actualizar pagos); esperando a que termine; se reintenta en breve sin perder el turno.
[18:34:12] 🤖 [Automático] Es hora de actualizar pagos. Arrancando...
[18:34:27] ⏳ [Automático] Tocaba disparar 'pagos' pero ya hay una ejecución en curso (Actualizar pagos); esperando a que termine; se reintenta en breve sin perder el turno.
[18:45:27] 🤖 [Automático] Es hora de actualizar pagos. Arrancando...
[18:45:42] ⏳ [Automático] Tocaba disparar 'pagos' pero ya hay una ejecución en curso (Actualizar pagos); esperando a que termine; se reintenta en breve sin perder el turno.
[18:56:43] 🤖 [Automático] Es hora de actualizar pagos. Arrancando...
[18:56:58] ⏳ [Automático] Tocaba disparar 'pagos' pero ya hay una ejecución en curso (Actualizar pagos); esperando a que termine; se reintenta en breve sin perder el turno.
[19:07:58] 🤖 [Automático] Es hora de actualizar pagos. Arrancando...
[19:08:13] ⏳ [Automático] Tocaba disparar 'pagos' pero ya hay una ejecución en curso (Actualizar pagos); esperando a que termine; se reintenta en breve sin perder el turno.
[19:18:43] 🤖 [Automático] Es hora de actualizar pagos. Arrancando...
[19:18:58] ⏳ [Automático] Tocaba disparar 'pagos' pero ya hay una ejecución en curso (Actualizar pagos); esperando a que termine; se reintenta en breve sin perder el turno.
[19:29:58] 🤖 [Automático] Es hora de actualizar pagos. Arrancando...
[19:30:13] ⏳ [Automático] Tocaba disparar 'pagos' pero ya hay una ejecución en curso (Actualizar pagos); esperando a que termine; se reintenta en breve sin perder el turno.
[19:41:28] 🤖 [Automático] Es hora de actualizar pagos. Arrancando...
[19:41:43] ⏳ [Automático] Tocaba disparar 'pagos' pero ya hay una ejecución en curso (Actualizar pagos); esperando a que termine; se reintenta en breve sin perder el turno.
[19:52:29] 🤖 [Automático] Es hora de actualizar pagos. Arrancando...
[19:52:44] ⏳ [Automático] Tocaba disparar 'pagos' pero ya hay una ejecución en curso (Actualizar pagos); esperando a que termine; se reintenta en breve sin perder el turno.
[20:03:14] 🤖 [Automático] Es hora de actualizar pagos. Arrancando...
[20:03:29] ⏳ [Automático] Tocaba disparar 'pagos' pero ya hay una ejecución en curso (Actualizar pagos); esperando a que termine; se reintenta en breve sin perder el turno.
[20:13:59] 🤖 [Automático] Es hora de actualizar pagos. Arrancando...
[20:14:14] ⏳ [Automático] Tocaba disparar 'pagos' pero ya hay una ejecución en curso (Actualizar pagos); esperando a que termine; se reintenta en breve sin perder el turno.
