[08:32:12] === Inicio de ejecución: pagos ===
[08:32:13] ▶ [LoginSEMyTPaso] Iniciando...
[08:32:13] ==================================================
[08:32:13] 🚀 PASO: LoginSEMyTPaso
[08:32:13] ==================================================
[08:32:13] Abriendo SEMyT...
[08:32:16] ✅ [SEMyT] Sesión existente detectada. Login omitido.
[08:32:16] ✅ LoginSEMyTPaso finalizado. (⏱ 2.8s)
[08:32:16] ✓ [LoginSEMyTPaso] Completado.
[08:32:16] ▶ [LoginSIGIPaso] Iniciando...
[08:32:16] ==================================================
[08:32:16] 🚀 PASO: LoginSIGIPaso
[08:32:16] ==================================================
[08:32:16] Abriendo sitio municipalidad (CiDi)...
[08:32:16] ✅ [SIGI] Sesión existente detectada. Login omitido.
[08:32:16] ✅ LoginSIGIPaso finalizado. (⏱ 0.5s)
[08:32:16] ✓ [LoginSIGIPaso] Completado.
[08:32:16] ▶ [DescargasParalelasPaso] Iniciando...
[08:32:16] ==================================================
[08:32:16] 🚀 PASO: DescargasParalelasPaso
[08:32:16] ==================================================
[08:32:17] 📤 Arrancando las 3 descargas en paralelo (mismo browser, páginas separadas)...
[08:32:17] Fecha Desde: 27/06/2024
[08:32:17] Fecha Hasta: 24/11/2025
[08:32:17] Fecha Desde: 25/11/2025
[08:32:17] Fecha Hasta: 05/08/2026
[08:32:17] Descargando Excel...
[08:32:17] Descargando Excel...
[08:32:30] Archivo descargado en: backend/descargas/cache_actas_cruce/MULTAS_SIGI_CRUCE.xlsx
[08:32:31] ⏱ [actas_sigi] completado en 14.8s
[08:32:39] Archivo descargado en: backend/descargas/cache_actas_cruce/MULTAS_SIGEMI_CRUCE.xlsx
[08:32:43] ⏱ [actas_sigemi] completado en 26.2s
[08:32:45] ✅ TXT de pagos descargado en: backend/descargas/pagos/2026-08-05/PAGOS DESCARGADOS.txt
[08:32:45] ⏱ [pagos_txt] completado en 28.1s
[08:32:45] ⏱ TOTAL descargas en paralelo: 28.1s
[08:32:45] ✅ DescargasParalelasPaso finalizado. (⏱ 28.4s)
[08:32:45] ✓ [DescargasParalelasPaso] Completado.
[08:32:45] ▶ [CompararActasPaso] Iniciando...
[08:32:45] ==================================================
[08:32:45] 🚀 PASO: CompararActasPaso
[08:32:45] ==================================================
[08:32:45] 🔍 Comparando actas del SEMyT contra pagos del SIGI...
[08:32:45] ================================================================================
[08:32:45] INICIANDO PROCESO DE GENERACIÓN DE PAGOS DESACTUALIZADOS
[08:32:45] ================================================================================
[08:32:45] 📂 Cargando archivos...
[08:32:45]   ✓ Pagos: 20318 registros
[08:32:48]   ✓ Excel SIGEMI (multas vencidas viejas): 101848 registros
[08:32:49]   ✓ Excel SIGI (multas vencidas nuevas): 41372 registros
[08:32:50] ================================================================================
[08:32:50] PASO 1: LLENANDO ACTA_NUMERO (búsqueda por patente + fecha, con desempate por hora)
[08:32:50] ================================================================================
[08:32:51] 📊 ESTADÍSTICAS DE LLENADO DE ACTAS:
[08:32:51]   • Pagos con acta ORIGINAL: 5065
[08:32:51]   • Pagos SIN acta (buscados): 15253
[08:32:51]   • Pagos LLENADOS exitosamente: 1
[08:32:51]   • Pagos NO encontrados en multas: 15252
[08:32:51]   • Pagos SIN RESOLVER por desbalance de cantidades: 0
[08:32:51] ================================================================================
[08:32:51] PASO 1: LLENANDO ACTA_NUMERO (búsqueda por patente + fecha, con desempate por hora)
[08:32:51] ================================================================================
[08:32:53] 📊 ESTADÍSTICAS DE LLENADO DE ACTAS:
[08:32:53]   • Pagos con acta ORIGINAL: 5066
[08:32:53]   • Pagos SIN acta (buscados): 15252
[08:32:53]   • Pagos LLENADOS exitosamente: 0
[08:32:53]   • Pagos NO encontrados en multas: 15252
[08:32:53]   • Pagos SIN RESOLVER por desbalance de cantidades: 0
[08:32:53] ⏱ PASO 1 (llenar actas): 3.8s
[08:32:53] ================================================================================
[08:32:53] PASO 2: FILTRANDO PAGOS CON ACTA_NUMERO COMPLETO
[08:32:53] ================================================================================
[08:32:53] 📊 ESTADÍSTICAS DE FILTRADO:
[08:32:53]   • Pagos TOTALES al inicio: 20318
[08:32:53]   • Pagos CON acta (MANTIENEN): 5066
[08:32:53]   • Pagos RECHAZADOS (sin coincidencias): 15252
[08:32:53] ⚠️  Se eliminaron 15252 registros sin número de acta
[08:32:53]      (recordá: esto incluye tanto pagos ya actualizados/pagados
[08:32:53]       como pagos que quedaron sin resolver por desbalance en el Paso 1)
[08:32:53] ================================================================================
[08:32:53] PASO 2-bis: CONFIRMANDO VIGENCIA DE PAGOS (sistema NUEVO contra MULTAS_SIGI_CRUCE, sistema VIEJO contra SIGEMI)
[08:32:53] ================================================================================
[08:32:53]   ⚠ 5051 pago(s) descartados: su acta ya no figura como vencida en MULTAS_SIGI_CRUCE (SEMyT ya los actualizó).
[08:32:53]   ⚠ 11 pago(s) descartados: su acta ya no figura como vencida en el Excel de SIGEMI (SEMyT ya los actualizó).
[08:32:53]   • Pagos descartados en total por ya estar actualizados/pagados: 5062
[08:32:53] ⏱ PASO 2 (filtrar): 0.4s
[08:32:53] 📂 Cargando maestro de causas SIGEMI...
[08:32:53]   ✓ Causas totales (maestro): 134069 registros
[08:32:53] ⏱ PASO 2.5 (causas simplificado): 0.0s
[08:32:53] ================================================================================
[08:32:53] PASO 2.5: ARMANDO causas.txt SIMPLIFICADO (cruce contra total_causas_sigemi.txt)
[08:32:53] ================================================================================
[08:32:54]   • Actas vencidas viejas (multas): 101848
[08:32:54]   • Causas totales en el maestro SIGEMI: 134069
[08:32:54]   • Causas que coinciden (simplificado): 101530
[08:32:54]   ✅ Archivo escrito: backend/descargas/causas/causas.txt
[08:32:54] ⏱ PASO 2.5 (causas simplificado): 0.4s
[08:32:54] ================================================================================
[08:32:54] PASO 3: LLENANDO CAUSA_NUMERO (según fecha de cambio de sistema, cruzando por acta + año)
[08:32:54] ================================================================================
[08:32:54] 📊 ESTADÍSTICAS DE LLENADO DE CAUSAS:
[08:32:54]   • Pagos con causa ORIGINAL: 3
[08:32:54]   • Causas encontradas en SIGEMI (actas viejas): 1
[08:32:54]   • Causas NO encontradas en SIGEMI: 0
[08:32:54]   • Causas asignadas automáticamente (actas nuevas): 0
[08:32:54] ⏱ PASO 3 (llenar causas): 0.0s
[08:32:54] ================================================================================
[08:32:54] PASO 4: ORDENANDO POR FECHA Y ACTA_NUMERO
[08:32:54] ================================================================================
[08:32:54] ✓ Pagos ordenados correctamente
[08:32:54]   • Primera entrada: Acta=51136, Fecha=24/09/2024
[08:32:54]   • Última entrada: Acta=304372, Fecha=29/04/2026
[08:32:54] 📝 Escribiendo archivo de salida...
[08:32:54]   ✅ Archivo escrito: backend/descargas/pagos/2026-08-05/PAGOS 20260805 083245.txt
[08:32:54]   ✅ Total registros: 586
[08:32:54] ⏱ PASO 4 (ordenar y escribir): 0.0s
[08:32:54] ================================================================================
[08:32:54] ✅ PROCESO COMPLETADO EXITOSAMENTE
[08:32:54] ================================================================================
[08:32:54] 📊 RESUMEN FINAL DEL PROCESAMIENTO:
[08:32:54]   ENTRADA:
[08:32:54]     • Pagos originales: 20318
[08:32:54]     • Multas SIGEMI cargadas: 101848
[08:32:54]     • Multas SIGI cargadas: 41372
[08:32:54]     • Causas simplificadas (usadas para el cruce): 101530
[08:32:54]   PROCESO:
[08:32:54]     • Pagos rechazados sigemi: 15252
[08:32:54]     • Pagos rechazados sigi: 5062
[08:32:54]   SALIDA:
[08:32:54]     • Pagos desactualizados procesados: 4
[08:32:54]     • Archivo final: backend/descargas/pagos/2026-08-05/PAGOS 20260805 083245.txt
[08:32:54]     • Ordenados por fecha: SÍ ✓
[08:32:54]     • Todos con ACTA_NUMERO: SÍ ✓
[08:32:54]     • Todos con CAUSA_NUMERO: SÍ ✓
[08:32:54] ✅ TXT de pagos (ya cruzado con actas y causas) generado en: backend/descargas/pagos/2026-08-05/PAGOS 20260805 083245.txt
[08:32:54] 🧹 TXT de pagos crudo eliminado (ya usado en el cruce): backend/descargas/pagos/2026-08-05/PAGOS DESCARGADOS.txt
[08:32:54] 🧹 Excel MULTAS_SIGEMI_CRUCE eliminado (ya usado en el cruce): backend/descargas/cache_actas_cruce/MULTAS_SIGEMI_CRUCE.xlsx
[08:32:54] 🧹 Excel MULTAS_SIGI_CRUCE eliminado (ya usado en el cruce): backend/descargas/cache_actas_cruce/MULTAS_SIGI_CRUCE.xlsx
[08:32:54] ✅ CompararActasPaso finalizado. (⏱ 9.3s)
[08:32:54] ✓ [CompararActasPaso] Completado.
[08:32:54] ▶ [CargarPagosPaso] Iniciando...
[08:32:54] ==================================================
[08:32:54] 🚀 PASO: CargarPagosPaso
[08:32:54] ==================================================
[08:32:54] 📤 Subiendo TXT de pagos al SEMyT...
[08:32:56] ✅ Importación de pagos completada con éxito.
[08:32:56] ✅ Archivo TXT de pagos cargado en el SEMyT correctamente.
[08:32:56] ✅ CargarPagosPaso finalizado. (⏱ 2.1s)
[08:32:56] ✓ [CargarPagosPaso] Completado.
[08:32:56] === Ejecución finalizada con éxito ===
