[13:19:01] === Inicio de ejecución: pagos ===
[13:19:01] ▶ [LoginSEMyTPaso] Iniciando...
[13:19:01] ==================================================
[13:19:01] 🚀 PASO: LoginSEMyTPaso
[13:19:01] ==================================================
[13:19:02] Abriendo SEMyT...
[13:19:17] ✅ [SEMyT] Sesión existente detectada. Login omitido.
[13:19:18] ✅ LoginSEMyTPaso finalizado. (⏱ 16.3s)
[13:19:18] ✓ [LoginSEMyTPaso] Completado.
[13:19:18] ▶ [LoginSIGIPaso] Iniciando...
[13:19:18] ==================================================
[13:19:18] 🚀 PASO: LoginSIGIPaso
[13:19:18] ==================================================
[13:19:18] Abriendo sitio municipalidad (CiDi)...
[13:19:19] ✅ [SIGI] Sesión existente detectada. Login omitido.
[13:19:20] ✅ LoginSIGIPaso finalizado. (⏱ 1.9s)
[13:19:20] ✓ [LoginSIGIPaso] Completado.
[13:19:20] ▶ [DescargasParalelasPaso] Iniciando...
[13:19:20] ==================================================
[13:19:20] 🚀 PASO: DescargasParalelasPaso
[13:19:20] ==================================================
[13:19:20] 📤 Arrancando las 3 descargas en paralelo (mismo browser, páginas separadas)...
[13:19:20] Fecha Desde: 27/06/2024
[13:19:20] Fecha Hasta: 24/11/2025
[13:19:20] Fecha Desde: 25/11/2025
[13:19:20] Fecha Hasta: 05/08/2026
[13:19:20] Descargando Excel...
[13:19:20] Descargando Excel...
[13:19:36] Archivo descargado en: backend/descargas/cache_actas_cruce/MULTAS_SIGI_CRUCE.xlsx
[13:19:38] ⏱ [actas_sigi] completado en 18.1s
[13:19:47] ✅ TXT de pagos descargado en: backend/descargas/pagos/2026-08-05/PAGOS DESCARGADOS.txt
[13:19:47] ⏱ [pagos_txt] completado en 26.8s
[13:19:49] Archivo descargado en: backend/descargas/cache_actas_cruce/MULTAS_SIGEMI_CRUCE.xlsx
[13:19:52] ⏱ [actas_sigemi] completado en 32.7s
[13:19:52] ⏱ TOTAL descargas en paralelo: 32.7s
[13:19:52] ✅ DescargasParalelasPaso finalizado. (⏱ 33.0s)
[13:19:52] ✓ [DescargasParalelasPaso] Completado.
[13:19:52] ▶ [CompararActasPaso] Iniciando...
[13:19:52] ==================================================
[13:19:52] 🚀 PASO: CompararActasPaso
[13:19:52] ==================================================
[13:19:52] 🔍 Comparando actas del SEMyT contra pagos del SIGI...
[13:19:52] ================================================================================
[13:19:52] INICIANDO PROCESO DE GENERACIÓN DE PAGOS DESACTUALIZADOS
[13:19:52] ================================================================================
[13:19:52] 📂 Cargando archivos...
[13:19:53]   ✓ Pagos: 20422 registros
[13:19:56]   ✓ Excel SIGEMI (multas vencidas viejas): 101810 registros
[13:19:57]   ✓ Excel SIGI (multas vencidas nuevas): 41303 registros
[13:19:58] ================================================================================
[13:19:58] PASO 1: LLENANDO ACTA_NUMERO (búsqueda por patente + fecha, con desempate por hora)
[13:19:58] ================================================================================
[13:19:59] 📊 ESTADÍSTICAS DE LLENADO DE ACTAS:
[13:19:59]   • Pagos con acta ORIGINAL: 5131
[13:19:59]   • Pagos SIN acta (buscados): 15291
[13:19:59]   • Pagos LLENADOS exitosamente: 1
[13:19:59]   • Pagos NO encontrados en multas: 15290
[13:19:59]   • Pagos SIN RESOLVER por desbalance de cantidades: 0
[13:19:59] ================================================================================
[13:19:59] PASO 1: LLENANDO ACTA_NUMERO (búsqueda por patente + fecha, con desempate por hora)
[13:19:59] ================================================================================
[13:20:01] 📊 ESTADÍSTICAS DE LLENADO DE ACTAS:
[13:20:01]   • Pagos con acta ORIGINAL: 5132
[13:20:01]   • Pagos SIN acta (buscados): 15290
[13:20:01]   • Pagos LLENADOS exitosamente: 0
[13:20:01]   • Pagos NO encontrados en multas: 15290
[13:20:01]   • Pagos SIN RESOLVER por desbalance de cantidades: 0
[13:20:01] ⏱ PASO 1 (llenar actas): 3.7s
[13:20:01] ================================================================================
[13:20:01] PASO 2: FILTRANDO PAGOS CON ACTA_NUMERO COMPLETO
[13:20:01] ================================================================================
[13:20:01] 📊 ESTADÍSTICAS DE FILTRADO:
[13:20:01]   • Pagos TOTALES al inicio: 20422
[13:20:01]   • Pagos CON acta (MANTIENEN): 5132
[13:20:01]   • Pagos RECHAZADOS (sin coincidencias): 15290
[13:20:01] ⚠️  Se eliminaron 15290 registros sin número de acta
[13:20:01]      (recordá: esto incluye tanto pagos ya actualizados/pagados
[13:20:01]       como pagos que quedaron sin resolver por desbalance en el Paso 1)
[13:20:01] ================================================================================
[13:20:01] PASO 2-bis: CONFIRMANDO VIGENCIA DE PAGOS (sistema NUEVO contra MULTAS_SIGI_CRUCE, sistema VIEJO contra SIGEMI)
[13:20:01] ================================================================================
[13:20:01]   ⚠ 5119 pago(s) descartados: su acta ya no figura como vencida en MULTAS_SIGI_CRUCE (SEMyT ya los actualizó).
[13:20:01]   ⚠ 11 pago(s) descartados: su acta ya no figura como vencida en el Excel de SIGEMI (SEMyT ya los actualizó).
[13:20:01]   • Pagos descartados en total por ya estar actualizados/pagados: 5130
[13:20:01] ⏱ PASO 2 (filtrar): 0.4s
[13:20:01] 📂 Cargando maestro de causas SIGEMI...
[13:20:01]   ✓ Causas totales (maestro): 134069 registros
[13:20:01] ⏱ PASO 2.5 (causas simplificado): 0.0s
[13:20:01] ================================================================================
[13:20:01] PASO 2.5: ARMANDO causas.txt SIMPLIFICADO (cruce contra total_causas_sigemi.txt)
[13:20:01] ================================================================================
[13:20:02]   • Actas vencidas viejas (multas): 101810
[13:20:02]   • Causas totales en el maestro SIGEMI: 134069
[13:20:02]   • Causas que coinciden (simplificado): 101492
[13:20:02]   ✅ Archivo escrito: backend/descargas/causas/causas.txt
[13:20:02] ⏱ PASO 2.5 (causas simplificado): 0.4s
[13:20:02] ================================================================================
[13:20:02] PASO 3: LLENANDO CAUSA_NUMERO (según fecha de cambio de sistema, cruzando por acta + año)
[13:20:02] ================================================================================
[13:20:02] 📊 ESTADÍSTICAS DE LLENADO DE CAUSAS:
[13:20:02]   • Pagos con causa ORIGINAL: 1
[13:20:02]   • Causas encontradas en SIGEMI (actas viejas): 1
[13:20:02]   • Causas NO encontradas en SIGEMI: 0
[13:20:02]   • Causas asignadas automáticamente (actas nuevas): 0
[13:20:02] ⏱ PASO 3 (llenar causas): 0.0s
[13:20:02] ================================================================================
[13:20:02] PASO 4: ORDENANDO POR FECHA Y ACTA_NUMERO
[13:20:02] ================================================================================
[13:20:02] ✓ Pagos ordenados correctamente
[13:20:02]   • Primera entrada: Acta=230761, Fecha=07/11/2025
[13:20:02]   • Última entrada: Acta=288682, Fecha=01/04/2026
[13:20:02] 📝 Escribiendo archivo de salida...
[13:20:02]   ✅ Archivo escrito: backend/descargas/pagos/2026-08-05/PAGOS 20260805 131952.txt
[13:20:02]   ✅ Total registros: 352
[13:20:02] ⏱ PASO 4 (ordenar y escribir): 0.0s
[13:20:02] ================================================================================
[13:20:02] ✅ PROCESO COMPLETADO EXITOSAMENTE
[13:20:02] ================================================================================
[13:20:02] 📊 RESUMEN FINAL DEL PROCESAMIENTO:
[13:20:02]   ENTRADA:
[13:20:02]     • Pagos originales: 20422
[13:20:02]     • Multas SIGEMI cargadas: 101810
[13:20:02]     • Multas SIGI cargadas: 41303
[13:20:02]     • Causas simplificadas (usadas para el cruce): 101492
[13:20:02]   PROCESO:
[13:20:02]     • Pagos rechazados sigemi: 15290
[13:20:02]     • Pagos rechazados sigi: 5130
[13:20:02]   SALIDA:
[13:20:02]     • Pagos desactualizados procesados: 2
[13:20:02]     • Archivo final: backend/descargas/pagos/2026-08-05/PAGOS 20260805 131952.txt
[13:20:02]     • Ordenados por fecha: SÍ ✓
[13:20:02]     • Todos con ACTA_NUMERO: SÍ ✓
[13:20:02]     • Todos con CAUSA_NUMERO: SÍ ✓
[13:20:02] ✅ TXT de pagos (ya cruzado con actas y causas) generado en: backend/descargas/pagos/2026-08-05/PAGOS 20260805 131952.txt
[13:20:02] 🧹 TXT de pagos crudo eliminado (ya usado en el cruce): backend/descargas/pagos/2026-08-05/PAGOS DESCARGADOS.txt
[13:20:02] 🧹 Excel MULTAS_SIGEMI_CRUCE eliminado (ya usado en el cruce): backend/descargas/cache_actas_cruce/MULTAS_SIGEMI_CRUCE.xlsx
[13:20:02] 🧹 Excel MULTAS_SIGI_CRUCE eliminado (ya usado en el cruce): backend/descargas/cache_actas_cruce/MULTAS_SIGI_CRUCE.xlsx
[13:20:02] ✅ CompararActasPaso finalizado. (⏱ 9.2s)
[13:20:02] ✓ [CompararActasPaso] Completado.
[13:20:02] ▶ [CargarPagosPaso] Iniciando...
[13:20:02] ==================================================
[13:20:02] 🚀 PASO: CargarPagosPaso
[13:20:02] ==================================================
[13:20:02] 📤 Subiendo TXT de pagos al SEMyT...
[13:20:03] ✅ Importación de pagos completada con éxito.
[13:20:04] ✅ Archivo TXT de pagos cargado en el SEMyT correctamente.
[13:20:04] ✅ CargarPagosPaso finalizado. (⏱ 2.0s)
[13:20:04] ✓ [CargarPagosPaso] Completado.
[13:20:04] === Ejecución finalizada con éxito ===
