[16:18:39] === Inicio de ejecución: pagos ===
[16:18:39] ▶ [LoginSEMyTPaso] Iniciando...
[16:18:39] ==================================================
[16:18:39] 🚀 PASO: LoginSEMyTPaso
[16:18:39] ==================================================
[16:18:39] Abriendo SEMyT...
[16:18:41] ✅ [SEMyT] Sesión existente detectada. Login omitido.
[16:18:41] ✅ LoginSEMyTPaso finalizado. (⏱ 2.4s)
[16:18:41] ✓ [LoginSEMyTPaso] Completado.
[16:18:41] ▶ [LoginSIGIPaso] Iniciando...
[16:18:41] ==================================================
[16:18:41] 🚀 PASO: LoginSIGIPaso
[16:18:41] ==================================================
[16:18:41] Abriendo sitio municipalidad (CiDi)...
[16:18:42] ✅ [SIGI] Sesión existente detectada. Login omitido.
[16:18:42] ✅ LoginSIGIPaso finalizado. (⏱ 0.4s)
[16:18:42] ✓ [LoginSIGIPaso] Completado.
[16:18:42] ▶ [DescargasParalelasPaso] Iniciando...
[16:18:42] ==================================================
[16:18:42] 🚀 PASO: DescargasParalelasPaso
[16:18:42] ==================================================
[16:18:42] 📤 Arrancando las 3 descargas en paralelo (mismo browser, páginas separadas)...
[16:18:42] Fecha Desde: 27/06/2024
[16:18:42] Fecha Hasta: 24/11/2025
[16:18:42] Fecha Desde: 25/11/2025
[16:18:42] Fecha Hasta: 05/08/2026
[16:18:42] Descargando Excel...
[16:18:42] Descargando Excel...
[16:19:08] Archivo descargado en: backend/descargas/cache_actas_cruce/MULTAS_SIGI_CRUCE.xlsx
[16:19:09] ⏱ [actas_sigi] completado en 27.0s
[16:19:09] Archivo descargado en: backend/descargas/cache_actas_cruce/MULTAS_SIGEMI_CRUCE.xlsx
[16:19:13] ⏱ [actas_sigemi] completado en 30.5s
[16:19:39] ✅ TXT de pagos descargado en: backend/descargas/pagos/2026-08-05/PAGOS DESCARGADOS.txt
[16:19:39] ⏱ [pagos_txt] completado en 57.1s
[16:19:39] ⏱ TOTAL descargas en paralelo: 57.1s
[16:19:39] ✅ DescargasParalelasPaso finalizado. (⏱ 57.4s)
[16:19:39] ✓ [DescargasParalelasPaso] Completado.
[16:19:39] ▶ [CompararActasPaso] Iniciando...
[16:19:39] ==================================================
[16:19:39] 🚀 PASO: CompararActasPaso
[16:19:39] ==================================================
[16:19:39] 🔍 Comparando actas del SEMyT contra pagos del SIGI...
[16:19:39] ================================================================================
[16:19:39] INICIANDO PROCESO DE GENERACIÓN DE PAGOS DESACTUALIZADOS
[16:19:39] ================================================================================
[16:19:39] 📂 Cargando archivos...
[16:19:39]   ✓ Pagos: 20449 registros
[16:19:42]   ✓ Excel SIGEMI (multas vencidas viejas): 101779 registros
[16:19:44]   ✓ Excel SIGI (multas vencidas nuevas): 41295 registros
[16:19:44] ================================================================================
[16:19:44] PASO 1: LLENANDO ACTA_NUMERO (búsqueda por patente + fecha, con desempate por hora)
[16:19:44] ================================================================================
[16:19:46] 📊 ESTADÍSTICAS DE LLENADO DE ACTAS:
[16:19:46]   • Pagos con acta ORIGINAL: 5139
[16:19:46]   • Pagos SIN acta (buscados): 15310
[16:19:46]   • Pagos LLENADOS exitosamente: 2
[16:19:46]   • Pagos NO encontrados en multas: 15308
[16:19:46]   • Pagos SIN RESOLVER por desbalance de cantidades: 0
[16:19:46] ================================================================================
[16:19:46] PASO 1: LLENANDO ACTA_NUMERO (búsqueda por patente + fecha, con desempate por hora)
[16:19:46] ================================================================================
[16:19:47] 📊 ESTADÍSTICAS DE LLENADO DE ACTAS:
[16:19:47]   • Pagos con acta ORIGINAL: 5141
[16:19:47]   • Pagos SIN acta (buscados): 15308
[16:19:47]   • Pagos LLENADOS exitosamente: 0
[16:19:47]   • Pagos NO encontrados en multas: 15308
[16:19:47]   • Pagos SIN RESOLVER por desbalance de cantidades: 0
[16:19:47] ⏱ PASO 1 (llenar actas): 3.7s
[16:19:47] ================================================================================
[16:19:47] PASO 2: FILTRANDO PAGOS CON ACTA_NUMERO COMPLETO
[16:19:47] ================================================================================
[16:19:47] 📊 ESTADÍSTICAS DE FILTRADO:
[16:19:47]   • Pagos TOTALES al inicio: 20449
[16:19:47]   • Pagos CON acta (MANTIENEN): 5141
[16:19:47]   • Pagos RECHAZADOS (sin coincidencias): 15308
[16:19:47] ⚠️  Se eliminaron 15308 registros sin número de acta
[16:19:47]      (recordá: esto incluye tanto pagos ya actualizados/pagados
[16:19:47]       como pagos que quedaron sin resolver por desbalance en el Paso 1)
[16:19:47] ================================================================================
[16:19:47] PASO 2-bis: CONFIRMANDO VIGENCIA DE PAGOS (sistema NUEVO contra MULTAS_SIGI_CRUCE, sistema VIEJO contra SIGEMI)
[16:19:47] ================================================================================
[16:19:48]   ⚠ 5128 pago(s) descartados: su acta ya no figura como vencida en MULTAS_SIGI_CRUCE (SEMyT ya los actualizó).
[16:19:48]   ⚠ 11 pago(s) descartados: su acta ya no figura como vencida en el Excel de SIGEMI (SEMyT ya los actualizó).
[16:19:48]   • Pagos descartados en total por ya estar actualizados/pagados: 5139
[16:19:48] ⏱ PASO 2 (filtrar): 0.4s
[16:19:48] 📂 Cargando maestro de causas SIGEMI...
[16:19:48]   ✓ Causas totales (maestro): 134069 registros
[16:19:48] ⏱ PASO 2.5 (causas simplificado): 0.0s
[16:19:48] ================================================================================
[16:19:48] PASO 2.5: ARMANDO causas.txt SIMPLIFICADO (cruce contra total_causas_sigemi.txt)
[16:19:48] ================================================================================
[16:19:48]   • Actas vencidas viejas (multas): 101779
[16:19:48]   • Causas totales en el maestro SIGEMI: 134069
[16:19:48]   • Causas que coinciden (simplificado): 101461
[16:19:48]   ✅ Archivo escrito: backend/descargas/causas/causas.txt
[16:19:48] ⏱ PASO 2.5 (causas simplificado): 0.4s
[16:19:48] ================================================================================
[16:19:48] PASO 3: LLENANDO CAUSA_NUMERO (según fecha de cambio de sistema, cruzando por acta + año)
[16:19:48] ================================================================================
[16:19:48] 📊 ESTADÍSTICAS DE LLENADO DE CAUSAS:
[16:19:48]   • Pagos con causa ORIGINAL: 0
[16:19:48]   • Causas encontradas en SIGEMI (actas viejas): 2
[16:19:48]   • Causas NO encontradas en SIGEMI: 0
[16:19:48]   • Causas asignadas automáticamente (actas nuevas): 0
[16:19:48] ⏱ PASO 3 (llenar causas): 0.0s
[16:19:48] ================================================================================
[16:19:48] PASO 4: ORDENANDO POR FECHA Y ACTA_NUMERO
[16:19:48] ================================================================================
[16:19:48] ✓ Pagos ordenados correctamente
[16:19:48]   • Primera entrada: Acta=15462, Fecha=24/07/2024
[16:19:48]   • Última entrada: Acta=19989, Fecha=31/07/2024
[16:19:48] 📝 Escribiendo archivo de salida...
[16:19:48]   ✅ Archivo escrito: backend/descargas/pagos/2026-08-05/PAGOS 20260805 161939.txt
[16:19:48]   ✅ Total registros: 382
[16:19:48] ⏱ PASO 4 (ordenar y escribir): 0.0s
[16:19:48] ================================================================================
[16:19:48] ✅ PROCESO COMPLETADO EXITOSAMENTE
[16:19:48] ================================================================================
[16:19:48] 📊 RESUMEN FINAL DEL PROCESAMIENTO:
[16:19:48]   ENTRADA:
[16:19:48]     • Pagos originales: 20449
[16:19:48]     • Multas SIGEMI cargadas: 101779
[16:19:48]     • Multas SIGI cargadas: 41295
[16:19:48]     • Causas simplificadas (usadas para el cruce): 101461
[16:19:48]   PROCESO:
[16:19:48]     • Pagos rechazados sigemi: 15308
[16:19:48]     • Pagos rechazados sigi: 5139
[16:19:48]   SALIDA:
[16:19:48]     • Pagos desactualizados procesados: 2
[16:19:48]     • Archivo final: backend/descargas/pagos/2026-08-05/PAGOS 20260805 161939.txt
[16:19:48]     • Ordenados por fecha: SÍ ✓
[16:19:48]     • Todos con ACTA_NUMERO: SÍ ✓
[16:19:48]     • Todos con CAUSA_NUMERO: SÍ ✓
[16:19:48] ✅ TXT de pagos (ya cruzado con actas y causas) generado en: backend/descargas/pagos/2026-08-05/PAGOS 20260805 161939.txt
[16:19:48] 🧹 TXT de pagos crudo eliminado (ya usado en el cruce): backend/descargas/pagos/2026-08-05/PAGOS DESCARGADOS.txt
[16:19:48] 🧹 Excel MULTAS_SIGEMI_CRUCE eliminado (ya usado en el cruce): backend/descargas/cache_actas_cruce/MULTAS_SIGEMI_CRUCE.xlsx
[16:19:48] 🧹 Excel MULTAS_SIGI_CRUCE eliminado (ya usado en el cruce): backend/descargas/cache_actas_cruce/MULTAS_SIGI_CRUCE.xlsx
[16:19:48] ✅ CompararActasPaso finalizado. (⏱ 9.1s)
[16:19:48] ✓ [CompararActasPaso] Completado.
[16:19:48] ▶ [CargarPagosPaso] Iniciando...
[16:19:48] ==================================================
[16:19:48] 🚀 PASO: CargarPagosPaso
[16:19:48] ==================================================
[16:19:48] 📤 Subiendo TXT de pagos al SEMyT...
[16:19:50] ✅ Importación de pagos completada con éxito.
[16:19:50] ✅ Archivo TXT de pagos cargado en el SEMyT correctamente.
[16:19:50] ✅ CargarPagosPaso finalizado. (⏱ 2.1s)
[16:19:50] ✓ [CargarPagosPaso] Completado.
[16:19:51] === Ejecución finalizada con éxito ===
