[12:32:00] === Inicio de ejecución: pagos ===
[12:32:00] ▶ [LoginSEMyTPaso] Iniciando...
[12:32:00] ==================================================
[12:32:00] 🚀 PASO: LoginSEMyTPaso
[12:32:00] ==================================================
[12:32:00] Abriendo SEMyT...
[12:32:02] ✅ [SEMyT] Sesión existente detectada. Login omitido.
[12:32:02] ✅ LoginSEMyTPaso finalizado. (⏱ 2.3s)
[12:32:02] ✓ [LoginSEMyTPaso] Completado.
[12:32:02] ▶ [LoginSIGIPaso] Iniciando...
[12:32:02] ==================================================
[12:32:02] 🚀 PASO: LoginSIGIPaso
[12:32:02] ==================================================
[12:32:02] Abriendo sitio municipalidad (CiDi)...
[12:32:03] ✅ [SIGI] Sesión existente detectada. Login omitido.
[12:32:03] ✅ LoginSIGIPaso finalizado. (⏱ 0.4s)
[12:32:03] ✓ [LoginSIGIPaso] Completado.
[12:32:03] ▶ [DescargasParalelasPaso] Iniciando...
[12:32:03] ==================================================
[12:32:03] 🚀 PASO: DescargasParalelasPaso
[12:32:03] ==================================================
[12:32:03] 📤 Arrancando las 3 descargas en paralelo (mismo browser, páginas separadas)...
[12:32:03] Fecha Desde: 27/06/2024
[12:32:03] Fecha Hasta: 24/11/2025
[12:32:03] Fecha Desde: 25/11/2025
[12:32:03] Fecha Hasta: 01/08/2026
[12:32:03] Descargando Excel...
[12:32:03] Descargando Excel...
[12:32:13] Archivo descargado en: backend/descargas/cache_actas_cruce/MULTAS_SIGI_CRUCE.xlsx
[12:32:15] ⏱ [actas_sigi] completado en 11.6s
[12:32:22] Archivo descargado en: backend/descargas/cache_actas_cruce/MULTAS_SIGEMI_CRUCE.xlsx
[12:32:25] ⏱ [actas_sigemi] completado en 21.8s
[12:32:29] ✅ TXT de pagos descargado en: backend/descargas/pagos/2026-08-01/PAGOS DESCARGADOS.txt
[12:32:29] ⏱ [pagos_txt] completado en 26.1s
[12:32:29] ⏱ TOTAL descargas en paralelo: 26.1s
[12:32:29] ✅ DescargasParalelasPaso finalizado. (⏱ 26.3s)
[12:32:29] ✓ [DescargasParalelasPaso] Completado.
[12:32:29] ▶ [CompararActasPaso] Iniciando...
[12:32:29] ==================================================
[12:32:29] 🚀 PASO: CompararActasPaso
[12:32:29] ==================================================
[12:32:29] 🔍 Comparando actas del SEMyT contra pagos del SIGI...
[12:32:29] ================================================================================
[12:32:29] INICIANDO PROCESO DE GENERACIÓN DE PAGOS DESACTUALIZADOS
[12:32:29] ================================================================================
[12:32:29] 📂 Cargando archivos...
[12:32:29]   ✓ Pagos: 19722 registros
[12:32:32]   ✓ Excel SIGEMI (multas vencidas viejas): 102129 registros
[12:32:34]   ✓ Excel SIGI (multas vencidas nuevas): 40526 registros
[12:32:34] ================================================================================
[12:32:34] PASO 1: LLENANDO ACTA_NUMERO (búsqueda por patente + fecha, con desempate por hora)
[12:32:34] ================================================================================
[12:32:36] 📊 ESTADÍSTICAS DE LLENADO DE ACTAS:
[12:32:36]   • Pagos con acta ORIGINAL: 4685
[12:32:36]   • Pagos SIN acta (buscados): 15037
[12:32:36]   • Pagos LLENADOS exitosamente: 1
[12:32:36]   • Pagos NO encontrados en multas: 15036
[12:32:36]   • Pagos SIN RESOLVER por desbalance de cantidades: 0
[12:32:36] ================================================================================
[12:32:36] PASO 1: LLENANDO ACTA_NUMERO (búsqueda por patente + fecha, con desempate por hora)
[12:32:36] ================================================================================
[12:32:37] 📊 ESTADÍSTICAS DE LLENADO DE ACTAS:
[12:32:37]   • Pagos con acta ORIGINAL: 4686
[12:32:37]   • Pagos SIN acta (buscados): 15036
[12:32:37]   • Pagos LLENADOS exitosamente: 0
[12:32:37]   • Pagos NO encontrados en multas: 15036
[12:32:37]   • Pagos SIN RESOLVER por desbalance de cantidades: 0
[12:32:37] ⏱ PASO 1 (llenar actas): 3.6s
[12:32:37] ================================================================================
[12:32:37] PASO 2: FILTRANDO PAGOS CON ACTA_NUMERO COMPLETO
[12:32:37] ================================================================================
[12:32:37] 📊 ESTADÍSTICAS DE FILTRADO:
[12:32:37]   • Pagos TOTALES al inicio: 19722
[12:32:37]   • Pagos CON acta (MANTIENEN): 4686
[12:32:37]   • Pagos RECHAZADOS (sin coincidencias): 15036
[12:32:37] ⚠️  Se eliminaron 15036 registros sin número de acta
[12:32:37]      (recordá: esto incluye tanto pagos ya actualizados/pagados
[12:32:37]       como pagos que quedaron sin resolver por desbalance en el Paso 1)
[12:32:37] ================================================================================
[12:32:37] PASO 2-bis: CONFIRMANDO VIGENCIA DE PAGOS (sistema NUEVO contra MULTAS_SIGI_CRUCE, sistema VIEJO contra SIGEMI)
[12:32:37] ================================================================================
[12:32:38]   ⚠ 4676 pago(s) descartados: su acta ya no figura como vencida en MULTAS_SIGI_CRUCE (SEMyT ya los actualizó).
[12:32:38]   ⚠ 9 pago(s) descartados: su acta ya no figura como vencida en el Excel de SIGEMI (SEMyT ya los actualizó).
[12:32:38]   • Pagos descartados en total por ya estar actualizados/pagados: 4685
[12:32:38] ⏱ PASO 2 (filtrar): 0.4s
[12:32:38] 📂 Cargando maestro de causas SIGEMI...
[12:32:38]   ✓ Causas totales (maestro): 134069 registros
[12:32:38] ⏱ PASO 2.5 (causas simplificado): 0.0s
[12:32:38] ================================================================================
[12:32:38] PASO 2.5: ARMANDO causas.txt SIMPLIFICADO (cruce contra total_causas_sigemi.txt)
[12:32:38] ================================================================================
[12:32:38]   • Actas vencidas viejas (multas): 102129
[12:32:38]   • Causas totales en el maestro SIGEMI: 134069
[12:32:38]   • Causas que coinciden (simplificado): 101809
[12:32:38]   ✅ Archivo escrito: backend/descargas/causas/causas.txt
[12:32:38] ⏱ PASO 2.5 (causas simplificado): 0.4s
[12:32:38] ================================================================================
[12:32:38] PASO 3: LLENANDO CAUSA_NUMERO (según fecha de cambio de sistema, cruzando por acta + año)
[12:32:38] ================================================================================
[12:32:38] 📊 ESTADÍSTICAS DE LLENADO DE CAUSAS:
[12:32:38]   • Pagos con causa ORIGINAL: 0
[12:32:38]   • Causas encontradas en SIGEMI (actas viejas): 1
[12:32:38]   • Causas NO encontradas en SIGEMI: 0
[12:32:38]   • Causas asignadas automáticamente (actas nuevas): 0
[12:32:38] ⏱ PASO 3 (llenar causas): 0.0s
[12:32:38] ================================================================================
[12:32:38] PASO 4: ORDENANDO POR FECHA Y ACTA_NUMERO
[12:32:38] ================================================================================
[12:32:38] ✓ Pagos ordenados correctamente
[12:32:38]   • Primera entrada: Acta=45457, Fecha=12/09/2024
[12:32:38]   • Última entrada: Acta=45457, Fecha=12/09/2024
[12:32:38] 📝 Escribiendo archivo de salida...
[12:32:38]   ✅ Archivo escrito: backend/descargas/pagos/2026-08-01/PAGOS 20260801 123229.txt
[12:32:38]   ✅ Total registros: 263
[12:32:38] ⏱ PASO 4 (ordenar y escribir): 0.0s
[12:32:38] ================================================================================
[12:32:38] ✅ PROCESO COMPLETADO EXITOSAMENTE
[12:32:38] ================================================================================
[12:32:38] 📊 RESUMEN FINAL DEL PROCESAMIENTO:
[12:32:38]   ENTRADA:
[12:32:38]     • Pagos originales: 19722
[12:32:38]     • Multas SIGEMI cargadas: 102129
[12:32:38]     • Multas SIGI cargadas: 40526
[12:32:38]     • Causas simplificadas (usadas para el cruce): 101809
[12:32:38]   PROCESO:
[12:32:38]     • Pagos rechazados sigemi: 15036
[12:32:38]     • Pagos rechazados sigi: 4685
[12:32:38]   SALIDA:
[12:32:38]     • Pagos desactualizados procesados: 1
[12:32:38]     • Archivo final: backend/descargas/pagos/2026-08-01/PAGOS 20260801 123229.txt
[12:32:38]     • Ordenados por fecha: SÍ ✓
[12:32:38]     • Todos con ACTA_NUMERO: SÍ ✓
[12:32:38]     • Todos con CAUSA_NUMERO: SÍ ✓
[12:32:38] ✅ TXT de pagos (ya cruzado con actas y causas) generado en: backend/descargas/pagos/2026-08-01/PAGOS 20260801 123229.txt
[12:32:38] 🧹 TXT de pagos crudo eliminado (ya usado en el cruce): backend/descargas/pagos/2026-08-01/PAGOS DESCARGADOS.txt
[12:32:38] 🧹 Excel MULTAS_SIGEMI_CRUCE eliminado (ya usado en el cruce): backend/descargas/cache_actas_cruce/MULTAS_SIGEMI_CRUCE.xlsx
[12:32:38] 🧹 Excel MULTAS_SIGI_CRUCE eliminado (ya usado en el cruce): backend/descargas/cache_actas_cruce/MULTAS_SIGI_CRUCE.xlsx
[12:32:38] ✅ CompararActasPaso finalizado. (⏱ 9.1s)
[12:32:38] ✓ [CompararActasPaso] Completado.
[12:32:38] ▶ [CargarPagosPaso] Iniciando...
[12:32:38] ==================================================
[12:32:38] 🚀 PASO: CargarPagosPaso
[12:32:38] ==================================================
[12:32:38] 📤 Subiendo TXT de pagos al SEMyT...
[12:32:40] ✅ Importación de pagos completada con éxito.
[12:32:40] ✅ Archivo TXT de pagos cargado en el SEMyT correctamente.
[12:32:40] ✅ CargarPagosPaso finalizado. (⏱ 1.9s)
[12:32:40] ✓ [CargarPagosPaso] Completado.
[12:32:40] === Ejecución finalizada con éxito ===
