[09:03:35] === Inicio de ejecución: pagos ===
[09:03:37] ▶ [LoginSemytPaso] Iniciando...
[09:03:37] ==================================================
[09:03:37] 🚀 PASO: LoginSemytPaso
[09:03:37] ==================================================
[09:03:38] Abriendo SEMyT...
[09:03:51] ✅ [SEMyT] Sesión existente detectada. Login omitido.
[09:03:51] ✅ LoginSemytPaso finalizado. (⏱ 14.0s)
[09:03:51] ✓ [LoginSemytPaso] Completado.
[09:03:51] ▶ [LoginJuzgadoPaso] Iniciando...
[09:03:51] ==================================================
[09:03:51] 🚀 PASO: LoginJuzgadoPaso
[09:03:51] ==================================================
[09:03:51] Abriendo sitio municipalidad (CiDi)...
[09:03:52] ✅ [Juzgado] Sesión existente detectada. Login omitido.
[09:03:52] ✅ LoginJuzgadoPaso finalizado. (⏱ 1.2s)
[09:03:52] ✓ [LoginJuzgadoPaso] Completado.
[09:03:52] ▶ [DescargasParalelasPaso] Iniciando...
[09:03:52] ==================================================
[09:03:52] 🚀 PASO: DescargasParalelasPaso
[09:03:52] ==================================================
[09:03:54] 📤 Arrancando las 3 descargas en paralelo (mismo browser, páginas separadas)...
[09:03:54] Fecha Desde: 27/06/2024
[09:03:54] Fecha Hasta: 24/11/2025
[09:03:54] Fecha Desde: 25/11/2025
[09:03:54] Fecha Hasta: 23/07/2026
[09:03:54] Descargando Excel...
[09:03:54] Descargando Excel...
[09:04:13] Archivo descargado en: backend/descargas/cache_actas_cruce/MULTAS_JUZGADO_CRUCE.xlsx
[09:04:21] ⏱ [actas_juzgado] completado en 27.5s
[09:04:21] ✅ TXT de pagos descargado en: backend/descargas/pagos/2026-07-23/PAGOS DESCARGADOS.txt
[09:04:21] ⏱ [pagos_txt] completado en 27.6s
[09:04:27] Archivo descargado en: backend/descargas/cache_actas_cruce/MULTAS_SIGEMI_CRUCE.xlsx
[09:04:48] ⏱ [actas_sigemi] completado en 53.9s
[09:04:48] ⏱ TOTAL descargas en paralelo: 53.9s
[09:04:48] ✅ DescargasParalelasPaso finalizado. (⏱ 55.5s)
[09:04:48] ✓ [DescargasParalelasPaso] Completado.
[09:04:48] ▶ [CompararActasPaso] Iniciando...
[09:04:48] ==================================================
[09:04:48] 🚀 PASO: CompararActasPaso
[09:04:48] ==================================================
[09:04:48] 🔍 Comparando actas del SEMyT contra pagos del Juzgado...
[09:04:48] ================================================================================
[09:04:48] INICIANDO PROCESO DE GENERACIÓN DE PAGOS DESACTUALIZADOS
[09:04:48] ================================================================================
[09:04:48] 📂 Cargando archivos...
[09:04:48]   ✓ Pagos: 16456 registros
[09:05:08]   ✓ Excel SIGEMI (multas vencidas viejas): 103722 registros
[09:05:16]   ✓ Excel Juzgado (multas vencidas nuevas): 40407 registros
[09:05:20] ================================================================================
[09:05:20] PASO 1: LLENANDO ACTA_NUMERO (búsqueda por patente + fecha, con desempate por hora)
[09:05:20] ================================================================================
[09:05:26] 📊 ESTADÍSTICAS DE LLENADO DE ACTAS:
[09:05:26]   • Pagos con acta ORIGINAL: 2603
[09:05:26]   • Pagos SIN acta (buscados): 13853
[09:05:26]   • Pagos LLENADOS exitosamente: 3
[09:05:26]   • Pagos NO encontrados en multas: 13850
[09:05:26]   • Pagos SIN RESOLVER por desbalance de cantidades: 0
[09:05:28] ================================================================================
[09:05:28] PASO 1: LLENANDO ACTA_NUMERO (búsqueda por patente + fecha, con desempate por hora)
[09:05:28] ================================================================================
[09:05:35] 📊 ESTADÍSTICAS DE LLENADO DE ACTAS:
[09:05:35]   • Pagos con acta ORIGINAL: 2606
[09:05:35]   • Pagos SIN acta (buscados): 13850
[09:05:35]   • Pagos LLENADOS exitosamente: 0
[09:05:35]   • Pagos NO encontrados en multas: 13850
[09:05:35]   • Pagos SIN RESOLVER por desbalance de cantidades: 0
[09:05:35] ⏱ PASO 1 (llenar actas): 18.4s
[09:05:35] ================================================================================
[09:05:35] PASO 2: FILTRANDO PAGOS CON ACTA_NUMERO COMPLETO
[09:05:35] ================================================================================
[09:05:35] 📊 ESTADÍSTICAS DE FILTRADO:
[09:05:35]   • Pagos TOTALES al inicio: 16456
[09:05:35]   • Pagos CON acta (MANTIENEN): 2606
[09:05:35]   • Pagos RECHAZADOS (sin coincidencias): 13850
[09:05:35] ⚠️  Se eliminaron 13850 registros sin número de acta
[09:05:35]      (recordá: esto incluye tanto pagos ya actualizados/pagados
[09:05:35]       como pagos que quedaron sin resolver por desbalance en el Paso 1)
[09:05:35] ================================================================================
[09:05:35] PASO 2-bis: CONFIRMANDO VIGENCIA DE PAGOS DEL SISTEMA NUEVO (contra MULTAS_JUZGADO_CRUCE)
[09:05:35] ================================================================================
[09:05:36]   ⚠ 2591 pago(s) del sistema nuevo descartados: su acta ya no figura como vencida en MULTAS_JUZGADO_CRUCE (SEMyT ya los actualizó).
[09:05:36]   • Pagos del sistema nuevo descartados por ya estar actualizados: 2591
[09:05:36] ⏱ PASO 2 (filtrar): 1.2s
[09:05:36] 📂 Cargando maestro de causas SIGEMI...
[09:05:36]   ✓ Causas totales (maestro): 134069 registros
[09:05:36] ⏱ PASO 2.5 (causas simplificado): 0.2s
[09:05:36] ================================================================================
[09:05:36] PASO 2.5: ARMANDO causas.txt SIMPLIFICADO (cruce contra total_causas_sigemi.txt)
[09:05:36] ================================================================================
[09:05:38]   • Actas vencidas viejas (multas): 103722
[09:05:38]   • Causas totales en el maestro SIGEMI: 134069
[09:05:38]   • Causas que coinciden (simplificado): 103392
[09:05:38]   ✅ Archivo escrito: backend/descargas/causas/causas.txt
[09:05:38] ⏱ PASO 2.5 (causas simplificado): 2.6s
[09:05:38] ================================================================================
[09:05:38] PASO 3: LLENANDO CAUSA_NUMERO (según fecha de cambio de sistema, cruzando por acta + año)
[09:05:38] ================================================================================
[09:05:38] 📊 ESTADÍSTICAS DE LLENADO DE CAUSAS:
[09:05:38]   • Pagos con causa ORIGINAL: 12
[09:05:38]   • Causas encontradas en SIGEMI (actas viejas): 3
[09:05:38]   • Causas NO encontradas en SIGEMI: 0
[09:05:38]   • Causas asignadas automáticamente (actas nuevas): 0
[09:05:38] ⏱ PASO 3 (llenar causas): 0.0s
[09:05:38] ================================================================================
[09:05:38] PASO 4: ORDENANDO POR FECHA Y ACTA_NUMERO
[09:05:38] ================================================================================
[09:05:38] ✓ Pagos ordenados correctamente
[09:05:38]   • Primera entrada: Acta=76386, Fecha=14/11/2024
[09:05:38]   • Última entrada: Acta=301233, Fecha=23/04/2026
[09:05:38] 📝 Escribiendo archivo de salida...
[09:05:38]   ✅ Archivo escrito: backend/descargas/pagos/2026-07-23/PAGOS 20260723 090448.txt
[09:05:38]   ✅ Total registros: 1716
[09:05:38] ⏱ PASO 4 (ordenar y escribir): 0.0s
[09:05:38] ================================================================================
[09:05:38] ✅ PROCESO COMPLETADO EXITOSAMENTE
[09:05:38] ================================================================================
[09:05:38] 📊 RESUMEN FINAL DEL PROCESAMIENTO:
[09:05:38]   ENTRADA:
[09:05:38]     • Pagos originales: 16456
[09:05:38]     • Multas SIGEMI cargadas: 103722
[09:05:38]     • Multas Juzgado cargadas: 40407
[09:05:38]     • Causas simplificadas (usadas para el cruce): 103392
[09:05:38]   PROCESO:
[09:05:38]     • Pagos rechazados sigemi: 13850
[09:05:38]     • Pagos rechazados juzgado: 2591
[09:05:38]   SALIDA:
[09:05:38]     • Pagos desactualizados procesados: 15
[09:05:38]     • Archivo final: backend/descargas/pagos/2026-07-23/PAGOS 20260723 090448.txt
[09:05:38]     • Ordenados por fecha: SÍ ✓
[09:05:38]     • Todos con ACTA_NUMERO: SÍ ✓
[09:05:38]     • Todos con CAUSA_NUMERO: SÍ ✓
[09:05:38] ✅ TXT de pagos (ya cruzado con actas y causas) generado en: backend/descargas/pagos/2026-07-23/PAGOS 20260723 090448.txt
[09:05:38] 🧹 TXT de pagos crudo eliminado (ya usado en el cruce): backend/descargas/pagos/2026-07-23/PAGOS DESCARGADOS.txt
[09:05:38] 🧹 Excel MULTAS_SIGEMI_CRUCE eliminado (ya usado en el cruce): backend/descargas/cache_actas_cruce/MULTAS_SIGEMI_CRUCE.xlsx
[09:05:38] 🧹 Excel MULTAS_JUZGADO_CRUCE eliminado (ya usado en el cruce): backend/descargas/cache_actas_cruce/MULTAS_JUZGADO_CRUCE.xlsx
[09:05:38] ✅ CompararActasPaso finalizado. (⏱ 50.6s)
[09:05:38] ✓ [CompararActasPaso] Completado.
[09:05:38] ▶ [CargarPagosPaso] Iniciando...
[09:05:38] ==================================================
[09:05:38] 🚀 PASO: CargarPagosPaso
[09:05:38] ==================================================
[09:05:38] 📤 Subiendo TXT de pagos al SEMyT...
[09:05:42] ✅ Importación de pagos completada con éxito.
[09:05:42] ✅ Archivo TXT de pagos cargado en el SEMyT correctamente.
[09:05:42] ✅ CargarPagosPaso finalizado. (⏱ 3.9s)
[09:05:42] ✓ [CargarPagosPaso] Completado.
[09:05:43] === Ejecución finalizada con éxito ===
