[22:55:12] === Inicio de ejecución: pagos ===
[22:55:14] ▶ [LoginSemytPaso] Iniciando...
[22:55:14] ==================================================
[22:55:14] 🚀 PASO: LoginSemytPaso
[22:55:14] ==================================================
[22:55:15] Abriendo SEMyT...
[22:55:18] ✅ [SEMyT] Sesión existente detectada. Login omitido.
[22:55:19] ✅ LoginSemytPaso finalizado. (⏱ 4.2s)
[22:55:19] ✓ [LoginSemytPaso] Completado.
[22:55:19] ▶ [LoginJuzgadoPaso] Iniciando...
[22:55:19] ==================================================
[22:55:19] 🚀 PASO: LoginJuzgadoPaso
[22:55:19] ==================================================
[22:55:19] Abriendo sitio municipalidad (CiDi)...
[22:55:20] ✅ [Juzgado] Sesión existente detectada. Login omitido.
[22:55:20] ✅ LoginJuzgadoPaso finalizado. (⏱ 1.6s)
[22:55:20] ✓ [LoginJuzgadoPaso] Completado.
[22:55:20] ▶ [DescargasParalelasPaso] Iniciando...
[22:55:20] ==================================================
[22:55:20] 🚀 PASO: DescargasParalelasPaso
[22:55:20] ==================================================
[22:55:22] 📤 Arrancando las 3 descargas en paralelo (mismo browser, páginas separadas)...
[22:55:22] Fecha Desde: 27/06/2024
[22:55:22] Fecha Hasta: 24/11/2025
[22:55:22] Fecha Desde: 25/11/2025
[22:55:22] Fecha Hasta: 23/07/2026
[22:55:22] Descargando Excel...
[22:55:22] Descargando Excel...
[22:55:31] Archivo descargado en: backend/descargas/cache_actas_cruce/MULTAS_JUZGADO_CRUCE.xlsx
[22:55:39] ⏱ [actas_juzgado] completado en 17.6s
[22:55:40] Archivo descargado en: backend/descargas/cache_actas_cruce/MULTAS_SIGEMI_CRUCE.xlsx
[22:56:01] ⏱ [actas_sigemi] completado en 39.2s
[22:56:01] ✅ TXT de pagos descargado en: backend/descargas/pagos/2026-07-23/PAGOS DESCARGADOS.txt
[22:56:01] ⏱ [pagos_txt] completado en 39.3s
[22:56:01] ⏱ TOTAL descargas en paralelo: 39.3s
[22:56:01] ✅ DescargasParalelasPaso finalizado. (⏱ 40.9s)
[22:56:01] ✓ [DescargasParalelasPaso] Completado.
[22:56:01] ▶ [CompararActasPaso] Iniciando...
[22:56:01] ==================================================
[22:56:01] 🚀 PASO: CompararActasPaso
[22:56:01] ==================================================
[22:56:01] 🔍 Comparando actas del SEMyT contra pagos del Juzgado...
[22:56:01] ================================================================================
[22:56:01] INICIANDO PROCESO DE GENERACIÓN DE PAGOS DESACTUALIZADOS
[22:56:01] ================================================================================
[22:56:01] 📂 Cargando archivos...
[22:56:01]   ✓ Pagos: 16848 registros
[22:56:23]   ✓ Excel SIGEMI (multas vencidas viejas): 103584 registros
[22:56:31]   ✓ Excel Juzgado (multas vencidas nuevas): 40140 registros
[22:56:35] ================================================================================
[22:56:35] PASO 1: LLENANDO ACTA_NUMERO (búsqueda por patente + fecha, con desempate por hora)
[22:56:35] ================================================================================
[22:56:41] 📊 ESTADÍSTICAS DE LLENADO DE ACTAS:
[22:56:41]   • Pagos con acta ORIGINAL: 2863
[22:56:41]   • Pagos SIN acta (buscados): 13985
[22:56:41]   • Pagos LLENADOS exitosamente: 1
[22:56:41]   • Pagos NO encontrados en multas: 13984
[22:56:41]   • Pagos SIN RESOLVER por desbalance de cantidades: 0
[22:56:42] ================================================================================
[22:56:42] PASO 1: LLENANDO ACTA_NUMERO (búsqueda por patente + fecha, con desempate por hora)
[22:56:42] ================================================================================
[22:56:48] 📊 ESTADÍSTICAS DE LLENADO DE ACTAS:
[22:56:48]   • Pagos con acta ORIGINAL: 2864
[22:56:48]   • Pagos SIN acta (buscados): 13984
[22:56:48]   • Pagos LLENADOS exitosamente: 0
[22:56:48]   • Pagos NO encontrados en multas: 13984
[22:56:48]   • Pagos SIN RESOLVER por desbalance de cantidades: 0
[22:56:48] ⏱ PASO 1 (llenar actas): 16.8s
[22:56:48] ================================================================================
[22:56:48] PASO 2: FILTRANDO PAGOS CON ACTA_NUMERO COMPLETO
[22:56:48] ================================================================================
[22:56:48] 📊 ESTADÍSTICAS DE FILTRADO:
[22:56:48]   • Pagos TOTALES al inicio: 16848
[22:56:48]   • Pagos CON acta (MANTIENEN): 2864
[22:56:48]   • Pagos RECHAZADOS (sin coincidencias): 13984
[22:56:48] ⚠️  Se eliminaron 13984 registros sin número de acta
[22:56:48]      (recordá: esto incluye tanto pagos ya actualizados/pagados
[22:56:48]       como pagos que quedaron sin resolver por desbalance en el Paso 1)
[22:56:48] ================================================================================
[22:56:48] PASO 2-bis: CONFIRMANDO VIGENCIA DE PAGOS DEL SISTEMA NUEVO (contra MULTAS_JUZGADO_CRUCE)
[22:56:48] ================================================================================
[22:56:49]   ⚠ 2857 pago(s) del sistema nuevo descartados: su acta ya no figura como vencida en MULTAS_JUZGADO_CRUCE (SEMyT ya los actualizó).
[22:56:49]   • Pagos del sistema nuevo descartados por ya estar actualizados: 2857
[22:56:49] ⏱ PASO 2 (filtrar): 1.4s
[22:56:49] 📂 Cargando maestro de causas SIGEMI...
[22:56:49]   ✓ Causas totales (maestro): 134069 registros
[22:56:49] ⏱ PASO 2.5 (causas simplificado): 0.2s
[22:56:49] ================================================================================
[22:56:49] PASO 2.5: ARMANDO causas.txt SIMPLIFICADO (cruce contra total_causas_sigemi.txt)
[22:56:49] ================================================================================
[22:56:52]   • Actas vencidas viejas (multas): 103584
[22:56:52]   • Causas totales en el maestro SIGEMI: 134069
[22:56:52]   • Causas que coinciden (simplificado): 103254
[22:56:52]   ✅ Archivo escrito: backend/descargas/causas/causas.txt
[22:56:52] ⏱ PASO 2.5 (causas simplificado): 2.9s
[22:56:52] ================================================================================
[22:56:52] PASO 3: LLENANDO CAUSA_NUMERO (según fecha de cambio de sistema, cruzando por acta + año)
[22:56:52] ================================================================================
[22:56:52] 📊 ESTADÍSTICAS DE LLENADO DE CAUSAS:
[22:56:52]   • Pagos con causa ORIGINAL: 6
[22:56:52]   • Causas encontradas en SIGEMI (actas viejas): 1
[22:56:52]   • Causas NO encontradas en SIGEMI: 0
[22:56:52]   • Causas asignadas automáticamente (actas nuevas): 0
[22:56:52] ⏱ PASO 3 (llenar causas): 0.0s
[22:56:52] ================================================================================
[22:56:52] PASO 4: ORDENANDO POR FECHA Y ACTA_NUMERO
[22:56:52] ================================================================================
[22:56:52] ✓ Pagos ordenados correctamente
[22:56:52]   • Primera entrada: Acta=234045, Fecha=14/11/2025
[22:56:52]   • Última entrada: Acta=275230, Fecha=04/03/2026
[22:56:52] 📝 Escribiendo archivo de salida...
[22:56:52]   ✅ Archivo escrito: backend/descargas/pagos/2026-07-23/PAGOS 20260723 225601.txt
[22:56:52]   ✅ Total registros: 878
[22:56:52] ⏱ PASO 4 (ordenar y escribir): 0.0s
[22:56:52] ================================================================================
[22:56:52] ✅ PROCESO COMPLETADO EXITOSAMENTE
[22:56:52] ================================================================================
[22:56:52] 📊 RESUMEN FINAL DEL PROCESAMIENTO:
[22:56:52]   ENTRADA:
[22:56:52]     • Pagos originales: 16848
[22:56:52]     • Multas SIGEMI cargadas: 103584
[22:56:52]     • Multas Juzgado cargadas: 40140
[22:56:52]     • Causas simplificadas (usadas para el cruce): 103254
[22:56:52]   PROCESO:
[22:56:52]     • Pagos rechazados sigemi: 13984
[22:56:52]     • Pagos rechazados juzgado: 2857
[22:56:52]   SALIDA:
[22:56:52]     • Pagos desactualizados procesados: 7
[22:56:52]     • Archivo final: backend/descargas/pagos/2026-07-23/PAGOS 20260723 225601.txt
[22:56:52]     • Ordenados por fecha: SÍ ✓
[22:56:52]     • Todos con ACTA_NUMERO: SÍ ✓
[22:56:52]     • Todos con CAUSA_NUMERO: SÍ ✓
[22:56:52] ✅ TXT de pagos (ya cruzado con actas y causas) generado en: backend/descargas/pagos/2026-07-23/PAGOS 20260723 225601.txt
[22:56:52] 🧹 TXT de pagos crudo eliminado (ya usado en el cruce): backend/descargas/pagos/2026-07-23/PAGOS DESCARGADOS.txt
[22:56:52] 🧹 Excel MULTAS_SIGEMI_CRUCE eliminado (ya usado en el cruce): backend/descargas/cache_actas_cruce/MULTAS_SIGEMI_CRUCE.xlsx
[22:56:52] 🧹 Excel MULTAS_JUZGADO_CRUCE eliminado (ya usado en el cruce): backend/descargas/cache_actas_cruce/MULTAS_JUZGADO_CRUCE.xlsx
[22:56:52] ✅ CompararActasPaso finalizado. (⏱ 51.3s)
[22:56:52] ✓ [CompararActasPaso] Completado.
[22:56:52] ▶ [CargarPagosPaso] Iniciando...
[22:56:52] ==================================================
[22:56:52] 🚀 PASO: CargarPagosPaso
[22:56:52] ==================================================
[22:56:52] 📤 Subiendo TXT de pagos al SEMyT...
[22:56:56] ✅ Importación de pagos completada con éxito.
[22:56:56] ✅ Archivo TXT de pagos cargado en el SEMyT correctamente.
[22:56:56] ✅ CargarPagosPaso finalizado. (⏱ 4.0s)
[22:56:56] ✓ [CargarPagosPaso] Completado.
[22:56:57] === Ejecución finalizada con éxito ===
