[21:21:29] === Inicio de ejecución: pagos ===
[21:21:32] ▶ [LoginSemytPaso] Iniciando...
[21:21:32] ==================================================
[21:21:32] 🚀 PASO: LoginSemytPaso
[21:21:32] ==================================================
[21:21:32] Abriendo SEMyT...
[21:21:35] ✅ [SEMyT] Sesión existente detectada. Login omitido.
[21:21:35] ✅ LoginSemytPaso finalizado. (⏱ 3.9s)
[21:21:35] ✓ [LoginSemytPaso] Completado.
[21:21:35] ▶ [LoginJuzgadoPaso] Iniciando...
[21:21:35] ==================================================
[21:21:35] 🚀 PASO: LoginJuzgadoPaso
[21:21:35] ==================================================
[21:21:36] Abriendo sitio municipalidad (CiDi)...
[21:21:36] ✅ [Juzgado] Sesión existente detectada. Login omitido.
[21:21:36] ✅ LoginJuzgadoPaso finalizado. (⏱ 1.1s)
[21:21:37] ✓ [LoginJuzgadoPaso] Completado.
[21:21:37] ▶ [DescargasParalelasPaso] Iniciando...
[21:21:37] ==================================================
[21:21:37] 🚀 PASO: DescargasParalelasPaso
[21:21:37] ==================================================
[21:21:38] 📤 Arrancando las 3 descargas en paralelo (mismo browser, páginas separadas)...
[21:21:38] Fecha Desde: 27/06/2024
[21:21:38] Fecha Hasta: 24/11/2025
[21:21:38] Fecha Desde: 25/11/2025
[21:21:38] Fecha Hasta: 23/07/2026
[21:21:38] Descargando Excel...
[21:21:38] Descargando Excel...
[21:21:48] Archivo descargado en: backend/descargas/cache_actas_cruce/MULTAS_JUZGADO_CRUCE.xlsx
[21:21:55] ⏱ [actas_juzgado] completado en 17.7s
[21:21:57] Archivo descargado en: backend/descargas/cache_actas_cruce/MULTAS_SIGEMI_CRUCE.xlsx
[21:22:14] ⏱ [actas_sigemi] completado en 36.3s
[21:22:14] ✅ TXT de pagos descargado en: backend/descargas/pagos/2026-07-23/PAGOS DESCARGADOS.txt
[21:22:14] ⏱ [pagos_txt] completado en 36.4s
[21:22:14] ⏱ TOTAL descargas en paralelo: 36.4s
[21:22:14] ✅ DescargasParalelasPaso finalizado. (⏱ 37.4s)
[21:22:14] ✓ [DescargasParalelasPaso] Completado.
[21:22:14] ▶ [CompararActasPaso] Iniciando...
[21:22:14] ==================================================
[21:22:14] 🚀 PASO: CompararActasPaso
[21:22:14] ==================================================
[21:22:14] 🔍 Comparando actas del SEMyT contra pagos del Juzgado...
[21:22:14] ================================================================================
[21:22:14] INICIANDO PROCESO DE GENERACIÓN DE PAGOS DESACTUALIZADOS
[21:22:14] ================================================================================
[21:22:14] 📂 Cargando archivos...
[21:22:14]   ✓ Pagos: 16835 registros
[21:22:30]   ✓ Excel SIGEMI (multas vencidas viejas): 103585 registros
[21:22:36]   ✓ Excel Juzgado (multas vencidas nuevas): 40152 registros
[21:22:39] ================================================================================
[21:22:39] PASO 1: LLENANDO ACTA_NUMERO (búsqueda por patente + fecha, con desempate por hora)
[21:22:39] ================================================================================
[21:22:45] 📊 ESTADÍSTICAS DE LLENADO DE ACTAS:
[21:22:45]   • Pagos con acta ORIGINAL: 2852
[21:22:45]   • Pagos SIN acta (buscados): 13983
[21:22:45]   • Pagos LLENADOS exitosamente: 0
[21:22:45]   • Pagos NO encontrados en multas: 13983
[21:22:45]   • Pagos SIN RESOLVER por desbalance de cantidades: 0
[21:22:46] ================================================================================
[21:22:46] PASO 1: LLENANDO ACTA_NUMERO (búsqueda por patente + fecha, con desempate por hora)
[21:22:46] ================================================================================
[21:22:52] 📊 ESTADÍSTICAS DE LLENADO DE ACTAS:
[21:22:52]   • Pagos con acta ORIGINAL: 2852
[21:22:52]   • Pagos SIN acta (buscados): 13983
[21:22:52]   • Pagos LLENADOS exitosamente: 0
[21:22:52]   • Pagos NO encontrados en multas: 13983
[21:22:52]   • Pagos SIN RESOLVER por desbalance de cantidades: 0
[21:22:52] ⏱ PASO 1 (llenar actas): 15.2s
[21:22:52] ================================================================================
[21:22:52] PASO 2: FILTRANDO PAGOS CON ACTA_NUMERO COMPLETO
[21:22:52] ================================================================================
[21:22:52] 📊 ESTADÍSTICAS DE FILTRADO:
[21:22:52]   • Pagos TOTALES al inicio: 16835
[21:22:52]   • Pagos CON acta (MANTIENEN): 2852
[21:22:52]   • Pagos RECHAZADOS (sin coincidencias): 13983
[21:22:52] ⚠️  Se eliminaron 13983 registros sin número de acta
[21:22:52]      (recordá: esto incluye tanto pagos ya actualizados/pagados
[21:22:52]       como pagos que quedaron sin resolver por desbalance en el Paso 1)
[21:22:52] ================================================================================
[21:22:52] PASO 2-bis: CONFIRMANDO VIGENCIA DE PAGOS DEL SISTEMA NUEVO (contra MULTAS_JUZGADO_CRUCE)
[21:22:52] ================================================================================
[21:22:53]   ⚠ 2845 pago(s) del sistema nuevo descartados: su acta ya no figura como vencida en MULTAS_JUZGADO_CRUCE (SEMyT ya los actualizó).
[21:22:53]   • Pagos del sistema nuevo descartados por ya estar actualizados: 2845
[21:22:53] ⏱ PASO 2 (filtrar): 0.9s
[21:22:53] 📂 Cargando maestro de causas SIGEMI...
[21:22:53]   ✓ Causas totales (maestro): 134069 registros
[21:22:53] ⏱ PASO 2.5 (causas simplificado): 0.2s
[21:22:53] ================================================================================
[21:22:53] PASO 2.5: ARMANDO causas.txt SIMPLIFICADO (cruce contra total_causas_sigemi.txt)
[21:22:53] ================================================================================
[21:22:55]   • Actas vencidas viejas (multas): 103585
[21:22:55]   • Causas totales en el maestro SIGEMI: 134069
[21:22:55]   • Causas que coinciden (simplificado): 103255
[21:22:55]   ✅ Archivo escrito: backend/descargas/causas/causas.txt
[21:22:55] ⏱ PASO 2.5 (causas simplificado): 2.4s
[21:22:55] ================================================================================
[21:22:55] PASO 3: LLENANDO CAUSA_NUMERO (según fecha de cambio de sistema, cruzando por acta + año)
[21:22:55] ================================================================================
[21:22:55] 📊 ESTADÍSTICAS DE LLENADO DE CAUSAS:
[21:22:55]   • Pagos con causa ORIGINAL: 7
[21:22:55]   • Causas encontradas en SIGEMI (actas viejas): 0
[21:22:55]   • Causas NO encontradas en SIGEMI: 0
[21:22:55]   • Causas asignadas automáticamente (actas nuevas): 0
[21:22:55] ⏱ PASO 3 (llenar causas): 0.0s
[21:22:55] ================================================================================
[21:22:55] PASO 4: ORDENANDO POR FECHA Y ACTA_NUMERO
[21:22:55] ================================================================================
[21:22:55] ✓ Pagos ordenados correctamente
[21:22:55]   • Primera entrada: Acta=245499, Fecha=12/12/2025
[21:22:55]   • Última entrada: Acta=273049, Fecha=27/02/2026
[21:22:55] 📝 Escribiendo archivo de salida...
[21:22:55]   ✅ Archivo escrito: backend/descargas/pagos/2026-07-23/PAGOS 20260723 212214.txt
[21:22:55]   ✅ Total registros: 913
[21:22:55] ⏱ PASO 4 (ordenar y escribir): 0.0s
[21:22:55] ================================================================================
[21:22:55] ✅ PROCESO COMPLETADO EXITOSAMENTE
[21:22:55] ================================================================================
[21:22:55] 📊 RESUMEN FINAL DEL PROCESAMIENTO:
[21:22:55]   ENTRADA:
[21:22:55]     • Pagos originales: 16835
[21:22:55]     • Multas SIGEMI cargadas: 103585
[21:22:55]     • Multas Juzgado cargadas: 40152
[21:22:55]     • Causas simplificadas (usadas para el cruce): 103255
[21:22:55]   PROCESO:
[21:22:55]     • Pagos rechazados sigemi: 13983
[21:22:55]     • Pagos rechazados juzgado: 2845
[21:22:55]   SALIDA:
[21:22:55]     • Pagos desactualizados procesados: 7
[21:22:55]     • Archivo final: backend/descargas/pagos/2026-07-23/PAGOS 20260723 212214.txt
[21:22:55]     • Ordenados por fecha: SÍ ✓
[21:22:55]     • Todos con ACTA_NUMERO: SÍ ✓
[21:22:55]     • Todos con CAUSA_NUMERO: SÍ ✓
[21:22:55] ✅ TXT de pagos (ya cruzado con actas y causas) generado en: backend/descargas/pagos/2026-07-23/PAGOS 20260723 212214.txt
[21:22:55] 🧹 TXT de pagos crudo eliminado (ya usado en el cruce): backend/descargas/pagos/2026-07-23/PAGOS DESCARGADOS.txt
[21:22:55] 🧹 Excel MULTAS_SIGEMI_CRUCE eliminado (ya usado en el cruce): backend/descargas/cache_actas_cruce/MULTAS_SIGEMI_CRUCE.xlsx
[21:22:55] 🧹 Excel MULTAS_JUZGADO_CRUCE eliminado (ya usado en el cruce): backend/descargas/cache_actas_cruce/MULTAS_JUZGADO_CRUCE.xlsx
[21:22:55] ✅ CompararActasPaso finalizado. (⏱ 41.2s)
[21:22:55] ✓ [CompararActasPaso] Completado.
[21:22:55] ▶ [CargarPagosPaso] Iniciando...
[21:22:55] ==================================================
[21:22:55] 🚀 PASO: CargarPagosPaso
[21:22:55] ==================================================
[21:22:55] 📤 Subiendo TXT de pagos al SEMyT...
[21:22:57] ✅ Importación de pagos completada con éxito.
[21:22:58] ✅ Archivo TXT de pagos cargado en el SEMyT correctamente.
[21:22:58] ✅ CargarPagosPaso finalizado. (⏱ 2.5s)
[21:22:58] ✓ [CargarPagosPaso] Completado.
[21:22:58] === Ejecución finalizada con éxito ===
