[19:46:22] === Inicio de ejecución: pagos ===
[19:46:24] ▶ [LoginSemytPaso] Iniciando...
[19:46:24] ==================================================
[19:46:24] 🚀 PASO: LoginSemytPaso
[19:46:24] ==================================================
[19:46:25] Abriendo SEMyT...
[19:46:28] ✅ [SEMyT] Sesión existente detectada. Login omitido.
[19:46:29] ✅ LoginSemytPaso finalizado. (⏱ 4.8s)
[19:46:29] ✓ [LoginSemytPaso] Completado.
[19:46:29] ▶ [LoginJuzgadoPaso] Iniciando...
[19:46:29] ==================================================
[19:46:29] 🚀 PASO: LoginJuzgadoPaso
[19:46:29] ==================================================
[19:46:29] Abriendo sitio municipalidad (CiDi)...
[19:46:30] ✅ [Juzgado] Sesión existente detectada. Login omitido.
[19:46:30] ✅ LoginJuzgadoPaso finalizado. (⏱ 1.5s)
[19:46:30] ✓ [LoginJuzgadoPaso] Completado.
[19:46:30] ▶ [DescargasParalelasPaso] Iniciando...
[19:46:30] ==================================================
[19:46:30] 🚀 PASO: DescargasParalelasPaso
[19:46:30] ==================================================
[19:46:32] 📤 Arrancando las 3 descargas en paralelo (mismo browser, páginas separadas)...
[19:46:32] Fecha Desde: 27/06/2024
[19:46:32] Fecha Hasta: 24/11/2025
[19:46:32] Fecha Desde: 25/11/2025
[19:46:32] Fecha Hasta: 23/07/2026
[19:46:33] Descargando Excel...
[19:46:33] Descargando Excel...
[19:46:43] Archivo descargado en: backend/descargas/cache_actas_cruce/MULTAS_JUZGADO_CRUCE.xlsx
[19:46:52] ⏱ [actas_juzgado] completado en 19.7s
[19:46:52] Archivo descargado en: backend/descargas/cache_actas_cruce/MULTAS_SIGEMI_CRUCE.xlsx
[19:47:14] ⏱ [actas_sigemi] completado en 42.5s
[19:47:14] ✅ TXT de pagos descargado en: backend/descargas/pagos/2026-07-23/PAGOS DESCARGADOS.txt
[19:47:14] ⏱ [pagos_txt] completado en 42.6s
[19:47:14] ⏱ TOTAL descargas en paralelo: 42.6s
[19:47:14] ✅ DescargasParalelasPaso finalizado. (⏱ 44.0s)
[19:47:14] ✓ [DescargasParalelasPaso] Completado.
[19:47:14] ▶ [CompararActasPaso] Iniciando...
[19:47:14] ==================================================
[19:47:14] 🚀 PASO: CompararActasPaso
[19:47:14] ==================================================
[19:47:14] 🔍 Comparando actas del SEMyT contra pagos del Juzgado...
[19:47:14] ================================================================================
[19:47:14] INICIANDO PROCESO DE GENERACIÓN DE PAGOS DESACTUALIZADOS
[19:47:14] ================================================================================
[19:47:14] 📂 Cargando archivos...
[19:47:14]   ✓ Pagos: 16815 registros
[19:47:36]   ✓ Excel SIGEMI (multas vencidas viejas): 103594 registros
[19:47:45]   ✓ Excel Juzgado (multas vencidas nuevas): 40158 registros
[19:47:49] ================================================================================
[19:47:49] PASO 1: LLENANDO ACTA_NUMERO (búsqueda por patente + fecha, con desempate por hora)
[19:47:49] ================================================================================
[19:47:56] 📊 ESTADÍSTICAS DE LLENADO DE ACTAS:
[19:47:56]   • Pagos con acta ORIGINAL: 2839
[19:47:56]   • Pagos SIN acta (buscados): 13976
[19:47:56]   • Pagos LLENADOS exitosamente: 2
[19:47:56]   • Pagos NO encontrados en multas: 13974
[19:47:56]   • Pagos SIN RESOLVER por desbalance de cantidades: 0
[19:47:57] ================================================================================
[19:47:57] PASO 1: LLENANDO ACTA_NUMERO (búsqueda por patente + fecha, con desempate por hora)
[19:47:57] ================================================================================
[19:48:05] 📊 ESTADÍSTICAS DE LLENADO DE ACTAS:
[19:48:05]   • Pagos con acta ORIGINAL: 2841
[19:48:05]   • Pagos SIN acta (buscados): 13974
[19:48:05]   • Pagos LLENADOS exitosamente: 0
[19:48:05]   • Pagos NO encontrados en multas: 13974
[19:48:05]   • Pagos SIN RESOLVER por desbalance de cantidades: 0
[19:48:05] ⏱ PASO 1 (llenar actas): 19.8s
[19:48:05] ================================================================================
[19:48:05] PASO 2: FILTRANDO PAGOS CON ACTA_NUMERO COMPLETO
[19:48:05] ================================================================================
[19:48:05] 📊 ESTADÍSTICAS DE FILTRADO:
[19:48:05]   • Pagos TOTALES al inicio: 16815
[19:48:05]   • Pagos CON acta (MANTIENEN): 2841
[19:48:05]   • Pagos RECHAZADOS (sin coincidencias): 13974
[19:48:05] ⚠️  Se eliminaron 13974 registros sin número de acta
[19:48:05]      (recordá: esto incluye tanto pagos ya actualizados/pagados
[19:48:05]       como pagos que quedaron sin resolver por desbalance en el Paso 1)
[19:48:05] ================================================================================
[19:48:05] PASO 2-bis: CONFIRMANDO VIGENCIA DE PAGOS DEL SISTEMA NUEVO (contra MULTAS_JUZGADO_CRUCE)
[19:48:05] ================================================================================
[19:48:06]   ⚠ 2839 pago(s) del sistema nuevo descartados: su acta ya no figura como vencida en MULTAS_JUZGADO_CRUCE (SEMyT ya los actualizó).
[19:48:06]   • Pagos del sistema nuevo descartados por ya estar actualizados: 2839
[19:48:06] ⏱ PASO 2 (filtrar): 1.4s
[19:48:06] 📂 Cargando maestro de causas SIGEMI...
[19:48:06]   ✓ Causas totales (maestro): 134069 registros
[19:48:06] ⏱ PASO 2.5 (causas simplificado): 0.2s
[19:48:06] ================================================================================
[19:48:06] PASO 2.5: ARMANDO causas.txt SIMPLIFICADO (cruce contra total_causas_sigemi.txt)
[19:48:06] ================================================================================
[19:48:08]   • Actas vencidas viejas (multas): 103594
[19:48:08]   • Causas totales en el maestro SIGEMI: 134069
[19:48:08]   • Causas que coinciden (simplificado): 103264
[19:48:08]   ✅ Archivo escrito: backend/descargas/causas/causas.txt
[19:48:09] ⏱ PASO 2.5 (causas simplificado): 2.9s
[19:48:09] ================================================================================
[19:48:09] PASO 3: LLENANDO CAUSA_NUMERO (según fecha de cambio de sistema, cruzando por acta + año)
[19:48:09] ================================================================================
[19:48:09] 📊 ESTADÍSTICAS DE LLENADO DE CAUSAS:
[19:48:09]   • Pagos con causa ORIGINAL: 0
[19:48:09]   • Causas encontradas en SIGEMI (actas viejas): 2
[19:48:09]   • Causas NO encontradas en SIGEMI: 0
[19:48:09]   • Causas asignadas automáticamente (actas nuevas): 0
[19:48:09] ⏱ PASO 3 (llenar causas): 0.0s
[19:48:09] ================================================================================
[19:48:09] PASO 4: ORDENANDO POR FECHA Y ACTA_NUMERO
[19:48:09] ================================================================================
[19:48:09] ✓ Pagos ordenados correctamente
[19:48:09]   • Primera entrada: Acta=76559, Fecha=14/11/2024
[19:48:09]   • Última entrada: Acta=230670, Fecha=06/11/2025
[19:48:09] 📝 Escribiendo archivo de salida...
[19:48:09]   ✅ Archivo escrito: backend/descargas/pagos/2026-07-23/PAGOS 20260723 194714.txt
[19:48:09]   ✅ Total registros: 368
[19:48:09] ⏱ PASO 4 (ordenar y escribir): 0.0s
[19:48:09] ================================================================================
[19:48:09] ✅ PROCESO COMPLETADO EXITOSAMENTE
[19:48:09] ================================================================================
[19:48:09] 📊 RESUMEN FINAL DEL PROCESAMIENTO:
[19:48:09]   ENTRADA:
[19:48:09]     • Pagos originales: 16815
[19:48:09]     • Multas SIGEMI cargadas: 103594
[19:48:09]     • Multas Juzgado cargadas: 40158
[19:48:09]     • Causas simplificadas (usadas para el cruce): 103264
[19:48:09]   PROCESO:
[19:48:09]     • Pagos rechazados sigemi: 13974
[19:48:09]     • Pagos rechazados juzgado: 2839
[19:48:09]   SALIDA:
[19:48:09]     • Pagos desactualizados procesados: 2
[19:48:09]     • Archivo final: backend/descargas/pagos/2026-07-23/PAGOS 20260723 194714.txt
[19:48:09]     • Ordenados por fecha: SÍ ✓
[19:48:09]     • Todos con ACTA_NUMERO: SÍ ✓
[19:48:09]     • Todos con CAUSA_NUMERO: SÍ ✓
[19:48:09] ✅ TXT de pagos (ya cruzado con actas y causas) generado en: backend/descargas/pagos/2026-07-23/PAGOS 20260723 194714.txt
[19:48:09] 🧹 TXT de pagos crudo eliminado (ya usado en el cruce): backend/descargas/pagos/2026-07-23/PAGOS DESCARGADOS.txt
[19:48:09] 🧹 Excel MULTAS_SIGEMI_CRUCE eliminado (ya usado en el cruce): backend/descargas/cache_actas_cruce/MULTAS_SIGEMI_CRUCE.xlsx
[19:48:09] 🧹 Excel MULTAS_JUZGADO_CRUCE eliminado (ya usado en el cruce): backend/descargas/cache_actas_cruce/MULTAS_JUZGADO_CRUCE.xlsx
[19:48:09] ✅ CompararActasPaso finalizado. (⏱ 54.7s)
[19:48:09] ✓ [CompararActasPaso] Completado.
[19:48:09] ▶ [CargarPagosPaso] Iniciando...
[19:48:09] ==================================================
[19:48:09] 🚀 PASO: CargarPagosPaso
[19:48:09] ==================================================
[19:48:09] 📤 Subiendo TXT de pagos al SEMyT...
[19:48:12] ✅ Importación de pagos completada con éxito.
[19:48:13] ✅ Archivo TXT de pagos cargado en el SEMyT correctamente.
[19:48:13] ✅ CargarPagosPaso finalizado. (⏱ 4.1s)
[19:48:13] ✓ [CargarPagosPaso] Completado.
[19:48:13] === Ejecución finalizada con éxito ===
