[13:01:30] === Inicio de ejecución: pagos ===
[13:01:32] ▶ [LoginSemytPaso] Iniciando...
[13:01:32] ==================================================
[13:01:32] 🚀 PASO: LoginSemytPaso
[13:01:32] ==================================================
[13:01:33] Abriendo SEMyT...
[13:01:45] ✅ [SEMyT] Sesión existente detectada. Login omitido.
[13:01:46] ✅ LoginSemytPaso finalizado. (⏱ 13.1s)
[13:01:46] ✓ [LoginSemytPaso] Completado.
[13:01:46] ▶ [LoginJuzgadoPaso] Iniciando...
[13:01:46] ==================================================
[13:01:46] 🚀 PASO: LoginJuzgadoPaso
[13:01:46] ==================================================
[13:01:46] Abriendo sitio municipalidad (CiDi)...
[13:01:46] ✅ [Juzgado] Sesión existente detectada. Login omitido.
[13:01:47] ✅ LoginJuzgadoPaso finalizado. (⏱ 1.3s)
[13:01:47] ✓ [LoginJuzgadoPaso] Completado.
[13:01:47] ▶ [DescargasParalelasPaso] Iniciando...
[13:01:47] ==================================================
[13:01:47] 🚀 PASO: DescargasParalelasPaso
[13:01:47] ==================================================
[13:01:48] 📤 Arrancando las 3 descargas en paralelo (mismo browser, páginas separadas)...
[13:01:48] Fecha Desde: 27/06/2024
[13:01:48] Fecha Hasta: 24/11/2025
[13:01:48] Fecha Desde: 25/11/2025
[13:01:48] Fecha Hasta: 23/07/2026
[13:01:49] Descargando Excel...
[13:01:49] Descargando Excel...
[13:02:03] Archivo descargado en: backend/descargas/cache_actas_cruce/MULTAS_JUZGADO_CRUCE.xlsx
[13:02:12] ⏱ [actas_juzgado] completado en 23.5s
[13:02:12] ✅ TXT de pagos descargado en: backend/descargas/pagos/2026-07-23/PAGOS DESCARGADOS.txt
[13:02:12] ⏱ [pagos_txt] completado en 23.6s
[13:02:18] Archivo descargado en: backend/descargas/cache_actas_cruce/MULTAS_SIGEMI_CRUCE.xlsx
[13:02:36] ⏱ [actas_sigemi] completado en 47.6s
[13:02:36] ⏱ TOTAL descargas en paralelo: 47.7s
[13:02:36] ✅ DescargasParalelasPaso finalizado. (⏱ 49.1s)
[13:02:36] ✓ [DescargasParalelasPaso] Completado.
[13:02:36] ▶ [CompararActasPaso] Iniciando...
[13:02:36] ==================================================
[13:02:36] 🚀 PASO: CompararActasPaso
[13:02:36] ==================================================
[13:02:36] 🔍 Comparando actas del SEMyT contra pagos del Juzgado...
[13:02:36] ================================================================================
[13:02:36] INICIANDO PROCESO DE GENERACIÓN DE PAGOS DESACTUALIZADOS
[13:02:36] ================================================================================
[13:02:36] 📂 Cargando archivos...
[13:02:36]   ✓ Pagos: 16672 registros
[13:02:54]   ✓ Excel SIGEMI (multas vencidas viejas): 103679 registros
[13:03:00]   ✓ Excel Juzgado (multas vencidas nuevas): 40228 registros
[13:03:04] ================================================================================
[13:03:04] PASO 1: LLENANDO ACTA_NUMERO (búsqueda por patente + fecha, con desempate por hora)
[13:03:04] ================================================================================
[13:03:11] 📊 ESTADÍSTICAS DE LLENADO DE ACTAS:
[13:03:11]   • Pagos con acta ORIGINAL: 2775
[13:03:11]   • Pagos SIN acta (buscados): 13897
[13:03:11]   • Pagos LLENADOS exitosamente: 4
[13:03:11]   • Pagos NO encontrados en multas: 13893
[13:03:11]   • Pagos SIN RESOLVER por desbalance de cantidades: 0
[13:03:12] ================================================================================
[13:03:12] PASO 1: LLENANDO ACTA_NUMERO (búsqueda por patente + fecha, con desempate por hora)
[13:03:12] ================================================================================
[13:03:19] 📊 ESTADÍSTICAS DE LLENADO DE ACTAS:
[13:03:19]   • Pagos con acta ORIGINAL: 2779
[13:03:19]   • Pagos SIN acta (buscados): 13893
[13:03:19]   • Pagos LLENADOS exitosamente: 0
[13:03:19]   • Pagos NO encontrados en multas: 13893
[13:03:19]   • Pagos SIN RESOLVER por desbalance de cantidades: 0
[13:03:19] ⏱ PASO 1 (llenar actas): 19.1s
[13:03:19] ================================================================================
[13:03:19] PASO 2: FILTRANDO PAGOS CON ACTA_NUMERO COMPLETO
[13:03:19] ================================================================================
[13:03:19] 📊 ESTADÍSTICAS DE FILTRADO:
[13:03:19]   • Pagos TOTALES al inicio: 16672
[13:03:19]   • Pagos CON acta (MANTIENEN): 2779
[13:03:19]   • Pagos RECHAZADOS (sin coincidencias): 13893
[13:03:19] ⚠️  Se eliminaron 13893 registros sin número de acta
[13:03:19]      (recordá: esto incluye tanto pagos ya actualizados/pagados
[13:03:19]       como pagos que quedaron sin resolver por desbalance en el Paso 1)
[13:03:19] ================================================================================
[13:03:19] PASO 2-bis: CONFIRMANDO VIGENCIA DE PAGOS DEL SISTEMA NUEVO (contra MULTAS_JUZGADO_CRUCE)
[13:03:19] ================================================================================
[13:03:21]   ⚠ 2771 pago(s) del sistema nuevo descartados: su acta ya no figura como vencida en MULTAS_JUZGADO_CRUCE (SEMyT ya los actualizó).
[13:03:21]   • Pagos del sistema nuevo descartados por ya estar actualizados: 2771
[13:03:21] ⏱ PASO 2 (filtrar): 1.3s
[13:03:21] 📂 Cargando maestro de causas SIGEMI...
[13:03:21]   ✓ Causas totales (maestro): 134069 registros
[13:03:21] ⏱ PASO 2.5 (causas simplificado): 0.2s
[13:03:21] ================================================================================
[13:03:21] PASO 2.5: ARMANDO causas.txt SIMPLIFICADO (cruce contra total_causas_sigemi.txt)
[13:03:21] ================================================================================
[13:03:23]   • Actas vencidas viejas (multas): 103679
[13:03:23]   • Causas totales en el maestro SIGEMI: 134069
[13:03:23]   • Causas que coinciden (simplificado): 103349
[13:03:23]   ✅ Archivo escrito: backend/descargas/causas/causas.txt
[13:03:24] ⏱ PASO 2.5 (causas simplificado): 3.0s
[13:03:24] ================================================================================
[13:03:24] PASO 3: LLENANDO CAUSA_NUMERO (según fecha de cambio de sistema, cruzando por acta + año)
[13:03:24] ================================================================================
[13:03:24] 📊 ESTADÍSTICAS DE LLENADO DE CAUSAS:
[13:03:24]   • Pagos con causa ORIGINAL: 4
[13:03:24]   • Causas encontradas en SIGEMI (actas viejas): 4
[13:03:24]   • Causas NO encontradas en SIGEMI: 0
[13:03:24]   • Causas asignadas automáticamente (actas nuevas): 0
[13:03:24] ⏱ PASO 3 (llenar causas): 0.0s
[13:03:24] ================================================================================
[13:03:24] PASO 4: ORDENANDO POR FECHA Y ACTA_NUMERO
[13:03:24] ================================================================================
[13:03:24] ✓ Pagos ordenados correctamente
[13:03:24]   • Primera entrada: Acta=39392, Fecha=02/09/2024
[13:03:24]   • Última entrada: Acta=293994, Fecha=13/04/2026
[13:03:24] 📝 Escribiendo archivo de salida...
[13:03:24]   ✅ Archivo escrito: backend/descargas/pagos/2026-07-23/PAGOS 20260723 130236.txt
[13:03:24]   ✅ Total registros: 999
[13:03:24] ⏱ PASO 4 (ordenar y escribir): 0.0s
[13:03:24] ================================================================================
[13:03:24] ✅ PROCESO COMPLETADO EXITOSAMENTE
[13:03:24] ================================================================================
[13:03:24] 📊 RESUMEN FINAL DEL PROCESAMIENTO:
[13:03:24]   ENTRADA:
[13:03:24]     • Pagos originales: 16672
[13:03:24]     • Multas SIGEMI cargadas: 103679
[13:03:24]     • Multas Juzgado cargadas: 40228
[13:03:24]     • Causas simplificadas (usadas para el cruce): 103349
[13:03:24]   PROCESO:
[13:03:24]     • Pagos rechazados sigemi: 13893
[13:03:24]     • Pagos rechazados juzgado: 2771
[13:03:24]   SALIDA:
[13:03:24]     • Pagos desactualizados procesados: 8
[13:03:24]     • Archivo final: backend/descargas/pagos/2026-07-23/PAGOS 20260723 130236.txt
[13:03:24]     • Ordenados por fecha: SÍ ✓
[13:03:24]     • Todos con ACTA_NUMERO: SÍ ✓
[13:03:24]     • Todos con CAUSA_NUMERO: SÍ ✓
[13:03:24] ✅ TXT de pagos (ya cruzado con actas y causas) generado en: backend/descargas/pagos/2026-07-23/PAGOS 20260723 130236.txt
[13:03:24] 🧹 TXT de pagos crudo eliminado (ya usado en el cruce): backend/descargas/pagos/2026-07-23/PAGOS DESCARGADOS.txt
[13:03:24] 🧹 Excel MULTAS_SIGEMI_CRUCE eliminado (ya usado en el cruce): backend/descargas/cache_actas_cruce/MULTAS_SIGEMI_CRUCE.xlsx
[13:03:24] 🧹 Excel MULTAS_JUZGADO_CRUCE eliminado (ya usado en el cruce): backend/descargas/cache_actas_cruce/MULTAS_JUZGADO_CRUCE.xlsx
[13:03:24] ✅ CompararActasPaso finalizado. (⏱ 47.8s)
[13:03:24] ✓ [CompararActasPaso] Completado.
[13:03:24] ▶ [CargarPagosPaso] Iniciando...
[13:03:24] ==================================================
[13:03:24] 🚀 PASO: CargarPagosPaso
[13:03:24] ==================================================
[13:03:24] 📤 Subiendo TXT de pagos al SEMyT...
[13:03:26] ✅ Importación de pagos completada con éxito.
[13:03:26] ✅ Archivo TXT de pagos cargado en el SEMyT correctamente.
[13:03:26] ✅ CargarPagosPaso finalizado. (⏱ 2.3s)
[13:03:26] ✓ [CargarPagosPaso] Completado.
[13:03:26] === Ejecución finalizada con éxito ===
