[10:13:31] === Inicio de ejecución: pagos ===
[10:13:33] ▶ [LoginSemytPaso] Iniciando...
[10:13:33] ==================================================
[10:13:33] 🚀 PASO: LoginSemytPaso
[10:13:33] ==================================================
[10:13:34] Abriendo SEMyT...
[10:13:50] ✅ [SEMyT] Sesión existente detectada. Login omitido.
[10:13:51] ✅ LoginSemytPaso finalizado. (⏱ 18.1s)
[10:13:51] ✓ [LoginSemytPaso] Completado.
[10:13:51] ▶ [LoginJuzgadoPaso] Iniciando...
[10:13:51] ==================================================
[10:13:51] 🚀 PASO: LoginJuzgadoPaso
[10:13:51] ==================================================
[10:13:51] Abriendo sitio municipalidad (CiDi)...
[10:13:52] ✅ [Juzgado] Sesión existente detectada. Login omitido.
[10:13:53] ✅ LoginJuzgadoPaso finalizado. (⏱ 1.4s)
[10:13:53] ✓ [LoginJuzgadoPaso] Completado.
[10:13:53] ▶ [DescargasParalelasPaso] Iniciando...
[10:13:53] ==================================================
[10:13:53] 🚀 PASO: DescargasParalelasPaso
[10:13:53] ==================================================
[10:13:54] 📤 Arrancando las 3 descargas en paralelo (mismo browser, páginas separadas)...
[10:13:54] Fecha Desde: 27/06/2024
[10:13:54] Fecha Hasta: 24/11/2025
[10:13:54] Fecha Desde: 25/11/2025
[10:13:54] Fecha Hasta: 22/07/2026
[10:13:55] Descargando Excel...
[10:13:55] Descargando Excel...
[10:14:10] Archivo descargado en: backend/descargas/cache_actas_cruce/MULTAS_JUZGADO_CRUCE.xlsx
[10:14:19] ⏱ [actas_juzgado] completado en 24.9s
[10:14:19] ✅ TXT de pagos descargado en: backend/descargas/pagos/2026-07-22/PAGOS DESCARGADOS.txt
[10:14:19] ⏱ [pagos_txt] completado en 25.0s
[10:14:44] Archivo descargado en: backend/descargas/cache_actas_cruce/MULTAS_SIGEMI_CRUCE.xlsx
[10:15:04] ⏱ [actas_sigemi] completado en 70.2s
[10:15:04] ⏱ TOTAL descargas en paralelo: 70.2s
[10:15:04] ✅ DescargasParalelasPaso finalizado. (⏱ 71.7s)
[10:15:04] ✓ [DescargasParalelasPaso] Completado.
[10:15:04] ▶ [CompararActasPaso] Iniciando...
[10:15:04] ==================================================
[10:15:04] 🚀 PASO: CompararActasPaso
[10:15:04] ==================================================
[10:15:04] 🔍 Comparando actas del SEMyT contra pagos del Juzgado...
[10:15:04] ================================================================================
[10:15:04] INICIANDO PROCESO DE GENERACIÓN DE PAGOS DESACTUALIZADOS
[10:15:04] ================================================================================
[10:15:04] 📂 Cargando archivos...
[10:15:04]   ✓ Pagos: 16087 registros
[10:15:24]   ✓ Excel SIGEMI (multas vencidas viejas): 103899 registros
[10:15:31]   ✓ Excel Juzgado (multas vencidas nuevas): 40128 registros
[10:15:35] ================================================================================
[10:15:35] PASO 1: LLENANDO ACTA_NUMERO (búsqueda por patente + fecha, con desempate por hora)
[10:15:35] ================================================================================
[10:15:41] 📊 ESTADÍSTICAS DE LLENADO DE ACTAS:
[10:15:41]   • Pagos con acta ORIGINAL: 2408
[10:15:41]   • Pagos SIN acta (buscados): 13679
[10:15:41]   • Pagos LLENADOS exitosamente: 3
[10:15:41]   • Pagos NO encontrados en multas: 13676
[10:15:41]   • Pagos SIN RESOLVER por desbalance de cantidades: 0
[10:15:42] ================================================================================
[10:15:42] PASO 1: LLENANDO ACTA_NUMERO (búsqueda por patente + fecha, con desempate por hora)
[10:15:42] ================================================================================
[10:15:48] 📊 ESTADÍSTICAS DE LLENADO DE ACTAS:
[10:15:48]   • Pagos con acta ORIGINAL: 2411
[10:15:48]   • Pagos SIN acta (buscados): 13676
[10:15:48]   • Pagos LLENADOS exitosamente: 0
[10:15:48]   • Pagos NO encontrados en multas: 13676
[10:15:48]   • Pagos SIN RESOLVER por desbalance de cantidades: 0
[10:15:48] ⏱ PASO 1 (llenar actas): 16.6s
[10:15:48] ================================================================================
[10:15:48] PASO 2: FILTRANDO PAGOS CON ACTA_NUMERO COMPLETO
[10:15:48] ================================================================================
[10:15:48] 📊 ESTADÍSTICAS DE FILTRADO:
[10:15:48]   • Pagos TOTALES al inicio: 16087
[10:15:48]   • Pagos CON acta (MANTIENEN): 2411
[10:15:48]   • Pagos RECHAZADOS (sin coincidencias): 13676
[10:15:48] ⚠️  Se eliminaron 13676 registros sin número de acta
[10:15:48]      (recordá: esto incluye tanto pagos ya actualizados/pagados
[10:15:48]       como pagos que quedaron sin resolver por desbalance en el Paso 1)
[10:15:48] ================================================================================
[10:15:48] PASO 2-bis: CONFIRMANDO VIGENCIA DE PAGOS DEL SISTEMA NUEVO (contra MULTAS_JUZGADO_CRUCE)
[10:15:48] ================================================================================
[10:15:49]   ⚠ 2406 pago(s) del sistema nuevo descartados: su acta ya no figura como vencida en MULTAS_JUZGADO_CRUCE (SEMyT ya los actualizó).
[10:15:49]   • Pagos del sistema nuevo descartados por ya estar actualizados: 2406
[10:15:49] ⏱ PASO 2 (filtrar): 0.9s
[10:15:49] 📂 Cargando maestro de causas SIGEMI...
[10:15:49]   ✓ Causas totales (maestro): 134069 registros
[10:15:49] ⏱ PASO 2.5 (causas simplificado): 0.1s
[10:15:49] ================================================================================
[10:15:49] PASO 2.5: ARMANDO causas.txt SIMPLIFICADO (cruce contra total_causas_sigemi.txt)
[10:15:49] ================================================================================
[10:15:51]   • Actas vencidas viejas (multas): 103899
[10:15:51]   • Causas totales en el maestro SIGEMI: 134069
[10:15:51]   • Causas que coinciden (simplificado): 103569
[10:15:51]   ✅ Archivo escrito: backend/descargas/causas/causas.txt
[10:15:51] ⏱ PASO 2.5 (causas simplificado): 2.6s
[10:15:51] ================================================================================
[10:15:51] PASO 3: LLENANDO CAUSA_NUMERO (según fecha de cambio de sistema, cruzando por acta + año)
[10:15:51] ================================================================================
[10:15:51] 📊 ESTADÍSTICAS DE LLENADO DE CAUSAS:
[10:15:51]   • Pagos con causa ORIGINAL: 2
[10:15:51]   • Causas encontradas en SIGEMI (actas viejas): 3
[10:15:51]   • Causas NO encontradas en SIGEMI: 0
[10:15:51]   • Causas asignadas automáticamente (actas nuevas): 0
[10:15:51] ⏱ PASO 3 (llenar causas): 0.0s
[10:15:51] ================================================================================
[10:15:51] PASO 4: ORDENANDO POR FECHA Y ACTA_NUMERO
[10:15:51] ================================================================================
[10:15:51] ✓ Pagos ordenados correctamente
[10:15:51]   • Primera entrada: Acta=158673, Fecha=31/05/2025
[10:15:51]   • Última entrada: Acta=260294, Fecha=29/01/2026
[10:15:51] 📝 Escribiendo archivo de salida...
[10:15:51]   ✅ Archivo escrito: backend/descargas/pagos/2026-07-22/PAGOS 20260722 101504.txt
[10:15:51]   ✅ Total registros: 688
[10:15:51] ⏱ PASO 4 (ordenar y escribir): 0.0s
[10:15:51] ================================================================================
[10:15:51] ✅ PROCESO COMPLETADO EXITOSAMENTE
[10:15:51] ================================================================================
[10:15:51] 📊 RESUMEN FINAL DEL PROCESAMIENTO:
[10:15:51]   ENTRADA:
[10:15:51]     • Pagos originales: 16087
[10:15:51]     • Multas SIGEMI cargadas: 103899
[10:15:51]     • Multas Juzgado cargadas: 40128
[10:15:51]     • Causas simplificadas (usadas para el cruce): 103569
[10:15:51]   PROCESO:
[10:15:51]     • Pagos rechazados sigemi: 13676
[10:15:51]     • Pagos rechazados juzgado: 2406
[10:15:51]   SALIDA:
[10:15:51]     • Pagos desactualizados procesados: 5
[10:15:51]     • Archivo final: backend/descargas/pagos/2026-07-22/PAGOS 20260722 101504.txt
[10:15:51]     • Ordenados por fecha: SÍ ✓
[10:15:51]     • Todos con ACTA_NUMERO: SÍ ✓
[10:15:51]     • Todos con CAUSA_NUMERO: SÍ ✓
[10:15:51] ✅ TXT de pagos (ya cruzado con actas y causas) generado en: backend/descargas/pagos/2026-07-22/PAGOS 20260722 101504.txt
[10:15:51] 🧹 TXT de pagos crudo eliminado (ya usado en el cruce): backend/descargas/pagos/2026-07-22/PAGOS DESCARGADOS.txt
[10:15:51] 🧹 Excel MULTAS_SIGEMI_CRUCE eliminado (ya usado en el cruce): backend/descargas/cache_actas_cruce/MULTAS_SIGEMI_CRUCE.xlsx
[10:15:51] 🧹 Excel MULTAS_JUZGADO_CRUCE eliminado (ya usado en el cruce): backend/descargas/cache_actas_cruce/MULTAS_JUZGADO_CRUCE.xlsx
[10:15:51] ✅ CompararActasPaso finalizado. (⏱ 47.2s)
[10:15:51] ✓ [CompararActasPaso] Completado.
[10:15:51] ▶ [CargarPagosPaso] Iniciando...
[10:15:51] ==================================================
[10:15:51] 🚀 PASO: CargarPagosPaso
[10:15:51] ==================================================
[10:15:51] 📤 Subiendo TXT de pagos al SEMyT...
[10:15:54] ✅ Importación de pagos completada con éxito.
[10:15:54] ✅ Archivo TXT de pagos cargado en el SEMyT correctamente.
[10:15:54] ✅ CargarPagosPaso finalizado. (⏱ 2.9s)
[10:15:54] ✓ [CargarPagosPaso] Completado.
[10:15:55] === Ejecución finalizada con éxito ===
