[11:31:58] === Inicio de ejecución: pagos ===
[11:32:01] ▶ [LoginSemytPaso] Iniciando...
[11:32:01] ==================================================
[11:32:01] 🚀 PASO: LoginSemytPaso
[11:32:01] ==================================================
[11:32:01] Abriendo SEMyT...
[11:32:14] ✅ [SEMyT] Sesión existente detectada. Login omitido.
[11:32:14] ✅ LoginSemytPaso finalizado. (⏱ 13.9s)
[11:32:14] ✓ [LoginSemytPaso] Completado.
[11:32:14] ▶ [LoginJuzgadoPaso] Iniciando...
[11:32:14] ==================================================
[11:32:14] 🚀 PASO: LoginJuzgadoPaso
[11:32:14] ==================================================
[11:32:15] Abriendo sitio municipalidad (CiDi)...
[11:32:15] ✅ [Juzgado] Sesión existente detectada. Login omitido.
[11:32:16] ✅ LoginJuzgadoPaso finalizado. (⏱ 1.2s)
[11:32:16] ✓ [LoginJuzgadoPaso] Completado.
[11:32:16] ▶ [DescargasParalelasPaso] Iniciando...
[11:32:16] ==================================================
[11:32:16] 🚀 PASO: DescargasParalelasPaso
[11:32:16] ==================================================
[11:32:17] 📤 Arrancando las 3 descargas en paralelo (mismo browser, páginas separadas)...
[11:32:17] Fecha Desde: 27/06/2024
[11:32:17] Fecha Hasta: 24/11/2025
[11:32:17] Fecha Desde: 25/11/2025
[11:32:17] Fecha Hasta: 22/07/2026
[11:32:18] Descargando Excel...
[11:32:18] Descargando Excel...
[11:32:43] Archivo descargado en: backend/descargas/cache_actas_cruce/MULTAS_JUZGADO_CRUCE.xlsx
[11:32:50] ⏱ [actas_juzgado] completado en 33.1s
[11:32:51] ✅ TXT de pagos descargado en: backend/descargas/pagos/2026-07-22/PAGOS DESCARGADOS.txt
[11:32:51] ⏱ [pagos_txt] completado en 33.8s
[11:33:18] Archivo descargado en: backend/descargas/cache_actas_cruce/MULTAS_SIGEMI_CRUCE.xlsx
[11:33:35] ⏱ [actas_sigemi] completado en 78.2s
[11:33:35] ⏱ TOTAL descargas en paralelo: 78.2s
[11:33:36] ✅ DescargasParalelasPaso finalizado. (⏱ 79.9s)
[11:33:36] ✓ [DescargasParalelasPaso] Completado.
[11:33:36] ▶ [CompararActasPaso] Iniciando...
[11:33:36] ==================================================
[11:33:36] 🚀 PASO: CompararActasPaso
[11:33:36] ==================================================
[11:33:36] 🔍 Comparando actas del SEMyT contra pagos del Juzgado...
[11:33:36] ================================================================================
[11:33:36] INICIANDO PROCESO DE GENERACIÓN DE PAGOS DESACTUALIZADOS
[11:33:36] ================================================================================
[11:33:36] 📂 Cargando archivos...
[11:33:36]   ✓ Pagos: 16144 registros
[11:33:51]   ✓ Excel SIGEMI (multas vencidas viejas): 103863 registros
[11:33:57]   ✓ Excel Juzgado (multas vencidas nuevas): 40102 registros
[11:34:00] ================================================================================
[11:34:00] PASO 1: LLENANDO ACTA_NUMERO (búsqueda por patente + fecha, con desempate por hora)
[11:34:00] ================================================================================
[11:34:04] 📊 ESTADÍSTICAS DE LLENADO DE ACTAS:
[11:34:04]   • Pagos con acta ORIGINAL: 2435
[11:34:04]   • Pagos SIN acta (buscados): 13709
[11:34:04]   • Pagos LLENADOS exitosamente: 2
[11:34:04]   • Pagos NO encontrados en multas: 13707
[11:34:04]   • Pagos SIN RESOLVER por desbalance de cantidades: 0
[11:34:05] ================================================================================
[11:34:05] PASO 1: LLENANDO ACTA_NUMERO (búsqueda por patente + fecha, con desempate por hora)
[11:34:05] ================================================================================
[11:34:11] 📊 ESTADÍSTICAS DE LLENADO DE ACTAS:
[11:34:11]   • Pagos con acta ORIGINAL: 2437
[11:34:11]   • Pagos SIN acta (buscados): 13707
[11:34:11]   • Pagos LLENADOS exitosamente: 0
[11:34:11]   • Pagos NO encontrados en multas: 13707
[11:34:11]   • Pagos SIN RESOLVER por desbalance de cantidades: 0
[11:34:11] ⏱ PASO 1 (llenar actas): 13.8s
[11:34:11] ================================================================================
[11:34:11] PASO 2: FILTRANDO PAGOS CON ACTA_NUMERO COMPLETO
[11:34:11] ================================================================================
[11:34:11] 📊 ESTADÍSTICAS DE FILTRADO:
[11:34:11]   • Pagos TOTALES al inicio: 16144
[11:34:11]   • Pagos CON acta (MANTIENEN): 2437
[11:34:11]   • Pagos RECHAZADOS (sin coincidencias): 13707
[11:34:11] ⚠️  Se eliminaron 13707 registros sin número de acta
[11:34:11]      (recordá: esto incluye tanto pagos ya actualizados/pagados
[11:34:11]       como pagos que quedaron sin resolver por desbalance en el Paso 1)
[11:34:11] ================================================================================
[11:34:11] PASO 2-bis: CONFIRMANDO VIGENCIA DE PAGOS DEL SISTEMA NUEVO (contra MULTAS_JUZGADO_CRUCE)
[11:34:11] ================================================================================
[11:34:12]   ⚠ 2431 pago(s) del sistema nuevo descartados: su acta ya no figura como vencida en MULTAS_JUZGADO_CRUCE (SEMyT ya los actualizó).
[11:34:12]   • Pagos del sistema nuevo descartados por ya estar actualizados: 2431
[11:34:12] ⏱ PASO 2 (filtrar): 1.1s
[11:34:12] 📂 Cargando maestro de causas SIGEMI...
[11:34:12]   ✓ Causas totales (maestro): 134069 registros
[11:34:12] ⏱ PASO 2.5 (causas simplificado): 0.2s
[11:34:12] ================================================================================
[11:34:12] PASO 2.5: ARMANDO causas.txt SIMPLIFICADO (cruce contra total_causas_sigemi.txt)
[11:34:12] ================================================================================
[11:34:14]   • Actas vencidas viejas (multas): 103863
[11:34:14]   • Causas totales en el maestro SIGEMI: 134069
[11:34:14]   • Causas que coinciden (simplificado): 103533
[11:34:14]   ✅ Archivo escrito: backend/descargas/causas/causas.txt
[11:34:15] ⏱ PASO 2.5 (causas simplificado): 2.8s
[11:34:15] ================================================================================
[11:34:15] PASO 3: LLENANDO CAUSA_NUMERO (según fecha de cambio de sistema, cruzando por acta + año)
[11:34:15] ================================================================================
[11:34:15] 📊 ESTADÍSTICAS DE LLENADO DE CAUSAS:
[11:34:15]   • Pagos con causa ORIGINAL: 4
[11:34:15]   • Causas encontradas en SIGEMI (actas viejas): 2
[11:34:15]   • Causas NO encontradas en SIGEMI: 0
[11:34:15]   • Causas asignadas automáticamente (actas nuevas): 0
[11:34:15] ⏱ PASO 3 (llenar causas): 0.0s
[11:34:15] ================================================================================
[11:34:15] PASO 4: ORDENANDO POR FECHA Y ACTA_NUMERO
[11:34:15] ================================================================================
[11:34:15] ✓ Pagos ordenados correctamente
[11:34:15]   • Primera entrada: Acta=40758, Fecha=04/09/2024
[11:34:15]   • Última entrada: Acta=270136, Fecha=23/02/2026
[11:34:15] 📝 Escribiendo archivo de salida...
[11:34:15]   ✅ Archivo escrito: backend/descargas/pagos/2026-07-22/PAGOS 20260722 113336.txt
[11:34:15]   ✅ Total registros: 816
[11:34:15] ⏱ PASO 4 (ordenar y escribir): 0.0s
[11:34:15] ================================================================================
[11:34:15] ✅ PROCESO COMPLETADO EXITOSAMENTE
[11:34:15] ================================================================================
[11:34:15] 📊 RESUMEN FINAL DEL PROCESAMIENTO:
[11:34:15]   ENTRADA:
[11:34:15]     • Pagos originales: 16144
[11:34:15]     • Multas SIGEMI cargadas: 103863
[11:34:15]     • Multas Juzgado cargadas: 40102
[11:34:15]     • Causas simplificadas (usadas para el cruce): 103533
[11:34:15]   PROCESO:
[11:34:15]     • Pagos rechazados sigemi: 13707
[11:34:15]     • Pagos rechazados juzgado: 2431
[11:34:15]   SALIDA:
[11:34:15]     • Pagos desactualizados procesados: 6
[11:34:15]     • Archivo final: backend/descargas/pagos/2026-07-22/PAGOS 20260722 113336.txt
[11:34:15]     • Ordenados por fecha: SÍ ✓
[11:34:15]     • Todos con ACTA_NUMERO: SÍ ✓
[11:34:15]     • Todos con CAUSA_NUMERO: SÍ ✓
[11:34:15] ✅ TXT de pagos (ya cruzado con actas y causas) generado en: backend/descargas/pagos/2026-07-22/PAGOS 20260722 113336.txt
[11:34:15] 🧹 TXT de pagos crudo eliminado (ya usado en el cruce): backend/descargas/pagos/2026-07-22/PAGOS DESCARGADOS.txt
[11:34:15] 🧹 Excel MULTAS_SIGEMI_CRUCE eliminado (ya usado en el cruce): backend/descargas/cache_actas_cruce/MULTAS_SIGEMI_CRUCE.xlsx
[11:34:15] 🧹 Excel MULTAS_JUZGADO_CRUCE eliminado (ya usado en el cruce): backend/descargas/cache_actas_cruce/MULTAS_JUZGADO_CRUCE.xlsx
[11:34:15] ✅ CompararActasPaso finalizado. (⏱ 39.6s)
[11:34:15] ✓ [CompararActasPaso] Completado.
[11:34:15] ▶ [CargarPagosPaso] Iniciando...
[11:34:15] ==================================================
[11:34:15] 🚀 PASO: CargarPagosPaso
[11:34:15] ==================================================
[11:34:15] 📤 Subiendo TXT de pagos al SEMyT...
[11:34:18] ✅ Importación de pagos completada con éxito.
[11:34:18] ✅ Archivo TXT de pagos cargado en el SEMyT correctamente.
[11:34:18] ✅ CargarPagosPaso finalizado. (⏱ 3.0s)
[11:34:18] ✓ [CargarPagosPaso] Completado.
[11:34:18] === Ejecución finalizada con éxito ===
