[10:26:04] === Inicio de ejecución: pagos ===
[10:26:07] ▶ [LoginSemytPaso] Iniciando...
[10:26:07] ==================================================
[10:26:07] 🚀 PASO: LoginSemytPaso
[10:26:07] ==================================================
[10:26:08] Abriendo SEMyT...
[10:26:39] ✅ [SEMyT] Sesión existente detectada. Login omitido.
[10:26:40] ✅ LoginSemytPaso finalizado. (⏱ 32.9s)
[10:26:40] ✓ [LoginSemytPaso] Completado.
[10:26:40] ▶ [LoginJuzgadoPaso] Iniciando...
[10:26:40] ==================================================
[10:26:40] 🚀 PASO: LoginJuzgadoPaso
[10:26:40] ==================================================
[10:26:40] Abriendo sitio municipalidad (CiDi)...
[10:26:41] ✅ [Juzgado] Sesión existente detectada. Login omitido.
[10:26:41] ✅ LoginJuzgadoPaso finalizado. (⏱ 1.6s)
[10:26:41] ✓ [LoginJuzgadoPaso] Completado.
[10:26:41] ▶ [DescargasParalelasPaso] Iniciando...
[10:26:41] ==================================================
[10:26:41] 🚀 PASO: DescargasParalelasPaso
[10:26:41] ==================================================
[10:26:43] 📤 Arrancando las 3 descargas en paralelo (mismo browser, páginas separadas)...
[10:26:43] Fecha Desde: 27/06/2024
[10:26:43] Fecha Hasta: 24/11/2025
[10:26:43] Fecha Desde: 25/11/2025
[10:26:43] Fecha Hasta: 22/07/2026
[10:26:43] Descargando Excel...
[10:26:43] Descargando Excel...
[10:27:05] ✅ TXT de pagos descargado en: backend/descargas/pagos/2026-07-22/PAGOS DESCARGADOS.txt
[10:27:05] ⏱ [pagos_txt] completado en 22.8s
[10:27:15] Archivo descargado en: backend/descargas/cache_actas_cruce/MULTAS_JUZGADO_CRUCE.xlsx
[10:27:22] ⏱ [actas_juzgado] completado en 39.7s
[10:27:44] Archivo descargado en: backend/descargas/cache_actas_cruce/MULTAS_SIGEMI_CRUCE.xlsx
[10:28:07] ⏱ [actas_sigemi] completado en 84.1s
[10:28:07] ⏱ TOTAL descargas en paralelo: 84.1s
[10:28:07] ✅ DescargasParalelasPaso finalizado. (⏱ 85.5s)
[10:28:07] ✓ [DescargasParalelasPaso] Completado.
[10:28:07] ▶ [CompararActasPaso] Iniciando...
[10:28:07] ==================================================
[10:28:07] 🚀 PASO: CompararActasPaso
[10:28:07] ==================================================
[10:28:07] 🔍 Comparando actas del SEMyT contra pagos del Juzgado...
[10:28:07] ================================================================================
[10:28:07] INICIANDO PROCESO DE GENERACIÓN DE PAGOS DESACTUALIZADOS
[10:28:07] ================================================================================
[10:28:07] 📂 Cargando archivos...
[10:28:07]   ✓ Pagos: 16096 registros
[10:28:25]   ✓ Excel SIGEMI (multas vencidas viejas): 103896 registros
[10:28:33]   ✓ Excel Juzgado (multas vencidas nuevas): 40126 registros
[10:28:36] ================================================================================
[10:28:36] PASO 1: LLENANDO ACTA_NUMERO (búsqueda por patente + fecha, con desempate por hora)
[10:28:36] ================================================================================
[10:28:43] 📊 ESTADÍSTICAS DE LLENADO DE ACTAS:
[10:28:43]   • Pagos con acta ORIGINAL: 2412
[10:28:43]   • Pagos SIN acta (buscados): 13684
[10:28:43]   • Pagos LLENADOS exitosamente: 5
[10:28:43]   • Pagos NO encontrados en multas: 13679
[10:28:43]   • Pagos SIN RESOLVER por desbalance de cantidades: 0
[10:28:45] ================================================================================
[10:28:45] PASO 1: LLENANDO ACTA_NUMERO (búsqueda por patente + fecha, con desempate por hora)
[10:28:45] ================================================================================
[10:28:52] 📊 ESTADÍSTICAS DE LLENADO DE ACTAS:
[10:28:52]   • Pagos con acta ORIGINAL: 2417
[10:28:52]   • Pagos SIN acta (buscados): 13679
[10:28:52]   • Pagos LLENADOS exitosamente: 0
[10:28:52]   • Pagos NO encontrados en multas: 13679
[10:28:52]   • Pagos SIN RESOLVER por desbalance de cantidades: 0
[10:28:52] ⏱ PASO 1 (llenar actas): 19.1s
[10:28:52] ================================================================================
[10:28:52] PASO 2: FILTRANDO PAGOS CON ACTA_NUMERO COMPLETO
[10:28:52] ================================================================================
[10:28:52] 📊 ESTADÍSTICAS DE FILTRADO:
[10:28:52]   • Pagos TOTALES al inicio: 16096
[10:28:52]   • Pagos CON acta (MANTIENEN): 2417
[10:28:52]   • Pagos RECHAZADOS (sin coincidencias): 13679
[10:28:52] ⚠️  Se eliminaron 13679 registros sin número de acta
[10:28:52]      (recordá: esto incluye tanto pagos ya actualizados/pagados
[10:28:52]       como pagos que quedaron sin resolver por desbalance en el Paso 1)
[10:28:52] ================================================================================
[10:28:52] PASO 2-bis: CONFIRMANDO VIGENCIA DE PAGOS DEL SISTEMA NUEVO (contra MULTAS_JUZGADO_CRUCE)
[10:28:52] ================================================================================
[10:28:53]   ⚠ 2408 pago(s) del sistema nuevo descartados: su acta ya no figura como vencida en MULTAS_JUZGADO_CRUCE (SEMyT ya los actualizó).
[10:28:53]   • Pagos del sistema nuevo descartados por ya estar actualizados: 2408
[10:28:53] ⏱ PASO 2 (filtrar): 1.4s
[10:28:53] 📂 Cargando maestro de causas SIGEMI...
[10:28:53]   ✓ Causas totales (maestro): 134069 registros
[10:28:53] ⏱ PASO 2.5 (causas simplificado): 0.2s
[10:28:53] ================================================================================
[10:28:53] PASO 2.5: ARMANDO causas.txt SIMPLIFICADO (cruce contra total_causas_sigemi.txt)
[10:28:53] ================================================================================
[10:28:55]   • Actas vencidas viejas (multas): 103896
[10:28:55]   • Causas totales en el maestro SIGEMI: 134069
[10:28:55]   • Causas que coinciden (simplificado): 103566
[10:28:55]   ✅ Archivo escrito: backend/descargas/causas/causas.txt
[10:28:56] ⏱ PASO 2.5 (causas simplificado): 2.5s
[10:28:56] ================================================================================
[10:28:56] PASO 3: LLENANDO CAUSA_NUMERO (según fecha de cambio de sistema, cruzando por acta + año)
[10:28:56] ================================================================================
[10:28:56] 📊 ESTADÍSTICAS DE LLENADO DE CAUSAS:
[10:28:56]   • Pagos con causa ORIGINAL: 4
[10:28:56]   • Causas encontradas en SIGEMI (actas viejas): 5
[10:28:56]   • Causas NO encontradas en SIGEMI: 0
[10:28:56]   • Causas asignadas automáticamente (actas nuevas): 0
[10:28:56] ⏱ PASO 3 (llenar causas): 0.0s
[10:28:56] ================================================================================
[10:28:56] PASO 4: ORDENANDO POR FECHA Y ACTA_NUMERO
[10:28:56] ================================================================================
[10:28:56] ✓ Pagos ordenados correctamente
[10:28:56]   • Primera entrada: Acta=879, Fecha=27/06/2024
[10:28:56]   • Última entrada: Acta=262871, Fecha=05/02/2026
[10:28:56] 📝 Escribiendo archivo de salida...
[10:28:56]   ✅ Archivo escrito: backend/descargas/pagos/2026-07-22/PAGOS 20260722 102807.txt
[10:28:56]   ✅ Total registros: 1066
[10:28:56] ⏱ PASO 4 (ordenar y escribir): 0.0s
[10:28:56] ================================================================================
[10:28:56] ✅ PROCESO COMPLETADO EXITOSAMENTE
[10:28:56] ================================================================================
[10:28:56] 📊 RESUMEN FINAL DEL PROCESAMIENTO:
[10:28:56]   ENTRADA:
[10:28:56]     • Pagos originales: 16096
[10:28:56]     • Multas SIGEMI cargadas: 103896
[10:28:56]     • Multas Juzgado cargadas: 40126
[10:28:56]     • Causas simplificadas (usadas para el cruce): 103566
[10:28:56]   PROCESO:
[10:28:56]     • Pagos rechazados sigemi: 13679
[10:28:56]     • Pagos rechazados juzgado: 2408
[10:28:56]   SALIDA:
[10:28:56]     • Pagos desactualizados procesados: 9
[10:28:56]     • Archivo final: backend/descargas/pagos/2026-07-22/PAGOS 20260722 102807.txt
[10:28:56]     • Ordenados por fecha: SÍ ✓
[10:28:56]     • Todos con ACTA_NUMERO: SÍ ✓
[10:28:56]     • Todos con CAUSA_NUMERO: SÍ ✓
[10:28:56] ✅ TXT de pagos (ya cruzado con actas y causas) generado en: backend/descargas/pagos/2026-07-22/PAGOS 20260722 102807.txt
[10:28:56] 🧹 TXT de pagos crudo eliminado (ya usado en el cruce): backend/descargas/pagos/2026-07-22/PAGOS DESCARGADOS.txt
[10:28:56] 🧹 Excel MULTAS_SIGEMI_CRUCE eliminado (ya usado en el cruce): backend/descargas/cache_actas_cruce/MULTAS_SIGEMI_CRUCE.xlsx
[10:28:56] 🧹 Excel MULTAS_JUZGADO_CRUCE eliminado (ya usado en el cruce): backend/descargas/cache_actas_cruce/MULTAS_JUZGADO_CRUCE.xlsx
[10:28:56] ✅ CompararActasPaso finalizado. (⏱ 49.0s)
[10:28:56] ✓ [CompararActasPaso] Completado.
[10:28:56] ▶ [CargarPagosPaso] Iniciando...
[10:28:56] ==================================================
[10:28:56] 🚀 PASO: CargarPagosPaso
[10:28:56] ==================================================
[10:28:56] 📤 Subiendo TXT de pagos al SEMyT...
[10:28:58] ✅ Importación de pagos completada con éxito.
[10:28:59] ✅ Archivo TXT de pagos cargado en el SEMyT correctamente.
[10:28:59] ✅ CargarPagosPaso finalizado. (⏱ 2.8s)
[10:28:59] ✓ [CargarPagosPaso] Completado.
[10:28:59] === Ejecución finalizada con éxito ===
