[13:03:44] === Inicio de ejecución: pagos ===
[13:03:47] ▶ [LoginSemytPaso] Iniciando...
[13:03:47] ==================================================
[13:03:47] 🚀 PASO: LoginSemytPaso
[13:03:47] ==================================================
[13:03:48] Abriendo SEMyT...
[13:04:09] ✅ [SEMyT] Sesión existente detectada. Login omitido.
[13:04:10] ✅ LoginSemytPaso finalizado. (⏱ 23.2s)
[13:04:10] ✓ [LoginSemytPaso] Completado.
[13:04:10] ▶ [LoginJuzgadoPaso] Iniciando...
[13:04:10] ==================================================
[13:04:10] 🚀 PASO: LoginJuzgadoPaso
[13:04:10] ==================================================
[13:04:10] Abriendo sitio municipalidad (CiDi)...
[13:04:11] ✅ [Juzgado] Sesión existente detectada. Login omitido.
[13:04:12] ✅ LoginJuzgadoPaso finalizado. (⏱ 2.0s)
[13:04:12] ✓ [LoginJuzgadoPaso] Completado.
[13:04:12] ▶ [DescargasParalelasPaso] Iniciando...
[13:04:12] ==================================================
[13:04:12] 🚀 PASO: DescargasParalelasPaso
[13:04:12] ==================================================
[13:04:13] 📤 Arrancando las 3 descargas en paralelo (mismo browser, páginas separadas)...
[13:04:13] Fecha Desde: 27/06/2024
[13:04:13] Fecha Hasta: 24/11/2025
[13:04:13] Fecha Desde: 25/11/2025
[13:04:13] Fecha Hasta: 22/07/2026
[13:04:14] Descargando Excel...
[13:04:14] Descargando Excel...
[13:04:39] ✅ TXT de pagos descargado en: backend/descargas/pagos/2026-07-22/PAGOS DESCARGADOS.txt
[13:04:39] ⏱ [pagos_txt] completado en 25.4s
[13:04:41] Archivo descargado en: backend/descargas/cache_actas_cruce/MULTAS_JUZGADO_CRUCE.xlsx
[13:04:50] ⏱ [actas_juzgado] completado en 36.1s
[13:05:16] Archivo descargado en: backend/descargas/cache_actas_cruce/MULTAS_SIGEMI_CRUCE.xlsx
[13:05:36] ⏱ [actas_sigemi] completado en 82.9s
[13:05:36] ⏱ TOTAL descargas en paralelo: 82.9s
[13:05:36] ✅ DescargasParalelasPaso finalizado. (⏱ 84.5s)
[13:05:36] ✓ [DescargasParalelasPaso] Completado.
[13:05:36] ▶ [CompararActasPaso] Iniciando...
[13:05:36] ==================================================
[13:05:36] 🚀 PASO: CompararActasPaso
[13:05:36] ==================================================
[13:05:36] 🔍 Comparando actas del SEMyT contra pagos del Juzgado...
[13:05:36] ================================================================================
[13:05:36] INICIANDO PROCESO DE GENERACIÓN DE PAGOS DESACTUALIZADOS
[13:05:36] ================================================================================
[13:05:36] 📂 Cargando archivos...
[13:05:36]   ✓ Pagos: 16232 registros
[13:05:55]   ✓ Excel SIGEMI (multas vencidas viejas): 103809 registros
[13:06:04]   ✓ Excel Juzgado (multas vencidas nuevas): 40073 registros
[13:06:07] ================================================================================
[13:06:07] PASO 1: LLENANDO ACTA_NUMERO (búsqueda por patente + fecha, con desempate por hora)
[13:06:07] ================================================================================
[13:06:14] 📊 ESTADÍSTICAS DE LLENADO DE ACTAS:
[13:06:14]   • Pagos con acta ORIGINAL: 2468
[13:06:14]   • Pagos SIN acta (buscados): 13764
[13:06:14]   • Pagos LLENADOS exitosamente: 2
[13:06:14]   • Pagos NO encontrados en multas: 13762
[13:06:14]   • Pagos SIN RESOLVER por desbalance de cantidades: 0
[13:06:15] ================================================================================
[13:06:15] PASO 1: LLENANDO ACTA_NUMERO (búsqueda por patente + fecha, con desempate por hora)
[13:06:15] ================================================================================
[13:06:22] 📊 ESTADÍSTICAS DE LLENADO DE ACTAS:
[13:06:22]   • Pagos con acta ORIGINAL: 2470
[13:06:22]   • Pagos SIN acta (buscados): 13762
[13:06:22]   • Pagos LLENADOS exitosamente: 0
[13:06:22]   • Pagos NO encontrados en multas: 13762
[13:06:22]   • Pagos SIN RESOLVER por desbalance de cantidades: 0
[13:06:22] ⏱ PASO 1 (llenar actas): 18.8s
[13:06:22] ================================================================================
[13:06:22] PASO 2: FILTRANDO PAGOS CON ACTA_NUMERO COMPLETO
[13:06:22] ================================================================================
[13:06:22] 📊 ESTADÍSTICAS DE FILTRADO:
[13:06:22]   • Pagos TOTALES al inicio: 16232
[13:06:22]   • Pagos CON acta (MANTIENEN): 2470
[13:06:22]   • Pagos RECHAZADOS (sin coincidencias): 13762
[13:06:22] ⚠️  Se eliminaron 13762 registros sin número de acta
[13:06:22]      (recordá: esto incluye tanto pagos ya actualizados/pagados
[13:06:22]       como pagos que quedaron sin resolver por desbalance en el Paso 1)
[13:06:22] ================================================================================
[13:06:22] PASO 2-bis: CONFIRMANDO VIGENCIA DE PAGOS DEL SISTEMA NUEVO (contra MULTAS_JUZGADO_CRUCE)
[13:06:22] ================================================================================
[13:06:23]   ⚠ 2459 pago(s) del sistema nuevo descartados: su acta ya no figura como vencida en MULTAS_JUZGADO_CRUCE (SEMyT ya los actualizó).
[13:06:23]   • Pagos del sistema nuevo descartados por ya estar actualizados: 2459
[13:06:23] ⏱ PASO 2 (filtrar): 1.0s
[13:06:23] 📂 Cargando maestro de causas SIGEMI...
[13:06:24]   ✓ Causas totales (maestro): 134069 registros
[13:06:24] ⏱ PASO 2.5 (causas simplificado): 0.1s
[13:06:24] ================================================================================
[13:06:24] PASO 2.5: ARMANDO causas.txt SIMPLIFICADO (cruce contra total_causas_sigemi.txt)
[13:06:24] ================================================================================
[13:06:25]   • Actas vencidas viejas (multas): 103809
[13:06:25]   • Causas totales en el maestro SIGEMI: 134069
[13:06:25]   • Causas que coinciden (simplificado): 103479
[13:06:25]   ✅ Archivo escrito: backend/descargas/causas/causas.txt
[13:06:26] ⏱ PASO 2.5 (causas simplificado): 2.6s
[13:06:26] ================================================================================
[13:06:26] PASO 3: LLENANDO CAUSA_NUMERO (según fecha de cambio de sistema, cruzando por acta + año)
[13:06:26] ================================================================================
[13:06:26] 📊 ESTADÍSTICAS DE LLENADO DE CAUSAS:
[13:06:26]   • Pagos con causa ORIGINAL: 9
[13:06:26]   • Causas encontradas en SIGEMI (actas viejas): 2
[13:06:26]   • Causas NO encontradas en SIGEMI: 0
[13:06:26]   • Causas asignadas automáticamente (actas nuevas): 0
[13:06:26] ⏱ PASO 3 (llenar causas): 0.0s
[13:06:26] ================================================================================
[13:06:26] PASO 4: ORDENANDO POR FECHA Y ACTA_NUMERO
[13:06:26] ================================================================================
[13:06:26] ✓ Pagos ordenados correctamente
[13:06:26]   • Primera entrada: Acta=226905, Fecha=30/10/2025
[13:06:26]   • Última entrada: Acta=262059, Fecha=03/02/2026
[13:06:26] 📝 Escribiendo archivo de salida...
[13:06:26]   ✅ Archivo escrito: backend/descargas/pagos/2026-07-22/PAGOS 20260722 130536.txt
[13:06:26]   ✅ Total registros: 1363
[13:06:26] ⏱ PASO 4 (ordenar y escribir): 0.0s
[13:06:26] ================================================================================
[13:06:26] ✅ PROCESO COMPLETADO EXITOSAMENTE
[13:06:26] ================================================================================
[13:06:26] 📊 RESUMEN FINAL DEL PROCESAMIENTO:
[13:06:26]   ENTRADA:
[13:06:26]     • Pagos originales: 16232
[13:06:26]     • Multas SIGEMI cargadas: 103809
[13:06:26]     • Multas Juzgado cargadas: 40073
[13:06:26]     • Causas simplificadas (usadas para el cruce): 103479
[13:06:26]   PROCESO:
[13:06:26]     • Pagos rechazados sigemi: 13762
[13:06:26]     • Pagos rechazados juzgado: 2459
[13:06:26]   SALIDA:
[13:06:26]     • Pagos desactualizados procesados: 11
[13:06:26]     • Archivo final: backend/descargas/pagos/2026-07-22/PAGOS 20260722 130536.txt
[13:06:26]     • Ordenados por fecha: SÍ ✓
[13:06:26]     • Todos con ACTA_NUMERO: SÍ ✓
[13:06:26]     • Todos con CAUSA_NUMERO: SÍ ✓
[13:06:26] ✅ TXT de pagos (ya cruzado con actas y causas) generado en: backend/descargas/pagos/2026-07-22/PAGOS 20260722 130536.txt
[13:06:26] 🧹 TXT de pagos crudo eliminado (ya usado en el cruce): backend/descargas/pagos/2026-07-22/PAGOS DESCARGADOS.txt
[13:06:26] 🧹 Excel MULTAS_SIGEMI_CRUCE eliminado (ya usado en el cruce): backend/descargas/cache_actas_cruce/MULTAS_SIGEMI_CRUCE.xlsx
[13:06:26] 🧹 Excel MULTAS_JUZGADO_CRUCE eliminado (ya usado en el cruce): backend/descargas/cache_actas_cruce/MULTAS_JUZGADO_CRUCE.xlsx
[13:06:26] ✅ CompararActasPaso finalizado. (⏱ 49.9s)
[13:06:26] ✓ [CompararActasPaso] Completado.
[13:06:26] ▶ [CargarPagosPaso] Iniciando...
[13:06:26] ==================================================
[13:06:26] 🚀 PASO: CargarPagosPaso
[13:06:26] ==================================================
[13:06:26] 📤 Subiendo TXT de pagos al SEMyT...
[13:06:28] ✅ Importación de pagos completada con éxito.
[13:06:29] ✅ Archivo TXT de pagos cargado en el SEMyT correctamente.
[13:06:29] ✅ CargarPagosPaso finalizado. (⏱ 2.9s)
[13:06:29] ✓ [CargarPagosPaso] Completado.
[13:06:29] === Ejecución finalizada con éxito ===
