[20:18:29] === Inicio de ejecución: pagos ===
[20:18:30] ==================================================
[20:18:30] 🚀 PASO: LoginSEMyTPaso
[20:18:30] ==================================================
[20:18:30] Abriendo SEMyT...
[20:18:32] ✅ [SEMyT] Sesión existente detectada. Login omitido.
[20:18:32] ✅ LoginSEMyTPaso finalizado. (⏱ 2.8s)
[20:18:32] ==================================================
[20:18:32] 🚀 PASO: LoginSIGIPaso
[20:18:32] ==================================================
[20:18:32] Abriendo sitio municipalidad (CiDi)...
[20:18:33] ✅ [SIGI] Sesión existente detectada. Login omitido.
[20:18:33] ✅ LoginSIGIPaso finalizado. (⏱ 0.6s)
[20:18:33] ==================================================
[20:18:33] 🚀 PASO: DescargasParalelasPaso
[20:18:33] ==================================================
[20:18:33] 📤 Arrancando las 3 descargas en paralelo (mismo browser, páginas separadas)...
[20:18:33] Fecha Desde: 27/06/2024
[20:18:33] Fecha Hasta: 24/11/2025
[20:18:33] Fecha Desde: 25/11/2025
[20:18:33] Fecha Hasta: 11/08/2026
[20:18:33] Descargando Excel...
[20:18:33] Descargando Excel...
[20:18:46] Archivo descargado en: datos/descargas/cache_actas_cruce/MULTAS_SIGI_CRUCE.xlsx
[20:18:48] ⏱ [actas_sigi] completado en 14.3s
[20:18:54] Archivo descargado en: datos/descargas/cache_actas_cruce/MULTAS_SIGEMI_CRUCE.xlsx
[20:18:58] ⏱ [actas_sigemi] completado en 24.5s
[20:19:25] ✅ TXT de pagos descargado en: datos/descargas/pagos/2026-08-11/ALL PAGOS DESCARGADOS.txt
[20:19:25] ⏱ [pagos_txt] completado en 51.4s
[20:19:25] ⏱ TOTAL descargas en paralelo: 51.4s
[20:19:25] ✅ DescargasParalelasPaso finalizado. (⏱ 51.7s)
[20:19:25] ==================================================
[20:19:25] 🚀 PASO: CompararActasPaso
[20:19:25] ==================================================
[20:19:25] 🔍 Comparando actas del SEMyT contra pagos del SIGI...
[20:19:25] ================================================================================
[20:19:25] INICIANDO PROCESO DE GENERACIÓN DE PAGOS DESACTUALIZADOS
[20:19:25] ================================================================================
[20:19:25] 📂 Cargando archivos...
[20:19:25]   ✓ Pagos: 21104 registros
[20:19:28]   ✓ Excel SIGEMI (multas vencidas viejas): 101245 registros
[20:19:30]   ✓ Excel SIGI (multas vencidas nuevas): 42412 registros
[20:19:30] ================================================================================
[20:19:30] PASO 1: LLENANDO ACTA_NUMERO (búsqueda por patente + fecha, con desempate por hora)
[20:19:30] ================================================================================
[20:19:32] 📊 ESTADÍSTICAS DE LLENADO DE ACTAS:
[20:19:32]   • Pagos con acta ORIGINAL: 5469
[20:19:32]   • Pagos SIN acta (buscados): 15635
[20:19:32]   • Pagos LLENADOS exitosamente: 1
[20:19:32]   • Pagos NO encontrados en multas: 15634
[20:19:32]   • Pagos SIN RESOLVER por desbalance de cantidades: 0
[20:19:32] ================================================================================
[20:19:32] PASO 1: LLENANDO ACTA_NUMERO (búsqueda por patente + fecha, con desempate por hora)
[20:19:32] ================================================================================
[20:19:34] 📊 ESTADÍSTICAS DE LLENADO DE ACTAS:
[20:19:34]   • Pagos con acta ORIGINAL: 5470
[20:19:34]   • Pagos SIN acta (buscados): 15634
[20:19:34]   • Pagos LLENADOS exitosamente: 0
[20:19:34]   • Pagos NO encontrados en multas: 15634
[20:19:34]   • Pagos SIN RESOLVER por desbalance de cantidades: 0
[20:19:34] ⏱ PASO 1 (llenar actas): 4.1s
[20:19:34] ================================================================================
[20:19:34] PASO 2: FILTRANDO PAGOS CON ACTA_NUMERO COMPLETO
[20:19:34] ================================================================================
[20:19:34] 📊 ESTADÍSTICAS DE FILTRADO:
[20:19:34]   • Pagos TOTALES al inicio: 21104
[20:19:34]   • Pagos CON acta (MANTIENEN): 5470
[20:19:34]   • Pagos RECHAZADOS (sin coincidencias): 15634
[20:19:34] ⚠️  Se eliminaron 15634 registros sin número de acta
[20:19:34]      (recordá: esto incluye tanto pagos ya actualizados/pagados
[20:19:34]       como pagos que quedaron sin resolver por desbalance en el Paso 1)
[20:19:34] ================================================================================
[20:19:34] PASO 2-bis: CONFIRMANDO VIGENCIA DE PAGOS (sistema NUEVO contra MULTAS_SIGI_CRUCE, sistema VIEJO contra SIGEMI)
[20:19:34] ================================================================================
[20:19:34]   ⚠ 5454 pago(s) descartados: su acta ya no figura como vencida en MULTAS_SIGI_CRUCE (SEMyT ya los actualizó).
[20:19:34]   ⚠ 15 pago(s) descartados: su acta ya no figura como vencida en el Excel de SIGEMI (SEMyT ya los actualizó).
[20:19:34]   • Pagos descartados en total por ya estar actualizados/pagados: 5469
[20:19:34] ⏱ PASO 2 (filtrar): 0.5s
[20:19:34] 📂 Cargando maestro de causas SIGEMI...
[20:19:34]   ✓ Causas totales (maestro): 134069 registros
[20:19:34] ================================================================================
[20:19:34] PASO 2.5: ARMANDO causas.txt SIMPLIFICADO (cruce contra total_causas_sigemi.txt)
[20:19:34] ================================================================================
[20:19:35]   • Actas vencidas viejas (multas): 101245
[20:19:35]   • Causas totales en el maestro SIGEMI: 134069
[20:19:35]   • Causas que coinciden (simplificado): 100933
[20:19:35]   ✅ Archivo escrito: datos/descargas/causas/causas.txt
[20:19:35] ⏱ PASO 2.5 (causas simplificado): 0.4s
[20:19:35] ================================================================================
[20:19:35] PASO 3: LLENANDO CAUSA_NUMERO (según fecha de cambio de sistema, cruzando por acta + año)
[20:19:35] ================================================================================
[20:19:35] 📊 ESTADÍSTICAS DE LLENADO DE CAUSAS:
[20:19:35]   • Pagos con causa ORIGINAL: 0
[20:19:35]   • Causas encontradas en SIGEMI (actas viejas): 1
[20:19:35]   • Causas NO encontradas en SIGEMI: 0
[20:19:35]   • Causas asignadas automáticamente (actas nuevas): 0
[20:19:35] ⏱ PASO 3 (llenar causas): 0.0s
[20:19:35] ================================================================================
[20:19:35] PASO 4: ORDENANDO POR FECHA Y ACTA_NUMERO
[20:19:35] ================================================================================
[20:19:35] ✓ Pagos ordenados correctamente
[20:19:35]   • Primera entrada: Acta=148038, Fecha=13/05/2025
[20:19:35]   • Última entrada: Acta=148038, Fecha=13/05/2025
[20:19:35] 📝 Escribiendo archivo de salida...
[20:19:35]   ✅ Archivo escrito: datos/descargas/pagos/2026-08-11/PAGOS 20260811 201925.txt
[20:19:35]   ✅ Total registros: 256
[20:19:35] ⏱ PASO 4 (ordenar y escribir): 0.0s
[20:19:35] ================================================================================
[20:19:35] ✅ PROCESO COMPLETADO EXITOSAMENTE
[20:19:35] ================================================================================
[20:19:35] 📊 RESUMEN FINAL DEL PROCESAMIENTO:
[20:19:35]   ENTRADA:
[20:19:35]     • Pagos originales: 21104
[20:19:35]     • Multas SIGEMI cargadas: 101245
[20:19:35]     • Multas SIGI cargadas: 42412
[20:19:35]     • Causas simplificadas (usadas para el cruce): 100933
[20:19:35]   PROCESO:
[20:19:35]     • Pagos rechazados sigemi: 15634
[20:19:35]     • Pagos rechazados sigi: 5469
[20:19:35]   SALIDA:
[20:19:35]     • Pagos desactualizados procesados: 1
[20:19:35]     • Archivo final: datos/descargas/pagos/2026-08-11/PAGOS 20260811 201925.txt
[20:19:35]     • Ordenados por fecha: SÍ ✓
[20:19:35]     • Todos con ACTA_NUMERO: SÍ ✓
[20:19:35]     • Todos con CAUSA_NUMERO: SÍ ✓
[20:19:35] ✅ TXT de pagos (ya cruzado con actas y causas) generado en: datos/descargas/pagos/2026-08-11/PAGOS 20260811 201925.txt
[20:19:35] 🧹 TXT de pagos crudo eliminado (ya usado en el cruce): datos/descargas/pagos/2026-08-11/ALL PAGOS DESCARGADOS.txt
[20:19:35] 🧹 Excel MULTAS_SIGEMI_CRUCE eliminado (ya usado en el cruce): datos/descargas/cache_actas_cruce/MULTAS_SIGEMI_CRUCE.xlsx
[20:19:35] 🧹 Excel MULTAS_SIGI_CRUCE eliminado (ya usado en el cruce): datos/descargas/cache_actas_cruce/MULTAS_SIGI_CRUCE.xlsx
[20:19:35] ✅ CompararActasPaso finalizado. (⏱ 10.1s)
[20:19:35] ==================================================
[20:19:35] 🚀 PASO: CargarPagosPaso
[20:19:35] ==================================================
[20:19:35] 📤 Subiendo TXT de pagos al SEMyT...
[20:19:36] ✅ Importación de pagos completada con éxito.
[20:19:37] ✅ Archivo TXT de pagos cargado en el SEMyT correctamente.
[20:19:37] ✅ CargarPagosPaso finalizado. (⏱ 2.0s)
[20:19:37] === Ejecución finalizada con éxito ===
