[09:09:46] === Inicio de ejecución: pagos ===
[09:09:47] ==================================================
[09:09:47] 🚀 PASO: LoginSEMyTPaso
[09:09:47] ==================================================
[09:09:47] Abriendo SEMyT...
[09:09:57] ✅ [SEMyT] Sesión existente detectada. Login omitido.
[09:09:58] ✅ LoginSEMyTPaso finalizado. (⏱ 10.7s)
[09:09:58] ==================================================
[09:09:58] 🚀 PASO: LoginSIGIPaso
[09:09:58] ==================================================
[09:09:58] Abriendo sitio municipalidad (CiDi)...
[09:09:58] ✅ [SIGI] Sesión existente detectada. Login omitido.
[09:09:58] ✅ LoginSIGIPaso finalizado. (⏱ 0.6s)
[09:09:58] ==================================================
[09:09:58] 🚀 PASO: DescargasParalelasPaso
[09:09:58] ==================================================
[09:09:59] 📤 Arrancando las 3 descargas en paralelo (mismo browser, páginas separadas)...
[09:09:59] Fecha Desde: 27/06/2024
[09:09:59] Fecha Hasta: 24/11/2025
[09:09:59] Fecha Desde: 25/11/2025
[09:09:59] Fecha Hasta: 11/08/2026
[09:09:59] Descargando Excel...
[09:09:59] Descargando Excel...
[09:10:18] Archivo descargado en: datos/descargas/cache_actas_cruce/MULTAS_SIGI_CRUCE.xlsx
[09:10:20] ⏱ [actas_sigi] completado en 21.4s
[09:10:31] ✅ TXT de pagos descargado en: datos/descargas/pagos/2026-08-11/ALL PAGOS DESCARGADOS.txt
[09:10:31] ⏱ [pagos_txt] completado en 32.4s
[09:10:42] Archivo descargado en: datos/descargas/cache_actas_cruce/MULTAS_SIGEMI_CRUCE.xlsx
[09:10:46] ⏱ [actas_sigemi] completado en 47.2s
[09:10:46] ⏱ TOTAL descargas en paralelo: 47.2s
[09:10:46] ✅ DescargasParalelasPaso finalizado. (⏱ 47.6s)
[09:10:46] ==================================================
[09:10:46] 🚀 PASO: CompararActasPaso
[09:10:46] ==================================================
[09:10:46] 🔍 Comparando actas del SEMyT contra pagos del SIGI...
[09:10:46] ================================================================================
[09:10:46] INICIANDO PROCESO DE GENERACIÓN DE PAGOS DESACTUALIZADOS
[09:10:46] ================================================================================
[09:10:46] 📂 Cargando archivos...
[09:10:46]   ✓ Pagos: 21020 registros
[09:10:50]   ✓ Excel SIGEMI (multas vencidas viejas): 101325 registros
[09:10:52]   ✓ Excel SIGI (multas vencidas nuevas): 42465 registros
[09:10:52] ================================================================================
[09:10:52] PASO 1: LLENANDO ACTA_NUMERO (búsqueda por patente + fecha, con desempate por hora)
[09:10:52] ================================================================================
[09:10:54] 📊 ESTADÍSTICAS DE LLENADO DE ACTAS:
[09:10:54]   • Pagos con acta ORIGINAL: 5427
[09:10:54]   • Pagos SIN acta (buscados): 15593
[09:10:54]   • Pagos LLENADOS exitosamente: 12
[09:10:54]   • Pagos NO encontrados en multas: 15581
[09:10:54]   • Pagos SIN RESOLVER por desbalance de cantidades: 0
[09:10:55] ================================================================================
[09:10:55] PASO 1: LLENANDO ACTA_NUMERO (búsqueda por patente + fecha, con desempate por hora)
[09:10:55] ================================================================================
[09:10:57] 📊 ESTADÍSTICAS DE LLENADO DE ACTAS:
[09:10:57]   • Pagos con acta ORIGINAL: 5439
[09:10:57]   • Pagos SIN acta (buscados): 15581
[09:10:57]   • Pagos LLENADOS exitosamente: 0
[09:10:57]   • Pagos NO encontrados en multas: 15581
[09:10:57]   • Pagos SIN RESOLVER por desbalance de cantidades: 0
[09:10:57] ⏱ PASO 1 (llenar actas): 5.1s
[09:10:57] ================================================================================
[09:10:57] PASO 2: FILTRANDO PAGOS CON ACTA_NUMERO COMPLETO
[09:10:57] ================================================================================
[09:10:57] 📊 ESTADÍSTICAS DE FILTRADO:
[09:10:57]   • Pagos TOTALES al inicio: 21020
[09:10:57]   • Pagos CON acta (MANTIENEN): 5439
[09:10:57]   • Pagos RECHAZADOS (sin coincidencias): 15581
[09:10:57] ⚠️  Se eliminaron 15581 registros sin número de acta
[09:10:57]      (recordá: esto incluye tanto pagos ya actualizados/pagados
[09:10:57]       como pagos que quedaron sin resolver por desbalance en el Paso 1)
[09:10:57] ================================================================================
[09:10:57] PASO 2-bis: CONFIRMANDO VIGENCIA DE PAGOS (sistema NUEVO contra MULTAS_SIGI_CRUCE, sistema VIEJO contra SIGEMI)
[09:10:57] ================================================================================
[09:10:57]   ⚠ 5412 pago(s) descartados: su acta ya no figura como vencida en MULTAS_SIGI_CRUCE (SEMyT ya los actualizó).
[09:10:57]   ⚠ 15 pago(s) descartados: su acta ya no figura como vencida en el Excel de SIGEMI (SEMyT ya los actualizó).
[09:10:57]   • Pagos descartados en total por ya estar actualizados/pagados: 5427
[09:10:57] ⏱ PASO 2 (filtrar): 0.6s
[09:10:57] 📂 Cargando maestro de causas SIGEMI...
[09:10:57]   ✓ Causas totales (maestro): 134069 registros
[09:10:57] ================================================================================
[09:10:57] PASO 2.5: ARMANDO causas.txt SIMPLIFICADO (cruce contra total_causas_sigemi.txt)
[09:10:57] ================================================================================
[09:10:58]   • Actas vencidas viejas (multas): 101325
[09:10:58]   • Causas totales en el maestro SIGEMI: 134069
[09:10:58]   • Causas que coinciden (simplificado): 101012
[09:10:58]   ✅ Archivo escrito: datos/descargas/causas/causas.txt
[09:10:58] ⏱ PASO 2.5 (causas simplificado): 0.5s
[09:10:58] ================================================================================
[09:10:58] PASO 3: LLENANDO CAUSA_NUMERO (según fecha de cambio de sistema, cruzando por acta + año)
[09:10:58] ================================================================================
[09:10:58] 📊 ESTADÍSTICAS DE LLENADO DE CAUSAS:
[09:10:58]   • Pagos con causa ORIGINAL: 0
[09:10:58]   • Causas encontradas en SIGEMI (actas viejas): 12
[09:10:58]   • Causas NO encontradas en SIGEMI: 0
[09:10:58]   • Causas asignadas automáticamente (actas nuevas): 0
[09:10:58] ⏱ PASO 3 (llenar causas): 0.0s
[09:10:58] ================================================================================
[09:10:58] PASO 4: ORDENANDO POR FECHA Y ACTA_NUMERO
[09:10:58] ================================================================================
[09:10:58] ✓ Pagos ordenados correctamente
[09:10:58]   • Primera entrada: Acta=190, Fecha=27/06/2024
[09:10:58]   • Última entrada: Acta=62825, Fecha=21/10/2024
[09:10:58] 📝 Escribiendo archivo de salida...
[09:10:58]   ✅ Archivo escrito: datos/descargas/pagos/2026-08-11/PAGOS 20260811 091046.txt
[09:10:58]   ✅ Total registros: 1382
[09:10:58] ⏱ PASO 4 (ordenar y escribir): 0.0s
[09:10:58] ================================================================================
[09:10:58] ✅ PROCESO COMPLETADO EXITOSAMENTE
[09:10:58] ================================================================================
[09:10:58] 📊 RESUMEN FINAL DEL PROCESAMIENTO:
[09:10:58]   ENTRADA:
[09:10:58]     • Pagos originales: 21020
[09:10:58]     • Multas SIGEMI cargadas: 101325
[09:10:58]     • Multas SIGI cargadas: 42465
[09:10:58]     • Causas simplificadas (usadas para el cruce): 101012
[09:10:58]   PROCESO:
[09:10:58]     • Pagos rechazados sigemi: 15581
[09:10:58]     • Pagos rechazados sigi: 5427
[09:10:58]   SALIDA:
[09:10:58]     • Pagos desactualizados procesados: 12
[09:10:58]     • Archivo final: datos/descargas/pagos/2026-08-11/PAGOS 20260811 091046.txt
[09:10:58]     • Ordenados por fecha: SÍ ✓
[09:10:58]     • Todos con ACTA_NUMERO: SÍ ✓
[09:10:58]     • Todos con CAUSA_NUMERO: SÍ ✓
[09:10:58] ✅ TXT de pagos (ya cruzado con actas y causas) generado en: datos/descargas/pagos/2026-08-11/PAGOS 20260811 091046.txt
[09:10:58] 🧹 TXT de pagos crudo eliminado (ya usado en el cruce): datos/descargas/pagos/2026-08-11/ALL PAGOS DESCARGADOS.txt
[09:10:58] 🧹 Excel MULTAS_SIGEMI_CRUCE eliminado (ya usado en el cruce): datos/descargas/cache_actas_cruce/MULTAS_SIGEMI_CRUCE.xlsx
[09:10:58] 🧹 Excel MULTAS_SIGI_CRUCE eliminado (ya usado en el cruce): datos/descargas/cache_actas_cruce/MULTAS_SIGI_CRUCE.xlsx
[09:10:58] ✅ CompararActasPaso finalizado. (⏱ 12.0s)
[09:10:58] ==================================================
[09:10:58] 🚀 PASO: CargarPagosPaso
[09:10:58] ==================================================
[09:10:58] 📤 Subiendo TXT de pagos al SEMyT...
[09:11:00] ✅ Importación de pagos completada con éxito.
[09:11:00] ✅ Archivo TXT de pagos cargado en el SEMyT correctamente.
[09:11:00] ✅ CargarPagosPaso finalizado. (⏱ 2.0s)
[09:11:00] === Ejecución finalizada con éxito ===
