[17:19:47] === Inicio de ejecución: pagos ===
[17:19:48] ==================================================
[17:19:48] 🚀 PASO: LoginSEMyTPaso
[17:19:48] ==================================================
[17:19:48] Abriendo SEMyT...
[17:19:51] ✅ [SEMyT] Sesión existente detectada. Login omitido.
[17:19:51] ✅ LoginSEMyTPaso finalizado. (⏱ 3.8s)
[17:19:51] ==================================================
[17:19:51] 🚀 PASO: LoginSIGIPaso
[17:19:51] ==================================================
[17:19:52] Abriendo sitio municipalidad (CiDi)...
[17:19:53] ✅ [SIGI] Sesión existente detectada. Login omitido.
[17:19:53] ✅ LoginSIGIPaso finalizado. (⏱ 1.2s)
[17:19:53] ==================================================
[17:19:53] 🚀 PASO: DescargasParalelasPaso
[17:19:53] ==================================================
[17:19:53] 📤 Arrancando las 3 descargas en paralelo (mismo browser, páginas separadas)...
[17:19:53] Fecha Desde: 27/06/2024
[17:19:53] Fecha Hasta: 24/11/2025
[17:19:53] Fecha Desde: 25/11/2025
[17:19:53] Fecha Hasta: 11/08/2026
[17:19:53] Descargando Excel...
[17:19:53] Descargando Excel...
[17:20:22] Archivo descargado en: datos/descargas/cache_actas_cruce/MULTAS_SIGI_CRUCE.xlsx
[17:20:25] ⏱ [actas_sigi] completado en 31.4s
[17:20:25] Archivo descargado en: datos/descargas/cache_actas_cruce/MULTAS_SIGEMI_CRUCE.xlsx
[17:20:31] ⏱ [actas_sigemi] completado en 38.1s
[17:20:38] ✅ TXT de pagos descargado en: datos/descargas/pagos/2026-08-11/ALL PAGOS DESCARGADOS.txt
[17:20:38] ⏱ [pagos_txt] completado en 44.6s
[17:20:38] ⏱ TOTAL descargas en paralelo: 44.6s
[17:20:38] ✅ DescargasParalelasPaso finalizado. (⏱ 45.1s)
[17:20:38] ==================================================
[17:20:38] 🚀 PASO: CompararActasPaso
[17:20:38] ==================================================
[17:20:38] 🔍 Comparando actas del SEMyT contra pagos del SIGI...
[17:20:38] ================================================================================
[17:20:38] INICIANDO PROCESO DE GENERACIÓN DE PAGOS DESACTUALIZADOS
[17:20:38] ================================================================================
[17:20:38] 📂 Cargando archivos...
[17:20:38]   ✓ Pagos: 21099 registros
[17:20:44]   ✓ Excel SIGEMI (multas vencidas viejas): 101272 registros
[17:20:47]   ✓ Excel SIGI (multas vencidas nuevas): 42428 registros
[17:20:48] ================================================================================
[17:20:48] PASO 1: LLENANDO ACTA_NUMERO (búsqueda por patente + fecha, con desempate por hora)
[17:20:48] ================================================================================
[17:20:51] 📊 ESTADÍSTICAS DE LLENADO DE ACTAS:
[17:20:51]   • Pagos con acta ORIGINAL: 5465
[17:20:51]   • Pagos SIN acta (buscados): 15634
[17:20:51]   • Pagos LLENADOS exitosamente: 0
[17:20:51]   • Pagos NO encontrados en multas: 15634
[17:20:51]   • Pagos SIN RESOLVER por desbalance de cantidades: 0
[17:20:51] ================================================================================
[17:20:51] PASO 1: LLENANDO ACTA_NUMERO (búsqueda por patente + fecha, con desempate por hora)
[17:20:51] ================================================================================
[17:20:54] 📊 ESTADÍSTICAS DE LLENADO DE ACTAS:
[17:20:54]   • Pagos con acta ORIGINAL: 5465
[17:20:54]   • Pagos SIN acta (buscados): 15634
[17:20:54]   • Pagos LLENADOS exitosamente: 0
[17:20:54]   • Pagos NO encontrados en multas: 15634
[17:20:54]   • Pagos SIN RESOLVER por desbalance de cantidades: 0
[17:20:54] ⏱ PASO 1 (llenar actas): 7.6s
[17:20:54] ================================================================================
[17:20:54] PASO 2: FILTRANDO PAGOS CON ACTA_NUMERO COMPLETO
[17:20:54] ================================================================================
[17:20:54] 📊 ESTADÍSTICAS DE FILTRADO:
[17:20:54]   • Pagos TOTALES al inicio: 21099
[17:20:54]   • Pagos CON acta (MANTIENEN): 5465
[17:20:54]   • Pagos RECHAZADOS (sin coincidencias): 15634
[17:20:54] ⚠️  Se eliminaron 15634 registros sin número de acta
[17:20:54]      (recordá: esto incluye tanto pagos ya actualizados/pagados
[17:20:54]       como pagos que quedaron sin resolver por desbalance en el Paso 1)
[17:20:54] ================================================================================
[17:20:54] PASO 2-bis: CONFIRMANDO VIGENCIA DE PAGOS (sistema NUEVO contra MULTAS_SIGI_CRUCE, sistema VIEJO contra SIGEMI)
[17:20:54] ================================================================================
[17:20:55]   ⚠ 5449 pago(s) descartados: su acta ya no figura como vencida en MULTAS_SIGI_CRUCE (SEMyT ya los actualizó).
[17:20:55]   ⚠ 15 pago(s) descartados: su acta ya no figura como vencida en el Excel de SIGEMI (SEMyT ya los actualizó).
[17:20:55]   • Pagos descartados en total por ya estar actualizados/pagados: 5464
[17:20:55] ⏱ PASO 2 (filtrar): 0.9s
[17:20:55] 📂 Cargando maestro de causas SIGEMI...
[17:20:55]   ✓ Causas totales (maestro): 134069 registros
[17:20:55] ================================================================================
[17:20:55] PASO 2.5: ARMANDO causas.txt SIMPLIFICADO (cruce contra total_causas_sigemi.txt)
[17:20:55] ================================================================================
[17:20:56]   • Actas vencidas viejas (multas): 101272
[17:20:56]   • Causas totales en el maestro SIGEMI: 134069
[17:20:56]   • Causas que coinciden (simplificado): 100959
[17:20:56]   ✅ Archivo escrito: datos/descargas/causas/causas.txt
[17:20:56] ⏱ PASO 2.5 (causas simplificado): 0.9s
[17:20:56] ================================================================================
[17:20:56] PASO 3: LLENANDO CAUSA_NUMERO (según fecha de cambio de sistema, cruzando por acta + año)
[17:20:56] ================================================================================
[17:20:56] 📊 ESTADÍSTICAS DE LLENADO DE CAUSAS:
[17:20:56]   • Pagos con causa ORIGINAL: 1
[17:20:56]   • Causas encontradas en SIGEMI (actas viejas): 0
[17:20:56]   • Causas NO encontradas en SIGEMI: 0
[17:20:56]   • Causas asignadas automáticamente (actas nuevas): 0
[17:20:56] ⏱ PASO 3 (llenar causas): 0.0s
[17:20:56] ================================================================================
[17:20:56] PASO 4: ORDENANDO POR FECHA Y ACTA_NUMERO
[17:20:56] ================================================================================
[17:20:56] ✓ Pagos ordenados correctamente
[17:20:56]   • Primera entrada: Acta=291561, Fecha=09/04/2026
[17:20:56]   • Última entrada: Acta=291561, Fecha=09/04/2026
[17:20:56] 📝 Escribiendo archivo de salida...
[17:20:56]   ✅ Archivo escrito: datos/descargas/pagos/2026-08-11/PAGOS 20260811 172038.txt
[17:20:56]   ✅ Total registros: 264
[17:20:56] ⏱ PASO 4 (ordenar y escribir): 0.0s
[17:20:56] ================================================================================
[17:20:56] ✅ PROCESO COMPLETADO EXITOSAMENTE
[17:20:56] ================================================================================
[17:20:56] 📊 RESUMEN FINAL DEL PROCESAMIENTO:
[17:20:56]   ENTRADA:
[17:20:56]     • Pagos originales: 21099
[17:20:56]     • Multas SIGEMI cargadas: 101272
[17:20:56]     • Multas SIGI cargadas: 42428
[17:20:56]     • Causas simplificadas (usadas para el cruce): 100959
[17:20:56]   PROCESO:
[17:20:56]     • Pagos rechazados sigemi: 15634
[17:20:56]     • Pagos rechazados sigi: 5464
[17:20:56]   SALIDA:
[17:20:56]     • Pagos desactualizados procesados: 1
[17:20:56]     • Archivo final: datos/descargas/pagos/2026-08-11/PAGOS 20260811 172038.txt
[17:20:56]     • Ordenados por fecha: SÍ ✓
[17:20:56]     • Todos con ACTA_NUMERO: SÍ ✓
[17:20:56]     • Todos con CAUSA_NUMERO: SÍ ✓
[17:20:56] ✅ TXT de pagos (ya cruzado con actas y causas) generado en: datos/descargas/pagos/2026-08-11/PAGOS 20260811 172038.txt
[17:20:56] 🧹 TXT de pagos crudo eliminado (ya usado en el cruce): datos/descargas/pagos/2026-08-11/ALL PAGOS DESCARGADOS.txt
[17:20:56] 🧹 Excel MULTAS_SIGEMI_CRUCE eliminado (ya usado en el cruce): datos/descargas/cache_actas_cruce/MULTAS_SIGEMI_CRUCE.xlsx
[17:20:56] 🧹 Excel MULTAS_SIGI_CRUCE eliminado (ya usado en el cruce): datos/descargas/cache_actas_cruce/MULTAS_SIGI_CRUCE.xlsx
[17:20:56] ✅ CompararActasPaso finalizado. (⏱ 18.4s)
[17:20:56] ==================================================
[17:20:56] 🚀 PASO: CargarPagosPaso
[17:20:56] ==================================================
[17:20:56] 📤 Subiendo TXT de pagos al SEMyT...
[17:20:57] ✅ Importación de pagos completada con éxito.
[17:20:58] ✅ Archivo TXT de pagos cargado en el SEMyT correctamente.
[17:20:58] ✅ CargarPagosPaso finalizado. (⏱ 1.5s)
[17:20:58] === Ejecución finalizada con éxito ===
