[10:36:48] === Inicio de ejecución: pagos ===
[10:36:50] ==================================================
[10:36:50] 🚀 PASO: LoginSEMyTPaso
[10:36:50] ==================================================
[10:36:51] Abriendo SEMyT...
[10:37:00] ✅ [SEMyT] Sesión existente detectada. Login omitido.
[10:37:01] ✅ LoginSEMyTPaso finalizado. (⏱ 11.0s)
[10:37:01] ==================================================
[10:37:01] 🚀 PASO: LoginSIGIPaso
[10:37:01] ==================================================
[10:37:01] Abriendo sitio municipalidad (CiDi)...
[10:37:02] ✅ [SIGI] Sesión existente detectada. Login omitido.
[10:37:02] ✅ LoginSIGIPaso finalizado. (⏱ 1.4s)
[10:37:02] ==================================================
[10:37:02] 🚀 PASO: DescargasParalelasPaso
[10:37:02] ==================================================
[10:37:03] 📤 Arrancando las 3 descargas en paralelo (mismo browser, páginas separadas)...
[10:37:03] Fecha Desde: 27/06/2024
[10:37:03] Fecha Hasta: 24/11/2025
[10:37:03] Fecha Desde: 25/11/2025
[10:37:03] Fecha Hasta: 11/08/2026
[10:37:04] Descargando Excel...
[10:37:04] Descargando Excel...
[10:37:21] Archivo descargado en: datos/descargas/cache_actas_cruce/MULTAS_SIGI_CRUCE.xlsx
[10:37:28] ⏱ [actas_sigi] completado en 24.2s
[10:37:36] ✅ TXT de pagos descargado en: datos/descargas/pagos/2026-08-11/ALL PAGOS DESCARGADOS.txt
[10:37:36] ⏱ [pagos_txt] completado en 32.3s
[10:37:43] Archivo descargado en: datos/descargas/cache_actas_cruce/MULTAS_SIGEMI_CRUCE.xlsx
[10:37:59] ⏱ [actas_sigemi] completado en 55.8s
[10:37:59] ⏱ TOTAL descargas en paralelo: 55.8s
[10:37:59] ✅ DescargasParalelasPaso finalizado. (⏱ 56.8s)
[10:37:59] ==================================================
[10:37:59] 🚀 PASO: CompararActasPaso
[10:37:59] ==================================================
[10:37:59] 🔍 Comparando actas del SEMyT contra pagos del SIGI...
[10:37:59] ================================================================================
[10:37:59] INICIANDO PROCESO DE GENERACIÓN DE PAGOS DESACTUALIZADOS
[10:37:59] ================================================================================
[10:37:59] 📂 Cargando archivos...
[10:37:59]   ✓ Pagos: 21041 registros
[10:38:16]   ✓ Excel SIGEMI (multas vencidas viejas): 101303 registros
[10:38:23]   ✓ Excel SIGI (multas vencidas nuevas): 42456 registros
[10:38:24] ================================================================================
[10:38:24] PASO 1: LLENANDO ACTA_NUMERO (búsqueda por patente + fecha, con desempate por hora)
[10:38:24] ================================================================================
[10:38:28] 📊 ESTADÍSTICAS DE LLENADO DE ACTAS:
[10:38:28]   • Pagos con acta ORIGINAL: 5436
[10:38:28]   • Pagos SIN acta (buscados): 15605
[10:38:28]   • Pagos LLENADOS exitosamente: 2
[10:38:28]   • Pagos NO encontrados en multas: 15603
[10:38:28]   • Pagos SIN RESOLVER por desbalance de cantidades: 0
[10:38:29] ================================================================================
[10:38:29] PASO 1: LLENANDO ACTA_NUMERO (búsqueda por patente + fecha, con desempate por hora)
[10:38:29] ================================================================================
[10:38:36] 📊 ESTADÍSTICAS DE LLENADO DE ACTAS:
[10:38:36]   • Pagos con acta ORIGINAL: 5438
[10:38:36]   • Pagos SIN acta (buscados): 15603
[10:38:36]   • Pagos LLENADOS exitosamente: 0
[10:38:36]   • Pagos NO encontrados en multas: 15603
[10:38:36]   • Pagos SIN RESOLVER por desbalance de cantidades: 0
[10:38:36] ⏱ PASO 1 (llenar actas): 13.7s
[10:38:36] ================================================================================
[10:38:36] PASO 2: FILTRANDO PAGOS CON ACTA_NUMERO COMPLETO
[10:38:36] ================================================================================
[10:38:36] 📊 ESTADÍSTICAS DE FILTRADO:
[10:38:36]   • Pagos TOTALES al inicio: 21041
[10:38:36]   • Pagos CON acta (MANTIENEN): 5438
[10:38:36]   • Pagos RECHAZADOS (sin coincidencias): 15603
[10:38:36] ⚠️  Se eliminaron 15603 registros sin número de acta
[10:38:36]      (recordá: esto incluye tanto pagos ya actualizados/pagados
[10:38:36]       como pagos que quedaron sin resolver por desbalance en el Paso 1)
[10:38:36] ================================================================================
[10:38:36] PASO 2-bis: CONFIRMANDO VIGENCIA DE PAGOS (sistema NUEVO contra MULTAS_SIGI_CRUCE, sistema VIEJO contra SIGEMI)
[10:38:36] ================================================================================
[10:38:39]   ⚠ 5421 pago(s) descartados: su acta ya no figura como vencida en MULTAS_SIGI_CRUCE (SEMyT ya los actualizó).
[10:38:39]   ⚠ 15 pago(s) descartados: su acta ya no figura como vencida en el Excel de SIGEMI (SEMyT ya los actualizó).
[10:38:39]   • Pagos descartados en total por ya estar actualizados/pagados: 5436
[10:38:39] ⏱ PASO 2 (filtrar): 2.5s
[10:38:39] 📂 Cargando maestro de causas SIGEMI...
[10:38:39]   ✓ Causas totales (maestro): 134069 registros
[10:38:39] ================================================================================
[10:38:39] PASO 2.5: ARMANDO causas.txt SIMPLIFICADO (cruce contra total_causas_sigemi.txt)
[10:38:39] ================================================================================
[10:38:40]   • Actas vencidas viejas (multas): 101303
[10:38:40]   • Causas totales en el maestro SIGEMI: 134069
[10:38:40]   • Causas que coinciden (simplificado): 100990
[10:38:40]   ✅ Archivo escrito: datos/descargas/causas/causas.txt
[10:38:41] ⏱ PASO 2.5 (causas simplificado): 1.8s
[10:38:41] ================================================================================
[10:38:41] PASO 3: LLENANDO CAUSA_NUMERO (según fecha de cambio de sistema, cruzando por acta + año)
[10:38:41] ================================================================================
[10:38:41] 📊 ESTADÍSTICAS DE LLENADO DE CAUSAS:
[10:38:41]   • Pagos con causa ORIGINAL: 0
[10:38:41]   • Causas encontradas en SIGEMI (actas viejas): 2
[10:38:41]   • Causas NO encontradas en SIGEMI: 0
[10:38:41]   • Causas asignadas automáticamente (actas nuevas): 0
[10:38:41] ⏱ PASO 3 (llenar causas): 0.0s
[10:38:41] ================================================================================
[10:38:41] PASO 4: ORDENANDO POR FECHA Y ACTA_NUMERO
[10:38:41] ================================================================================
[10:38:41] ✓ Pagos ordenados correctamente
[10:38:41]   • Primera entrada: Acta=40863, Fecha=04/09/2024
[10:38:41]   • Última entrada: Acta=141184, Fecha=28/04/2025
[10:38:41] 📝 Escribiendo archivo de salida...
[10:38:41]   ✅ Archivo escrito: datos/descargas/pagos/2026-08-11/PAGOS 20260811 103759.txt
[10:38:41]   ✅ Total registros: 357
[10:38:41] ⏱ PASO 4 (ordenar y escribir): 0.0s
[10:38:41] ================================================================================
[10:38:41] ✅ PROCESO COMPLETADO EXITOSAMENTE
[10:38:41] ================================================================================
[10:38:41] 📊 RESUMEN FINAL DEL PROCESAMIENTO:
[10:38:41]   ENTRADA:
[10:38:41]     • Pagos originales: 21041
[10:38:41]     • Multas SIGEMI cargadas: 101303
[10:38:41]     • Multas SIGI cargadas: 42456
[10:38:41]     • Causas simplificadas (usadas para el cruce): 100990
[10:38:41]   PROCESO:
[10:38:41]     • Pagos rechazados sigemi: 15603
[10:38:41]     • Pagos rechazados sigi: 5436
[10:38:41]   SALIDA:
[10:38:41]     • Pagos desactualizados procesados: 2
[10:38:41]     • Archivo final: datos/descargas/pagos/2026-08-11/PAGOS 20260811 103759.txt
[10:38:41]     • Ordenados por fecha: SÍ ✓
[10:38:41]     • Todos con ACTA_NUMERO: SÍ ✓
[10:38:41]     • Todos con CAUSA_NUMERO: SÍ ✓
[10:38:41] ✅ TXT de pagos (ya cruzado con actas y causas) generado en: datos/descargas/pagos/2026-08-11/PAGOS 20260811 103759.txt
[10:38:41] 🧹 TXT de pagos crudo eliminado (ya usado en el cruce): datos/descargas/pagos/2026-08-11/ALL PAGOS DESCARGADOS.txt
[10:38:41] 🧹 Excel MULTAS_SIGEMI_CRUCE eliminado (ya usado en el cruce): datos/descargas/cache_actas_cruce/MULTAS_SIGEMI_CRUCE.xlsx
[10:38:41] 🧹 Excel MULTAS_SIGI_CRUCE eliminado (ya usado en el cruce): datos/descargas/cache_actas_cruce/MULTAS_SIGI_CRUCE.xlsx
[10:38:41] ✅ CompararActasPaso finalizado. (⏱ 41.4s)
[10:38:41] ==================================================
[10:38:41] 🚀 PASO: CargarPagosPaso
[10:38:41] ==================================================
[10:38:41] 📤 Subiendo TXT de pagos al SEMyT...
[10:38:42] ✅ Importación de pagos completada con éxito.
[10:38:43] ✅ Archivo TXT de pagos cargado en el SEMyT correctamente.
[10:38:43] ✅ CargarPagosPaso finalizado. (⏱ 1.9s)
[10:38:43] === Ejecución finalizada con éxito ===
