[00:08:47] 🤖 [Automático] Es hora de actualizar pagos. Arrancando...
[00:09:02] ⏳ [Automático] Tocaba disparar 'pagos' pero ya hay una ejecución en curso (Actualizar pagos); esperando a que termine; se reintenta en breve sin perder el turno.
[00:19:47] 🤖 [Automático] Es hora de actualizar pagos. Arrancando...
[00:20:02] ⏳ [Automático] Tocaba disparar 'pagos' pero ya hay una ejecución en curso (Actualizar pagos); esperando a que termine; se reintenta en breve sin perder el turno.
[00:30:47] 🤖 [Automático] Es hora de actualizar pagos. Arrancando...
[00:31:02] ⏳ [Automático] Tocaba disparar 'pagos' pero ya hay una ejecución en curso (Actualizar pagos); esperando a que termine; se reintenta en breve sin perder el turno.
[00:41:33] 🤖 [Automático] Es hora de actualizar pagos. Arrancando...
[00:41:48] ⏳ [Automático] Tocaba disparar 'pagos' pero ya hay una ejecución en curso (Actualizar pagos); esperando a que termine; se reintenta en breve sin perder el turno.
[00:52:33] 🤖 [Automático] Es hora de actualizar pagos. Arrancando...
[00:52:48] ⏳ [Automático] Tocaba disparar 'pagos' pero ya hay una ejecución en curso (Actualizar pagos); esperando a que termine; se reintenta en breve sin perder el turno.
[01:03:18] 🤖 [Automático] Es hora de actualizar pagos. Arrancando...
[01:03:33] ⏳ [Automático] Tocaba disparar 'pagos' pero ya hay una ejecución en curso (Actualizar pagos); esperando a que termine; se reintenta en breve sin perder el turno.
[01:14:18] 🤖 [Automático] Es hora de actualizar pagos. Arrancando...
[01:14:33] ⏳ [Automático] Tocaba disparar 'pagos' pero ya hay una ejecución en curso (Actualizar pagos); esperando a que termine; se reintenta en breve sin perder el turno.
[01:25:19] 🤖 [Automático] Es hora de actualizar pagos. Arrancando...
[01:25:34] ⏳ [Automático] Tocaba disparar 'pagos' pero ya hay una ejecución en curso (Actualizar pagos); esperando a que termine; se reintenta en breve sin perder el turno.
[01:36:19] 🤖 [Automático] Es hora de actualizar pagos. Arrancando...
[01:36:34] ⏳ [Automático] Tocaba disparar 'pagos' pero ya hay una ejecución en curso (Actualizar pagos); esperando a que termine; se reintenta en breve sin perder el turno.
[01:47:19] 🤖 [Automático] Es hora de actualizar pagos. Arrancando...
[01:47:34] ⏳ [Automático] Tocaba disparar 'pagos' pero ya hay una ejecución en curso (Actualizar pagos); esperando a que termine; se reintenta en breve sin perder el turno.
[01:58:20] 🤖 [Automático] Es hora de actualizar pagos. Arrancando...
[01:58:35] ⏳ [Automático] Tocaba disparar 'pagos' pero ya hay una ejecución en curso (Actualizar pagos); esperando a que termine; se reintenta en breve sin perder el turno.
[02:09:20] 🤖 [Automático] Es hora de actualizar pagos. Arrancando...
[02:09:35] ⏳ [Automático] Tocaba disparar 'pagos' pero ya hay una ejecución en curso (Actualizar pagos); esperando a que termine; se reintenta en breve sin perder el turno.
[02:20:20] 🤖 [Automático] Es hora de actualizar pagos. Arrancando...
[02:20:35] ⏳ [Automático] Tocaba disparar 'pagos' pero ya hay una ejecución en curso (Actualizar pagos); esperando a que termine; se reintenta en breve sin perder el turno.
[02:31:21] 🤖 [Automático] Es hora de actualizar pagos. Arrancando...
[02:31:36] ⏳ [Automático] Tocaba disparar 'pagos' pero ya hay una ejecución en curso (Actualizar pagos); esperando a que termine; se reintenta en breve sin perder el turno.
[03:11:01] 🤖 [Automático] Es hora de actualizar pagos. Arrancando...
[03:29:00] ❌ [Automático] 'pagos' falló (intento 1 de 4). Se reintenta a las 03:34.
[04:03:26] 🤖 [Automático] Es hora de actualizar pagos (reintento 1 de 3). Arrancando...
[04:18:42] ❌ [Automático] 'pagos' falló (intento 2 de 4). Se reintenta a las 04:33.
[04:38:21] 🤖 [Automático] Es hora de actualizar pagos (reintento 2 de 3). Arrancando...
[04:38:36] ⏳ [Automático] Tocaba disparar 'pagos' pero ya hay una ejecución en curso (Actualizar pagos); esperando a que termine; se reintenta en breve sin perder el turno.
[04:54:47] ✅ [Automático] 'pagos' terminó bien en el reintento 2.
[05:28:16] 🤖 [Automático] Es hora de actualizar pagos. Arrancando...
[05:39:26] ❌ [Automático] 'pagos' falló (intento 1 de 4). Se reintenta a las 05:44.
[06:05:07] 🤖 [Automático] Es hora de actualizar pagos (reintento 1 de 3). Arrancando...
[06:05:22] ⏳ [Automático] Tocaba disparar 'pagos' pero ya hay una ejecución en curso (Actualizar pagos); esperando a que termine; se reintenta en breve sin perder el turno.
[06:23:16] ✅ [Automático] 'pagos' terminó bien en el reintento 1.
[06:40:28] 🤖 [Automático] Es hora de actualizar pagos. Arrancando...
[06:40:43] ⏳ [Automático] Tocaba disparar 'pagos' pero ya hay una ejecución en curso (Actualizar pagos); esperando a que termine; se reintenta en breve sin perder el turno.
[07:59:19] ❌ [Automático] 'pagos' falló (intento 1 de 4). Se reintenta a las 08:04.
[08:04:29] 🤖 [Automático] Es hora de actualizar pagos (reintento 1 de 3). Arrancando...
[08:04:30] ❌ [Automático] 'pagos' falló (intento 2 de 4). Se reintenta a las 08:19.
[08:19:43] 🤖 [Automático] Es hora de actualizar pagos (reintento 2 de 3). Arrancando...
[08:19:58] ⏳ [Automático] Tocaba disparar 'pagos' pero ya hay una ejecución en curso (Actualizar pagos); esperando a que termine; se reintenta en breve sin perder el turno.
[08:21:07] ✅ [Automático] 'pagos' terminó bien en el reintento 2.
[08:31:13] 🤖 [Automático] Es hora de actualizar pagos. Arrancando...
[08:31:28] ⏳ [Automático] Tocaba disparar 'pagos' pero ya hay una ejecución en curso (Actualizar pagos); esperando a que termine; se reintenta en breve sin perder el turno.
[08:42:43] 🤖 [Automático] Es hora de actualizar pagos. Arrancando...
[08:42:58] ⏳ [Automático] Tocaba disparar 'pagos' pero ya hay una ejecución en curso (Actualizar pagos); esperando a que termine; se reintenta en breve sin perder el turno.
[08:54:13] 🤖 [Automático] Es hora de actualizar pagos. Arrancando...
[08:54:28] ⏳ [Automático] Tocaba disparar 'pagos' pero ya hay una ejecución en curso (Actualizar pagos); esperando a que termine; se reintenta en breve sin perder el turno.
[09:05:59] 🤖 [Automático] Es hora de actualizar pagos. Arrancando...
[09:06:14] ⏳ [Automático] Tocaba disparar 'pagos' pero ya hay una ejecución en curso (Actualizar pagos); esperando a que termine; se reintenta en breve sin perder el turno.
[09:17:29] 🤖 [Automático] Es hora de actualizar pagos. Arrancando...
[09:17:44] ⏳ [Automático] Tocaba disparar 'pagos' pero ya hay una ejecución en curso (Actualizar pagos); esperando a que termine; se reintenta en breve sin perder el turno.
[09:28:44] 🤖 [Automático] Es hora de actualizar pagos. Arrancando...
[09:28:59] ⏳ [Automático] Tocaba disparar 'pagos' pero ya hay una ejecución en curso (Actualizar pagos); esperando a que termine; se reintenta en breve sin perder el turno.
[09:39:59] 🤖 [Automático] Es hora de actualizar pagos. Arrancando...
[09:40:14] ⏳ [Automático] Tocaba disparar 'pagos' pero ya hay una ejecución en curso (Actualizar pagos); esperando a que termine; se reintenta en breve sin perder el turno.
[09:51:15] 🤖 [Automático] Es hora de actualizar pagos. Arrancando...
[09:51:30] ⏳ [Automático] Tocaba disparar 'pagos' pero ya hay una ejecución en curso (Actualizar pagos); esperando a que termine; se reintenta en breve sin perder el turno.
[10:02:30] 🤖 [Automático] Es hora de actualizar pagos. Arrancando...
[10:02:45] ⏳ [Automático] Tocaba disparar 'pagos' pero ya hay una ejecución en curso (Actualizar pagos); esperando a que termine; se reintenta en breve sin perder el turno.
[10:14:15] 🤖 [Automático] Es hora de actualizar pagos. Arrancando...
[10:14:30] ⏳ [Automático] Tocaba disparar 'pagos' pero ya hay una ejecución en curso (Actualizar pagos); esperando a que termine; se reintenta en breve sin perder el turno.
[10:25:30] 🤖 [Automático] Es hora de actualizar pagos. Arrancando...
[10:25:45] ⏳ [Automático] Tocaba disparar 'pagos' pero ya hay una ejecución en curso (Actualizar pagos); esperando a que termine; se reintenta en breve sin perder el turno.
[10:37:15] 🤖 [Automático] Es hora de actualizar pagos. Arrancando...
[10:37:30] ⏳ [Automático] Tocaba disparar 'pagos' pero ya hay una ejecución en curso (Actualizar pagos); esperando a que termine; se reintenta en breve sin perder el turno.
[10:40:26] ❌ [Automático] 'pagos' falló (intento 1 de 4). Se reintenta a las 10:45.
[10:45:30] 🤖 [Automático] Es hora de actualizar pagos (reintento 1 de 3). Arrancando...
[10:45:45] ⏳ [Automático] Tocaba disparar 'pagos' pero ya hay una ejecución en curso (Actualizar pagos); esperando a que termine; se reintenta en breve sin perder el turno.
[10:46:59] ✅ [Automático] 'pagos' terminó bien en el reintento 1.
[11:04:47] 🤖 [Automático] Es hora de actualizar pagos. Arrancando...
[11:05:02] ⏳ [Automático] Tocaba disparar 'pagos' pero ya hay una ejecución en curso (Actualizar pagos); esperando a que termine; se reintenta en breve sin perder el turno.
[11:25:30] 🤖 [Automático] Es hora de actualizar pagos. Arrancando...
[11:25:45] ⏳ [Automático] Tocaba disparar 'pagos' pero ya hay una ejecución en curso (Actualizar pagos); esperando a que termine; se reintenta en breve sin perder el turno.
[11:37:15] 🤖 [Automático] Es hora de actualizar pagos. Arrancando...
[11:37:30] ⏳ [Automático] Tocaba disparar 'pagos' pero ya hay una ejecución en curso (Actualizar pagos); esperando a que termine; se reintenta en breve sin perder el turno.
[11:48:30] 🤖 [Automático] Es hora de actualizar pagos. Arrancando...
[11:48:45] ⏳ [Automático] Tocaba disparar 'pagos' pero ya hay una ejecución en curso (Actualizar pagos); esperando a que termine; se reintenta en breve sin perder el turno.
[11:59:45] 🤖 [Automático] Es hora de actualizar pagos. Arrancando...
[12:00:00] ⏳ [Automático] Tocaba disparar 'pagos' pero ya hay una ejecución en curso (Actualizar pagos); esperando a que termine; se reintenta en breve sin perder el turno.
[12:11:30] 🤖 [Automático] Es hora de actualizar pagos. Arrancando...
[12:11:45] ⏳ [Automático] Tocaba disparar 'pagos' pero ya hay una ejecución en curso (Actualizar pagos); esperando a que termine; se reintenta en breve sin perder el turno.
[12:23:31] 🤖 [Automático] Es hora de actualizar pagos. Arrancando...
[12:23:46] ⏳ [Automático] Tocaba disparar 'pagos' pero ya hay una ejecución en curso (Actualizar pagos); esperando a que termine; se reintenta en breve sin perder el turno.
[12:35:16] 🤖 [Automático] Es hora de actualizar pagos. Arrancando...
[12:35:31] ⏳ [Automático] Tocaba disparar 'pagos' pero ya hay una ejecución en curso (Actualizar pagos); esperando a que termine; se reintenta en breve sin perder el turno.
[12:46:31] 🤖 [Automático] Es hora de actualizar pagos. Arrancando...
[12:46:46] ⏳ [Automático] Tocaba disparar 'pagos' pero ya hay una ejecución en curso (Actualizar pagos); esperando a que termine; se reintenta en breve sin perder el turno.
[12:57:47] 🤖 [Automático] Es hora de actualizar pagos. Arrancando...
[12:58:02] ⏳ [Automático] Tocaba disparar 'pagos' pero ya hay una ejecución en curso (Actualizar pagos); esperando a que termine; se reintenta en breve sin perder el turno.
[13:09:17] 🤖 [Automático] Es hora de actualizar pagos. Arrancando...
[13:09:32] ⏳ [Automático] Tocaba disparar 'pagos' pero ya hay una ejecución en curso (Actualizar pagos); esperando a que termine; se reintenta en breve sin perder el turno.
[13:20:32] 🤖 [Automático] Es hora de actualizar pagos. Arrancando...
[13:20:47] ⏳ [Automático] Tocaba disparar 'pagos' pero ya hay una ejecución en curso (Actualizar pagos); esperando a que termine; se reintenta en breve sin perder el turno.
[13:35:59] 🤖 [Automático] Es hora de actualizar pagos. Arrancando...
[13:36:00] ❌ [Automático] 'pagos' falló (intento 1 de 4). Se reintenta a las 13:41.
[13:44:40] 🤖 [Automático] Es hora de actualizar pagos (reintento 1 de 3). Arrancando...
[13:44:55] ⏳ [Automático] Tocaba disparar 'pagos' pero ya hay una ejecución en curso (Actualizar pagos); esperando a que termine; se reintenta en breve sin perder el turno.
[13:52:05] ✅ [Automático] 'pagos' terminó bien en el reintento 1.
[14:02:17] 🤖 [Automático] Es hora de actualizar pagos. Arrancando...
[14:02:32] ⏳ [Automático] Tocaba disparar 'pagos' pero ya hay una ejecución en curso (Actualizar pagos); esperando a que termine; se reintenta en breve sin perder el turno.
[14:13:02] 🤖 [Automático] Es hora de actualizar pagos. Arrancando...
[14:13:17] ⏳ [Automático] Tocaba disparar 'pagos' pero ya hay una ejecución en curso (Actualizar pagos); esperando a que termine; se reintenta en breve sin perder el turno.
[14:23:47] 🤖 [Automático] Es hora de actualizar pagos. Arrancando...
[14:24:02] ⏳ [Automático] Tocaba disparar 'pagos' pero ya hay una ejecución en curso (Actualizar pagos); esperando a que termine; se reintenta en breve sin perder el turno.
[14:34:33] 🤖 [Automático] Es hora de actualizar pagos. Arrancando...
[14:34:48] ⏳ [Automático] Tocaba disparar 'pagos' pero ya hay una ejecución en curso (Actualizar pagos); esperando a que termine; se reintenta en breve sin perder el turno.
[14:45:18] 🤖 [Automático] Es hora de actualizar pagos. Arrancando...
[14:45:33] ⏳ [Automático] Tocaba disparar 'pagos' pero ya hay una ejecución en curso (Actualizar pagos); esperando a que termine; se reintenta en breve sin perder el turno.
[14:56:03] 🤖 [Automático] Es hora de actualizar pagos. Arrancando...
[14:56:18] ⏳ [Automático] Tocaba disparar 'pagos' pero ya hay una ejecución en curso (Actualizar pagos); esperando a que termine; se reintenta en breve sin perder el turno.
[15:06:48] 🤖 [Automático] Es hora de actualizar pagos. Arrancando...
[15:07:03] ⏳ [Automático] Tocaba disparar 'pagos' pero ya hay una ejecución en curso (Actualizar pagos); esperando a que termine; se reintenta en breve sin perder el turno.
[15:17:48] 🤖 [Automático] Es hora de actualizar pagos. Arrancando...
[15:18:03] ⏳ [Automático] Tocaba disparar 'pagos' pero ya hay una ejecución en curso (Actualizar pagos); esperando a que termine; se reintenta en breve sin perder el turno.
[15:28:49] 🤖 [Automático] Es hora de actualizar pagos. Arrancando...
[15:29:04] ⏳ [Automático] Tocaba disparar 'pagos' pero ya hay una ejecución en curso (Actualizar pagos); esperando a que termine; se reintenta en breve sin perder el turno.
[15:39:49] 🤖 [Automático] Es hora de actualizar pagos. Arrancando...
[15:40:04] ⏳ [Automático] Tocaba disparar 'pagos' pero ya hay una ejecución en curso (Actualizar pagos); esperando a que termine; se reintenta en breve sin perder el turno.
[15:50:49] 🤖 [Automático] Es hora de actualizar pagos. Arrancando...
[15:51:04] ⏳ [Automático] Tocaba disparar 'pagos' pero ya hay una ejecución en curso (Actualizar pagos); esperando a que termine; se reintenta en breve sin perder el turno.
[16:01:49] 🤖 [Automático] Es hora de actualizar pagos. Arrancando...
[16:02:04] ⏳ [Automático] Tocaba disparar 'pagos' pero ya hay una ejecución en curso (Actualizar pagos); esperando a que termine; se reintenta en breve sin perder el turno.
[16:12:49] 🤖 [Automático] Es hora de actualizar pagos. Arrancando...
[16:13:04] ⏳ [Automático] Tocaba disparar 'pagos' pero ya hay una ejecución en curso (Actualizar pagos); esperando a que termine; se reintenta en breve sin perder el turno.
[16:24:04] 🤖 [Automático] Es hora de actualizar pagos. Arrancando...
[16:24:19] ⏳ [Automático] Tocaba disparar 'pagos' pero ya hay una ejecución en curso (Actualizar pagos); esperando a que termine; se reintenta en breve sin perder el turno.
[16:35:20] 🤖 [Automático] Es hora de actualizar pagos. Arrancando...
[16:35:35] ⏳ [Automático] Tocaba disparar 'pagos' pero ya hay una ejecución en curso (Actualizar pagos); esperando a que termine; se reintenta en breve sin perder el turno.
[16:46:35] 🤖 [Automático] Es hora de actualizar pagos. Arrancando...
[16:46:50] ⏳ [Automático] Tocaba disparar 'pagos' pero ya hay una ejecución en curso (Actualizar pagos); esperando a que termine; se reintenta en breve sin perder el turno.
[16:57:35] 🤖 [Automático] Es hora de actualizar pagos. Arrancando...
[16:57:50] ⏳ [Automático] Tocaba disparar 'pagos' pero ya hay una ejecución en curso (Actualizar pagos); esperando a que termine; se reintenta en breve sin perder el turno.
[17:08:50] 🤖 [Automático] Es hora de actualizar pagos. Arrancando...
[17:09:05] ⏳ [Automático] Tocaba disparar 'pagos' pero ya hay una ejecución en curso (Actualizar pagos); esperando a que termine; se reintenta en breve sin perder el turno.
[17:20:21] 🤖 [Automático] Es hora de actualizar pagos. Arrancando...
[17:20:36] ⏳ [Automático] Tocaba disparar 'pagos' pero ya hay una ejecución en curso (Actualizar pagos); esperando a que termine; se reintenta en breve sin perder el turno.
[17:31:51] 🤖 [Automático] Es hora de actualizar pagos. Arrancando...
[17:32:06] ⏳ [Automático] Tocaba disparar 'pagos' pero ya hay una ejecución en curso (Actualizar pagos); esperando a que termine; se reintenta en breve sin perder el turno.
[17:43:06] 🤖 [Automático] Es hora de actualizar pagos. Arrancando...
[17:43:21] ⏳ [Automático] Tocaba disparar 'pagos' pero ya hay una ejecución en curso (Actualizar pagos); esperando a que termine; se reintenta en breve sin perder el turno.
[17:54:07] 🤖 [Automático] Es hora de actualizar pagos. Arrancando...
[17:54:22] ⏳ [Automático] Tocaba disparar 'pagos' pero ya hay una ejecución en curso (Actualizar pagos); esperando a que termine; se reintenta en breve sin perder el turno.
[18:04:52] 🤖 [Automático] Es hora de actualizar pagos. Arrancando...
[18:05:07] ⏳ [Automático] Tocaba disparar 'pagos' pero ya hay una ejecución en curso (Actualizar pagos); esperando a que termine; se reintenta en breve sin perder el turno.
[18:15:52] 🤖 [Automático] Es hora de actualizar pagos. Arrancando...
[18:16:07] ⏳ [Automático] Tocaba disparar 'pagos' pero ya hay una ejecución en curso (Actualizar pagos); esperando a que termine; se reintenta en breve sin perder el turno.
[18:26:37] 🤖 [Automático] Es hora de actualizar pagos. Arrancando...
[18:26:52] ⏳ [Automático] Tocaba disparar 'pagos' pero ya hay una ejecución en curso (Actualizar pagos); esperando a que termine; se reintenta en breve sin perder el turno.
[18:38:23] 🤖 [Automático] Es hora de actualizar pagos. Arrancando...
[18:38:38] ⏳ [Automático] Tocaba disparar 'pagos' pero ya hay una ejecución en curso (Actualizar pagos); esperando a que termine; se reintenta en breve sin perder el turno.
[18:49:08] 🤖 [Automático] Es hora de actualizar pagos. Arrancando...
[18:49:23] ⏳ [Automático] Tocaba disparar 'pagos' pero ya hay una ejecución en curso (Actualizar pagos); esperando a que termine; se reintenta en breve sin perder el turno.
[19:00:08] 🤖 [Automático] Es hora de actualizar pagos. Arrancando...
[19:00:23] ⏳ [Automático] Tocaba disparar 'pagos' pero ya hay una ejecución en curso (Actualizar pagos); esperando a que termine; se reintenta en breve sin perder el turno.
[19:11:09] 🤖 [Automático] Es hora de actualizar pagos. Arrancando...
[19:11:24] ⏳ [Automático] Tocaba disparar 'pagos' pero ya hay una ejecución en curso (Actualizar pagos); esperando a que termine; se reintenta en breve sin perder el turno.
[19:22:24] 🤖 [Automático] Es hora de actualizar pagos. Arrancando...
[19:22:39] ⏳ [Automático] Tocaba disparar 'pagos' pero ya hay una ejecución en curso (Actualizar pagos); esperando a que termine; se reintenta en breve sin perder el turno.
[19:33:39] 🤖 [Automático] Es hora de actualizar pagos. Arrancando...
[19:33:54] ⏳ [Automático] Tocaba disparar 'pagos' pero ya hay una ejecución en curso (Actualizar pagos); esperando a que termine; se reintenta en breve sin perder el turno.
[19:44:55] 🤖 [Automático] Es hora de actualizar pagos. Arrancando...
[19:45:10] ⏳ [Automático] Tocaba disparar 'pagos' pero ya hay una ejecución en curso (Actualizar pagos); esperando a que termine; se reintenta en breve sin perder el turno.
[19:56:10] 🤖 [Automático] Es hora de actualizar pagos. Arrancando...
[19:56:25] ⏳ [Automático] Tocaba disparar 'pagos' pero ya hay una ejecución en curso (Actualizar pagos); esperando a que termine; se reintenta en breve sin perder el turno.
[20:07:25] 🤖 [Automático] Es hora de actualizar pagos. Arrancando...
[20:07:40] ⏳ [Automático] Tocaba disparar 'pagos' pero ya hay una ejecución en curso (Actualizar pagos); esperando a que termine; se reintenta en breve sin perder el turno.
[20:18:25] 🤖 [Automático] Es hora de actualizar pagos. Arrancando...
[20:18:40] ⏳ [Automático] Tocaba disparar 'pagos' pero ya hay una ejecución en curso (Actualizar pagos); esperando a que termine; se reintenta en breve sin perder el turno.
[20:29:26] 🤖 [Automático] Es hora de actualizar pagos. Arrancando...
[20:29:41] ⏳ [Automático] Tocaba disparar 'pagos' pero ya hay una ejecución en curso (Actualizar pagos); esperando a que termine; se reintenta en breve sin perder el turno.
[20:40:26] 🤖 [Automático] Es hora de actualizar pagos. Arrancando...
[20:40:41] ⏳ [Automático] Tocaba disparar 'pagos' pero ya hay una ejecución en curso (Actualizar pagos); esperando a que termine; se reintenta en breve sin perder el turno.
[20:51:26] 🤖 [Automático] Es hora de actualizar pagos. Arrancando...
[20:51:41] ⏳ [Automático] Tocaba disparar 'pagos' pero ya hay una ejecución en curso (Actualizar pagos); esperando a que termine; se reintenta en breve sin perder el turno.
[21:02:41] 🤖 [Automático] Es hora de actualizar pagos. Arrancando...
[21:02:56] ⏳ [Automático] Tocaba disparar 'pagos' pero ya hay una ejecución en curso (Actualizar pagos); esperando a que termine; se reintenta en breve sin perder el turno.
[21:13:42] 🤖 [Automático] Es hora de actualizar pagos. Arrancando...
[21:13:57] ⏳ [Automático] Tocaba disparar 'pagos' pero ya hay una ejecución en curso (Actualizar pagos); esperando a que termine; se reintenta en breve sin perder el turno.
[21:24:27] 🤖 [Automático] Es hora de actualizar pagos. Arrancando...
[21:24:42] ⏳ [Automático] Tocaba disparar 'pagos' pero ya hay una ejecución en curso (Actualizar pagos); esperando a que termine; se reintenta en breve sin perder el turno.
[21:35:27] 🤖 [Automático] Es hora de actualizar pagos. Arrancando...
[21:35:42] ⏳ [Automático] Tocaba disparar 'pagos' pero ya hay una ejecución en curso (Actualizar pagos); esperando a que termine; se reintenta en breve sin perder el turno.
[21:46:12] 🤖 [Automático] Es hora de actualizar pagos. Arrancando...
[21:46:27] ⏳ [Automático] Tocaba disparar 'pagos' pero ya hay una ejecución en curso (Actualizar pagos); esperando a que termine; se reintenta en breve sin perder el turno.
[21:57:12] 🤖 [Automático] Es hora de actualizar pagos. Arrancando...
[21:57:27] ⏳ [Automático] Tocaba disparar 'pagos' pero ya hay una ejecución en curso (Actualizar pagos); esperando a que termine; se reintenta en breve sin perder el turno.
[22:08:12] 🤖 [Automático] Es hora de actualizar pagos. Arrancando...
[22:08:28] ⏳ [Automático] Tocaba disparar 'pagos' pero ya hay una ejecución en curso (Actualizar pagos); esperando a que termine; se reintenta en breve sin perder el turno.
[22:18:58] 🤖 [Automático] Es hora de actualizar pagos. Arrancando...
[22:19:13] ⏳ [Automático] Tocaba disparar 'pagos' pero ya hay una ejecución en curso (Actualizar pagos); esperando a que termine; se reintenta en breve sin perder el turno.
[22:29:58] 🤖 [Automático] Es hora de actualizar pagos. Arrancando...
[22:30:13] ⏳ [Automático] Tocaba disparar 'pagos' pero ya hay una ejecución en curso (Actualizar pagos); esperando a que termine; se reintenta en breve sin perder el turno.
[22:40:58] 🤖 [Automático] Es hora de actualizar pagos. Arrancando...
[22:41:13] ⏳ [Automático] Tocaba disparar 'pagos' pero ya hay una ejecución en curso (Actualizar pagos); esperando a que termine; se reintenta en breve sin perder el turno.
[22:51:58] 🤖 [Automático] Es hora de actualizar pagos. Arrancando...
[22:52:13] ⏳ [Automático] Tocaba disparar 'pagos' pero ya hay una ejecución en curso (Actualizar pagos); esperando a que termine; se reintenta en breve sin perder el turno.
[23:02:59] 🤖 [Automático] Es hora de actualizar pagos. Arrancando...
[23:03:14] ⏳ [Automático] Tocaba disparar 'pagos' pero ya hay una ejecución en curso (Actualizar pagos); esperando a que termine; se reintenta en breve sin perder el turno.
[23:13:59] 🤖 [Automático] Es hora de actualizar pagos. Arrancando...
[23:14:14] ⏳ [Automático] Tocaba disparar 'pagos' pero ya hay una ejecución en curso (Actualizar pagos); esperando a que termine; se reintenta en breve sin perder el turno.
[23:24:59] 🤖 [Automático] Es hora de actualizar pagos. Arrancando...
[23:25:14] ⏳ [Automático] Tocaba disparar 'pagos' pero ya hay una ejecución en curso (Actualizar pagos); esperando a que termine; se reintenta en breve sin perder el turno.
[23:35:59] 🤖 [Automático] Es hora de actualizar pagos. Arrancando...
[23:36:14] ⏳ [Automático] Tocaba disparar 'pagos' pero ya hay una ejecución en curso (Actualizar pagos); esperando a que termine; se reintenta en breve sin perder el turno.
[23:46:59] 🤖 [Automático] Es hora de actualizar pagos. Arrancando...
[23:47:14] ⏳ [Automático] Tocaba disparar 'pagos' pero ya hay una ejecución en curso (Actualizar pagos); esperando a que termine; se reintenta en breve sin perder el turno.
[23:57:45] 🤖 [Automático] Es hora de actualizar pagos. Arrancando...
[23:58:00] ⏳ [Automático] Tocaba disparar 'pagos' pero ya hay una ejecución en curso (Actualizar pagos); esperando a que termine; se reintenta en breve sin perder el turno.
