[20:51:26] === Inicio de ejecución: pagos ===
[20:51:27] ▶ [LoginSEMyTPaso] Iniciando...
[20:51:27] ==================================================
[20:51:27] 🚀 PASO: LoginSEMyTPaso
[20:51:27] ==================================================
[20:51:27] Abriendo SEMyT...
[20:51:30] ✅ [SEMyT] Sesión existente detectada. Login omitido.
[20:51:30] ✅ LoginSEMyTPaso finalizado. (⏱ 2.7s)
[20:51:30] ✓ [LoginSEMyTPaso] Completado.
[20:51:30] ▶ [LoginSIGIPaso] Iniciando...
[20:51:30] ==================================================
[20:51:30] 🚀 PASO: LoginSIGIPaso
[20:51:30] ==================================================
[20:51:30] Abriendo sitio municipalidad (CiDi)...
[20:51:30] ✅ [SIGI] Sesión existente detectada. Login omitido.
[20:51:30] ✅ LoginSIGIPaso finalizado. (⏱ 0.5s)
[20:51:30] ✓ [LoginSIGIPaso] Completado.
[20:51:30] ▶ [DescargasParalelasPaso] Iniciando...
[20:51:30] ==================================================
[20:51:30] 🚀 PASO: DescargasParalelasPaso
[20:51:30] ==================================================
[20:51:31] 📤 Arrancando las 3 descargas en paralelo (mismo browser, páginas separadas)...
[20:51:31] Fecha Desde: 27/06/2024
[20:51:31] Fecha Hasta: 24/11/2025
[20:51:31] Fecha Desde: 25/11/2025
[20:51:31] Fecha Hasta: 04/08/2026
[20:51:31] Descargando Excel...
[20:51:31] Descargando Excel...
[20:51:40] Archivo descargado en: backend/descargas/cache_actas_cruce/MULTAS_SIGI_CRUCE.xlsx
[20:51:41] ⏱ [actas_sigi] completado en 10.8s
[20:51:48] Archivo descargado en: backend/descargas/cache_actas_cruce/MULTAS_SIGEMI_CRUCE.xlsx
[20:51:52] ⏱ [actas_sigemi] completado en 21.2s
[20:52:21] ✅ TXT de pagos descargado en: backend/descargas/pagos/2026-08-04/PAGOS DESCARGADOS.txt
[20:52:21] ⏱ [pagos_txt] completado en 50.2s
[20:52:21] ⏱ TOTAL descargas en paralelo: 50.2s
[20:52:21] ✅ DescargasParalelasPaso finalizado. (⏱ 50.4s)
[20:52:21] ✓ [DescargasParalelasPaso] Completado.
[20:52:21] ▶ [CompararActasPaso] Iniciando...
[20:52:21] ==================================================
[20:52:21] 🚀 PASO: CompararActasPaso
[20:52:21] ==================================================
[20:52:21] 🔍 Comparando actas del SEMyT contra pagos del SIGI...
[20:52:21] ================================================================================
[20:52:21] INICIANDO PROCESO DE GENERACIÓN DE PAGOS DESACTUALIZADOS
[20:52:21] ================================================================================
[20:52:21] 📂 Cargando archivos...
[20:52:21]   ✓ Pagos: 20214 registros
[20:52:24]   ✓ Excel SIGEMI (multas vencidas viejas): 101869 registros
[20:52:25]   ✓ Excel SIGI (multas vencidas nuevas): 41026 registros
[20:52:26] ================================================================================
[20:52:26] PASO 1: LLENANDO ACTA_NUMERO (búsqueda por patente + fecha, con desempate por hora)
[20:52:26] ================================================================================
[20:52:27] 📊 ESTADÍSTICAS DE LLENADO DE ACTAS:
[20:52:27]   • Pagos con acta ORIGINAL: 4982
[20:52:27]   • Pagos SIN acta (buscados): 15232
[20:52:27]   • Pagos LLENADOS exitosamente: 2
[20:52:27]   • Pagos NO encontrados en multas: 15230
[20:52:27]   • Pagos SIN RESOLVER por desbalance de cantidades: 0
[20:52:27] ================================================================================
[20:52:27] PASO 1: LLENANDO ACTA_NUMERO (búsqueda por patente + fecha, con desempate por hora)
[20:52:27] ================================================================================
[20:52:29] 📊 ESTADÍSTICAS DE LLENADO DE ACTAS:
[20:52:29]   • Pagos con acta ORIGINAL: 4984
[20:52:29]   • Pagos SIN acta (buscados): 15230
[20:52:29]   • Pagos LLENADOS exitosamente: 0
[20:52:29]   • Pagos NO encontrados en multas: 15230
[20:52:29]   • Pagos SIN RESOLVER por desbalance de cantidades: 0
[20:52:29] ⏱ PASO 1 (llenar actas): 3.7s
[20:52:29] ================================================================================
[20:52:29] PASO 2: FILTRANDO PAGOS CON ACTA_NUMERO COMPLETO
[20:52:29] ================================================================================
[20:52:29] 📊 ESTADÍSTICAS DE FILTRADO:
[20:52:29]   • Pagos TOTALES al inicio: 20214
[20:52:29]   • Pagos CON acta (MANTIENEN): 4984
[20:52:29]   • Pagos RECHAZADOS (sin coincidencias): 15230
[20:52:29] ⚠️  Se eliminaron 15230 registros sin número de acta
[20:52:29]      (recordá: esto incluye tanto pagos ya actualizados/pagados
[20:52:29]       como pagos que quedaron sin resolver por desbalance en el Paso 1)
[20:52:29] ================================================================================
[20:52:29] PASO 2-bis: CONFIRMANDO VIGENCIA DE PAGOS (sistema NUEVO contra MULTAS_SIGI_CRUCE, sistema VIEJO contra SIGEMI)
[20:52:29] ================================================================================
[20:52:29]   ⚠ 4972 pago(s) descartados: su acta ya no figura como vencida en MULTAS_SIGI_CRUCE (SEMyT ya los actualizó).
[20:52:29]   ⚠ 10 pago(s) descartados: su acta ya no figura como vencida en el Excel de SIGEMI (SEMyT ya los actualizó).
[20:52:29]   • Pagos descartados en total por ya estar actualizados/pagados: 4982
[20:52:29] ⏱ PASO 2 (filtrar): 0.4s
[20:52:29] 📂 Cargando maestro de causas SIGEMI...
[20:52:29]   ✓ Causas totales (maestro): 134069 registros
[20:52:29] ⏱ PASO 2.5 (causas simplificado): 0.0s
[20:52:29] ================================================================================
[20:52:29] PASO 2.5: ARMANDO causas.txt SIMPLIFICADO (cruce contra total_causas_sigemi.txt)
[20:52:29] ================================================================================
[20:52:30]   • Actas vencidas viejas (multas): 101869
[20:52:30]   • Causas totales en el maestro SIGEMI: 134069
[20:52:30]   • Causas que coinciden (simplificado): 101550
[20:52:30]   ✅ Archivo escrito: backend/descargas/causas/causas.txt
[20:52:30] ⏱ PASO 2.5 (causas simplificado): 0.4s
[20:52:30] ================================================================================
[20:52:30] PASO 3: LLENANDO CAUSA_NUMERO (según fecha de cambio de sistema, cruzando por acta + año)
[20:52:30] ================================================================================
[20:52:30] 📊 ESTADÍSTICAS DE LLENADO DE CAUSAS:
[20:52:30]   • Pagos con causa ORIGINAL: 0
[20:52:30]   • Causas encontradas en SIGEMI (actas viejas): 2
[20:52:30]   • Causas NO encontradas en SIGEMI: 0
[20:52:30]   • Causas asignadas automáticamente (actas nuevas): 0
[20:52:30] ⏱ PASO 3 (llenar causas): 0.0s
[20:52:30] ================================================================================
[20:52:30] PASO 4: ORDENANDO POR FECHA Y ACTA_NUMERO
[20:52:30] ================================================================================
[20:52:30] ✓ Pagos ordenados correctamente
[20:52:30]   • Primera entrada: Acta=45342, Fecha=12/09/2024
[20:52:30]   • Última entrada: Acta=130536, Fecha=03/04/2025
[20:52:30] 📝 Escribiendo archivo de salida...
[20:52:30]   ✅ Archivo escrito: backend/descargas/pagos/2026-08-04/PAGOS 20260804 205221.txt
[20:52:30]   ✅ Total registros: 357
[20:52:30] ⏱ PASO 4 (ordenar y escribir): 0.0s
[20:52:30] ================================================================================
[20:52:30] ✅ PROCESO COMPLETADO EXITOSAMENTE
[20:52:30] ================================================================================
[20:52:30] 📊 RESUMEN FINAL DEL PROCESAMIENTO:
[20:52:30]   ENTRADA:
[20:52:30]     • Pagos originales: 20214
[20:52:30]     • Multas SIGEMI cargadas: 101869
[20:52:30]     • Multas SIGI cargadas: 41026
[20:52:30]     • Causas simplificadas (usadas para el cruce): 101550
[20:52:30]   PROCESO:
[20:52:30]     • Pagos rechazados sigemi: 15230
[20:52:30]     • Pagos rechazados sigi: 4982
[20:52:30]   SALIDA:
[20:52:30]     • Pagos desactualizados procesados: 2
[20:52:30]     • Archivo final: backend/descargas/pagos/2026-08-04/PAGOS 20260804 205221.txt
[20:52:30]     • Ordenados por fecha: SÍ ✓
[20:52:30]     • Todos con ACTA_NUMERO: SÍ ✓
[20:52:30]     • Todos con CAUSA_NUMERO: SÍ ✓
[20:52:30] ✅ TXT de pagos (ya cruzado con actas y causas) generado en: backend/descargas/pagos/2026-08-04/PAGOS 20260804 205221.txt
[20:52:30] 🧹 TXT de pagos crudo eliminado (ya usado en el cruce): backend/descargas/pagos/2026-08-04/PAGOS DESCARGADOS.txt
[20:52:30] 🧹 Excel MULTAS_SIGEMI_CRUCE eliminado (ya usado en el cruce): backend/descargas/cache_actas_cruce/MULTAS_SIGEMI_CRUCE.xlsx
[20:52:30] 🧹 Excel MULTAS_SIGI_CRUCE eliminado (ya usado en el cruce): backend/descargas/cache_actas_cruce/MULTAS_SIGI_CRUCE.xlsx
[20:52:30] ✅ CompararActasPaso finalizado. (⏱ 9.2s)
[20:52:30] ✓ [CompararActasPaso] Completado.
[20:52:30] ▶ [CargarPagosPaso] Iniciando...
[20:52:30] ==================================================
[20:52:30] 🚀 PASO: CargarPagosPaso
[20:52:30] ==================================================
[20:52:30] 📤 Subiendo TXT de pagos al SEMyT...
[20:52:32] ✅ Importación de pagos completada con éxito.
[20:52:32] ✅ Archivo TXT de pagos cargado en el SEMyT correctamente.
[20:52:32] ✅ CargarPagosPaso finalizado. (⏱ 2.2s)
[20:52:32] ✓ [CargarPagosPaso] Completado.
[20:52:32] === Ejecución finalizada con éxito ===
