[19:33:39] === Inicio de ejecución: pagos ===
[19:33:40] ▶ [LoginSEMyTPaso] Iniciando...
[19:33:40] ==================================================
[19:33:40] 🚀 PASO: LoginSEMyTPaso
[19:33:40] ==================================================
[19:33:40] Abriendo SEMyT...
[19:33:43] ✅ [SEMyT] Sesión existente detectada. Login omitido.
[19:33:43] ✅ LoginSEMyTPaso finalizado. (⏱ 2.6s)
[19:33:43] ✓ [LoginSEMyTPaso] Completado.
[19:33:43] ▶ [LoginSIGIPaso] Iniciando...
[19:33:43] ==================================================
[19:33:43] 🚀 PASO: LoginSIGIPaso
[19:33:43] ==================================================
[19:33:43] Abriendo sitio municipalidad (CiDi)...
[19:33:43] ✅ [SIGI] Sesión existente detectada. Login omitido.
[19:33:43] ✅ LoginSIGIPaso finalizado. (⏱ 0.5s)
[19:33:43] ✓ [LoginSIGIPaso] Completado.
[19:33:43] ▶ [DescargasParalelasPaso] Iniciando...
[19:33:43] ==================================================
[19:33:43] 🚀 PASO: DescargasParalelasPaso
[19:33:43] ==================================================
[19:33:43] 📤 Arrancando las 3 descargas en paralelo (mismo browser, páginas separadas)...
[19:33:43] Fecha Desde: 27/06/2024
[19:33:43] Fecha Hasta: 24/11/2025
[19:33:43] Fecha Desde: 25/11/2025
[19:33:43] Fecha Hasta: 04/08/2026
[19:33:44] Descargando Excel...
[19:33:44] Descargando Excel...
[19:33:54] Archivo descargado en: backend/descargas/cache_actas_cruce/MULTAS_SIGI_CRUCE.xlsx
[19:33:56] ⏱ [actas_sigi] completado en 12.1s
[19:34:02] Archivo descargado en: backend/descargas/cache_actas_cruce/MULTAS_SIGEMI_CRUCE.xlsx
[19:34:05] ⏱ [actas_sigemi] completado en 21.6s
[19:34:35] ✅ TXT de pagos descargado en: backend/descargas/pagos/2026-08-04/PAGOS DESCARGADOS.txt
[19:34:35] ⏱ [pagos_txt] completado en 51.5s
[19:34:35] ⏱ TOTAL descargas en paralelo: 51.5s
[19:34:35] ✅ DescargasParalelasPaso finalizado. (⏱ 51.7s)
[19:34:35] ✓ [DescargasParalelasPaso] Completado.
[19:34:35] ▶ [CompararActasPaso] Iniciando...
[19:34:35] ==================================================
[19:34:35] 🚀 PASO: CompararActasPaso
[19:34:35] ==================================================
[19:34:35] 🔍 Comparando actas del SEMyT contra pagos del SIGI...
[19:34:35] ================================================================================
[19:34:35] INICIANDO PROCESO DE GENERACIÓN DE PAGOS DESACTUALIZADOS
[19:34:35] ================================================================================
[19:34:35] 📂 Cargando archivos...
[19:34:35]   ✓ Pagos: 20191 registros
[19:34:38]   ✓ Excel SIGEMI (multas vencidas viejas): 101882 registros
[19:34:40]   ✓ Excel SIGI (multas vencidas nuevas): 41035 registros
[19:34:40] ================================================================================
[19:34:40] PASO 1: LLENANDO ACTA_NUMERO (búsqueda por patente + fecha, con desempate por hora)
[19:34:40] ================================================================================
[19:34:42] 📊 ESTADÍSTICAS DE LLENADO DE ACTAS:
[19:34:42]   • Pagos con acta ORIGINAL: 4973
[19:34:42]   • Pagos SIN acta (buscados): 15218
[19:34:42]   • Pagos LLENADOS exitosamente: 1
[19:34:42]   • Pagos NO encontrados en multas: 15217
[19:34:42]   • Pagos SIN RESOLVER por desbalance de cantidades: 0
[19:34:42] ================================================================================
[19:34:42] PASO 1: LLENANDO ACTA_NUMERO (búsqueda por patente + fecha, con desempate por hora)
[19:34:42] ================================================================================
[19:34:43] 📊 ESTADÍSTICAS DE LLENADO DE ACTAS:
[19:34:43]   • Pagos con acta ORIGINAL: 4974
[19:34:43]   • Pagos SIN acta (buscados): 15217
[19:34:43]   • Pagos LLENADOS exitosamente: 0
[19:34:43]   • Pagos NO encontrados en multas: 15217
[19:34:43]   • Pagos SIN RESOLVER por desbalance de cantidades: 0
[19:34:43] ⏱ PASO 1 (llenar actas): 3.7s
[19:34:43] ================================================================================
[19:34:43] PASO 2: FILTRANDO PAGOS CON ACTA_NUMERO COMPLETO
[19:34:43] ================================================================================
[19:34:43] 📊 ESTADÍSTICAS DE FILTRADO:
[19:34:43]   • Pagos TOTALES al inicio: 20191
[19:34:43]   • Pagos CON acta (MANTIENEN): 4974
[19:34:43]   • Pagos RECHAZADOS (sin coincidencias): 15217
[19:34:43] ⚠️  Se eliminaron 15217 registros sin número de acta
[19:34:43]      (recordá: esto incluye tanto pagos ya actualizados/pagados
[19:34:43]       como pagos que quedaron sin resolver por desbalance en el Paso 1)
[19:34:43] ================================================================================
[19:34:43] PASO 2-bis: CONFIRMANDO VIGENCIA DE PAGOS (sistema NUEVO contra MULTAS_SIGI_CRUCE, sistema VIEJO contra SIGEMI)
[19:34:43] ================================================================================
[19:34:44]   ⚠ 4963 pago(s) descartados: su acta ya no figura como vencida en MULTAS_SIGI_CRUCE (SEMyT ya los actualizó).
[19:34:44]   ⚠ 10 pago(s) descartados: su acta ya no figura como vencida en el Excel de SIGEMI (SEMyT ya los actualizó).
[19:34:44]   • Pagos descartados en total por ya estar actualizados/pagados: 4973
[19:34:44] ⏱ PASO 2 (filtrar): 0.4s
[19:34:44] 📂 Cargando maestro de causas SIGEMI...
[19:34:44]   ✓ Causas totales (maestro): 134069 registros
[19:34:44] ⏱ PASO 2.5 (causas simplificado): 0.0s
[19:34:44] ================================================================================
[19:34:44] PASO 2.5: ARMANDO causas.txt SIMPLIFICADO (cruce contra total_causas_sigemi.txt)
[19:34:44] ================================================================================
[19:34:44]   • Actas vencidas viejas (multas): 101882
[19:34:44]   • Causas totales en el maestro SIGEMI: 134069
[19:34:44]   • Causas que coinciden (simplificado): 101563
[19:34:44]   ✅ Archivo escrito: backend/descargas/causas/causas.txt
[19:34:44] ⏱ PASO 2.5 (causas simplificado): 0.4s
[19:34:44] ================================================================================
[19:34:44] PASO 3: LLENANDO CAUSA_NUMERO (según fecha de cambio de sistema, cruzando por acta + año)
[19:34:44] ================================================================================
[19:34:44] 📊 ESTADÍSTICAS DE LLENADO DE CAUSAS:
[19:34:44]   • Pagos con causa ORIGINAL: 0
[19:34:44]   • Causas encontradas en SIGEMI (actas viejas): 1
[19:34:44]   • Causas NO encontradas en SIGEMI: 0
[19:34:44]   • Causas asignadas automáticamente (actas nuevas): 0
[19:34:44] ⏱ PASO 3 (llenar causas): 0.0s
[19:34:44] ================================================================================
[19:34:44] PASO 4: ORDENANDO POR FECHA Y ACTA_NUMERO
[19:34:44] ================================================================================
[19:34:44] ✓ Pagos ordenados correctamente
[19:34:44]   • Primera entrada: Acta=192870, Fecha=22/08/2025
[19:34:44]   • Última entrada: Acta=192870, Fecha=22/08/2025
[19:34:44] 📝 Escribiendo archivo de salida...
[19:34:44]   ✅ Archivo escrito: backend/descargas/pagos/2026-08-04/PAGOS 20260804 193435.txt
[19:34:44]   ✅ Total registros: 259
[19:34:44] ⏱ PASO 4 (ordenar y escribir): 0.0s
[19:34:44] ================================================================================
[19:34:44] ✅ PROCESO COMPLETADO EXITOSAMENTE
[19:34:44] ================================================================================
[19:34:44] 📊 RESUMEN FINAL DEL PROCESAMIENTO:
[19:34:44]   ENTRADA:
[19:34:44]     • Pagos originales: 20191
[19:34:44]     • Multas SIGEMI cargadas: 101882
[19:34:44]     • Multas SIGI cargadas: 41035
[19:34:44]     • Causas simplificadas (usadas para el cruce): 101563
[19:34:44]   PROCESO:
[19:34:44]     • Pagos rechazados sigemi: 15217
[19:34:44]     • Pagos rechazados sigi: 4973
[19:34:44]   SALIDA:
[19:34:44]     • Pagos desactualizados procesados: 1
[19:34:44]     • Archivo final: backend/descargas/pagos/2026-08-04/PAGOS 20260804 193435.txt
[19:34:44]     • Ordenados por fecha: SÍ ✓
[19:34:44]     • Todos con ACTA_NUMERO: SÍ ✓
[19:34:44]     • Todos con CAUSA_NUMERO: SÍ ✓
[19:34:44] ✅ TXT de pagos (ya cruzado con actas y causas) generado en: backend/descargas/pagos/2026-08-04/PAGOS 20260804 193435.txt
[19:34:44] 🧹 TXT de pagos crudo eliminado (ya usado en el cruce): backend/descargas/pagos/2026-08-04/PAGOS DESCARGADOS.txt
[19:34:44] 🧹 Excel MULTAS_SIGEMI_CRUCE eliminado (ya usado en el cruce): backend/descargas/cache_actas_cruce/MULTAS_SIGEMI_CRUCE.xlsx
[19:34:44] 🧹 Excel MULTAS_SIGI_CRUCE eliminado (ya usado en el cruce): backend/descargas/cache_actas_cruce/MULTAS_SIGI_CRUCE.xlsx
[19:34:44] ✅ CompararActasPaso finalizado. (⏱ 9.2s)
[19:34:44] ✓ [CompararActasPaso] Completado.
[19:34:44] ▶ [CargarPagosPaso] Iniciando...
[19:34:44] ==================================================
[19:34:44] 🚀 PASO: CargarPagosPaso
[19:34:44] ==================================================
[19:34:44] 📤 Subiendo TXT de pagos al SEMyT...
[19:34:45] ✅ Importación de pagos completada con éxito.
[19:34:46] ✅ Archivo TXT de pagos cargado en el SEMyT correctamente.
[19:34:46] ✅ CargarPagosPaso finalizado. (⏱ 1.5s)
[19:34:46] ✓ [CargarPagosPaso] Completado.
[19:34:46] === Ejecución finalizada con éxito ===
