[20:18:25] === Inicio de ejecución: pagos ===
[20:18:26] ▶ [LoginSEMyTPaso] Iniciando...
[20:18:26] ==================================================
[20:18:26] 🚀 PASO: LoginSEMyTPaso
[20:18:26] ==================================================
[20:18:27] Abriendo SEMyT...
[20:18:29] ✅ [SEMyT] Sesión existente detectada. Login omitido.
[20:18:29] ✅ LoginSEMyTPaso finalizado. (⏱ 2.7s)
[20:18:29] ✓ [LoginSEMyTPaso] Completado.
[20:18:29] ▶ [LoginSIGIPaso] Iniciando...
[20:18:29] ==================================================
[20:18:29] 🚀 PASO: LoginSIGIPaso
[20:18:29] ==================================================
[20:18:29] Abriendo sitio municipalidad (CiDi)...
[20:18:29] ✅ [SIGI] Sesión existente detectada. Login omitido.
[20:18:29] ✅ LoginSIGIPaso finalizado. (⏱ 0.5s)
[20:18:29] ✓ [LoginSIGIPaso] Completado.
[20:18:29] ▶ [DescargasParalelasPaso] Iniciando...
[20:18:29] ==================================================
[20:18:29] 🚀 PASO: DescargasParalelasPaso
[20:18:29] ==================================================
[20:18:30] 📤 Arrancando las 3 descargas en paralelo (mismo browser, páginas separadas)...
[20:18:30] Fecha Desde: 27/06/2024
[20:18:30] Fecha Hasta: 24/11/2025
[20:18:30] Fecha Desde: 25/11/2025
[20:18:30] Fecha Hasta: 04/08/2026
[20:18:30] Descargando Excel...
[20:18:30] Descargando Excel...
[20:18:39] Archivo descargado en: backend/descargas/cache_actas_cruce/MULTAS_SIGI_CRUCE.xlsx
[20:18:41] ⏱ [actas_sigi] completado en 11.1s
[20:18:47] Archivo descargado en: backend/descargas/cache_actas_cruce/MULTAS_SIGEMI_CRUCE.xlsx
[20:18:51] ⏱ [actas_sigemi] completado en 21.0s
[20:19:09] ✅ TXT de pagos descargado en: backend/descargas/pagos/2026-08-04/PAGOS DESCARGADOS.txt
[20:19:09] ⏱ [pagos_txt] completado en 39.4s
[20:19:09] ⏱ TOTAL descargas en paralelo: 39.4s
[20:19:09] ✅ DescargasParalelasPaso finalizado. (⏱ 39.7s)
[20:19:09] ✓ [DescargasParalelasPaso] Completado.
[20:19:09] ▶ [CompararActasPaso] Iniciando...
[20:19:09] ==================================================
[20:19:09] 🚀 PASO: CompararActasPaso
[20:19:09] ==================================================
[20:19:09] 🔍 Comparando actas del SEMyT contra pagos del SIGI...
[20:19:09] ================================================================================
[20:19:09] INICIANDO PROCESO DE GENERACIÓN DE PAGOS DESACTUALIZADOS
[20:19:09] ================================================================================
[20:19:09] 📂 Cargando archivos...
[20:19:09]   ✓ Pagos: 20205 registros
[20:19:12]   ✓ Excel SIGEMI (multas vencidas viejas): 101872 registros
[20:19:14]   ✓ Excel SIGI (multas vencidas nuevas): 41033 registros
[20:19:14] ================================================================================
[20:19:14] PASO 1: LLENANDO ACTA_NUMERO (búsqueda por patente + fecha, con desempate por hora)
[20:19:14] ================================================================================
[20:19:16] 📊 ESTADÍSTICAS DE LLENADO DE ACTAS:
[20:19:16]   • Pagos con acta ORIGINAL: 4978
[20:19:16]   • Pagos SIN acta (buscados): 15227
[20:19:16]   • Pagos LLENADOS exitosamente: 0
[20:19:16]   • Pagos NO encontrados en multas: 15227
[20:19:16]   • Pagos SIN RESOLVER por desbalance de cantidades: 0
[20:19:16] ================================================================================
[20:19:16] PASO 1: LLENANDO ACTA_NUMERO (búsqueda por patente + fecha, con desempate por hora)
[20:19:16] ================================================================================
[20:19:17] 📊 ESTADÍSTICAS DE LLENADO DE ACTAS:
[20:19:17]   • Pagos con acta ORIGINAL: 4978
[20:19:17]   • Pagos SIN acta (buscados): 15227
[20:19:17]   • Pagos LLENADOS exitosamente: 0
[20:19:17]   • Pagos NO encontrados en multas: 15227
[20:19:17]   • Pagos SIN RESOLVER por desbalance de cantidades: 0
[20:19:17] ⏱ PASO 1 (llenar actas): 3.7s
[20:19:17] ================================================================================
[20:19:17] PASO 2: FILTRANDO PAGOS CON ACTA_NUMERO COMPLETO
[20:19:17] ================================================================================
[20:19:17] 📊 ESTADÍSTICAS DE FILTRADO:
[20:19:17]   • Pagos TOTALES al inicio: 20205
[20:19:17]   • Pagos CON acta (MANTIENEN): 4978
[20:19:17]   • Pagos RECHAZADOS (sin coincidencias): 15227
[20:19:17] ⚠️  Se eliminaron 15227 registros sin número de acta
[20:19:17]      (recordá: esto incluye tanto pagos ya actualizados/pagados
[20:19:17]       como pagos que quedaron sin resolver por desbalance en el Paso 1)
[20:19:17] ================================================================================
[20:19:17] PASO 2-bis: CONFIRMANDO VIGENCIA DE PAGOS (sistema NUEVO contra MULTAS_SIGI_CRUCE, sistema VIEJO contra SIGEMI)
[20:19:17] ================================================================================
[20:19:18]   ⚠ 4965 pago(s) descartados: su acta ya no figura como vencida en MULTAS_SIGI_CRUCE (SEMyT ya los actualizó).
[20:19:18]   ⚠ 10 pago(s) descartados: su acta ya no figura como vencida en el Excel de SIGEMI (SEMyT ya los actualizó).
[20:19:18]   • Pagos descartados en total por ya estar actualizados/pagados: 4975
[20:19:18] ⏱ PASO 2 (filtrar): 0.4s
[20:19:18] 📂 Cargando maestro de causas SIGEMI...
[20:19:18]   ✓ Causas totales (maestro): 134069 registros
[20:19:18] ⏱ PASO 2.5 (causas simplificado): 0.0s
[20:19:18] ================================================================================
[20:19:18] PASO 2.5: ARMANDO causas.txt SIMPLIFICADO (cruce contra total_causas_sigemi.txt)
[20:19:18] ================================================================================
[20:19:18]   • Actas vencidas viejas (multas): 101872
[20:19:18]   • Causas totales en el maestro SIGEMI: 134069
[20:19:18]   • Causas que coinciden (simplificado): 101553
[20:19:18]   ✅ Archivo escrito: backend/descargas/causas/causas.txt
[20:19:18] ⏱ PASO 2.5 (causas simplificado): 0.4s
[20:19:18] ================================================================================
[20:19:18] PASO 3: LLENANDO CAUSA_NUMERO (según fecha de cambio de sistema, cruzando por acta + año)
[20:19:18] ================================================================================
[20:19:18] 📊 ESTADÍSTICAS DE LLENADO DE CAUSAS:
[20:19:18]   • Pagos con causa ORIGINAL: 3
[20:19:18]   • Causas encontradas en SIGEMI (actas viejas): 0
[20:19:18]   • Causas NO encontradas en SIGEMI: 0
[20:19:18]   • Causas asignadas automáticamente (actas nuevas): 0
[20:19:18] ⏱ PASO 3 (llenar causas): 0.0s
[20:19:18] ================================================================================
[20:19:18] PASO 4: ORDENANDO POR FECHA Y ACTA_NUMERO
[20:19:18] ================================================================================
[20:19:18] ✓ Pagos ordenados correctamente
[20:19:18]   • Primera entrada: Acta=281619, Fecha=18/03/2026
[20:19:18]   • Última entrada: Acta=306895, Fecha=04/05/2026
[20:19:18] 📝 Escribiendo archivo de salida...
[20:19:18]   ✅ Archivo escrito: backend/descargas/pagos/2026-08-04/PAGOS 20260804 201909.txt
[20:19:18]   ✅ Total registros: 473
[20:19:18] ⏱ PASO 4 (ordenar y escribir): 0.0s
[20:19:18] ================================================================================
[20:19:18] ✅ PROCESO COMPLETADO EXITOSAMENTE
[20:19:18] ================================================================================
[20:19:18] 📊 RESUMEN FINAL DEL PROCESAMIENTO:
[20:19:18]   ENTRADA:
[20:19:18]     • Pagos originales: 20205
[20:19:18]     • Multas SIGEMI cargadas: 101872
[20:19:18]     • Multas SIGI cargadas: 41033
[20:19:18]     • Causas simplificadas (usadas para el cruce): 101553
[20:19:18]   PROCESO:
[20:19:18]     • Pagos rechazados sigemi: 15227
[20:19:18]     • Pagos rechazados sigi: 4975
[20:19:18]   SALIDA:
[20:19:18]     • Pagos desactualizados procesados: 3
[20:19:18]     • Archivo final: backend/descargas/pagos/2026-08-04/PAGOS 20260804 201909.txt
[20:19:18]     • Ordenados por fecha: SÍ ✓
[20:19:18]     • Todos con ACTA_NUMERO: SÍ ✓
[20:19:18]     • Todos con CAUSA_NUMERO: SÍ ✓
[20:19:18] ✅ TXT de pagos (ya cruzado con actas y causas) generado en: backend/descargas/pagos/2026-08-04/PAGOS 20260804 201909.txt
[20:19:18] 🧹 TXT de pagos crudo eliminado (ya usado en el cruce): backend/descargas/pagos/2026-08-04/PAGOS DESCARGADOS.txt
[20:19:18] 🧹 Excel MULTAS_SIGEMI_CRUCE eliminado (ya usado en el cruce): backend/descargas/cache_actas_cruce/MULTAS_SIGEMI_CRUCE.xlsx
[20:19:18] 🧹 Excel MULTAS_SIGI_CRUCE eliminado (ya usado en el cruce): backend/descargas/cache_actas_cruce/MULTAS_SIGI_CRUCE.xlsx
[20:19:18] ✅ CompararActasPaso finalizado. (⏱ 9.2s)
[20:19:18] ✓ [CompararActasPaso] Completado.
[20:19:18] ▶ [CargarPagosPaso] Iniciando...
[20:19:18] ==================================================
[20:19:18] 🚀 PASO: CargarPagosPaso
[20:19:18] ==================================================
[20:19:18] 📤 Subiendo TXT de pagos al SEMyT...
[20:19:20] ✅ Importación de pagos completada con éxito.
[20:19:20] ✅ Archivo TXT de pagos cargado en el SEMyT correctamente.
[20:19:20] ✅ CargarPagosPaso finalizado. (⏱ 2.0s)
[20:19:20] ✓ [CargarPagosPaso] Completado.
[20:19:20] === Ejecución finalizada con éxito ===
