[18:15:52] === Inicio de ejecución: pagos ===
[18:15:53] ▶ [LoginSEMyTPaso] Iniciando...
[18:15:53] ==================================================
[18:15:53] 🚀 PASO: LoginSEMyTPaso
[18:15:53] ==================================================
[18:15:53] Abriendo SEMyT...
[18:15:55] ✅ [SEMyT] Sesión existente detectada. Login omitido.
[18:15:56] ✅ LoginSEMyTPaso finalizado. (⏱ 2.6s)
[18:15:56] ✓ [LoginSEMyTPaso] Completado.
[18:15:56] ▶ [LoginSIGIPaso] Iniciando...
[18:15:56] ==================================================
[18:15:56] 🚀 PASO: LoginSIGIPaso
[18:15:56] ==================================================
[18:15:56] Abriendo sitio municipalidad (CiDi)...
[18:15:56] ✅ [SIGI] Sesión existente detectada. Login omitido.
[18:15:56] ✅ LoginSIGIPaso finalizado. (⏱ 0.5s)
[18:15:56] ✓ [LoginSIGIPaso] Completado.
[18:15:56] ▶ [DescargasParalelasPaso] Iniciando...
[18:15:56] ==================================================
[18:15:56] 🚀 PASO: DescargasParalelasPaso
[18:15:56] ==================================================
[18:15:56] 📤 Arrancando las 3 descargas en paralelo (mismo browser, páginas separadas)...
[18:15:56] Fecha Desde: 27/06/2024
[18:15:56] Fecha Hasta: 24/11/2025
[18:15:56] Fecha Desde: 25/11/2025
[18:15:56] Fecha Hasta: 04/08/2026
[18:15:56] Descargando Excel...
[18:15:56] Descargando Excel...
[18:16:07] Archivo descargado en: backend/descargas/cache_actas_cruce/MULTAS_SIGI_CRUCE.xlsx
[18:16:09] ⏱ [actas_sigi] completado en 12.1s
[18:16:18] Archivo descargado en: backend/descargas/cache_actas_cruce/MULTAS_SIGEMI_CRUCE.xlsx
[18:16:22] ⏱ [actas_sigemi] completado en 25.3s
[18:16:26] ✅ TXT de pagos descargado en: backend/descargas/pagos/2026-08-04/PAGOS DESCARGADOS.txt
[18:16:26] ⏱ [pagos_txt] completado en 29.4s
[18:16:26] ⏱ TOTAL descargas en paralelo: 29.4s
[18:16:26] ✅ DescargasParalelasPaso finalizado. (⏱ 29.7s)
[18:16:26] ✓ [DescargasParalelasPaso] Completado.
[18:16:26] ▶ [CompararActasPaso] Iniciando...
[18:16:26] ==================================================
[18:16:26] 🚀 PASO: CompararActasPaso
[18:16:26] ==================================================
[18:16:26] 🔍 Comparando actas del SEMyT contra pagos del SIGI...
[18:16:26] ================================================================================
[18:16:26] INICIANDO PROCESO DE GENERACIÓN DE PAGOS DESACTUALIZADOS
[18:16:26] ================================================================================
[18:16:26] 📂 Cargando archivos...
[18:16:26]   ✓ Pagos: 20176 registros
[18:16:29]   ✓ Excel SIGEMI (multas vencidas viejas): 101901 registros
[18:16:30]   ✓ Excel SIGI (multas vencidas nuevas): 41052 registros
[18:16:31] ================================================================================
[18:16:31] PASO 1: LLENANDO ACTA_NUMERO (búsqueda por patente + fecha, con desempate por hora)
[18:16:31] ================================================================================
[18:16:32] 📊 ESTADÍSTICAS DE LLENADO DE ACTAS:
[18:16:32]   • Pagos con acta ORIGINAL: 4968
[18:16:32]   • Pagos SIN acta (buscados): 15208
[18:16:32]   • Pagos LLENADOS exitosamente: 1
[18:16:32]   • Pagos NO encontrados en multas: 15207
[18:16:32]   • Pagos SIN RESOLVER por desbalance de cantidades: 0
[18:16:33] ================================================================================
[18:16:33] PASO 1: LLENANDO ACTA_NUMERO (búsqueda por patente + fecha, con desempate por hora)
[18:16:33] ================================================================================
[18:16:34] 📊 ESTADÍSTICAS DE LLENADO DE ACTAS:
[18:16:34]   • Pagos con acta ORIGINAL: 4969
[18:16:34]   • Pagos SIN acta (buscados): 15207
[18:16:34]   • Pagos LLENADOS exitosamente: 0
[18:16:34]   • Pagos NO encontrados en multas: 15207
[18:16:34]   • Pagos SIN RESOLVER por desbalance de cantidades: 0
[18:16:34] ⏱ PASO 1 (llenar actas): 3.7s
[18:16:34] ================================================================================
[18:16:34] PASO 2: FILTRANDO PAGOS CON ACTA_NUMERO COMPLETO
[18:16:34] ================================================================================
[18:16:34] 📊 ESTADÍSTICAS DE FILTRADO:
[18:16:34]   • Pagos TOTALES al inicio: 20176
[18:16:34]   • Pagos CON acta (MANTIENEN): 4969
[18:16:34]   • Pagos RECHAZADOS (sin coincidencias): 15207
[18:16:34] ⚠️  Se eliminaron 15207 registros sin número de acta
[18:16:34]      (recordá: esto incluye tanto pagos ya actualizados/pagados
[18:16:34]       como pagos que quedaron sin resolver por desbalance en el Paso 1)
[18:16:34] ================================================================================
[18:16:34] PASO 2-bis: CONFIRMANDO VIGENCIA DE PAGOS (sistema NUEVO contra MULTAS_SIGI_CRUCE, sistema VIEJO contra SIGEMI)
[18:16:34] ================================================================================
[18:16:34]   ⚠ 4957 pago(s) descartados: su acta ya no figura como vencida en MULTAS_SIGI_CRUCE (SEMyT ya los actualizó).
[18:16:34]   ⚠ 10 pago(s) descartados: su acta ya no figura como vencida en el Excel de SIGEMI (SEMyT ya los actualizó).
[18:16:34]   • Pagos descartados en total por ya estar actualizados/pagados: 4967
[18:16:34] ⏱ PASO 2 (filtrar): 0.4s
[18:16:34] 📂 Cargando maestro de causas SIGEMI...
[18:16:35]   ✓ Causas totales (maestro): 134069 registros
[18:16:35] ⏱ PASO 2.5 (causas simplificado): 0.0s
[18:16:35] ================================================================================
[18:16:35] PASO 2.5: ARMANDO causas.txt SIMPLIFICADO (cruce contra total_causas_sigemi.txt)
[18:16:35] ================================================================================
[18:16:35]   • Actas vencidas viejas (multas): 101901
[18:16:35]   • Causas totales en el maestro SIGEMI: 134069
[18:16:35]   • Causas que coinciden (simplificado): 101582
[18:16:35]   ✅ Archivo escrito: backend/descargas/causas/causas.txt
[18:16:35] ⏱ PASO 2.5 (causas simplificado): 0.4s
[18:16:35] ================================================================================
[18:16:35] PASO 3: LLENANDO CAUSA_NUMERO (según fecha de cambio de sistema, cruzando por acta + año)
[18:16:35] ================================================================================
[18:16:35] 📊 ESTADÍSTICAS DE LLENADO DE CAUSAS:
[18:16:35]   • Pagos con causa ORIGINAL: 1
[18:16:35]   • Causas encontradas en SIGEMI (actas viejas): 1
[18:16:35]   • Causas NO encontradas en SIGEMI: 0
[18:16:35]   • Causas asignadas automáticamente (actas nuevas): 0
[18:16:35] ⏱ PASO 3 (llenar causas): 0.0s
[18:16:35] ================================================================================
[18:16:35] PASO 4: ORDENANDO POR FECHA Y ACTA_NUMERO
[18:16:35] ================================================================================
[18:16:35] ✓ Pagos ordenados correctamente
[18:16:35]   • Primera entrada: Acta=187079, Fecha=08/08/2025
[18:16:35]   • Última entrada: Acta=280635, Fecha=16/03/2026
[18:16:35] 📝 Escribiendo archivo de salida...
[18:16:35]   ✅ Archivo escrito: backend/descargas/pagos/2026-08-04/PAGOS 20260804 181626.txt
[18:16:35]   ✅ Total registros: 363
[18:16:35] ⏱ PASO 4 (ordenar y escribir): 0.0s
[18:16:35] ================================================================================
[18:16:35] ✅ PROCESO COMPLETADO EXITOSAMENTE
[18:16:35] ================================================================================
[18:16:35] 📊 RESUMEN FINAL DEL PROCESAMIENTO:
[18:16:35]   ENTRADA:
[18:16:35]     • Pagos originales: 20176
[18:16:35]     • Multas SIGEMI cargadas: 101901
[18:16:35]     • Multas SIGI cargadas: 41052
[18:16:35]     • Causas simplificadas (usadas para el cruce): 101582
[18:16:35]   PROCESO:
[18:16:35]     • Pagos rechazados sigemi: 15207
[18:16:35]     • Pagos rechazados sigi: 4967
[18:16:35]   SALIDA:
[18:16:35]     • Pagos desactualizados procesados: 2
[18:16:35]     • Archivo final: backend/descargas/pagos/2026-08-04/PAGOS 20260804 181626.txt
[18:16:35]     • Ordenados por fecha: SÍ ✓
[18:16:35]     • Todos con ACTA_NUMERO: SÍ ✓
[18:16:35]     • Todos con CAUSA_NUMERO: SÍ ✓
[18:16:35] ✅ TXT de pagos (ya cruzado con actas y causas) generado en: backend/descargas/pagos/2026-08-04/PAGOS 20260804 181626.txt
[18:16:35] 🧹 TXT de pagos crudo eliminado (ya usado en el cruce): backend/descargas/pagos/2026-08-04/PAGOS DESCARGADOS.txt
[18:16:35] 🧹 Excel MULTAS_SIGEMI_CRUCE eliminado (ya usado en el cruce): backend/descargas/cache_actas_cruce/MULTAS_SIGEMI_CRUCE.xlsx
[18:16:35] 🧹 Excel MULTAS_SIGI_CRUCE eliminado (ya usado en el cruce): backend/descargas/cache_actas_cruce/MULTAS_SIGI_CRUCE.xlsx
[18:16:35] ✅ CompararActasPaso finalizado. (⏱ 9.2s)
[18:16:35] ✓ [CompararActasPaso] Completado.
[18:16:35] ▶ [CargarPagosPaso] Iniciando...
[18:16:35] ==================================================
[18:16:35] 🚀 PASO: CargarPagosPaso
[18:16:35] ==================================================
[18:16:35] 📤 Subiendo TXT de pagos al SEMyT...
[18:16:37] ✅ Importación de pagos completada con éxito.
[18:16:37] ✅ Archivo TXT de pagos cargado en el SEMyT correctamente.
[18:16:37] ✅ CargarPagosPaso finalizado. (⏱ 2.2s)
[18:16:37] ✓ [CargarPagosPaso] Completado.
[18:16:37] === Ejecución finalizada con éxito ===
