[12:46:32] === Inicio de ejecución: pagos ===
[12:46:32] ▶ [LoginSEMyTPaso] Iniciando...
[12:46:32] ==================================================
[12:46:32] 🚀 PASO: LoginSEMyTPaso
[12:46:32] ==================================================
[12:46:32] Abriendo SEMyT...
[12:46:39] ✅ [SEMyT] Sesión existente detectada. Login omitido.
[12:46:39] ✅ LoginSEMyTPaso finalizado. (⏱ 7.0s)
[12:46:39] ✓ [LoginSEMyTPaso] Completado.
[12:46:39] ▶ [LoginSIGIPaso] Iniciando...
[12:46:39] ==================================================
[12:46:39] 🚀 PASO: LoginSIGIPaso
[12:46:39] ==================================================
[12:46:39] Abriendo sitio municipalidad (CiDi)...
[12:46:41] ✅ [SIGI] Sesión existente detectada. Login omitido.
[12:46:41] ✅ LoginSIGIPaso finalizado. (⏱ 1.5s)
[12:46:41] ✓ [LoginSIGIPaso] Completado.
[12:46:41] ▶ [DescargasParalelasPaso] Iniciando...
[12:46:41] ==================================================
[12:46:41] 🚀 PASO: DescargasParalelasPaso
[12:46:41] ==================================================
[12:46:41] 📤 Arrancando las 3 descargas en paralelo (mismo browser, páginas separadas)...
[12:46:41] Fecha Desde: 27/06/2024
[12:46:41] Fecha Hasta: 24/11/2025
[12:46:41] Fecha Desde: 25/11/2025
[12:46:41] Fecha Hasta: 04/08/2026
[12:46:41] Descargando Excel...
[12:46:41] Descargando Excel...
[12:47:09] Archivo descargado en: backend/descargas/cache_actas_cruce/MULTAS_SIGI_CRUCE.xlsx
[12:47:10] ⏱ [actas_sigi] completado en 29.0s
[12:47:16] ✅ TXT de pagos descargado en: backend/descargas/pagos/2026-08-04/PAGOS DESCARGADOS.txt
[12:47:16] ⏱ [pagos_txt] completado en 35.4s
[12:47:27] Archivo descargado en: backend/descargas/cache_actas_cruce/MULTAS_SIGEMI_CRUCE.xlsx
[12:47:30] ⏱ [actas_sigemi] completado en 48.8s
[12:47:30] ⏱ TOTAL descargas en paralelo: 48.8s
[12:47:30] ✅ DescargasParalelasPaso finalizado. (⏱ 49.1s)
[12:47:30] ✓ [DescargasParalelasPaso] Completado.
[12:47:30] ▶ [CompararActasPaso] Iniciando...
[12:47:30] ==================================================
[12:47:30] 🚀 PASO: CompararActasPaso
[12:47:30] ==================================================
[12:47:30] 🔍 Comparando actas del SEMyT contra pagos del SIGI...
[12:47:30] ================================================================================
[12:47:30] INICIANDO PROCESO DE GENERACIÓN DE PAGOS DESACTUALIZADOS
[12:47:30] ================================================================================
[12:47:30] 📂 Cargando archivos...
[12:47:30]   ✓ Pagos: 20128 registros
[12:47:33]   ✓ Excel SIGEMI (multas vencidas viejas): 101925 registros
[12:47:34]   ✓ Excel SIGI (multas vencidas nuevas): 41079 registros
[12:47:35] ================================================================================
[12:47:35] PASO 1: LLENANDO ACTA_NUMERO (búsqueda por patente + fecha, con desempate por hora)
[12:47:35] ================================================================================
[12:47:36] 📊 ESTADÍSTICAS DE LLENADO DE ACTAS:
[12:47:36]   • Pagos con acta ORIGINAL: 4942
[12:47:36]   • Pagos SIN acta (buscados): 15186
[12:47:36]   • Pagos LLENADOS exitosamente: 0
[12:47:36]   • Pagos NO encontrados en multas: 15186
[12:47:36]   • Pagos SIN RESOLVER por desbalance de cantidades: 0
[12:47:37] ================================================================================
[12:47:37] PASO 1: LLENANDO ACTA_NUMERO (búsqueda por patente + fecha, con desempate por hora)
[12:47:37] ================================================================================
[12:47:38] 📊 ESTADÍSTICAS DE LLENADO DE ACTAS:
[12:47:38]   • Pagos con acta ORIGINAL: 4942
[12:47:38]   • Pagos SIN acta (buscados): 15186
[12:47:38]   • Pagos LLENADOS exitosamente: 0
[12:47:38]   • Pagos NO encontrados en multas: 15186
[12:47:38]   • Pagos SIN RESOLVER por desbalance de cantidades: 0
[12:47:38] ⏱ PASO 1 (llenar actas): 3.6s
[12:47:38] ================================================================================
[12:47:38] PASO 2: FILTRANDO PAGOS CON ACTA_NUMERO COMPLETO
[12:47:38] ================================================================================
[12:47:38] 📊 ESTADÍSTICAS DE FILTRADO:
[12:47:38]   • Pagos TOTALES al inicio: 20128
[12:47:38]   • Pagos CON acta (MANTIENEN): 4942
[12:47:38]   • Pagos RECHAZADOS (sin coincidencias): 15186
[12:47:38] ⚠️  Se eliminaron 15186 registros sin número de acta
[12:47:38]      (recordá: esto incluye tanto pagos ya actualizados/pagados
[12:47:38]       como pagos que quedaron sin resolver por desbalance en el Paso 1)
[12:47:38] ================================================================================
[12:47:38] PASO 2-bis: CONFIRMANDO VIGENCIA DE PAGOS (sistema NUEVO contra MULTAS_SIGI_CRUCE, sistema VIEJO contra SIGEMI)
[12:47:38] ================================================================================
[12:47:38]   ⚠ 4930 pago(s) descartados: su acta ya no figura como vencida en MULTAS_SIGI_CRUCE (SEMyT ya los actualizó).
[12:47:38]   ⚠ 10 pago(s) descartados: su acta ya no figura como vencida en el Excel de SIGEMI (SEMyT ya los actualizó).
[12:47:38]   • Pagos descartados en total por ya estar actualizados/pagados: 4940
[12:47:38] ⏱ PASO 2 (filtrar): 0.4s
[12:47:38] 📂 Cargando maestro de causas SIGEMI...
[12:47:39]   ✓ Causas totales (maestro): 134069 registros
[12:47:39] ⏱ PASO 2.5 (causas simplificado): 0.0s
[12:47:39] ================================================================================
[12:47:39] PASO 2.5: ARMANDO causas.txt SIMPLIFICADO (cruce contra total_causas_sigemi.txt)
[12:47:39] ================================================================================
[12:47:39]   • Actas vencidas viejas (multas): 101925
[12:47:39]   • Causas totales en el maestro SIGEMI: 134069
[12:47:39]   • Causas que coinciden (simplificado): 101606
[12:47:39]   ✅ Archivo escrito: backend/descargas/causas/causas.txt
[12:47:39] ⏱ PASO 2.5 (causas simplificado): 0.4s
[12:47:39] ================================================================================
[12:47:39] PASO 3: LLENANDO CAUSA_NUMERO (según fecha de cambio de sistema, cruzando por acta + año)
[12:47:39] ================================================================================
[12:47:39] 📊 ESTADÍSTICAS DE LLENADO DE CAUSAS:
[12:47:39]   • Pagos con causa ORIGINAL: 2
[12:47:39]   • Causas encontradas en SIGEMI (actas viejas): 0
[12:47:39]   • Causas NO encontradas en SIGEMI: 0
[12:47:39]   • Causas asignadas automáticamente (actas nuevas): 0
[12:47:39] ⏱ PASO 3 (llenar causas): 0.0s
[12:47:39] ================================================================================
[12:47:39] PASO 4: ORDENANDO POR FECHA Y ACTA_NUMERO
[12:47:39] ================================================================================
[12:47:39] ✓ Pagos ordenados correctamente
[12:47:39]   • Primera entrada: Acta=284609, Fecha=25/03/2026
[12:47:39]   • Última entrada: Acta=294168, Fecha=13/04/2026
[12:47:39] 📝 Escribiendo archivo de salida...
[12:47:39]   ✅ Archivo escrito: backend/descargas/pagos/2026-08-04/PAGOS 20260804 124730.txt
[12:47:39]   ✅ Total registros: 362
[12:47:39] ⏱ PASO 4 (ordenar y escribir): 0.0s
[12:47:39] ================================================================================
[12:47:39] ✅ PROCESO COMPLETADO EXITOSAMENTE
[12:47:39] ================================================================================
[12:47:39] 📊 RESUMEN FINAL DEL PROCESAMIENTO:
[12:47:39]   ENTRADA:
[12:47:39]     • Pagos originales: 20128
[12:47:39]     • Multas SIGEMI cargadas: 101925
[12:47:39]     • Multas SIGI cargadas: 41079
[12:47:39]     • Causas simplificadas (usadas para el cruce): 101606
[12:47:39]   PROCESO:
[12:47:39]     • Pagos rechazados sigemi: 15186
[12:47:39]     • Pagos rechazados sigi: 4940
[12:47:39]   SALIDA:
[12:47:39]     • Pagos desactualizados procesados: 2
[12:47:39]     • Archivo final: backend/descargas/pagos/2026-08-04/PAGOS 20260804 124730.txt
[12:47:39]     • Ordenados por fecha: SÍ ✓
[12:47:39]     • Todos con ACTA_NUMERO: SÍ ✓
[12:47:39]     • Todos con CAUSA_NUMERO: SÍ ✓
[12:47:39] ✅ TXT de pagos (ya cruzado con actas y causas) generado en: backend/descargas/pagos/2026-08-04/PAGOS 20260804 124730.txt
[12:47:39] 🧹 TXT de pagos crudo eliminado (ya usado en el cruce): backend/descargas/pagos/2026-08-04/PAGOS DESCARGADOS.txt
[12:47:39] 🧹 Excel MULTAS_SIGEMI_CRUCE eliminado (ya usado en el cruce): backend/descargas/cache_actas_cruce/MULTAS_SIGEMI_CRUCE.xlsx
[12:47:39] 🧹 Excel MULTAS_SIGI_CRUCE eliminado (ya usado en el cruce): backend/descargas/cache_actas_cruce/MULTAS_SIGI_CRUCE.xlsx
[12:47:39] ✅ CompararActasPaso finalizado. (⏱ 9.1s)
[12:47:39] ✓ [CompararActasPaso] Completado.
[12:47:39] ▶ [CargarPagosPaso] Iniciando...
[12:47:39] ==================================================
[12:47:39] 🚀 PASO: CargarPagosPaso
[12:47:39] ==================================================
[12:47:39] 📤 Subiendo TXT de pagos al SEMyT...
[12:47:41] ✅ Importación de pagos completada con éxito.
[12:47:41] ✅ Archivo TXT de pagos cargado en el SEMyT correctamente.
[12:47:41] ✅ CargarPagosPaso finalizado. (⏱ 2.2s)
[12:47:41] ✓ [CargarPagosPaso] Completado.
[12:47:41] === Ejecución finalizada con éxito ===
