[10:14:15] === Inicio de ejecución: pagos ===
[10:14:16] ▶ [LoginSEMyTPaso] Iniciando...
[10:14:16] ==================================================
[10:14:16] 🚀 PASO: LoginSEMyTPaso
[10:14:16] ==================================================
[10:14:16] Abriendo SEMyT...
[10:14:27] ✅ [SEMyT] Sesión existente detectada. Login omitido.
[10:14:27] ✅ LoginSEMyTPaso finalizado. (⏱ 11.1s)
[10:14:27] ✓ [LoginSEMyTPaso] Completado.
[10:14:27] ▶ [LoginSIGIPaso] Iniciando...
[10:14:27] ==================================================
[10:14:27] 🚀 PASO: LoginSIGIPaso
[10:14:27] ==================================================
[10:14:27] Abriendo sitio municipalidad (CiDi)...
[10:14:28] ✅ [SIGI] Sesión existente detectada. Login omitido.
[10:14:28] ✅ LoginSIGIPaso finalizado. (⏱ 0.6s)
[10:14:28] ✓ [LoginSIGIPaso] Completado.
[10:14:28] ▶ [DescargasParalelasPaso] Iniciando...
[10:14:28] ==================================================
[10:14:28] 🚀 PASO: DescargasParalelasPaso
[10:14:28] ==================================================
[10:14:28] 📤 Arrancando las 3 descargas en paralelo (mismo browser, páginas separadas)...
[10:14:28] Fecha Desde: 27/06/2024
[10:14:28] Fecha Hasta: 24/11/2025
[10:14:28] Fecha Desde: 25/11/2025
[10:14:28] Fecha Hasta: 04/08/2026
[10:14:28] Descargando Excel...
[10:14:28] Descargando Excel...
[10:14:46] Archivo descargado en: backend/descargas/cache_actas_cruce/MULTAS_SIGI_CRUCE.xlsx
[10:14:47] ⏱ [actas_sigi] completado en 19.2s
[10:14:59] ✅ TXT de pagos descargado en: backend/descargas/pagos/2026-08-04/PAGOS DESCARGADOS.txt
[10:14:59] ⏱ [pagos_txt] completado en 30.8s
[10:15:12] Archivo descargado en: backend/descargas/cache_actas_cruce/MULTAS_SIGEMI_CRUCE.xlsx
[10:15:15] ⏱ [actas_sigemi] completado en 47.2s
[10:15:15] ⏱ TOTAL descargas en paralelo: 47.2s
[10:15:15] ✅ DescargasParalelasPaso finalizado. (⏱ 47.5s)
[10:15:15] ✓ [DescargasParalelasPaso] Completado.
[10:15:15] ▶ [CompararActasPaso] Iniciando...
[10:15:15] ==================================================
[10:15:15] 🚀 PASO: CompararActasPaso
[10:15:15] ==================================================
[10:15:15] 🔍 Comparando actas del SEMyT contra pagos del SIGI...
[10:15:15] ================================================================================
[10:15:15] INICIANDO PROCESO DE GENERACIÓN DE PAGOS DESACTUALIZADOS
[10:15:15] ================================================================================
[10:15:15] 📂 Cargando archivos...
[10:15:15]   ✓ Pagos: 20079 registros
[10:15:18]   ✓ Excel SIGEMI (multas vencidas viejas): 101958 registros
[10:15:20]   ✓ Excel SIGI (multas vencidas nuevas): 41108 registros
[10:15:20] ================================================================================
[10:15:20] PASO 1: LLENANDO ACTA_NUMERO (búsqueda por patente + fecha, con desempate por hora)
[10:15:20] ================================================================================
[10:15:22] 📊 ESTADÍSTICAS DE LLENADO DE ACTAS:
[10:15:22]   • Pagos con acta ORIGINAL: 4913
[10:15:22]   • Pagos SIN acta (buscados): 15166
[10:15:22]   • Pagos LLENADOS exitosamente: 0
[10:15:22]   • Pagos NO encontrados en multas: 15166
[10:15:22]   • Pagos SIN RESOLVER por desbalance de cantidades: 0
[10:15:22] ================================================================================
[10:15:22] PASO 1: LLENANDO ACTA_NUMERO (búsqueda por patente + fecha, con desempate por hora)
[10:15:22] ================================================================================
[10:15:23] 📊 ESTADÍSTICAS DE LLENADO DE ACTAS:
[10:15:23]   • Pagos con acta ORIGINAL: 4913
[10:15:23]   • Pagos SIN acta (buscados): 15166
[10:15:23]   • Pagos LLENADOS exitosamente: 0
[10:15:23]   • Pagos NO encontrados en multas: 15166
[10:15:23]   • Pagos SIN RESOLVER por desbalance de cantidades: 0
[10:15:23] ⏱ PASO 1 (llenar actas): 3.7s
[10:15:23] ================================================================================
[10:15:23] PASO 2: FILTRANDO PAGOS CON ACTA_NUMERO COMPLETO
[10:15:23] ================================================================================
[10:15:23] 📊 ESTADÍSTICAS DE FILTRADO:
[10:15:23]   • Pagos TOTALES al inicio: 20079
[10:15:23]   • Pagos CON acta (MANTIENEN): 4913
[10:15:23]   • Pagos RECHAZADOS (sin coincidencias): 15166
[10:15:23] ⚠️  Se eliminaron 15166 registros sin número de acta
[10:15:23]      (recordá: esto incluye tanto pagos ya actualizados/pagados
[10:15:23]       como pagos que quedaron sin resolver por desbalance en el Paso 1)
[10:15:23] ================================================================================
[10:15:23] PASO 2-bis: CONFIRMANDO VIGENCIA DE PAGOS (sistema NUEVO contra MULTAS_SIGI_CRUCE, sistema VIEJO contra SIGEMI)
[10:15:23] ================================================================================
[10:15:24]   ⚠ 4902 pago(s) descartados: su acta ya no figura como vencida en MULTAS_SIGI_CRUCE (SEMyT ya los actualizó).
[10:15:24]   ⚠ 10 pago(s) descartados: su acta ya no figura como vencida en el Excel de SIGEMI (SEMyT ya los actualizó).
[10:15:24]   • Pagos descartados en total por ya estar actualizados/pagados: 4912
[10:15:24] ⏱ PASO 2 (filtrar): 0.4s
[10:15:24] 📂 Cargando maestro de causas SIGEMI...
[10:15:24]   ✓ Causas totales (maestro): 134069 registros
[10:15:24] ⏱ PASO 2.5 (causas simplificado): 0.0s
[10:15:24] ================================================================================
[10:15:24] PASO 2.5: ARMANDO causas.txt SIMPLIFICADO (cruce contra total_causas_sigemi.txt)
[10:15:24] ================================================================================
[10:15:24]   • Actas vencidas viejas (multas): 101958
[10:15:24]   • Causas totales en el maestro SIGEMI: 134069
[10:15:24]   • Causas que coinciden (simplificado): 101639
[10:15:24]   ✅ Archivo escrito: backend/descargas/causas/causas.txt
[10:15:24] ⏱ PASO 2.5 (causas simplificado): 0.4s
[10:15:24] ================================================================================
[10:15:24] PASO 3: LLENANDO CAUSA_NUMERO (según fecha de cambio de sistema, cruzando por acta + año)
[10:15:24] ================================================================================
[10:15:24] 📊 ESTADÍSTICAS DE LLENADO DE CAUSAS:
[10:15:24]   • Pagos con causa ORIGINAL: 1
[10:15:24]   • Causas encontradas en SIGEMI (actas viejas): 0
[10:15:24]   • Causas NO encontradas en SIGEMI: 0
[10:15:24]   • Causas asignadas automáticamente (actas nuevas): 0
[10:15:24] ⏱ PASO 3 (llenar causas): 0.0s
[10:15:24] ================================================================================
[10:15:24] PASO 4: ORDENANDO POR FECHA Y ACTA_NUMERO
[10:15:24] ================================================================================
[10:15:24] ✓ Pagos ordenados correctamente
[10:15:24]   • Primera entrada: Acta=307125, Fecha=04/05/2026
[10:15:24]   • Última entrada: Acta=307125, Fecha=04/05/2026
[10:15:24] 📝 Escribiendo archivo de salida...
[10:15:24]   ✅ Archivo escrito: backend/descargas/pagos/2026-08-04/PAGOS 20260804 101515.txt
[10:15:24]   ✅ Total registros: 260
[10:15:24] ⏱ PASO 4 (ordenar y escribir): 0.0s
[10:15:24] ================================================================================
[10:15:24] ✅ PROCESO COMPLETADO EXITOSAMENTE
[10:15:24] ================================================================================
[10:15:24] 📊 RESUMEN FINAL DEL PROCESAMIENTO:
[10:15:24]   ENTRADA:
[10:15:24]     • Pagos originales: 20079
[10:15:24]     • Multas SIGEMI cargadas: 101958
[10:15:24]     • Multas SIGI cargadas: 41108
[10:15:24]     • Causas simplificadas (usadas para el cruce): 101639
[10:15:24]   PROCESO:
[10:15:24]     • Pagos rechazados sigemi: 15166
[10:15:24]     • Pagos rechazados sigi: 4912
[10:15:24]   SALIDA:
[10:15:24]     • Pagos desactualizados procesados: 1
[10:15:24]     • Archivo final: backend/descargas/pagos/2026-08-04/PAGOS 20260804 101515.txt
[10:15:24]     • Ordenados por fecha: SÍ ✓
[10:15:24]     • Todos con ACTA_NUMERO: SÍ ✓
[10:15:24]     • Todos con CAUSA_NUMERO: SÍ ✓
[10:15:24] ✅ TXT de pagos (ya cruzado con actas y causas) generado en: backend/descargas/pagos/2026-08-04/PAGOS 20260804 101515.txt
[10:15:24] 🧹 TXT de pagos crudo eliminado (ya usado en el cruce): backend/descargas/pagos/2026-08-04/PAGOS DESCARGADOS.txt
[10:15:24] 🧹 Excel MULTAS_SIGEMI_CRUCE eliminado (ya usado en el cruce): backend/descargas/cache_actas_cruce/MULTAS_SIGEMI_CRUCE.xlsx
[10:15:24] 🧹 Excel MULTAS_SIGI_CRUCE eliminado (ya usado en el cruce): backend/descargas/cache_actas_cruce/MULTAS_SIGI_CRUCE.xlsx
[10:15:24] ✅ CompararActasPaso finalizado. (⏱ 9.2s)
[10:15:24] ✓ [CompararActasPaso] Completado.
[10:15:24] ▶ [CargarPagosPaso] Iniciando...
[10:15:24] ==================================================
[10:15:24] 🚀 PASO: CargarPagosPaso
[10:15:24] ==================================================
[10:15:24] 📤 Subiendo TXT de pagos al SEMyT...
[10:15:26] ✅ Importación de pagos completada con éxito.
[10:15:26] ✅ Archivo TXT de pagos cargado en el SEMyT correctamente.
[10:15:26] ✅ CargarPagosPaso finalizado. (⏱ 2.2s)
[10:15:26] ✓ [CargarPagosPaso] Completado.
[10:15:26] === Ejecución finalizada con éxito ===
