[11:49:06] === Inicio de ejecución: pagos ===
[11:49:06] ▶ [LoginSEMyTPaso] Iniciando...
[11:49:06] ==================================================
[11:49:06] 🚀 PASO: LoginSEMyTPaso
[11:49:06] ==================================================
[11:49:06] Abriendo SEMyT...
[11:49:32] ✅ [SEMyT] Sesión existente detectada. Login omitido.
[11:49:32] ✅ LoginSEMyTPaso finalizado. (⏱ 25.7s)
[11:49:32] ✓ [LoginSEMyTPaso] Completado.
[11:49:32] ▶ [LoginSIGIPaso] Iniciando...
[11:49:32] ==================================================
[11:49:32] 🚀 PASO: LoginSIGIPaso
[11:49:32] ==================================================
[11:49:32] Abriendo sitio municipalidad (CiDi)...
[11:49:32] ✅ [SIGI] Sesión existente detectada. Login omitido.
[11:49:32] ✅ LoginSIGIPaso finalizado. (⏱ 0.6s)
[11:49:32] ✓ [LoginSIGIPaso] Completado.
[11:49:32] ▶ [DescargasParalelasPaso] Iniciando...
[11:49:32] ==================================================
[11:49:32] 🚀 PASO: DescargasParalelasPaso
[11:49:32] ==================================================
[11:49:33] 📤 Arrancando las 3 descargas en paralelo (mismo browser, páginas separadas)...
[11:49:33] Fecha Desde: 27/06/2024
[11:49:33] Fecha Hasta: 24/11/2025
[11:49:33] Fecha Desde: 25/11/2025
[11:49:33] Fecha Hasta: 31/07/2026
[11:49:33] Descargando Excel...
[11:49:33] Descargando Excel...
[11:49:53] Archivo descargado en: backend/descargas/cache_actas_cruce/MULTAS_SIGI_CRUCE.xlsx
[11:49:54] ⏱ [actas_sigi] completado en 21.5s
[11:50:06] ✅ TXT de pagos descargado en: backend/descargas/pagos/2026-07-31/PAGOS DESCARGADOS.txt
[11:50:06] ⏱ [pagos_txt] completado en 33.6s
[11:50:09] Archivo descargado en: backend/descargas/cache_actas_cruce/MULTAS_SIGEMI_CRUCE.xlsx
[11:50:12] ⏱ [actas_sigemi] completado en 39.6s
[11:50:12] ⏱ TOTAL descargas en paralelo: 39.6s
[11:50:12] ✅ DescargasParalelasPaso finalizado. (⏱ 39.9s)
[11:50:12] ✓ [DescargasParalelasPaso] Completado.
[11:50:12] ▶ [CompararActasPaso] Iniciando...
[11:50:12] ==================================================
[11:50:12] 🚀 PASO: CompararActasPaso
[11:50:12] ==================================================
[11:50:12] 🔍 Comparando actas del SEMyT contra pagos del SIGI...
[11:50:12] ================================================================================
[11:50:12] INICIANDO PROCESO DE GENERACIÓN DE PAGOS DESACTUALIZADOS
[11:50:12] ================================================================================
[11:50:12] 📂 Cargando archivos...
[11:50:12]   ✓ Pagos: 19586 registros
[11:50:16]   ✓ Excel SIGEMI (multas vencidas viejas): 102503 registros
[11:50:17]   ✓ Excel SIGI (multas vencidas nuevas): 40208 registros
[11:50:17] ================================================================================
[11:50:17] PASO 1: LLENANDO ACTA_NUMERO (búsqueda por patente + fecha, con desempate por hora)
[11:50:17] ================================================================================
[11:50:19] 📊 ESTADÍSTICAS DE LLENADO DE ACTAS:
[11:50:19]   • Pagos con acta ORIGINAL: 4595
[11:50:19]   • Pagos SIN acta (buscados): 14991
[11:50:19]   • Pagos LLENADOS exitosamente: 1
[11:50:19]   • Pagos NO encontrados en multas: 14990
[11:50:19]   • Pagos SIN RESOLVER por desbalance de cantidades: 0
[11:50:19] ================================================================================
[11:50:19] PASO 1: LLENANDO ACTA_NUMERO (búsqueda por patente + fecha, con desempate por hora)
[11:50:19] ================================================================================
[11:50:21] 📊 ESTADÍSTICAS DE LLENADO DE ACTAS:
[11:50:21]   • Pagos con acta ORIGINAL: 4596
[11:50:21]   • Pagos SIN acta (buscados): 14990
[11:50:21]   • Pagos LLENADOS exitosamente: 0
[11:50:21]   • Pagos NO encontrados en multas: 14990
[11:50:21]   • Pagos SIN RESOLVER por desbalance de cantidades: 0
[11:50:21] ⏱ PASO 1 (llenar actas): 3.7s
[11:50:21] ================================================================================
[11:50:21] PASO 2: FILTRANDO PAGOS CON ACTA_NUMERO COMPLETO
[11:50:21] ================================================================================
[11:50:21] 📊 ESTADÍSTICAS DE FILTRADO:
[11:50:21]   • Pagos TOTALES al inicio: 19586
[11:50:21]   • Pagos CON acta (MANTIENEN): 4596
[11:50:21]   • Pagos RECHAZADOS (sin coincidencias): 14990
[11:50:21] ⚠️  Se eliminaron 14990 registros sin número de acta
[11:50:21]      (recordá: esto incluye tanto pagos ya actualizados/pagados
[11:50:21]       como pagos que quedaron sin resolver por desbalance en el Paso 1)
[11:50:21] ================================================================================
[11:50:21] PASO 2-bis: CONFIRMANDO VIGENCIA DE PAGOS (sistema NUEVO contra MULTAS_SIGI_CRUCE, sistema VIEJO contra SIGEMI)
[11:50:21] ================================================================================
[11:50:21]   ⚠ 4586 pago(s) descartados: su acta ya no figura como vencida en MULTAS_SIGI_CRUCE (SEMyT ya los actualizó).
[11:50:21]   ⚠ 5 pago(s) descartados: su acta ya no figura como vencida en el Excel de SIGEMI (SEMyT ya los actualizó).
[11:50:21]   • Pagos descartados en total por ya estar actualizados/pagados: 4591
[11:50:21] ⏱ PASO 2 (filtrar): 0.4s
[11:50:21] 📂 Cargando maestro de causas SIGEMI...
[11:50:21]   ✓ Causas totales (maestro): 134069 registros
[11:50:21] ⏱ PASO 2.5 (causas simplificado): 0.0s
[11:50:21] ================================================================================
[11:50:21] PASO 2.5: ARMANDO causas.txt SIMPLIFICADO (cruce contra total_causas_sigemi.txt)
[11:50:21] ================================================================================
[11:50:21]   • Actas vencidas viejas (multas): 102503
[11:50:21]   • Causas totales en el maestro SIGEMI: 134069
[11:50:21]   • Causas que coinciden (simplificado): 102179
[11:50:21]   ✅ Archivo escrito: backend/descargas/causas/causas.txt
[11:50:21] ⏱ PASO 2.5 (causas simplificado): 0.4s
[11:50:21] ================================================================================
[11:50:21] PASO 3: LLENANDO CAUSA_NUMERO (según fecha de cambio de sistema, cruzando por acta + año)
[11:50:21] ================================================================================
[11:50:21] 📊 ESTADÍSTICAS DE LLENADO DE CAUSAS:
[11:50:21]   • Pagos con causa ORIGINAL: 4
[11:50:21]   • Causas encontradas en SIGEMI (actas viejas): 1
[11:50:21]   • Causas NO encontradas en SIGEMI: 0
[11:50:21]   • Causas asignadas automáticamente (actas nuevas): 0
[11:50:21] ⏱ PASO 3 (llenar causas): 0.0s
[11:50:21] ================================================================================
[11:50:21] PASO 4: ORDENANDO POR FECHA Y ACTA_NUMERO
[11:50:21] ================================================================================
[11:50:21] ✓ Pagos ordenados correctamente
[11:50:21]   • Primera entrada: Acta=189987, Fecha=14/08/2025
[11:50:21]   • Última entrada: Acta=312492, Fecha=13/05/2026
[11:50:21] 📝 Escribiendo archivo de salida...
[11:50:21]   ✅ Archivo escrito: backend/descargas/pagos/2026-07-31/PAGOS 20260731 115012.txt
[11:50:21]   ✅ Total registros: 699
[11:50:21] ⏱ PASO 4 (ordenar y escribir): 0.0s
[11:50:21] ================================================================================
[11:50:21] ✅ PROCESO COMPLETADO EXITOSAMENTE
[11:50:21] ================================================================================
[11:50:21] 📊 RESUMEN FINAL DEL PROCESAMIENTO:
[11:50:21]   ENTRADA:
[11:50:21]     • Pagos originales: 19586
[11:50:21]     • Multas SIGEMI cargadas: 102503
[11:50:21]     • Multas SIGI cargadas: 40208
[11:50:21]     • Causas simplificadas (usadas para el cruce): 102179
[11:50:21]   PROCESO:
[11:50:21]     • Pagos rechazados sigemi: 14990
[11:50:21]     • Pagos rechazados sigi: 4591
[11:50:21]   SALIDA:
[11:50:21]     • Pagos desactualizados procesados: 5
[11:50:21]     • Archivo final: backend/descargas/pagos/2026-07-31/PAGOS 20260731 115012.txt
[11:50:21]     • Ordenados por fecha: SÍ ✓
[11:50:21]     • Todos con ACTA_NUMERO: SÍ ✓
[11:50:21]     • Todos con CAUSA_NUMERO: SÍ ✓
[11:50:21] ✅ TXT de pagos (ya cruzado con actas y causas) generado en: backend/descargas/pagos/2026-07-31/PAGOS 20260731 115012.txt
[11:50:21] 🧹 TXT de pagos crudo eliminado (ya usado en el cruce): backend/descargas/pagos/2026-07-31/PAGOS DESCARGADOS.txt
[11:50:21] 🧹 Excel MULTAS_SIGEMI_CRUCE eliminado (ya usado en el cruce): backend/descargas/cache_actas_cruce/MULTAS_SIGEMI_CRUCE.xlsx
[11:50:21] 🧹 Excel MULTAS_SIGI_CRUCE eliminado (ya usado en el cruce): backend/descargas/cache_actas_cruce/MULTAS_SIGI_CRUCE.xlsx
[11:50:21] ✅ CompararActasPaso finalizado. (⏱ 9.0s)
[11:50:21] ✓ [CompararActasPaso] Completado.
[11:50:21] ▶ [CargarPagosPaso] Iniciando...
[11:50:21] ==================================================
[11:50:21] 🚀 PASO: CargarPagosPaso
[11:50:21] ==================================================
[11:50:21] 📤 Subiendo TXT de pagos al SEMyT...
[11:50:23] ✅ Importación de pagos completada con éxito.
[11:50:23] ✅ Archivo TXT de pagos cargado en el SEMyT correctamente.
[11:50:23] ✅ CargarPagosPaso finalizado. (⏱ 2.1s)
[11:50:23] ✓ [CargarPagosPaso] Completado.
[11:50:24] === Ejecución finalizada con éxito ===
