[18:41:13] === Inicio de ejecución: pagos ===
[18:41:14] ▶ [LoginSEMyTPaso] Iniciando...
[18:41:14] ==================================================
[18:41:14] 🚀 PASO: LoginSEMyTPaso
[18:41:14] ==================================================
[18:41:14] Abriendo SEMyT...
[18:41:16] ✅ [SEMyT] Sesión existente detectada. Login omitido.
[18:41:17] ✅ LoginSEMyTPaso finalizado. (⏱ 2.7s)
[18:41:17] ✓ [LoginSEMyTPaso] Completado.
[18:41:17] ▶ [LoginSIGIPaso] Iniciando...
[18:41:17] ==================================================
[18:41:17] 🚀 PASO: LoginSIGIPaso
[18:41:17] ==================================================
[18:41:17] Abriendo sitio municipalidad (CiDi)...
[18:41:17] ✅ [SIGI] Sesión existente detectada. Login omitido.
[18:41:17] ✅ LoginSIGIPaso finalizado. (⏱ 0.6s)
[18:41:17] ✓ [LoginSIGIPaso] Completado.
[18:41:17] ▶ [DescargasParalelasPaso] Iniciando...
[18:41:17] ==================================================
[18:41:17] 🚀 PASO: DescargasParalelasPaso
[18:41:17] ==================================================
[18:41:17] 📤 Arrancando las 3 descargas en paralelo (mismo browser, páginas separadas)...
[18:41:17] Fecha Desde: 27/06/2024
[18:41:17] Fecha Hasta: 24/11/2025
[18:41:17] Fecha Desde: 25/11/2025
[18:41:17] Fecha Hasta: 31/07/2026
[18:41:17] Descargando Excel...
[18:41:17] Descargando Excel...
[18:41:30] Archivo descargado en: backend/descargas/cache_actas_cruce/MULTAS_SIGI_CRUCE.xlsx
[18:41:31] ⏱ [actas_sigi] completado en 14.0s
[18:41:42] Archivo descargado en: backend/descargas/cache_actas_cruce/MULTAS_SIGEMI_CRUCE.xlsx
[18:41:45] ⏱ [actas_sigemi] completado en 27.8s
[18:41:49] ✅ TXT de pagos descargado en: backend/descargas/pagos/2026-07-31/PAGOS DESCARGADOS.txt
[18:41:49] ⏱ [pagos_txt] completado en 31.9s
[18:41:49] ⏱ TOTAL descargas en paralelo: 31.9s
[18:41:49] ✅ DescargasParalelasPaso finalizado. (⏱ 32.2s)
[18:41:49] ✓ [DescargasParalelasPaso] Completado.
[18:41:49] ▶ [CompararActasPaso] Iniciando...
[18:41:49] ==================================================
[18:41:49] 🚀 PASO: CompararActasPaso
[18:41:49] ==================================================
[18:41:49] 🔍 Comparando actas del SEMyT contra pagos del SIGI...
[18:41:49] ================================================================================
[18:41:49] INICIANDO PROCESO DE GENERACIÓN DE PAGOS DESACTUALIZADOS
[18:41:49] ================================================================================
[18:41:49] 📂 Cargando archivos...
[18:41:49]   ✓ Pagos: 19686 registros
[18:41:53]   ✓ Excel SIGEMI (multas vencidas viejas): 102149 registros
[18:41:54]   ✓ Excel SIGI (multas vencidas nuevas): 40108 registros
[18:41:54] ================================================================================
[18:41:54] PASO 1: LLENANDO ACTA_NUMERO (búsqueda por patente + fecha, con desempate por hora)
[18:41:54] ================================================================================
[18:41:56] 📊 ESTADÍSTICAS DE LLENADO DE ACTAS:
[18:41:56]   • Pagos con acta ORIGINAL: 4666
[18:41:56]   • Pagos SIN acta (buscados): 15020
[18:41:56]   • Pagos LLENADOS exitosamente: 1
[18:41:56]   • Pagos NO encontrados en multas: 15019
[18:41:56]   • Pagos SIN RESOLVER por desbalance de cantidades: 0
[18:41:56] ================================================================================
[18:41:56] PASO 1: LLENANDO ACTA_NUMERO (búsqueda por patente + fecha, con desempate por hora)
[18:41:56] ================================================================================
[18:41:57] 📊 ESTADÍSTICAS DE LLENADO DE ACTAS:
[18:41:57]   • Pagos con acta ORIGINAL: 4667
[18:41:57]   • Pagos SIN acta (buscados): 15019
[18:41:57]   • Pagos LLENADOS exitosamente: 0
[18:41:57]   • Pagos NO encontrados en multas: 15019
[18:41:57]   • Pagos SIN RESOLVER por desbalance de cantidades: 0
[18:41:57] ⏱ PASO 1 (llenar actas): 3.6s
[18:41:57] ================================================================================
[18:41:57] PASO 2: FILTRANDO PAGOS CON ACTA_NUMERO COMPLETO
[18:41:57] ================================================================================
[18:41:57] 📊 ESTADÍSTICAS DE FILTRADO:
[18:41:57]   • Pagos TOTALES al inicio: 19686
[18:41:57]   • Pagos CON acta (MANTIENEN): 4667
[18:41:57]   • Pagos RECHAZADOS (sin coincidencias): 15019
[18:41:57] ⚠️  Se eliminaron 15019 registros sin número de acta
[18:41:57]      (recordá: esto incluye tanto pagos ya actualizados/pagados
[18:41:57]       como pagos que quedaron sin resolver por desbalance en el Paso 1)
[18:41:57] ================================================================================
[18:41:57] PASO 2-bis: CONFIRMANDO VIGENCIA DE PAGOS (sistema NUEVO contra MULTAS_SIGI_CRUCE, sistema VIEJO contra SIGEMI)
[18:41:57] ================================================================================
[18:41:58]   ⚠ 4661 pago(s) descartados: su acta ya no figura como vencida en MULTAS_SIGI_CRUCE (SEMyT ya los actualizó).
[18:41:58]   ⚠ 5 pago(s) descartados: su acta ya no figura como vencida en el Excel de SIGEMI (SEMyT ya los actualizó).
[18:41:58]   • Pagos descartados en total por ya estar actualizados/pagados: 4666
[18:41:58] ⏱ PASO 2 (filtrar): 0.4s
[18:41:58] 📂 Cargando maestro de causas SIGEMI...
[18:41:58]   ✓ Causas totales (maestro): 134069 registros
[18:41:58] ⏱ PASO 2.5 (causas simplificado): 0.0s
[18:41:58] ================================================================================
[18:41:58] PASO 2.5: ARMANDO causas.txt SIMPLIFICADO (cruce contra total_causas_sigemi.txt)
[18:41:58] ================================================================================
[18:41:58]   • Actas vencidas viejas (multas): 102149
[18:41:58]   • Causas totales en el maestro SIGEMI: 134069
[18:41:58]   • Causas que coinciden (simplificado): 101825
[18:41:58]   ✅ Archivo escrito: backend/descargas/causas/causas.txt
[18:41:58] ⏱ PASO 2.5 (causas simplificado): 0.4s
[18:41:58] ================================================================================
[18:41:58] PASO 3: LLENANDO CAUSA_NUMERO (según fecha de cambio de sistema, cruzando por acta + año)
[18:41:58] ================================================================================
[18:41:58] 📊 ESTADÍSTICAS DE LLENADO DE CAUSAS:
[18:41:58]   • Pagos con causa ORIGINAL: 0
[18:41:58]   • Causas encontradas en SIGEMI (actas viejas): 1
[18:41:58]   • Causas NO encontradas en SIGEMI: 0
[18:41:58]   • Causas asignadas automáticamente (actas nuevas): 0
[18:41:58] ⏱ PASO 3 (llenar causas): 0.0s
[18:41:58] ================================================================================
[18:41:58] PASO 4: ORDENANDO POR FECHA Y ACTA_NUMERO
[18:41:58] ================================================================================
[18:41:58] ✓ Pagos ordenados correctamente
[18:41:58]   • Primera entrada: Acta=233507, Fecha=13/11/2025
[18:41:58]   • Última entrada: Acta=233507, Fecha=13/11/2025
[18:41:58] 📝 Escribiendo archivo de salida...
[18:41:58]   ✅ Archivo escrito: backend/descargas/pagos/2026-07-31/PAGOS 20260731 184149.txt
[18:41:58]   ✅ Total registros: 262
[18:41:58] ⏱ PASO 4 (ordenar y escribir): 0.0s
[18:41:58] ================================================================================
[18:41:58] ✅ PROCESO COMPLETADO EXITOSAMENTE
[18:41:58] ================================================================================
[18:41:58] 📊 RESUMEN FINAL DEL PROCESAMIENTO:
[18:41:58]   ENTRADA:
[18:41:58]     • Pagos originales: 19686
[18:41:58]     • Multas SIGEMI cargadas: 102149
[18:41:58]     • Multas SIGI cargadas: 40108
[18:41:58]     • Causas simplificadas (usadas para el cruce): 101825
[18:41:58]   PROCESO:
[18:41:58]     • Pagos rechazados sigemi: 15019
[18:41:58]     • Pagos rechazados sigi: 4666
[18:41:58]   SALIDA:
[18:41:58]     • Pagos desactualizados procesados: 1
[18:41:58]     • Archivo final: backend/descargas/pagos/2026-07-31/PAGOS 20260731 184149.txt
[18:41:58]     • Ordenados por fecha: SÍ ✓
[18:41:58]     • Todos con ACTA_NUMERO: SÍ ✓
[18:41:58]     • Todos con CAUSA_NUMERO: SÍ ✓
[18:41:58] ✅ TXT de pagos (ya cruzado con actas y causas) generado en: backend/descargas/pagos/2026-07-31/PAGOS 20260731 184149.txt
[18:41:58] 🧹 TXT de pagos crudo eliminado (ya usado en el cruce): backend/descargas/pagos/2026-07-31/PAGOS DESCARGADOS.txt
[18:41:58] 🧹 Excel MULTAS_SIGEMI_CRUCE eliminado (ya usado en el cruce): backend/descargas/cache_actas_cruce/MULTAS_SIGEMI_CRUCE.xlsx
[18:41:58] 🧹 Excel MULTAS_SIGI_CRUCE eliminado (ya usado en el cruce): backend/descargas/cache_actas_cruce/MULTAS_SIGI_CRUCE.xlsx
[18:41:58] ✅ CompararActasPaso finalizado. (⏱ 9.0s)
[18:41:58] ✓ [CompararActasPaso] Completado.
[18:41:58] ▶ [CargarPagosPaso] Iniciando...
[18:41:58] ==================================================
[18:41:58] 🚀 PASO: CargarPagosPaso
[18:41:58] ==================================================
[18:41:58] 📤 Subiendo TXT de pagos al SEMyT...
[18:42:00] ✅ Importación de pagos completada con éxito.
[18:42:00] ✅ Archivo TXT de pagos cargado en el SEMyT correctamente.
[18:42:00] ✅ CargarPagosPaso finalizado. (⏱ 2.0s)
[18:42:00] ✓ [CargarPagosPaso] Completado.
[18:42:00] === Ejecución finalizada con éxito ===
