[08:39:32] === Inicio de ejecución: pagos ===
[08:39:32] ▶ [LoginSEMyTPaso] Iniciando...
[08:39:32] ==================================================
[08:39:32] 🚀 PASO: LoginSEMyTPaso
[08:39:32] ==================================================
[08:39:33] Abriendo SEMyT...
[08:40:06] ✅ [SEMyT] Sesión existente detectada. Login omitido.
[08:40:06] ✅ LoginSEMyTPaso finalizado. (⏱ 33.9s)
[08:40:06] ✓ [LoginSEMyTPaso] Completado.
[08:40:06] ▶ [LoginSIGIPaso] Iniciando...
[08:40:06] ==================================================
[08:40:06] 🚀 PASO: LoginSIGIPaso
[08:40:06] ==================================================
[08:40:06] Abriendo sitio municipalidad (CiDi)...
[08:40:07] ✅ [SIGI] Sesión existente detectada. Login omitido.
[08:40:07] ✅ LoginSIGIPaso finalizado. (⏱ 0.8s)
[08:40:07] ✓ [LoginSIGIPaso] Completado.
[08:40:07] ▶ [DescargasParalelasPaso] Iniciando...
[08:40:07] ==================================================
[08:40:07] 🚀 PASO: DescargasParalelasPaso
[08:40:07] ==================================================
[08:40:07] 📤 Arrancando las 3 descargas en paralelo (mismo browser, páginas separadas)...
[08:40:07] Fecha Desde: 27/06/2024
[08:40:07] Fecha Hasta: 24/11/2025
[08:40:07] Fecha Desde: 25/11/2025
[08:40:07] Fecha Hasta: 31/07/2026
[08:40:07] Descargando Excel...
[08:40:07] Descargando Excel...
[08:40:32] Archivo descargado en: backend/descargas/cache_actas_cruce/MULTAS_SIGI_CRUCE.xlsx
[08:40:33] ⏱ [actas_sigi] completado en 25.8s
[08:40:35] ✅ TXT de pagos descargado en: backend/descargas/pagos/2026-07-31/PAGOS DESCARGADOS.txt
[08:40:35] ⏱ [pagos_txt] completado en 27.8s
[08:41:07] Archivo descargado en: backend/descargas/cache_actas_cruce/MULTAS_SIGEMI_CRUCE.xlsx
[08:41:10] ⏱ [actas_sigemi] completado en 63.1s
[08:41:10] ⏱ TOTAL descargas en paralelo: 63.1s
[08:41:10] ✅ DescargasParalelasPaso finalizado. (⏱ 63.3s)
[08:41:10] ✓ [DescargasParalelasPaso] Completado.
[08:41:10] ▶ [CompararActasPaso] Iniciando...
[08:41:10] ==================================================
[08:41:10] 🚀 PASO: CompararActasPaso
[08:41:10] ==================================================
[08:41:10] 🔍 Comparando actas del SEMyT contra pagos del SIGI...
[08:41:10] ================================================================================
[08:41:10] INICIANDO PROCESO DE GENERACIÓN DE PAGOS DESACTUALIZADOS
[08:41:10] ================================================================================
[08:41:10] 📂 Cargando archivos...
[08:41:10]   ✓ Pagos: 19487 registros
[08:41:14]   ✓ Excel SIGEMI (multas vencidas viejas): 102547 registros
[08:41:15]   ✓ Excel SIGI (multas vencidas nuevas): 40272 registros
[08:41:15] ================================================================================
[08:41:15] PASO 1: LLENANDO ACTA_NUMERO (búsqueda por patente + fecha, con desempate por hora)
[08:41:15] ================================================================================
[08:41:17] 📊 ESTADÍSTICAS DE LLENADO DE ACTAS:
[08:41:17]   • Pagos con acta ORIGINAL: 4528
[08:41:17]   • Pagos SIN acta (buscados): 14959
[08:41:17]   • Pagos LLENADOS exitosamente: 0
[08:41:17]   • Pagos NO encontrados en multas: 14959
[08:41:17]   • Pagos SIN RESOLVER por desbalance de cantidades: 0
[08:41:17] ================================================================================
[08:41:17] PASO 1: LLENANDO ACTA_NUMERO (búsqueda por patente + fecha, con desempate por hora)
[08:41:17] ================================================================================
[08:41:18] 📊 ESTADÍSTICAS DE LLENADO DE ACTAS:
[08:41:18]   • Pagos con acta ORIGINAL: 4528
[08:41:18]   • Pagos SIN acta (buscados): 14959
[08:41:18]   • Pagos LLENADOS exitosamente: 0
[08:41:18]   • Pagos NO encontrados en multas: 14959
[08:41:18]   • Pagos SIN RESOLVER por desbalance de cantidades: 0
[08:41:18] ⏱ PASO 1 (llenar actas): 3.5s
[08:41:18] ================================================================================
[08:41:18] PASO 2: FILTRANDO PAGOS CON ACTA_NUMERO COMPLETO
[08:41:18] ================================================================================
[08:41:18] 📊 ESTADÍSTICAS DE FILTRADO:
[08:41:18]   • Pagos TOTALES al inicio: 19487
[08:41:18]   • Pagos CON acta (MANTIENEN): 4528
[08:41:18]   • Pagos RECHAZADOS (sin coincidencias): 14959
[08:41:18] ⚠️  Se eliminaron 14959 registros sin número de acta
[08:41:18]      (recordá: esto incluye tanto pagos ya actualizados/pagados
[08:41:18]       como pagos que quedaron sin resolver por desbalance en el Paso 1)
[08:41:18] ================================================================================
[08:41:18] PASO 2-bis: CONFIRMANDO VIGENCIA DE PAGOS (sistema NUEVO contra MULTAS_SIGI_CRUCE, sistema VIEJO contra SIGEMI)
[08:41:18] ================================================================================
[08:41:19]   ⚠ 4522 pago(s) descartados: su acta ya no figura como vencida en MULTAS_SIGI_CRUCE (SEMyT ya los actualizó).
[08:41:19]   ⚠ 5 pago(s) descartados: su acta ya no figura como vencida en el Excel de SIGEMI (SEMyT ya los actualizó).
[08:41:19]   • Pagos descartados en total por ya estar actualizados/pagados: 4527
[08:41:19] ⏱ PASO 2 (filtrar): 0.4s
[08:41:19] 📂 Cargando maestro de causas SIGEMI...
[08:41:19]   ✓ Causas totales (maestro): 134069 registros
[08:41:19] ⏱ PASO 2.5 (causas simplificado): 0.0s
[08:41:19] ================================================================================
[08:41:19] PASO 2.5: ARMANDO causas.txt SIMPLIFICADO (cruce contra total_causas_sigemi.txt)
[08:41:19] ================================================================================
[08:41:19]   • Actas vencidas viejas (multas): 102547
[08:41:19]   • Causas totales en el maestro SIGEMI: 134069
[08:41:19]   • Causas que coinciden (simplificado): 102223
[08:41:19]   ✅ Archivo escrito: backend/descargas/causas/causas.txt
[08:41:19] ⏱ PASO 2.5 (causas simplificado): 0.4s
[08:41:19] ================================================================================
[08:41:19] PASO 3: LLENANDO CAUSA_NUMERO (según fecha de cambio de sistema, cruzando por acta + año)
[08:41:19] ================================================================================
[08:41:19] 📊 ESTADÍSTICAS DE LLENADO DE CAUSAS:
[08:41:19]   • Pagos con causa ORIGINAL: 1
[08:41:19]   • Causas encontradas en SIGEMI (actas viejas): 0
[08:41:19]   • Causas NO encontradas en SIGEMI: 0
[08:41:19]   • Causas asignadas automáticamente (actas nuevas): 0
[08:41:19] ⏱ PASO 3 (llenar causas): 0.0s
[08:41:19] ================================================================================
[08:41:19] PASO 4: ORDENANDO POR FECHA Y ACTA_NUMERO
[08:41:19] ================================================================================
[08:41:19] ✓ Pagos ordenados correctamente
[08:41:19]   • Primera entrada: Acta=318998, Fecha=22/05/2026
[08:41:19]   • Última entrada: Acta=318998, Fecha=22/05/2026
[08:41:19] 📝 Escribiendo archivo de salida...
[08:41:19]   ✅ Archivo escrito: backend/descargas/pagos/2026-07-31/PAGOS 20260731 084110.txt
[08:41:19]   ✅ Total registros: 254
[08:41:19] ⏱ PASO 4 (ordenar y escribir): 0.0s
[08:41:19] ================================================================================
[08:41:19] ✅ PROCESO COMPLETADO EXITOSAMENTE
[08:41:19] ================================================================================
[08:41:19] 📊 RESUMEN FINAL DEL PROCESAMIENTO:
[08:41:19]   ENTRADA:
[08:41:19]     • Pagos originales: 19487
[08:41:19]     • Multas SIGEMI cargadas: 102547
[08:41:19]     • Multas SIGI cargadas: 40272
[08:41:19]     • Causas simplificadas (usadas para el cruce): 102223
[08:41:19]   PROCESO:
[08:41:19]     • Pagos rechazados sigemi: 14959
[08:41:19]     • Pagos rechazados sigi: 4527
[08:41:19]   SALIDA:
[08:41:19]     • Pagos desactualizados procesados: 1
[08:41:19]     • Archivo final: backend/descargas/pagos/2026-07-31/PAGOS 20260731 084110.txt
[08:41:19]     • Ordenados por fecha: SÍ ✓
[08:41:19]     • Todos con ACTA_NUMERO: SÍ ✓
[08:41:19]     • Todos con CAUSA_NUMERO: SÍ ✓
[08:41:19] ✅ TXT de pagos (ya cruzado con actas y causas) generado en: backend/descargas/pagos/2026-07-31/PAGOS 20260731 084110.txt
[08:41:19] 🧹 TXT de pagos crudo eliminado (ya usado en el cruce): backend/descargas/pagos/2026-07-31/PAGOS DESCARGADOS.txt
[08:41:19] 🧹 Excel MULTAS_SIGEMI_CRUCE eliminado (ya usado en el cruce): backend/descargas/cache_actas_cruce/MULTAS_SIGEMI_CRUCE.xlsx
[08:41:19] 🧹 Excel MULTAS_SIGI_CRUCE eliminado (ya usado en el cruce): backend/descargas/cache_actas_cruce/MULTAS_SIGI_CRUCE.xlsx
[08:41:19] ✅ CompararActasPaso finalizado. (⏱ 8.8s)
[08:41:19] ✓ [CompararActasPaso] Completado.
[08:41:19] ▶ [CargarPagosPaso] Iniciando...
[08:41:19] ==================================================
[08:41:19] 🚀 PASO: CargarPagosPaso
[08:41:19] ==================================================
[08:41:19] 📤 Subiendo TXT de pagos al SEMyT...
[08:41:21] ✅ Importación de pagos completada con éxito.
[08:41:21] ✅ Archivo TXT de pagos cargado en el SEMyT correctamente.
[08:41:21] ✅ CargarPagosPaso finalizado. (⏱ 2.0s)
[08:41:21] ✓ [CargarPagosPaso] Completado.
[08:41:21] === Ejecución finalizada con éxito ===
