[10:40:34] === Inicio de ejecución: pagos ===
[10:40:35] ▶ [LoginSEMyTPaso] Iniciando...
[10:40:35] ==================================================
[10:40:35] 🚀 PASO: LoginSEMyTPaso
[10:40:35] ==================================================
[10:40:35] Abriendo SEMyT...
[10:40:50] ✅ [SEMyT] Sesión existente detectada. Login omitido.
[10:40:50] ✅ LoginSEMyTPaso finalizado. (⏱ 14.8s)
[10:40:50] ✓ [LoginSEMyTPaso] Completado.
[10:40:50] ▶ [LoginSIGIPaso] Iniciando...
[10:40:50] ==================================================
[10:40:50] 🚀 PASO: LoginSIGIPaso
[10:40:50] ==================================================
[10:40:50] Abriendo sitio municipalidad (CiDi)...
[10:40:50] ✅ [SIGI] Sesión existente detectada. Login omitido.
[10:40:50] ✅ LoginSIGIPaso finalizado. (⏱ 0.6s)
[10:40:50] ✓ [LoginSIGIPaso] Completado.
[10:40:50] ▶ [DescargasParalelasPaso] Iniciando...
[10:40:50] ==================================================
[10:40:50] 🚀 PASO: DescargasParalelasPaso
[10:40:50] ==================================================
[10:40:51] 📤 Arrancando las 3 descargas en paralelo (mismo browser, páginas separadas)...
[10:40:51] Fecha Desde: 27/06/2024
[10:40:51] Fecha Hasta: 24/11/2025
[10:40:51] Fecha Desde: 25/11/2025
[10:40:51] Fecha Hasta: 31/07/2026
[10:40:51] Descargando Excel...
[10:40:51] Descargando Excel...
[10:41:08] Archivo descargado en: backend/descargas/cache_actas_cruce/MULTAS_SIGI_CRUCE.xlsx
[10:41:09] ⏱ [actas_sigi] completado en 18.8s
[10:41:18] ✅ TXT de pagos descargado en: backend/descargas/pagos/2026-07-31/PAGOS DESCARGADOS.txt
[10:41:18] ⏱ [pagos_txt] completado en 27.3s
[10:41:25] Archivo descargado en: backend/descargas/cache_actas_cruce/MULTAS_SIGEMI_CRUCE.xlsx
[10:41:28] ⏱ [actas_sigemi] completado en 37.4s
[10:41:28] ⏱ TOTAL descargas en paralelo: 37.4s
[10:41:28] ✅ DescargasParalelasPaso finalizado. (⏱ 37.7s)
[10:41:28] ✓ [DescargasParalelasPaso] Completado.
[10:41:28] ▶ [CompararActasPaso] Iniciando...
[10:41:28] ==================================================
[10:41:28] 🚀 PASO: CompararActasPaso
[10:41:28] ==================================================
[10:41:28] 🔍 Comparando actas del SEMyT contra pagos del SIGI...
[10:41:28] ================================================================================
[10:41:28] INICIANDO PROCESO DE GENERACIÓN DE PAGOS DESACTUALIZADOS
[10:41:28] ================================================================================
[10:41:28] 📂 Cargando archivos...
[10:41:28]   ✓ Pagos: 19546 registros
[10:41:31]   ✓ Excel SIGEMI (multas vencidas viejas): 102530 registros
[10:41:33]   ✓ Excel SIGI (multas vencidas nuevas): 40230 registros
[10:41:33] ================================================================================
[10:41:33] PASO 1: LLENANDO ACTA_NUMERO (búsqueda por patente + fecha, con desempate por hora)
[10:41:33] ================================================================================
[10:41:35] 📊 ESTADÍSTICAS DE LLENADO DE ACTAS:
[10:41:35]   • Pagos con acta ORIGINAL: 4573
[10:41:35]   • Pagos SIN acta (buscados): 14973
[10:41:35]   • Pagos LLENADOS exitosamente: 1
[10:41:35]   • Pagos NO encontrados en multas: 14972
[10:41:35]   • Pagos SIN RESOLVER por desbalance de cantidades: 0
[10:41:35] ================================================================================
[10:41:35] PASO 1: LLENANDO ACTA_NUMERO (búsqueda por patente + fecha, con desempate por hora)
[10:41:35] ================================================================================
[10:41:36] 📊 ESTADÍSTICAS DE LLENADO DE ACTAS:
[10:41:36]   • Pagos con acta ORIGINAL: 4574
[10:41:36]   • Pagos SIN acta (buscados): 14972
[10:41:36]   • Pagos LLENADOS exitosamente: 0
[10:41:36]   • Pagos NO encontrados en multas: 14972
[10:41:36]   • Pagos SIN RESOLVER por desbalance de cantidades: 0
[10:41:36] ⏱ PASO 1 (llenar actas): 3.6s
[10:41:36] ================================================================================
[10:41:36] PASO 2: FILTRANDO PAGOS CON ACTA_NUMERO COMPLETO
[10:41:36] ================================================================================
[10:41:36] 📊 ESTADÍSTICAS DE FILTRADO:
[10:41:36]   • Pagos TOTALES al inicio: 19546
[10:41:36]   • Pagos CON acta (MANTIENEN): 4574
[10:41:36]   • Pagos RECHAZADOS (sin coincidencias): 14972
[10:41:36] ⚠️  Se eliminaron 14972 registros sin número de acta
[10:41:36]      (recordá: esto incluye tanto pagos ya actualizados/pagados
[10:41:36]       como pagos que quedaron sin resolver por desbalance en el Paso 1)
[10:41:36] ================================================================================
[10:41:36] PASO 2-bis: CONFIRMANDO VIGENCIA DE PAGOS (sistema NUEVO contra MULTAS_SIGI_CRUCE, sistema VIEJO contra SIGEMI)
[10:41:36] ================================================================================
[10:41:37]   ⚠ 4564 pago(s) descartados: su acta ya no figura como vencida en MULTAS_SIGI_CRUCE (SEMyT ya los actualizó).
[10:41:37]   ⚠ 5 pago(s) descartados: su acta ya no figura como vencida en el Excel de SIGEMI (SEMyT ya los actualizó).
[10:41:37]   • Pagos descartados en total por ya estar actualizados/pagados: 4569
[10:41:37] ⏱ PASO 2 (filtrar): 0.4s
[10:41:37] 📂 Cargando maestro de causas SIGEMI...
[10:41:37]   ✓ Causas totales (maestro): 134069 registros
[10:41:37] ⏱ PASO 2.5 (causas simplificado): 0.0s
[10:41:37] ================================================================================
[10:41:37] PASO 2.5: ARMANDO causas.txt SIMPLIFICADO (cruce contra total_causas_sigemi.txt)
[10:41:37] ================================================================================
[10:41:37]   • Actas vencidas viejas (multas): 102530
[10:41:37]   • Causas totales en el maestro SIGEMI: 134069
[10:41:37]   • Causas que coinciden (simplificado): 102206
[10:41:37]   ✅ Archivo escrito: backend/descargas/causas/causas.txt
[10:41:37] ⏱ PASO 2.5 (causas simplificado): 0.4s
[10:41:37] ================================================================================
[10:41:37] PASO 3: LLENANDO CAUSA_NUMERO (según fecha de cambio de sistema, cruzando por acta + año)
[10:41:37] ================================================================================
[10:41:37] 📊 ESTADÍSTICAS DE LLENADO DE CAUSAS:
[10:41:37]   • Pagos con causa ORIGINAL: 4
[10:41:37]   • Causas encontradas en SIGEMI (actas viejas): 1
[10:41:37]   • Causas NO encontradas en SIGEMI: 0
[10:41:37]   • Causas asignadas automáticamente (actas nuevas): 0
[10:41:37] ⏱ PASO 3 (llenar causas): 0.0s
[10:41:37] ================================================================================
[10:41:37] PASO 4: ORDENANDO POR FECHA Y ACTA_NUMERO
[10:41:37] ================================================================================
[10:41:37] ✓ Pagos ordenados correctamente
[10:41:37]   • Primera entrada: Acta=234538, Fecha=17/11/2025
[10:41:37]   • Última entrada: Acta=320017, Fecha=26/05/2026
[10:41:37] 📝 Escribiendo archivo de salida...
[10:41:37]   ✅ Archivo escrito: backend/descargas/pagos/2026-07-31/PAGOS 20260731 104128.txt
[10:41:37]   ✅ Total registros: 680
[10:41:37] ⏱ PASO 4 (ordenar y escribir): 0.0s
[10:41:37] ================================================================================
[10:41:37] ✅ PROCESO COMPLETADO EXITOSAMENTE
[10:41:37] ================================================================================
[10:41:37] 📊 RESUMEN FINAL DEL PROCESAMIENTO:
[10:41:37]   ENTRADA:
[10:41:37]     • Pagos originales: 19546
[10:41:37]     • Multas SIGEMI cargadas: 102530
[10:41:37]     • Multas SIGI cargadas: 40230
[10:41:37]     • Causas simplificadas (usadas para el cruce): 102206
[10:41:37]   PROCESO:
[10:41:37]     • Pagos rechazados sigemi: 14972
[10:41:37]     • Pagos rechazados sigi: 4569
[10:41:37]   SALIDA:
[10:41:37]     • Pagos desactualizados procesados: 5
[10:41:37]     • Archivo final: backend/descargas/pagos/2026-07-31/PAGOS 20260731 104128.txt
[10:41:37]     • Ordenados por fecha: SÍ ✓
[10:41:37]     • Todos con ACTA_NUMERO: SÍ ✓
[10:41:37]     • Todos con CAUSA_NUMERO: SÍ ✓
[10:41:37] ✅ TXT de pagos (ya cruzado con actas y causas) generado en: backend/descargas/pagos/2026-07-31/PAGOS 20260731 104128.txt
[10:41:37] 🧹 TXT de pagos crudo eliminado (ya usado en el cruce): backend/descargas/pagos/2026-07-31/PAGOS DESCARGADOS.txt
[10:41:37] 🧹 Excel MULTAS_SIGEMI_CRUCE eliminado (ya usado en el cruce): backend/descargas/cache_actas_cruce/MULTAS_SIGEMI_CRUCE.xlsx
[10:41:37] 🧹 Excel MULTAS_SIGI_CRUCE eliminado (ya usado en el cruce): backend/descargas/cache_actas_cruce/MULTAS_SIGI_CRUCE.xlsx
[10:41:37] ✅ CompararActasPaso finalizado. (⏱ 8.9s)
[10:41:37] ✓ [CompararActasPaso] Completado.
[10:41:37] ▶ [CargarPagosPaso] Iniciando...
[10:41:37] ==================================================
[10:41:37] 🚀 PASO: CargarPagosPaso
[10:41:37] ==================================================
[10:41:37] 📤 Subiendo TXT de pagos al SEMyT...
[10:41:39] ✅ Importación de pagos completada con éxito.
[10:41:39] ✅ Archivo TXT de pagos cargado en el SEMyT correctamente.
[10:41:39] ✅ CargarPagosPaso finalizado. (⏱ 2.0s)
[10:41:39] ✓ [CargarPagosPaso] Completado.
[10:41:39] === Ejecución finalizada con éxito ===
