[15:24:19] === Inicio de ejecución: pagos ===
[15:24:19] ▶ [LoginSEMyTPaso] Iniciando...
[15:24:19] ==================================================
[15:24:19] 🚀 PASO: LoginSEMyTPaso
[15:24:19] ==================================================
[15:24:19] Abriendo SEMyT...
[15:24:21] ✅ [SEMyT] Sesión existente detectada. Login omitido.
[15:24:21] ✅ LoginSEMyTPaso finalizado. (⏱ 2.4s)
[15:24:21] ✓ [LoginSEMyTPaso] Completado.
[15:24:21] ▶ [LoginSIGIPaso] Iniciando...
[15:24:21] ==================================================
[15:24:21] 🚀 PASO: LoginSIGIPaso
[15:24:21] ==================================================
[15:24:21] Abriendo sitio municipalidad (CiDi)...
[15:24:22] ✅ [SIGI] Sesión existente detectada. Login omitido.
[15:24:22] ✅ LoginSIGIPaso finalizado. (⏱ 0.5s)
[15:24:22] ✓ [LoginSIGIPaso] Completado.
[15:24:22] ▶ [DescargasParalelasPaso] Iniciando...
[15:24:22] ==================================================
[15:24:22] 🚀 PASO: DescargasParalelasPaso
[15:24:22] ==================================================
[15:24:22] 📤 Arrancando las 3 descargas en paralelo (mismo browser, páginas separadas)...
[15:24:22] Fecha Desde: 27/06/2024
[15:24:22] Fecha Hasta: 24/11/2025
[15:24:22] Fecha Desde: 25/11/2025
[15:24:22] Fecha Hasta: 01/08/2026
[15:24:22] Descargando Excel...
[15:24:22] Descargando Excel...
[15:24:32] Archivo descargado en: backend/descargas/cache_actas_cruce/MULTAS_SIGI_CRUCE.xlsx
[15:24:33] ⏱ [actas_sigi] completado en 11.1s
[15:24:40] Archivo descargado en: backend/descargas/cache_actas_cruce/MULTAS_SIGEMI_CRUCE.xlsx
[15:24:43] ⏱ [actas_sigemi] completado en 21.1s
[15:24:47] ✅ TXT de pagos descargado en: backend/descargas/pagos/2026-08-01/PAGOS DESCARGADOS.txt
[15:24:47] ⏱ [pagos_txt] completado en 25.4s
[15:24:47] ⏱ TOTAL descargas en paralelo: 25.4s
[15:24:47] ✅ DescargasParalelasPaso finalizado. (⏱ 25.6s)
[15:24:47] ✓ [DescargasParalelasPaso] Completado.
[15:24:47] ▶ [CompararActasPaso] Iniciando...
[15:24:47] ==================================================
[15:24:47] 🚀 PASO: CompararActasPaso
[15:24:47] ==================================================
[15:24:47] 🔍 Comparando actas del SEMyT contra pagos del SIGI...
[15:24:47] ================================================================================
[15:24:47] INICIANDO PROCESO DE GENERACIÓN DE PAGOS DESACTUALIZADOS
[15:24:47] ================================================================================
[15:24:47] 📂 Cargando archivos...
[15:24:47]   ✓ Pagos: 19724 registros
[15:24:51]   ✓ Excel SIGEMI (multas vencidas viejas): 102128 registros
[15:24:52]   ✓ Excel SIGI (multas vencidas nuevas): 40526 registros
[15:24:52] ================================================================================
[15:24:52] PASO 1: LLENANDO ACTA_NUMERO (búsqueda por patente + fecha, con desempate por hora)
[15:24:52] ================================================================================
[15:24:54] 📊 ESTADÍSTICAS DE LLENADO DE ACTAS:
[15:24:54]   • Pagos con acta ORIGINAL: 4687
[15:24:54]   • Pagos SIN acta (buscados): 15037
[15:24:54]   • Pagos LLENADOS exitosamente: 0
[15:24:54]   • Pagos NO encontrados en multas: 15037
[15:24:54]   • Pagos SIN RESOLVER por desbalance de cantidades: 0
[15:24:54] ================================================================================
[15:24:54] PASO 1: LLENANDO ACTA_NUMERO (búsqueda por patente + fecha, con desempate por hora)
[15:24:54] ================================================================================
[15:24:55] 📊 ESTADÍSTICAS DE LLENADO DE ACTAS:
[15:24:55]   • Pagos con acta ORIGINAL: 4687
[15:24:55]   • Pagos SIN acta (buscados): 15037
[15:24:55]   • Pagos LLENADOS exitosamente: 0
[15:24:55]   • Pagos NO encontrados en multas: 15037
[15:24:55]   • Pagos SIN RESOLVER por desbalance de cantidades: 0
[15:24:55] ⏱ PASO 1 (llenar actas): 3.6s
[15:24:55] ================================================================================
[15:24:55] PASO 2: FILTRANDO PAGOS CON ACTA_NUMERO COMPLETO
[15:24:55] ================================================================================
[15:24:55] 📊 ESTADÍSTICAS DE FILTRADO:
[15:24:55]   • Pagos TOTALES al inicio: 19724
[15:24:55]   • Pagos CON acta (MANTIENEN): 4687
[15:24:55]   • Pagos RECHAZADOS (sin coincidencias): 15037
[15:24:55] ⚠️  Se eliminaron 15037 registros sin número de acta
[15:24:55]      (recordá: esto incluye tanto pagos ya actualizados/pagados
[15:24:55]       como pagos que quedaron sin resolver por desbalance en el Paso 1)
[15:24:55] ================================================================================
[15:24:55] PASO 2-bis: CONFIRMANDO VIGENCIA DE PAGOS (sistema NUEVO contra MULTAS_SIGI_CRUCE, sistema VIEJO contra SIGEMI)
[15:24:55] ================================================================================
[15:24:56]   ⚠ 4676 pago(s) descartados: su acta ya no figura como vencida en MULTAS_SIGI_CRUCE (SEMyT ya los actualizó).
[15:24:56]   ⚠ 9 pago(s) descartados: su acta ya no figura como vencida en el Excel de SIGEMI (SEMyT ya los actualizó).
[15:24:56]   • Pagos descartados en total por ya estar actualizados/pagados: 4685
[15:24:56] ⏱ PASO 2 (filtrar): 0.4s
[15:24:56] 📂 Cargando maestro de causas SIGEMI...
[15:24:56]   ✓ Causas totales (maestro): 134069 registros
[15:24:56] ⏱ PASO 2.5 (causas simplificado): 0.0s
[15:24:56] ================================================================================
[15:24:56] PASO 2.5: ARMANDO causas.txt SIMPLIFICADO (cruce contra total_causas_sigemi.txt)
[15:24:56] ================================================================================
[15:24:56]   • Actas vencidas viejas (multas): 102128
[15:24:56]   • Causas totales en el maestro SIGEMI: 134069
[15:24:56]   • Causas que coinciden (simplificado): 101808
[15:24:56]   ✅ Archivo escrito: backend/descargas/causas/causas.txt
[15:24:56] ⏱ PASO 2.5 (causas simplificado): 0.4s
[15:24:56] ================================================================================
[15:24:56] PASO 3: LLENANDO CAUSA_NUMERO (según fecha de cambio de sistema, cruzando por acta + año)
[15:24:56] ================================================================================
[15:24:56] 📊 ESTADÍSTICAS DE LLENADO DE CAUSAS:
[15:24:56]   • Pagos con causa ORIGINAL: 2
[15:24:56]   • Causas encontradas en SIGEMI (actas viejas): 0
[15:24:56]   • Causas NO encontradas en SIGEMI: 0
[15:24:56]   • Causas asignadas automáticamente (actas nuevas): 0
[15:24:56] ⏱ PASO 3 (llenar causas): 0.0s
[15:24:56] ================================================================================
[15:24:56] PASO 4: ORDENANDO POR FECHA Y ACTA_NUMERO
[15:24:56] ================================================================================
[15:24:56] ✓ Pagos ordenados correctamente
[15:24:56]   • Primera entrada: Acta=261625, Fecha=03/02/2026
[15:24:56]   • Última entrada: Acta=314103, Fecha=14/05/2026
[15:24:56] 📝 Escribiendo archivo de salida...
[15:24:56]   ✅ Archivo escrito: backend/descargas/pagos/2026-08-01/PAGOS 20260801 152447.txt
[15:24:56]   ✅ Total registros: 378
[15:24:56] ⏱ PASO 4 (ordenar y escribir): 0.0s
[15:24:56] ================================================================================
[15:24:56] ✅ PROCESO COMPLETADO EXITOSAMENTE
[15:24:56] ================================================================================
[15:24:56] 📊 RESUMEN FINAL DEL PROCESAMIENTO:
[15:24:56]   ENTRADA:
[15:24:56]     • Pagos originales: 19724
[15:24:56]     • Multas SIGEMI cargadas: 102128
[15:24:56]     • Multas SIGI cargadas: 40526
[15:24:56]     • Causas simplificadas (usadas para el cruce): 101808
[15:24:56]   PROCESO:
[15:24:56]     • Pagos rechazados sigemi: 15037
[15:24:56]     • Pagos rechazados sigi: 4685
[15:24:56]   SALIDA:
[15:24:56]     • Pagos desactualizados procesados: 2
[15:24:56]     • Archivo final: backend/descargas/pagos/2026-08-01/PAGOS 20260801 152447.txt
[15:24:56]     • Ordenados por fecha: SÍ ✓
[15:24:56]     • Todos con ACTA_NUMERO: SÍ ✓
[15:24:56]     • Todos con CAUSA_NUMERO: SÍ ✓
[15:24:56] ✅ TXT de pagos (ya cruzado con actas y causas) generado en: backend/descargas/pagos/2026-08-01/PAGOS 20260801 152447.txt
[15:24:56] 🧹 TXT de pagos crudo eliminado (ya usado en el cruce): backend/descargas/pagos/2026-08-01/PAGOS DESCARGADOS.txt
[15:24:56] 🧹 Excel MULTAS_SIGEMI_CRUCE eliminado (ya usado en el cruce): backend/descargas/cache_actas_cruce/MULTAS_SIGEMI_CRUCE.xlsx
[15:24:56] 🧹 Excel MULTAS_SIGI_CRUCE eliminado (ya usado en el cruce): backend/descargas/cache_actas_cruce/MULTAS_SIGI_CRUCE.xlsx
[15:24:56] ✅ CompararActasPaso finalizado. (⏱ 8.8s)
[15:24:56] ✓ [CompararActasPaso] Completado.
[15:24:56] ▶ [CargarPagosPaso] Iniciando...
[15:24:56] ==================================================
[15:24:56] 🚀 PASO: CargarPagosPaso
[15:24:56] ==================================================
[15:24:56] 📤 Subiendo TXT de pagos al SEMyT...
[15:24:58] ✅ Importación de pagos completada con éxito.
[15:24:58] ✅ Archivo TXT de pagos cargado en el SEMyT correctamente.
[15:24:58] ✅ CargarPagosPaso finalizado. (⏱ 1.6s)
[15:24:58] ✓ [CargarPagosPaso] Completado.
[15:24:58] === Ejecución finalizada con éxito ===
