[12:21:14] === Inicio de ejecución: pagos ===
[12:21:15] ▶ [LoginSEMyTPaso] Iniciando...
[12:21:15] ==================================================
[12:21:15] 🚀 PASO: LoginSEMyTPaso
[12:21:15] ==================================================
[12:21:15] Abriendo SEMyT...
[12:21:17] ✅ [SEMyT] Sesión existente detectada. Login omitido.
[12:21:17] ✅ LoginSEMyTPaso finalizado. (⏱ 2.4s)
[12:21:17] ✓ [LoginSEMyTPaso] Completado.
[12:21:17] ▶ [LoginSIGIPaso] Iniciando...
[12:21:17] ==================================================
[12:21:17] 🚀 PASO: LoginSIGIPaso
[12:21:17] ==================================================
[12:21:17] Abriendo sitio municipalidad (CiDi)...
[12:21:17] ✅ [SIGI] Sesión existente detectada. Login omitido.
[12:21:18] ✅ LoginSIGIPaso finalizado. (⏱ 0.5s)
[12:21:18] ✓ [LoginSIGIPaso] Completado.
[12:21:18] ▶ [DescargasParalelasPaso] Iniciando...
[12:21:18] ==================================================
[12:21:18] 🚀 PASO: DescargasParalelasPaso
[12:21:18] ==================================================
[12:21:18] 📤 Arrancando las 3 descargas en paralelo (mismo browser, páginas separadas)...
[12:21:18] Fecha Desde: 27/06/2024
[12:21:18] Fecha Hasta: 24/11/2025
[12:21:18] Fecha Desde: 25/11/2025
[12:21:18] Fecha Hasta: 01/08/2026
[12:21:18] Descargando Excel...
[12:21:18] Descargando Excel...
[12:21:27] Archivo descargado en: backend/descargas/cache_actas_cruce/MULTAS_SIGI_CRUCE.xlsx
[12:21:29] ⏱ [actas_sigi] completado en 10.7s
[12:21:36] Archivo descargado en: backend/descargas/cache_actas_cruce/MULTAS_SIGEMI_CRUCE.xlsx
[12:21:39] ⏱ [actas_sigemi] completado en 20.9s
[12:21:46] ✅ TXT de pagos descargado en: backend/descargas/pagos/2026-08-01/PAGOS DESCARGADOS.txt
[12:21:46] ⏱ [pagos_txt] completado en 28.1s
[12:21:46] ⏱ TOTAL descargas en paralelo: 28.1s
[12:21:46] ✅ DescargasParalelasPaso finalizado. (⏱ 28.3s)
[12:21:46] ✓ [DescargasParalelasPaso] Completado.
[12:21:46] ▶ [CompararActasPaso] Iniciando...
[12:21:46] ==================================================
[12:21:46] 🚀 PASO: CompararActasPaso
[12:21:46] ==================================================
[12:21:46] 🔍 Comparando actas del SEMyT contra pagos del SIGI...
[12:21:46] ================================================================================
[12:21:46] INICIANDO PROCESO DE GENERACIÓN DE PAGOS DESACTUALIZADOS
[12:21:46] ================================================================================
[12:21:46] 📂 Cargando archivos...
[12:21:46]   ✓ Pagos: 19721 registros
[12:21:49]   ✓ Excel SIGEMI (multas vencidas viejas): 102130 registros
[12:21:50]   ✓ Excel SIGI (multas vencidas nuevas): 40526 registros
[12:21:51] ================================================================================
[12:21:51] PASO 1: LLENANDO ACTA_NUMERO (búsqueda por patente + fecha, con desempate por hora)
[12:21:51] ================================================================================
[12:21:52] 📊 ESTADÍSTICAS DE LLENADO DE ACTAS:
[12:21:52]   • Pagos con acta ORIGINAL: 4685
[12:21:52]   • Pagos SIN acta (buscados): 15036
[12:21:52]   • Pagos LLENADOS exitosamente: 1
[12:21:52]   • Pagos NO encontrados en multas: 15035
[12:21:52]   • Pagos SIN RESOLVER por desbalance de cantidades: 0
[12:21:53] ================================================================================
[12:21:53] PASO 1: LLENANDO ACTA_NUMERO (búsqueda por patente + fecha, con desempate por hora)
[12:21:53] ================================================================================
[12:21:54] 📊 ESTADÍSTICAS DE LLENADO DE ACTAS:
[12:21:54]   • Pagos con acta ORIGINAL: 4686
[12:21:54]   • Pagos SIN acta (buscados): 15035
[12:21:54]   • Pagos LLENADOS exitosamente: 0
[12:21:54]   • Pagos NO encontrados en multas: 15035
[12:21:54]   • Pagos SIN RESOLVER por desbalance de cantidades: 0
[12:21:54] ⏱ PASO 1 (llenar actas): 3.6s
[12:21:54] ================================================================================
[12:21:54] PASO 2: FILTRANDO PAGOS CON ACTA_NUMERO COMPLETO
[12:21:54] ================================================================================
[12:21:54] 📊 ESTADÍSTICAS DE FILTRADO:
[12:21:54]   • Pagos TOTALES al inicio: 19721
[12:21:54]   • Pagos CON acta (MANTIENEN): 4686
[12:21:54]   • Pagos RECHAZADOS (sin coincidencias): 15035
[12:21:54] ⚠️  Se eliminaron 15035 registros sin número de acta
[12:21:54]      (recordá: esto incluye tanto pagos ya actualizados/pagados
[12:21:54]       como pagos que quedaron sin resolver por desbalance en el Paso 1)
[12:21:54] ================================================================================
[12:21:54] PASO 2-bis: CONFIRMANDO VIGENCIA DE PAGOS (sistema NUEVO contra MULTAS_SIGI_CRUCE, sistema VIEJO contra SIGEMI)
[12:21:54] ================================================================================
[12:21:54]   ⚠ 4676 pago(s) descartados: su acta ya no figura como vencida en MULTAS_SIGI_CRUCE (SEMyT ya los actualizó).
[12:21:54]   ⚠ 9 pago(s) descartados: su acta ya no figura como vencida en el Excel de SIGEMI (SEMyT ya los actualizó).
[12:21:54]   • Pagos descartados en total por ya estar actualizados/pagados: 4685
[12:21:54] ⏱ PASO 2 (filtrar): 0.4s
[12:21:54] 📂 Cargando maestro de causas SIGEMI...
[12:21:54]   ✓ Causas totales (maestro): 134069 registros
[12:21:54] ⏱ PASO 2.5 (causas simplificado): 0.0s
[12:21:54] ================================================================================
[12:21:54] PASO 2.5: ARMANDO causas.txt SIMPLIFICADO (cruce contra total_causas_sigemi.txt)
[12:21:54] ================================================================================
[12:21:55]   • Actas vencidas viejas (multas): 102130
[12:21:55]   • Causas totales en el maestro SIGEMI: 134069
[12:21:55]   • Causas que coinciden (simplificado): 101810
[12:21:55]   ✅ Archivo escrito: backend/descargas/causas/causas.txt
[12:21:55] ⏱ PASO 2.5 (causas simplificado): 0.4s
[12:21:55] ================================================================================
[12:21:55] PASO 3: LLENANDO CAUSA_NUMERO (según fecha de cambio de sistema, cruzando por acta + año)
[12:21:55] ================================================================================
[12:21:55] 📊 ESTADÍSTICAS DE LLENADO DE CAUSAS:
[12:21:55]   • Pagos con causa ORIGINAL: 0
[12:21:55]   • Causas encontradas en SIGEMI (actas viejas): 1
[12:21:55]   • Causas NO encontradas en SIGEMI: 0
[12:21:55]   • Causas asignadas automáticamente (actas nuevas): 0
[12:21:55] ⏱ PASO 3 (llenar causas): 0.0s
[12:21:55] ================================================================================
[12:21:55] PASO 4: ORDENANDO POR FECHA Y ACTA_NUMERO
[12:21:55] ================================================================================
[12:21:55] ✓ Pagos ordenados correctamente
[12:21:55]   • Primera entrada: Acta=57581, Fecha=08/10/2024
[12:21:55]   • Última entrada: Acta=57581, Fecha=08/10/2024
[12:21:55] 📝 Escribiendo archivo de salida...
[12:21:55]   ✅ Archivo escrito: backend/descargas/pagos/2026-08-01/PAGOS 20260801 122146.txt
[12:21:55]   ✅ Total registros: 263
[12:21:55] ⏱ PASO 4 (ordenar y escribir): 0.0s
[12:21:55] ================================================================================
[12:21:55] ✅ PROCESO COMPLETADO EXITOSAMENTE
[12:21:55] ================================================================================
[12:21:55] 📊 RESUMEN FINAL DEL PROCESAMIENTO:
[12:21:55]   ENTRADA:
[12:21:55]     • Pagos originales: 19721
[12:21:55]     • Multas SIGEMI cargadas: 102130
[12:21:55]     • Multas SIGI cargadas: 40526
[12:21:55]     • Causas simplificadas (usadas para el cruce): 101810
[12:21:55]   PROCESO:
[12:21:55]     • Pagos rechazados sigemi: 15035
[12:21:55]     • Pagos rechazados sigi: 4685
[12:21:55]   SALIDA:
[12:21:55]     • Pagos desactualizados procesados: 1
[12:21:55]     • Archivo final: backend/descargas/pagos/2026-08-01/PAGOS 20260801 122146.txt
[12:21:55]     • Ordenados por fecha: SÍ ✓
[12:21:55]     • Todos con ACTA_NUMERO: SÍ ✓
[12:21:55]     • Todos con CAUSA_NUMERO: SÍ ✓
[12:21:55] ✅ TXT de pagos (ya cruzado con actas y causas) generado en: backend/descargas/pagos/2026-08-01/PAGOS 20260801 122146.txt
[12:21:55] 🧹 TXT de pagos crudo eliminado (ya usado en el cruce): backend/descargas/pagos/2026-08-01/PAGOS DESCARGADOS.txt
[12:21:55] 🧹 Excel MULTAS_SIGEMI_CRUCE eliminado (ya usado en el cruce): backend/descargas/cache_actas_cruce/MULTAS_SIGEMI_CRUCE.xlsx
[12:21:55] 🧹 Excel MULTAS_SIGI_CRUCE eliminado (ya usado en el cruce): backend/descargas/cache_actas_cruce/MULTAS_SIGI_CRUCE.xlsx
[12:21:55] ✅ CompararActasPaso finalizado. (⏱ 9.0s)
[12:21:55] ✓ [CompararActasPaso] Completado.
[12:21:55] ▶ [CargarPagosPaso] Iniciando...
[12:21:55] ==================================================
[12:21:55] 🚀 PASO: CargarPagosPaso
[12:21:55] ==================================================
[12:21:55] 📤 Subiendo TXT de pagos al SEMyT...
[12:21:56] ✅ Importación de pagos completada con éxito.
[12:21:57] ✅ Archivo TXT de pagos cargado en el SEMyT correctamente.
[12:21:57] ✅ CargarPagosPaso finalizado. (⏱ 2.0s)
[12:21:57] ✓ [CargarPagosPaso] Completado.
[12:21:57] === Ejecución finalizada con éxito ===
