[20:18:56] === Inicio de ejecución: pagos ===
[20:18:57] ▶ [LoginSEMyTPaso] Iniciando...
[20:18:57] ==================================================
[20:18:57] 🚀 PASO: LoginSEMyTPaso
[20:18:57] ==================================================
[20:18:57] Abriendo SEMyT...
[20:18:59] ✅ [SEMyT] Sesión existente detectada. Login omitido.
[20:18:59] ✅ LoginSEMyTPaso finalizado. (⏱ 2.4s)
[20:18:59] ✓ [LoginSEMyTPaso] Completado.
[20:18:59] ▶ [LoginSIGIPaso] Iniciando...
[20:18:59] ==================================================
[20:18:59] 🚀 PASO: LoginSIGIPaso
[20:18:59] ==================================================
[20:18:59] Abriendo sitio municipalidad (CiDi)...
[20:18:59] ✅ [SIGI] Sesión existente detectada. Login omitido.
[20:19:00] ✅ LoginSIGIPaso finalizado. (⏱ 0.5s)
[20:19:00] ✓ [LoginSIGIPaso] Completado.
[20:19:00] ▶ [DescargasParalelasPaso] Iniciando...
[20:19:00] ==================================================
[20:19:00] 🚀 PASO: DescargasParalelasPaso
[20:19:00] ==================================================
[20:19:00] 📤 Arrancando las 3 descargas en paralelo (mismo browser, páginas separadas)...
[20:19:00] Fecha Desde: 27/06/2024
[20:19:00] Fecha Hasta: 24/11/2025
[20:19:00] Fecha Desde: 25/11/2025
[20:19:00] Fecha Hasta: 01/08/2026
[20:19:00] Descargando Excel...
[20:19:00] Descargando Excel...
[20:19:10] Archivo descargado en: backend/descargas/cache_actas_cruce/MULTAS_SIGI_CRUCE.xlsx
[20:19:11] ⏱ [actas_sigi] completado en 11.2s
[20:19:18] Archivo descargado en: backend/descargas/cache_actas_cruce/MULTAS_SIGEMI_CRUCE.xlsx
[20:19:21] ⏱ [actas_sigemi] completado en 21.2s
[20:19:51] ✅ TXT de pagos descargado en: backend/descargas/pagos/2026-08-01/PAGOS DESCARGADOS.txt
[20:19:51] ⏱ [pagos_txt] completado en 51.1s
[20:19:51] ⏱ TOTAL descargas en paralelo: 51.1s
[20:19:51] ✅ DescargasParalelasPaso finalizado. (⏱ 51.4s)
[20:19:51] ✓ [DescargasParalelasPaso] Completado.
[20:19:51] ▶ [CompararActasPaso] Iniciando...
[20:19:51] ==================================================
[20:19:51] 🚀 PASO: CompararActasPaso
[20:19:51] ==================================================
[20:19:51] 🔍 Comparando actas del SEMyT contra pagos del SIGI...
[20:19:51] ================================================================================
[20:19:51] INICIANDO PROCESO DE GENERACIÓN DE PAGOS DESACTUALIZADOS
[20:19:51] ================================================================================
[20:19:51] 📂 Cargando archivos...
[20:19:51]   ✓ Pagos: 19729 registros
[20:19:54]   ✓ Excel SIGEMI (multas vencidas viejas): 102127 registros
[20:19:55]   ✓ Excel SIGI (multas vencidas nuevas): 40522 registros
[20:19:56] ================================================================================
[20:19:56] PASO 1: LLENANDO ACTA_NUMERO (búsqueda por patente + fecha, con desempate por hora)
[20:19:56] ================================================================================
[20:19:57] 📊 ESTADÍSTICAS DE LLENADO DE ACTAS:
[20:19:57]   • Pagos con acta ORIGINAL: 4690
[20:19:57]   • Pagos SIN acta (buscados): 15039
[20:19:57]   • Pagos LLENADOS exitosamente: 1
[20:19:57]   • Pagos NO encontrados en multas: 15038
[20:19:57]   • Pagos SIN RESOLVER por desbalance de cantidades: 0
[20:19:58] ================================================================================
[20:19:58] PASO 1: LLENANDO ACTA_NUMERO (búsqueda por patente + fecha, con desempate por hora)
[20:19:58] ================================================================================
[20:19:59] 📊 ESTADÍSTICAS DE LLENADO DE ACTAS:
[20:19:59]   • Pagos con acta ORIGINAL: 4691
[20:19:59]   • Pagos SIN acta (buscados): 15038
[20:19:59]   • Pagos LLENADOS exitosamente: 0
[20:19:59]   • Pagos NO encontrados en multas: 15038
[20:19:59]   • Pagos SIN RESOLVER por desbalance de cantidades: 0
[20:19:59] ⏱ PASO 1 (llenar actas): 3.6s
[20:19:59] ================================================================================
[20:19:59] PASO 2: FILTRANDO PAGOS CON ACTA_NUMERO COMPLETO
[20:19:59] ================================================================================
[20:19:59] 📊 ESTADÍSTICAS DE FILTRADO:
[20:19:59]   • Pagos TOTALES al inicio: 19729
[20:19:59]   • Pagos CON acta (MANTIENEN): 4691
[20:19:59]   • Pagos RECHAZADOS (sin coincidencias): 15038
[20:19:59] ⚠️  Se eliminaron 15038 registros sin número de acta
[20:19:59]      (recordá: esto incluye tanto pagos ya actualizados/pagados
[20:19:59]       como pagos que quedaron sin resolver por desbalance en el Paso 1)
[20:19:59] ================================================================================
[20:19:59] PASO 2-bis: CONFIRMANDO VIGENCIA DE PAGOS (sistema NUEVO contra MULTAS_SIGI_CRUCE, sistema VIEJO contra SIGEMI)
[20:19:59] ================================================================================
[20:19:59]   ⚠ 4680 pago(s) descartados: su acta ya no figura como vencida en MULTAS_SIGI_CRUCE (SEMyT ya los actualizó).
[20:19:59]   ⚠ 9 pago(s) descartados: su acta ya no figura como vencida en el Excel de SIGEMI (SEMyT ya los actualizó).
[20:19:59]   • Pagos descartados en total por ya estar actualizados/pagados: 4689
[20:19:59] ⏱ PASO 2 (filtrar): 0.4s
[20:19:59] 📂 Cargando maestro de causas SIGEMI...
[20:20:00]   ✓ Causas totales (maestro): 134069 registros
[20:20:00] ⏱ PASO 2.5 (causas simplificado): 0.0s
[20:20:00] ================================================================================
[20:20:00] PASO 2.5: ARMANDO causas.txt SIMPLIFICADO (cruce contra total_causas_sigemi.txt)
[20:20:00] ================================================================================
[20:20:00]   • Actas vencidas viejas (multas): 102127
[20:20:00]   • Causas totales en el maestro SIGEMI: 134069
[20:20:00]   • Causas que coinciden (simplificado): 101807
[20:20:00]   ✅ Archivo escrito: backend/descargas/causas/causas.txt
[20:20:00] ⏱ PASO 2.5 (causas simplificado): 0.4s
[20:20:00] ================================================================================
[20:20:00] PASO 3: LLENANDO CAUSA_NUMERO (según fecha de cambio de sistema, cruzando por acta + año)
[20:20:00] ================================================================================
[20:20:00] 📊 ESTADÍSTICAS DE LLENADO DE CAUSAS:
[20:20:00]   • Pagos con causa ORIGINAL: 1
[20:20:00]   • Causas encontradas en SIGEMI (actas viejas): 1
[20:20:00]   • Causas NO encontradas en SIGEMI: 0
[20:20:00]   • Causas asignadas automáticamente (actas nuevas): 0
[20:20:00] ⏱ PASO 3 (llenar causas): 0.0s
[20:20:00] ================================================================================
[20:20:00] PASO 4: ORDENANDO POR FECHA Y ACTA_NUMERO
[20:20:00] ================================================================================
[20:20:00] ✓ Pagos ordenados correctamente
[20:20:00]   • Primera entrada: Acta=233225, Fecha=13/11/2025
[20:20:00]   • Última entrada: Acta=259000, Fecha=23/01/2026
[20:20:00] 📝 Escribiendo archivo de salida...
[20:20:00]   ✅ Archivo escrito: backend/descargas/pagos/2026-08-01/PAGOS 20260801 201951.txt
[20:20:00]   ✅ Total registros: 363
[20:20:00] ⏱ PASO 4 (ordenar y escribir): 0.0s
[20:20:00] ================================================================================
[20:20:00] ✅ PROCESO COMPLETADO EXITOSAMENTE
[20:20:00] ================================================================================
[20:20:00] 📊 RESUMEN FINAL DEL PROCESAMIENTO:
[20:20:00]   ENTRADA:
[20:20:00]     • Pagos originales: 19729
[20:20:00]     • Multas SIGEMI cargadas: 102127
[20:20:00]     • Multas SIGI cargadas: 40522
[20:20:00]     • Causas simplificadas (usadas para el cruce): 101807
[20:20:00]   PROCESO:
[20:20:00]     • Pagos rechazados sigemi: 15038
[20:20:00]     • Pagos rechazados sigi: 4689
[20:20:00]   SALIDA:
[20:20:00]     • Pagos desactualizados procesados: 2
[20:20:00]     • Archivo final: backend/descargas/pagos/2026-08-01/PAGOS 20260801 201951.txt
[20:20:00]     • Ordenados por fecha: SÍ ✓
[20:20:00]     • Todos con ACTA_NUMERO: SÍ ✓
[20:20:00]     • Todos con CAUSA_NUMERO: SÍ ✓
[20:20:00] ✅ TXT de pagos (ya cruzado con actas y causas) generado en: backend/descargas/pagos/2026-08-01/PAGOS 20260801 201951.txt
[20:20:00] 🧹 TXT de pagos crudo eliminado (ya usado en el cruce): backend/descargas/pagos/2026-08-01/PAGOS DESCARGADOS.txt
[20:20:00] 🧹 Excel MULTAS_SIGEMI_CRUCE eliminado (ya usado en el cruce): backend/descargas/cache_actas_cruce/MULTAS_SIGEMI_CRUCE.xlsx
[20:20:00] 🧹 Excel MULTAS_SIGI_CRUCE eliminado (ya usado en el cruce): backend/descargas/cache_actas_cruce/MULTAS_SIGI_CRUCE.xlsx
[20:20:00] ✅ CompararActasPaso finalizado. (⏱ 9.0s)
[20:20:00] ✓ [CompararActasPaso] Completado.
[20:20:00] ▶ [CargarPagosPaso] Iniciando...
[20:20:00] ==================================================
[20:20:00] 🚀 PASO: CargarPagosPaso
[20:20:00] ==================================================
[20:20:00] 📤 Subiendo TXT de pagos al SEMyT...
[20:20:02] ✅ Importación de pagos completada con éxito.
[20:20:02] ✅ Archivo TXT de pagos cargado en el SEMyT correctamente.
[20:20:02] ✅ CargarPagosPaso finalizado. (⏱ 2.0s)
[20:20:02] ✓ [CargarPagosPaso] Completado.
[20:20:02] === Ejecución finalizada con éxito ===
