[16:04:28] === Inicio de ejecución: pagos ===
[16:04:29] ==================================================
[16:04:29] 🚀 PASO: LoginSEMyTPaso
[16:04:29] ==================================================
[16:04:29] Abriendo SEMyT...
[16:04:32] ✅ [SEMyT] Sesión existente detectada. Login omitido.
[16:04:32] ✅ LoginSEMyTPaso finalizado. (⏱ 2.7s)
[16:04:32] ==================================================
[16:04:32] 🚀 PASO: LoginSIGIPaso
[16:04:32] ==================================================
[16:04:32] Abriendo sitio municipalidad (CiDi)...
[16:04:32] ✅ [SIGI] Sesión existente detectada. Login omitido.
[16:04:32] ✅ LoginSIGIPaso finalizado. (⏱ 0.5s)
[16:04:32] ==================================================
[16:04:32] 🚀 PASO: DescargasParalelasPaso
[16:04:32] ==================================================
[16:04:33] 📤 Arrancando las 3 descargas en paralelo (mismo browser, páginas separadas)...
[16:04:33] Fecha Desde: 27/06/2024
[16:04:33] Fecha Hasta: 24/11/2025
[16:04:33] Fecha Desde: 25/11/2025
[16:04:33] Fecha Hasta: 09/08/2026
[16:04:33] Descargando Excel...
[16:04:33] Descargando Excel...
[16:04:43] Archivo descargado en: datos/descargas/cache_actas_cruce/MULTAS_SIGI_CRUCE.xlsx
[16:04:45] ⏱ [actas_sigi] completado en 12.3s
[16:04:52] Archivo descargado en: datos/descargas/cache_actas_cruce/MULTAS_SIGEMI_CRUCE.xlsx
[16:04:57] ⏱ [actas_sigemi] completado en 24.0s
[16:05:26] ✅ TXT de pagos descargado en: datos/descargas/pagos/2026-08-09/ALL PAGOS DESCARGADOS.txt
[16:05:26] ⏱ [pagos_txt] completado en 53.6s
[16:05:26] ⏱ TOTAL descargas en paralelo: 53.6s
[16:05:26] ✅ DescargasParalelasPaso finalizado. (⏱ 53.9s)
[16:05:26] ==================================================
[16:05:26] 🚀 PASO: CompararActasPaso
[16:05:26] ==================================================
[16:05:26] 🔍 Comparando actas del SEMyT contra pagos del SIGI...
[16:05:26] ================================================================================
[16:05:26] INICIANDO PROCESO DE GENERACIÓN DE PAGOS DESACTUALIZADOS
[16:05:26] ================================================================================
[16:05:26] 📂 Cargando archivos...
[16:05:26]   ✓ Pagos: 20835 registros
[16:05:30]   ✓ Excel SIGEMI (multas vencidas viejas): 101424 registros
[16:05:31]   ✓ Excel SIGI (multas vencidas nuevas): 42186 registros
[16:05:32] ================================================================================
[16:05:32] PASO 1: LLENANDO ACTA_NUMERO (búsqueda por patente + fecha, con desempate por hora)
[16:05:32] ================================================================================
[16:05:33] 📊 ESTADÍSTICAS DE LLENADO DE ACTAS:
[16:05:33]   • Pagos con acta ORIGINAL: 5340
[16:05:33]   • Pagos SIN acta (buscados): 15495
[16:05:33]   • Pagos LLENADOS exitosamente: 1
[16:05:33]   • Pagos NO encontrados en multas: 15494
[16:05:33]   • Pagos SIN RESOLVER por desbalance de cantidades: 0
[16:05:34] ================================================================================
[16:05:34] PASO 1: LLENANDO ACTA_NUMERO (búsqueda por patente + fecha, con desempate por hora)
[16:05:34] ================================================================================
[16:05:36] 📊 ESTADÍSTICAS DE LLENADO DE ACTAS:
[16:05:36]   • Pagos con acta ORIGINAL: 5341
[16:05:36]   • Pagos SIN acta (buscados): 15494
[16:05:36]   • Pagos LLENADOS exitosamente: 0
[16:05:36]   • Pagos NO encontrados en multas: 15494
[16:05:36]   • Pagos SIN RESOLVER por desbalance de cantidades: 0
[16:05:36] ⏱ PASO 1 (llenar actas): 4.5s
[16:05:36] ================================================================================
[16:05:36] PASO 2: FILTRANDO PAGOS CON ACTA_NUMERO COMPLETO
[16:05:36] ================================================================================
[16:05:36] 📊 ESTADÍSTICAS DE FILTRADO:
[16:05:36]   • Pagos TOTALES al inicio: 20835
[16:05:36]   • Pagos CON acta (MANTIENEN): 5341
[16:05:36]   • Pagos RECHAZADOS (sin coincidencias): 15494
[16:05:36] ⚠️  Se eliminaron 15494 registros sin número de acta
[16:05:36]      (recordá: esto incluye tanto pagos ya actualizados/pagados
[16:05:36]       como pagos que quedaron sin resolver por desbalance en el Paso 1)
[16:05:36] ================================================================================
[16:05:36] PASO 2-bis: CONFIRMANDO VIGENCIA DE PAGOS (sistema NUEVO contra MULTAS_SIGI_CRUCE, sistema VIEJO contra SIGEMI)
[16:05:36] ================================================================================
[16:05:36]   ⚠ 5326 pago(s) descartados: su acta ya no figura como vencida en MULTAS_SIGI_CRUCE (SEMyT ya los actualizó).
[16:05:36]   ⚠ 14 pago(s) descartados: su acta ya no figura como vencida en el Excel de SIGEMI (SEMyT ya los actualizó).
[16:05:36]   • Pagos descartados en total por ya estar actualizados/pagados: 5340
[16:05:36] ⏱ PASO 2 (filtrar): 0.5s
[16:05:36] 📂 Cargando maestro de causas SIGEMI...
[16:05:36]   ✓ Causas totales (maestro): 134069 registros
[16:05:36] ================================================================================
[16:05:36] PASO 2.5: ARMANDO causas.txt SIMPLIFICADO (cruce contra total_causas_sigemi.txt)
[16:05:36] ================================================================================
[16:05:37]   • Actas vencidas viejas (multas): 101424
[16:05:37]   • Causas totales en el maestro SIGEMI: 134069
[16:05:37]   • Causas que coinciden (simplificado): 101110
[16:05:37]   ✅ Archivo escrito: datos/descargas/causas/causas.txt
[16:05:37] ⏱ PASO 2.5 (causas simplificado): 0.5s
[16:05:37] ================================================================================
[16:05:37] PASO 3: LLENANDO CAUSA_NUMERO (según fecha de cambio de sistema, cruzando por acta + año)
[16:05:37] ================================================================================
[16:05:37] 📊 ESTADÍSTICAS DE LLENADO DE CAUSAS:
[16:05:37]   • Pagos con causa ORIGINAL: 0
[16:05:37]   • Causas encontradas en SIGEMI (actas viejas): 1
[16:05:37]   • Causas NO encontradas en SIGEMI: 0
[16:05:37]   • Causas asignadas automáticamente (actas nuevas): 0
[16:05:37] ⏱ PASO 3 (llenar causas): 0.0s
[16:05:37] ================================================================================
[16:05:37] PASO 4: ORDENANDO POR FECHA Y ACTA_NUMERO
[16:05:37] ================================================================================
[16:05:37] ✓ Pagos ordenados correctamente
[16:05:37]   • Primera entrada: Acta=57196, Fecha=05/10/2024
[16:05:37]   • Última entrada: Acta=57196, Fecha=05/10/2024
[16:05:37] 📝 Escribiendo archivo de salida...
[16:05:37]   ✅ Archivo escrito: datos/descargas/pagos/2026-08-09/PAGOS 20260809 160526.txt
[16:05:37]   ✅ Total registros: 254
[16:05:37] ⏱ PASO 4 (ordenar y escribir): 0.0s
[16:05:37] ================================================================================
[16:05:37] ✅ PROCESO COMPLETADO EXITOSAMENTE
[16:05:37] ================================================================================
[16:05:37] 📊 RESUMEN FINAL DEL PROCESAMIENTO:
[16:05:37]   ENTRADA:
[16:05:37]     • Pagos originales: 20835
[16:05:37]     • Multas SIGEMI cargadas: 101424
[16:05:37]     • Multas SIGI cargadas: 42186
[16:05:37]     • Causas simplificadas (usadas para el cruce): 101110
[16:05:37]   PROCESO:
[16:05:37]     • Pagos rechazados sigemi: 15494
[16:05:37]     • Pagos rechazados sigi: 5340
[16:05:37]   SALIDA:
[16:05:37]     • Pagos desactualizados procesados: 1
[16:05:37]     • Archivo final: datos/descargas/pagos/2026-08-09/PAGOS 20260809 160526.txt
[16:05:37]     • Ordenados por fecha: SÍ ✓
[16:05:37]     • Todos con ACTA_NUMERO: SÍ ✓
[16:05:37]     • Todos con CAUSA_NUMERO: SÍ ✓
[16:05:37] ✅ TXT de pagos (ya cruzado con actas y causas) generado en: datos/descargas/pagos/2026-08-09/PAGOS 20260809 160526.txt
[16:05:37] 🧹 TXT de pagos crudo eliminado (ya usado en el cruce): datos/descargas/pagos/2026-08-09/ALL PAGOS DESCARGADOS.txt
[16:05:37] 🧹 Excel MULTAS_SIGEMI_CRUCE eliminado (ya usado en el cruce): datos/descargas/cache_actas_cruce/MULTAS_SIGEMI_CRUCE.xlsx
[16:05:37] 🧹 Excel MULTAS_SIGI_CRUCE eliminado (ya usado en el cruce): datos/descargas/cache_actas_cruce/MULTAS_SIGI_CRUCE.xlsx
[16:05:37] ✅ CompararActasPaso finalizado. (⏱ 10.6s)
[16:05:37] ==================================================
[16:05:37] 🚀 PASO: CargarPagosPaso
[16:05:37] ==================================================
[16:05:37] 📤 Subiendo TXT de pagos al SEMyT...
[16:05:38] ✅ Importación de pagos completada con éxito.
[16:05:38] ✅ Archivo TXT de pagos cargado en el SEMyT correctamente.
[16:05:38] ✅ CargarPagosPaso finalizado. (⏱ 1.5s)
[16:05:38] === Ejecución finalizada con éxito ===
