[18:40:32] === Inicio de ejecución: pagos ===
[18:40:32] ==================================================
[18:40:32] 🚀 PASO: LoginSEMyTPaso
[18:40:32] ==================================================
[18:40:33] Abriendo SEMyT...
[18:40:35] ✅ [SEMyT] Sesión existente detectada. Login omitido.
[18:40:36] ✅ LoginSEMyTPaso finalizado. (⏱ 3.1s)
[18:40:36] ==================================================
[18:40:36] 🚀 PASO: LoginSIGIPaso
[18:40:36] ==================================================
[18:40:36] Abriendo sitio municipalidad (CiDi)...
[18:40:36] ✅ [SIGI] Sesión existente detectada. Login omitido.
[18:40:36] ✅ LoginSIGIPaso finalizado. (⏱ 0.5s)
[18:40:36] ==================================================
[18:40:36] 🚀 PASO: DescargasParalelasPaso
[18:40:36] ==================================================
[18:40:36] 📤 Arrancando las 3 descargas en paralelo (mismo browser, páginas separadas)...
[18:40:36] Fecha Desde: 27/06/2024
[18:40:36] Fecha Hasta: 24/11/2025
[18:40:36] Fecha Desde: 25/11/2025
[18:40:36] Fecha Hasta: 09/08/2026
[18:40:36] Descargando Excel...
[18:40:36] Descargando Excel...
[18:40:47] Archivo descargado en: datos/descargas/cache_actas_cruce/MULTAS_SIGI_CRUCE.xlsx
[18:40:48] ⏱ [actas_sigi] completado en 12.1s
[18:40:55] Archivo descargado en: datos/descargas/cache_actas_cruce/MULTAS_SIGEMI_CRUCE.xlsx
[18:40:58] ⏱ [actas_sigemi] completado en 21.8s
[18:41:10] ✅ TXT de pagos descargado en: datos/descargas/pagos/2026-08-09/ALL PAGOS DESCARGADOS.txt
[18:41:10] ⏱ [pagos_txt] completado en 33.5s
[18:41:10] ⏱ TOTAL descargas en paralelo: 33.5s
[18:41:10] ✅ DescargasParalelasPaso finalizado. (⏱ 33.8s)
[18:41:10] ==================================================
[18:41:10] 🚀 PASO: CompararActasPaso
[18:41:10] ==================================================
[18:41:10] 🔍 Comparando actas del SEMyT contra pagos del SIGI...
[18:41:10] ================================================================================
[18:41:10] INICIANDO PROCESO DE GENERACIÓN DE PAGOS DESACTUALIZADOS
[18:41:10] ================================================================================
[18:41:10] 📂 Cargando archivos...
[18:41:10]   ✓ Pagos: 20839 registros
[18:41:13]   ✓ Excel SIGEMI (multas vencidas viejas): 101420 registros
[18:41:15]   ✓ Excel SIGI (multas vencidas nuevas): 42186 registros
[18:41:15] ================================================================================
[18:41:15] PASO 1: LLENANDO ACTA_NUMERO (búsqueda por patente + fecha, con desempate por hora)
[18:41:15] ================================================================================
[18:41:17] 📊 ESTADÍSTICAS DE LLENADO DE ACTAS:
[18:41:17]   • Pagos con acta ORIGINAL: 5340
[18:41:17]   • Pagos SIN acta (buscados): 15499
[18:41:17]   • Pagos LLENADOS exitosamente: 1
[18:41:17]   • Pagos NO encontrados en multas: 15498
[18:41:17]   • Pagos SIN RESOLVER por desbalance de cantidades: 0
[18:41:17] ================================================================================
[18:41:17] PASO 1: LLENANDO ACTA_NUMERO (búsqueda por patente + fecha, con desempate por hora)
[18:41:17] ================================================================================
[18:41:18] 📊 ESTADÍSTICAS DE LLENADO DE ACTAS:
[18:41:18]   • Pagos con acta ORIGINAL: 5341
[18:41:18]   • Pagos SIN acta (buscados): 15498
[18:41:18]   • Pagos LLENADOS exitosamente: 0
[18:41:18]   • Pagos NO encontrados en multas: 15498
[18:41:18]   • Pagos SIN RESOLVER por desbalance de cantidades: 0
[18:41:18] ⏱ PASO 1 (llenar actas): 3.9s
[18:41:18] ================================================================================
[18:41:18] PASO 2: FILTRANDO PAGOS CON ACTA_NUMERO COMPLETO
[18:41:18] ================================================================================
[18:41:18] 📊 ESTADÍSTICAS DE FILTRADO:
[18:41:18]   • Pagos TOTALES al inicio: 20839
[18:41:18]   • Pagos CON acta (MANTIENEN): 5341
[18:41:18]   • Pagos RECHAZADOS (sin coincidencias): 15498
[18:41:18] ⚠️  Se eliminaron 15498 registros sin número de acta
[18:41:18]      (recordá: esto incluye tanto pagos ya actualizados/pagados
[18:41:18]       como pagos que quedaron sin resolver por desbalance en el Paso 1)
[18:41:18] ================================================================================
[18:41:18] PASO 2-bis: CONFIRMANDO VIGENCIA DE PAGOS (sistema NUEVO contra MULTAS_SIGI_CRUCE, sistema VIEJO contra SIGEMI)
[18:41:18] ================================================================================
[18:41:19]   ⚠ 5326 pago(s) descartados: su acta ya no figura como vencida en MULTAS_SIGI_CRUCE (SEMyT ya los actualizó).
[18:41:19]   ⚠ 14 pago(s) descartados: su acta ya no figura como vencida en el Excel de SIGEMI (SEMyT ya los actualizó).
[18:41:19]   • Pagos descartados en total por ya estar actualizados/pagados: 5340
[18:41:19] ⏱ PASO 2 (filtrar): 0.5s
[18:41:19] 📂 Cargando maestro de causas SIGEMI...
[18:41:19]   ✓ Causas totales (maestro): 134069 registros
[18:41:19] ================================================================================
[18:41:19] PASO 2.5: ARMANDO causas.txt SIMPLIFICADO (cruce contra total_causas_sigemi.txt)
[18:41:19] ================================================================================
[18:41:19]   • Actas vencidas viejas (multas): 101420
[18:41:19]   • Causas totales en el maestro SIGEMI: 134069
[18:41:19]   • Causas que coinciden (simplificado): 101106
[18:41:19]   ✅ Archivo escrito: datos/descargas/causas/causas.txt
[18:41:19] ⏱ PASO 2.5 (causas simplificado): 0.4s
[18:41:19] ================================================================================
[18:41:19] PASO 3: LLENANDO CAUSA_NUMERO (según fecha de cambio de sistema, cruzando por acta + año)
[18:41:19] ================================================================================
[18:41:19] 📊 ESTADÍSTICAS DE LLENADO DE CAUSAS:
[18:41:19]   • Pagos con causa ORIGINAL: 0
[18:41:19]   • Causas encontradas en SIGEMI (actas viejas): 1
[18:41:19]   • Causas NO encontradas en SIGEMI: 0
[18:41:19]   • Causas asignadas automáticamente (actas nuevas): 0
[18:41:19] ⏱ PASO 3 (llenar causas): 0.0s
[18:41:19] ================================================================================
[18:41:19] PASO 4: ORDENANDO POR FECHA Y ACTA_NUMERO
[18:41:19] ================================================================================
[18:41:19] ✓ Pagos ordenados correctamente
[18:41:19]   • Primera entrada: Acta=193616, Fecha=25/08/2025
[18:41:19]   • Última entrada: Acta=193616, Fecha=25/08/2025
[18:41:19] 📝 Escribiendo archivo de salida...
[18:41:19]   ✅ Archivo escrito: datos/descargas/pagos/2026-08-09/PAGOS 20260809 184110.txt
[18:41:19]   ✅ Total registros: 263
[18:41:19] ⏱ PASO 4 (ordenar y escribir): 0.0s
[18:41:19] ================================================================================
[18:41:19] ✅ PROCESO COMPLETADO EXITOSAMENTE
[18:41:19] ================================================================================
[18:41:19] 📊 RESUMEN FINAL DEL PROCESAMIENTO:
[18:41:19]   ENTRADA:
[18:41:19]     • Pagos originales: 20839
[18:41:19]     • Multas SIGEMI cargadas: 101420
[18:41:19]     • Multas SIGI cargadas: 42186
[18:41:19]     • Causas simplificadas (usadas para el cruce): 101106
[18:41:19]   PROCESO:
[18:41:19]     • Pagos rechazados sigemi: 15498
[18:41:19]     • Pagos rechazados sigi: 5340
[18:41:19]   SALIDA:
[18:41:19]     • Pagos desactualizados procesados: 1
[18:41:19]     • Archivo final: datos/descargas/pagos/2026-08-09/PAGOS 20260809 184110.txt
[18:41:19]     • Ordenados por fecha: SÍ ✓
[18:41:19]     • Todos con ACTA_NUMERO: SÍ ✓
[18:41:19]     • Todos con CAUSA_NUMERO: SÍ ✓
[18:41:19] ✅ TXT de pagos (ya cruzado con actas y causas) generado en: datos/descargas/pagos/2026-08-09/PAGOS 20260809 184110.txt
[18:41:19] 🧹 TXT de pagos crudo eliminado (ya usado en el cruce): datos/descargas/pagos/2026-08-09/ALL PAGOS DESCARGADOS.txt
[18:41:19] 🧹 Excel MULTAS_SIGEMI_CRUCE eliminado (ya usado en el cruce): datos/descargas/cache_actas_cruce/MULTAS_SIGEMI_CRUCE.xlsx
[18:41:19] 🧹 Excel MULTAS_SIGI_CRUCE eliminado (ya usado en el cruce): datos/descargas/cache_actas_cruce/MULTAS_SIGI_CRUCE.xlsx
[18:41:19] ✅ CompararActasPaso finalizado. (⏱ 9.5s)
[18:41:19] ==================================================
[18:41:19] 🚀 PASO: CargarPagosPaso
[18:41:19] ==================================================
[18:41:19] 📤 Subiendo TXT de pagos al SEMyT...
[18:41:21] ✅ Importación de pagos completada con éxito.
[18:41:21] ✅ Archivo TXT de pagos cargado en el SEMyT correctamente.
[18:41:21] ✅ CargarPagosPaso finalizado. (⏱ 2.0s)
[18:41:21] === Ejecución finalizada con éxito ===
