[02:36:44] === Inicio de ejecución: pagos ===
[02:36:44] ==================================================
[02:36:44] 🚀 PASO: LoginSEMyTPaso
[02:36:44] ==================================================
[02:36:45] Abriendo SEMyT...
[02:36:47] ✅ [SEMyT] Sesión existente detectada. Login omitido.
[02:36:47] ✅ LoginSEMyTPaso finalizado. (⏱ 2.6s)
[02:36:47] ==================================================
[02:36:47] 🚀 PASO: LoginSIGIPaso
[02:36:47] ==================================================
[02:36:47] Abriendo sitio municipalidad (CiDi)...
[02:36:47] ✅ [SIGI] Sesión existente detectada. Login omitido.
[02:36:47] ✅ LoginSIGIPaso finalizado. (⏱ 0.5s)
[02:36:47] ==================================================
[02:36:47] 🚀 PASO: DescargasParalelasPaso
[02:36:47] ==================================================
[02:36:48] 📤 Arrancando las 3 descargas en paralelo (mismo browser, páginas separadas)...
[02:36:48] Fecha Desde: 27/06/2024
[02:36:48] Fecha Hasta: 24/11/2025
[02:36:48] Fecha Desde: 25/11/2025
[02:36:48] Fecha Hasta: 09/08/2026
[02:36:48] Descargando Excel...
[02:36:48] Descargando Excel...
[02:36:58] Archivo descargado en: datos/descargas/cache_actas_cruce/MULTAS_SIGI_CRUCE.xlsx
[02:37:00] ⏱ [actas_sigi] completado en 12.0s
[02:37:08] Archivo descargado en: datos/descargas/cache_actas_cruce/MULTAS_SIGEMI_CRUCE.xlsx
[02:37:12] ⏱ [actas_sigemi] completado en 23.9s
[02:37:50] ✅ TXT de pagos descargado en: datos/descargas/pagos/2026-08-09/ALL PAGOS DESCARGADOS.txt
[02:37:50] ⏱ [pagos_txt] completado en 62.0s
[02:37:50] ⏱ TOTAL descargas en paralelo: 62.0s
[02:37:50] ✅ DescargasParalelasPaso finalizado. (⏱ 62.3s)
[02:37:50] ==================================================
[02:37:50] 🚀 PASO: CompararActasPaso
[02:37:50] ==================================================
[02:37:50] 🔍 Comparando actas del SEMyT contra pagos del SIGI...
[02:37:50] ================================================================================
[02:37:50] INICIANDO PROCESO DE GENERACIÓN DE PAGOS DESACTUALIZADOS
[02:37:50] ================================================================================
[02:37:50] 📂 Cargando archivos...
[02:37:50]   ✓ Pagos: 20830 registros
[02:37:53]   ✓ Excel SIGEMI (multas vencidas viejas): 101427 registros
[02:37:55]   ✓ Excel SIGI (multas vencidas nuevas): 42187 registros
[02:37:55] ================================================================================
[02:37:55] PASO 1: LLENANDO ACTA_NUMERO (búsqueda por patente + fecha, con desempate por hora)
[02:37:55] ================================================================================
[02:37:57] 📊 ESTADÍSTICAS DE LLENADO DE ACTAS:
[02:37:57]   • Pagos con acta ORIGINAL: 5338
[02:37:57]   • Pagos SIN acta (buscados): 15492
[02:37:57]   • Pagos LLENADOS exitosamente: 1
[02:37:57]   • Pagos NO encontrados en multas: 15491
[02:37:57]   • Pagos SIN RESOLVER por desbalance de cantidades: 0
[02:37:57] ================================================================================
[02:37:57] PASO 1: LLENANDO ACTA_NUMERO (búsqueda por patente + fecha, con desempate por hora)
[02:37:57] ================================================================================
[02:37:59] 📊 ESTADÍSTICAS DE LLENADO DE ACTAS:
[02:37:59]   • Pagos con acta ORIGINAL: 5339
[02:37:59]   • Pagos SIN acta (buscados): 15491
[02:37:59]   • Pagos LLENADOS exitosamente: 0
[02:37:59]   • Pagos NO encontrados en multas: 15491
[02:37:59]   • Pagos SIN RESOLVER por desbalance de cantidades: 0
[02:37:59] ⏱ PASO 1 (llenar actas): 4.3s
[02:37:59] ================================================================================
[02:37:59] PASO 2: FILTRANDO PAGOS CON ACTA_NUMERO COMPLETO
[02:37:59] ================================================================================
[02:37:59] 📊 ESTADÍSTICAS DE FILTRADO:
[02:37:59]   • Pagos TOTALES al inicio: 20830
[02:37:59]   • Pagos CON acta (MANTIENEN): 5339
[02:37:59]   • Pagos RECHAZADOS (sin coincidencias): 15491
[02:37:59] ⚠️  Se eliminaron 15491 registros sin número de acta
[02:37:59]      (recordá: esto incluye tanto pagos ya actualizados/pagados
[02:37:59]       como pagos que quedaron sin resolver por desbalance en el Paso 1)
[02:37:59] ================================================================================
[02:37:59] PASO 2-bis: CONFIRMANDO VIGENCIA DE PAGOS (sistema NUEVO contra MULTAS_SIGI_CRUCE, sistema VIEJO contra SIGEMI)
[02:37:59] ================================================================================
[02:38:00]   ⚠ 5324 pago(s) descartados: su acta ya no figura como vencida en MULTAS_SIGI_CRUCE (SEMyT ya los actualizó).
[02:38:00]   ⚠ 14 pago(s) descartados: su acta ya no figura como vencida en el Excel de SIGEMI (SEMyT ya los actualizó).
[02:38:00]   • Pagos descartados en total por ya estar actualizados/pagados: 5338
[02:38:00] ⏱ PASO 2 (filtrar): 0.5s
[02:38:00] 📂 Cargando maestro de causas SIGEMI...
[02:38:00]   ✓ Causas totales (maestro): 134069 registros
[02:38:00] ================================================================================
[02:38:00] PASO 2.5: ARMANDO causas.txt SIMPLIFICADO (cruce contra total_causas_sigemi.txt)
[02:38:00] ================================================================================
[02:38:00]   • Actas vencidas viejas (multas): 101427
[02:38:00]   • Causas totales en el maestro SIGEMI: 134069
[02:38:00]   • Causas que coinciden (simplificado): 101113
[02:38:00]   ✅ Archivo escrito: datos/descargas/causas/causas.txt
[02:38:00] ⏱ PASO 2.5 (causas simplificado): 0.5s
[02:38:00] ================================================================================
[02:38:00] PASO 3: LLENANDO CAUSA_NUMERO (según fecha de cambio de sistema, cruzando por acta + año)
[02:38:00] ================================================================================
[02:38:00] 📊 ESTADÍSTICAS DE LLENADO DE CAUSAS:
[02:38:00]   • Pagos con causa ORIGINAL: 0
[02:38:00]   • Causas encontradas en SIGEMI (actas viejas): 1
[02:38:00]   • Causas NO encontradas en SIGEMI: 0
[02:38:00]   • Causas asignadas automáticamente (actas nuevas): 0
[02:38:00] ⏱ PASO 3 (llenar causas): 0.0s
[02:38:00] ================================================================================
[02:38:00] PASO 4: ORDENANDO POR FECHA Y ACTA_NUMERO
[02:38:00] ================================================================================
[02:38:00] ✓ Pagos ordenados correctamente
[02:38:00]   • Primera entrada: Acta=207047, Fecha=18/09/2025
[02:38:00]   • Última entrada: Acta=207047, Fecha=18/09/2025
[02:38:00] 📝 Escribiendo archivo de salida...
[02:38:00]   ✅ Archivo escrito: datos/descargas/pagos/2026-08-09/PAGOS 20260809 023750.txt
[02:38:00]   ✅ Total registros: 252
[02:38:00] ⏱ PASO 4 (ordenar y escribir): 0.0s
[02:38:00] ================================================================================
[02:38:00] ✅ PROCESO COMPLETADO EXITOSAMENTE
[02:38:00] ================================================================================
[02:38:00] 📊 RESUMEN FINAL DEL PROCESAMIENTO:
[02:38:00]   ENTRADA:
[02:38:00]     • Pagos originales: 20830
[02:38:00]     • Multas SIGEMI cargadas: 101427
[02:38:00]     • Multas SIGI cargadas: 42187
[02:38:00]     • Causas simplificadas (usadas para el cruce): 101113
[02:38:00]   PROCESO:
[02:38:00]     • Pagos rechazados sigemi: 15491
[02:38:00]     • Pagos rechazados sigi: 5338
[02:38:00]   SALIDA:
[02:38:00]     • Pagos desactualizados procesados: 1
[02:38:00]     • Archivo final: datos/descargas/pagos/2026-08-09/PAGOS 20260809 023750.txt
[02:38:00]     • Ordenados por fecha: SÍ ✓
[02:38:00]     • Todos con ACTA_NUMERO: SÍ ✓
[02:38:00]     • Todos con CAUSA_NUMERO: SÍ ✓
[02:38:00] ✅ TXT de pagos (ya cruzado con actas y causas) generado en: datos/descargas/pagos/2026-08-09/PAGOS 20260809 023750.txt
[02:38:00] 🧹 TXT de pagos crudo eliminado (ya usado en el cruce): datos/descargas/pagos/2026-08-09/ALL PAGOS DESCARGADOS.txt
[02:38:00] 🧹 Excel MULTAS_SIGEMI_CRUCE eliminado (ya usado en el cruce): datos/descargas/cache_actas_cruce/MULTAS_SIGEMI_CRUCE.xlsx
[02:38:00] 🧹 Excel MULTAS_SIGI_CRUCE eliminado (ya usado en el cruce): datos/descargas/cache_actas_cruce/MULTAS_SIGI_CRUCE.xlsx
[02:38:00] ✅ CompararActasPaso finalizado. (⏱ 10.4s)
[02:38:00] ==================================================
[02:38:00] 🚀 PASO: CargarPagosPaso
[02:38:00] ==================================================
[02:38:00] 📤 Subiendo TXT de pagos al SEMyT...
[02:38:01] ✅ Importación de pagos completada con éxito.
[02:38:02] ✅ Archivo TXT de pagos cargado en el SEMyT correctamente.
[02:38:02] ✅ CargarPagosPaso finalizado. (⏱ 1.5s)
[02:38:02] === Ejecución finalizada con éxito ===
