[09:22:21] === Inicio de ejecución: pagos ===
[09:22:21] ▶ [LoginSemytPaso] Iniciando...
[09:22:21] ==================================================
[09:22:21] 🚀 PASO: LoginSemytPaso
[09:22:21] ==================================================
[09:22:21] Abriendo SEMyT...
[09:22:43] ✅ [SEMyT] Sesión existente detectada. Login omitido.
[09:22:43] ✅ LoginSemytPaso finalizado. (⏱ 21.7s)
[09:22:43] ✓ [LoginSemytPaso] Completado.
[09:22:43] ▶ [LoginJuzgadoPaso] Iniciando...
[09:22:43] ==================================================
[09:22:43] 🚀 PASO: LoginJuzgadoPaso
[09:22:43] ==================================================
[09:22:43] Abriendo sitio municipalidad (CiDi)...
[09:22:44] ✅ [Juzgado] Sesión existente detectada. Login omitido.
[09:22:44] ✅ LoginJuzgadoPaso finalizado. (⏱ 0.7s)
[09:22:44] ✓ [LoginJuzgadoPaso] Completado.
[09:22:44] ▶ [DescargasParalelasPaso] Iniciando...
[09:22:44] ==================================================
[09:22:44] 🚀 PASO: DescargasParalelasPaso
[09:22:44] ==================================================
[09:22:44] 📤 Arrancando las 3 descargas en paralelo (mismo browser, páginas separadas)...
[09:22:44] Fecha Desde: 27/06/2024
[09:22:44] Fecha Hasta: 24/11/2025
[09:22:44] Fecha Desde: 25/11/2025
[09:22:44] Fecha Hasta: 28/07/2026
[09:22:44] Descargando Excel...
[09:22:44] Descargando Excel...
[09:23:04] Archivo descargado en: backend/descargas/cache_actas_cruce/MULTAS_JUZGADO_CRUCE.xlsx
[09:23:06] ⏱ [actas_juzgado] completado en 21.7s
[09:23:14] ✅ TXT de pagos descargado en: backend/descargas/pagos/2026-07-28/PAGOS DESCARGADOS.txt
[09:23:14] ⏱ [pagos_txt] completado en 30.4s
[09:23:26] Archivo descargado en: backend/descargas/cache_actas_cruce/MULTAS_SIGEMI_CRUCE.xlsx
[09:23:30] ⏱ [actas_sigemi] completado en 45.6s
[09:23:30] ⏱ TOTAL descargas en paralelo: 45.6s
[09:23:30] ✅ DescargasParalelasPaso finalizado. (⏱ 45.9s)
[09:23:30] ✓ [DescargasParalelasPaso] Completado.
[09:23:30] ▶ [CompararActasPaso] Iniciando...
[09:23:30] ==================================================
[09:23:30] 🚀 PASO: CompararActasPaso
[09:23:30] ==================================================
[09:23:30] 🔍 Comparando actas del SEMyT contra pagos del Juzgado...
[09:23:30] ================================================================================
[09:23:30] INICIANDO PROCESO DE GENERACIÓN DE PAGOS DESACTUALIZADOS
[09:23:30] ================================================================================
[09:23:30] 📂 Cargando archivos...
[09:23:30]   ✓ Pagos: 18102 registros
[09:23:33]   ✓ Excel SIGEMI (multas vencidas viejas): 103099 registros
[09:23:34]   ✓ Excel Juzgado (multas vencidas nuevas): 40234 registros
[09:23:35] ================================================================================
[09:23:35] PASO 1: LLENANDO ACTA_NUMERO (búsqueda por patente + fecha, con desempate por hora)
[09:23:35] ================================================================================
[09:23:36] 📊 ESTADÍSTICAS DE LLENADO DE ACTAS:
[09:23:36]   • Pagos con acta ORIGINAL: 3641
[09:23:36]   • Pagos SIN acta (buscados): 14461
[09:23:36]   • Pagos LLENADOS exitosamente: 1
[09:23:36]   • Pagos NO encontrados en multas: 14460
[09:23:36]   • Pagos SIN RESOLVER por desbalance de cantidades: 0
[09:23:36] ================================================================================
[09:23:36] PASO 1: LLENANDO ACTA_NUMERO (búsqueda por patente + fecha, con desempate por hora)
[09:23:36] ================================================================================
[09:23:37] 📊 ESTADÍSTICAS DE LLENADO DE ACTAS:
[09:23:37]   • Pagos con acta ORIGINAL: 3642
[09:23:37]   • Pagos SIN acta (buscados): 14460
[09:23:37]   • Pagos LLENADOS exitosamente: 0
[09:23:37]   • Pagos NO encontrados en multas: 14460
[09:23:37]   • Pagos SIN RESOLVER por desbalance de cantidades: 0
[09:23:37] ⏱ PASO 1 (llenar actas): 3.3s
[09:23:37] ================================================================================
[09:23:37] PASO 2: FILTRANDO PAGOS CON ACTA_NUMERO COMPLETO
[09:23:37] ================================================================================
[09:23:37] 📊 ESTADÍSTICAS DE FILTRADO:
[09:23:37]   • Pagos TOTALES al inicio: 18102
[09:23:37]   • Pagos CON acta (MANTIENEN): 3642
[09:23:37]   • Pagos RECHAZADOS (sin coincidencias): 14460
[09:23:37] ⚠️  Se eliminaron 14460 registros sin número de acta
[09:23:37]      (recordá: esto incluye tanto pagos ya actualizados/pagados
[09:23:37]       como pagos que quedaron sin resolver por desbalance en el Paso 1)
[09:23:37] ================================================================================
[09:23:37] PASO 2-bis: CONFIRMANDO VIGENCIA DE PAGOS (sistema NUEVO contra MULTAS_JUZGADO_CRUCE, sistema VIEJO contra SIGEMI)
[09:23:37] ================================================================================
[09:23:38]   ⚠ 3636 pago(s) descartados: su acta ya no figura como vencida en MULTAS_JUZGADO_CRUCE (SEMyT ya los actualizó).
[09:23:38]   ⚠ 2 pago(s) descartados: su acta ya no figura como vencida en el Excel de SIGEMI (SEMyT ya los actualizó).
[09:23:38]   • Pagos descartados en total por ya estar actualizados/pagados: 3638
[09:23:38] ⏱ PASO 2 (filtrar): 0.3s
[09:23:38] 📂 Cargando maestro de causas SIGEMI...
[09:23:38]   ✓ Causas totales (maestro): 134069 registros
[09:23:38] ⏱ PASO 2.5 (causas simplificado): 0.0s
[09:23:38] ================================================================================
[09:23:38] PASO 2.5: ARMANDO causas.txt SIMPLIFICADO (cruce contra total_causas_sigemi.txt)
[09:23:38] ================================================================================
[09:23:38]   • Actas vencidas viejas (multas): 103099
[09:23:38]   • Causas totales en el maestro SIGEMI: 134069
[09:23:38]   • Causas que coinciden (simplificado): 102772
[09:23:38]   ✅ Archivo escrito: backend/descargas/causas/causas.txt
[09:23:38] ⏱ PASO 2.5 (causas simplificado): 0.4s
[09:23:38] ================================================================================
[09:23:38] PASO 3: LLENANDO CAUSA_NUMERO (según fecha de cambio de sistema, cruzando por acta + año)
[09:23:38] ================================================================================
[09:23:38] 📊 ESTADÍSTICAS DE LLENADO DE CAUSAS:
[09:23:38]   • Pagos con causa ORIGINAL: 3
[09:23:38]   • Causas encontradas en SIGEMI (actas viejas): 1
[09:23:38]   • Causas NO encontradas en SIGEMI: 0
[09:23:38]   • Causas asignadas automáticamente (actas nuevas): 0
[09:23:38] ⏱ PASO 3 (llenar causas): 0.0s
[09:23:38] ================================================================================
[09:23:38] PASO 4: ORDENANDO POR FECHA Y ACTA_NUMERO
[09:23:38] ================================================================================
[09:23:38] ✓ Pagos ordenados correctamente
[09:23:38]   • Primera entrada: Acta=212287, Fecha=30/09/2025
[09:23:38]   • Última entrada: Acta=281456, Fecha=17/03/2026
[09:23:38] 📝 Escribiendo archivo de salida...
[09:23:38]   ✅ Archivo escrito: backend/descargas/pagos/2026-07-28/PAGOS 20260728 092330.txt
[09:23:38]   ✅ Total registros: 593
[09:23:38] ⏱ PASO 4 (ordenar y escribir): 0.0s
[09:23:38] ================================================================================
[09:23:38] ✅ PROCESO COMPLETADO EXITOSAMENTE
[09:23:38] ================================================================================
[09:23:38] 📊 RESUMEN FINAL DEL PROCESAMIENTO:
[09:23:38]   ENTRADA:
[09:23:38]     • Pagos originales: 18102
[09:23:38]     • Multas SIGEMI cargadas: 103099
[09:23:38]     • Multas Juzgado cargadas: 40234
[09:23:38]     • Causas simplificadas (usadas para el cruce): 102772
[09:23:38]   PROCESO:
[09:23:38]     • Pagos rechazados sigemi: 14460
[09:23:38]     • Pagos rechazados juzgado: 3638
[09:23:38]   SALIDA:
[09:23:38]     • Pagos desactualizados procesados: 4
[09:23:38]     • Archivo final: backend/descargas/pagos/2026-07-28/PAGOS 20260728 092330.txt
[09:23:38]     • Ordenados por fecha: SÍ ✓
[09:23:38]     • Todos con ACTA_NUMERO: SÍ ✓
[09:23:38]     • Todos con CAUSA_NUMERO: SÍ ✓
[09:23:38] ✅ TXT de pagos (ya cruzado con actas y causas) generado en: backend/descargas/pagos/2026-07-28/PAGOS 20260728 092330.txt
[09:23:38] 🧹 TXT de pagos crudo eliminado (ya usado en el cruce): backend/descargas/pagos/2026-07-28/PAGOS DESCARGADOS.txt
[09:23:38] 🧹 Excel MULTAS_SIGEMI_CRUCE eliminado (ya usado en el cruce): backend/descargas/cache_actas_cruce/MULTAS_SIGEMI_CRUCE.xlsx
[09:23:38] 🧹 Excel MULTAS_JUZGADO_CRUCE eliminado (ya usado en el cruce): backend/descargas/cache_actas_cruce/MULTAS_JUZGADO_CRUCE.xlsx
[09:23:38] ✅ CompararActasPaso finalizado. (⏱ 8.6s)
[09:23:38] ✓ [CompararActasPaso] Completado.
[09:23:38] ▶ [CargarPagosPaso] Iniciando...
[09:23:38] ==================================================
[09:23:38] 🚀 PASO: CargarPagosPaso
[09:23:38] ==================================================
[09:23:38] 📤 Subiendo TXT de pagos al SEMyT...
[09:23:40] ✅ Importación de pagos completada con éxito.
[09:23:40] ✅ Archivo TXT de pagos cargado en el SEMyT correctamente.
[09:23:40] ✅ CargarPagosPaso finalizado. (⏱ 2.0s)
[09:23:40] ✓ [CargarPagosPaso] Completado.
[09:23:40] === Ejecución finalizada con éxito ===
