[18:44:40] === Inicio de ejecución: pagos ===
[18:44:41] ▶ [LoginSemytPaso] Iniciando...
[18:44:41] ==================================================
[18:44:41] 🚀 PASO: LoginSemytPaso
[18:44:41] ==================================================
[18:44:41] Abriendo SEMyT...
[18:44:43] ✅ [SEMyT] Sesión existente detectada. Login omitido.
[18:44:43] ✅ LoginSemytPaso finalizado. (⏱ 2.7s)
[18:44:43] ✓ [LoginSemytPaso] Completado.
[18:44:43] ▶ [LoginJuzgadoPaso] Iniciando...
[18:44:43] ==================================================
[18:44:43] 🚀 PASO: LoginJuzgadoPaso
[18:44:43] ==================================================
[18:44:43] Abriendo sitio municipalidad (CiDi)...
[18:44:44] ✅ [Juzgado] Sesión existente detectada. Login omitido.
[18:44:44] ✅ LoginJuzgadoPaso finalizado. (⏱ 0.5s)
[18:44:44] ✓ [LoginJuzgadoPaso] Completado.
[18:44:44] ▶ [DescargasParalelasPaso] Iniciando...
[18:44:44] ==================================================
[18:44:44] 🚀 PASO: DescargasParalelasPaso
[18:44:44] ==================================================
[18:44:44] 📤 Arrancando las 3 descargas en paralelo (mismo browser, páginas separadas)...
[18:44:44] Fecha Desde: 27/06/2024
[18:44:44] Fecha Hasta: 24/11/2025
[18:44:44] Fecha Desde: 25/11/2025
[18:44:44] Fecha Hasta: 28/07/2026
[18:44:44] Descargando Excel...
[18:44:44] Descargando Excel...
[18:44:54] Archivo descargado en: backend/descargas/cache_actas_cruce/MULTAS_JUZGADO_CRUCE.xlsx
[18:44:55] ⏱ [actas_juzgado] completado en 11.4s
[18:45:03] Archivo descargado en: backend/descargas/cache_actas_cruce/MULTAS_SIGEMI_CRUCE.xlsx
[18:45:07] ⏱ [actas_sigemi] completado en 22.5s
[18:45:19] ✅ TXT de pagos descargado en: backend/descargas/pagos/2026-07-28/PAGOS DESCARGADOS.txt
[18:45:19] ⏱ [pagos_txt] completado en 34.4s
[18:45:19] ⏱ TOTAL descargas en paralelo: 34.4s
[18:45:19] ✅ DescargasParalelasPaso finalizado. (⏱ 34.7s)
[18:45:19] ✓ [DescargasParalelasPaso] Completado.
[18:45:19] ▶ [CompararActasPaso] Iniciando...
[18:45:19] ==================================================
[18:45:19] 🚀 PASO: CompararActasPaso
[18:45:19] ==================================================
[18:45:19] 🔍 Comparando actas del SEMyT contra pagos del Juzgado...
[18:45:19] ================================================================================
[18:45:19] INICIANDO PROCESO DE GENERACIÓN DE PAGOS DESACTUALIZADOS
[18:45:19] ================================================================================
[18:45:19] 📂 Cargando archivos...
[18:45:19]   ✓ Pagos: 18395 registros
[18:45:22]   ✓ Excel SIGEMI (multas vencidas viejas): 102967 registros
[18:45:23]   ✓ Excel Juzgado (multas vencidas nuevas): 40054 registros
[18:45:24] ================================================================================
[18:45:24] PASO 1: LLENANDO ACTA_NUMERO (búsqueda por patente + fecha, con desempate por hora)
[18:45:24] ================================================================================
[18:45:25] 📊 ESTADÍSTICAS DE LLENADO DE ACTAS:
[18:45:25]   • Pagos con acta ORIGINAL: 3813
[18:45:25]   • Pagos SIN acta (buscados): 14582
[18:45:25]   • Pagos LLENADOS exitosamente: 1
[18:45:25]   • Pagos NO encontrados en multas: 14581
[18:45:25]   • Pagos SIN RESOLVER por desbalance de cantidades: 0
[18:45:25] ================================================================================
[18:45:25] PASO 1: LLENANDO ACTA_NUMERO (búsqueda por patente + fecha, con desempate por hora)
[18:45:25] ================================================================================
[18:45:27] 📊 ESTADÍSTICAS DE LLENADO DE ACTAS:
[18:45:27]   • Pagos con acta ORIGINAL: 3814
[18:45:27]   • Pagos SIN acta (buscados): 14581
[18:45:27]   • Pagos LLENADOS exitosamente: 0
[18:45:27]   • Pagos NO encontrados en multas: 14581
[18:45:27]   • Pagos SIN RESOLVER por desbalance de cantidades: 0
[18:45:27] ⏱ PASO 1 (llenar actas): 3.5s
[18:45:27] ================================================================================
[18:45:27] PASO 2: FILTRANDO PAGOS CON ACTA_NUMERO COMPLETO
[18:45:27] ================================================================================
[18:45:27] 📊 ESTADÍSTICAS DE FILTRADO:
[18:45:27]   • Pagos TOTALES al inicio: 18395
[18:45:27]   • Pagos CON acta (MANTIENEN): 3814
[18:45:27]   • Pagos RECHAZADOS (sin coincidencias): 14581
[18:45:27] ⚠️  Se eliminaron 14581 registros sin número de acta
[18:45:27]      (recordá: esto incluye tanto pagos ya actualizados/pagados
[18:45:27]       como pagos que quedaron sin resolver por desbalance en el Paso 1)
[18:45:27] ================================================================================
[18:45:27] PASO 2-bis: CONFIRMANDO VIGENCIA DE PAGOS (sistema NUEVO contra MULTAS_JUZGADO_CRUCE, sistema VIEJO contra SIGEMI)
[18:45:27] ================================================================================
[18:45:27]   ⚠ 3811 pago(s) descartados: su acta ya no figura como vencida en MULTAS_JUZGADO_CRUCE (SEMyT ya los actualizó).
[18:45:27]   ⚠ 2 pago(s) descartados: su acta ya no figura como vencida en el Excel de SIGEMI (SEMyT ya los actualizó).
[18:45:27]   • Pagos descartados en total por ya estar actualizados/pagados: 3813
[18:45:27] ⏱ PASO 2 (filtrar): 0.3s
[18:45:27] 📂 Cargando maestro de causas SIGEMI...
[18:45:27]   ✓ Causas totales (maestro): 134069 registros
[18:45:27] ⏱ PASO 2.5 (causas simplificado): 0.0s
[18:45:27] ================================================================================
[18:45:27] PASO 2.5: ARMANDO causas.txt SIMPLIFICADO (cruce contra total_causas_sigemi.txt)
[18:45:27] ================================================================================
[18:45:27]   • Actas vencidas viejas (multas): 102967
[18:45:27]   • Causas totales en el maestro SIGEMI: 134069
[18:45:27]   • Causas que coinciden (simplificado): 102640
[18:45:27]   ✅ Archivo escrito: backend/descargas/causas/causas.txt
[18:45:27] ⏱ PASO 2.5 (causas simplificado): 0.4s
[18:45:27] ================================================================================
[18:45:27] PASO 3: LLENANDO CAUSA_NUMERO (según fecha de cambio de sistema, cruzando por acta + año)
[18:45:27] ================================================================================
[18:45:27] 📊 ESTADÍSTICAS DE LLENADO DE CAUSAS:
[18:45:27]   • Pagos con causa ORIGINAL: 0
[18:45:27]   • Causas encontradas en SIGEMI (actas viejas): 1
[18:45:27]   • Causas NO encontradas en SIGEMI: 0
[18:45:27]   • Causas asignadas automáticamente (actas nuevas): 0
[18:45:27] ⏱ PASO 3 (llenar causas): 0.0s
[18:45:27] ================================================================================
[18:45:27] PASO 4: ORDENANDO POR FECHA Y ACTA_NUMERO
[18:45:27] ================================================================================
[18:45:27] ✓ Pagos ordenados correctamente
[18:45:27]   • Primera entrada: Acta=90363, Fecha=14/12/2024
[18:45:27]   • Última entrada: Acta=90363, Fecha=14/12/2024
[18:45:27] 📝 Escribiendo archivo de salida...
[18:45:27]   ✅ Archivo escrito: backend/descargas/pagos/2026-07-28/PAGOS 20260728 184519.txt
[18:45:27]   ✅ Total registros: 265
[18:45:27] ⏱ PASO 4 (ordenar y escribir): 0.0s
[18:45:27] ================================================================================
[18:45:27] ✅ PROCESO COMPLETADO EXITOSAMENTE
[18:45:27] ================================================================================
[18:45:27] 📊 RESUMEN FINAL DEL PROCESAMIENTO:
[18:45:27]   ENTRADA:
[18:45:27]     • Pagos originales: 18395
[18:45:27]     • Multas SIGEMI cargadas: 102967
[18:45:27]     • Multas Juzgado cargadas: 40054
[18:45:27]     • Causas simplificadas (usadas para el cruce): 102640
[18:45:27]   PROCESO:
[18:45:27]     • Pagos rechazados sigemi: 14581
[18:45:27]     • Pagos rechazados juzgado: 3813
[18:45:27]   SALIDA:
[18:45:27]     • Pagos desactualizados procesados: 1
[18:45:27]     • Archivo final: backend/descargas/pagos/2026-07-28/PAGOS 20260728 184519.txt
[18:45:27]     • Ordenados por fecha: SÍ ✓
[18:45:27]     • Todos con ACTA_NUMERO: SÍ ✓
[18:45:27]     • Todos con CAUSA_NUMERO: SÍ ✓
[18:45:27] ✅ TXT de pagos (ya cruzado con actas y causas) generado en: backend/descargas/pagos/2026-07-28/PAGOS 20260728 184519.txt
[18:45:27] 🧹 TXT de pagos crudo eliminado (ya usado en el cruce): backend/descargas/pagos/2026-07-28/PAGOS DESCARGADOS.txt
[18:45:27] 🧹 Excel MULTAS_SIGEMI_CRUCE eliminado (ya usado en el cruce): backend/descargas/cache_actas_cruce/MULTAS_SIGEMI_CRUCE.xlsx
[18:45:27] 🧹 Excel MULTAS_JUZGADO_CRUCE eliminado (ya usado en el cruce): backend/descargas/cache_actas_cruce/MULTAS_JUZGADO_CRUCE.xlsx
[18:45:27] ✅ CompararActasPaso finalizado. (⏱ 8.9s)
[18:45:27] ✓ [CompararActasPaso] Completado.
[18:45:27] ▶ [CargarPagosPaso] Iniciando...
[18:45:27] ==================================================
[18:45:27] 🚀 PASO: CargarPagosPaso
[18:45:27] ==================================================
[18:45:27] 📤 Subiendo TXT de pagos al SEMyT...
[18:45:29] ✅ Importación de pagos completada con éxito.
[18:45:29] ✅ Archivo TXT de pagos cargado en el SEMyT correctamente.
[18:45:29] ✅ CargarPagosPaso finalizado. (⏱ 2.0s)
[18:45:29] ✓ [CargarPagosPaso] Completado.
[18:45:30] === Ejecución finalizada con éxito ===
