[18:33:40] === Inicio de ejecución: pagos ===
[18:33:40] ▶ [LoginSemytPaso] Iniciando...
[18:33:40] ==================================================
[18:33:40] 🚀 PASO: LoginSemytPaso
[18:33:40] ==================================================
[18:33:41] Abriendo SEMyT...
[18:33:43] ✅ [SEMyT] Sesión existente detectada. Login omitido.
[18:33:43] ✅ LoginSemytPaso finalizado. (⏱ 2.6s)
[18:33:43] ✓ [LoginSemytPaso] Completado.
[18:33:43] ▶ [LoginJuzgadoPaso] Iniciando...
[18:33:43] ==================================================
[18:33:43] 🚀 PASO: LoginJuzgadoPaso
[18:33:43] ==================================================
[18:33:43] Abriendo sitio municipalidad (CiDi)...
[18:33:43] ✅ [Juzgado] Sesión existente detectada. Login omitido.
[18:33:43] ✅ LoginJuzgadoPaso finalizado. (⏱ 0.5s)
[18:33:43] ✓ [LoginJuzgadoPaso] Completado.
[18:33:43] ▶ [DescargasParalelasPaso] Iniciando...
[18:33:43] ==================================================
[18:33:43] 🚀 PASO: DescargasParalelasPaso
[18:33:43] ==================================================
[18:33:44] 📤 Arrancando las 3 descargas en paralelo (mismo browser, páginas separadas)...
[18:33:44] Fecha Desde: 27/06/2024
[18:33:44] Fecha Hasta: 24/11/2025
[18:33:44] Fecha Desde: 25/11/2025
[18:33:44] Fecha Hasta: 28/07/2026
[18:33:44] Descargando Excel...
[18:33:44] Descargando Excel...
[18:33:55] Archivo descargado en: backend/descargas/cache_actas_cruce/MULTAS_JUZGADO_CRUCE.xlsx
[18:33:56] ⏱ [actas_juzgado] completado en 12.6s
[18:34:04] Archivo descargado en: backend/descargas/cache_actas_cruce/MULTAS_SIGEMI_CRUCE.xlsx
[18:34:08] ⏱ [actas_sigemi] completado en 23.9s
[18:34:21] ✅ TXT de pagos descargado en: backend/descargas/pagos/2026-07-28/PAGOS DESCARGADOS.txt
[18:34:21] ⏱ [pagos_txt] completado en 37.2s
[18:34:21] ⏱ TOTAL descargas en paralelo: 37.2s
[18:34:21] ✅ DescargasParalelasPaso finalizado. (⏱ 37.4s)
[18:34:21] ✓ [DescargasParalelasPaso] Completado.
[18:34:21] ▶ [CompararActasPaso] Iniciando...
[18:34:21] ==================================================
[18:34:21] 🚀 PASO: CompararActasPaso
[18:34:21] ==================================================
[18:34:21] 🔍 Comparando actas del SEMyT contra pagos del Juzgado...
[18:34:21] ================================================================================
[18:34:21] INICIANDO PROCESO DE GENERACIÓN DE PAGOS DESACTUALIZADOS
[18:34:21] ================================================================================
[18:34:21] 📂 Cargando archivos...
[18:34:21]   ✓ Pagos: 18394 registros
[18:34:24]   ✓ Excel SIGEMI (multas vencidas viejas): 102967 registros
[18:34:25]   ✓ Excel Juzgado (multas vencidas nuevas): 40057 registros
[18:34:26] ================================================================================
[18:34:26] PASO 1: LLENANDO ACTA_NUMERO (búsqueda por patente + fecha, con desempate por hora)
[18:34:26] ================================================================================
[18:34:27] 📊 ESTADÍSTICAS DE LLENADO DE ACTAS:
[18:34:27]   • Pagos con acta ORIGINAL: 3813
[18:34:27]   • Pagos SIN acta (buscados): 14581
[18:34:27]   • Pagos LLENADOS exitosamente: 0
[18:34:27]   • Pagos NO encontrados en multas: 14581
[18:34:27]   • Pagos SIN RESOLVER por desbalance de cantidades: 0
[18:34:27] ================================================================================
[18:34:27] PASO 1: LLENANDO ACTA_NUMERO (búsqueda por patente + fecha, con desempate por hora)
[18:34:27] ================================================================================
[18:34:29] 📊 ESTADÍSTICAS DE LLENADO DE ACTAS:
[18:34:29]   • Pagos con acta ORIGINAL: 3813
[18:34:29]   • Pagos SIN acta (buscados): 14581
[18:34:29]   • Pagos LLENADOS exitosamente: 0
[18:34:29]   • Pagos NO encontrados en multas: 14581
[18:34:29]   • Pagos SIN RESOLVER por desbalance de cantidades: 0
[18:34:29] ⏱ PASO 1 (llenar actas): 3.4s
[18:34:29] ================================================================================
[18:34:29] PASO 2: FILTRANDO PAGOS CON ACTA_NUMERO COMPLETO
[18:34:29] ================================================================================
[18:34:29] 📊 ESTADÍSTICAS DE FILTRADO:
[18:34:29]   • Pagos TOTALES al inicio: 18394
[18:34:29]   • Pagos CON acta (MANTIENEN): 3813
[18:34:29]   • Pagos RECHAZADOS (sin coincidencias): 14581
[18:34:29] ⚠️  Se eliminaron 14581 registros sin número de acta
[18:34:29]      (recordá: esto incluye tanto pagos ya actualizados/pagados
[18:34:29]       como pagos que quedaron sin resolver por desbalance en el Paso 1)
[18:34:29] ================================================================================
[18:34:29] PASO 2-bis: CONFIRMANDO VIGENCIA DE PAGOS (sistema NUEVO contra MULTAS_JUZGADO_CRUCE, sistema VIEJO contra SIGEMI)
[18:34:29] ================================================================================
[18:34:29]   ⚠ 3808 pago(s) descartados: su acta ya no figura como vencida en MULTAS_JUZGADO_CRUCE (SEMyT ya los actualizó).
[18:34:29]   ⚠ 2 pago(s) descartados: su acta ya no figura como vencida en el Excel de SIGEMI (SEMyT ya los actualizó).
[18:34:29]   • Pagos descartados en total por ya estar actualizados/pagados: 3810
[18:34:29] ⏱ PASO 2 (filtrar): 0.3s
[18:34:29] 📂 Cargando maestro de causas SIGEMI...
[18:34:29]   ✓ Causas totales (maestro): 134069 registros
[18:34:29] ⏱ PASO 2.5 (causas simplificado): 0.0s
[18:34:29] ================================================================================
[18:34:29] PASO 2.5: ARMANDO causas.txt SIMPLIFICADO (cruce contra total_causas_sigemi.txt)
[18:34:29] ================================================================================
[18:34:30]   • Actas vencidas viejas (multas): 102967
[18:34:30]   • Causas totales en el maestro SIGEMI: 134069
[18:34:30]   • Causas que coinciden (simplificado): 102640
[18:34:30]   ✅ Archivo escrito: backend/descargas/causas/causas.txt
[18:34:30] ⏱ PASO 2.5 (causas simplificado): 0.4s
[18:34:30] ================================================================================
[18:34:30] PASO 3: LLENANDO CAUSA_NUMERO (según fecha de cambio de sistema, cruzando por acta + año)
[18:34:30] ================================================================================
[18:34:30] 📊 ESTADÍSTICAS DE LLENADO DE CAUSAS:
[18:34:30]   • Pagos con causa ORIGINAL: 3
[18:34:30]   • Causas encontradas en SIGEMI (actas viejas): 0
[18:34:30]   • Causas NO encontradas en SIGEMI: 0
[18:34:30]   • Causas asignadas automáticamente (actas nuevas): 0
[18:34:30] ⏱ PASO 3 (llenar causas): 0.0s
[18:34:30] ================================================================================
[18:34:30] PASO 4: ORDENANDO POR FECHA Y ACTA_NUMERO
[18:34:30] ================================================================================
[18:34:30] ✓ Pagos ordenados correctamente
[18:34:30]   • Primera entrada: Acta=267605, Fecha=18/02/2026
[18:34:30]   • Última entrada: Acta=297179, Fecha=17/04/2026
[18:34:30] 📝 Escribiendo archivo de salida...
[18:34:30]   ✅ Archivo escrito: backend/descargas/pagos/2026-07-28/PAGOS 20260728 183421.txt
[18:34:30]   ✅ Total registros: 467
[18:34:30] ⏱ PASO 4 (ordenar y escribir): 0.0s
[18:34:30] ================================================================================
[18:34:30] ✅ PROCESO COMPLETADO EXITOSAMENTE
[18:34:30] ================================================================================
[18:34:30] 📊 RESUMEN FINAL DEL PROCESAMIENTO:
[18:34:30]   ENTRADA:
[18:34:30]     • Pagos originales: 18394
[18:34:30]     • Multas SIGEMI cargadas: 102967
[18:34:30]     • Multas Juzgado cargadas: 40057
[18:34:30]     • Causas simplificadas (usadas para el cruce): 102640
[18:34:30]   PROCESO:
[18:34:30]     • Pagos rechazados sigemi: 14581
[18:34:30]     • Pagos rechazados juzgado: 3810
[18:34:30]   SALIDA:
[18:34:30]     • Pagos desactualizados procesados: 3
[18:34:30]     • Archivo final: backend/descargas/pagos/2026-07-28/PAGOS 20260728 183421.txt
[18:34:30]     • Ordenados por fecha: SÍ ✓
[18:34:30]     • Todos con ACTA_NUMERO: SÍ ✓
[18:34:30]     • Todos con CAUSA_NUMERO: SÍ ✓
[18:34:30] ✅ TXT de pagos (ya cruzado con actas y causas) generado en: backend/descargas/pagos/2026-07-28/PAGOS 20260728 183421.txt
[18:34:30] 🧹 TXT de pagos crudo eliminado (ya usado en el cruce): backend/descargas/pagos/2026-07-28/PAGOS DESCARGADOS.txt
[18:34:30] 🧹 Excel MULTAS_SIGEMI_CRUCE eliminado (ya usado en el cruce): backend/descargas/cache_actas_cruce/MULTAS_SIGEMI_CRUCE.xlsx
[18:34:30] 🧹 Excel MULTAS_JUZGADO_CRUCE eliminado (ya usado en el cruce): backend/descargas/cache_actas_cruce/MULTAS_JUZGADO_CRUCE.xlsx
[18:34:30] ✅ CompararActasPaso finalizado. (⏱ 8.8s)
[18:34:30] ✓ [CompararActasPaso] Completado.
[18:34:30] ▶ [CargarPagosPaso] Iniciando...
[18:34:30] ==================================================
[18:34:30] 🚀 PASO: CargarPagosPaso
[18:34:30] ==================================================
[18:34:30] 📤 Subiendo TXT de pagos al SEMyT...
[18:34:31] ✅ Importación de pagos completada con éxito.
[18:34:32] ✅ Archivo TXT de pagos cargado en el SEMyT correctamente.
[18:34:32] ✅ CargarPagosPaso finalizado. (⏱ 2.0s)
[18:34:32] ✓ [CargarPagosPaso] Completado.
[18:34:32] === Ejecución finalizada con éxito ===
