[08:59:01] === Inicio de ejecución: pagos ===
[08:59:01] ▶ [LoginSemytPaso] Iniciando...
[08:59:01] ==================================================
[08:59:01] 🚀 PASO: LoginSemytPaso
[08:59:01] ==================================================
[08:59:02] Abriendo SEMyT...
[08:59:55] ✅ [SEMyT] Sesión existente detectada. Login omitido.
[08:59:55] ✅ LoginSemytPaso finalizado. (⏱ 34.4s)
[08:59:55] ✓ [LoginSemytPaso] Completado.
[08:59:55] ▶ [LoginJuzgadoPaso] Iniciando...
[08:59:55] ==================================================
[08:59:55] 🚀 PASO: LoginJuzgadoPaso
[08:59:55] ==================================================
[08:59:55] Abriendo sitio municipalidad (CiDi)...
[08:59:55] ✅ [Juzgado] Sesión existente detectada. Login omitido.
[08:59:55] ✅ LoginJuzgadoPaso finalizado. (⏱ 0.5s)
[08:59:55] ✓ [LoginJuzgadoPaso] Completado.
[08:59:55] ▶ [DescargasParalelasPaso] Iniciando...
[08:59:55] ==================================================
[08:59:55] 🚀 PASO: DescargasParalelasPaso
[08:59:55] ==================================================
[08:59:56] 📤 Arrancando las 3 descargas en paralelo (mismo browser, páginas separadas)...
[08:59:56] Fecha Desde: 27/06/2024
[08:59:56] Fecha Hasta: 24/11/2025
[08:59:56] Fecha Desde: 25/11/2025
[08:59:56] Fecha Hasta: 28/07/2026
[08:59:56] Descargando Excel...
[08:59:56] Descargando Excel...
[09:00:20] Archivo descargado en: backend/descargas/cache_actas_cruce/MULTAS_JUZGADO_CRUCE.xlsx
[09:00:21] ⏱ [actas_juzgado] completado en 25.6s
[09:00:29] ✅ TXT de pagos descargado en: backend/descargas/pagos/2026-07-28/PAGOS DESCARGADOS.txt
[09:00:29] ⏱ [pagos_txt] completado en 33.5s
[09:00:45] Archivo descargado en: backend/descargas/cache_actas_cruce/MULTAS_SIGEMI_CRUCE.xlsx
[09:00:48] ⏱ [actas_sigemi] completado en 52.9s
[09:00:48] ⏱ TOTAL descargas en paralelo: 52.9s
[09:00:49] ✅ DescargasParalelasPaso finalizado. (⏱ 53.2s)
[09:00:49] ✓ [DescargasParalelasPaso] Completado.
[09:00:49] ▶ [CompararActasPaso] Iniciando...
[09:00:49] ==================================================
[09:00:49] 🚀 PASO: CompararActasPaso
[09:00:49] ==================================================
[09:00:49] 🔍 Comparando actas del SEMyT contra pagos del Juzgado...
[09:00:49] ================================================================================
[09:00:49] INICIANDO PROCESO DE GENERACIÓN DE PAGOS DESACTUALIZADOS
[09:00:49] ================================================================================
[09:00:49] 📂 Cargando archivos...
[09:00:49]   ✓ Pagos: 18094 registros
[09:00:52]   ✓ Excel SIGEMI (multas vencidas viejas): 103139 registros
[09:00:53]   ✓ Excel Juzgado (multas vencidas nuevas): 40254 registros
[09:00:53] ================================================================================
[09:00:53] PASO 1: LLENANDO ACTA_NUMERO (búsqueda por patente + fecha, con desempate por hora)
[09:00:53] ================================================================================
[09:00:55] 📊 ESTADÍSTICAS DE LLENADO DE ACTAS:
[09:00:55]   • Pagos con acta ORIGINAL: 3635
[09:00:55]   • Pagos SIN acta (buscados): 14459
[09:00:55]   • Pagos LLENADOS exitosamente: 39
[09:00:55]   • Pagos NO encontrados en multas: 14420
[09:00:55]   • Pagos SIN RESOLVER por desbalance de cantidades: 0
[09:00:55] ================================================================================
[09:00:55] PASO 1: LLENANDO ACTA_NUMERO (búsqueda por patente + fecha, con desempate por hora)
[09:00:55] ================================================================================
[09:00:56] 📊 ESTADÍSTICAS DE LLENADO DE ACTAS:
[09:00:56]   • Pagos con acta ORIGINAL: 3674
[09:00:56]   • Pagos SIN acta (buscados): 14420
[09:00:56]   • Pagos LLENADOS exitosamente: 0
[09:00:56]   • Pagos NO encontrados en multas: 14420
[09:00:56]   • Pagos SIN RESOLVER por desbalance de cantidades: 0
[09:00:56] ⏱ PASO 1 (llenar actas): 3.3s
[09:00:56] ================================================================================
[09:00:56] PASO 2: FILTRANDO PAGOS CON ACTA_NUMERO COMPLETO
[09:00:56] ================================================================================
[09:00:56] 📊 ESTADÍSTICAS DE FILTRADO:
[09:00:56]   • Pagos TOTALES al inicio: 18094
[09:00:56]   • Pagos CON acta (MANTIENEN): 3674
[09:00:56]   • Pagos RECHAZADOS (sin coincidencias): 14420
[09:00:56] ⚠️  Se eliminaron 14420 registros sin número de acta
[09:00:56]      (recordá: esto incluye tanto pagos ya actualizados/pagados
[09:00:56]       como pagos que quedaron sin resolver por desbalance en el Paso 1)
[09:00:56] ================================================================================
[09:00:56] PASO 2-bis: CONFIRMANDO VIGENCIA DE PAGOS (sistema NUEVO contra MULTAS_JUZGADO_CRUCE, sistema VIEJO contra SIGEMI)
[09:00:56] ================================================================================
[09:00:57]   ⚠ 3616 pago(s) descartados: su acta ya no figura como vencida en MULTAS_JUZGADO_CRUCE (SEMyT ya los actualizó).
[09:00:57]   ⚠ 2 pago(s) descartados: su acta ya no figura como vencida en el Excel de SIGEMI (SEMyT ya los actualizó).
[09:00:57]   • Pagos descartados en total por ya estar actualizados/pagados: 3618
[09:00:57] ⏱ PASO 2 (filtrar): 0.3s
[09:00:57] 📂 Cargando maestro de causas SIGEMI...
[09:00:57]   ✓ Causas totales (maestro): 134069 registros
[09:00:57] ⏱ PASO 2.5 (causas simplificado): 0.0s
[09:00:57] ================================================================================
[09:00:57] PASO 2.5: ARMANDO causas.txt SIMPLIFICADO (cruce contra total_causas_sigemi.txt)
[09:00:57] ================================================================================
[09:00:57]   • Actas vencidas viejas (multas): 103139
[09:00:57]   • Causas totales en el maestro SIGEMI: 134069
[09:00:57]   • Causas que coinciden (simplificado): 102812
[09:00:57]   ✅ Archivo escrito: backend/descargas/causas/causas.txt
[09:00:57] ⏱ PASO 2.5 (causas simplificado): 0.4s
[09:00:57] ================================================================================
[09:00:57] PASO 3: LLENANDO CAUSA_NUMERO (según fecha de cambio de sistema, cruzando por acta + año)
[09:00:57] ================================================================================
[09:00:57] 📊 ESTADÍSTICAS DE LLENADO DE CAUSAS:
[09:00:57]   • Pagos con causa ORIGINAL: 17
[09:00:57]   • Causas encontradas en SIGEMI (actas viejas): 39
[09:00:57]   • Causas NO encontradas en SIGEMI: 0
[09:00:57]   • Causas asignadas automáticamente (actas nuevas): 0
[09:00:57] ⏱ PASO 3 (llenar causas): 0.0s
[09:00:57] ================================================================================
[09:00:57] PASO 4: ORDENANDO POR FECHA Y ACTA_NUMERO
[09:00:57] ================================================================================
[09:00:57] ✓ Pagos ordenados correctamente
[09:00:57]   • Primera entrada: Acta=3208, Fecha=02/07/2024
[09:00:57]   • Última entrada: Acta=309627, Fecha=08/05/2026
[09:00:57] 📝 Escribiendo archivo de salida...
[09:00:57]   ✅ Archivo escrito: backend/descargas/pagos/2026-07-28/PAGOS 20260728 090049.txt
[09:00:57]   ✅ Total registros: 6135
[09:00:57] ⏱ PASO 4 (ordenar y escribir): 0.0s
[09:00:57] ================================================================================
[09:00:57] ✅ PROCESO COMPLETADO EXITOSAMENTE
[09:00:57] ================================================================================
[09:00:57] 📊 RESUMEN FINAL DEL PROCESAMIENTO:
[09:00:57]   ENTRADA:
[09:00:57]     • Pagos originales: 18094
[09:00:57]     • Multas SIGEMI cargadas: 103139
[09:00:57]     • Multas Juzgado cargadas: 40254
[09:00:57]     • Causas simplificadas (usadas para el cruce): 102812
[09:00:57]   PROCESO:
[09:00:57]     • Pagos rechazados sigemi: 14420
[09:00:57]     • Pagos rechazados juzgado: 3618
[09:00:57]   SALIDA:
[09:00:57]     • Pagos desactualizados procesados: 56
[09:00:57]     • Archivo final: backend/descargas/pagos/2026-07-28/PAGOS 20260728 090049.txt
[09:00:57]     • Ordenados por fecha: SÍ ✓
[09:00:57]     • Todos con ACTA_NUMERO: SÍ ✓
[09:00:57]     • Todos con CAUSA_NUMERO: SÍ ✓
[09:00:57] ✅ TXT de pagos (ya cruzado con actas y causas) generado en: backend/descargas/pagos/2026-07-28/PAGOS 20260728 090049.txt
[09:00:57] 🧹 TXT de pagos crudo eliminado (ya usado en el cruce): backend/descargas/pagos/2026-07-28/PAGOS DESCARGADOS.txt
[09:00:57] 🧹 Excel MULTAS_SIGEMI_CRUCE eliminado (ya usado en el cruce): backend/descargas/cache_actas_cruce/MULTAS_SIGEMI_CRUCE.xlsx
[09:00:57] 🧹 Excel MULTAS_JUZGADO_CRUCE eliminado (ya usado en el cruce): backend/descargas/cache_actas_cruce/MULTAS_JUZGADO_CRUCE.xlsx
[09:00:57] ✅ CompararActasPaso finalizado. (⏱ 8.6s)
[09:00:57] ✓ [CompararActasPaso] Completado.
[09:00:57] ▶ [CargarPagosPaso] Iniciando...
[09:00:57] ==================================================
[09:00:57] 🚀 PASO: CargarPagosPaso
[09:00:57] ==================================================
[09:00:57] 📤 Subiendo TXT de pagos al SEMyT...
[09:00:59] ✅ Importación de pagos completada con éxito.
[09:00:59] ✅ Archivo TXT de pagos cargado en el SEMyT correctamente.
[09:00:59] ✅ CargarPagosPaso finalizado. (⏱ 2.1s)
[09:00:59] ✓ [CargarPagosPaso] Completado.
[09:00:59] === Ejecución finalizada con éxito ===
