[00:00:07] 🔐 [Automático] Limpieza diaria de sesiones (00:00): se fuerza login nuevo en la próxima corrida.
[00:00:22] 🤖 [Automático] Es hora de actualizar pagos. Arrancando...
[00:00:37] ⏳ [Automático] Tocaba disparar 'pagos' pero ya hay una ejecución en curso (Actualizar pagos); esperando a que termine; se reintenta en breve sin perder el turno.
[00:03:37] 🤖 [Automático] Es hora de actualizar pagos. Arrancando...
[00:03:52] ⏳ [Automático] Tocaba disparar 'pagos' pero ya hay una ejecución en curso (Actualizar pagos); esperando a que termine; se reintenta en breve sin perder el turno.
[00:06:52] 🤖 [Automático] Es hora de actualizar pagos. Arrancando...
[00:07:07] ⏳ [Automático] Tocaba disparar 'pagos' pero ya hay una ejecución en curso (Actualizar pagos); esperando a que termine; se reintenta en breve sin perder el turno.
[00:09:52] 🤖 [Automático] Es hora de actualizar pagos. Arrancando...
[00:10:07] ⏳ [Automático] Tocaba disparar 'pagos' pero ya hay una ejecución en curso (Actualizar pagos); esperando a que termine; se reintenta en breve sin perder el turno.
[00:13:07] 🤖 [Automático] Es hora de actualizar pagos. Arrancando...
[00:13:22] ⏳ [Automático] Tocaba disparar 'pagos' pero ya hay una ejecución en curso (Actualizar pagos); esperando a que termine; se reintenta en breve sin perder el turno.
[00:16:07] 🤖 [Automático] Es hora de actualizar pagos. Arrancando...
[00:16:22] ⏳ [Automático] Tocaba disparar 'pagos' pero ya hay una ejecución en curso (Actualizar pagos); esperando a que termine; se reintenta en breve sin perder el turno.
[00:19:07] 🤖 [Automático] Es hora de actualizar pagos. Arrancando...
[00:19:22] ⏳ [Automático] Tocaba disparar 'pagos' pero ya hay una ejecución en curso (Actualizar pagos); esperando a que termine; se reintenta en breve sin perder el turno.
[00:22:07] 🤖 [Automático] Es hora de actualizar pagos. Arrancando...
[00:22:22] ⏳ [Automático] Tocaba disparar 'pagos' pero ya hay una ejecución en curso (Actualizar pagos); esperando a que termine; se reintenta en breve sin perder el turno.
[00:25:22] 🤖 [Automático] Es hora de actualizar pagos. Arrancando...
[00:25:37] ⏳ [Automático] Tocaba disparar 'pagos' pero ya hay una ejecución en curso (Actualizar pagos); esperando a que termine; se reintenta en breve sin perder el turno.
[00:28:37] 🤖 [Automático] Es hora de actualizar pagos. Arrancando...
[00:28:53] ⏳ [Automático] Tocaba disparar 'pagos' pero ya hay una ejecución en curso (Actualizar pagos); esperando a que termine; se reintenta en breve sin perder el turno.
[00:31:38] 🤖 [Automático] Es hora de actualizar pagos. Arrancando...
[00:31:53] ⏳ [Automático] Tocaba disparar 'pagos' pero ya hay una ejecución en curso (Actualizar pagos); esperando a que termine; se reintenta en breve sin perder el turno.
[00:34:38] 🤖 [Automático] Es hora de actualizar pagos. Arrancando...
[00:34:53] ⏳ [Automático] Tocaba disparar 'pagos' pero ya hay una ejecución en curso (Actualizar pagos); esperando a que termine; se reintenta en breve sin perder el turno.
[00:37:38] 🤖 [Automático] Es hora de actualizar pagos. Arrancando...
[00:37:53] ⏳ [Automático] Tocaba disparar 'pagos' pero ya hay una ejecución en curso (Actualizar pagos); esperando a que termine; se reintenta en breve sin perder el turno.
[00:40:38] 🤖 [Automático] Es hora de actualizar pagos. Arrancando...
[00:40:53] ⏳ [Automático] Tocaba disparar 'pagos' pero ya hay una ejecución en curso (Actualizar pagos); esperando a que termine; se reintenta en breve sin perder el turno.
[00:43:53] 🤖 [Automático] Es hora de actualizar pagos. Arrancando...
[00:44:08] ⏳ [Automático] Tocaba disparar 'pagos' pero ya hay una ejecución en curso (Actualizar pagos); esperando a que termine; se reintenta en breve sin perder el turno.
[00:46:53] 🤖 [Automático] Es hora de actualizar pagos. Arrancando...
[00:47:08] ⏳ [Automático] Tocaba disparar 'pagos' pero ya hay una ejecución en curso (Actualizar pagos); esperando a que termine; se reintenta en breve sin perder el turno.
[00:49:53] 🤖 [Automático] Es hora de actualizar pagos. Arrancando...
[00:50:08] ⏳ [Automático] Tocaba disparar 'pagos' pero ya hay una ejecución en curso (Actualizar pagos); esperando a que termine; se reintenta en breve sin perder el turno.
[00:52:53] 🤖 [Automático] Es hora de actualizar pagos. Arrancando...
[00:53:08] ⏳ [Automático] Tocaba disparar 'pagos' pero ya hay una ejecución en curso (Actualizar pagos); esperando a que termine; se reintenta en breve sin perder el turno.
[00:55:53] 🤖 [Automático] Es hora de actualizar pagos. Arrancando...
[00:56:08] ⏳ [Automático] Tocaba disparar 'pagos' pero ya hay una ejecución en curso (Actualizar pagos); esperando a que termine; se reintenta en breve sin perder el turno.
[00:58:53] 🤖 [Automático] Es hora de actualizar pagos. Arrancando...
[00:59:08] ⏳ [Automático] Tocaba disparar 'pagos' pero ya hay una ejecución en curso (Actualizar pagos); esperando a que termine; se reintenta en breve sin perder el turno.
[01:02:08] 🤖 [Automático] Es hora de actualizar pagos. Arrancando...
[01:02:23] ⏳ [Automático] Tocaba disparar 'pagos' pero ya hay una ejecución en curso (Actualizar pagos); esperando a que termine; se reintenta en breve sin perder el turno.
[01:05:09] 🤖 [Automático] Es hora de actualizar pagos. Arrancando...
[01:05:24] ⏳ [Automático] Tocaba disparar 'pagos' pero ya hay una ejecución en curso (Actualizar pagos); esperando a que termine; se reintenta en breve sin perder el turno.
[01:08:09] 🤖 [Automático] Es hora de actualizar pagos. Arrancando...
[01:08:24] ⏳ [Automático] Tocaba disparar 'pagos' pero ya hay una ejecución en curso (Actualizar pagos); esperando a que termine; se reintenta en breve sin perder el turno.
[01:11:09] 🤖 [Automático] Es hora de actualizar pagos. Arrancando...
[01:11:24] ⏳ [Automático] Tocaba disparar 'pagos' pero ya hay una ejecución en curso (Actualizar pagos); esperando a que termine; se reintenta en breve sin perder el turno.
[01:14:09] 🤖 [Automático] Es hora de actualizar pagos. Arrancando...
[01:14:24] ⏳ [Automático] Tocaba disparar 'pagos' pero ya hay una ejecución en curso (Actualizar pagos); esperando a que termine; se reintenta en breve sin perder el turno.
[01:17:09] 🤖 [Automático] Es hora de actualizar pagos. Arrancando...
[01:17:24] ⏳ [Automático] Tocaba disparar 'pagos' pero ya hay una ejecución en curso (Actualizar pagos); esperando a que termine; se reintenta en breve sin perder el turno.
[01:20:09] 🤖 [Automático] Es hora de actualizar pagos. Arrancando...
[01:20:24] ⏳ [Automático] Tocaba disparar 'pagos' pero ya hay una ejecución en curso (Actualizar pagos); esperando a que termine; se reintenta en breve sin perder el turno.
[01:23:09] 🤖 [Automático] Es hora de actualizar pagos. Arrancando...
[01:23:24] ⏳ [Automático] Tocaba disparar 'pagos' pero ya hay una ejecución en curso (Actualizar pagos); esperando a que termine; se reintenta en breve sin perder el turno.
[01:26:39] 🤖 [Automático] Es hora de actualizar pagos. Arrancando...
[01:26:54] ⏳ [Automático] Tocaba disparar 'pagos' pero ya hay una ejecución en curso (Actualizar pagos); esperando a que termine; se reintenta en breve sin perder el turno.
[01:29:39] 🤖 [Automático] Es hora de actualizar pagos. Arrancando...
[01:29:54] ⏳ [Automático] Tocaba disparar 'pagos' pero ya hay una ejecución en curso (Actualizar pagos); esperando a que termine; se reintenta en breve sin perder el turno.
[01:32:54] 🤖 [Automático] Es hora de actualizar pagos. Arrancando...
[01:33:09] ⏳ [Automático] Tocaba disparar 'pagos' pero ya hay una ejecución en curso (Actualizar pagos); esperando a que termine; se reintenta en breve sin perder el turno.
[01:40:44] 🤖 [Automático] Es hora de actualizar pagos. Arrancando...
[01:42:36] ❌ [Automático] 'pagos' falló (intento 1 de 4). Se reintenta a las 01:47.
[01:48:03] 🤖 [Automático] Es hora de actualizar pagos (reintento 1 de 3). Arrancando...
[01:49:49] ❌ [Automático] 'pagos' falló (intento 2 de 4). Se reintenta a las 02:04.
[02:08:11] 🤖 [Automático] Es hora de actualizar pagos (reintento 2 de 3). Arrancando...
[02:11:48] ⏳ [Automático] Tocaba disparar 'pagos' pero ya hay una ejecución en curso (Actualizar pagos); esperando a que termine; se reintenta en breve sin perder el turno.
[02:35:38] ❌ [Automático] 'pagos' falló (intento 3 de 4). Se reintenta a las 03:05.
[03:06:48] 🤖 [Automático] Es hora de actualizar pagos (reintento 3 de 3). Arrancando...
[03:08:39] ⏳ [Automático] Tocaba disparar 'pagos' pero ya hay una ejecución en curso (Actualizar pagos); esperando a que termine; se reintenta en breve sin perder el turno.
[03:32:23] ❌ [Automático] 'pagos' falló 4 veces seguidas (actualizar pagos). Se dejan de reintentar por ahora; revisá el log de esa ejecución para ver el detalle del error. Se retoma en el horario normal.
[03:36:03] 🤖 [Automático] Es hora de actualizar pagos. Arrancando...
[03:37:53] ❌ [Automático] 'pagos' falló (intento 1 de 4). Se reintenta a las 03:42.
[03:45:15] 🤖 [Automático] Es hora de actualizar pagos (reintento 1 de 3). Arrancando...
[03:48:50] ❌ [Automático] 'pagos' falló (intento 2 de 4). Se reintenta a las 04:03.
[04:07:03] 🤖 [Automático] Es hora de actualizar pagos (reintento 2 de 3). Arrancando...
[04:08:50] ❌ [Automático] 'pagos' falló (intento 3 de 4). Se reintenta a las 04:38.
[04:41:01] 🤖 [Automático] Es hora de actualizar pagos (reintento 3 de 3). Arrancando...
[04:42:51] ❌ [Automático] 'pagos' falló 4 veces seguidas (actualizar pagos). Se dejan de reintentar por ahora; revisá el log de esa ejecución para ver el detalle del error. Se retoma en el horario normal.
[04:46:32] 🤖 [Automático] Es hora de actualizar pagos. Arrancando...
[04:48:18] ❌ [Automático] 'pagos' falló (intento 1 de 4). Se reintenta a las 04:53.
[04:53:48] 🤖 [Automático] Es hora de actualizar pagos (reintento 1 de 3). Arrancando...
[04:55:34] ❌ [Automático] 'pagos' falló (intento 2 de 4). Se reintenta a las 05:10.
[05:11:59] 🤖 [Automático] Es hora de actualizar pagos (reintento 2 de 3). Arrancando...
[05:13:49] ❌ [Automático] 'pagos' falló (intento 3 de 4). Se reintenta a las 05:43.
[05:46:27] 🤖 [Automático] Es hora de actualizar pagos (reintento 3 de 3). Arrancando...
[05:48:17] ❌ [Automático] 'pagos' falló 4 veces seguidas (actualizar pagos). Se dejan de reintentar por ahora; revisá el log de esa ejecución para ver el detalle del error. Se retoma en el horario normal.
[05:52:02] 🤖 [Automático] Es hora de actualizar pagos. Arrancando...
[05:55:36] ⏳ [Automático] Tocaba disparar 'pagos' pero ya hay una ejecución en curso (Actualizar pagos); esperando a que termine; se reintenta en breve sin perder el turno.
[06:00:13] ❌ [Automático] 'pagos' falló (intento 1 de 4). Se reintenta a las 06:05.
[06:05:42] 🤖 [Automático] Es hora de actualizar pagos (reintento 1 de 3). Arrancando...
[06:07:25] ❌ [Automático] 'pagos' falló (intento 2 de 4). Se reintenta a las 06:22.
[06:23:51] 🤖 [Automático] Es hora de actualizar pagos (reintento 2 de 3). Arrancando...
[06:25:37] ❌ [Automático] 'pagos' falló (intento 3 de 4). Se reintenta a las 06:55.
[06:56:23] 🤖 [Automático] Es hora de actualizar pagos (reintento 3 de 3). Arrancando...
[06:58:09] ❌ [Automático] 'pagos' falló 4 veces seguidas (actualizar pagos). Se dejan de reintentar por ahora; revisá el log de esa ejecución para ver el detalle del error. Se retoma en el horario normal.
[07:03:40] 🤖 [Automático] Es hora de actualizar pagos. Arrancando...
[07:05:37] ⏳ [Automático] Tocaba disparar 'pagos' pero ya hay una ejecución en curso (Actualizar pagos); esperando a que termine; se reintenta en breve sin perder el turno.
[07:07:16] ❌ [Automático] 'pagos' falló (intento 1 de 4). Se reintenta a las 07:12.
[07:12:48] 🤖 [Automático] Es hora de actualizar pagos (reintento 1 de 3). Arrancando...
[07:14:47] ⏳ [Automático] Tocaba disparar 'pagos' pero ya hay una ejecución en curso (Actualizar pagos); esperando a que termine; se reintenta en breve sin perder el turno.
[07:14:48] ❌ [Automático] 'pagos' falló (intento 2 de 4). Se reintenta a las 07:29.
[07:32:58] 🤖 [Automático] Es hora de actualizar pagos (reintento 2 de 3). Arrancando...
[07:36:32] ⏳ [Automático] Tocaba disparar 'pagos' pero ya hay una ejecución en curso (Actualizar pagos); esperando a que termine; se reintenta en breve sin perder el turno.
[07:40:15] ❌ [Automático] 'pagos' falló (intento 3 de 4). Se reintenta a las 08:10.
[08:12:54] 🤖 [Automático] Es hora de actualizar pagos (reintento 3 de 3). Arrancando...
[08:14:44] ❌ [Automático] 'pagos' falló 4 veces seguidas (actualizar pagos). Se dejan de reintentar por ahora; revisá el log de esa ejecución para ver el detalle del error. Se retoma en el horario normal.
[08:20:10] 🤖 [Automático] Es hora de actualizar pagos. Arrancando...
[08:22:01] ❌ [Automático] 'pagos' falló (intento 1 de 4). Se reintenta a las 08:27.
[08:27:26] 🤖 [Automático] Es hora de actualizar pagos (reintento 1 de 3). Arrancando...
[08:29:11] ❌ [Automático] 'pagos' falló (intento 2 de 4). Se reintenta a las 08:44.
[08:45:36] 🤖 [Automático] Es hora de actualizar pagos (reintento 2 de 3). Arrancando...
[08:49:13] ⏳ [Automático] Tocaba disparar 'pagos' pero ya hay una ejecución en curso (Actualizar pagos); esperando a que termine; se reintenta en breve sin perder el turno.
[09:00:10] ✅ [Automático] 'pagos' terminó bien en el reintento 2.
[09:03:45] 🤖 [Automático] Es hora de actualizar pagos. Arrancando...
[09:05:32] ❌ [Automático] 'pagos' falló (intento 1 de 4). Se reintenta a las 09:10.
[09:11:02] 🤖 [Automático] Es hora de actualizar pagos (reintento 1 de 3). Arrancando...
[09:12:48] ❌ [Automático] 'pagos' falló (intento 2 de 4). Se reintenta a las 09:27.
[09:29:12] 🤖 [Automático] Es hora de actualizar pagos (reintento 2 de 3). Arrancando...
[09:32:49] ❌ [Automático] 'pagos' falló (intento 3 de 4). Se reintenta a las 10:02.
[10:03:54] 🤖 [Automático] Es hora de actualizar pagos (reintento 3 de 3). Arrancando...
[10:05:40] ❌ [Automático] 'pagos' falló 4 veces seguidas (actualizar pagos). Se dejan de reintentar por ahora; revisá el log de esa ejecución para ver el detalle del error. Se retoma en el horario normal.
[10:11:10] 🤖 [Automático] Es hora de actualizar pagos. Arrancando...
[10:12:56] ❌ [Automático] 'pagos' falló (intento 1 de 4). Se reintenta a las 10:17.
[10:18:27] 🤖 [Automático] Es hora de actualizar pagos (reintento 1 de 3). Arrancando...
[10:22:02] ❌ [Automático] 'pagos' falló (intento 2 de 4). Se reintenta a las 10:37.
[10:37:32] 🤖 [Automático] Es hora de actualizar pagos (reintento 2 de 3). Arrancando...
[10:39:19] ❌ [Automático] 'pagos' falló (intento 3 de 4). Se reintenta a las 11:09.
[11:09:24] 🤖 [Automático] Es hora de actualizar pagos (reintento 3 de 3). Arrancando...
[11:09:39] ⏳ [Automático] Tocaba disparar 'pagos' pero ya hay una ejecución en curso (Actualizar pagos); esperando a que termine; se reintenta en breve sin perder el turno.
[11:10:51] ✅ [Automático] 'pagos' terminó bien en el reintento 3.
[11:12:54] 🤖 [Automático] Es hora de actualizar pagos. Arrancando...
[11:13:09] ⏳ [Automático] Tocaba disparar 'pagos' pero ya hay una ejecución en curso (Actualizar pagos); esperando a que termine; se reintenta en breve sin perder el turno.
[11:15:54] 🤖 [Automático] Es hora de actualizar pagos. Arrancando...
[11:16:09] ⏳ [Automático] Tocaba disparar 'pagos' pero ya hay una ejecución en curso (Actualizar pagos); esperando a que termine; se reintenta en breve sin perder el turno.
[11:18:54] 🤖 [Automático] Es hora de actualizar pagos. Arrancando...
[11:19:09] ⏳ [Automático] Tocaba disparar 'pagos' pero ya hay una ejecución en curso (Actualizar pagos); esperando a que termine; se reintenta en breve sin perder el turno.
[11:21:55] 🤖 [Automático] Es hora de actualizar pagos. Arrancando...
[11:22:10] ⏳ [Automático] Tocaba disparar 'pagos' pero ya hay una ejecución en curso (Actualizar pagos); esperando a que termine; se reintenta en breve sin perder el turno.
[11:24:55] 🤖 [Automático] Es hora de actualizar pagos. Arrancando...
[11:25:10] ⏳ [Automático] Tocaba disparar 'pagos' pero ya hay una ejecución en curso (Actualizar pagos); esperando a que termine; se reintenta en breve sin perder el turno.
[11:27:55] 🤖 [Automático] Es hora de actualizar pagos. Arrancando...
[11:27:56] ❌ [Automático] 'pagos' falló (intento 1 de 4). Se reintenta a las 11:32.
[11:33:10] 🤖 [Automático] Es hora de actualizar pagos (reintento 1 de 3). Arrancando...
[11:33:11] ❌ [Automático] 'pagos' falló (intento 2 de 4). Se reintenta a las 11:48.
[11:48:25] 🤖 [Automático] Es hora de actualizar pagos (reintento 2 de 3). Arrancando...
[11:48:26] ❌ [Automático] 'pagos' falló (intento 3 de 4). Se reintenta a las 12:18.
[12:18:41] 🤖 [Automático] Es hora de actualizar pagos (reintento 3 de 3). Arrancando...
[12:18:42] ❌ [Automático] 'pagos' falló 4 veces seguidas (actualizar pagos). Se dejan de reintentar por ahora; revisá el log de esa ejecución para ver el detalle del error. Se retoma en el horario normal.
[12:20:56] 🤖 [Automático] Es hora de actualizar pagos. Arrancando...
[12:20:57] ❌ [Automático] 'pagos' falló (intento 1 de 4). Se reintenta a las 12:25.
[12:26:11] 🤖 [Automático] Es hora de actualizar pagos (reintento 1 de 3). Arrancando...
[12:26:12] ❌ [Automático] 'pagos' falló (intento 2 de 4). Se reintenta a las 12:41.
[12:41:26] 🤖 [Automático] Es hora de actualizar pagos (reintento 2 de 3). Arrancando...
[12:41:27] ❌ [Automático] 'pagos' falló (intento 3 de 4). Se reintenta a las 13:11.
[13:11:41] 🤖 [Automático] Es hora de actualizar pagos (reintento 3 de 3). Arrancando...
[13:11:42] ❌ [Automático] 'pagos' falló 4 veces seguidas (actualizar pagos). Se dejan de reintentar por ahora; revisá el log de esa ejecución para ver el detalle del error. Se retoma en el horario normal.
[13:13:56] 🤖 [Automático] Es hora de actualizar pagos. Arrancando...
[13:13:57] ❌ [Automático] 'pagos' falló (intento 1 de 4). Se reintenta a las 13:18.
[13:19:12] 🤖 [Automático] Es hora de actualizar pagos (reintento 1 de 3). Arrancando...
[13:19:13] ❌ [Automático] 'pagos' falló (intento 2 de 4). Se reintenta a las 13:34.
[13:34:27] 🤖 [Automático] Es hora de actualizar pagos (reintento 2 de 3). Arrancando...
[13:34:28] ❌ [Automático] 'pagos' falló (intento 3 de 4). Se reintenta a las 14:04.
[14:04:43] 🤖 [Automático] Es hora de actualizar pagos (reintento 3 de 3). Arrancando...
[14:04:44] ❌ [Automático] 'pagos' falló 4 veces seguidas (actualizar pagos). Se dejan de reintentar por ahora; revisá el log de esa ejecución para ver el detalle del error. Se retoma en el horario normal.
[14:06:58] 🤖 [Automático] Es hora de actualizar pagos. Arrancando...
[14:06:59] ❌ [Automático] 'pagos' falló (intento 1 de 4). Se reintenta a las 14:11.
[14:12:13] 🤖 [Automático] Es hora de actualizar pagos (reintento 1 de 3). Arrancando...
[14:12:14] ❌ [Automático] 'pagos' falló (intento 2 de 4). Se reintenta a las 14:27.
[14:27:28] 🤖 [Automático] Es hora de actualizar pagos (reintento 2 de 3). Arrancando...
[14:27:29] ❌ [Automático] 'pagos' falló (intento 3 de 4). Se reintenta a las 14:57.
[14:57:44] 🤖 [Automático] Es hora de actualizar pagos (reintento 3 de 3). Arrancando...
[14:57:45] ❌ [Automático] 'pagos' falló 4 veces seguidas (actualizar pagos). Se dejan de reintentar por ahora; revisá el log de esa ejecución para ver el detalle del error. Se retoma en el horario normal.
[14:59:59] 🤖 [Automático] Es hora de actualizar pagos. Arrancando...
[15:00:00] ❌ [Automático] 'pagos' falló (intento 1 de 4). Se reintenta a las 15:05.
[15:05:14] 🤖 [Automático] Es hora de actualizar pagos (reintento 1 de 3). Arrancando...
[15:05:15] ❌ [Automático] 'pagos' falló (intento 2 de 4). Se reintenta a las 15:20.
[15:20:29] 🤖 [Automático] Es hora de actualizar pagos (reintento 2 de 3). Arrancando...
[15:20:30] ❌ [Automático] 'pagos' falló (intento 3 de 4). Se reintenta a las 15:50.
[15:50:45] 🤖 [Automático] Es hora de actualizar pagos (reintento 3 de 3). Arrancando...
[15:50:46] ❌ [Automático] 'pagos' falló 4 veces seguidas (actualizar pagos). Se dejan de reintentar por ahora; revisá el log de esa ejecución para ver el detalle del error. Se retoma en el horario normal.
[15:53:00] 🤖 [Automático] Es hora de actualizar pagos. Arrancando...
[15:53:01] ❌ [Automático] 'pagos' falló (intento 1 de 4). Se reintenta a las 15:58.
[15:58:15] 🤖 [Automático] Es hora de actualizar pagos (reintento 1 de 3). Arrancando...
[15:58:16] ❌ [Automático] 'pagos' falló (intento 2 de 4). Se reintenta a las 16:13.
[16:13:30] 🤖 [Automático] Es hora de actualizar pagos (reintento 2 de 3). Arrancando...
[16:13:31] ❌ [Automático] 'pagos' falló (intento 3 de 4). Se reintenta a las 16:43.
[16:43:45] 🤖 [Automático] Es hora de actualizar pagos (reintento 3 de 3). Arrancando...
[16:43:46] ❌ [Automático] 'pagos' falló 4 veces seguidas (actualizar pagos). Se dejan de reintentar por ahora; revisá el log de esa ejecución para ver el detalle del error. Se retoma en el horario normal.
[16:46:00] 🤖 [Automático] Es hora de actualizar pagos. Arrancando...
[16:46:01] ❌ [Automático] 'pagos' falló (intento 1 de 4). Se reintenta a las 16:51.
[16:51:16] 🤖 [Automático] Es hora de actualizar pagos (reintento 1 de 3). Arrancando...
[16:51:17] ❌ [Automático] 'pagos' falló (intento 2 de 4). Se reintenta a las 17:06.
[17:06:31] 🤖 [Automático] Es hora de actualizar pagos (reintento 2 de 3). Arrancando...
[17:06:32] ❌ [Automático] 'pagos' falló (intento 3 de 4). Se reintenta a las 17:36.
[17:36:47] 🤖 [Automático] Es hora de actualizar pagos (reintento 3 de 3). Arrancando...
[17:36:48] ❌ [Automático] 'pagos' falló 4 veces seguidas (actualizar pagos). Se dejan de reintentar por ahora; revisá el log de esa ejecución para ver el detalle del error. Se retoma en el horario normal.
[17:39:02] 🤖 [Automático] Es hora de actualizar pagos. Arrancando...
[17:39:03] ❌ [Automático] 'pagos' falló (intento 1 de 4). Se reintenta a las 17:44.
[17:44:17] 🤖 [Automático] Es hora de actualizar pagos (reintento 1 de 3). Arrancando...
[17:44:18] ❌ [Automático] 'pagos' falló (intento 2 de 4). Se reintenta a las 17:59.
[17:59:32] 🤖 [Automático] Es hora de actualizar pagos (reintento 2 de 3). Arrancando...
[17:59:33] ❌ [Automático] 'pagos' falló (intento 3 de 4). Se reintenta a las 18:29.
[18:29:48] 🤖 [Automático] Es hora de actualizar pagos (reintento 3 de 3). Arrancando...
[18:29:49] ❌ [Automático] 'pagos' falló 4 veces seguidas (actualizar pagos). Se dejan de reintentar por ahora; revisá el log de esa ejecución para ver el detalle del error. Se retoma en el horario normal.
[18:32:03] 🤖 [Automático] Es hora de actualizar pagos. Arrancando...
[18:32:04] ❌ [Automático] 'pagos' falló (intento 1 de 4). Se reintenta a las 18:37.
[18:37:18] 🤖 [Automático] Es hora de actualizar pagos (reintento 1 de 3). Arrancando...
[18:37:19] ❌ [Automático] 'pagos' falló (intento 2 de 4). Se reintenta a las 18:52.
[18:52:33] 🤖 [Automático] Es hora de actualizar pagos (reintento 2 de 3). Arrancando...
[18:52:34] ❌ [Automático] 'pagos' falló (intento 3 de 4). Se reintenta a las 19:22.
[19:22:48] 🤖 [Automático] Es hora de actualizar pagos (reintento 3 de 3). Arrancando...
[19:22:50] ❌ [Automático] 'pagos' falló 4 veces seguidas (actualizar pagos). Se dejan de reintentar por ahora; revisá el log de esa ejecución para ver el detalle del error. Se retoma en el horario normal.
[19:25:04] 🤖 [Automático] Es hora de actualizar pagos. Arrancando...
[19:25:05] ❌ [Automático] 'pagos' falló (intento 1 de 4). Se reintenta a las 19:30.
[19:30:19] 🤖 [Automático] Es hora de actualizar pagos (reintento 1 de 3). Arrancando...
[19:30:20] ❌ [Automático] 'pagos' falló (intento 2 de 4). Se reintenta a las 19:45.
[19:45:34] 🤖 [Automático] Es hora de actualizar pagos (reintento 2 de 3). Arrancando...
[19:45:35] ❌ [Automático] 'pagos' falló (intento 3 de 4). Se reintenta a las 20:15.
[20:15:49] 🤖 [Automático] Es hora de actualizar pagos (reintento 3 de 3). Arrancando...
[20:15:50] ❌ [Automático] 'pagos' falló 4 veces seguidas (actualizar pagos). Se dejan de reintentar por ahora; revisá el log de esa ejecución para ver el detalle del error. Se retoma en el horario normal.
[20:18:04] 🤖 [Automático] Es hora de actualizar pagos. Arrancando...
[20:18:05] ❌ [Automático] 'pagos' falló (intento 1 de 4). Se reintenta a las 20:23.
[20:23:19] 🤖 [Automático] Es hora de actualizar pagos (reintento 1 de 3). Arrancando...
[20:23:20] ❌ [Automático] 'pagos' falló (intento 2 de 4). Se reintenta a las 20:38.
[20:38:35] 🤖 [Automático] Es hora de actualizar pagos (reintento 2 de 3). Arrancando...
[20:38:36] ❌ [Automático] 'pagos' falló (intento 3 de 4). Se reintenta a las 21:08.
[21:08:51] 🤖 [Automático] Es hora de actualizar pagos (reintento 3 de 3). Arrancando...
[21:08:52] ❌ [Automático] 'pagos' falló 4 veces seguidas (actualizar pagos). Se dejan de reintentar por ahora; revisá el log de esa ejecución para ver el detalle del error. Se retoma en el horario normal.
[21:11:06] 🤖 [Automático] Es hora de actualizar pagos. Arrancando...
[21:11:07] ❌ [Automático] 'pagos' falló (intento 1 de 4). Se reintenta a las 21:16.
[21:16:21] 🤖 [Automático] Es hora de actualizar pagos (reintento 1 de 3). Arrancando...
[21:16:22] ❌ [Automático] 'pagos' falló (intento 2 de 4). Se reintenta a las 21:31.
[21:31:36] 🤖 [Automático] Es hora de actualizar pagos (reintento 2 de 3). Arrancando...
[21:31:37] ❌ [Automático] 'pagos' falló (intento 3 de 4). Se reintenta a las 22:01.
[22:01:52] 🤖 [Automático] Es hora de actualizar pagos (reintento 3 de 3). Arrancando...
[22:01:53] ❌ [Automático] 'pagos' falló 4 veces seguidas (actualizar pagos). Se dejan de reintentar por ahora; revisá el log de esa ejecución para ver el detalle del error. Se retoma en el horario normal.
[22:04:07] 🤖 [Automático] Es hora de actualizar pagos. Arrancando...
[22:04:08] ❌ [Automático] 'pagos' falló (intento 1 de 4). Se reintenta a las 22:09.
[22:09:22] 🤖 [Automático] Es hora de actualizar pagos (reintento 1 de 3). Arrancando...
[22:09:23] ❌ [Automático] 'pagos' falló (intento 2 de 4). Se reintenta a las 22:24.
[22:24:38] 🤖 [Automático] Es hora de actualizar pagos (reintento 2 de 3). Arrancando...
[22:24:39] ❌ [Automático] 'pagos' falló (intento 3 de 4). Se reintenta a las 22:54.
[22:54:54] 🤖 [Automático] Es hora de actualizar pagos (reintento 3 de 3). Arrancando...
[22:54:55] ❌ [Automático] 'pagos' falló 4 veces seguidas (actualizar pagos). Se dejan de reintentar por ahora; revisá el log de esa ejecución para ver el detalle del error. Se retoma en el horario normal.
[22:57:09] 🤖 [Automático] Es hora de actualizar pagos. Arrancando...
[22:57:10] ❌ [Automático] 'pagos' falló (intento 1 de 4). Se reintenta a las 23:02.
[23:02:24] 🤖 [Automático] Es hora de actualizar pagos (reintento 1 de 3). Arrancando...
[23:02:25] ❌ [Automático] 'pagos' falló (intento 2 de 4). Se reintenta a las 23:17.
[23:17:40] 🤖 [Automático] Es hora de actualizar pagos (reintento 2 de 3). Arrancando...
[23:17:41] ❌ [Automático] 'pagos' falló (intento 3 de 4). Se reintenta a las 23:47.
[23:47:55] 🤖 [Automático] Es hora de actualizar pagos (reintento 3 de 3). Arrancando...
[23:47:56] ❌ [Automático] 'pagos' falló 4 veces seguidas (actualizar pagos). Se dejan de reintentar por ahora; revisá el log de esa ejecución para ver el detalle del error. Se retoma en el horario normal.
[23:50:11] 🤖 [Automático] Es hora de actualizar pagos. Arrancando...
[23:50:12] ❌ [Automático] 'pagos' falló (intento 1 de 4). Se reintenta a las 23:55.
[23:55:26] 🤖 [Automático] Es hora de actualizar pagos (reintento 1 de 3). Arrancando...
[23:55:27] ❌ [Automático] 'pagos' falló (intento 2 de 4). Se reintenta a las 00:10.
