[22:58:50] === Inicio de ejecución: pagos ===
[22:58:51] ▶ [LoginSemytPaso] Iniciando...
[22:58:51] ==================================================
[22:58:51] 🚀 PASO: LoginSemytPaso
[22:58:51] ==================================================
[22:58:51] Abriendo SEMyT con sesión guardada...
[22:58:54] ✅ Sesión existente detectada. Login omitido.
[22:58:54] ✅ LoginSemytPaso finalizado.
[22:58:54] ✓ [LoginSemytPaso] Completado.
[22:58:54] ▶ [LoginJuzgadoPaso] Iniciando...
[22:58:54] ==================================================
[22:58:54] 🚀 PASO: LoginJuzgadoPaso
[22:58:54] ==================================================
[22:58:54] Abriendo sitio municipalidad (CiDi)...
[22:58:54] ✅ Sesión existente detectada en Juzgado. Login omitido.
[22:58:55] ✅ LoginJuzgadoPaso finalizado.
[22:58:55] ✓ [LoginJuzgadoPaso] Completado.
[22:58:55] ▶ [DescargarPagosPaso] Iniciando...
[22:58:55] ==================================================
[22:58:55] 🚀 PASO: DescargarPagosPaso
[22:58:55] ==================================================
[22:58:55] 📥 Descargando TXT de pagos desde el Juzgado...
[22:59:14] ✅ TXT de pagos descargado en: backend/descargas/pagos/PAGOS DESCARGADOS.txt
[22:59:14] ✅ DescargarPagosPaso finalizado.
[22:59:14] ✓ [DescargarPagosPaso] Completado.
[22:59:14] ▶ [ObtenerActasCrucePaso] Iniciando...
[22:59:14] ==================================================
[22:59:14] 🚀 PASO: ObtenerActasCrucePaso
[22:59:14] ==================================================
[22:59:14] 📥 Descargando Excel de actas vencidas para el cruce — SIGEMI (rango viejo)...
[22:59:14] Fecha Desde: 27/06/2024
[22:59:14] Fecha Hasta: 24/11/2025
[22:59:14] Descargando Excel...
[22:59:31] Archivo descargado en: backend/descargas/cache_actas_cruce/MULTAS_SIGEMI_CRUCE.xlsx
[22:59:34] ✅ Excel de actas para el cruce (SIGEMI (rango viejo)) guardado en: backend/descargas/cache_actas_cruce/MULTAS_SIGEMI_CRUCE.xlsx
[22:59:34] 📥 Descargando Excel de actas vencidas para el cruce — Juzgado (rango nuevo)...
[22:59:34] Fecha Desde: 25/11/2025
[22:59:34] Fecha Hasta: 17/07/2026
[22:59:34] Descargando Excel...
[22:59:42] Archivo descargado en: backend/descargas/cache_actas_cruce/MULTAS_JUZGADO_CRUCE.xlsx
[22:59:43] ✅ Excel de actas para el cruce (Juzgado (rango nuevo)) guardado en: backend/descargas/cache_actas_cruce/MULTAS_JUZGADO_CRUCE.xlsx
[22:59:43] ✅ ObtenerActasCrucePaso finalizado.
[22:59:43] ✓ [ObtenerActasCrucePaso] Completado.
[22:59:43] ▶ [CompararActasPaso] Iniciando...
[22:59:43] ==================================================
[22:59:43] 🚀 PASO: CompararActasPaso
[22:59:43] ==================================================
[22:59:43] 🔍 Comparando actas del SEMyT contra pagos del Juzgado...
[22:59:43] ================================================================================
[22:59:43] INICIANDO PROCESO DE GENERACIÓN DE PAGOS DESACTUALIZADOS
[22:59:43] ================================================================================
[22:59:43] 📂 Cargando archivos...
[22:59:43]   ✓ Pagos: 14716 registros
[22:59:47]   ✓ Excel SIGEMI (multas vencidas viejas): 104568 registros
[22:59:48]   ✓ Excel Juzgado (multas vencidas nuevas): 38946 registros
[23:00:06] ================================================================================
[23:00:06] PASO 1: LLENANDO ACTA_NUMERO (búsqueda por patente + fecha, con desempate por hora)
[23:00:06] ================================================================================
[23:00:08] 📊 ESTADÍSTICAS DE LLENADO DE ACTAS:
[23:00:08]   • Pagos con acta ORIGINAL: 1644
[23:00:08]   • Pagos SIN acta (buscados): 13072
[23:00:08]   • Pagos LLENADOS exitosamente: 112
[23:00:08]   • Pagos NO encontrados en multas: 12960
[23:00:08]   • Pagos SIN RESOLVER por desbalance de cantidades: 0
[23:00:15] ================================================================================
[23:00:15] PASO 1: LLENANDO ACTA_NUMERO (búsqueda por patente + fecha, con desempate por hora)
[23:00:15] ================================================================================
[23:00:16] 📊 ESTADÍSTICAS DE LLENADO DE ACTAS:
[23:00:16]   • Pagos con acta ORIGINAL: 1756
[23:00:16]   • Pagos SIN acta (buscados): 12960
[23:00:16]   • Pagos LLENADOS exitosamente: 1
[23:00:16]   • Pagos NO encontrados en multas: 12959
[23:00:16]   • Pagos SIN RESOLVER por desbalance de cantidades: 0
[23:00:16] ================================================================================
[23:00:16] PASO 2: FILTRANDO PAGOS CON ACTA_NUMERO COMPLETO
[23:00:16] ================================================================================
[23:00:16] 📊 ESTADÍSTICAS DE FILTRADO:
[23:00:16]   • Pagos TOTALES al inicio: 14716
[23:00:16]   • Pagos CON acta (MANTIENEN): 1757
[23:00:16]   • Pagos RECHAZADOS (sin coincidencias): 12959
[23:00:16] ⚠️  Se eliminaron 12959 registros sin número de acta
[23:00:16]      (recordá: esto incluye tanto pagos ya actualizados/pagados
[23:00:16]       como pagos que quedaron sin resolver por desbalance en el Paso 1)
[23:00:16] ================================================================================
[23:00:16] PASO 2-bis: CONFIRMANDO VIGENCIA DE PAGOS DEL SISTEMA NUEVO (contra MULTAS_JUZGADO_CRUCE)
[23:00:16] ================================================================================
[23:00:17]   ⚠ 1627 pago(s) del sistema nuevo descartados: su acta ya no figura como vencida en MULTAS_JUZGADO_CRUCE (SEMyT ya los actualizó).
[23:00:17]   • Pagos del sistema nuevo descartados por ya estar actualizados: 1627
[23:00:17] 📂 Cargando maestro de causas SIGEMI...
[23:00:17]   ✓ Causas totales (maestro): 134069 registros
[23:00:17] ================================================================================
[23:00:17] PASO 2.5: ARMANDO causas.txt SIMPLIFICADO (cruce contra total_causas_sigemi.txt)
[23:00:17] ================================================================================
[23:00:26]   • Actas vencidas viejas (multas): 104568
[23:00:26]   • Causas totales en el maestro SIGEMI: 134069
[23:00:26]   • Causas que coinciden (simplificado): 104568
[23:00:26]   ✅ Archivo escrito: backend/descargas/causas/causas.txt
[23:00:26] ================================================================================
[23:00:26] PASO 3: LLENANDO CAUSA_NUMERO (según fecha de cambio de sistema, cruzando por acta + año)
[23:00:26] ================================================================================
[23:00:26] 📊 ESTADÍSTICAS DE LLENADO DE CAUSAS:
[23:00:26]   • Pagos con causa ORIGINAL: 17
[23:00:26]   • Causas encontradas en SIGEMI (actas viejas): 112
[23:00:26]   • Causas NO encontradas en SIGEMI: 0
[23:00:26]   • Causas asignadas automáticamente (actas nuevas): 1
[23:00:26] ================================================================================
[23:00:26] PASO 4: ORDENANDO POR FECHA Y ACTA_NUMERO
[23:00:26] ================================================================================
[23:00:26] ✓ Pagos ordenados correctamente
[23:00:26]   • Primera entrada: Acta=3139, Fecha=02/07/2024
[23:00:26]   • Última entrada: Acta=299931, Fecha=22/04/2026
[23:00:26] 📝 Escribiendo archivo de salida...
[23:00:26]   ✅ Archivo escrito: backend/descargas/pagos/PAGOS 20260717 225943.txt
[23:00:26]   ✅ Total registros: 14008
[23:00:26] ================================================================================
[23:00:26] ✅ PROCESO COMPLETADO EXITOSAMENTE
[23:00:26] ================================================================================
[23:00:26] 📊 RESUMEN FINAL DEL PROCESAMIENTO:
[23:00:26]   ENTRADA:
[23:00:26]     • Pagos originales: 14716
[23:00:26]     • Multas SIGEMI cargadas: 104568
[23:00:26]     • Multas Juzgado cargadas: 38946
[23:00:26]     • Causas simplificadas (usadas para el cruce): 104568
[23:00:26]   PROCESO:
[23:00:26]     • Pagos rechazados sigemi: 12959
[23:00:26]     • Pagos rechazados juzgado: 1627
[23:00:26]   SALIDA:
[23:00:26]     • Pagos desactualizados procesados: 130
[23:00:26]     • Archivo final: backend/descargas/pagos/PAGOS 20260717 225943.txt
[23:00:26]     • Ordenados por fecha: SÍ ✓
[23:00:26]     • Todos con ACTA_NUMERO: SÍ ✓
[23:00:26]     • Todos con CAUSA_NUMERO: SÍ ✓
[23:00:26] ✅ TXT de pagos (ya cruzado con actas y causas) generado en: backend/descargas/pagos/PAGOS 20260717 225943.txt
[23:00:26] 🧹 TXT de pagos crudo eliminado (ya usado en el cruce): backend/descargas/pagos/PAGOS DESCARGADOS.txt
[23:00:26] 🧹 Excel MULTAS_SIGEMI_CRUCE eliminado (ya usado en el cruce): backend/descargas/cache_actas_cruce/MULTAS_SIGEMI_CRUCE.xlsx
[23:00:26] 🧹 Excel MULTAS_JUZGADO_CRUCE eliminado (ya usado en el cruce): backend/descargas/cache_actas_cruce/MULTAS_JUZGADO_CRUCE.xlsx
[23:00:26] ✅ CompararActasPaso finalizado.
[23:00:26] ✓ [CompararActasPaso] Completado.
[23:00:26] === Ejecución finalizada con éxito ===
