[09:27:24] === Inicio de ejecución: pagos ===
[09:27:24] ▶ [LoginSemytPaso] Iniciando...
[09:27:24] ==================================================
[09:27:24] 🚀 PASO: LoginSemytPaso
[09:27:24] ==================================================
[09:27:25] Abriendo SEMyT con sesión guardada...
[09:27:34] ✅ Sesión existente detectada. Login omitido.
[09:27:35] ✅ LoginSemytPaso finalizado.
[09:27:35] ✓ [LoginSemytPaso] Completado.
[09:27:35] ▶ [LoginJuzgadoPaso] Iniciando...
[09:27:35] ==================================================
[09:27:35] 🚀 PASO: LoginJuzgadoPaso
[09:27:35] ==================================================
[09:27:35] Abriendo sitio municipalidad (CiDi)...
[09:27:35] ✅ Sesión existente detectada en Juzgado. Login omitido.
[09:27:35] ✅ LoginJuzgadoPaso finalizado.
[09:27:35] ✓ [LoginJuzgadoPaso] Completado.
[09:27:35] ▶ [DescargarPagosPaso] Iniciando...
[09:27:35] ==================================================
[09:27:35] 🚀 PASO: DescargarPagosPaso
[09:27:35] ==================================================
[09:27:35] 📥 Descargando TXT de pagos desde el Juzgado...
[09:28:02] ✅ TXT de pagos descargado en: backend/descargas/pagos/PAGOS DESCARGADOS.txt
[09:28:02] ✅ DescargarPagosPaso finalizado.
[09:28:02] ✓ [DescargarPagosPaso] Completado.
[09:28:02] ▶ [ObtenerActasCrucePaso] Iniciando...
[09:28:02] ==================================================
[09:28:02] 🚀 PASO: ObtenerActasCrucePaso
[09:28:02] ==================================================
[09:28:02] 📥 Descargando Excel de actas vencidas para el cruce — SIGEMI (rango viejo)...
[09:28:02] Fecha Desde: 27/06/2024
[09:28:02] Fecha Hasta: 24/11/2025
[09:28:02] Descargando Excel...
[09:28:28] Archivo descargado en: backend/descargas/cache_actas_cruce/MULTAS_SIGEMI_CRUCE.xlsx
[09:28:31] ✅ Excel de actas para el cruce (SIGEMI (rango viejo)) guardado en: backend/descargas/cache_actas_cruce/MULTAS_SIGEMI_CRUCE.xlsx
[09:28:31] 📥 Descargando Excel de actas vencidas para el cruce — Juzgado (rango nuevo)...
[09:28:31] Fecha Desde: 25/11/2025
[09:28:31] Fecha Hasta: 17/07/2026
[09:28:31] Descargando Excel...
[09:28:45] Archivo descargado en: backend/descargas/cache_actas_cruce/MULTAS_JUZGADO_CRUCE.xlsx
[09:28:46] ✅ Excel de actas para el cruce (Juzgado (rango nuevo)) guardado en: backend/descargas/cache_actas_cruce/MULTAS_JUZGADO_CRUCE.xlsx
[09:28:46] ✅ ObtenerActasCrucePaso finalizado.
[09:28:46] ✓ [ObtenerActasCrucePaso] Completado.
[09:28:46] ▶ [CompararActasPaso] Iniciando...
[09:28:46] ==================================================
[09:28:46] 🚀 PASO: CompararActasPaso
[09:28:46] ==================================================
[09:28:46] 🔍 Comparando actas del SEMyT contra pagos del Juzgado...
[09:28:46] ================================================================================
[09:28:46] INICIANDO PROCESO DE GENERACIÓN DE PAGOS DESACTUALIZADOS
[09:28:46] ================================================================================
[09:28:46] 📂 Cargando archivos...
[09:28:46]   ✓ Pagos: 14270 registros
[09:28:49]   ✓ Excel SIGEMI (multas vencidas viejas): 105012 registros
[09:28:50]   ✓ Excel Juzgado (multas vencidas nuevas): 39058 registros
[09:29:09] ================================================================================
[09:29:09] PASO 1: LLENANDO ACTA_NUMERO (búsqueda por patente + fecha, con desempate por hora)
[09:29:09] ================================================================================
[09:29:11] 📊 ESTADÍSTICAS DE LLENADO DE ACTAS:
[09:29:11]   • Pagos con acta ORIGINAL: 1570
[09:29:11]   • Pagos SIN acta (buscados): 12700
[09:29:11]   • Pagos LLENADOS exitosamente: 76
[09:29:11]   • Pagos NO encontrados en multas: 12624
[09:29:11]   • Pagos SIN RESOLVER por desbalance de cantidades: 0
[09:29:18] ================================================================================
[09:29:18] PASO 1: LLENANDO ACTA_NUMERO (búsqueda por patente + fecha, con desempate por hora)
[09:29:18] ================================================================================
[09:29:19] 📊 ESTADÍSTICAS DE LLENADO DE ACTAS:
[09:29:19]   • Pagos con acta ORIGINAL: 1646
[09:29:19]   • Pagos SIN acta (buscados): 12624
[09:29:19]   • Pagos LLENADOS exitosamente: 1
[09:29:19]   • Pagos NO encontrados en multas: 12623
[09:29:19]   • Pagos SIN RESOLVER por desbalance de cantidades: 0
[09:29:19] ================================================================================
[09:29:19] PASO 2: FILTRANDO PAGOS CON ACTA_NUMERO COMPLETO
[09:29:19] ================================================================================
[09:29:19] 📊 ESTADÍSTICAS DE FILTRADO:
[09:29:19]   • Pagos TOTALES al inicio: 14270
[09:29:19]   • Pagos CON acta (MANTIENEN): 1647
[09:29:19]   • Pagos RECHAZADOS (sin coincidencias): 12623
[09:29:19] ⚠️  Se eliminaron 12623 registros sin número de acta
[09:29:19]      (recordá: esto incluye tanto pagos ya actualizados/pagados
[09:29:19]       como pagos que quedaron sin resolver por desbalance en el Paso 1)
[09:29:19] ================================================================================
[09:29:19] PASO 2-bis: CONFIRMANDO VIGENCIA DE PAGOS DEL SISTEMA NUEVO (contra MULTAS_JUZGADO_CRUCE)
[09:29:19] ================================================================================
[09:29:19]   ⚠ 1544 pago(s) del sistema nuevo descartados: su acta ya no figura como vencida en MULTAS_JUZGADO_CRUCE (SEMyT ya los actualizó).
[09:29:19]   • Pagos del sistema nuevo descartados por ya estar actualizados: 1544
[09:29:19] 📂 Cargando maestro de causas SIGEMI...
[09:29:19]   ✓ Causas totales (maestro): 134069 registros
[09:29:19] ================================================================================
[09:29:19] PASO 2.5: ARMANDO causas.txt SIMPLIFICADO (cruce contra total_causas_sigemi.txt)
[09:29:19] ================================================================================
[09:29:29]   • Actas vencidas viejas (multas): 105012
[09:29:29]   • Causas totales en el maestro SIGEMI: 134069
[09:29:29]   • Causas que coinciden (simplificado): 105012
[09:29:29]   ✅ Archivo escrito: backend/descargas/causas/causas.txt
[09:29:29] ================================================================================
[09:29:29] PASO 3: LLENANDO CAUSA_NUMERO (según fecha de cambio de sistema, cruzando por acta + año)
[09:29:29] ================================================================================
[09:29:29] 📊 ESTADÍSTICAS DE LLENADO DE CAUSAS:
[09:29:29]   • Pagos con causa ORIGINAL: 26
[09:29:29]   • Causas encontradas en SIGEMI (actas viejas): 76
[09:29:29]   • Causas NO encontradas en SIGEMI: 0
[09:29:29]   • Causas asignadas automáticamente (actas nuevas): 1
[09:29:29] ================================================================================
[09:29:29] PASO 4: ORDENANDO POR FECHA Y ACTA_NUMERO
[09:29:29] ================================================================================
[09:29:29] ✓ Pagos ordenados correctamente
[09:29:29]   • Primera entrada: Acta=1986, Fecha=29/06/2024
[09:29:29]   • Última entrada: Acta=305816, Fecha=30/04/2026
[09:29:29] 📝 Escribiendo archivo de salida...
[09:29:29]   ✅ Archivo escrito: backend/descargas/pagos/PAGOS 20260717 092846.txt
[09:29:29]   ✅ Total registros: 11193
[09:29:29] ================================================================================
[09:29:29] ✅ PROCESO COMPLETADO EXITOSAMENTE
[09:29:29] ================================================================================
[09:29:29] 📊 RESUMEN FINAL DEL PROCESAMIENTO:
[09:29:29]   ENTRADA:
[09:29:29]     • Pagos originales: 14270
[09:29:29]     • Multas SIGEMI cargadas: 105012
[09:29:29]     • Multas Juzgado cargadas: 39058
[09:29:29]     • Causas simplificadas (usadas para el cruce): 105012
[09:29:29]   PROCESO:
[09:29:29]     • Pagos rechazados sigemi: 12623
[09:29:29]     • Pagos rechazados juzgado: 1544
[09:29:29]   SALIDA:
[09:29:29]     • Pagos desactualizados procesados: 103
[09:29:29]     • Archivo final: backend/descargas/pagos/PAGOS 20260717 092846.txt
[09:29:29]     • Ordenados por fecha: SÍ ✓
[09:29:29]     • Todos con ACTA_NUMERO: SÍ ✓
[09:29:29]     • Todos con CAUSA_NUMERO: SÍ ✓
[09:29:29] ✅ TXT de pagos (ya cruzado con actas y causas) generado en: backend/descargas/pagos/PAGOS 20260717 092846.txt
[09:29:29] 🧹 TXT de pagos crudo eliminado (ya usado en el cruce): backend/descargas/pagos/PAGOS DESCARGADOS.txt
[09:29:29] 🧹 Excel MULTAS_SIGEMI_CRUCE eliminado (ya usado en el cruce): backend/descargas/cache_actas_cruce/MULTAS_SIGEMI_CRUCE.xlsx
[09:29:29] 🧹 Excel MULTAS_JUZGADO_CRUCE eliminado (ya usado en el cruce): backend/descargas/cache_actas_cruce/MULTAS_JUZGADO_CRUCE.xlsx
[09:29:29] ✅ CompararActasPaso finalizado.
[09:29:29] ✓ [CompararActasPaso] Completado.
[09:29:29] === Ejecución finalizada con éxito ===
