[23:30:10] === Inicio de ejecución: pagos ===
[23:30:10] ▶ [LoginSemytPaso] Iniciando...
[23:30:10] ==================================================
[23:30:10] 🚀 PASO: LoginSemytPaso
[23:30:10] ==================================================
[23:30:10] Abriendo SEMyT con sesión guardada...
[23:30:12] ✅ Sesión existente detectada. Login omitido.
[23:30:12] ✅ LoginSemytPaso finalizado.
[23:30:12] ✓ [LoginSemytPaso] Completado.
[23:30:12] ▶ [LoginJuzgadoPaso] Iniciando...
[23:30:12] ==================================================
[23:30:12] 🚀 PASO: LoginJuzgadoPaso
[23:30:12] ==================================================
[23:30:12] Abriendo sitio municipalidad (CiDi)...
[23:30:13] ✅ Sesión existente detectada en Juzgado. Login omitido.
[23:30:13] ✅ LoginJuzgadoPaso finalizado.
[23:30:13] ✓ [LoginJuzgadoPaso] Completado.
[23:30:13] ▶ [DescargarPagosPaso] Iniciando...
[23:30:13] ==================================================
[23:30:13] 🚀 PASO: DescargarPagosPaso
[23:30:13] ==================================================
[23:30:13] 📥 Descargando TXT de pagos desde el Juzgado...
[23:30:35] ✅ TXT de pagos descargado en: backend/descargas/pagos/PAGOS DESCARGADOS.txt
[23:30:35] ✅ DescargarPagosPaso finalizado.
[23:30:35] ✓ [DescargarPagosPaso] Completado.
[23:30:35] ▶ [ObtenerActasCrucePaso] Iniciando...
[23:30:35] ==================================================
[23:30:35] 🚀 PASO: ObtenerActasCrucePaso
[23:30:35] ==================================================
[23:30:35] 📥 Descargando Excel de actas vencidas para el cruce — SIGEMI (rango viejo)...
[23:30:35] Fecha Desde: 27/06/2024
[23:30:35] Fecha Hasta: 24/11/2025
[23:30:35] Descargando Excel...
[23:30:51] Archivo descargado en: backend/descargas/cache_actas_cruce/MULTAS_SIGEMI_CRUCE.xlsx
[23:30:55] ✅ Excel de actas para el cruce (SIGEMI (rango viejo)) guardado en: backend/descargas/cache_actas_cruce/MULTAS_SIGEMI_CRUCE.xlsx
[23:30:55] 📥 Descargando Excel de actas vencidas para el cruce — Juzgado (rango nuevo)...
[23:30:55] Fecha Desde: 25/11/2025
[23:30:55] Fecha Hasta: 16/07/2026
[23:30:55] Descargando Excel...
[23:31:02] Archivo descargado en: backend/descargas/cache_actas_cruce/MULTAS_JUZGADO_CRUCE.xlsx
[23:31:04] ✅ Excel de actas para el cruce (Juzgado (rango nuevo)) guardado en: backend/descargas/cache_actas_cruce/MULTAS_JUZGADO_CRUCE.xlsx
[23:31:04] ✅ ObtenerActasCrucePaso finalizado.
[23:31:04] ✓ [ObtenerActasCrucePaso] Completado.
[23:31:04] ▶ [CompararActasPaso] Iniciando...
[23:31:04] ==================================================
[23:31:04] 🚀 PASO: CompararActasPaso
[23:31:04] ==================================================
[23:31:04] 🔍 Comparando actas del SEMyT contra pagos del Juzgado...
[23:31:04] ================================================================================
[23:31:04] INICIANDO PROCESO DE GENERACIÓN DE PAGOS DESACTUALIZADOS
[23:31:04] ================================================================================
[23:31:04] 📂 Cargando archivos...
[23:31:04]   ✓ Pagos: 14161 registros
[23:31:07]   ✓ Excel SIGEMI (multas vencidas viejas): 105199 registros
[23:31:09]   ✓ Excel Juzgado (multas vencidas nuevas): 39091 registros
[23:31:30] ================================================================================
[23:31:30] PASO 1: LLENANDO ACTA_NUMERO (búsqueda por patente + fecha, con desempate por hora)
[23:31:30] ================================================================================
[23:31:31] 📊 ESTADÍSTICAS DE LLENADO DE ACTAS:
[23:31:31]   • Pagos con acta ORIGINAL: 1542
[23:31:31]   • Pagos SIN acta (buscados): 12619
[23:31:31]   • Pagos LLENADOS exitosamente: 185
[23:31:31]   • Pagos NO encontrados en multas: 12434
[23:31:31]   • Pagos SIN RESOLVER por desbalance de cantidades: 0
[23:31:39] ================================================================================
[23:31:39] PASO 1: LLENANDO ACTA_NUMERO (búsqueda por patente + fecha, con desempate por hora)
[23:31:39] ================================================================================
[23:31:41] 📊 ESTADÍSTICAS DE LLENADO DE ACTAS:
[23:31:41]   • Pagos con acta ORIGINAL: 1727
[23:31:41]   • Pagos SIN acta (buscados): 12434
[23:31:41]   • Pagos LLENADOS exitosamente: 0
[23:31:41]   • Pagos NO encontrados en multas: 12434
[23:31:41]   • Pagos SIN RESOLVER por desbalance de cantidades: 0
[23:31:41] ================================================================================
[23:31:41] PASO 2: FILTRANDO PAGOS CON ACTA_NUMERO COMPLETO
[23:31:41] ================================================================================
[23:31:41] 📊 ESTADÍSTICAS DE FILTRADO:
[23:31:41]   • Pagos TOTALES al inicio: 14161
[23:31:41]   • Pagos CON acta (MANTIENEN): 1727
[23:31:41]   • Pagos RECHAZADOS (sin coincidencias): 12434
[23:31:41] ⚠️  Se eliminaron 12434 registros sin número de acta
[23:31:41]      (recordá: esto incluye tanto pagos ya actualizados/pagados
[23:31:41]       como pagos que quedaron sin resolver por desbalance en el Paso 1)
[23:31:41] ================================================================================
[23:31:41] PASO 2-bis: CONFIRMANDO VIGENCIA DE PAGOS DEL SISTEMA NUEVO (contra MULTAS_JUZGADO_CRUCE)
[23:31:41] ================================================================================
[23:31:41]   ⚠ 1510 pago(s) del sistema nuevo descartados: su acta ya no figura como vencida en MULTAS_JUZGADO_CRUCE (SEMyT ya los actualizó).
[23:31:41]   • Pagos del sistema nuevo descartados por ya estar actualizados: 1510
[23:31:41] 📂 Cargando maestro de causas SIGEMI...
[23:31:41]   ✓ Causas totales (maestro): 134069 registros
[23:31:41] ================================================================================
[23:31:41] PASO 2.5: ARMANDO causas.txt SIMPLIFICADO (cruce contra total_causas_sigemi.txt)
[23:31:41] ================================================================================
[23:31:51]   • Actas vencidas viejas (multas): 105199
[23:31:51]   • Causas totales en el maestro SIGEMI: 134069
[23:31:51]   • Causas que coinciden (simplificado): 105199
[23:31:51]   ✅ Archivo escrito: backend/descargas/causas/causas.txt
[23:31:52] ================================================================================
[23:31:52] PASO 3: LLENANDO CAUSA_NUMERO (según fecha de cambio de sistema, cruzando por acta + año)
[23:31:52] ================================================================================
[23:31:52] 📊 ESTADÍSTICAS DE LLENADO DE CAUSAS:
[23:31:52]   • Pagos con causa ORIGINAL: 32
[23:31:52]   • Causas encontradas en SIGEMI (actas viejas): 185
[23:31:52]   • Causas NO encontradas en SIGEMI: 0
[23:31:52]   • Causas asignadas automáticamente (actas nuevas): 0
[23:31:52] ================================================================================
[23:31:52] PASO 4: ORDENANDO POR FECHA Y ACTA_NUMERO
[23:31:52] ================================================================================
[23:31:52] ✓ Pagos ordenados correctamente
[23:31:52]   • Primera entrada: Acta=352, Fecha=27/06/2024
[23:31:52]   • Última entrada: Acta=305216, Fecha=29/04/2026
[23:31:52] 📝 Escribiendo archivo de salida...
[23:31:52]   ✅ Archivo escrito: backend/descargas/pagos/PAGOS 20260716 233104.txt
[23:31:52]   ✅ Total registros: 23468
[23:31:52] ================================================================================
[23:31:52] ✅ PROCESO COMPLETADO EXITOSAMENTE
[23:31:52] ================================================================================
[23:31:52] 📊 RESUMEN FINAL DEL PROCESAMIENTO:
[23:31:52]   ENTRADA:
[23:31:52]     • Pagos originales: 14161
[23:31:52]     • Multas SIGEMI cargadas: 105199
[23:31:52]     • Multas Juzgado cargadas: 39091
[23:31:52]     • Causas simplificadas (usadas para el cruce): 105199
[23:31:52]   PROCESO:
[23:31:52]     • Pagos rechazados sigemi: 12434
[23:31:52]     • Pagos rechazados juzgado: 1510
[23:31:52]   SALIDA:
[23:31:52]     • Pagos desactualizados procesados: 217
[23:31:52]     • Archivo final: backend/descargas/pagos/PAGOS 20260716 233104.txt
[23:31:52]     • Ordenados por fecha: SÍ ✓
[23:31:52]     • Todos con ACTA_NUMERO: SÍ ✓
[23:31:52]     • Todos con CAUSA_NUMERO: SÍ ✓
[23:31:52] ✅ TXT de pagos (ya cruzado con actas y causas) generado en: backend/descargas/pagos/PAGOS 20260716 233104.txt
[23:31:52] 🧹 TXT de pagos crudo eliminado (ya usado en el cruce): backend/descargas/pagos/PAGOS DESCARGADOS.txt
[23:31:52] 🧹 Excel MULTAS_SIGEMI_CRUCE eliminado (ya usado en el cruce): backend/descargas/cache_actas_cruce/MULTAS_SIGEMI_CRUCE.xlsx
[23:31:52] 🧹 Excel MULTAS_JUZGADO_CRUCE eliminado (ya usado en el cruce): backend/descargas/cache_actas_cruce/MULTAS_JUZGADO_CRUCE.xlsx
[23:31:52] ✅ CompararActasPaso finalizado.
[23:31:52] ✓ [CompararActasPaso] Completado.
[23:31:52] === Ejecución finalizada con éxito ===
