[12:34:44] === Inicio de ejecución: pagos ===
[12:34:44] ▶ [LoginSemytPaso] Iniciando...
[12:34:44] ==================================================
[12:34:44] 🚀 PASO: LoginSemytPaso
[12:34:44] ==================================================
[12:34:44] Abriendo SEMyT...
[12:34:56] ✅ [SEMyT] Sesión existente detectada. Login omitido.
[12:34:56] ✅ LoginSemytPaso finalizado. (⏱ 12.4s)
[12:34:56] ✓ [LoginSemytPaso] Completado.
[12:34:56] ▶ [LoginJuzgadoPaso] Iniciando...
[12:34:56] ==================================================
[12:34:56] 🚀 PASO: LoginJuzgadoPaso
[12:34:56] ==================================================
[12:34:56] Abriendo sitio municipalidad (CiDi)...
[12:34:57] ✅ [Juzgado] Sesión existente detectada. Login omitido.
[12:34:57] ✅ LoginJuzgadoPaso finalizado. (⏱ 0.7s)
[12:34:57] ✓ [LoginJuzgadoPaso] Completado.
[12:34:57] ▶ [DescargasParalelasPaso] Iniciando...
[12:34:57] ==================================================
[12:34:57] 🚀 PASO: DescargasParalelasPaso
[12:34:57] ==================================================
[12:34:57] 📤 Arrancando las 3 descargas en paralelo (mismo browser, páginas separadas)...
[12:34:57] Fecha Desde: 27/06/2024
[12:34:57] Fecha Hasta: 24/11/2025
[12:34:57] Fecha Desde: 25/11/2025
[12:34:57] Fecha Hasta: 30/07/2026
[12:34:57] Descargando Excel...
[12:34:57] Descargando Excel...
[12:35:16] Archivo descargado en: backend/descargas/cache_actas_cruce/MULTAS_JUZGADO_CRUCE.xlsx
[12:35:18] ⏱ [actas_juzgado] completado en 20.4s
[12:35:29] ✅ TXT de pagos descargado en: backend/descargas/pagos/2026-07-30/PAGOS DESCARGADOS.txt
[12:35:29] ⏱ [pagos_txt] completado en 31.5s
[12:35:38] Archivo descargado en: backend/descargas/cache_actas_cruce/MULTAS_SIGEMI_CRUCE.xlsx
[12:35:41] ⏱ [actas_sigemi] completado en 43.5s
[12:35:41] ⏱ TOTAL descargas en paralelo: 43.5s
[12:35:41] ✅ DescargasParalelasPaso finalizado. (⏱ 43.7s)
[12:35:41] ✓ [DescargasParalelasPaso] Completado.
[12:35:41] ▶ [CompararActasPaso] Iniciando...
[12:35:41] ==================================================
[12:35:41] 🚀 PASO: CompararActasPaso
[12:35:41] ==================================================
[12:35:41] 🔍 Comparando actas del SEMyT contra pagos del Juzgado...
[12:35:41] ================================================================================
[12:35:41] INICIANDO PROCESO DE GENERACIÓN DE PAGOS DESACTUALIZADOS
[12:35:41] ================================================================================
[12:35:41] 📂 Cargando archivos...
[12:35:41]   ✓ Pagos: 19252 registros
[12:35:44]   ✓ Excel SIGEMI (multas vencidas viejas): 102696 registros
[12:35:45]   ✓ Excel Juzgado (multas vencidas nuevas): 40428 registros
[12:35:46] ================================================================================
[12:35:46] PASO 1: LLENANDO ACTA_NUMERO (búsqueda por patente + fecha, con desempate por hora)
[12:35:46] ================================================================================
[12:35:47] 📊 ESTADÍSTICAS DE LLENADO DE ACTAS:
[12:35:47]   • Pagos con acta ORIGINAL: 4386
[12:35:47]   • Pagos SIN acta (buscados): 14866
[12:35:47]   • Pagos LLENADOS exitosamente: 22
[12:35:47]   • Pagos NO encontrados en multas: 14844
[12:35:47]   • Pagos SIN RESOLVER por desbalance de cantidades: 0
[12:35:47] ================================================================================
[12:35:47] PASO 1: LLENANDO ACTA_NUMERO (búsqueda por patente + fecha, con desempate por hora)
[12:35:47] ================================================================================
[12:35:49] 📊 ESTADÍSTICAS DE LLENADO DE ACTAS:
[12:35:49]   • Pagos con acta ORIGINAL: 4408
[12:35:49]   • Pagos SIN acta (buscados): 14844
[12:35:49]   • Pagos LLENADOS exitosamente: 0
[12:35:49]   • Pagos NO encontrados en multas: 14844
[12:35:49]   • Pagos SIN RESOLVER por desbalance de cantidades: 0
[12:35:49] ⏱ PASO 1 (llenar actas): 3.5s
[12:35:49] ================================================================================
[12:35:49] PASO 2: FILTRANDO PAGOS CON ACTA_NUMERO COMPLETO
[12:35:49] ================================================================================
[12:35:49] 📊 ESTADÍSTICAS DE FILTRADO:
[12:35:49]   • Pagos TOTALES al inicio: 19252
[12:35:49]   • Pagos CON acta (MANTIENEN): 4408
[12:35:49]   • Pagos RECHAZADOS (sin coincidencias): 14844
[12:35:49] ⚠️  Se eliminaron 14844 registros sin número de acta
[12:35:49]      (recordá: esto incluye tanto pagos ya actualizados/pagados
[12:35:49]       como pagos que quedaron sin resolver por desbalance en el Paso 1)
[12:35:49] ================================================================================
[12:35:49] PASO 2-bis: CONFIRMANDO VIGENCIA DE PAGOS (sistema NUEVO contra MULTAS_JUZGADO_CRUCE, sistema VIEJO contra SIGEMI)
[12:35:49] ================================================================================
[12:35:49]   ⚠ 4367 pago(s) descartados: su acta ya no figura como vencida en MULTAS_JUZGADO_CRUCE (SEMyT ya los actualizó).
[12:35:49]   ⚠ 4 pago(s) descartados: su acta ya no figura como vencida en el Excel de SIGEMI (SEMyT ya los actualizó).
[12:35:49]   • Pagos descartados en total por ya estar actualizados/pagados: 4371
[12:35:49] ⏱ PASO 2 (filtrar): 0.4s
[12:35:49] 📂 Cargando maestro de causas SIGEMI...
[12:35:49]   ✓ Causas totales (maestro): 134069 registros
[12:35:49] ⏱ PASO 2.5 (causas simplificado): 0.0s
[12:35:49] ================================================================================
[12:35:49] PASO 2.5: ARMANDO causas.txt SIMPLIFICADO (cruce contra total_causas_sigemi.txt)
[12:35:49] ================================================================================
[12:35:49]   • Actas vencidas viejas (multas): 102696
[12:35:49]   • Causas totales en el maestro SIGEMI: 134069
[12:35:49]   • Causas que coinciden (simplificado): 102371
[12:35:49]   ✅ Archivo escrito: backend/descargas/causas/causas.txt
[12:35:50] ⏱ PASO 2.5 (causas simplificado): 0.4s
[12:35:50] ================================================================================
[12:35:50] PASO 3: LLENANDO CAUSA_NUMERO (según fecha de cambio de sistema, cruzando por acta + año)
[12:35:50] ================================================================================
[12:35:50] 📊 ESTADÍSTICAS DE LLENADO DE CAUSAS:
[12:35:50]   • Pagos con causa ORIGINAL: 15
[12:35:50]   • Causas encontradas en SIGEMI (actas viejas): 22
[12:35:50]   • Causas NO encontradas en SIGEMI: 0
[12:35:50]   • Causas asignadas automáticamente (actas nuevas): 0
[12:35:50] ⏱ PASO 3 (llenar causas): 0.0s
[12:35:50] ================================================================================
[12:35:50] PASO 4: ORDENANDO POR FECHA Y ACTA_NUMERO
[12:35:50] ================================================================================
[12:35:50] ✓ Pagos ordenados correctamente
[12:35:50]   • Primera entrada: Acta=4897, Fecha=04/07/2024
[12:35:50]   • Última entrada: Acta=319096, Fecha=22/05/2026
[12:35:50] 📝 Escribiendo archivo de salida...
[12:35:50]   ✅ Archivo escrito: backend/descargas/pagos/2026-07-30/PAGOS 20260730 123541.txt
[12:35:50]   ✅ Total registros: 3814
[12:35:50] ⏱ PASO 4 (ordenar y escribir): 0.0s
[12:35:50] ================================================================================
[12:35:50] ✅ PROCESO COMPLETADO EXITOSAMENTE
[12:35:50] ================================================================================
[12:35:50] 📊 RESUMEN FINAL DEL PROCESAMIENTO:
[12:35:50]   ENTRADA:
[12:35:50]     • Pagos originales: 19252
[12:35:50]     • Multas SIGEMI cargadas: 102696
[12:35:50]     • Multas Juzgado cargadas: 40428
[12:35:50]     • Causas simplificadas (usadas para el cruce): 102371
[12:35:50]   PROCESO:
[12:35:50]     • Pagos rechazados sigemi: 14844
[12:35:50]     • Pagos rechazados juzgado: 4371
[12:35:50]   SALIDA:
[12:35:50]     • Pagos desactualizados procesados: 37
[12:35:50]     • Archivo final: backend/descargas/pagos/2026-07-30/PAGOS 20260730 123541.txt
[12:35:50]     • Ordenados por fecha: SÍ ✓
[12:35:50]     • Todos con ACTA_NUMERO: SÍ ✓
[12:35:50]     • Todos con CAUSA_NUMERO: SÍ ✓
[12:35:50] ✅ TXT de pagos (ya cruzado con actas y causas) generado en: backend/descargas/pagos/2026-07-30/PAGOS 20260730 123541.txt
[12:35:50] 🧹 TXT de pagos crudo eliminado (ya usado en el cruce): backend/descargas/pagos/2026-07-30/PAGOS DESCARGADOS.txt
[12:35:50] 🧹 Excel MULTAS_SIGEMI_CRUCE eliminado (ya usado en el cruce): backend/descargas/cache_actas_cruce/MULTAS_SIGEMI_CRUCE.xlsx
[12:35:50] 🧹 Excel MULTAS_JUZGADO_CRUCE eliminado (ya usado en el cruce): backend/descargas/cache_actas_cruce/MULTAS_JUZGADO_CRUCE.xlsx
[12:35:50] ✅ CompararActasPaso finalizado. (⏱ 8.8s)
[12:35:50] ✓ [CompararActasPaso] Completado.
[12:35:50] ▶ [CargarPagosPaso] Iniciando...
[12:35:50] ==================================================
[12:35:50] 🚀 PASO: CargarPagosPaso
[12:35:50] ==================================================
[12:35:50] 📤 Subiendo TXT de pagos al SEMyT...
[12:35:52] ✅ Importación de pagos completada con éxito.
[12:35:52] ✅ Archivo TXT de pagos cargado en el SEMyT correctamente.
[12:35:52] ✅ CargarPagosPaso finalizado. (⏱ 2.1s)
[12:35:52] ✓ [CargarPagosPaso] Completado.
[12:35:52] === Ejecución finalizada con éxito ===
