[20:40:32] === Inicio de ejecución: pagos ===
[20:40:33] ▶ [LoginSEMyTPaso] Iniciando...
[20:40:33] ==================================================
[20:40:33] 🚀 PASO: LoginSEMyTPaso
[20:40:33] ==================================================
[20:40:33] Abriendo SEMyT...
[20:40:36] ✅ [SEMyT] Sesión existente detectada. Login omitido.
[20:40:36] ✅ LoginSEMyTPaso finalizado. (⏱ 3.3s)
[20:40:36] ✓ [LoginSEMyTPaso] Completado.
[20:40:36] ▶ [LoginSIGIPaso] Iniciando...
[20:40:36] ==================================================
[20:40:36] 🚀 PASO: LoginSIGIPaso
[20:40:36] ==================================================
[20:40:36] Abriendo sitio municipalidad (CiDi)...
[20:40:36] ✅ [SIGI] Sesión existente detectada. Login omitido.
[20:40:36] ✅ LoginSIGIPaso finalizado. (⏱ 0.5s)
[20:40:36] ✓ [LoginSIGIPaso] Completado.
[20:40:36] ▶ [DescargasParalelasPaso] Iniciando...
[20:40:36] ==================================================
[20:40:36] 🚀 PASO: DescargasParalelasPaso
[20:40:36] ==================================================
[20:40:37] 📤 Arrancando las 3 descargas en paralelo (mismo browser, páginas separadas)...
[20:40:37] Fecha Desde: 27/06/2024
[20:40:37] Fecha Hasta: 24/11/2025
[20:40:37] Fecha Desde: 25/11/2025
[20:40:37] Fecha Hasta: 30/07/2026
[20:40:37] Descargando Excel...
[20:40:37] Descargando Excel...
[20:40:47] Archivo descargado en: backend/descargas/cache_actas_cruce/MULTAS_SIGI_CRUCE.xlsx
[20:40:48] ⏱ [actas_sigi] completado en 11.2s
[20:40:55] Archivo descargado en: backend/descargas/cache_actas_cruce/MULTAS_SIGEMI_CRUCE.xlsx
[20:40:59] ⏱ [actas_sigemi] completado en 21.9s
[20:41:10] ✅ TXT de pagos descargado en: backend/descargas/pagos/2026-07-30/PAGOS DESCARGADOS.txt
[20:41:10] ⏱ [pagos_txt] completado en 33.2s
[20:41:10] ⏱ TOTAL descargas en paralelo: 33.2s
[20:41:10] ✅ DescargasParalelasPaso finalizado. (⏱ 33.4s)
[20:41:10] ✓ [DescargasParalelasPaso] Completado.
[20:41:10] ▶ [CompararActasPaso] Iniciando...
[20:41:10] ==================================================
[20:41:10] 🚀 PASO: CompararActasPaso
[20:41:10] ==================================================
[20:41:10] 🔍 Comparando actas del SEMyT contra pagos del SIGI...
[20:41:10] ================================================================================
[20:41:10] INICIANDO PROCESO DE GENERACIÓN DE PAGOS DESACTUALIZADOS
[20:41:10] ================================================================================
[20:41:10] 📂 Cargando archivos...
[20:41:10]   ✓ Pagos: 19425 registros
[20:41:13]   ✓ Excel SIGEMI (multas vencidas viejas): 102589 registros
[20:41:14]   ✓ Excel SIGI (multas vencidas nuevas): 40316 registros
[20:41:15] ================================================================================
[20:41:15] PASO 1: LLENANDO ACTA_NUMERO (búsqueda por patente + fecha, con desempate por hora)
[20:41:15] ================================================================================
[20:41:16] 📊 ESTADÍSTICAS DE LLENADO DE ACTAS:
[20:41:16]   • Pagos con acta ORIGINAL: 4495
[20:41:16]   • Pagos SIN acta (buscados): 14930
[20:41:16]   • Pagos LLENADOS exitosamente: 5
[20:41:16]   • Pagos NO encontrados en multas: 14925
[20:41:16]   • Pagos SIN RESOLVER por desbalance de cantidades: 0
[20:41:17] ================================================================================
[20:41:17] PASO 1: LLENANDO ACTA_NUMERO (búsqueda por patente + fecha, con desempate por hora)
[20:41:17] ================================================================================
[20:41:18] 📊 ESTADÍSTICAS DE LLENADO DE ACTAS:
[20:41:18]   • Pagos con acta ORIGINAL: 4500
[20:41:18]   • Pagos SIN acta (buscados): 14925
[20:41:18]   • Pagos LLENADOS exitosamente: 0
[20:41:18]   • Pagos NO encontrados en multas: 14925
[20:41:18]   • Pagos SIN RESOLVER por desbalance de cantidades: 0
[20:41:18] ⏱ PASO 1 (llenar actas): 3.7s
[20:41:18] ================================================================================
[20:41:18] PASO 2: FILTRANDO PAGOS CON ACTA_NUMERO COMPLETO
[20:41:18] ================================================================================
[20:41:18] 📊 ESTADÍSTICAS DE FILTRADO:
[20:41:18]   • Pagos TOTALES al inicio: 19425
[20:41:18]   • Pagos CON acta (MANTIENEN): 4500
[20:41:18]   • Pagos RECHAZADOS (sin coincidencias): 14925
[20:41:18] ⚠️  Se eliminaron 14925 registros sin número de acta
[20:41:18]      (recordá: esto incluye tanto pagos ya actualizados/pagados
[20:41:18]       como pagos que quedaron sin resolver por desbalance en el Paso 1)
[20:41:18] ================================================================================
[20:41:18] PASO 2-bis: CONFIRMANDO VIGENCIA DE PAGOS (sistema NUEVO contra MULTAS_SIGI_CRUCE, sistema VIEJO contra SIGEMI)
[20:41:18] ================================================================================
[20:41:18]   ⚠ 4477 pago(s) descartados: su acta ya no figura como vencida en MULTAS_SIGI_CRUCE (SEMyT ya los actualizó).
[20:41:18]   ⚠ 5 pago(s) descartados: su acta ya no figura como vencida en el Excel de SIGEMI (SEMyT ya los actualizó).
[20:41:18]   • Pagos descartados en total por ya estar actualizados/pagados: 4482
[20:41:18] ⏱ PASO 2 (filtrar): 0.4s
[20:41:18] 📂 Cargando maestro de causas SIGEMI...
[20:41:19]   ✓ Causas totales (maestro): 134069 registros
[20:41:19] ⏱ PASO 2.5 (causas simplificado): 0.0s
[20:41:19] ================================================================================
[20:41:19] PASO 2.5: ARMANDO causas.txt SIMPLIFICADO (cruce contra total_causas_sigemi.txt)
[20:41:19] ================================================================================
[20:41:19]   • Actas vencidas viejas (multas): 102589
[20:41:19]   • Causas totales en el maestro SIGEMI: 134069
[20:41:19]   • Causas que coinciden (simplificado): 102265
[20:41:19]   ✅ Archivo escrito: backend/descargas/causas/causas.txt
[20:41:19] ⏱ PASO 2.5 (causas simplificado): 0.4s
[20:41:19] ================================================================================
[20:41:19] PASO 3: LLENANDO CAUSA_NUMERO (según fecha de cambio de sistema, cruzando por acta + año)
[20:41:19] ================================================================================
[20:41:19] 📊 ESTADÍSTICAS DE LLENADO DE CAUSAS:
[20:41:19]   • Pagos con causa ORIGINAL: 13
[20:41:19]   • Causas encontradas en SIGEMI (actas viejas): 5
[20:41:19]   • Causas NO encontradas en SIGEMI: 0
[20:41:19]   • Causas asignadas automáticamente (actas nuevas): 0
[20:41:19] ⏱ PASO 3 (llenar causas): 0.0s
[20:41:19] ================================================================================
[20:41:19] PASO 4: ORDENANDO POR FECHA Y ACTA_NUMERO
[20:41:19] ================================================================================
[20:41:19] ✓ Pagos ordenados correctamente
[20:41:19]   • Primera entrada: Acta=16259, Fecha=25/07/2024
[20:41:19]   • Última entrada: Acta=319545, Fecha=22/05/2026
[20:41:19] 📝 Escribiendo archivo de salida...
[20:41:19]   ✅ Archivo escrito: backend/descargas/pagos/2026-07-30/PAGOS 20260730 204110.txt
[20:41:19]   ✅ Total registros: 2078
[20:41:19] ⏱ PASO 4 (ordenar y escribir): 0.0s
[20:41:19] ================================================================================
[20:41:19] ✅ PROCESO COMPLETADO EXITOSAMENTE
[20:41:19] ================================================================================
[20:41:19] 📊 RESUMEN FINAL DEL PROCESAMIENTO:
[20:41:19]   ENTRADA:
[20:41:19]     • Pagos originales: 19425
[20:41:19]     • Multas SIGEMI cargadas: 102589
[20:41:19]     • Multas SIGI cargadas: 40316
[20:41:19]     • Causas simplificadas (usadas para el cruce): 102265
[20:41:19]   PROCESO:
[20:41:19]     • Pagos rechazados sigemi: 14925
[20:41:19]     • Pagos rechazados sigi: 4482
[20:41:19]   SALIDA:
[20:41:19]     • Pagos desactualizados procesados: 18
[20:41:19]     • Archivo final: backend/descargas/pagos/2026-07-30/PAGOS 20260730 204110.txt
[20:41:19]     • Ordenados por fecha: SÍ ✓
[20:41:19]     • Todos con ACTA_NUMERO: SÍ ✓
[20:41:19]     • Todos con CAUSA_NUMERO: SÍ ✓
[20:41:19] ✅ TXT de pagos (ya cruzado con actas y causas) generado en: backend/descargas/pagos/2026-07-30/PAGOS 20260730 204110.txt
[20:41:19] 🧹 TXT de pagos crudo eliminado (ya usado en el cruce): backend/descargas/pagos/2026-07-30/PAGOS DESCARGADOS.txt
[20:41:19] 🧹 Excel MULTAS_SIGEMI_CRUCE eliminado (ya usado en el cruce): backend/descargas/cache_actas_cruce/MULTAS_SIGEMI_CRUCE.xlsx
[20:41:19] 🧹 Excel MULTAS_SIGI_CRUCE eliminado (ya usado en el cruce): backend/descargas/cache_actas_cruce/MULTAS_SIGI_CRUCE.xlsx
[20:41:19] ✅ CompararActasPaso finalizado. (⏱ 9.0s)
[20:41:19] ✓ [CompararActasPaso] Completado.
[20:41:19] ▶ [CargarPagosPaso] Iniciando...
[20:41:19] ==================================================
[20:41:19] 🚀 PASO: CargarPagosPaso
[20:41:19] ==================================================
[20:41:19] 📤 Subiendo TXT de pagos al SEMyT...
[20:41:21] ✅ Importación de pagos completada con éxito.
[20:41:21] ✅ Archivo TXT de pagos cargado en el SEMyT correctamente.
[20:41:21] ✅ CargarPagosPaso finalizado. (⏱ 2.0s)
[20:41:21] ✓ [CargarPagosPaso] Completado.
[20:41:21] === Ejecución finalizada con éxito ===
