[09:41:11] === Inicio de ejecución: pagos ===
[09:41:11] ▶ [LoginSemytPaso] Iniciando...
[09:41:11] ==================================================
[09:41:11] 🚀 PASO: LoginSemytPaso
[09:41:11] ==================================================
[09:41:12] Abriendo SEMyT...
[09:41:37] ✅ [SEMyT] Sesión existente detectada. Login omitido.
[09:41:38] ✅ LoginSemytPaso finalizado. (⏱ 26.2s)
[09:41:38] ✓ [LoginSemytPaso] Completado.
[09:41:38] ▶ [LoginJuzgadoPaso] Iniciando...
[09:41:38] ==================================================
[09:41:38] 🚀 PASO: LoginJuzgadoPaso
[09:41:38] ==================================================
[09:41:38] Abriendo sitio municipalidad (CiDi)...
[09:41:38] ✅ [Juzgado] Sesión existente detectada. Login omitido.
[09:41:38] ✅ LoginJuzgadoPaso finalizado. (⏱ 0.8s)
[09:41:38] ✓ [LoginJuzgadoPaso] Completado.
[09:41:38] ▶ [DescargasParalelasPaso] Iniciando...
[09:41:38] ==================================================
[09:41:38] 🚀 PASO: DescargasParalelasPaso
[09:41:38] ==================================================
[09:41:39] 📤 Arrancando las 3 descargas en paralelo (mismo browser, páginas separadas)...
[09:41:39] Fecha Desde: 27/06/2024
[09:41:39] Fecha Hasta: 24/11/2025
[09:41:39] Fecha Desde: 25/11/2025
[09:41:39] Fecha Hasta: 30/07/2026
[09:41:39] Descargando Excel...
[09:41:39] Descargando Excel...
[09:42:04] Archivo descargado en: backend/descargas/cache_actas_cruce/MULTAS_JUZGADO_CRUCE.xlsx
[09:42:05] ⏱ [actas_juzgado] completado en 26.6s
[09:42:07] ✅ TXT de pagos descargado en: backend/descargas/pagos/2026-07-30/PAGOS DESCARGADOS.txt
[09:42:07] ⏱ [pagos_txt] completado en 27.9s
[09:42:52] Archivo descargado en: backend/descargas/cache_actas_cruce/MULTAS_SIGEMI_CRUCE.xlsx
[09:42:55] ⏱ [actas_sigemi] completado en 76.8s
[09:42:55] ⏱ TOTAL descargas en paralelo: 76.8s
[09:42:55] ✅ DescargasParalelasPaso finalizado. (⏱ 77.0s)
[09:42:55] ✓ [DescargasParalelasPaso] Completado.
[09:42:55] ▶ [CompararActasPaso] Iniciando...
[09:42:55] ==================================================
[09:42:55] 🚀 PASO: CompararActasPaso
[09:42:55] ==================================================
[09:42:55] 🔍 Comparando actas del SEMyT contra pagos del Juzgado...
[09:42:55] ================================================================================
[09:42:55] INICIANDO PROCESO DE GENERACIÓN DE PAGOS DESACTUALIZADOS
[09:42:55] ================================================================================
[09:42:55] 📂 Cargando archivos...
[09:42:55]   ✓ Pagos: 19050 registros
[09:42:59]   ✓ Excel SIGEMI (multas vencidas viejas): 102771 registros
[09:43:00]   ✓ Excel Juzgado (multas vencidas nuevas): 40522 registros
[09:43:01] ================================================================================
[09:43:01] PASO 1: LLENANDO ACTA_NUMERO (búsqueda por patente + fecha, con desempate por hora)
[09:43:01] ================================================================================
[09:43:02] 📊 ESTADÍSTICAS DE LLENADO DE ACTAS:
[09:43:02]   • Pagos con acta ORIGINAL: 4278
[09:43:02]   • Pagos SIN acta (buscados): 14772
[09:43:02]   • Pagos LLENADOS exitosamente: 2
[09:43:02]   • Pagos NO encontrados en multas: 14770
[09:43:02]   • Pagos SIN RESOLVER por desbalance de cantidades: 0
[09:43:02] ================================================================================
[09:43:02] PASO 1: LLENANDO ACTA_NUMERO (búsqueda por patente + fecha, con desempate por hora)
[09:43:02] ================================================================================
[09:43:04] 📊 ESTADÍSTICAS DE LLENADO DE ACTAS:
[09:43:04]   • Pagos con acta ORIGINAL: 4280
[09:43:04]   • Pagos SIN acta (buscados): 14770
[09:43:04]   • Pagos LLENADOS exitosamente: 0
[09:43:04]   • Pagos NO encontrados en multas: 14770
[09:43:04]   • Pagos SIN RESOLVER por desbalance de cantidades: 0
[09:43:04] ⏱ PASO 1 (llenar actas): 3.6s
[09:43:04] ================================================================================
[09:43:04] PASO 2: FILTRANDO PAGOS CON ACTA_NUMERO COMPLETO
[09:43:04] ================================================================================
[09:43:04] 📊 ESTADÍSTICAS DE FILTRADO:
[09:43:04]   • Pagos TOTALES al inicio: 19050
[09:43:04]   • Pagos CON acta (MANTIENEN): 4280
[09:43:04]   • Pagos RECHAZADOS (sin coincidencias): 14770
[09:43:04] ⚠️  Se eliminaron 14770 registros sin número de acta
[09:43:04]      (recordá: esto incluye tanto pagos ya actualizados/pagados
[09:43:04]       como pagos que quedaron sin resolver por desbalance en el Paso 1)
[09:43:04] ================================================================================
[09:43:04] PASO 2-bis: CONFIRMANDO VIGENCIA DE PAGOS (sistema NUEVO contra MULTAS_JUZGADO_CRUCE, sistema VIEJO contra SIGEMI)
[09:43:04] ================================================================================
[09:43:04]   ⚠ 4272 pago(s) descartados: su acta ya no figura como vencida en MULTAS_JUZGADO_CRUCE (SEMyT ya los actualizó).
[09:43:04]   ⚠ 3 pago(s) descartados: su acta ya no figura como vencida en el Excel de SIGEMI (SEMyT ya los actualizó).
[09:43:04]   • Pagos descartados en total por ya estar actualizados/pagados: 4275
[09:43:04] ⏱ PASO 2 (filtrar): 0.4s
[09:43:04] 📂 Cargando maestro de causas SIGEMI...
[09:43:04]   ✓ Causas totales (maestro): 134069 registros
[09:43:04] ⏱ PASO 2.5 (causas simplificado): 0.0s
[09:43:04] ================================================================================
[09:43:04] PASO 2.5: ARMANDO causas.txt SIMPLIFICADO (cruce contra total_causas_sigemi.txt)
[09:43:04] ================================================================================
[09:43:04]   • Actas vencidas viejas (multas): 102771
[09:43:04]   • Causas totales en el maestro SIGEMI: 134069
[09:43:04]   • Causas que coinciden (simplificado): 102445
[09:43:04]   ✅ Archivo escrito: backend/descargas/causas/causas.txt
[09:43:04] ⏱ PASO 2.5 (causas simplificado): 0.4s
[09:43:04] ================================================================================
[09:43:04] PASO 3: LLENANDO CAUSA_NUMERO (según fecha de cambio de sistema, cruzando por acta + año)
[09:43:04] ================================================================================
[09:43:04] 📊 ESTADÍSTICAS DE LLENADO DE CAUSAS:
[09:43:04]   • Pagos con causa ORIGINAL: 3
[09:43:04]   • Causas encontradas en SIGEMI (actas viejas): 2
[09:43:04]   • Causas NO encontradas en SIGEMI: 0
[09:43:04]   • Causas asignadas automáticamente (actas nuevas): 0
[09:43:04] ⏱ PASO 3 (llenar causas): 0.0s
[09:43:04] ================================================================================
[09:43:04] PASO 4: ORDENANDO POR FECHA Y ACTA_NUMERO
[09:43:04] ================================================================================
[09:43:04] ✓ Pagos ordenados correctamente
[09:43:04]   • Primera entrada: Acta=62273, Fecha=19/10/2024
[09:43:04]   • Última entrada: Acta=306553, Fecha=04/05/2026
[09:43:04] 📝 Escribiendo archivo de salida...
[09:43:04]   ✅ Archivo escrito: backend/descargas/pagos/2026-07-30/PAGOS 20260730 094255.txt
[09:43:04]   ✅ Total registros: 692
[09:43:04] ⏱ PASO 4 (ordenar y escribir): 0.0s
[09:43:04] ================================================================================
[09:43:04] ✅ PROCESO COMPLETADO EXITOSAMENTE
[09:43:04] ================================================================================
[09:43:04] 📊 RESUMEN FINAL DEL PROCESAMIENTO:
[09:43:04]   ENTRADA:
[09:43:04]     • Pagos originales: 19050
[09:43:04]     • Multas SIGEMI cargadas: 102771
[09:43:04]     • Multas Juzgado cargadas: 40522
[09:43:04]     • Causas simplificadas (usadas para el cruce): 102445
[09:43:04]   PROCESO:
[09:43:04]     • Pagos rechazados sigemi: 14770
[09:43:04]     • Pagos rechazados juzgado: 4275
[09:43:04]   SALIDA:
[09:43:04]     • Pagos desactualizados procesados: 5
[09:43:04]     • Archivo final: backend/descargas/pagos/2026-07-30/PAGOS 20260730 094255.txt
[09:43:04]     • Ordenados por fecha: SÍ ✓
[09:43:04]     • Todos con ACTA_NUMERO: SÍ ✓
[09:43:04]     • Todos con CAUSA_NUMERO: SÍ ✓
[09:43:04] ✅ TXT de pagos (ya cruzado con actas y causas) generado en: backend/descargas/pagos/2026-07-30/PAGOS 20260730 094255.txt
[09:43:04] 🧹 TXT de pagos crudo eliminado (ya usado en el cruce): backend/descargas/pagos/2026-07-30/PAGOS DESCARGADOS.txt
[09:43:04] 🧹 Excel MULTAS_SIGEMI_CRUCE eliminado (ya usado en el cruce): backend/descargas/cache_actas_cruce/MULTAS_SIGEMI_CRUCE.xlsx
[09:43:04] 🧹 Excel MULTAS_JUZGADO_CRUCE eliminado (ya usado en el cruce): backend/descargas/cache_actas_cruce/MULTAS_JUZGADO_CRUCE.xlsx
[09:43:04] ✅ CompararActasPaso finalizado. (⏱ 9.0s)
[09:43:04] ✓ [CompararActasPaso] Completado.
[09:43:04] ▶ [CargarPagosPaso] Iniciando...
[09:43:04] ==================================================
[09:43:04] 🚀 PASO: CargarPagosPaso
[09:43:04] ==================================================
[09:43:04] 📤 Subiendo TXT de pagos al SEMyT...
[09:43:06] ✅ Importación de pagos completada con éxito.
[09:43:07] ✅ Archivo TXT de pagos cargado en el SEMyT correctamente.
[09:43:07] ✅ CargarPagosPaso finalizado. (⏱ 2.1s)
[09:43:07] ✓ [CargarPagosPaso] Completado.
[09:43:07] === Ejecución finalizada con éxito ===
