[19:19:09] === Inicio de ejecución: pagos ===
[19:19:10] ▶ [LoginSemytPaso] Iniciando...
[19:19:10] ==================================================
[19:19:10] 🚀 PASO: LoginSemytPaso
[19:19:10] ==================================================
[19:19:10] Abriendo SEMyT...
[19:19:12] ✅ [SEMyT] Sesión existente detectada. Login omitido.
[19:19:13] ✅ LoginSemytPaso finalizado. (⏱ 2.6s)
[19:19:13] ✓ [LoginSemytPaso] Completado.
[19:19:13] ▶ [LoginJuzgadoPaso] Iniciando...
[19:19:13] ==================================================
[19:19:13] 🚀 PASO: LoginJuzgadoPaso
[19:19:13] ==================================================
[19:19:13] Abriendo sitio municipalidad (CiDi)...
[19:19:13] ✅ [Juzgado] Sesión existente detectada. Login omitido.
[19:19:13] ✅ LoginJuzgadoPaso finalizado. (⏱ 0.6s)
[19:19:13] ✓ [LoginJuzgadoPaso] Completado.
[19:19:13] ▶ [DescargasParalelasPaso] Iniciando...
[19:19:13] ==================================================
[19:19:13] 🚀 PASO: DescargasParalelasPaso
[19:19:13] ==================================================
[19:19:13] 📤 Arrancando las 3 descargas en paralelo (mismo browser, páginas separadas)...
[19:19:13] Fecha Desde: 27/06/2024
[19:19:13] Fecha Hasta: 24/11/2025
[19:19:13] Fecha Desde: 25/11/2025
[19:19:13] Fecha Hasta: 30/07/2026
[19:19:14] Descargando Excel...
[19:19:14] Descargando Excel...
[19:19:25] Archivo descargado en: backend/descargas/cache_actas_cruce/MULTAS_JUZGADO_CRUCE.xlsx
[19:19:27] ⏱ [actas_juzgado] completado en 13.0s
[19:19:32] Archivo descargado en: backend/descargas/cache_actas_cruce/MULTAS_SIGEMI_CRUCE.xlsx
[19:19:35] ⏱ [actas_sigemi] completado en 21.9s
[19:20:00] ✅ TXT de pagos descargado en: backend/descargas/pagos/2026-07-30/PAGOS DESCARGADOS.txt
[19:20:00] ⏱ [pagos_txt] completado en 46.7s
[19:20:00] ⏱ TOTAL descargas en paralelo: 46.7s
[19:20:00] ✅ DescargasParalelasPaso finalizado. (⏱ 47.0s)
[19:20:00] ✓ [DescargasParalelasPaso] Completado.
[19:20:00] ▶ [CompararActasPaso] Iniciando...
[19:20:00] ==================================================
[19:20:00] 🚀 PASO: CompararActasPaso
[19:20:00] ==================================================
[19:20:00] 🔍 Comparando actas del SEMyT contra pagos del Juzgado...
[19:20:00] ================================================================================
[19:20:00] INICIANDO PROCESO DE GENERACIÓN DE PAGOS DESACTUALIZADOS
[19:20:00] ================================================================================
[19:20:00] 📂 Cargando archivos...
[19:20:00]   ✓ Pagos: 19407 registros
[19:20:04]   ✓ Excel SIGEMI (multas vencidas viejas): 102589 registros
[19:20:05]   ✓ Excel Juzgado (multas vencidas nuevas): 40318 registros
[19:20:05] ================================================================================
[19:20:05] PASO 1: LLENANDO ACTA_NUMERO (búsqueda por patente + fecha, con desempate por hora)
[19:20:05] ================================================================================
[19:20:07] 📊 ESTADÍSTICAS DE LLENADO DE ACTAS:
[19:20:07]   • Pagos con acta ORIGINAL: 4482
[19:20:07]   • Pagos SIN acta (buscados): 14925
[19:20:07]   • Pagos LLENADOS exitosamente: 0
[19:20:07]   • Pagos NO encontrados en multas: 14925
[19:20:07]   • Pagos SIN RESOLVER por desbalance de cantidades: 0
[19:20:07] ================================================================================
[19:20:07] PASO 1: LLENANDO ACTA_NUMERO (búsqueda por patente + fecha, con desempate por hora)
[19:20:07] ================================================================================
[19:20:08] 📊 ESTADÍSTICAS DE LLENADO DE ACTAS:
[19:20:08]   • Pagos con acta ORIGINAL: 4482
[19:20:08]   • Pagos SIN acta (buscados): 14925
[19:20:08]   • Pagos LLENADOS exitosamente: 0
[19:20:08]   • Pagos NO encontrados en multas: 14925
[19:20:08]   • Pagos SIN RESOLVER por desbalance de cantidades: 0
[19:20:08] ⏱ PASO 1 (llenar actas): 3.6s
[19:20:08] ================================================================================
[19:20:08] PASO 2: FILTRANDO PAGOS CON ACTA_NUMERO COMPLETO
[19:20:08] ================================================================================
[19:20:08] 📊 ESTADÍSTICAS DE FILTRADO:
[19:20:08]   • Pagos TOTALES al inicio: 19407
[19:20:08]   • Pagos CON acta (MANTIENEN): 4482
[19:20:08]   • Pagos RECHAZADOS (sin coincidencias): 14925
[19:20:08] ⚠️  Se eliminaron 14925 registros sin número de acta
[19:20:08]      (recordá: esto incluye tanto pagos ya actualizados/pagados
[19:20:08]       como pagos que quedaron sin resolver por desbalance en el Paso 1)
[19:20:08] ================================================================================
[19:20:08] PASO 2-bis: CONFIRMANDO VIGENCIA DE PAGOS (sistema NUEVO contra MULTAS_JUZGADO_CRUCE, sistema VIEJO contra SIGEMI)
[19:20:08] ================================================================================
[19:20:09]   ⚠ 4475 pago(s) descartados: su acta ya no figura como vencida en MULTAS_JUZGADO_CRUCE (SEMyT ya los actualizó).
[19:20:09]   ⚠ 5 pago(s) descartados: su acta ya no figura como vencida en el Excel de SIGEMI (SEMyT ya los actualizó).
[19:20:09]   • Pagos descartados en total por ya estar actualizados/pagados: 4480
[19:20:09] ⏱ PASO 2 (filtrar): 0.4s
[19:20:09] 📂 Cargando maestro de causas SIGEMI...
[19:20:09]   ✓ Causas totales (maestro): 134069 registros
[19:20:09] ⏱ PASO 2.5 (causas simplificado): 0.0s
[19:20:09] ================================================================================
[19:20:09] PASO 2.5: ARMANDO causas.txt SIMPLIFICADO (cruce contra total_causas_sigemi.txt)
[19:20:09] ================================================================================
[19:20:09]   • Actas vencidas viejas (multas): 102589
[19:20:09]   • Causas totales en el maestro SIGEMI: 134069
[19:20:09]   • Causas que coinciden (simplificado): 102265
[19:20:09]   ✅ Archivo escrito: backend/descargas/causas/causas.txt
[19:20:09] ⏱ PASO 2.5 (causas simplificado): 0.4s
[19:20:09] ================================================================================
[19:20:09] PASO 3: LLENANDO CAUSA_NUMERO (según fecha de cambio de sistema, cruzando por acta + año)
[19:20:09] ================================================================================
[19:20:09] 📊 ESTADÍSTICAS DE LLENADO DE CAUSAS:
[19:20:09]   • Pagos con causa ORIGINAL: 2
[19:20:09]   • Causas encontradas en SIGEMI (actas viejas): 0
[19:20:09]   • Causas NO encontradas en SIGEMI: 0
[19:20:09]   • Causas asignadas automáticamente (actas nuevas): 0
[19:20:09] ⏱ PASO 3 (llenar causas): 0.0s
[19:20:09] ================================================================================
[19:20:09] PASO 4: ORDENANDO POR FECHA Y ACTA_NUMERO
[19:20:09] ================================================================================
[19:20:09] ✓ Pagos ordenados correctamente
[19:20:09]   • Primera entrada: Acta=302400, Fecha=27/04/2026
[19:20:09]   • Última entrada: Acta=317744, Fecha=20/05/2026
[19:20:09] 📝 Escribiendo archivo de salida...
[19:20:09]   ✅ Archivo escrito: backend/descargas/pagos/2026-07-30/PAGOS 20260730 192000.txt
[19:20:09]   ✅ Total registros: 369
[19:20:09] ⏱ PASO 4 (ordenar y escribir): 0.0s
[19:20:09] ================================================================================
[19:20:09] ✅ PROCESO COMPLETADO EXITOSAMENTE
[19:20:09] ================================================================================
[19:20:09] 📊 RESUMEN FINAL DEL PROCESAMIENTO:
[19:20:09]   ENTRADA:
[19:20:09]     • Pagos originales: 19407
[19:20:09]     • Multas SIGEMI cargadas: 102589
[19:20:09]     • Multas Juzgado cargadas: 40318
[19:20:09]     • Causas simplificadas (usadas para el cruce): 102265
[19:20:09]   PROCESO:
[19:20:09]     • Pagos rechazados sigemi: 14925
[19:20:09]     • Pagos rechazados juzgado: 4480
[19:20:09]   SALIDA:
[19:20:09]     • Pagos desactualizados procesados: 2
[19:20:09]     • Archivo final: backend/descargas/pagos/2026-07-30/PAGOS 20260730 192000.txt
[19:20:09]     • Ordenados por fecha: SÍ ✓
[19:20:09]     • Todos con ACTA_NUMERO: SÍ ✓
[19:20:09]     • Todos con CAUSA_NUMERO: SÍ ✓
[19:20:09] ✅ TXT de pagos (ya cruzado con actas y causas) generado en: backend/descargas/pagos/2026-07-30/PAGOS 20260730 192000.txt
[19:20:09] 🧹 TXT de pagos crudo eliminado (ya usado en el cruce): backend/descargas/pagos/2026-07-30/PAGOS DESCARGADOS.txt
[19:20:09] 🧹 Excel MULTAS_SIGEMI_CRUCE eliminado (ya usado en el cruce): backend/descargas/cache_actas_cruce/MULTAS_SIGEMI_CRUCE.xlsx
[19:20:09] 🧹 Excel MULTAS_JUZGADO_CRUCE eliminado (ya usado en el cruce): backend/descargas/cache_actas_cruce/MULTAS_JUZGADO_CRUCE.xlsx
[19:20:09] ✅ CompararActasPaso finalizado. (⏱ 9.0s)
[19:20:09] ✓ [CompararActasPaso] Completado.
[19:20:09] ▶ [CargarPagosPaso] Iniciando...
[19:20:09] ==================================================
[19:20:09] 🚀 PASO: CargarPagosPaso
[19:20:09] ==================================================
[19:20:09] 📤 Subiendo TXT de pagos al SEMyT...
[19:20:11] ✅ Importación de pagos completada con éxito.
[19:20:11] ✅ Archivo TXT de pagos cargado en el SEMyT correctamente.
[19:20:11] ✅ CargarPagosPaso finalizado. (⏱ 2.0s)
[19:20:11] ✓ [CargarPagosPaso] Completado.
[19:20:11] === Ejecución finalizada con éxito ===
