[11:02:27] === Inicio de ejecución: pagos ===
[11:02:28] ▶ [LoginSemytPaso] Iniciando...
[11:02:28] ==================================================
[11:02:28] 🚀 PASO: LoginSemytPaso
[11:02:28] ==================================================
[11:02:28] Abriendo SEMyT...
[11:02:35] ✅ [SEMyT] Sesión existente detectada. Login omitido.
[11:02:35] ✅ LoginSemytPaso finalizado. (⏱ 7.3s)
[11:02:35] ✓ [LoginSemytPaso] Completado.
[11:02:35] ▶ [LoginJuzgadoPaso] Iniciando...
[11:02:35] ==================================================
[11:02:35] 🚀 PASO: LoginJuzgadoPaso
[11:02:35] ==================================================
[11:02:35] Abriendo sitio municipalidad (CiDi)...
[11:02:36] ✅ [Juzgado] Sesión existente detectada. Login omitido.
[11:02:36] ✅ LoginJuzgadoPaso finalizado. (⏱ 0.9s)
[11:02:36] ✓ [LoginJuzgadoPaso] Completado.
[11:02:36] ▶ [DescargasParalelasPaso] Iniciando...
[11:02:36] ==================================================
[11:02:36] 🚀 PASO: DescargasParalelasPaso
[11:02:36] ==================================================
[11:02:36] 📤 Arrancando las 3 descargas en paralelo (mismo browser, páginas separadas)...
[11:02:36] Fecha Desde: 27/06/2024
[11:02:36] Fecha Hasta: 24/11/2025
[11:02:36] Fecha Desde: 25/11/2025
[11:02:36] Fecha Hasta: 30/07/2026
[11:02:36] Descargando Excel...
[11:02:36] Descargando Excel...
[11:02:51] Archivo descargado en: backend/descargas/cache_actas_cruce/MULTAS_JUZGADO_CRUCE.xlsx
[11:02:52] ⏱ [actas_juzgado] completado en 16.2s
[11:03:21] Archivo descargado en: backend/descargas/cache_actas_cruce/MULTAS_SIGEMI_CRUCE.xlsx
[11:03:24] ⏱ [actas_sigemi] completado en 48.1s
[11:03:48] ✅ TXT de pagos descargado en: backend/descargas/pagos/2026-07-30/PAGOS DESCARGADOS.txt
[11:03:48] ⏱ [pagos_txt] completado en 72.1s
[11:03:48] ⏱ TOTAL descargas en paralelo: 72.1s
[11:03:48] ✅ DescargasParalelasPaso finalizado. (⏱ 72.4s)
[11:03:48] ✓ [DescargasParalelasPaso] Completado.
[11:03:48] ▶ [CompararActasPaso] Iniciando...
[11:03:48] ==================================================
[11:03:48] 🚀 PASO: CompararActasPaso
[11:03:48] ==================================================
[11:03:48] 🔍 Comparando actas del SEMyT contra pagos del Juzgado...
[11:03:48] ================================================================================
[11:03:48] INICIANDO PROCESO DE GENERACIÓN DE PAGOS DESACTUALIZADOS
[11:03:48] ================================================================================
[11:03:48] 📂 Cargando archivos...
[11:03:48]   ✓ Pagos: 19130 registros
[11:03:51]   ✓ Excel SIGEMI (multas vencidas viejas): 102740 registros
[11:03:53]   ✓ Excel Juzgado (multas vencidas nuevas): 40483 registros
[11:03:53] ================================================================================
[11:03:53] PASO 1: LLENANDO ACTA_NUMERO (búsqueda por patente + fecha, con desempate por hora)
[11:03:53] ================================================================================
[11:03:55] 📊 ESTADÍSTICAS DE LLENADO DE ACTAS:
[11:03:55]   • Pagos con acta ORIGINAL: 4327
[11:03:55]   • Pagos SIN acta (buscados): 14803
[11:03:55]   • Pagos LLENADOS exitosamente: 2
[11:03:55]   • Pagos NO encontrados en multas: 14801
[11:03:55]   • Pagos SIN RESOLVER por desbalance de cantidades: 0
[11:03:55] ================================================================================
[11:03:55] PASO 1: LLENANDO ACTA_NUMERO (búsqueda por patente + fecha, con desempate por hora)
[11:03:55] ================================================================================
[11:03:56] 📊 ESTADÍSTICAS DE LLENADO DE ACTAS:
[11:03:56]   • Pagos con acta ORIGINAL: 4329
[11:03:56]   • Pagos SIN acta (buscados): 14801
[11:03:56]   • Pagos LLENADOS exitosamente: 0
[11:03:56]   • Pagos NO encontrados en multas: 14801
[11:03:56]   • Pagos SIN RESOLVER por desbalance de cantidades: 0
[11:03:56] ⏱ PASO 1 (llenar actas): 3.5s
[11:03:56] ================================================================================
[11:03:56] PASO 2: FILTRANDO PAGOS CON ACTA_NUMERO COMPLETO
[11:03:56] ================================================================================
[11:03:56] 📊 ESTADÍSTICAS DE FILTRADO:
[11:03:56]   • Pagos TOTALES al inicio: 19130
[11:03:56]   • Pagos CON acta (MANTIENEN): 4329
[11:03:56]   • Pagos RECHAZADOS (sin coincidencias): 14801
[11:03:56] ⚠️  Se eliminaron 14801 registros sin número de acta
[11:03:56]      (recordá: esto incluye tanto pagos ya actualizados/pagados
[11:03:56]       como pagos que quedaron sin resolver por desbalance en el Paso 1)
[11:03:56] ================================================================================
[11:03:56] PASO 2-bis: CONFIRMANDO VIGENCIA DE PAGOS (sistema NUEVO contra MULTAS_JUZGADO_CRUCE, sistema VIEJO contra SIGEMI)
[11:03:56] ================================================================================
[11:03:56]   ⚠ 4311 pago(s) descartados: su acta ya no figura como vencida en MULTAS_JUZGADO_CRUCE (SEMyT ya los actualizó).
[11:03:56]   ⚠ 3 pago(s) descartados: su acta ya no figura como vencida en el Excel de SIGEMI (SEMyT ya los actualizó).
[11:03:56]   • Pagos descartados en total por ya estar actualizados/pagados: 4314
[11:03:56] ⏱ PASO 2 (filtrar): 0.4s
[11:03:56] 📂 Cargando maestro de causas SIGEMI...
[11:03:57]   ✓ Causas totales (maestro): 134069 registros
[11:03:57] ⏱ PASO 2.5 (causas simplificado): 0.0s
[11:03:57] ================================================================================
[11:03:57] PASO 2.5: ARMANDO causas.txt SIMPLIFICADO (cruce contra total_causas_sigemi.txt)
[11:03:57] ================================================================================
[11:03:57]   • Actas vencidas viejas (multas): 102740
[11:03:57]   • Causas totales en el maestro SIGEMI: 134069
[11:03:57]   • Causas que coinciden (simplificado): 102414
[11:03:57]   ✅ Archivo escrito: backend/descargas/causas/causas.txt
[11:03:57] ⏱ PASO 2.5 (causas simplificado): 0.4s
[11:03:57] ================================================================================
[11:03:57] PASO 3: LLENANDO CAUSA_NUMERO (según fecha de cambio de sistema, cruzando por acta + año)
[11:03:57] ================================================================================
[11:03:57] 📊 ESTADÍSTICAS DE LLENADO DE CAUSAS:
[11:03:57]   • Pagos con causa ORIGINAL: 13
[11:03:57]   • Causas encontradas en SIGEMI (actas viejas): 2
[11:03:57]   • Causas NO encontradas en SIGEMI: 0
[11:03:57]   • Causas asignadas automáticamente (actas nuevas): 0
[11:03:57] ⏱ PASO 3 (llenar causas): 0.0s
[11:03:57] ================================================================================
[11:03:57] PASO 4: ORDENANDO POR FECHA Y ACTA_NUMERO
[11:03:57] ================================================================================
[11:03:57] ✓ Pagos ordenados correctamente
[11:03:57]   • Primera entrada: Acta=95465, Fecha=28/12/2024
[11:03:57]   • Última entrada: Acta=316633, Fecha=19/05/2026
[11:03:57] 📝 Escribiendo archivo de salida...
[11:03:57]   ✅ Archivo escrito: backend/descargas/pagos/2026-07-30/PAGOS 20260730 110348.txt
[11:03:57]   ✅ Total registros: 1794
[11:03:57] ⏱ PASO 4 (ordenar y escribir): 0.0s
[11:03:57] ================================================================================
[11:03:57] ✅ PROCESO COMPLETADO EXITOSAMENTE
[11:03:57] ================================================================================
[11:03:57] 📊 RESUMEN FINAL DEL PROCESAMIENTO:
[11:03:57]   ENTRADA:
[11:03:57]     • Pagos originales: 19130
[11:03:57]     • Multas SIGEMI cargadas: 102740
[11:03:57]     • Multas Juzgado cargadas: 40483
[11:03:57]     • Causas simplificadas (usadas para el cruce): 102414
[11:03:57]   PROCESO:
[11:03:57]     • Pagos rechazados sigemi: 14801
[11:03:57]     • Pagos rechazados juzgado: 4314
[11:03:57]   SALIDA:
[11:03:57]     • Pagos desactualizados procesados: 15
[11:03:57]     • Archivo final: backend/descargas/pagos/2026-07-30/PAGOS 20260730 110348.txt
[11:03:57]     • Ordenados por fecha: SÍ ✓
[11:03:57]     • Todos con ACTA_NUMERO: SÍ ✓
[11:03:57]     • Todos con CAUSA_NUMERO: SÍ ✓
[11:03:57] ✅ TXT de pagos (ya cruzado con actas y causas) generado en: backend/descargas/pagos/2026-07-30/PAGOS 20260730 110348.txt
[11:03:57] 🧹 TXT de pagos crudo eliminado (ya usado en el cruce): backend/descargas/pagos/2026-07-30/PAGOS DESCARGADOS.txt
[11:03:57] 🧹 Excel MULTAS_SIGEMI_CRUCE eliminado (ya usado en el cruce): backend/descargas/cache_actas_cruce/MULTAS_SIGEMI_CRUCE.xlsx
[11:03:57] 🧹 Excel MULTAS_JUZGADO_CRUCE eliminado (ya usado en el cruce): backend/descargas/cache_actas_cruce/MULTAS_JUZGADO_CRUCE.xlsx
[11:03:57] ✅ CompararActasPaso finalizado. (⏱ 8.7s)
[11:03:57] ✓ [CompararActasPaso] Completado.
[11:03:57] ▶ [CargarPagosPaso] Iniciando...
[11:03:57] ==================================================
[11:03:57] 🚀 PASO: CargarPagosPaso
[11:03:57] ==================================================
[11:03:57] 📤 Subiendo TXT de pagos al SEMyT...
[11:03:59] ✅ Importación de pagos completada con éxito.
[11:03:59] ✅ Archivo TXT de pagos cargado en el SEMyT correctamente.
[11:03:59] ✅ CargarPagosPaso finalizado. (⏱ 2.0s)
[11:03:59] ✓ [CargarPagosPaso] Completado.
[11:03:59] === Ejecución finalizada con éxito ===
