[10:28:12] === Inicio de ejecución: pagos ===
[10:28:12] ▶ [LoginSemytPaso] Iniciando...
[10:28:12] ==================================================
[10:28:12] 🚀 PASO: LoginSemytPaso
[10:28:12] ==================================================
[10:28:12] Abriendo SEMyT...
[10:28:34] ✅ [SEMyT] Sesión existente detectada. Login omitido.
[10:28:34] ✅ LoginSemytPaso finalizado. (⏱ 22.5s)
[10:28:34] ✓ [LoginSemytPaso] Completado.
[10:28:34] ▶ [LoginJuzgadoPaso] Iniciando...
[10:28:34] ==================================================
[10:28:34] 🚀 PASO: LoginJuzgadoPaso
[10:28:34] ==================================================
[10:28:35] Abriendo sitio municipalidad (CiDi)...
[10:28:35] ✅ [Juzgado] Sesión existente detectada. Login omitido.
[10:28:35] ✅ LoginJuzgadoPaso finalizado. (⏱ 0.9s)
[10:28:35] ✓ [LoginJuzgadoPaso] Completado.
[10:28:35] ▶ [DescargasParalelasPaso] Iniciando...
[10:28:35] ==================================================
[10:28:35] 🚀 PASO: DescargasParalelasPaso
[10:28:35] ==================================================
[10:28:36] 📤 Arrancando las 3 descargas en paralelo (mismo browser, páginas separadas)...
[10:28:36] Fecha Desde: 27/06/2024
[10:28:36] Fecha Hasta: 24/11/2025
[10:28:36] Fecha Desde: 25/11/2025
[10:28:36] Fecha Hasta: 30/07/2026
[10:28:36] Descargando Excel...
[10:28:36] Descargando Excel...
[10:28:57] Archivo descargado en: backend/descargas/cache_actas_cruce/MULTAS_JUZGADO_CRUCE.xlsx
[10:28:58] ⏱ [actas_juzgado] completado en 22.5s
[10:29:04] ✅ TXT de pagos descargado en: backend/descargas/pagos/2026-07-30/PAGOS DESCARGADOS.txt
[10:29:04] ⏱ [pagos_txt] completado en 28.0s
[10:29:43] Archivo descargado en: backend/descargas/cache_actas_cruce/MULTAS_SIGEMI_CRUCE.xlsx
[10:29:47] ⏱ [actas_sigemi] completado en 71.1s
[10:29:47] ⏱ TOTAL descargas en paralelo: 71.1s
[10:29:47] ✅ DescargasParalelasPaso finalizado. (⏱ 71.3s)
[10:29:47] ✓ [DescargasParalelasPaso] Completado.
[10:29:47] ▶ [CompararActasPaso] Iniciando...
[10:29:47] ==================================================
[10:29:47] 🚀 PASO: CompararActasPaso
[10:29:47] ==================================================
[10:29:47] 🔍 Comparando actas del SEMyT contra pagos del Juzgado...
[10:29:47] ================================================================================
[10:29:47] INICIANDO PROCESO DE GENERACIÓN DE PAGOS DESACTUALIZADOS
[10:29:47] ================================================================================
[10:29:47] 📂 Cargando archivos...
[10:29:47]   ✓ Pagos: 19086 registros
[10:29:50]   ✓ Excel SIGEMI (multas vencidas viejas): 102758 registros
[10:29:51]   ✓ Excel Juzgado (multas vencidas nuevas): 40500 registros
[10:29:52] ================================================================================
[10:29:52] PASO 1: LLENANDO ACTA_NUMERO (búsqueda por patente + fecha, con desempate por hora)
[10:29:52] ================================================================================
[10:29:53] 📊 ESTADÍSTICAS DE LLENADO DE ACTAS:
[10:29:53]   • Pagos con acta ORIGINAL: 4300
[10:29:53]   • Pagos SIN acta (buscados): 14786
[10:29:53]   • Pagos LLENADOS exitosamente: 3
[10:29:53]   • Pagos NO encontrados en multas: 14783
[10:29:53]   • Pagos SIN RESOLVER por desbalance de cantidades: 0
[10:29:53] ================================================================================
[10:29:53] PASO 1: LLENANDO ACTA_NUMERO (búsqueda por patente + fecha, con desempate por hora)
[10:29:53] ================================================================================
[10:29:55] 📊 ESTADÍSTICAS DE LLENADO DE ACTAS:
[10:29:55]   • Pagos con acta ORIGINAL: 4303
[10:29:55]   • Pagos SIN acta (buscados): 14783
[10:29:55]   • Pagos LLENADOS exitosamente: 0
[10:29:55]   • Pagos NO encontrados en multas: 14783
[10:29:55]   • Pagos SIN RESOLVER por desbalance de cantidades: 0
[10:29:55] ⏱ PASO 1 (llenar actas): 3.5s
[10:29:55] ================================================================================
[10:29:55] PASO 2: FILTRANDO PAGOS CON ACTA_NUMERO COMPLETO
[10:29:55] ================================================================================
[10:29:55] 📊 ESTADÍSTICAS DE FILTRADO:
[10:29:55]   • Pagos TOTALES al inicio: 19086
[10:29:55]   • Pagos CON acta (MANTIENEN): 4303
[10:29:55]   • Pagos RECHAZADOS (sin coincidencias): 14783
[10:29:55] ⚠️  Se eliminaron 14783 registros sin número de acta
[10:29:55]      (recordá: esto incluye tanto pagos ya actualizados/pagados
[10:29:55]       como pagos que quedaron sin resolver por desbalance en el Paso 1)
[10:29:55] ================================================================================
[10:29:55] PASO 2-bis: CONFIRMANDO VIGENCIA DE PAGOS (sistema NUEVO contra MULTAS_JUZGADO_CRUCE, sistema VIEJO contra SIGEMI)
[10:29:55] ================================================================================
[10:29:55]   ⚠ 4294 pago(s) descartados: su acta ya no figura como vencida en MULTAS_JUZGADO_CRUCE (SEMyT ya los actualizó).
[10:29:55]   ⚠ 3 pago(s) descartados: su acta ya no figura como vencida en el Excel de SIGEMI (SEMyT ya los actualizó).
[10:29:55]   • Pagos descartados en total por ya estar actualizados/pagados: 4297
[10:29:55] ⏱ PASO 2 (filtrar): 0.4s
[10:29:55] 📂 Cargando maestro de causas SIGEMI...
[10:29:55]   ✓ Causas totales (maestro): 134069 registros
[10:29:55] ⏱ PASO 2.5 (causas simplificado): 0.0s
[10:29:55] ================================================================================
[10:29:55] PASO 2.5: ARMANDO causas.txt SIMPLIFICADO (cruce contra total_causas_sigemi.txt)
[10:29:55] ================================================================================
[10:29:55]   • Actas vencidas viejas (multas): 102758
[10:29:55]   • Causas totales en el maestro SIGEMI: 134069
[10:29:55]   • Causas que coinciden (simplificado): 102432
[10:29:55]   ✅ Archivo escrito: backend/descargas/causas/causas.txt
[10:29:55] ⏱ PASO 2.5 (causas simplificado): 0.4s
[10:29:55] ================================================================================
[10:29:55] PASO 3: LLENANDO CAUSA_NUMERO (según fecha de cambio de sistema, cruzando por acta + año)
[10:29:55] ================================================================================
[10:29:55] 📊 ESTADÍSTICAS DE LLENADO DE CAUSAS:
[10:29:55]   • Pagos con causa ORIGINAL: 3
[10:29:55]   • Causas encontradas en SIGEMI (actas viejas): 3
[10:29:55]   • Causas NO encontradas en SIGEMI: 0
[10:29:55]   • Causas asignadas automáticamente (actas nuevas): 0
[10:29:55] ⏱ PASO 3 (llenar causas): 0.0s
[10:29:55] ================================================================================
[10:29:55] PASO 4: ORDENANDO POR FECHA Y ACTA_NUMERO
[10:29:55] ================================================================================
[10:29:55] ✓ Pagos ordenados correctamente
[10:29:55]   • Primera entrada: Acta=5483, Fecha=05/07/2024
[10:29:55]   • Última entrada: Acta=305901, Fecha=30/04/2026
[10:29:55] 📝 Escribiendo archivo de salida...
[10:29:55]   ✅ Archivo escrito: backend/descargas/pagos/2026-07-30/PAGOS 20260730 102947.txt
[10:29:55]   ✅ Total registros: 735
[10:29:55] ⏱ PASO 4 (ordenar y escribir): 0.0s
[10:29:55] ================================================================================
[10:29:55] ✅ PROCESO COMPLETADO EXITOSAMENTE
[10:29:55] ================================================================================
[10:29:55] 📊 RESUMEN FINAL DEL PROCESAMIENTO:
[10:29:55]   ENTRADA:
[10:29:55]     • Pagos originales: 19086
[10:29:55]     • Multas SIGEMI cargadas: 102758
[10:29:55]     • Multas Juzgado cargadas: 40500
[10:29:55]     • Causas simplificadas (usadas para el cruce): 102432
[10:29:55]   PROCESO:
[10:29:55]     • Pagos rechazados sigemi: 14783
[10:29:55]     • Pagos rechazados juzgado: 4297
[10:29:55]   SALIDA:
[10:29:55]     • Pagos desactualizados procesados: 6
[10:29:55]     • Archivo final: backend/descargas/pagos/2026-07-30/PAGOS 20260730 102947.txt
[10:29:55]     • Ordenados por fecha: SÍ ✓
[10:29:55]     • Todos con ACTA_NUMERO: SÍ ✓
[10:29:55]     • Todos con CAUSA_NUMERO: SÍ ✓
[10:29:55] ✅ TXT de pagos (ya cruzado con actas y causas) generado en: backend/descargas/pagos/2026-07-30/PAGOS 20260730 102947.txt
[10:29:55] 🧹 TXT de pagos crudo eliminado (ya usado en el cruce): backend/descargas/pagos/2026-07-30/PAGOS DESCARGADOS.txt
[10:29:55] 🧹 Excel MULTAS_SIGEMI_CRUCE eliminado (ya usado en el cruce): backend/descargas/cache_actas_cruce/MULTAS_SIGEMI_CRUCE.xlsx
[10:29:55] 🧹 Excel MULTAS_JUZGADO_CRUCE eliminado (ya usado en el cruce): backend/descargas/cache_actas_cruce/MULTAS_JUZGADO_CRUCE.xlsx
[10:29:55] ✅ CompararActasPaso finalizado. (⏱ 8.7s)
[10:29:55] ✓ [CompararActasPaso] Completado.
[10:29:55] ▶ [CargarPagosPaso] Iniciando...
[10:29:55] ==================================================
[10:29:55] 🚀 PASO: CargarPagosPaso
[10:29:55] ==================================================
[10:29:55] 📤 Subiendo TXT de pagos al SEMyT...
[10:29:58] ✅ Importación de pagos completada con éxito.
[10:29:58] ✅ Archivo TXT de pagos cargado en el SEMyT correctamente.
[10:29:58] ✅ CargarPagosPaso finalizado. (⏱ 2.7s)
[10:29:58] ✓ [CargarPagosPaso] Completado.
[10:29:58] === Ejecución finalizada con éxito ===
