[18:03:23] === Inicio de ejecución: pagos ===
[18:03:23] ▶ [LoginSemytPaso] Iniciando...
[18:03:23] ==================================================
[18:03:23] 🚀 PASO: LoginSemytPaso
[18:03:23] ==================================================
[18:03:23] Abriendo SEMyT...
[18:03:25] ✅ [SEMyT] Sesión existente detectada. Login omitido.
[18:03:25] ✅ LoginSemytPaso finalizado. (⏱ 2.5s)
[18:03:25] ✓ [LoginSemytPaso] Completado.
[18:03:25] ▶ [LoginJuzgadoPaso] Iniciando...
[18:03:25] ==================================================
[18:03:25] 🚀 PASO: LoginJuzgadoPaso
[18:03:25] ==================================================
[18:03:25] Abriendo sitio municipalidad (CiDi)...
[18:03:26] ✅ [Juzgado] Sesión existente detectada. Login omitido.
[18:03:26] ✅ LoginJuzgadoPaso finalizado. (⏱ 0.5s)
[18:03:26] ✓ [LoginJuzgadoPaso] Completado.
[18:03:26] ▶ [DescargasParalelasPaso] Iniciando...
[18:03:26] ==================================================
[18:03:26] 🚀 PASO: DescargasParalelasPaso
[18:03:26] ==================================================
[18:03:26] 📤 Arrancando las 3 descargas en paralelo (mismo browser, páginas separadas)...
[18:03:26] Fecha Desde: 27/06/2024
[18:03:26] Fecha Hasta: 24/11/2025
[18:03:26] Fecha Desde: 25/11/2025
[18:03:26] Fecha Hasta: 30/07/2026
[18:03:26] Descargando Excel...
[18:03:26] Descargando Excel...
[18:03:40] Archivo descargado en: backend/descargas/cache_actas_cruce/MULTAS_JUZGADO_CRUCE.xlsx
[18:03:41] ⏱ [actas_juzgado] completado en 14.9s
[18:03:52] Archivo descargado en: backend/descargas/cache_actas_cruce/MULTAS_SIGEMI_CRUCE.xlsx
[18:03:55] ⏱ [actas_sigemi] completado en 28.5s
[18:03:55] ✅ TXT de pagos descargado en: backend/descargas/pagos/2026-07-30/PAGOS DESCARGADOS.txt
[18:03:55] ⏱ [pagos_txt] completado en 28.8s
[18:03:55] ⏱ TOTAL descargas en paralelo: 28.8s
[18:03:55] ✅ DescargasParalelasPaso finalizado. (⏱ 29.1s)
[18:03:55] ✓ [DescargasParalelasPaso] Completado.
[18:03:55] ▶ [CompararActasPaso] Iniciando...
[18:03:55] ==================================================
[18:03:55] 🚀 PASO: CompararActasPaso
[18:03:55] ==================================================
[18:03:55] 🔍 Comparando actas del SEMyT contra pagos del Juzgado...
[18:03:55] ================================================================================
[18:03:55] INICIANDO PROCESO DE GENERACIÓN DE PAGOS DESACTUALIZADOS
[18:03:55] ================================================================================
[18:03:55] 📂 Cargando archivos...
[18:03:55]   ✓ Pagos: 19383 registros
[18:03:58]   ✓ Excel SIGEMI (multas vencidas viejas): 102595 registros
[18:03:59]   ✓ Excel Juzgado (multas vencidas nuevas): 40341 registros
[18:04:00] ================================================================================
[18:04:00] PASO 1: LLENANDO ACTA_NUMERO (búsqueda por patente + fecha, con desempate por hora)
[18:04:00] ================================================================================
[18:04:01] 📊 ESTADÍSTICAS DE LLENADO DE ACTAS:
[18:04:01]   • Pagos con acta ORIGINAL: 4462
[18:04:01]   • Pagos SIN acta (buscados): 14921
[18:04:01]   • Pagos LLENADOS exitosamente: 2
[18:04:01]   • Pagos NO encontrados en multas: 14919
[18:04:01]   • Pagos SIN RESOLVER por desbalance de cantidades: 0
[18:04:02] ================================================================================
[18:04:02] PASO 1: LLENANDO ACTA_NUMERO (búsqueda por patente + fecha, con desempate por hora)
[18:04:02] ================================================================================
[18:04:03] 📊 ESTADÍSTICAS DE LLENADO DE ACTAS:
[18:04:03]   • Pagos con acta ORIGINAL: 4464
[18:04:03]   • Pagos SIN acta (buscados): 14919
[18:04:03]   • Pagos LLENADOS exitosamente: 0
[18:04:03]   • Pagos NO encontrados en multas: 14919
[18:04:03]   • Pagos SIN RESOLVER por desbalance de cantidades: 0
[18:04:03] ⏱ PASO 1 (llenar actas): 3.5s
[18:04:03] ================================================================================
[18:04:03] PASO 2: FILTRANDO PAGOS CON ACTA_NUMERO COMPLETO
[18:04:03] ================================================================================
[18:04:03] 📊 ESTADÍSTICAS DE FILTRADO:
[18:04:03]   • Pagos TOTALES al inicio: 19383
[18:04:03]   • Pagos CON acta (MANTIENEN): 4464
[18:04:03]   • Pagos RECHAZADOS (sin coincidencias): 14919
[18:04:03] ⚠️  Se eliminaron 14919 registros sin número de acta
[18:04:03]      (recordá: esto incluye tanto pagos ya actualizados/pagados
[18:04:03]       como pagos que quedaron sin resolver por desbalance en el Paso 1)
[18:04:03] ================================================================================
[18:04:03] PASO 2-bis: CONFIRMANDO VIGENCIA DE PAGOS (sistema NUEVO contra MULTAS_JUZGADO_CRUCE, sistema VIEJO contra SIGEMI)
[18:04:03] ================================================================================
[18:04:03]   ⚠ 4454 pago(s) descartados: su acta ya no figura como vencida en MULTAS_JUZGADO_CRUCE (SEMyT ya los actualizó).
[18:04:03]   ⚠ 5 pago(s) descartados: su acta ya no figura como vencida en el Excel de SIGEMI (SEMyT ya los actualizó).
[18:04:03]   • Pagos descartados en total por ya estar actualizados/pagados: 4459
[18:04:03] ⏱ PASO 2 (filtrar): 0.4s
[18:04:03] 📂 Cargando maestro de causas SIGEMI...
[18:04:03]   ✓ Causas totales (maestro): 134069 registros
[18:04:03] ⏱ PASO 2.5 (causas simplificado): 0.0s
[18:04:03] ================================================================================
[18:04:03] PASO 2.5: ARMANDO causas.txt SIMPLIFICADO (cruce contra total_causas_sigemi.txt)
[18:04:03] ================================================================================
[18:04:04]   • Actas vencidas viejas (multas): 102595
[18:04:04]   • Causas totales en el maestro SIGEMI: 134069
[18:04:04]   • Causas que coinciden (simplificado): 102271
[18:04:04]   ✅ Archivo escrito: backend/descargas/causas/causas.txt
[18:04:04] ⏱ PASO 2.5 (causas simplificado): 0.4s
[18:04:04] ================================================================================
[18:04:04] PASO 3: LLENANDO CAUSA_NUMERO (según fecha de cambio de sistema, cruzando por acta + año)
[18:04:04] ================================================================================
[18:04:04] 📊 ESTADÍSTICAS DE LLENADO DE CAUSAS:
[18:04:04]   • Pagos con causa ORIGINAL: 3
[18:04:04]   • Causas encontradas en SIGEMI (actas viejas): 2
[18:04:04]   • Causas NO encontradas en SIGEMI: 0
[18:04:04]   • Causas asignadas automáticamente (actas nuevas): 0
[18:04:04] ⏱ PASO 3 (llenar causas): 0.0s
[18:04:04] ================================================================================
[18:04:04] PASO 4: ORDENANDO POR FECHA Y ACTA_NUMERO
[18:04:04] ================================================================================
[18:04:04] ✓ Pagos ordenados correctamente
[18:04:04]   • Primera entrada: Acta=24386, Fecha=06/08/2024
[18:04:04]   • Última entrada: Acta=318436, Fecha=21/05/2026
[18:04:04] 📝 Escribiendo archivo de salida...
[18:04:04]   ✅ Archivo escrito: backend/descargas/pagos/2026-07-30/PAGOS 20260730 180355.txt
[18:04:04]   ✅ Total registros: 697
[18:04:04] ⏱ PASO 4 (ordenar y escribir): 0.0s
[18:04:04] ================================================================================
[18:04:04] ✅ PROCESO COMPLETADO EXITOSAMENTE
[18:04:04] ================================================================================
[18:04:04] 📊 RESUMEN FINAL DEL PROCESAMIENTO:
[18:04:04]   ENTRADA:
[18:04:04]     • Pagos originales: 19383
[18:04:04]     • Multas SIGEMI cargadas: 102595
[18:04:04]     • Multas Juzgado cargadas: 40341
[18:04:04]     • Causas simplificadas (usadas para el cruce): 102271
[18:04:04]   PROCESO:
[18:04:04]     • Pagos rechazados sigemi: 14919
[18:04:04]     • Pagos rechazados juzgado: 4459
[18:04:04]   SALIDA:
[18:04:04]     • Pagos desactualizados procesados: 5
[18:04:04]     • Archivo final: backend/descargas/pagos/2026-07-30/PAGOS 20260730 180355.txt
[18:04:04]     • Ordenados por fecha: SÍ ✓
[18:04:04]     • Todos con ACTA_NUMERO: SÍ ✓
[18:04:04]     • Todos con CAUSA_NUMERO: SÍ ✓
[18:04:04] ✅ TXT de pagos (ya cruzado con actas y causas) generado en: backend/descargas/pagos/2026-07-30/PAGOS 20260730 180355.txt
[18:04:04] 🧹 TXT de pagos crudo eliminado (ya usado en el cruce): backend/descargas/pagos/2026-07-30/PAGOS DESCARGADOS.txt
[18:04:04] 🧹 Excel MULTAS_SIGEMI_CRUCE eliminado (ya usado en el cruce): backend/descargas/cache_actas_cruce/MULTAS_SIGEMI_CRUCE.xlsx
[18:04:04] 🧹 Excel MULTAS_JUZGADO_CRUCE eliminado (ya usado en el cruce): backend/descargas/cache_actas_cruce/MULTAS_JUZGADO_CRUCE.xlsx
[18:04:04] ✅ CompararActasPaso finalizado. (⏱ 8.8s)
[18:04:04] ✓ [CompararActasPaso] Completado.
[18:04:04] ▶ [CargarPagosPaso] Iniciando...
[18:04:04] ==================================================
[18:04:04] 🚀 PASO: CargarPagosPaso
[18:04:04] ==================================================
[18:04:04] 📤 Subiendo TXT de pagos al SEMyT...
[18:04:05] ✅ Importación de pagos completada con éxito.
[18:04:06] ✅ Archivo TXT de pagos cargado en el SEMyT correctamente.
[18:04:06] ✅ CargarPagosPaso finalizado. (⏱ 2.0s)
[18:04:06] ✓ [CargarPagosPaso] Completado.
[18:04:06] === Ejecución finalizada con éxito ===
