[13:31:15] === Inicio de ejecución: pagos ===
[13:31:15] ▶ [LoginSemytPaso] Iniciando...
[13:31:15] ==================================================
[13:31:15] 🚀 PASO: LoginSemytPaso
[13:31:15] ==================================================
[13:31:16] Abriendo SEMyT...
[13:31:48] ✅ [SEMyT] Sesión existente detectada. Login omitido.
[13:31:48] ✅ LoginSemytPaso finalizado. (⏱ 32.7s)
[13:31:48] ✓ [LoginSemytPaso] Completado.
[13:31:48] ▶ [LoginJuzgadoPaso] Iniciando...
[13:31:48] ==================================================
[13:31:48] 🚀 PASO: LoginJuzgadoPaso
[13:31:48] ==================================================
[13:31:48] Abriendo sitio municipalidad (CiDi)...
[13:31:49] ✅ [Juzgado] Sesión existente detectada. Login omitido.
[13:31:49] ✅ LoginJuzgadoPaso finalizado. (⏱ 0.7s)
[13:31:49] ✓ [LoginJuzgadoPaso] Completado.
[13:31:49] ▶ [DescargasParalelasPaso] Iniciando...
[13:31:49] ==================================================
[13:31:49] 🚀 PASO: DescargasParalelasPaso
[13:31:49] ==================================================
[13:31:49] 📤 Arrancando las 3 descargas en paralelo (mismo browser, páginas separadas)...
[13:31:49] Fecha Desde: 27/06/2024
[13:31:49] Fecha Hasta: 24/11/2025
[13:31:49] Fecha Desde: 25/11/2025
[13:31:49] Fecha Hasta: 30/07/2026
[13:31:49] Descargando Excel...
[13:31:49] Descargando Excel...
[13:32:12] Archivo descargado en: backend/descargas/cache_actas_cruce/MULTAS_JUZGADO_CRUCE.xlsx
[13:32:14] ⏱ [actas_juzgado] completado en 24.9s
[13:32:16] ✅ TXT de pagos descargado en: backend/descargas/pagos/2026-07-30/PAGOS DESCARGADOS.txt
[13:32:16] ⏱ [pagos_txt] completado en 26.8s
[13:32:33] Archivo descargado en: backend/descargas/cache_actas_cruce/MULTAS_SIGEMI_CRUCE.xlsx
[13:32:36] ⏱ [actas_sigemi] completado en 47.3s
[13:32:36] ⏱ TOTAL descargas en paralelo: 47.3s
[13:32:36] ✅ DescargasParalelasPaso finalizado. (⏱ 47.6s)
[13:32:36] ✓ [DescargasParalelasPaso] Completado.
[13:32:36] ▶ [CompararActasPaso] Iniciando...
[13:32:36] ==================================================
[13:32:36] 🚀 PASO: CompararActasPaso
[13:32:36] ==================================================
[13:32:36] 🔍 Comparando actas del SEMyT contra pagos del Juzgado...
[13:32:36] ================================================================================
[13:32:36] INICIANDO PROCESO DE GENERACIÓN DE PAGOS DESACTUALIZADOS
[13:32:36] ================================================================================
[13:32:36] 📂 Cargando archivos...
[13:32:36]   ✓ Pagos: 19298 registros
[13:32:39]   ✓ Excel SIGEMI (multas vencidas viejas): 102648 registros
[13:32:41]   ✓ Excel Juzgado (multas vencidas nuevas): 40402 registros
[13:32:41] ================================================================================
[13:32:41] PASO 1: LLENANDO ACTA_NUMERO (búsqueda por patente + fecha, con desempate por hora)
[13:32:41] ================================================================================
[13:32:43] 📊 ESTADÍSTICAS DE LLENADO DE ACTAS:
[13:32:43]   • Pagos con acta ORIGINAL: 4405
[13:32:43]   • Pagos SIN acta (buscados): 14893
[13:32:43]   • Pagos LLENADOS exitosamente: 2
[13:32:43]   • Pagos NO encontrados en multas: 14891
[13:32:43]   • Pagos SIN RESOLVER por desbalance de cantidades: 0
[13:32:43] ================================================================================
[13:32:43] PASO 1: LLENANDO ACTA_NUMERO (búsqueda por patente + fecha, con desempate por hora)
[13:32:43] ================================================================================
[13:32:44] 📊 ESTADÍSTICAS DE LLENADO DE ACTAS:
[13:32:44]   • Pagos con acta ORIGINAL: 4407
[13:32:44]   • Pagos SIN acta (buscados): 14891
[13:32:44]   • Pagos LLENADOS exitosamente: 0
[13:32:44]   • Pagos NO encontrados en multas: 14891
[13:32:44]   • Pagos SIN RESOLVER por desbalance de cantidades: 0
[13:32:44] ⏱ PASO 1 (llenar actas): 3.7s
[13:32:44] ================================================================================
[13:32:44] PASO 2: FILTRANDO PAGOS CON ACTA_NUMERO COMPLETO
[13:32:44] ================================================================================
[13:32:44] 📊 ESTADÍSTICAS DE FILTRADO:
[13:32:44]   • Pagos TOTALES al inicio: 19298
[13:32:44]   • Pagos CON acta (MANTIENEN): 4407
[13:32:44]   • Pagos RECHAZADOS (sin coincidencias): 14891
[13:32:44] ⚠️  Se eliminaron 14891 registros sin número de acta
[13:32:44]      (recordá: esto incluye tanto pagos ya actualizados/pagados
[13:32:44]       como pagos que quedaron sin resolver por desbalance en el Paso 1)
[13:32:44] ================================================================================
[13:32:44] PASO 2-bis: CONFIRMANDO VIGENCIA DE PAGOS (sistema NUEVO contra MULTAS_JUZGADO_CRUCE, sistema VIEJO contra SIGEMI)
[13:32:44] ================================================================================
[13:32:45]   ⚠ 4393 pago(s) descartados: su acta ya no figura como vencida en MULTAS_JUZGADO_CRUCE (SEMyT ya los actualizó).
[13:32:45]   ⚠ 5 pago(s) descartados: su acta ya no figura como vencida en el Excel de SIGEMI (SEMyT ya los actualizó).
[13:32:45]   • Pagos descartados en total por ya estar actualizados/pagados: 4398
[13:32:45] ⏱ PASO 2 (filtrar): 0.4s
[13:32:45] 📂 Cargando maestro de causas SIGEMI...
[13:32:45]   ✓ Causas totales (maestro): 134069 registros
[13:32:45] ⏱ PASO 2.5 (causas simplificado): 0.0s
[13:32:45] ================================================================================
[13:32:45] PASO 2.5: ARMANDO causas.txt SIMPLIFICADO (cruce contra total_causas_sigemi.txt)
[13:32:45] ================================================================================
[13:32:45]   • Actas vencidas viejas (multas): 102648
[13:32:45]   • Causas totales en el maestro SIGEMI: 134069
[13:32:45]   • Causas que coinciden (simplificado): 102324
[13:32:45]   ✅ Archivo escrito: backend/descargas/causas/causas.txt
[13:32:45] ⏱ PASO 2.5 (causas simplificado): 0.4s
[13:32:45] ================================================================================
[13:32:45] PASO 3: LLENANDO CAUSA_NUMERO (según fecha de cambio de sistema, cruzando por acta + año)
[13:32:45] ================================================================================
[13:32:45] 📊 ESTADÍSTICAS DE LLENADO DE CAUSAS:
[13:32:45]   • Pagos con causa ORIGINAL: 7
[13:32:45]   • Causas encontradas en SIGEMI (actas viejas): 2
[13:32:45]   • Causas NO encontradas en SIGEMI: 0
[13:32:45]   • Causas asignadas automáticamente (actas nuevas): 0
[13:32:45] ⏱ PASO 3 (llenar causas): 0.0s
[13:32:45] ================================================================================
[13:32:45] PASO 4: ORDENANDO POR FECHA Y ACTA_NUMERO
[13:32:45] ================================================================================
[13:32:45] ✓ Pagos ordenados correctamente
[13:32:45]   • Primera entrada: Acta=18344, Fecha=29/07/2024
[13:32:45]   • Última entrada: Acta=317169, Fecha=20/05/2026
[13:32:45] 📝 Escribiendo archivo de salida...
[13:32:45]   ✅ Archivo escrito: backend/descargas/pagos/2026-07-30/PAGOS 20260730 133236.txt
[13:32:45]   ✅ Total registros: 1100
[13:32:45] ⏱ PASO 4 (ordenar y escribir): 0.0s
[13:32:45] ================================================================================
[13:32:45] ✅ PROCESO COMPLETADO EXITOSAMENTE
[13:32:45] ================================================================================
[13:32:45] 📊 RESUMEN FINAL DEL PROCESAMIENTO:
[13:32:45]   ENTRADA:
[13:32:45]     • Pagos originales: 19298
[13:32:45]     • Multas SIGEMI cargadas: 102648
[13:32:45]     • Multas Juzgado cargadas: 40402
[13:32:45]     • Causas simplificadas (usadas para el cruce): 102324
[13:32:45]   PROCESO:
[13:32:45]     • Pagos rechazados sigemi: 14891
[13:32:45]     • Pagos rechazados juzgado: 4398
[13:32:45]   SALIDA:
[13:32:45]     • Pagos desactualizados procesados: 9
[13:32:45]     • Archivo final: backend/descargas/pagos/2026-07-30/PAGOS 20260730 133236.txt
[13:32:45]     • Ordenados por fecha: SÍ ✓
[13:32:45]     • Todos con ACTA_NUMERO: SÍ ✓
[13:32:45]     • Todos con CAUSA_NUMERO: SÍ ✓
[13:32:45] ✅ TXT de pagos (ya cruzado con actas y causas) generado en: backend/descargas/pagos/2026-07-30/PAGOS 20260730 133236.txt
[13:32:45] 🧹 TXT de pagos crudo eliminado (ya usado en el cruce): backend/descargas/pagos/2026-07-30/PAGOS DESCARGADOS.txt
[13:32:45] 🧹 Excel MULTAS_SIGEMI_CRUCE eliminado (ya usado en el cruce): backend/descargas/cache_actas_cruce/MULTAS_SIGEMI_CRUCE.xlsx
[13:32:45] 🧹 Excel MULTAS_JUZGADO_CRUCE eliminado (ya usado en el cruce): backend/descargas/cache_actas_cruce/MULTAS_JUZGADO_CRUCE.xlsx
[13:32:45] ✅ CompararActasPaso finalizado. (⏱ 9.0s)
[13:32:45] ✓ [CompararActasPaso] Completado.
[13:32:45] ▶ [CargarPagosPaso] Iniciando...
[13:32:45] ==================================================
[13:32:45] 🚀 PASO: CargarPagosPaso
[13:32:45] ==================================================
[13:32:45] 📤 Subiendo TXT de pagos al SEMyT...
[13:32:47] ✅ Importación de pagos completada con éxito.
[13:32:47] ✅ Archivo TXT de pagos cargado en el SEMyT correctamente.
[13:32:47] ✅ CargarPagosPaso finalizado. (⏱ 2.2s)
[13:32:47] ✓ [CargarPagosPaso] Completado.
[13:32:47] === Ejecución finalizada con éxito ===
