[09:53:11] === Inicio de ejecución: pagos ===
[09:53:12] ▶ [LoginSemytPaso] Iniciando...
[09:53:12] ==================================================
[09:53:12] 🚀 PASO: LoginSemytPaso
[09:53:12] ==================================================
[09:53:12] Abriendo SEMyT...
[09:53:40] ✅ [SEMyT] Sesión existente detectada. Login omitido.
[09:53:40] ✅ LoginSemytPaso finalizado. (⏱ 28.6s)
[09:53:40] ✓ [LoginSemytPaso] Completado.
[09:53:40] ▶ [LoginJuzgadoPaso] Iniciando...
[09:53:40] ==================================================
[09:53:40] 🚀 PASO: LoginJuzgadoPaso
[09:53:40] ==================================================
[09:53:40] Abriendo sitio municipalidad (CiDi)...
[09:53:41] ✅ [Juzgado] Sesión existente detectada. Login omitido.
[09:53:41] ✅ LoginJuzgadoPaso finalizado. (⏱ 1.0s)
[09:53:41] ✓ [LoginJuzgadoPaso] Completado.
[09:53:41] ▶ [DescargasParalelasPaso] Iniciando...
[09:53:41] ==================================================
[09:53:41] 🚀 PASO: DescargasParalelasPaso
[09:53:41] ==================================================
[09:53:41] 📤 Arrancando las 3 descargas en paralelo (mismo browser, páginas separadas)...
[09:53:41] Fecha Desde: 27/06/2024
[09:53:41] Fecha Hasta: 24/11/2025
[09:53:41] Fecha Desde: 25/11/2025
[09:53:41] Fecha Hasta: 30/07/2026
[09:53:42] Descargando Excel...
[09:53:42] Descargando Excel...
[09:54:04] Archivo descargado en: backend/descargas/cache_actas_cruce/MULTAS_JUZGADO_CRUCE.xlsx
[09:54:06] ⏱ [actas_juzgado] completado en 24.4s
[09:54:08] ✅ TXT de pagos descargado en: backend/descargas/pagos/2026-07-30/PAGOS DESCARGADOS.txt
[09:54:08] ⏱ [pagos_txt] completado en 27.0s
[09:54:54] Archivo descargado en: backend/descargas/cache_actas_cruce/MULTAS_SIGEMI_CRUCE.xlsx
[09:54:57] ⏱ [actas_sigemi] completado en 75.6s
[09:54:57] ⏱ TOTAL descargas en paralelo: 75.7s
[09:54:57] ✅ DescargasParalelasPaso finalizado. (⏱ 76.0s)
[09:54:57] ✓ [DescargasParalelasPaso] Completado.
[09:54:57] ▶ [CompararActasPaso] Iniciando...
[09:54:57] ==================================================
[09:54:57] 🚀 PASO: CompararActasPaso
[09:54:57] ==================================================
[09:54:57] 🔍 Comparando actas del SEMyT contra pagos del Juzgado...
[09:54:57] ================================================================================
[09:54:57] INICIANDO PROCESO DE GENERACIÓN DE PAGOS DESACTUALIZADOS
[09:54:57] ================================================================================
[09:54:57] 📂 Cargando archivos...
[09:54:57]   ✓ Pagos: 19058 registros
[09:55:00]   ✓ Excel SIGEMI (multas vencidas viejas): 102769 registros
[09:55:02]   ✓ Excel Juzgado (multas vencidas nuevas): 40519 registros
[09:55:02] ================================================================================
[09:55:02] PASO 1: LLENANDO ACTA_NUMERO (búsqueda por patente + fecha, con desempate por hora)
[09:55:02] ================================================================================
[09:55:04] 📊 ESTADÍSTICAS DE LLENADO DE ACTAS:
[09:55:04]   • Pagos con acta ORIGINAL: 4282
[09:55:04]   • Pagos SIN acta (buscados): 14776
[09:55:04]   • Pagos LLENADOS exitosamente: 4
[09:55:04]   • Pagos NO encontrados en multas: 14772
[09:55:04]   • Pagos SIN RESOLVER por desbalance de cantidades: 0
[09:55:04] ================================================================================
[09:55:04] PASO 1: LLENANDO ACTA_NUMERO (búsqueda por patente + fecha, con desempate por hora)
[09:55:04] ================================================================================
[09:55:05] 📊 ESTADÍSTICAS DE LLENADO DE ACTAS:
[09:55:05]   • Pagos con acta ORIGINAL: 4286
[09:55:05]   • Pagos SIN acta (buscados): 14772
[09:55:05]   • Pagos LLENADOS exitosamente: 0
[09:55:05]   • Pagos NO encontrados en multas: 14772
[09:55:05]   • Pagos SIN RESOLVER por desbalance de cantidades: 0
[09:55:05] ⏱ PASO 1 (llenar actas): 3.6s
[09:55:05] ================================================================================
[09:55:05] PASO 2: FILTRANDO PAGOS CON ACTA_NUMERO COMPLETO
[09:55:05] ================================================================================
[09:55:05] 📊 ESTADÍSTICAS DE FILTRADO:
[09:55:05]   • Pagos TOTALES al inicio: 19058
[09:55:05]   • Pagos CON acta (MANTIENEN): 4286
[09:55:05]   • Pagos RECHAZADOS (sin coincidencias): 14772
[09:55:05] ⚠️  Se eliminaron 14772 registros sin número de acta
[09:55:05]      (recordá: esto incluye tanto pagos ya actualizados/pagados
[09:55:05]       como pagos que quedaron sin resolver por desbalance en el Paso 1)
[09:55:05] ================================================================================
[09:55:05] PASO 2-bis: CONFIRMANDO VIGENCIA DE PAGOS (sistema NUEVO contra MULTAS_JUZGADO_CRUCE, sistema VIEJO contra SIGEMI)
[09:55:05] ================================================================================
[09:55:06]   ⚠ 4275 pago(s) descartados: su acta ya no figura como vencida en MULTAS_JUZGADO_CRUCE (SEMyT ya los actualizó).
[09:55:06]   ⚠ 3 pago(s) descartados: su acta ya no figura como vencida en el Excel de SIGEMI (SEMyT ya los actualizó).
[09:55:06]   • Pagos descartados en total por ya estar actualizados/pagados: 4278
[09:55:06] ⏱ PASO 2 (filtrar): 0.4s
[09:55:06] 📂 Cargando maestro de causas SIGEMI...
[09:55:06]   ✓ Causas totales (maestro): 134069 registros
[09:55:06] ⏱ PASO 2.5 (causas simplificado): 0.0s
[09:55:06] ================================================================================
[09:55:06] PASO 2.5: ARMANDO causas.txt SIMPLIFICADO (cruce contra total_causas_sigemi.txt)
[09:55:06] ================================================================================
[09:55:06]   • Actas vencidas viejas (multas): 102769
[09:55:06]   • Causas totales en el maestro SIGEMI: 134069
[09:55:06]   • Causas que coinciden (simplificado): 102443
[09:55:06]   ✅ Archivo escrito: backend/descargas/causas/causas.txt
[09:55:06] ⏱ PASO 2.5 (causas simplificado): 0.4s
[09:55:06] ================================================================================
[09:55:06] PASO 3: LLENANDO CAUSA_NUMERO (según fecha de cambio de sistema, cruzando por acta + año)
[09:55:06] ================================================================================
[09:55:06] 📊 ESTADÍSTICAS DE LLENADO DE CAUSAS:
[09:55:06]   • Pagos con causa ORIGINAL: 4
[09:55:06]   • Causas encontradas en SIGEMI (actas viejas): 4
[09:55:06]   • Causas NO encontradas en SIGEMI: 0
[09:55:06]   • Causas asignadas automáticamente (actas nuevas): 0
[09:55:06] ⏱ PASO 3 (llenar causas): 0.0s
[09:55:06] ================================================================================
[09:55:06] PASO 4: ORDENANDO POR FECHA Y ACTA_NUMERO
[09:55:06] ================================================================================
[09:55:06] ✓ Pagos ordenados correctamente
[09:55:06]   • Primera entrada: Acta=108544, Fecha=06/02/2025
[09:55:06]   • Última entrada: Acta=316265, Fecha=19/05/2026
[09:55:06] 📝 Escribiendo archivo de salida...
[09:55:06]   ✅ Archivo escrito: backend/descargas/pagos/2026-07-30/PAGOS 20260730 095457.txt
[09:55:06]   ✅ Total registros: 952
[09:55:06] ⏱ PASO 4 (ordenar y escribir): 0.0s
[09:55:06] ================================================================================
[09:55:06] ✅ PROCESO COMPLETADO EXITOSAMENTE
[09:55:06] ================================================================================
[09:55:06] 📊 RESUMEN FINAL DEL PROCESAMIENTO:
[09:55:06]   ENTRADA:
[09:55:06]     • Pagos originales: 19058
[09:55:06]     • Multas SIGEMI cargadas: 102769
[09:55:06]     • Multas Juzgado cargadas: 40519
[09:55:06]     • Causas simplificadas (usadas para el cruce): 102443
[09:55:06]   PROCESO:
[09:55:06]     • Pagos rechazados sigemi: 14772
[09:55:06]     • Pagos rechazados juzgado: 4278
[09:55:06]   SALIDA:
[09:55:06]     • Pagos desactualizados procesados: 8
[09:55:06]     • Archivo final: backend/descargas/pagos/2026-07-30/PAGOS 20260730 095457.txt
[09:55:06]     • Ordenados por fecha: SÍ ✓
[09:55:06]     • Todos con ACTA_NUMERO: SÍ ✓
[09:55:06]     • Todos con CAUSA_NUMERO: SÍ ✓
[09:55:06] ✅ TXT de pagos (ya cruzado con actas y causas) generado en: backend/descargas/pagos/2026-07-30/PAGOS 20260730 095457.txt
[09:55:06] 🧹 TXT de pagos crudo eliminado (ya usado en el cruce): backend/descargas/pagos/2026-07-30/PAGOS DESCARGADOS.txt
[09:55:06] 🧹 Excel MULTAS_SIGEMI_CRUCE eliminado (ya usado en el cruce): backend/descargas/cache_actas_cruce/MULTAS_SIGEMI_CRUCE.xlsx
[09:55:06] 🧹 Excel MULTAS_JUZGADO_CRUCE eliminado (ya usado en el cruce): backend/descargas/cache_actas_cruce/MULTAS_JUZGADO_CRUCE.xlsx
[09:55:06] ✅ CompararActasPaso finalizado. (⏱ 8.9s)
[09:55:06] ✓ [CompararActasPaso] Completado.
[09:55:06] ▶ [CargarPagosPaso] Iniciando...
[09:55:06] ==================================================
[09:55:06] 🚀 PASO: CargarPagosPaso
[09:55:06] ==================================================
[09:55:06] 📤 Subiendo TXT de pagos al SEMyT...
[09:55:08] ✅ Importación de pagos completada con éxito.
[09:55:08] ✅ Archivo TXT de pagos cargado en el SEMyT correctamente.
[09:55:08] ✅ CargarPagosPaso finalizado. (⏱ 2.0s)
[09:55:08] ✓ [CargarPagosPaso] Completado.
[09:55:08] === Ejecución finalizada con éxito ===
