[08:17:57] === Inicio de ejecución: pagos ===
[08:17:59] ==================================================
[08:17:59] 🚀 PASO: LoginSEMyTPaso
[08:17:59] ==================================================
[08:17:59] Abriendo SEMyT...
[08:18:11] ✅ [SEMyT] Sesión existente detectada. Login omitido.
[08:18:11] ✅ LoginSEMyTPaso finalizado. (⏱ 12.3s)
[08:18:11] ==================================================
[08:18:11] 🚀 PASO: LoginSIGIPaso
[08:18:11] ==================================================
[08:18:11] Abriendo sitio municipalidad (CiDi)...
[08:18:12] ✅ [SIGI] Sesión existente detectada. Login omitido.
[08:18:13] ✅ LoginSIGIPaso finalizado. (⏱ 1.8s)
[08:18:13] ==================================================
[08:18:13] 🚀 PASO: DescargasParalelasPaso
[08:18:13] ==================================================
[08:18:14] 📤 Arrancando las 3 descargas en paralelo (mismo browser, páginas separadas)...
[08:18:14] Fecha Desde: 27/06/2024
[08:18:14] Fecha Hasta: 24/11/2025
[08:18:14] Fecha Desde: 25/11/2025
[08:18:14] Fecha Hasta: 13/08/2026
[08:18:14] Descargando Excel...
[08:18:14] Descargando Excel...
[08:18:36] Archivo descargado en: datos/descargas/cache_actas_cruce/MULTAS_SIGI_CRUCE.xlsx
[08:18:39] ⏱ [actas_sigi] completado en 25.1s
[08:18:44] Archivo descargado en: datos/descargas/cache_actas_cruce/MULTAS_SIGEMI_CRUCE.xlsx
[08:18:51] ⏱ [actas_sigemi] completado en 37.5s
[08:18:51] ✅ TXT de pagos descargado en: datos/descargas/pagos/2026-08-13/ALL PAGOS DESCARGADOS.txt
[08:18:51] ⏱ [pagos_txt] completado en 37.6s
[08:18:51] ⏱ TOTAL descargas en paralelo: 37.6s
[08:18:51] ✅ DescargasParalelasPaso finalizado. (⏱ 38.6s)
[08:18:51] ==================================================
[08:18:51] 🚀 PASO: CompararActasPaso
[08:18:51] ==================================================
[08:18:51] 🔍 Comparando actas del SEMyT contra pagos del SIGI...
[08:18:51] ================================================================================
[08:18:51] INICIANDO PROCESO DE GENERACIÓN DE PAGOS DESACTUALIZADOS
[08:18:51] ================================================================================
[08:18:51] 📂 Cargando archivos...
[08:18:51]   ✓ Pagos: 21192 registros
[08:18:58]   ✓ Excel SIGEMI (multas vencidas viejas): 101174 registros
[08:19:02]   ✓ Excel SIGI (multas vencidas nuevas): 42877 registros
[08:19:04] ================================================================================
[08:19:04] PASO 1: LLENANDO ACTA_NUMERO (búsqueda por patente + fecha, con desempate por hora)
[08:19:04] ================================================================================
[08:19:08] 📊 ESTADÍSTICAS DE LLENADO DE ACTAS:
[08:19:08]   • Pagos con acta ORIGINAL: 5508
[08:19:08]   • Pagos SIN acta (buscados): 15684
[08:19:08]   • Pagos LLENADOS exitosamente: 1
[08:19:08]   • Pagos NO encontrados en multas: 15683
[08:19:08]   • Pagos SIN RESOLVER por desbalance de cantidades: 0
[08:19:09] ================================================================================
[08:19:09] PASO 1: LLENANDO ACTA_NUMERO (búsqueda por patente + fecha, con desempate por hora)
[08:19:09] ================================================================================
[08:19:12] 📊 ESTADÍSTICAS DE LLENADO DE ACTAS:
[08:19:12]   • Pagos con acta ORIGINAL: 5509
[08:19:12]   • Pagos SIN acta (buscados): 15683
[08:19:12]   • Pagos LLENADOS exitosamente: 0
[08:19:12]   • Pagos NO encontrados en multas: 15683
[08:19:12]   • Pagos SIN RESOLVER por desbalance de cantidades: 0
[08:19:12] ⏱ PASO 1 (llenar actas): 10.2s
[08:19:12] ================================================================================
[08:19:12] PASO 2: FILTRANDO PAGOS CON ACTA_NUMERO COMPLETO
[08:19:12] ================================================================================
[08:19:12] 📊 ESTADÍSTICAS DE FILTRADO:
[08:19:12]   • Pagos TOTALES al inicio: 21192
[08:19:12]   • Pagos CON acta (MANTIENEN): 5509
[08:19:12]   • Pagos RECHAZADOS (sin coincidencias): 15683
[08:19:12] ⚠️  Se eliminaron 15683 registros sin número de acta
[08:19:12]      (recordá: esto incluye tanto pagos ya actualizados/pagados
[08:19:12]       como pagos que quedaron sin resolver por desbalance en el Paso 1)
[08:19:12] ================================================================================
[08:19:12] PASO 2-bis: CONFIRMANDO VIGENCIA DE PAGOS (sistema NUEVO contra MULTAS_SIGI_CRUCE, sistema VIEJO contra SIGEMI)
[08:19:12] ================================================================================
[08:19:13]   ⚠ 5493 pago(s) descartados: su acta ya no figura como vencida en MULTAS_SIGI_CRUCE (SEMyT ya los actualizó).
[08:19:13]   ⚠ 15 pago(s) descartados: su acta ya no figura como vencida en el Excel de SIGEMI (SEMyT ya los actualizó).
[08:19:13]   • Pagos descartados en total por ya estar actualizados/pagados: 5508
[08:19:13] ⏱ PASO 2 (filtrar): 1.0s
[08:19:13] 📂 Cargando maestro de causas SIGEMI...
[08:19:13]   ✓ Causas totales (maestro): 134069 registros
[08:19:13] ================================================================================
[08:19:13] PASO 2.5: ARMANDO causas.txt SIMPLIFICADO (cruce contra total_causas_sigemi.txt)
[08:19:13] ================================================================================
[08:19:15]   • Actas vencidas viejas (multas): 101174
[08:19:15]   • Causas totales en el maestro SIGEMI: 134069
[08:19:15]   • Causas que coinciden (simplificado): 100862
[08:19:15]   ✅ Archivo escrito: datos/descargas/causas/causas.txt
[08:19:15] ⏱ PASO 2.5 (causas simplificado): 1.4s
[08:19:15] ================================================================================
[08:19:15] PASO 3: LLENANDO CAUSA_NUMERO (según fecha de cambio de sistema, cruzando por acta + año)
[08:19:15] ================================================================================
[08:19:15] 📊 ESTADÍSTICAS DE LLENADO DE CAUSAS:
[08:19:15]   • Pagos con causa ORIGINAL: 0
[08:19:15]   • Causas encontradas en SIGEMI (actas viejas): 1
[08:19:15]   • Causas NO encontradas en SIGEMI: 0
[08:19:15]   • Causas asignadas automáticamente (actas nuevas): 0
[08:19:15] ⏱ PASO 3 (llenar causas): 0.0s
[08:19:15] ================================================================================
[08:19:15] PASO 4: ORDENANDO POR FECHA Y ACTA_NUMERO
[08:19:15] ================================================================================
[08:19:15] ✓ Pagos ordenados correctamente
[08:19:15]   • Primera entrada: Acta=76475, Fecha=14/11/2024
[08:19:15]   • Última entrada: Acta=76475, Fecha=14/11/2024
[08:19:15] 📝 Escribiendo archivo de salida...
[08:19:15]   ✅ Archivo escrito: datos/descargas/pagos/2026-08-13/PAGOS 20260813 081851.txt
[08:19:15]   ✅ Total registros: 257
[08:19:15] ⏱ PASO 4 (ordenar y escribir): 0.0s
[08:19:15] ================================================================================
[08:19:15] ✅ PROCESO COMPLETADO EXITOSAMENTE
[08:19:15] ================================================================================
[08:19:15] 📊 RESUMEN FINAL DEL PROCESAMIENTO:
[08:19:15]   ENTRADA:
[08:19:15]     • Pagos originales: 21192
[08:19:15]     • Multas SIGEMI cargadas: 101174
[08:19:15]     • Multas SIGI cargadas: 42877
[08:19:15]     • Causas simplificadas (usadas para el cruce): 100862
[08:19:15]   PROCESO:
[08:19:15]     • Pagos rechazados sigemi: 15683
[08:19:15]     • Pagos rechazados sigi: 5508
[08:19:15]   SALIDA:
[08:19:15]     • Pagos desactualizados procesados: 1
[08:19:15]     • Archivo final: datos/descargas/pagos/2026-08-13/PAGOS 20260813 081851.txt
[08:19:15]     • Ordenados por fecha: SÍ ✓
[08:19:15]     • Todos con ACTA_NUMERO: SÍ ✓
[08:19:15]     • Todos con CAUSA_NUMERO: SÍ ✓
[08:19:15] ✅ TXT de pagos (ya cruzado con actas y causas) generado en: datos/descargas/pagos/2026-08-13/PAGOS 20260813 081851.txt
[08:19:15] 🧹 TXT de pagos crudo eliminado (ya usado en el cruce): datos/descargas/pagos/2026-08-13/ALL PAGOS DESCARGADOS.txt
[08:19:15] 🧹 Excel MULTAS_SIGEMI_CRUCE eliminado (ya usado en el cruce): datos/descargas/cache_actas_cruce/MULTAS_SIGEMI_CRUCE.xlsx
[08:19:15] 🧹 Excel MULTAS_SIGI_CRUCE eliminado (ya usado en el cruce): datos/descargas/cache_actas_cruce/MULTAS_SIGI_CRUCE.xlsx
[08:19:15] ✅ CompararActasPaso finalizado. (⏱ 23.6s)
[08:19:15] ==================================================
[08:19:15] 🚀 PASO: CargarPagosPaso
[08:19:15] ==================================================
[08:19:15] 📤 Subiendo TXT de pagos al SEMyT...
[08:19:17] ✅ Importación de pagos completada con éxito.
[08:19:17] ✅ Archivo TXT de pagos cargado en el SEMyT correctamente.
[08:19:17] ✅ CargarPagosPaso finalizado. (⏱ 2.1s)
[08:19:17] === Ejecución finalizada con éxito ===
