[08:57:13] === Inicio de ejecución: pagos ===
[08:57:15] ==================================================
[08:57:15] 🚀 PASO: LoginSEMyTPaso
[08:57:15] ==================================================
[08:57:15] Abriendo SEMyT...
[08:57:45] ✅ [SEMyT] Sesión existente detectada. Login omitido.
[08:57:45] ✅ LoginSEMyTPaso finalizado. (⏱ 30.5s)
[08:57:45] ==================================================
[08:57:45] 🚀 PASO: LoginSIGIPaso
[08:57:45] ==================================================
[08:57:45] Abriendo sitio municipalidad (CiDi)...
[08:57:46] ✅ [SIGI] Sesión existente detectada. Login omitido.
[08:57:46] ✅ LoginSIGIPaso finalizado. (⏱ 1.0s)
[08:57:46] ==================================================
[08:57:46] 🚀 PASO: DescargasParalelasPaso
[08:57:46] ==================================================
[08:57:47] 📤 Arrancando las 3 descargas en paralelo (mismo browser, páginas separadas)...
[08:57:47] Fecha Desde: 27/06/2024
[08:57:47] Fecha Hasta: 24/11/2025
[08:57:47] Fecha Desde: 25/11/2025
[08:57:47] Fecha Hasta: 13/08/2026
[08:57:47] Descargando Excel...
[08:57:47] Descargando Excel...
[08:58:11] Archivo descargado en: datos/descargas/cache_actas_cruce/MULTAS_SIGI_CRUCE.xlsx
[08:58:16] ⏱ [actas_sigi] completado en 29.2s
[08:58:36] ✅ TXT de pagos descargado en: datos/descargas/pagos/2026-08-13/ALL PAGOS DESCARGADOS.txt
[08:58:36] ⏱ [pagos_txt] completado en 49.1s
[08:58:39] Archivo descargado en: datos/descargas/cache_actas_cruce/MULTAS_SIGEMI_CRUCE.xlsx
[08:58:46] ⏱ [actas_sigemi] completado en 59.4s
[08:58:46] ⏱ TOTAL descargas en paralelo: 59.4s
[08:58:46] ✅ DescargasParalelasPaso finalizado. (⏱ 60.0s)
[08:58:46] ==================================================
[08:58:46] 🚀 PASO: CompararActasPaso
[08:58:46] ==================================================
[08:58:46] 🔍 Comparando actas del SEMyT contra pagos del SIGI...
[08:58:46] ================================================================================
[08:58:46] INICIANDO PROCESO DE GENERACIÓN DE PAGOS DESACTUALIZADOS
[08:58:46] ================================================================================
[08:58:46] 📂 Cargando archivos...
[08:58:46]   ✓ Pagos: 21197 registros
[08:58:53]   ✓ Excel SIGEMI (multas vencidas viejas): 101171 registros
[08:58:56]   ✓ Excel SIGI (multas vencidas nuevas): 42875 registros
[08:58:57] ================================================================================
[08:58:57] PASO 1: LLENANDO ACTA_NUMERO (búsqueda por patente + fecha, con desempate por hora)
[08:58:57] ================================================================================
[08:59:01] 📊 ESTADÍSTICAS DE LLENADO DE ACTAS:
[08:59:01]   • Pagos con acta ORIGINAL: 5510
[08:59:01]   • Pagos SIN acta (buscados): 15687
[08:59:01]   • Pagos LLENADOS exitosamente: 1
[08:59:01]   • Pagos NO encontrados en multas: 15686
[08:59:01]   • Pagos SIN RESOLVER por desbalance de cantidades: 0
[08:59:01] ================================================================================
[08:59:01] PASO 1: LLENANDO ACTA_NUMERO (búsqueda por patente + fecha, con desempate por hora)
[08:59:01] ================================================================================
[08:59:05] 📊 ESTADÍSTICAS DE LLENADO DE ACTAS:
[08:59:05]   • Pagos con acta ORIGINAL: 5511
[08:59:05]   • Pagos SIN acta (buscados): 15686
[08:59:05]   • Pagos LLENADOS exitosamente: 0
[08:59:05]   • Pagos NO encontrados en multas: 15686
[08:59:05]   • Pagos SIN RESOLVER por desbalance de cantidades: 0
[08:59:05] ⏱ PASO 1 (llenar actas): 8.8s
[08:59:05] ================================================================================
[08:59:05] PASO 2: FILTRANDO PAGOS CON ACTA_NUMERO COMPLETO
[08:59:05] ================================================================================
[08:59:05] 📊 ESTADÍSTICAS DE FILTRADO:
[08:59:05]   • Pagos TOTALES al inicio: 21197
[08:59:05]   • Pagos CON acta (MANTIENEN): 5511
[08:59:05]   • Pagos RECHAZADOS (sin coincidencias): 15686
[08:59:05] ⚠️  Se eliminaron 15686 registros sin número de acta
[08:59:05]      (recordá: esto incluye tanto pagos ya actualizados/pagados
[08:59:05]       como pagos que quedaron sin resolver por desbalance en el Paso 1)
[08:59:05] ================================================================================
[08:59:05] PASO 2-bis: CONFIRMANDO VIGENCIA DE PAGOS (sistema NUEVO contra MULTAS_SIGI_CRUCE, sistema VIEJO contra SIGEMI)
[08:59:05] ================================================================================
[08:59:06]   ⚠ 5495 pago(s) descartados: su acta ya no figura como vencida en MULTAS_SIGI_CRUCE (SEMyT ya los actualizó).
[08:59:06]   ⚠ 15 pago(s) descartados: su acta ya no figura como vencida en el Excel de SIGEMI (SEMyT ya los actualizó).
[08:59:06]   • Pagos descartados en total por ya estar actualizados/pagados: 5510
[08:59:06] ⏱ PASO 2 (filtrar): 1.1s
[08:59:06] 📂 Cargando maestro de causas SIGEMI...
[08:59:06]   ✓ Causas totales (maestro): 134069 registros
[08:59:06] ================================================================================
[08:59:06] PASO 2.5: ARMANDO causas.txt SIMPLIFICADO (cruce contra total_causas_sigemi.txt)
[08:59:06] ================================================================================
[08:59:07]   • Actas vencidas viejas (multas): 101171
[08:59:07]   • Causas totales en el maestro SIGEMI: 134069
[08:59:07]   • Causas que coinciden (simplificado): 100859
[08:59:07]   ✅ Archivo escrito: datos/descargas/causas/causas.txt
[08:59:07] ⏱ PASO 2.5 (causas simplificado): 0.8s
[08:59:07] ================================================================================
[08:59:07] PASO 3: LLENANDO CAUSA_NUMERO (según fecha de cambio de sistema, cruzando por acta + año)
[08:59:07] ================================================================================
[08:59:07] 📊 ESTADÍSTICAS DE LLENADO DE CAUSAS:
[08:59:07]   • Pagos con causa ORIGINAL: 0
[08:59:07]   • Causas encontradas en SIGEMI (actas viejas): 1
[08:59:07]   • Causas NO encontradas en SIGEMI: 0
[08:59:07]   • Causas asignadas automáticamente (actas nuevas): 0
[08:59:07] ⏱ PASO 3 (llenar causas): 0.0s
[08:59:07] ================================================================================
[08:59:07] PASO 4: ORDENANDO POR FECHA Y ACTA_NUMERO
[08:59:07] ================================================================================
[08:59:07] ✓ Pagos ordenados correctamente
[08:59:07]   • Primera entrada: Acta=27290, Fecha=10/08/2024
[08:59:07]   • Última entrada: Acta=27290, Fecha=10/08/2024
[08:59:07] 📝 Escribiendo archivo de salida...
[08:59:07]   ✅ Archivo escrito: datos/descargas/pagos/2026-08-13/PAGOS 20260813 085846.txt
[08:59:07]   ✅ Total registros: 263
[08:59:07] ⏱ PASO 4 (ordenar y escribir): 0.0s
[08:59:07] ================================================================================
[08:59:07] ✅ PROCESO COMPLETADO EXITOSAMENTE
[08:59:07] ================================================================================
[08:59:07] 📊 RESUMEN FINAL DEL PROCESAMIENTO:
[08:59:07]   ENTRADA:
[08:59:07]     • Pagos originales: 21197
[08:59:07]     • Multas SIGEMI cargadas: 101171
[08:59:07]     • Multas SIGI cargadas: 42875
[08:59:07]     • Causas simplificadas (usadas para el cruce): 100859
[08:59:07]   PROCESO:
[08:59:07]     • Pagos rechazados sigemi: 15686
[08:59:07]     • Pagos rechazados sigi: 5510
[08:59:07]   SALIDA:
[08:59:07]     • Pagos desactualizados procesados: 1
[08:59:07]     • Archivo final: datos/descargas/pagos/2026-08-13/PAGOS 20260813 085846.txt
[08:59:07]     • Ordenados por fecha: SÍ ✓
[08:59:07]     • Todos con ACTA_NUMERO: SÍ ✓
[08:59:07]     • Todos con CAUSA_NUMERO: SÍ ✓
[08:59:07] ✅ TXT de pagos (ya cruzado con actas y causas) generado en: datos/descargas/pagos/2026-08-13/PAGOS 20260813 085846.txt
[08:59:07] 🧹 TXT de pagos crudo eliminado (ya usado en el cruce): datos/descargas/pagos/2026-08-13/ALL PAGOS DESCARGADOS.txt
[08:59:07] 🧹 Excel MULTAS_SIGEMI_CRUCE eliminado (ya usado en el cruce): datos/descargas/cache_actas_cruce/MULTAS_SIGEMI_CRUCE.xlsx
[08:59:07] 🧹 Excel MULTAS_SIGI_CRUCE eliminado (ya usado en el cruce): datos/descargas/cache_actas_cruce/MULTAS_SIGI_CRUCE.xlsx
[08:59:07] ✅ CompararActasPaso finalizado. (⏱ 20.6s)
[08:59:07] ==================================================
[08:59:07] 🚀 PASO: CargarPagosPaso
[08:59:07] ==================================================
[08:59:07] 📤 Subiendo TXT de pagos al SEMyT...
[08:59:08] ✅ Importación de pagos completada con éxito.
[08:59:09] ✅ Archivo TXT de pagos cargado en el SEMyT correctamente.
[08:59:09] ✅ CargarPagosPaso finalizado. (⏱ 1.5s)
[08:59:09] === Ejecución finalizada con éxito ===
