[11:37:41] === Inicio de ejecución: pagos ===
[11:37:43] ▶ [LoginSemytPaso] Iniciando...
[11:37:43] ==================================================
[11:37:43] 🚀 PASO: LoginSemytPaso
[11:37:43] ==================================================
[11:37:44] Abriendo SEMyT...
[11:37:59] ✅ [SEMyT] Sesión existente detectada. Login omitido.
[11:38:00] ✅ LoginSemytPaso finalizado. (⏱ 16.2s)
[11:38:00] ✓ [LoginSemytPaso] Completado.
[11:38:00] ▶ [LoginJuzgadoPaso] Iniciando...
[11:38:00] ==================================================
[11:38:00] 🚀 PASO: LoginJuzgadoPaso
[11:38:00] ==================================================
[11:38:00] Abriendo sitio municipalidad (CiDi)...
[11:38:02] ✅ [Juzgado] Sesión existente detectada. Login omitido.
[11:38:02] ✅ LoginJuzgadoPaso finalizado. (⏱ 2.9s)
[11:38:02] ✓ [LoginJuzgadoPaso] Completado.
[11:38:02] ▶ [DescargasParalelasPaso] Iniciando...
[11:38:02] ==================================================
[11:38:02] 🚀 PASO: DescargasParalelasPaso
[11:38:02] ==================================================
[11:38:04] 📤 Arrancando las 3 descargas en paralelo (mismo browser, páginas separadas)...
[11:38:04] Fecha Desde: 27/06/2024
[11:38:04] Fecha Hasta: 24/11/2025
[11:38:04] Fecha Desde: 25/11/2025
[11:38:04] Fecha Hasta: 21/07/2026
[11:38:04] Descargando Excel...
[11:38:04] Descargando Excel...
[11:38:24] ✅ TXT de pagos descargado en: backend/descargas/pagos/2026-07-21/PAGOS DESCARGADOS.txt
[11:38:24] ⏱ [pagos_txt] completado en 19.9s
[11:38:27] Archivo descargado en: backend/descargas/cache_actas_cruce/MULTAS_JUZGADO_CRUCE.xlsx
[11:38:35] ⏱ [actas_juzgado] completado en 31.3s
[11:38:53] Archivo descargado en: backend/descargas/cache_actas_cruce/MULTAS_SIGEMI_CRUCE.xlsx
[11:39:14] ⏱ [actas_sigemi] completado en 70.6s
[11:39:14] ⏱ TOTAL descargas en paralelo: 70.6s
[11:39:14] ✅ DescargasParalelasPaso finalizado. (⏱ 72.0s)
[11:39:14] ✓ [DescargasParalelasPaso] Completado.
[11:39:14] ▶ [CompararActasPaso] Iniciando...
[11:39:14] ==================================================
[11:39:14] 🚀 PASO: CompararActasPaso
[11:39:14] ==================================================
[11:39:14] 🔍 Comparando actas del SEMyT contra pagos del Juzgado...
[11:39:14] ================================================================================
[11:39:14] INICIANDO PROCESO DE GENERACIÓN DE PAGOS DESACTUALIZADOS
[11:39:14] ================================================================================
[11:39:14] 📂 Cargando archivos...
[11:39:14]   ✓ Pagos: 15770 registros
[11:39:35]   ✓ Excel SIGEMI (multas vencidas viejas): 104046 registros
[11:39:43]   ✓ Excel Juzgado (multas vencidas nuevas): 39814 registros
[11:39:47] ================================================================================
[11:39:47] PASO 1: LLENANDO ACTA_NUMERO (búsqueda por patente + fecha, con desempate por hora)
[11:39:47] ================================================================================
[11:39:54] 📊 ESTADÍSTICAS DE LLENADO DE ACTAS:
[11:39:54]   • Pagos con acta ORIGINAL: 2218
[11:39:54]   • Pagos SIN acta (buscados): 13552
[11:39:54]   • Pagos LLENADOS exitosamente: 11
[11:39:54]   • Pagos NO encontrados en multas: 13541
[11:39:54]   • Pagos SIN RESOLVER por desbalance de cantidades: 0
[11:39:55] ================================================================================
[11:39:55] PASO 1: LLENANDO ACTA_NUMERO (búsqueda por patente + fecha, con desempate por hora)
[11:39:55] ================================================================================
[11:40:02] 📊 ESTADÍSTICAS DE LLENADO DE ACTAS:
[11:40:02]   • Pagos con acta ORIGINAL: 2229
[11:40:02]   • Pagos SIN acta (buscados): 13541
[11:40:02]   • Pagos LLENADOS exitosamente: 0
[11:40:02]   • Pagos NO encontrados en multas: 13541
[11:40:02]   • Pagos SIN RESOLVER por desbalance de cantidades: 0
[11:40:02] ⏱ PASO 1 (llenar actas): 18.4s
[11:40:02] ================================================================================
[11:40:02] PASO 2: FILTRANDO PAGOS CON ACTA_NUMERO COMPLETO
[11:40:02] ================================================================================
[11:40:02] 📊 ESTADÍSTICAS DE FILTRADO:
[11:40:02]   • Pagos TOTALES al inicio: 15770
[11:40:02]   • Pagos CON acta (MANTIENEN): 2229
[11:40:02]   • Pagos RECHAZADOS (sin coincidencias): 13541
[11:40:02] ⚠️  Se eliminaron 13541 registros sin número de acta
[11:40:02]      (recordá: esto incluye tanto pagos ya actualizados/pagados
[11:40:02]       como pagos que quedaron sin resolver por desbalance en el Paso 1)
[11:40:02] ================================================================================
[11:40:02] PASO 2-bis: CONFIRMANDO VIGENCIA DE PAGOS DEL SISTEMA NUEVO (contra MULTAS_JUZGADO_CRUCE)
[11:40:02] ================================================================================
[11:40:03]   ⚠ 2209 pago(s) del sistema nuevo descartados: su acta ya no figura como vencida en MULTAS_JUZGADO_CRUCE (SEMyT ya los actualizó).
[11:40:03]   • Pagos del sistema nuevo descartados por ya estar actualizados: 2209
[11:40:03] ⏱ PASO 2 (filtrar): 1.1s
[11:40:03] 📂 Cargando maestro de causas SIGEMI...
[11:40:03]   ✓ Causas totales (maestro): 134069 registros
[11:40:03] ⏱ PASO 2.5 (causas simplificado): 0.2s
[11:40:03] ================================================================================
[11:40:03] PASO 2.5: ARMANDO causas.txt SIMPLIFICADO (cruce contra total_causas_sigemi.txt)
[11:40:03] ================================================================================
[11:40:05]   • Actas vencidas viejas (multas): 104046
[11:40:05]   • Causas totales en el maestro SIGEMI: 134069
[11:40:05]   • Causas que coinciden (simplificado): 103715
[11:40:05]   ✅ Archivo escrito: backend/descargas/causas/causas.txt
[11:40:06] ⏱ PASO 2.5 (causas simplificado): 2.9s
[11:40:06] ================================================================================
[11:40:06] PASO 3: LLENANDO CAUSA_NUMERO (según fecha de cambio de sistema, cruzando por acta + año)
[11:40:06] ================================================================================
[11:40:06] 📊 ESTADÍSTICAS DE LLENADO DE CAUSAS:
[11:40:06]   • Pagos con causa ORIGINAL: 9
[11:40:06]   • Causas encontradas en SIGEMI (actas viejas): 10
[11:40:06]   • Causas NO encontradas en SIGEMI: 1
[11:40:06]   • Causas asignadas automáticamente (actas nuevas): 0
[11:40:06] ⏱ PASO 3 (llenar causas): 0.0s
[11:40:06] ================================================================================
[11:40:06] PASO 4: ORDENANDO POR FECHA Y ACTA_NUMERO
[11:40:06] ================================================================================
[11:40:06] ✓ Pagos ordenados correctamente
[11:40:06]   • Primera entrada: Acta=28767, Fecha=13/08/2024
[11:40:06]   • Última entrada: Acta=289097, Fecha=01/04/2026
[11:40:06] 📝 Escribiendo archivo de salida...
[11:40:06]   ✅ Archivo escrito: backend/descargas/pagos/2026-07-21/PAGOS 20260721 113914.txt
[11:40:06]   ✅ Total registros: 2321
[11:40:06] ⏱ PASO 4 (ordenar y escribir): 0.0s
[11:40:06] ================================================================================
[11:40:06] ✅ PROCESO COMPLETADO EXITOSAMENTE
[11:40:06] ================================================================================
[11:40:06] 📊 RESUMEN FINAL DEL PROCESAMIENTO:
[11:40:06]   ENTRADA:
[11:40:06]     • Pagos originales: 15770
[11:40:06]     • Multas SIGEMI cargadas: 104046
[11:40:06]     • Multas Juzgado cargadas: 39814
[11:40:06]     • Causas simplificadas (usadas para el cruce): 103715
[11:40:06]   PROCESO:
[11:40:06]     • Pagos rechazados sigemi: 13541
[11:40:06]     • Pagos rechazados juzgado: 2209
[11:40:06]   SALIDA:
[11:40:06]     • Pagos desactualizados procesados: 20
[11:40:06]     • Archivo final: backend/descargas/pagos/2026-07-21/PAGOS 20260721 113914.txt
[11:40:06]     • Ordenados por fecha: SÍ ✓
[11:40:06]     • Todos con ACTA_NUMERO: SÍ ✓
[11:40:06]     • Todos con CAUSA_NUMERO: SÍ ✓
[11:40:06] ✅ TXT de pagos (ya cruzado con actas y causas) generado en: backend/descargas/pagos/2026-07-21/PAGOS 20260721 113914.txt
[11:40:06] 🧹 TXT de pagos crudo eliminado (ya usado en el cruce): backend/descargas/pagos/2026-07-21/PAGOS DESCARGADOS.txt
[11:40:06] 🧹 Excel MULTAS_SIGEMI_CRUCE eliminado (ya usado en el cruce): backend/descargas/cache_actas_cruce/MULTAS_SIGEMI_CRUCE.xlsx
[11:40:06] 🧹 Excel MULTAS_JUZGADO_CRUCE eliminado (ya usado en el cruce): backend/descargas/cache_actas_cruce/MULTAS_JUZGADO_CRUCE.xlsx
[11:40:06] ✅ CompararActasPaso finalizado. (⏱ 51.6s)
[11:40:06] ✓ [CompararActasPaso] Completado.
[11:40:06] ▶ [CargarPagosPaso] Iniciando...
[11:40:06] ==================================================
[11:40:06] 🚀 PASO: CargarPagosPaso
[11:40:06] ==================================================
[11:40:06] 📤 Subiendo TXT de pagos al SEMyT...
[11:40:10] ✅ Importación de pagos completada con éxito.
[11:40:10] ✅ Archivo TXT de pagos cargado en el SEMyT correctamente.
[11:40:10] ✅ CargarPagosPaso finalizado. (⏱ 3.8s)
[11:40:10] ✓ [CargarPagosPaso] Completado.
[11:40:10] === Ejecución finalizada con éxito ===
