[09:18:54] === Inicio de ejecución: pagos ===
[09:18:56] ▶ [LoginSemytPaso] Iniciando...
[09:18:56] ==================================================
[09:18:56] 🚀 PASO: LoginSemytPaso
[09:18:56] ==================================================
[09:18:57] Abriendo SEMyT...
[09:19:10] ✅ [SEMyT] Sesión existente detectada. Login omitido.
[09:19:10] ✅ LoginSemytPaso finalizado. (⏱ 14.0s)
[09:19:10] ✓ [LoginSemytPaso] Completado.
[09:19:10] ▶ [LoginJuzgadoPaso] Iniciando...
[09:19:10] ==================================================
[09:19:10] 🚀 PASO: LoginJuzgadoPaso
[09:19:10] ==================================================
[09:19:11] Abriendo sitio municipalidad (CiDi)...
[09:19:12] ✅ [Juzgado] Sesión existente detectada. Login omitido.
[09:19:13] ✅ LoginJuzgadoPaso finalizado. (⏱ 2.4s)
[09:19:13] ✓ [LoginJuzgadoPaso] Completado.
[09:19:13] ▶ [DescargasParalelasPaso] Iniciando...
[09:19:13] ==================================================
[09:19:13] 🚀 PASO: DescargasParalelasPaso
[09:19:13] ==================================================
[09:19:15] 📤 Arrancando las 3 descargas en paralelo (mismo browser, páginas separadas)...
[09:19:15] Fecha Desde: 27/06/2024
[09:19:15] Fecha Hasta: 24/11/2025
[09:19:15] Fecha Desde: 25/11/2025
[09:19:15] Fecha Hasta: 21/07/2026
[09:19:15] Descargando Excel...
[09:19:15] Descargando Excel...
[09:19:45] ✅ TXT de pagos descargado en: backend/descargas/pagos/2026-07-21/PAGOS DESCARGADOS.txt
[09:19:45] ⏱ [pagos_txt] completado en 30.1s
[09:19:54] Archivo descargado en: backend/descargas/cache_actas_cruce/MULTAS_JUZGADO_CRUCE.xlsx
[09:20:03] ⏱ [actas_juzgado] completado en 48.1s
[09:20:14] Archivo descargado en: backend/descargas/cache_actas_cruce/MULTAS_SIGEMI_CRUCE.xlsx
[09:20:33] ⏱ [actas_sigemi] completado en 78.7s
[09:20:33] ⏱ TOTAL descargas en paralelo: 78.7s
[09:20:33] ✅ DescargasParalelasPaso finalizado. (⏱ 80.5s)
[09:20:33] ✓ [DescargasParalelasPaso] Completado.
[09:20:33] ▶ [CompararActasPaso] Iniciando...
[09:20:33] ==================================================
[09:20:33] 🚀 PASO: CompararActasPaso
[09:20:33] ==================================================
[09:20:33] 🔍 Comparando actas del SEMyT contra pagos del Juzgado...
[09:20:33] ================================================================================
[09:20:33] INICIANDO PROCESO DE GENERACIÓN DE PAGOS DESACTUALIZADOS
[09:20:33] ================================================================================
[09:20:33] 📂 Cargando archivos...
[09:20:33]   ✓ Pagos: 15587 registros
[09:20:55]   ✓ Excel SIGEMI (multas vencidas viejas): 104117 registros
[09:21:04]   ✓ Excel Juzgado (multas vencidas nuevas): 39915 registros
[09:21:07] ================================================================================
[09:21:07] PASO 1: LLENANDO ACTA_NUMERO (búsqueda por patente + fecha, con desempate por hora)
[09:21:07] ================================================================================
[09:21:11] 📊 ESTADÍSTICAS DE LLENADO DE ACTAS:
[09:21:11]   • Pagos con acta ORIGINAL: 2114
[09:21:11]   • Pagos SIN acta (buscados): 13473
[09:21:11]   • Pagos LLENADOS exitosamente: 1
[09:21:11]   • Pagos NO encontrados en multas: 13472
[09:21:11]   • Pagos SIN RESOLVER por desbalance de cantidades: 0
[09:22:04] ================================================================================
[09:22:04] PASO 1: LLENANDO ACTA_NUMERO (búsqueda por patente + fecha, con desempate por hora)
[09:22:04] ================================================================================
[09:22:10] 📊 ESTADÍSTICAS DE LLENADO DE ACTAS:
[09:22:10]   • Pagos con acta ORIGINAL: 2115
[09:22:10]   • Pagos SIN acta (buscados): 13472
[09:22:10]   • Pagos LLENADOS exitosamente: 0
[09:22:10]   • Pagos NO encontrados en multas: 13472
[09:22:10]   • Pagos SIN RESOLVER por desbalance de cantidades: 0
[09:22:10] ⏱ PASO 1 (llenar actas): 15.4s
[09:22:10] ================================================================================
[09:22:10] PASO 2: FILTRANDO PAGOS CON ACTA_NUMERO COMPLETO
[09:22:10] ================================================================================
[09:22:10] 📊 ESTADÍSTICAS DE FILTRADO:
[09:22:10]   • Pagos TOTALES al inicio: 15587
[09:22:10]   • Pagos CON acta (MANTIENEN): 2115
[09:22:10]   • Pagos RECHAZADOS (sin coincidencias): 13472
[09:22:10] ⚠️  Se eliminaron 13472 registros sin número de acta
[09:22:10]      (recordá: esto incluye tanto pagos ya actualizados/pagados
[09:22:10]       como pagos que quedaron sin resolver por desbalance en el Paso 1)
[09:22:10] ================================================================================
[09:22:10] PASO 2-bis: CONFIRMANDO VIGENCIA DE PAGOS DEL SISTEMA NUEVO (contra MULTAS_JUZGADO_CRUCE)
[09:22:10] ================================================================================
[09:22:11]   ⚠ 2109 pago(s) del sistema nuevo descartados: su acta ya no figura como vencida en MULTAS_JUZGADO_CRUCE (SEMyT ya los actualizó).
[09:22:11]   • Pagos del sistema nuevo descartados por ya estar actualizados: 2109
[09:22:11] ⏱ PASO 2 (filtrar): 0.8s
[09:22:11] 📂 Cargando maestro de causas SIGEMI...
[09:22:11]   ✓ Causas totales (maestro): 134069 registros
[09:22:11] ⏱ PASO 2.5 (causas simplificado): 0.2s
[09:22:11] ================================================================================
[09:22:11] PASO 2.5: ARMANDO causas.txt SIMPLIFICADO (cruce contra total_causas_sigemi.txt)
[09:22:11] ================================================================================
[09:22:13]   • Actas vencidas viejas (multas): 104117
[09:22:13]   • Causas totales en el maestro SIGEMI: 134069
[09:22:13]   • Causas que coinciden (simplificado): 103786
[09:22:13]   ✅ Archivo escrito: backend/descargas/causas/causas.txt
[09:22:14] ⏱ PASO 2.5 (causas simplificado): 2.7s
[09:22:14] ================================================================================
[09:22:14] PASO 3: LLENANDO CAUSA_NUMERO (según fecha de cambio de sistema, cruzando por acta + año)
[09:22:14] ================================================================================
[09:22:14] 📊 ESTADÍSTICAS DE LLENADO DE CAUSAS:
[09:22:14]   • Pagos con causa ORIGINAL: 5
[09:22:14]   • Causas encontradas en SIGEMI (actas viejas): 1
[09:22:14]   • Causas NO encontradas en SIGEMI: 0
[09:22:14]   • Causas asignadas automáticamente (actas nuevas): 0
[09:22:14] ⏱ PASO 3 (llenar causas): 0.0s
[09:22:14] ================================================================================
[09:22:14] PASO 4: ORDENANDO POR FECHA Y ACTA_NUMERO
[09:22:14] ================================================================================
[09:22:14] ✓ Pagos ordenados correctamente
[09:22:14]   • Primera entrada: Acta=233135, Fecha=13/11/2025
[09:22:14]   • Última entrada: Acta=263492, Fecha=06/02/2026
[09:22:14] 📝 Escribiendo archivo de salida...
[09:22:14]   ✅ Archivo escrito: backend/descargas/pagos/2026-07-21/PAGOS 20260721 092033.txt
[09:22:14]   ✅ Total registros: 786
[09:22:14] ⏱ PASO 4 (ordenar y escribir): 0.0s
[09:22:14] ================================================================================
[09:22:14] ✅ PROCESO COMPLETADO EXITOSAMENTE
[09:22:14] ================================================================================
[09:22:14] 📊 RESUMEN FINAL DEL PROCESAMIENTO:
[09:22:14]   ENTRADA:
[09:22:14]     • Pagos originales: 15587
[09:22:14]     • Multas SIGEMI cargadas: 104117
[09:22:14]     • Multas Juzgado cargadas: 39915
[09:22:14]     • Causas simplificadas (usadas para el cruce): 103786
[09:22:14]   PROCESO:
[09:22:14]     • Pagos rechazados sigemi: 13472
[09:22:14]     • Pagos rechazados juzgado: 2109
[09:22:14]   SALIDA:
[09:22:14]     • Pagos desactualizados procesados: 6
[09:22:14]     • Archivo final: backend/descargas/pagos/2026-07-21/PAGOS 20260721 092033.txt
[09:22:14]     • Ordenados por fecha: SÍ ✓
[09:22:14]     • Todos con ACTA_NUMERO: SÍ ✓
[09:22:14]     • Todos con CAUSA_NUMERO: SÍ ✓
[09:22:14] ✅ TXT de pagos (ya cruzado con actas y causas) generado en: backend/descargas/pagos/2026-07-21/PAGOS 20260721 092033.txt
[09:22:14] 🧹 TXT de pagos crudo eliminado (ya usado en el cruce): backend/descargas/pagos/2026-07-21/PAGOS DESCARGADOS.txt
[09:22:14] 🧹 Excel MULTAS_SIGEMI_CRUCE eliminado (ya usado en el cruce): backend/descargas/cache_actas_cruce/MULTAS_SIGEMI_CRUCE.xlsx
[09:22:14] 🧹 Excel MULTAS_JUZGADO_CRUCE eliminado (ya usado en el cruce): backend/descargas/cache_actas_cruce/MULTAS_JUZGADO_CRUCE.xlsx
[09:22:14] ✅ CompararActasPaso finalizado. (⏱ 49.3s)
[09:22:14] ✓ [CompararActasPaso] Completado.
[09:22:14] ▶ [CargarPagosPaso] Iniciando...
[09:22:14] ==================================================
[09:22:14] 🚀 PASO: CargarPagosPaso
[09:22:14] ==================================================
[09:22:14] 📤 Subiendo TXT de pagos al SEMyT...
[09:22:17] ✅ Importación de pagos completada con éxito.
[09:22:18] ✅ Archivo TXT de pagos cargado en el SEMyT correctamente.
[09:22:18] ✅ CargarPagosPaso finalizado. (⏱ 3.7s)
[09:22:18] ✓ [CargarPagosPaso] Completado.
[09:22:18] === Ejecución finalizada con éxito ===
