[09:44:39] === Inicio de ejecución: pagos ===
[09:44:41] ▶ [LoginSemytPaso] Iniciando...
[09:44:41] ==================================================
[09:44:41] 🚀 PASO: LoginSemytPaso
[09:44:41] ==================================================
[09:44:42] Abriendo SEMyT...
[09:44:57] ✅ [SEMyT] Sesión existente detectada. Login omitido.
[09:44:58] ✅ LoginSemytPaso finalizado. (⏱ 16.6s)
[09:44:58] ✓ [LoginSemytPaso] Completado.
[09:44:58] ▶ [LoginJuzgadoPaso] Iniciando...
[09:44:58] ==================================================
[09:44:58] 🚀 PASO: LoginJuzgadoPaso
[09:44:58] ==================================================
[09:44:58] Abriendo sitio municipalidad (CiDi)...
[09:44:59] ✅ [Juzgado] Sesión existente detectada. Login omitido.
[09:44:59] ✅ LoginJuzgadoPaso finalizado. (⏱ 1.3s)
[09:44:59] ✓ [LoginJuzgadoPaso] Completado.
[09:44:59] ▶ [DescargasParalelasPaso] Iniciando...
[09:44:59] ==================================================
[09:44:59] 🚀 PASO: DescargasParalelasPaso
[09:44:59] ==================================================
[09:45:00] 📤 Arrancando las 3 descargas en paralelo (mismo browser, páginas separadas)...
[09:45:00] Fecha Desde: 27/06/2024
[09:45:00] Fecha Hasta: 24/11/2025
[09:45:00] Fecha Desde: 25/11/2025
[09:45:00] Fecha Hasta: 21/07/2026
[09:45:01] Descargando Excel...
[09:45:01] Descargando Excel...
[09:45:18] Archivo descargado en: backend/descargas/cache_actas_cruce/MULTAS_JUZGADO_CRUCE.xlsx
[09:45:27] ⏱ [actas_juzgado] completado en 26.7s
[09:45:34] Archivo descargado en: backend/descargas/cache_actas_cruce/MULTAS_SIGEMI_CRUCE.xlsx
[09:45:55] ⏱ [actas_sigemi] completado en 54.3s
[09:45:55] ✅ TXT de pagos descargado en: backend/descargas/pagos/2026-07-21/PAGOS DESCARGADOS.txt
[09:45:55] ⏱ [pagos_txt] completado en 54.5s
[09:45:55] ⏱ TOTAL descargas en paralelo: 54.5s
[09:45:55] ✅ DescargasParalelasPaso finalizado. (⏱ 55.9s)
[09:45:55] ✓ [DescargasParalelasPaso] Completado.
[09:45:55] ▶ [CompararActasPaso] Iniciando...
[09:45:55] ==================================================
[09:45:55] 🚀 PASO: CompararActasPaso
[09:45:55] ==================================================
[09:45:55] 🔍 Comparando actas del SEMyT contra pagos del Juzgado...
[09:45:55] ================================================================================
[09:45:55] INICIANDO PROCESO DE GENERACIÓN DE PAGOS DESACTUALIZADOS
[09:45:55] ================================================================================
[09:45:55] 📂 Cargando archivos...
[09:45:55]   ✓ Pagos: 15615 registros
[09:46:15]   ✓ Excel SIGEMI (multas vencidas viejas): 104106 registros
[09:46:24]   ✓ Excel Juzgado (multas vencidas nuevas): 39904 registros
[09:46:28] ================================================================================
[09:46:28] PASO 1: LLENANDO ACTA_NUMERO (búsqueda por patente + fecha, con desempate por hora)
[09:46:28] ================================================================================
[09:46:35] 📊 ESTADÍSTICAS DE LLENADO DE ACTAS:
[09:46:35]   • Pagos con acta ORIGINAL: 2128
[09:46:35]   • Pagos SIN acta (buscados): 13487
[09:46:35]   • Pagos LLENADOS exitosamente: 4
[09:46:35]   • Pagos NO encontrados en multas: 13483
[09:46:35]   • Pagos SIN RESOLVER por desbalance de cantidades: 0
[09:46:36] ================================================================================
[09:46:36] PASO 1: LLENANDO ACTA_NUMERO (búsqueda por patente + fecha, con desempate por hora)
[09:46:36] ================================================================================
[09:46:43] 📊 ESTADÍSTICAS DE LLENADO DE ACTAS:
[09:46:43]   • Pagos con acta ORIGINAL: 2132
[09:46:43]   • Pagos SIN acta (buscados): 13483
[09:46:43]   • Pagos LLENADOS exitosamente: 0
[09:46:43]   • Pagos NO encontrados en multas: 13483
[09:46:43]   • Pagos SIN RESOLVER por desbalance de cantidades: 0
[09:46:43] ⏱ PASO 1 (llenar actas): 18.9s
[09:46:43] ================================================================================
[09:46:43] PASO 2: FILTRANDO PAGOS CON ACTA_NUMERO COMPLETO
[09:46:43] ================================================================================
[09:46:43] 📊 ESTADÍSTICAS DE FILTRADO:
[09:46:43]   • Pagos TOTALES al inicio: 15615
[09:46:43]   • Pagos CON acta (MANTIENEN): 2132
[09:46:43]   • Pagos RECHAZADOS (sin coincidencias): 13483
[09:46:43] ⚠️  Se eliminaron 13483 registros sin número de acta
[09:46:43]      (recordá: esto incluye tanto pagos ya actualizados/pagados
[09:46:43]       como pagos que quedaron sin resolver por desbalance en el Paso 1)
[09:46:43] ================================================================================
[09:46:43] PASO 2-bis: CONFIRMANDO VIGENCIA DE PAGOS DEL SISTEMA NUEVO (contra MULTAS_JUZGADO_CRUCE)
[09:46:43] ================================================================================
[09:46:44]   ⚠ 2119 pago(s) del sistema nuevo descartados: su acta ya no figura como vencida en MULTAS_JUZGADO_CRUCE (SEMyT ya los actualizó).
[09:46:44]   • Pagos del sistema nuevo descartados por ya estar actualizados: 2119
[09:46:44] ⏱ PASO 2 (filtrar): 1.0s
[09:46:44] 📂 Cargando maestro de causas SIGEMI...
[09:46:44]   ✓ Causas totales (maestro): 134069 registros
[09:46:44] ⏱ PASO 2.5 (causas simplificado): 0.2s
[09:46:44] ================================================================================
[09:46:44] PASO 2.5: ARMANDO causas.txt SIMPLIFICADO (cruce contra total_causas_sigemi.txt)
[09:46:44] ================================================================================
[09:46:46]   • Actas vencidas viejas (multas): 104106
[09:46:46]   • Causas totales en el maestro SIGEMI: 134069
[09:46:46]   • Causas que coinciden (simplificado): 103775
[09:46:46]   ✅ Archivo escrito: backend/descargas/causas/causas.txt
[09:46:47] ⏱ PASO 2.5 (causas simplificado): 3.1s
[09:46:47] ================================================================================
[09:46:47] PASO 3: LLENANDO CAUSA_NUMERO (según fecha de cambio de sistema, cruzando por acta + año)
[09:46:47] ================================================================================
[09:46:47] 📊 ESTADÍSTICAS DE LLENADO DE CAUSAS:
[09:46:47]   • Pagos con causa ORIGINAL: 9
[09:46:47]   • Causas encontradas en SIGEMI (actas viejas): 4
[09:46:47]   • Causas NO encontradas en SIGEMI: 0
[09:46:47]   • Causas asignadas automáticamente (actas nuevas): 0
[09:46:47] ⏱ PASO 3 (llenar causas): 0.0s
[09:46:47] ================================================================================
[09:46:47] PASO 4: ORDENANDO POR FECHA Y ACTA_NUMERO
[09:46:47] ================================================================================
[09:46:47] ✓ Pagos ordenados correctamente
[09:46:47]   • Primera entrada: Acta=96820, Fecha=02/01/2025
[09:46:47]   • Última entrada: Acta=264142, Fecha=09/02/2026
[09:46:47] 📝 Escribiendo archivo de salida...
[09:46:47]   ✅ Archivo escrito: backend/descargas/pagos/2026-07-21/PAGOS 20260721 094555.txt
[09:46:47]   ✅ Total registros: 1581
[09:46:47] ⏱ PASO 4 (ordenar y escribir): 0.0s
[09:46:47] ================================================================================
[09:46:47] ✅ PROCESO COMPLETADO EXITOSAMENTE
[09:46:47] ================================================================================
[09:46:47] 📊 RESUMEN FINAL DEL PROCESAMIENTO:
[09:46:47]   ENTRADA:
[09:46:47]     • Pagos originales: 15615
[09:46:47]     • Multas SIGEMI cargadas: 104106
[09:46:47]     • Multas Juzgado cargadas: 39904
[09:46:47]     • Causas simplificadas (usadas para el cruce): 103775
[09:46:47]   PROCESO:
[09:46:47]     • Pagos rechazados sigemi: 13483
[09:46:47]     • Pagos rechazados juzgado: 2119
[09:46:47]   SALIDA:
[09:46:47]     • Pagos desactualizados procesados: 13
[09:46:47]     • Archivo final: backend/descargas/pagos/2026-07-21/PAGOS 20260721 094555.txt
[09:46:47]     • Ordenados por fecha: SÍ ✓
[09:46:47]     • Todos con ACTA_NUMERO: SÍ ✓
[09:46:47]     • Todos con CAUSA_NUMERO: SÍ ✓
[09:46:47] ✅ TXT de pagos (ya cruzado con actas y causas) generado en: backend/descargas/pagos/2026-07-21/PAGOS 20260721 094555.txt
[09:46:47] 🧹 TXT de pagos crudo eliminado (ya usado en el cruce): backend/descargas/pagos/2026-07-21/PAGOS DESCARGADOS.txt
[09:46:47] 🧹 Excel MULTAS_SIGEMI_CRUCE eliminado (ya usado en el cruce): backend/descargas/cache_actas_cruce/MULTAS_SIGEMI_CRUCE.xlsx
[09:46:47] 🧹 Excel MULTAS_JUZGADO_CRUCE eliminado (ya usado en el cruce): backend/descargas/cache_actas_cruce/MULTAS_JUZGADO_CRUCE.xlsx
[09:46:47] ✅ CompararActasPaso finalizado. (⏱ 52.1s)
[09:46:47] ✓ [CompararActasPaso] Completado.
[09:46:47] ▶ [CargarPagosPaso] Iniciando...
[09:46:47] ==================================================
[09:46:47] 🚀 PASO: CargarPagosPaso
[09:46:47] ==================================================
[09:46:47] 📤 Subiendo TXT de pagos al SEMyT...
[09:46:50] ✅ Importación de pagos completada con éxito.
[09:46:50] ✅ Archivo TXT de pagos cargado en el SEMyT correctamente.
[09:46:50] ✅ CargarPagosPaso finalizado. (⏱ 3.2s)
[09:46:50] ✓ [CargarPagosPaso] Completado.
[09:46:50] === Ejecución finalizada con éxito ===
