[19:27:43] === Inicio de ejecución: pagos ===
[19:27:44] ==================================================
[19:27:44] 🚀 PASO: LoginSEMyTPaso
[19:27:44] ==================================================
[19:27:44] Abriendo SEMyT...
[19:27:46] ✅ [SEMyT] Sesión existente detectada. Login omitido.
[19:27:46] ✅ LoginSEMyTPaso finalizado. (⏱ 2.7s)
[19:27:46] ==================================================
[19:27:46] 🚀 PASO: LoginSIGIPaso
[19:27:46] ==================================================
[19:27:46] Abriendo sitio municipalidad (CiDi)...
[19:27:47] ✅ [SIGI] Sesión existente detectada. Login omitido.
[19:27:47] ✅ LoginSIGIPaso finalizado. (⏱ 0.5s)
[19:27:47] ==================================================
[19:27:47] 🚀 PASO: DescargasParalelasPaso
[19:27:47] ==================================================
[19:27:47] 📤 Arrancando las 3 descargas en paralelo (mismo browser, páginas separadas)...
[19:27:47] Fecha Desde: 27/06/2024
[19:27:47] Fecha Hasta: 24/11/2025
[19:27:47] Fecha Desde: 25/11/2025
[19:27:47] Fecha Hasta: 06/08/2026
[19:27:47] Descargando Excel...
[19:27:47] Descargando Excel...
[19:27:58] Archivo descargado en: datos/descargas/cache_actas_cruce/MULTAS_SIGI_CRUCE.xlsx
[19:27:59] ⏱ [actas_sigi] completado en 12.1s
[19:28:05] Archivo descargado en: datos/descargas/cache_actas_cruce/MULTAS_SIGEMI_CRUCE.xlsx
[19:28:08] ⏱ [actas_sigemi] completado en 21.3s
[19:28:31] ✅ TXT de pagos descargado en: datos/descargas/pagos/2026-08-06/ALL PAGOS DESCARGADOS.txt
[19:28:31] ⏱ [pagos_txt] completado en 43.8s
[19:28:31] ⏱ TOTAL descargas en paralelo: 43.8s
[19:28:31] ✅ DescargasParalelasPaso finalizado. (⏱ 44.1s)
[19:28:31] ==================================================
[19:28:31] 🚀 PASO: CompararActasPaso
[19:28:31] ==================================================
[19:28:31] 🔍 Comparando actas del SEMyT contra pagos del SIGI...
[19:28:31] ================================================================================
[19:28:31] INICIANDO PROCESO DE GENERACIÓN DE PAGOS DESACTUALIZADOS
[19:28:31] ================================================================================
[19:28:31] 📂 Cargando archivos...
[19:28:31]   ✓ Pagos: 20594 registros
[19:28:34]   ✓ Excel SIGEMI (multas vencidas viejas): 101606 registros
[19:28:35]   ✓ Excel SIGI (multas vencidas nuevas): 41525 registros
[19:28:36] ================================================================================
[19:28:36] PASO 1: LLENANDO ACTA_NUMERO (búsqueda por patente + fecha, con desempate por hora)
[19:28:36] ================================================================================
[19:28:38] 📊 ESTADÍSTICAS DE LLENADO DE ACTAS:
[19:28:38]   • Pagos con acta ORIGINAL: 5223
[19:28:38]   • Pagos SIN acta (buscados): 15371
[19:28:38]   • Pagos LLENADOS exitosamente: 2
[19:28:38]   • Pagos NO encontrados en multas: 15369
[19:28:38]   • Pagos SIN RESOLVER por desbalance de cantidades: 0
[19:28:38] ================================================================================
[19:28:38] PASO 1: LLENANDO ACTA_NUMERO (búsqueda por patente + fecha, con desempate por hora)
[19:28:38] ================================================================================
[19:28:39] 📊 ESTADÍSTICAS DE LLENADO DE ACTAS:
[19:28:39]   • Pagos con acta ORIGINAL: 5225
[19:28:39]   • Pagos SIN acta (buscados): 15369
[19:28:39]   • Pagos LLENADOS exitosamente: 0
[19:28:39]   • Pagos NO encontrados en multas: 15369
[19:28:39]   • Pagos SIN RESOLVER por desbalance de cantidades: 0
[19:28:39] ⏱ PASO 1 (llenar actas): 3.8s
[19:28:39] ================================================================================
[19:28:39] PASO 2: FILTRANDO PAGOS CON ACTA_NUMERO COMPLETO
[19:28:39] ================================================================================
[19:28:39] 📊 ESTADÍSTICAS DE FILTRADO:
[19:28:39]   • Pagos TOTALES al inicio: 20594
[19:28:39]   • Pagos CON acta (MANTIENEN): 5225
[19:28:39]   • Pagos RECHAZADOS (sin coincidencias): 15369
[19:28:39] ⚠️  Se eliminaron 15369 registros sin número de acta
[19:28:39]      (recordá: esto incluye tanto pagos ya actualizados/pagados
[19:28:39]       como pagos que quedaron sin resolver por desbalance en el Paso 1)
[19:28:39] ================================================================================
[19:28:39] PASO 2-bis: CONFIRMANDO VIGENCIA DE PAGOS (sistema NUEVO contra MULTAS_SIGI_CRUCE, sistema VIEJO contra SIGEMI)
[19:28:39] ================================================================================
[19:28:40]   ⚠ 5209 pago(s) descartados: su acta ya no figura como vencida en MULTAS_SIGI_CRUCE (SEMyT ya los actualizó).
[19:28:40]   ⚠ 14 pago(s) descartados: su acta ya no figura como vencida en el Excel de SIGEMI (SEMyT ya los actualizó).
[19:28:40]   • Pagos descartados en total por ya estar actualizados/pagados: 5223
[19:28:40] ⏱ PASO 2 (filtrar): 0.4s
[19:28:40] 📂 Cargando maestro de causas SIGEMI...
[19:28:40]   ✓ Causas totales (maestro): 134069 registros
[19:28:40] ================================================================================
[19:28:40] PASO 2.5: ARMANDO causas.txt SIMPLIFICADO (cruce contra total_causas_sigemi.txt)
[19:28:40] ================================================================================
[19:28:40]   • Actas vencidas viejas (multas): 101606
[19:28:40]   • Causas totales en el maestro SIGEMI: 134069
[19:28:40]   • Causas que coinciden (simplificado): 101292
[19:28:40]   ✅ Archivo escrito: datos/descargas/causas/causas.txt
[19:28:40] ⏱ PASO 2.5 (causas simplificado): 0.4s
[19:28:40] ================================================================================
[19:28:40] PASO 3: LLENANDO CAUSA_NUMERO (según fecha de cambio de sistema, cruzando por acta + año)
[19:28:40] ================================================================================
[19:28:40] 📊 ESTADÍSTICAS DE LLENADO DE CAUSAS:
[19:28:40]   • Pagos con causa ORIGINAL: 0
[19:28:40]   • Causas encontradas en SIGEMI (actas viejas): 2
[19:28:40]   • Causas NO encontradas en SIGEMI: 0
[19:28:40]   • Causas asignadas automáticamente (actas nuevas): 0
[19:28:40] ⏱ PASO 3 (llenar causas): 0.0s
[19:28:40] ================================================================================
[19:28:40] PASO 4: ORDENANDO POR FECHA Y ACTA_NUMERO
[19:28:40] ================================================================================
[19:28:40] ✓ Pagos ordenados correctamente
[19:28:40]   • Primera entrada: Acta=6723, Fecha=08/07/2024
[19:28:40]   • Última entrada: Acta=94980, Fecha=26/12/2024
[19:28:40] 📝 Escribiendo archivo de salida...
[19:28:40]   ✅ Archivo escrito: datos/descargas/pagos/2026-08-06/PAGOS 20260806 192831.txt
[19:28:40]   ✅ Total registros: 367
[19:28:40] ⏱ PASO 4 (ordenar y escribir): 0.0s
[19:28:40] ================================================================================
[19:28:40] ✅ PROCESO COMPLETADO EXITOSAMENTE
[19:28:40] ================================================================================
[19:28:40] 📊 RESUMEN FINAL DEL PROCESAMIENTO:
[19:28:40]   ENTRADA:
[19:28:40]     • Pagos originales: 20594
[19:28:40]     • Multas SIGEMI cargadas: 101606
[19:28:40]     • Multas SIGI cargadas: 41525
[19:28:40]     • Causas simplificadas (usadas para el cruce): 101292
[19:28:40]   PROCESO:
[19:28:40]     • Pagos rechazados sigemi: 15369
[19:28:40]     • Pagos rechazados sigi: 5223
[19:28:40]   SALIDA:
[19:28:40]     • Pagos desactualizados procesados: 2
[19:28:40]     • Archivo final: datos/descargas/pagos/2026-08-06/PAGOS 20260806 192831.txt
[19:28:40]     • Ordenados por fecha: SÍ ✓
[19:28:40]     • Todos con ACTA_NUMERO: SÍ ✓
[19:28:40]     • Todos con CAUSA_NUMERO: SÍ ✓
[19:28:40] ✅ TXT de pagos (ya cruzado con actas y causas) generado en: datos/descargas/pagos/2026-08-06/PAGOS 20260806 192831.txt
[19:28:40] 🧹 TXT de pagos crudo eliminado (ya usado en el cruce): datos/descargas/pagos/2026-08-06/ALL PAGOS DESCARGADOS.txt
[19:28:40] 🧹 Excel MULTAS_SIGEMI_CRUCE eliminado (ya usado en el cruce): datos/descargas/cache_actas_cruce/MULTAS_SIGEMI_CRUCE.xlsx
[19:28:40] 🧹 Excel MULTAS_SIGI_CRUCE eliminado (ya usado en el cruce): datos/descargas/cache_actas_cruce/MULTAS_SIGI_CRUCE.xlsx
[19:28:40] ✅ CompararActasPaso finalizado. (⏱ 9.2s)
[19:28:40] ==================================================
[19:28:40] 🚀 PASO: CargarPagosPaso
[19:28:40] ==================================================
[19:28:40] 📤 Subiendo TXT de pagos al SEMyT...
[19:28:42] ✅ Importación de pagos completada con éxito.
[19:28:42] ✅ Archivo TXT de pagos cargado en el SEMyT correctamente.
[19:28:42] ✅ CargarPagosPaso finalizado. (⏱ 2.0s)
[19:28:42] === Ejecución finalizada con éxito ===
