[08:35:45] === Inicio de ejecución: pagos ===
[08:35:46] ==================================================
[08:35:46] 🚀 PASO: LoginSEMyTPaso
[08:35:46] ==================================================
[08:35:46] Abriendo SEMyT...
[08:35:48] ✅ [SEMyT] Sesión existente detectada. Login omitido.
[08:35:48] ✅ LoginSEMyTPaso finalizado. (⏱ 2.6s)
[08:35:48] ==================================================
[08:35:48] 🚀 PASO: LoginSIGIPaso
[08:35:48] ==================================================
[08:35:48] Abriendo sitio municipalidad (CiDi)...
[08:35:49] ✅ [SIGI] Sesión existente detectada. Login omitido.
[08:35:49] ✅ LoginSIGIPaso finalizado. (⏱ 0.4s)
[08:35:49] ==================================================
[08:35:49] 🚀 PASO: DescargasParalelasPaso
[08:35:49] ==================================================
[08:35:49] 📤 Arrancando las 3 descargas en paralelo (mismo browser, páginas separadas)...
[08:35:49] Fecha Desde: 27/06/2024
[08:35:49] Fecha Hasta: 24/11/2025
[08:35:49] Fecha Desde: 25/11/2025
[08:35:49] Fecha Hasta: 06/08/2026
[08:35:49] Descargando Excel...
[08:35:49] Descargando Excel...
[08:36:00] Archivo descargado en: datos/descargas/cache_actas_cruce/MULTAS_SIGI_CRUCE.xlsx
[08:36:02] ⏱ [actas_sigi] completado en 12.9s
[08:36:11] Archivo descargado en: datos/descargas/cache_actas_cruce/MULTAS_SIGEMI_CRUCE.xlsx
[08:36:15] ⏱ [actas_sigemi] completado en 25.7s
[08:36:19] ✅ TXT de pagos descargado en: datos/descargas/pagos/2026-08-06/ALL PAGOS DESCARGADOS.txt
[08:36:19] ⏱ [pagos_txt] completado en 30.3s
[08:36:19] ⏱ TOTAL descargas en paralelo: 30.3s
[08:36:19] ✅ DescargasParalelasPaso finalizado. (⏱ 30.5s)
[08:36:19] ==================================================
[08:36:19] 🚀 PASO: CompararActasPaso
[08:36:19] ==================================================
[08:36:19] 🔍 Comparando actas del SEMyT contra pagos del SIGI...
[08:36:19] ================================================================================
[08:36:19] INICIANDO PROCESO DE GENERACIÓN DE PAGOS DESACTUALIZADOS
[08:36:19] ================================================================================
[08:36:19] 📂 Cargando archivos...
[08:36:19]   ✓ Pagos: 20514 registros
[08:36:23]   ✓ Excel SIGEMI (multas vencidas viejas): 101714 registros
[08:36:24]   ✓ Excel SIGI (multas vencidas nuevas): 41619 registros
[08:36:25] ================================================================================
[08:36:25] PASO 1: LLENANDO ACTA_NUMERO (búsqueda por patente + fecha, con desempate por hora)
[08:36:25] ================================================================================
[08:36:26] 📊 ESTADÍSTICAS DE LLENADO DE ACTAS:
[08:36:26]   • Pagos con acta ORIGINAL: 5172
[08:36:26]   • Pagos SIN acta (buscados): 15342
[08:36:26]   • Pagos LLENADOS exitosamente: 0
[08:36:26]   • Pagos NO encontrados en multas: 15342
[08:36:26]   • Pagos SIN RESOLVER por desbalance de cantidades: 0
[08:36:26] ================================================================================
[08:36:26] PASO 1: LLENANDO ACTA_NUMERO (búsqueda por patente + fecha, con desempate por hora)
[08:36:26] ================================================================================
[08:36:28] 📊 ESTADÍSTICAS DE LLENADO DE ACTAS:
[08:36:28]   • Pagos con acta ORIGINAL: 5172
[08:36:28]   • Pagos SIN acta (buscados): 15342
[08:36:28]   • Pagos LLENADOS exitosamente: 0
[08:36:28]   • Pagos NO encontrados en multas: 15342
[08:36:28]   • Pagos SIN RESOLVER por desbalance de cantidades: 0
[08:36:28] ⏱ PASO 1 (llenar actas): 3.8s
[08:36:28] ================================================================================
[08:36:28] PASO 2: FILTRANDO PAGOS CON ACTA_NUMERO COMPLETO
[08:36:28] ================================================================================
[08:36:28] 📊 ESTADÍSTICAS DE FILTRADO:
[08:36:28]   • Pagos TOTALES al inicio: 20514
[08:36:28]   • Pagos CON acta (MANTIENEN): 5172
[08:36:28]   • Pagos RECHAZADOS (sin coincidencias): 15342
[08:36:28] ⚠️  Se eliminaron 15342 registros sin número de acta
[08:36:28]      (recordá: esto incluye tanto pagos ya actualizados/pagados
[08:36:28]       como pagos que quedaron sin resolver por desbalance en el Paso 1)
[08:36:28] ================================================================================
[08:36:28] PASO 2-bis: CONFIRMANDO VIGENCIA DE PAGOS (sistema NUEVO contra MULTAS_SIGI_CRUCE, sistema VIEJO contra SIGEMI)
[08:36:28] ================================================================================
[08:36:28]   ⚠ 5158 pago(s) descartados: su acta ya no figura como vencida en MULTAS_SIGI_CRUCE (SEMyT ya los actualizó).
[08:36:28]   ⚠ 13 pago(s) descartados: su acta ya no figura como vencida en el Excel de SIGEMI (SEMyT ya los actualizó).
[08:36:28]   • Pagos descartados en total por ya estar actualizados/pagados: 5171
[08:36:28] ⏱ PASO 2 (filtrar): 0.5s
[08:36:28] 📂 Cargando maestro de causas SIGEMI...
[08:36:28]   ✓ Causas totales (maestro): 134069 registros
[08:36:28] ================================================================================
[08:36:28] PASO 2.5: ARMANDO causas.txt SIMPLIFICADO (cruce contra total_causas_sigemi.txt)
[08:36:28] ================================================================================
[08:36:29]   • Actas vencidas viejas (multas): 101714
[08:36:29]   • Causas totales en el maestro SIGEMI: 134069
[08:36:29]   • Causas que coinciden (simplificado): 101399
[08:36:29]   ✅ Archivo escrito: datos/descargas/causas/causas.txt
[08:36:29] ⏱ PASO 2.5 (causas simplificado): 0.5s
[08:36:29] ================================================================================
[08:36:29] PASO 3: LLENANDO CAUSA_NUMERO (según fecha de cambio de sistema, cruzando por acta + año)
[08:36:29] ================================================================================
[08:36:29] 📊 ESTADÍSTICAS DE LLENADO DE CAUSAS:
[08:36:29]   • Pagos con causa ORIGINAL: 1
[08:36:29]   • Causas encontradas en SIGEMI (actas viejas): 0
[08:36:29]   • Causas NO encontradas en SIGEMI: 0
[08:36:29]   • Causas asignadas automáticamente (actas nuevas): 0
[08:36:29] ⏱ PASO 3 (llenar causas): 0.0s
[08:36:29] ================================================================================
[08:36:29] PASO 4: ORDENANDO POR FECHA Y ACTA_NUMERO
[08:36:29] ================================================================================
[08:36:29] ✓ Pagos ordenados correctamente
[08:36:29]   • Primera entrada: Acta=306100, Fecha=30/04/2026
[08:36:29]   • Última entrada: Acta=306100, Fecha=30/04/2026
[08:36:29] 📝 Escribiendo archivo de salida...
[08:36:29]   ✅ Archivo escrito: datos/descargas/pagos/2026-08-06/PAGOS 20260806 083619.txt
[08:36:29]   ✅ Total registros: 257
[08:36:29] ⏱ PASO 4 (ordenar y escribir): 0.0s
[08:36:29] ================================================================================
[08:36:29] ✅ PROCESO COMPLETADO EXITOSAMENTE
[08:36:29] ================================================================================
[08:36:29] 📊 RESUMEN FINAL DEL PROCESAMIENTO:
[08:36:29]   ENTRADA:
[08:36:29]     • Pagos originales: 20514
[08:36:29]     • Multas SIGEMI cargadas: 101714
[08:36:29]     • Multas SIGI cargadas: 41619
[08:36:29]     • Causas simplificadas (usadas para el cruce): 101399
[08:36:29]   PROCESO:
[08:36:29]     • Pagos rechazados sigemi: 15342
[08:36:29]     • Pagos rechazados sigi: 5171
[08:36:29]   SALIDA:
[08:36:29]     • Pagos desactualizados procesados: 1
[08:36:29]     • Archivo final: datos/descargas/pagos/2026-08-06/PAGOS 20260806 083619.txt
[08:36:29]     • Ordenados por fecha: SÍ ✓
[08:36:29]     • Todos con ACTA_NUMERO: SÍ ✓
[08:36:29]     • Todos con CAUSA_NUMERO: SÍ ✓
[08:36:29] ✅ TXT de pagos (ya cruzado con actas y causas) generado en: datos/descargas/pagos/2026-08-06/PAGOS 20260806 083619.txt
[08:36:29] 🧹 TXT de pagos crudo eliminado (ya usado en el cruce): datos/descargas/pagos/2026-08-06/ALL PAGOS DESCARGADOS.txt
[08:36:29] 🧹 Excel MULTAS_SIGEMI_CRUCE eliminado (ya usado en el cruce): datos/descargas/cache_actas_cruce/MULTAS_SIGEMI_CRUCE.xlsx
[08:36:29] 🧹 Excel MULTAS_SIGI_CRUCE eliminado (ya usado en el cruce): datos/descargas/cache_actas_cruce/MULTAS_SIGI_CRUCE.xlsx
[08:36:29] ✅ CompararActasPaso finalizado. (⏱ 9.7s)
[08:36:29] ==================================================
[08:36:29] 🚀 PASO: CargarPagosPaso
[08:36:29] ==================================================
[08:36:29] 📤 Subiendo TXT de pagos al SEMyT...
[08:36:30] ✅ Importación de pagos completada con éxito.
[08:36:31] ✅ Archivo TXT de pagos cargado en el SEMyT correctamente.
[08:36:31] ✅ CargarPagosPaso finalizado. (⏱ 2.0s)
[08:36:31] === Ejecución finalizada con éxito ===
