[16:26:09] === Inicio de ejecución: pagos ===
[16:26:09] ==================================================
[16:26:09] 🚀 PASO: LoginSEMyTPaso
[16:26:09] ==================================================
[16:26:09] Abriendo SEMyT...
[16:26:12] ✅ [SEMyT] Sesión existente detectada. Login omitido.
[16:26:12] ✅ LoginSEMyTPaso finalizado. (⏱ 2.4s)
[16:26:12] ==================================================
[16:26:12] 🚀 PASO: LoginSIGIPaso
[16:26:12] ==================================================
[16:26:12] Abriendo sitio municipalidad (CiDi)...
[16:26:12] ✅ [SIGI] Sesión existente detectada. Login omitido.
[16:26:12] ✅ LoginSIGIPaso finalizado. (⏱ 0.5s)
[16:26:12] ==================================================
[16:26:12] 🚀 PASO: DescargasParalelasPaso
[16:26:12] ==================================================
[16:26:12] 📤 Arrancando las 3 descargas en paralelo (mismo browser, páginas separadas)...
[16:26:12] Fecha Desde: 27/06/2024
[16:26:12] Fecha Hasta: 24/11/2025
[16:26:12] Fecha Desde: 25/11/2025
[16:26:12] Fecha Hasta: 06/08/2026
[16:26:13] Descargando Excel...
[16:26:13] Descargando Excel...
[16:26:24] Archivo descargado en: datos/descargas/cache_actas_cruce/MULTAS_SIGI_CRUCE.xlsx
[16:26:25] ⏱ [actas_sigi] completado en 13.0s
[16:26:32] Archivo descargado en: datos/descargas/cache_actas_cruce/MULTAS_SIGEMI_CRUCE.xlsx
[16:26:35] ⏱ [actas_sigemi] completado en 22.6s
[16:26:45] ✅ TXT de pagos descargado en: datos/descargas/pagos/2026-08-06/ALL PAGOS DESCARGADOS.txt
[16:26:45] ⏱ [pagos_txt] completado en 32.9s
[16:26:45] ⏱ TOTAL descargas en paralelo: 32.9s
[16:26:45] ✅ DescargasParalelasPaso finalizado. (⏱ 33.2s)
[16:26:45] ==================================================
[16:26:45] 🚀 PASO: CompararActasPaso
[16:26:45] ==================================================
[16:26:45] 🔍 Comparando actas del SEMyT contra pagos del SIGI...
[16:26:45] ================================================================================
[16:26:45] INICIANDO PROCESO DE GENERACIÓN DE PAGOS DESACTUALIZADOS
[16:26:45] ================================================================================
[16:26:45] 📂 Cargando archivos...
[16:26:45]   ✓ Pagos: 20571 registros
[16:26:49]   ✓ Excel SIGEMI (multas vencidas viejas): 101617 registros
[16:26:50]   ✓ Excel SIGI (multas vencidas nuevas): 41537 registros
[16:26:51] ================================================================================
[16:26:51] PASO 1: LLENANDO ACTA_NUMERO (búsqueda por patente + fecha, con desempate por hora)
[16:26:51] ================================================================================
[16:26:52] 📊 ESTADÍSTICAS DE LLENADO DE ACTAS:
[16:26:52]   • Pagos con acta ORIGINAL: 5212
[16:26:52]   • Pagos SIN acta (buscados): 15359
[16:26:52]   • Pagos LLENADOS exitosamente: 0
[16:26:52]   • Pagos NO encontrados en multas: 15359
[16:26:52]   • Pagos SIN RESOLVER por desbalance de cantidades: 0
[16:26:52] ================================================================================
[16:26:52] PASO 1: LLENANDO ACTA_NUMERO (búsqueda por patente + fecha, con desempate por hora)
[16:26:52] ================================================================================
[16:26:54] 📊 ESTADÍSTICAS DE LLENADO DE ACTAS:
[16:26:54]   • Pagos con acta ORIGINAL: 5212
[16:26:54]   • Pagos SIN acta (buscados): 15359
[16:26:54]   • Pagos LLENADOS exitosamente: 0
[16:26:54]   • Pagos NO encontrados en multas: 15359
[16:26:54]   • Pagos SIN RESOLVER por desbalance de cantidades: 0
[16:26:54] ⏱ PASO 1 (llenar actas): 4.0s
[16:26:54] ================================================================================
[16:26:54] PASO 2: FILTRANDO PAGOS CON ACTA_NUMERO COMPLETO
[16:26:54] ================================================================================
[16:26:54] 📊 ESTADÍSTICAS DE FILTRADO:
[16:26:54]   • Pagos TOTALES al inicio: 20571
[16:26:54]   • Pagos CON acta (MANTIENEN): 5212
[16:26:54]   • Pagos RECHAZADOS (sin coincidencias): 15359
[16:26:54] ⚠️  Se eliminaron 15359 registros sin número de acta
[16:26:54]      (recordá: esto incluye tanto pagos ya actualizados/pagados
[16:26:54]       como pagos que quedaron sin resolver por desbalance en el Paso 1)
[16:26:54] ================================================================================
[16:26:54] PASO 2-bis: CONFIRMANDO VIGENCIA DE PAGOS (sistema NUEVO contra MULTAS_SIGI_CRUCE, sistema VIEJO contra SIGEMI)
[16:26:54] ================================================================================
[16:26:55]   ⚠ 5197 pago(s) descartados: su acta ya no figura como vencida en MULTAS_SIGI_CRUCE (SEMyT ya los actualizó).
[16:26:55]   ⚠ 14 pago(s) descartados: su acta ya no figura como vencida en el Excel de SIGEMI (SEMyT ya los actualizó).
[16:26:55]   • Pagos descartados en total por ya estar actualizados/pagados: 5211
[16:26:55] ⏱ PASO 2 (filtrar): 0.5s
[16:26:55] 📂 Cargando maestro de causas SIGEMI...
[16:26:55]   ✓ Causas totales (maestro): 134069 registros
[16:26:55] ================================================================================
[16:26:55] PASO 2.5: ARMANDO causas.txt SIMPLIFICADO (cruce contra total_causas_sigemi.txt)
[16:26:55] ================================================================================
[16:26:55]   • Actas vencidas viejas (multas): 101617
[16:26:55]   • Causas totales en el maestro SIGEMI: 134069
[16:26:55]   • Causas que coinciden (simplificado): 101303
[16:26:55]   ✅ Archivo escrito: datos/descargas/causas/causas.txt
[16:26:55] ⏱ PASO 2.5 (causas simplificado): 0.4s
[16:26:55] ================================================================================
[16:26:55] PASO 3: LLENANDO CAUSA_NUMERO (según fecha de cambio de sistema, cruzando por acta + año)
[16:26:55] ================================================================================
[16:26:55] 📊 ESTADÍSTICAS DE LLENADO DE CAUSAS:
[16:26:55]   • Pagos con causa ORIGINAL: 1
[16:26:55]   • Causas encontradas en SIGEMI (actas viejas): 0
[16:26:55]   • Causas NO encontradas en SIGEMI: 0
[16:26:55]   • Causas asignadas automáticamente (actas nuevas): 0
[16:26:55] ⏱ PASO 3 (llenar causas): 0.0s
[16:26:55] ================================================================================
[16:26:55] PASO 4: ORDENANDO POR FECHA Y ACTA_NUMERO
[16:26:55] ================================================================================
[16:26:55] ✓ Pagos ordenados correctamente
[16:26:55]   • Primera entrada: Acta=301786, Fecha=24/04/2026
[16:26:55]   • Última entrada: Acta=301786, Fecha=24/04/2026
[16:26:55] 📝 Escribiendo archivo de salida...
[16:26:55]   ✅ Archivo escrito: datos/descargas/pagos/2026-08-06/PAGOS 20260806 162645.txt
[16:26:55]   ✅ Total registros: 278
[16:26:55] ⏱ PASO 4 (ordenar y escribir): 0.0s
[16:26:55] ================================================================================
[16:26:55] ✅ PROCESO COMPLETADO EXITOSAMENTE
[16:26:55] ================================================================================
[16:26:55] 📊 RESUMEN FINAL DEL PROCESAMIENTO:
[16:26:55]   ENTRADA:
[16:26:55]     • Pagos originales: 20571
[16:26:55]     • Multas SIGEMI cargadas: 101617
[16:26:55]     • Multas SIGI cargadas: 41537
[16:26:55]     • Causas simplificadas (usadas para el cruce): 101303
[16:26:55]   PROCESO:
[16:26:55]     • Pagos rechazados sigemi: 15359
[16:26:55]     • Pagos rechazados sigi: 5211
[16:26:55]   SALIDA:
[16:26:55]     • Pagos desactualizados procesados: 1
[16:26:55]     • Archivo final: datos/descargas/pagos/2026-08-06/PAGOS 20260806 162645.txt
[16:26:55]     • Ordenados por fecha: SÍ ✓
[16:26:55]     • Todos con ACTA_NUMERO: SÍ ✓
[16:26:55]     • Todos con CAUSA_NUMERO: SÍ ✓
[16:26:55] ✅ TXT de pagos (ya cruzado con actas y causas) generado en: datos/descargas/pagos/2026-08-06/PAGOS 20260806 162645.txt
[16:26:55] 🧹 TXT de pagos crudo eliminado (ya usado en el cruce): datos/descargas/pagos/2026-08-06/ALL PAGOS DESCARGADOS.txt
[16:26:55] 🧹 Excel MULTAS_SIGEMI_CRUCE eliminado (ya usado en el cruce): datos/descargas/cache_actas_cruce/MULTAS_SIGEMI_CRUCE.xlsx
[16:26:55] 🧹 Excel MULTAS_SIGI_CRUCE eliminado (ya usado en el cruce): datos/descargas/cache_actas_cruce/MULTAS_SIGI_CRUCE.xlsx
[16:26:55] ✅ CompararActasPaso finalizado. (⏱ 9.6s)
[16:26:55] ==================================================
[16:26:55] 🚀 PASO: CargarPagosPaso
[16:26:55] ==================================================
[16:26:55] 📤 Subiendo TXT de pagos al SEMyT...
[16:26:57] ✅ Importación de pagos completada con éxito.
[16:26:57] ✅ Archivo TXT de pagos cargado en el SEMyT correctamente.
[16:26:57] ✅ CargarPagosPaso finalizado. (⏱ 2.0s)
[16:26:57] === Ejecución finalizada con éxito ===
