[17:32:11] === Inicio de ejecución: pagos ===
[17:32:11] ==================================================
[17:32:11] 🚀 PASO: LoginSEMyTPaso
[17:32:11] ==================================================
[17:32:12] Abriendo SEMyT...
[17:32:14] ✅ [SEMyT] Sesión existente detectada. Login omitido.
[17:32:14] ✅ LoginSEMyTPaso finalizado. (⏱ 2.5s)
[17:32:14] ==================================================
[17:32:14] 🚀 PASO: LoginSIGIPaso
[17:32:14] ==================================================
[17:32:14] Abriendo sitio municipalidad (CiDi)...
[17:32:14] ✅ [SIGI] Sesión existente detectada. Login omitido.
[17:32:14] ✅ LoginSIGIPaso finalizado. (⏱ 0.5s)
[17:32:14] ==================================================
[17:32:14] 🚀 PASO: DescargasParalelasPaso
[17:32:14] ==================================================
[17:32:15] 📤 Arrancando las 3 descargas en paralelo (mismo browser, páginas separadas)...
[17:32:15] Fecha Desde: 27/06/2024
[17:32:15] Fecha Hasta: 24/11/2025
[17:32:15] Fecha Desde: 25/11/2025
[17:32:15] Fecha Hasta: 06/08/2026
[17:32:15] Descargando Excel...
[17:32:15] Descargando Excel...
[17:32:29] Archivo descargado en: datos/descargas/cache_actas_cruce/MULTAS_SIGI_CRUCE.xlsx
[17:32:31] ⏱ [actas_sigi] completado en 16.0s
[17:32:40] Archivo descargado en: datos/descargas/cache_actas_cruce/MULTAS_SIGEMI_CRUCE.xlsx
[17:32:44] ⏱ [actas_sigemi] completado en 28.9s
[17:32:59] ✅ TXT de pagos descargado en: datos/descargas/pagos/2026-08-06/ALL PAGOS DESCARGADOS.txt
[17:32:59] ⏱ [pagos_txt] completado en 44.3s
[17:32:59] ⏱ TOTAL descargas en paralelo: 44.3s
[17:32:59] ✅ DescargasParalelasPaso finalizado. (⏱ 44.5s)
[17:32:59] ==================================================
[17:32:59] 🚀 PASO: CompararActasPaso
[17:32:59] ==================================================
[17:32:59] 🔍 Comparando actas del SEMyT contra pagos del SIGI...
[17:32:59] ================================================================================
[17:32:59] INICIANDO PROCESO DE GENERACIÓN DE PAGOS DESACTUALIZADOS
[17:32:59] ================================================================================
[17:32:59] 📂 Cargando archivos...
[17:32:59]   ✓ Pagos: 20582 registros
[17:33:02]   ✓ Excel SIGEMI (multas vencidas viejas): 101610 registros
[17:33:04]   ✓ Excel SIGI (multas vencidas nuevas): 41533 registros
[17:33:04] ================================================================================
[17:33:04] PASO 1: LLENANDO ACTA_NUMERO (búsqueda por patente + fecha, con desempate por hora)
[17:33:04] ================================================================================
[17:33:06] 📊 ESTADÍSTICAS DE LLENADO DE ACTAS:
[17:33:06]   • Pagos con acta ORIGINAL: 5215
[17:33:06]   • Pagos SIN acta (buscados): 15367
[17:33:06]   • Pagos LLENADOS exitosamente: 1
[17:33:06]   • Pagos NO encontrados en multas: 15366
[17:33:06]   • Pagos SIN RESOLVER por desbalance de cantidades: 0
[17:33:06] ================================================================================
[17:33:06] PASO 1: LLENANDO ACTA_NUMERO (búsqueda por patente + fecha, con desempate por hora)
[17:33:06] ================================================================================
[17:33:07] 📊 ESTADÍSTICAS DE LLENADO DE ACTAS:
[17:33:07]   • Pagos con acta ORIGINAL: 5216
[17:33:07]   • Pagos SIN acta (buscados): 15366
[17:33:07]   • Pagos LLENADOS exitosamente: 0
[17:33:07]   • Pagos NO encontrados en multas: 15366
[17:33:07]   • Pagos SIN RESOLVER por desbalance de cantidades: 0
[17:33:07] ⏱ PASO 1 (llenar actas): 3.8s
[17:33:07] ================================================================================
[17:33:07] PASO 2: FILTRANDO PAGOS CON ACTA_NUMERO COMPLETO
[17:33:07] ================================================================================
[17:33:07] 📊 ESTADÍSTICAS DE FILTRADO:
[17:33:07]   • Pagos TOTALES al inicio: 20582
[17:33:07]   • Pagos CON acta (MANTIENEN): 5216
[17:33:07]   • Pagos RECHAZADOS (sin coincidencias): 15366
[17:33:07] ⚠️  Se eliminaron 15366 registros sin número de acta
[17:33:07]      (recordá: esto incluye tanto pagos ya actualizados/pagados
[17:33:07]       como pagos que quedaron sin resolver por desbalance en el Paso 1)
[17:33:07] ================================================================================
[17:33:07] PASO 2-bis: CONFIRMANDO VIGENCIA DE PAGOS (sistema NUEVO contra MULTAS_SIGI_CRUCE, sistema VIEJO contra SIGEMI)
[17:33:07] ================================================================================
[17:33:08]   ⚠ 5201 pago(s) descartados: su acta ya no figura como vencida en MULTAS_SIGI_CRUCE (SEMyT ya los actualizó).
[17:33:08]   ⚠ 14 pago(s) descartados: su acta ya no figura como vencida en el Excel de SIGEMI (SEMyT ya los actualizó).
[17:33:08]   • Pagos descartados en total por ya estar actualizados/pagados: 5215
[17:33:08] ⏱ PASO 2 (filtrar): 0.5s
[17:33:08] 📂 Cargando maestro de causas SIGEMI...
[17:33:08]   ✓ Causas totales (maestro): 134069 registros
[17:33:08] ================================================================================
[17:33:08] PASO 2.5: ARMANDO causas.txt SIMPLIFICADO (cruce contra total_causas_sigemi.txt)
[17:33:08] ================================================================================
[17:33:08]   • Actas vencidas viejas (multas): 101610
[17:33:08]   • Causas totales en el maestro SIGEMI: 134069
[17:33:08]   • Causas que coinciden (simplificado): 101296
[17:33:08]   ✅ Archivo escrito: datos/descargas/causas/causas.txt
[17:33:08] ⏱ PASO 2.5 (causas simplificado): 0.4s
[17:33:08] ================================================================================
[17:33:08] PASO 3: LLENANDO CAUSA_NUMERO (según fecha de cambio de sistema, cruzando por acta + año)
[17:33:08] ================================================================================
[17:33:08] 📊 ESTADÍSTICAS DE LLENADO DE CAUSAS:
[17:33:08]   • Pagos con causa ORIGINAL: 0
[17:33:08]   • Causas encontradas en SIGEMI (actas viejas): 1
[17:33:08]   • Causas NO encontradas en SIGEMI: 0
[17:33:08]   • Causas asignadas automáticamente (actas nuevas): 0
[17:33:08] ⏱ PASO 3 (llenar causas): 0.0s
[17:33:08] ================================================================================
[17:33:08] PASO 4: ORDENANDO POR FECHA Y ACTA_NUMERO
[17:33:08] ================================================================================
[17:33:08] ✓ Pagos ordenados correctamente
[17:33:08]   • Primera entrada: Acta=76580, Fecha=14/11/2024
[17:33:08]   • Última entrada: Acta=76580, Fecha=14/11/2024
[17:33:08] 📝 Escribiendo archivo de salida...
[17:33:08]   ✅ Archivo escrito: datos/descargas/pagos/2026-08-06/PAGOS 20260806 173259.txt
[17:33:08]   ✅ Total registros: 254
[17:33:08] ⏱ PASO 4 (ordenar y escribir): 0.0s
[17:33:08] ================================================================================
[17:33:08] ✅ PROCESO COMPLETADO EXITOSAMENTE
[17:33:08] ================================================================================
[17:33:08] 📊 RESUMEN FINAL DEL PROCESAMIENTO:
[17:33:08]   ENTRADA:
[17:33:08]     • Pagos originales: 20582
[17:33:08]     • Multas SIGEMI cargadas: 101610
[17:33:08]     • Multas SIGI cargadas: 41533
[17:33:08]     • Causas simplificadas (usadas para el cruce): 101296
[17:33:08]   PROCESO:
[17:33:08]     • Pagos rechazados sigemi: 15366
[17:33:08]     • Pagos rechazados sigi: 5215
[17:33:08]   SALIDA:
[17:33:08]     • Pagos desactualizados procesados: 1
[17:33:08]     • Archivo final: datos/descargas/pagos/2026-08-06/PAGOS 20260806 173259.txt
[17:33:08]     • Ordenados por fecha: SÍ ✓
[17:33:08]     • Todos con ACTA_NUMERO: SÍ ✓
[17:33:08]     • Todos con CAUSA_NUMERO: SÍ ✓
[17:33:08] ✅ TXT de pagos (ya cruzado con actas y causas) generado en: datos/descargas/pagos/2026-08-06/PAGOS 20260806 173259.txt
[17:33:08] 🧹 TXT de pagos crudo eliminado (ya usado en el cruce): datos/descargas/pagos/2026-08-06/ALL PAGOS DESCARGADOS.txt
[17:33:08] 🧹 Excel MULTAS_SIGEMI_CRUCE eliminado (ya usado en el cruce): datos/descargas/cache_actas_cruce/MULTAS_SIGEMI_CRUCE.xlsx
[17:33:08] 🧹 Excel MULTAS_SIGI_CRUCE eliminado (ya usado en el cruce): datos/descargas/cache_actas_cruce/MULTAS_SIGI_CRUCE.xlsx
[17:33:08] ✅ CompararActasPaso finalizado. (⏱ 9.4s)
[17:33:08] ==================================================
[17:33:08] 🚀 PASO: CargarPagosPaso
[17:33:08] ==================================================
[17:33:08] 📤 Subiendo TXT de pagos al SEMyT...
[17:33:10] ✅ Importación de pagos completada con éxito.
[17:33:10] ✅ Archivo TXT de pagos cargado en el SEMyT correctamente.
[17:33:10] ✅ CargarPagosPaso finalizado. (⏱ 2.0s)
[17:33:10] === Ejecución finalizada con éxito ===
