[09:31:23] === Inicio de ejecución: pagos ===
[09:31:24] ==================================================
[09:31:24] 🚀 PASO: LoginSEMyTPaso
[09:31:24] ==================================================
[09:31:24] Abriendo SEMyT...
[09:32:18] ✅ [SEMyT] Sesión existente detectada. Login omitido.
[09:32:18] ✅ LoginSEMyTPaso finalizado. (⏱ 53.9s)
[09:32:18] ==================================================
[09:32:18] 🚀 PASO: LoginSIGIPaso
[09:32:18] ==================================================
[09:32:18] Abriendo sitio municipalidad (CiDi)...
[09:32:18] ✅ [SIGI] Sesión existente detectada. Login omitido.
[09:32:18] ✅ LoginSIGIPaso finalizado. (⏱ 0.7s)
[09:32:18] ==================================================
[09:32:18] 🚀 PASO: DescargasParalelasPaso
[09:32:18] ==================================================
[09:32:19] 📤 Arrancando las 3 descargas en paralelo (mismo browser, páginas separadas)...
[09:32:19] Fecha Desde: 27/06/2024
[09:32:19] Fecha Hasta: 24/11/2025
[09:32:19] Fecha Desde: 25/11/2025
[09:32:19] Fecha Hasta: 10/08/2026
[09:32:19] Descargando Excel...
[09:32:19] Descargando Excel...
[09:32:51] Archivo descargado en: datos/descargas/cache_actas_cruce/MULTAS_SIGI_CRUCE.xlsx
[09:32:53] ⏱ [actas_sigi] completado en 33.7s
[09:33:21] ✅ TXT de pagos descargado en: datos/descargas/pagos/2026-08-10/ALL PAGOS DESCARGADOS.txt
[09:33:21] ⏱ [pagos_txt] completado en 61.9s
[09:33:27] Archivo descargado en: datos/descargas/cache_actas_cruce/MULTAS_SIGEMI_CRUCE.xlsx
[09:33:31] ⏱ [actas_sigemi] completado en 72.3s
[09:33:31] ⏱ TOTAL descargas en paralelo: 72.3s
[09:33:31] ✅ DescargasParalelasPaso finalizado. (⏱ 72.6s)
[09:33:31] ==================================================
[09:33:31] 🚀 PASO: CompararActasPaso
[09:33:31] ==================================================
[09:33:31] 🔍 Comparando actas del SEMyT contra pagos del SIGI...
[09:33:31] ================================================================================
[09:33:31] INICIANDO PROCESO DE GENERACIÓN DE PAGOS DESACTUALIZADOS
[09:33:31] ================================================================================
[09:33:31] 📂 Cargando archivos...
[09:33:31]   ✓ Pagos: 20855 registros
[09:33:35]   ✓ Excel SIGEMI (multas vencidas viejas): 101411 registros
[09:33:36]   ✓ Excel SIGI (multas vencidas nuevas): 42180 registros
[09:33:37] ================================================================================
[09:33:37] PASO 1: LLENANDO ACTA_NUMERO (búsqueda por patente + fecha, con desempate por hora)
[09:33:37] ================================================================================
[09:33:39] 📊 ESTADÍSTICAS DE LLENADO DE ACTAS:
[09:33:39]   • Pagos con acta ORIGINAL: 5347
[09:33:39]   • Pagos SIN acta (buscados): 15508
[09:33:39]   • Pagos LLENADOS exitosamente: 0
[09:33:39]   • Pagos NO encontrados en multas: 15508
[09:33:39]   • Pagos SIN RESOLVER por desbalance de cantidades: 0
[09:33:39] ================================================================================
[09:33:39] PASO 1: LLENANDO ACTA_NUMERO (búsqueda por patente + fecha, con desempate por hora)
[09:33:39] ================================================================================
[09:33:41] 📊 ESTADÍSTICAS DE LLENADO DE ACTAS:
[09:33:41]   • Pagos con acta ORIGINAL: 5347
[09:33:41]   • Pagos SIN acta (buscados): 15508
[09:33:41]   • Pagos LLENADOS exitosamente: 0
[09:33:41]   • Pagos NO encontrados en multas: 15508
[09:33:41]   • Pagos SIN RESOLVER por desbalance de cantidades: 0
[09:33:41] ⏱ PASO 1 (llenar actas): 4.4s
[09:33:41] ================================================================================
[09:33:41] PASO 2: FILTRANDO PAGOS CON ACTA_NUMERO COMPLETO
[09:33:41] ================================================================================
[09:33:41] 📊 ESTADÍSTICAS DE FILTRADO:
[09:33:41]   • Pagos TOTALES al inicio: 20855
[09:33:41]   • Pagos CON acta (MANTIENEN): 5347
[09:33:41]   • Pagos RECHAZADOS (sin coincidencias): 15508
[09:33:41] ⚠️  Se eliminaron 15508 registros sin número de acta
[09:33:41]      (recordá: esto incluye tanto pagos ya actualizados/pagados
[09:33:41]       como pagos que quedaron sin resolver por desbalance en el Paso 1)
[09:33:41] ================================================================================
[09:33:41] PASO 2-bis: CONFIRMANDO VIGENCIA DE PAGOS (sistema NUEVO contra MULTAS_SIGI_CRUCE, sistema VIEJO contra SIGEMI)
[09:33:41] ================================================================================
[09:33:41]   ⚠ 5332 pago(s) descartados: su acta ya no figura como vencida en MULTAS_SIGI_CRUCE (SEMyT ya los actualizó).
[09:33:41]   ⚠ 14 pago(s) descartados: su acta ya no figura como vencida en el Excel de SIGEMI (SEMyT ya los actualizó).
[09:33:41]   • Pagos descartados en total por ya estar actualizados/pagados: 5346
[09:33:41] ⏱ PASO 2 (filtrar): 0.5s
[09:33:41] 📂 Cargando maestro de causas SIGEMI...
[09:33:41]   ✓ Causas totales (maestro): 134069 registros
[09:33:41] ================================================================================
[09:33:41] PASO 2.5: ARMANDO causas.txt SIMPLIFICADO (cruce contra total_causas_sigemi.txt)
[09:33:41] ================================================================================
[09:33:42]   • Actas vencidas viejas (multas): 101411
[09:33:42]   • Causas totales en el maestro SIGEMI: 134069
[09:33:42]   • Causas que coinciden (simplificado): 101097
[09:33:42]   ✅ Archivo escrito: datos/descargas/causas/causas.txt
[09:33:42] ⏱ PASO 2.5 (causas simplificado): 0.5s
[09:33:42] ================================================================================
[09:33:42] PASO 3: LLENANDO CAUSA_NUMERO (según fecha de cambio de sistema, cruzando por acta + año)
[09:33:42] ================================================================================
[09:33:42] 📊 ESTADÍSTICAS DE LLENADO DE CAUSAS:
[09:33:42]   • Pagos con causa ORIGINAL: 1
[09:33:42]   • Causas encontradas en SIGEMI (actas viejas): 0
[09:33:42]   • Causas NO encontradas en SIGEMI: 0
[09:33:42]   • Causas asignadas automáticamente (actas nuevas): 0
[09:33:42] ⏱ PASO 3 (llenar causas): 0.0s
[09:33:42] ================================================================================
[09:33:42] PASO 4: ORDENANDO POR FECHA Y ACTA_NUMERO
[09:33:42] ================================================================================
[09:33:42] ✓ Pagos ordenados correctamente
[09:33:42]   • Primera entrada: Acta=301898, Fecha=24/04/2026
[09:33:42]   • Última entrada: Acta=301898, Fecha=24/04/2026
[09:33:42] 📝 Escribiendo archivo de salida...
[09:33:42]   ✅ Archivo escrito: datos/descargas/pagos/2026-08-10/PAGOS 20260810 093331.txt
[09:33:42]   ✅ Total registros: 250
[09:33:42] ⏱ PASO 4 (ordenar y escribir): 0.0s
[09:33:42] ================================================================================
[09:33:42] ✅ PROCESO COMPLETADO EXITOSAMENTE
[09:33:42] ================================================================================
[09:33:42] 📊 RESUMEN FINAL DEL PROCESAMIENTO:
[09:33:42]   ENTRADA:
[09:33:42]     • Pagos originales: 20855
[09:33:42]     • Multas SIGEMI cargadas: 101411
[09:33:42]     • Multas SIGI cargadas: 42180
[09:33:42]     • Causas simplificadas (usadas para el cruce): 101097
[09:33:42]   PROCESO:
[09:33:42]     • Pagos rechazados sigemi: 15508
[09:33:42]     • Pagos rechazados sigi: 5346
[09:33:42]   SALIDA:
[09:33:42]     • Pagos desactualizados procesados: 1
[09:33:42]     • Archivo final: datos/descargas/pagos/2026-08-10/PAGOS 20260810 093331.txt
[09:33:42]     • Ordenados por fecha: SÍ ✓
[09:33:42]     • Todos con ACTA_NUMERO: SÍ ✓
[09:33:42]     • Todos con CAUSA_NUMERO: SÍ ✓
[09:33:42] ✅ TXT de pagos (ya cruzado con actas y causas) generado en: datos/descargas/pagos/2026-08-10/PAGOS 20260810 093331.txt
[09:33:42] 🧹 TXT de pagos crudo eliminado (ya usado en el cruce): datos/descargas/pagos/2026-08-10/ALL PAGOS DESCARGADOS.txt
[09:33:42] 🧹 Excel MULTAS_SIGEMI_CRUCE eliminado (ya usado en el cruce): datos/descargas/cache_actas_cruce/MULTAS_SIGEMI_CRUCE.xlsx
[09:33:42] 🧹 Excel MULTAS_SIGI_CRUCE eliminado (ya usado en el cruce): datos/descargas/cache_actas_cruce/MULTAS_SIGI_CRUCE.xlsx
[09:33:42] ✅ CompararActasPaso finalizado. (⏱ 10.6s)
[09:33:42] ==================================================
[09:33:42] 🚀 PASO: CargarPagosPaso
[09:33:42] ==================================================
[09:33:42] 📤 Subiendo TXT de pagos al SEMyT...
[09:33:43] ✅ Importación de pagos completada con éxito.
[09:33:43] ✅ Archivo TXT de pagos cargado en el SEMyT correctamente.
[09:33:43] ✅ CargarPagosPaso finalizado. (⏱ 1.6s)
[09:33:43] === Ejecución finalizada con éxito ===
