[18:46:10] === Inicio de ejecución: pagos ===
[18:46:13] ==================================================
[18:46:13] 🚀 PASO: LoginSEMyTPaso
[18:46:13] ==================================================
[18:46:14] Abriendo SEMyT...
[18:46:16] ✅ [SEMyT] Sesión existente detectada. Login omitido.
[18:46:16] ✅ LoginSEMyTPaso finalizado. (⏱ 3.3s)
[18:46:16] ==================================================
[18:46:16] 🚀 PASO: LoginSIGIPaso
[18:46:16] ==================================================
[18:46:16] Abriendo sitio municipalidad (CiDi)...
[18:46:17] ✅ [SIGI] Sesión existente detectada. Login omitido.
[18:46:17] ✅ LoginSIGIPaso finalizado. (⏱ 0.6s)
[18:46:17] ==================================================
[18:46:17] 🚀 PASO: DescargasParalelasPaso
[18:46:17] ==================================================
[18:46:17] 📤 Arrancando las 3 descargas en paralelo (mismo browser, páginas separadas)...
[18:46:17] Fecha Desde: 27/06/2024
[18:46:17] Fecha Hasta: 24/11/2025
[18:46:17] Fecha Desde: 25/11/2025
[18:46:17] Fecha Hasta: 10/08/2026
[18:46:17] Descargando Excel...
[18:46:17] Descargando Excel...
[18:46:28] Archivo descargado en: datos/descargas/cache_actas_cruce/MULTAS_SIGI_CRUCE.xlsx
[18:46:30] ⏱ [actas_sigi] completado en 12.8s
[18:46:39] Archivo descargado en: datos/descargas/cache_actas_cruce/MULTAS_SIGEMI_CRUCE.xlsx
[18:46:42] ⏱ [actas_sigemi] completado en 25.4s
[18:46:55] ✅ TXT de pagos descargado en: datos/descargas/pagos/2026-08-10/ALL PAGOS DESCARGADOS.txt
[18:46:55] ⏱ [pagos_txt] completado en 37.8s
[18:46:55] ⏱ TOTAL descargas en paralelo: 37.8s
[18:46:55] ✅ DescargasParalelasPaso finalizado. (⏱ 38.2s)
[18:46:55] ==================================================
[18:46:55] 🚀 PASO: CompararActasPaso
[18:46:55] ==================================================
[18:46:55] 🔍 Comparando actas del SEMyT contra pagos del SIGI...
[18:46:55] ================================================================================
[18:46:55] INICIANDO PROCESO DE GENERACIÓN DE PAGOS DESACTUALIZADOS
[18:46:55] ================================================================================
[18:46:55] 📂 Cargando archivos...
[18:46:55]   ✓ Pagos: 20992 registros
[18:46:59]   ✓ Excel SIGEMI (multas vencidas viejas): 101335 registros
[18:47:00]   ✓ Excel SIGI (multas vencidas nuevas): 42091 registros
[18:47:01] ================================================================================
[18:47:01] PASO 1: LLENANDO ACTA_NUMERO (búsqueda por patente + fecha, con desempate por hora)
[18:47:01] ================================================================================
[18:47:02] 📊 ESTADÍSTICAS DE LLENADO DE ACTAS:
[18:47:02]   • Pagos con acta ORIGINAL: 5421
[18:47:02]   • Pagos SIN acta (buscados): 15571
[18:47:02]   • Pagos LLENADOS exitosamente: 0
[18:47:02]   • Pagos NO encontrados en multas: 15571
[18:47:02]   • Pagos SIN RESOLVER por desbalance de cantidades: 0
[18:47:03] ================================================================================
[18:47:03] PASO 1: LLENANDO ACTA_NUMERO (búsqueda por patente + fecha, con desempate por hora)
[18:47:03] ================================================================================
[18:47:04] 📊 ESTADÍSTICAS DE LLENADO DE ACTAS:
[18:47:04]   • Pagos con acta ORIGINAL: 5421
[18:47:04]   • Pagos SIN acta (buscados): 15571
[18:47:04]   • Pagos LLENADOS exitosamente: 0
[18:47:04]   • Pagos NO encontrados en multas: 15571
[18:47:04]   • Pagos SIN RESOLVER por desbalance de cantidades: 0
[18:47:04] ⏱ PASO 1 (llenar actas): 4.1s
[18:47:04] ================================================================================
[18:47:04] PASO 2: FILTRANDO PAGOS CON ACTA_NUMERO COMPLETO
[18:47:04] ================================================================================
[18:47:04] 📊 ESTADÍSTICAS DE FILTRADO:
[18:47:04]   • Pagos TOTALES al inicio: 20992
[18:47:04]   • Pagos CON acta (MANTIENEN): 5421
[18:47:04]   • Pagos RECHAZADOS (sin coincidencias): 15571
[18:47:04] ⚠️  Se eliminaron 15571 registros sin número de acta
[18:47:04]      (recordá: esto incluye tanto pagos ya actualizados/pagados
[18:47:04]       como pagos que quedaron sin resolver por desbalance en el Paso 1)
[18:47:04] ================================================================================
[18:47:04] PASO 2-bis: CONFIRMANDO VIGENCIA DE PAGOS (sistema NUEVO contra MULTAS_SIGI_CRUCE, sistema VIEJO contra SIGEMI)
[18:47:04] ================================================================================
[18:47:05]   ⚠ 5405 pago(s) descartados: su acta ya no figura como vencida en MULTAS_SIGI_CRUCE (SEMyT ya los actualizó).
[18:47:05]   ⚠ 15 pago(s) descartados: su acta ya no figura como vencida en el Excel de SIGEMI (SEMyT ya los actualizó).
[18:47:05]   • Pagos descartados en total por ya estar actualizados/pagados: 5420
[18:47:05] ⏱ PASO 2 (filtrar): 0.6s
[18:47:05] 📂 Cargando maestro de causas SIGEMI...
[18:47:05]   ✓ Causas totales (maestro): 134069 registros
[18:47:05] ================================================================================
[18:47:05] PASO 2.5: ARMANDO causas.txt SIMPLIFICADO (cruce contra total_causas_sigemi.txt)
[18:47:05] ================================================================================
[18:47:05]   • Actas vencidas viejas (multas): 101335
[18:47:05]   • Causas totales en el maestro SIGEMI: 134069
[18:47:05]   • Causas que coinciden (simplificado): 101022
[18:47:05]   ✅ Archivo escrito: datos/descargas/causas/causas.txt
[18:47:05] ⏱ PASO 2.5 (causas simplificado): 0.5s
[18:47:05] ================================================================================
[18:47:05] PASO 3: LLENANDO CAUSA_NUMERO (según fecha de cambio de sistema, cruzando por acta + año)
[18:47:05] ================================================================================
[18:47:05] 📊 ESTADÍSTICAS DE LLENADO DE CAUSAS:
[18:47:05]   • Pagos con causa ORIGINAL: 1
[18:47:05]   • Causas encontradas en SIGEMI (actas viejas): 0
[18:47:05]   • Causas NO encontradas en SIGEMI: 0
[18:47:05]   • Causas asignadas automáticamente (actas nuevas): 0
[18:47:05] ⏱ PASO 3 (llenar causas): 0.0s
[18:47:05] ================================================================================
[18:47:05] PASO 4: ORDENANDO POR FECHA Y ACTA_NUMERO
[18:47:05] ================================================================================
[18:47:05] ✓ Pagos ordenados correctamente
[18:47:05]   • Primera entrada: Acta=318932, Fecha=22/05/2026
[18:47:05]   • Última entrada: Acta=318932, Fecha=22/05/2026
[18:47:05] 📝 Escribiendo archivo de salida...
[18:47:05]   ✅ Archivo escrito: datos/descargas/pagos/2026-08-10/PAGOS 20260810 184655.txt
[18:47:05]   ✅ Total registros: 260
[18:47:05] ⏱ PASO 4 (ordenar y escribir): 0.0s
[18:47:05] ================================================================================
[18:47:05] ✅ PROCESO COMPLETADO EXITOSAMENTE
[18:47:05] ================================================================================
[18:47:05] 📊 RESUMEN FINAL DEL PROCESAMIENTO:
[18:47:05]   ENTRADA:
[18:47:05]     • Pagos originales: 20992
[18:47:05]     • Multas SIGEMI cargadas: 101335
[18:47:05]     • Multas SIGI cargadas: 42091
[18:47:05]     • Causas simplificadas (usadas para el cruce): 101022
[18:47:05]   PROCESO:
[18:47:05]     • Pagos rechazados sigemi: 15571
[18:47:05]     • Pagos rechazados sigi: 5420
[18:47:05]   SALIDA:
[18:47:05]     • Pagos desactualizados procesados: 1
[18:47:05]     • Archivo final: datos/descargas/pagos/2026-08-10/PAGOS 20260810 184655.txt
[18:47:05]     • Ordenados por fecha: SÍ ✓
[18:47:05]     • Todos con ACTA_NUMERO: SÍ ✓
[18:47:05]     • Todos con CAUSA_NUMERO: SÍ ✓
[18:47:05] ✅ TXT de pagos (ya cruzado con actas y causas) generado en: datos/descargas/pagos/2026-08-10/PAGOS 20260810 184655.txt
[18:47:05] 🧹 TXT de pagos crudo eliminado (ya usado en el cruce): datos/descargas/pagos/2026-08-10/ALL PAGOS DESCARGADOS.txt
[18:47:05] 🧹 Excel MULTAS_SIGEMI_CRUCE eliminado (ya usado en el cruce): datos/descargas/cache_actas_cruce/MULTAS_SIGEMI_CRUCE.xlsx
[18:47:05] 🧹 Excel MULTAS_SIGI_CRUCE eliminado (ya usado en el cruce): datos/descargas/cache_actas_cruce/MULTAS_SIGI_CRUCE.xlsx
[18:47:05] ✅ CompararActasPaso finalizado. (⏱ 10.5s)
[18:47:05] ==================================================
[18:47:05] 🚀 PASO: CargarPagosPaso
[18:47:05] ==================================================
[18:47:05] 📤 Subiendo TXT de pagos al SEMyT...
[18:47:07] ✅ Importación de pagos completada con éxito.
[18:47:07] ✅ Archivo TXT de pagos cargado en el SEMyT correctamente.
[18:47:07] ✅ CargarPagosPaso finalizado. (⏱ 1.6s)
[18:47:07] === Ejecución finalizada con éxito ===
