[15:25:02] === Inicio de ejecución: pagos ===
[15:25:03] ==================================================
[15:25:03] 🚀 PASO: LoginSEMyTPaso
[15:25:03] ==================================================
[15:25:03] Abriendo SEMyT...
[15:25:06] ✅ [SEMyT] Sesión existente detectada. Login omitido.
[15:25:06] ✅ LoginSEMyTPaso finalizado. (⏱ 2.7s)
[15:25:06] ==================================================
[15:25:06] 🚀 PASO: LoginSIGIPaso
[15:25:06] ==================================================
[15:25:06] Abriendo sitio municipalidad (CiDi)...
[15:25:06] ✅ [SIGI] Sesión existente detectada. Login omitido.
[15:25:06] ✅ LoginSIGIPaso finalizado. (⏱ 0.4s)
[15:25:06] ==================================================
[15:25:06] 🚀 PASO: DescargasParalelasPaso
[15:25:06] ==================================================
[15:25:06] 📤 Arrancando las 3 descargas en paralelo (mismo browser, páginas separadas)...
[15:25:06] Fecha Desde: 27/06/2024
[15:25:06] Fecha Hasta: 24/11/2025
[15:25:06] Fecha Desde: 25/11/2025
[15:25:06] Fecha Hasta: 10/08/2026
[15:25:07] Descargando Excel...
[15:25:07] Descargando Excel...
[15:25:18] Archivo descargado en: datos/descargas/cache_actas_cruce/MULTAS_SIGI_CRUCE.xlsx
[15:25:19] ⏱ [actas_sigi] completado en 12.8s
[15:25:26] Archivo descargado en: datos/descargas/cache_actas_cruce/MULTAS_SIGEMI_CRUCE.xlsx
[15:25:29] ⏱ [actas_sigemi] completado en 22.6s
[15:25:38] ✅ TXT de pagos descargado en: datos/descargas/pagos/2026-08-10/ALL PAGOS DESCARGADOS.txt
[15:25:38] ⏱ [pagos_txt] completado en 31.6s
[15:25:38] ⏱ TOTAL descargas en paralelo: 31.6s
[15:25:38] ✅ DescargasParalelasPaso finalizado. (⏱ 31.9s)
[15:25:38] ==================================================
[15:25:38] 🚀 PASO: CompararActasPaso
[15:25:38] ==================================================
[15:25:38] 🔍 Comparando actas del SEMyT contra pagos del SIGI...
[15:25:38] ================================================================================
[15:25:38] INICIANDO PROCESO DE GENERACIÓN DE PAGOS DESACTUALIZADOS
[15:25:38] ================================================================================
[15:25:38] 📂 Cargando archivos...
[15:25:38]   ✓ Pagos: 20960 registros
[15:25:41]   ✓ Excel SIGEMI (multas vencidas viejas): 101374 registros
[15:25:43]   ✓ Excel SIGI (multas vencidas nuevas): 42113 registros
[15:25:43] ================================================================================
[15:25:43] PASO 1: LLENANDO ACTA_NUMERO (búsqueda por patente + fecha, con desempate por hora)
[15:25:43] ================================================================================
[15:25:45] 📊 ESTADÍSTICAS DE LLENADO DE ACTAS:
[15:25:45]   • Pagos con acta ORIGINAL: 5414
[15:25:45]   • Pagos SIN acta (buscados): 15546
[15:25:45]   • Pagos LLENADOS exitosamente: 1
[15:25:45]   • Pagos NO encontrados en multas: 15545
[15:25:45]   • Pagos SIN RESOLVER por desbalance de cantidades: 0
[15:25:45] ================================================================================
[15:25:45] PASO 1: LLENANDO ACTA_NUMERO (búsqueda por patente + fecha, con desempate por hora)
[15:25:45] ================================================================================
[15:25:46] 📊 ESTADÍSTICAS DE LLENADO DE ACTAS:
[15:25:46]   • Pagos con acta ORIGINAL: 5415
[15:25:46]   • Pagos SIN acta (buscados): 15545
[15:25:46]   • Pagos LLENADOS exitosamente: 0
[15:25:46]   • Pagos NO encontrados en multas: 15545
[15:25:46]   • Pagos SIN RESOLVER por desbalance de cantidades: 0
[15:25:46] ⏱ PASO 1 (llenar actas): 3.8s
[15:25:46] ================================================================================
[15:25:46] PASO 2: FILTRANDO PAGOS CON ACTA_NUMERO COMPLETO
[15:25:46] ================================================================================
[15:25:46] 📊 ESTADÍSTICAS DE FILTRADO:
[15:25:46]   • Pagos TOTALES al inicio: 20960
[15:25:46]   • Pagos CON acta (MANTIENEN): 5415
[15:25:46]   • Pagos RECHAZADOS (sin coincidencias): 15545
[15:25:46] ⚠️  Se eliminaron 15545 registros sin número de acta
[15:25:46]      (recordá: esto incluye tanto pagos ya actualizados/pagados
[15:25:46]       como pagos que quedaron sin resolver por desbalance en el Paso 1)
[15:25:46] ================================================================================
[15:25:46] PASO 2-bis: CONFIRMANDO VIGENCIA DE PAGOS (sistema NUEVO contra MULTAS_SIGI_CRUCE, sistema VIEJO contra SIGEMI)
[15:25:46] ================================================================================
[15:25:47]   ⚠ 5400 pago(s) descartados: su acta ya no figura como vencida en MULTAS_SIGI_CRUCE (SEMyT ya los actualizó).
[15:25:47]   ⚠ 14 pago(s) descartados: su acta ya no figura como vencida en el Excel de SIGEMI (SEMyT ya los actualizó).
[15:25:47]   • Pagos descartados en total por ya estar actualizados/pagados: 5414
[15:25:47] ⏱ PASO 2 (filtrar): 0.5s
[15:25:47] 📂 Cargando maestro de causas SIGEMI...
[15:25:47]   ✓ Causas totales (maestro): 134069 registros
[15:25:47] ================================================================================
[15:25:47] PASO 2.5: ARMANDO causas.txt SIMPLIFICADO (cruce contra total_causas_sigemi.txt)
[15:25:47] ================================================================================
[15:25:47]   • Actas vencidas viejas (multas): 101374
[15:25:47]   • Causas totales en el maestro SIGEMI: 134069
[15:25:47]   • Causas que coinciden (simplificado): 101060
[15:25:47]   ✅ Archivo escrito: datos/descargas/causas/causas.txt
[15:25:47] ⏱ PASO 2.5 (causas simplificado): 0.4s
[15:25:47] ================================================================================
[15:25:47] PASO 3: LLENANDO CAUSA_NUMERO (según fecha de cambio de sistema, cruzando por acta + año)
[15:25:47] ================================================================================
[15:25:47] 📊 ESTADÍSTICAS DE LLENADO DE CAUSAS:
[15:25:47]   • Pagos con causa ORIGINAL: 0
[15:25:47]   • Causas encontradas en SIGEMI (actas viejas): 1
[15:25:47]   • Causas NO encontradas en SIGEMI: 0
[15:25:47]   • Causas asignadas automáticamente (actas nuevas): 0
[15:25:47] ⏱ PASO 3 (llenar causas): 0.0s
[15:25:47] ================================================================================
[15:25:47] PASO 4: ORDENANDO POR FECHA Y ACTA_NUMERO
[15:25:47] ================================================================================
[15:25:47] ✓ Pagos ordenados correctamente
[15:25:47]   • Primera entrada: Acta=10257, Fecha=15/07/2024
[15:25:47]   • Última entrada: Acta=10257, Fecha=15/07/2024
[15:25:47] 📝 Escribiendo archivo de salida...
[15:25:47]   ✅ Archivo escrito: datos/descargas/pagos/2026-08-10/PAGOS 20260810 152538.txt
[15:25:47]   ✅ Total registros: 263
[15:25:47] ⏱ PASO 4 (ordenar y escribir): 0.0s
[15:25:47] ================================================================================
[15:25:47] ✅ PROCESO COMPLETADO EXITOSAMENTE
[15:25:47] ================================================================================
[15:25:47] 📊 RESUMEN FINAL DEL PROCESAMIENTO:
[15:25:47]   ENTRADA:
[15:25:47]     • Pagos originales: 20960
[15:25:47]     • Multas SIGEMI cargadas: 101374
[15:25:47]     • Multas SIGI cargadas: 42113
[15:25:47]     • Causas simplificadas (usadas para el cruce): 101060
[15:25:47]   PROCESO:
[15:25:47]     • Pagos rechazados sigemi: 15545
[15:25:47]     • Pagos rechazados sigi: 5414
[15:25:47]   SALIDA:
[15:25:47]     • Pagos desactualizados procesados: 1
[15:25:47]     • Archivo final: datos/descargas/pagos/2026-08-10/PAGOS 20260810 152538.txt
[15:25:47]     • Ordenados por fecha: SÍ ✓
[15:25:47]     • Todos con ACTA_NUMERO: SÍ ✓
[15:25:47]     • Todos con CAUSA_NUMERO: SÍ ✓
[15:25:47] ✅ TXT de pagos (ya cruzado con actas y causas) generado en: datos/descargas/pagos/2026-08-10/PAGOS 20260810 152538.txt
[15:25:47] 🧹 TXT de pagos crudo eliminado (ya usado en el cruce): datos/descargas/pagos/2026-08-10/ALL PAGOS DESCARGADOS.txt
[15:25:47] 🧹 Excel MULTAS_SIGEMI_CRUCE eliminado (ya usado en el cruce): datos/descargas/cache_actas_cruce/MULTAS_SIGEMI_CRUCE.xlsx
[15:25:47] 🧹 Excel MULTAS_SIGI_CRUCE eliminado (ya usado en el cruce): datos/descargas/cache_actas_cruce/MULTAS_SIGI_CRUCE.xlsx
[15:25:47] ✅ CompararActasPaso finalizado. (⏱ 9.3s)
[15:25:47] ==================================================
[15:25:47] 🚀 PASO: CargarPagosPaso
[15:25:47] ==================================================
[15:25:47] 📤 Subiendo TXT de pagos al SEMyT...
[15:25:49] ✅ Importación de pagos completada con éxito.
[15:25:49] ✅ Archivo TXT de pagos cargado en el SEMyT correctamente.
[15:25:49] ✅ CargarPagosPaso finalizado. (⏱ 2.0s)
[15:25:49] === Ejecución finalizada con éxito ===
