[12:30:05] === Inicio de ejecución: pagos ===
[12:30:06] ==================================================
[12:30:06] 🚀 PASO: LoginSEMyTPaso
[12:30:06] ==================================================
[12:30:06] Abriendo SEMyT...
[12:30:22] ✅ [SEMyT] Sesión existente detectada. Login omitido.
[12:30:22] ✅ LoginSEMyTPaso finalizado. (⏱ 16.2s)
[12:30:22] ==================================================
[12:30:22] 🚀 PASO: LoginSIGIPaso
[12:30:22] ==================================================
[12:30:22] Abriendo sitio municipalidad (CiDi)...
[12:30:22] ✅ [SIGI] Sesión existente detectada. Login omitido.
[12:30:22] ✅ LoginSIGIPaso finalizado. (⏱ 0.7s)
[12:30:22] ==================================================
[12:30:22] 🚀 PASO: DescargasParalelasPaso
[12:30:22] ==================================================
[12:30:23] 📤 Arrancando las 3 descargas en paralelo (mismo browser, páginas separadas)...
[12:30:23] Fecha Desde: 27/06/2024
[12:30:23] Fecha Hasta: 24/11/2025
[12:30:23] Fecha Desde: 25/11/2025
[12:30:23] Fecha Hasta: 10/08/2026
[12:30:23] Descargando Excel...
[12:30:23] Descargando Excel...
[12:30:39] Archivo descargado en: datos/descargas/cache_actas_cruce/MULTAS_SIGI_CRUCE.xlsx
[12:30:41] ⏱ [actas_sigi] completado en 18.1s
[12:30:58] Archivo descargado en: datos/descargas/cache_actas_cruce/MULTAS_SIGEMI_CRUCE.xlsx
[12:31:02] ⏱ [actas_sigemi] completado en 38.8s
[12:31:03] ✅ TXT de pagos descargado en: datos/descargas/pagos/2026-08-10/ALL PAGOS DESCARGADOS.txt
[12:31:03] ⏱ [pagos_txt] completado en 40.1s
[12:31:03] ⏱ TOTAL descargas en paralelo: 40.1s
[12:31:03] ✅ DescargasParalelasPaso finalizado. (⏱ 40.4s)
[12:31:03] ==================================================
[12:31:03] 🚀 PASO: CompararActasPaso
[12:31:03] ==================================================
[12:31:03] 🔍 Comparando actas del SEMyT contra pagos del SIGI...
[12:31:03] ================================================================================
[12:31:03] INICIANDO PROCESO DE GENERACIÓN DE PAGOS DESACTUALIZADOS
[12:31:03] ================================================================================
[12:31:03] 📂 Cargando archivos...
[12:31:03]   ✓ Pagos: 20920 registros
[12:31:06]   ✓ Excel SIGEMI (multas vencidas viejas): 101396 registros
[12:31:07]   ✓ Excel SIGI (multas vencidas nuevas): 42141 registros
[12:31:08] ================================================================================
[12:31:08] PASO 1: LLENANDO ACTA_NUMERO (búsqueda por patente + fecha, con desempate por hora)
[12:31:08] ================================================================================
[12:31:10] 📊 ESTADÍSTICAS DE LLENADO DE ACTAS:
[12:31:10]   • Pagos con acta ORIGINAL: 5386
[12:31:10]   • Pagos SIN acta (buscados): 15534
[12:31:10]   • Pagos LLENADOS exitosamente: 11
[12:31:10]   • Pagos NO encontrados en multas: 15523
[12:31:10]   • Pagos SIN RESOLVER por desbalance de cantidades: 0
[12:31:10] ================================================================================
[12:31:10] PASO 1: LLENANDO ACTA_NUMERO (búsqueda por patente + fecha, con desempate por hora)
[12:31:10] ================================================================================
[12:31:11] 📊 ESTADÍSTICAS DE LLENADO DE ACTAS:
[12:31:11]   • Pagos con acta ORIGINAL: 5397
[12:31:11]   • Pagos SIN acta (buscados): 15523
[12:31:11]   • Pagos LLENADOS exitosamente: 0
[12:31:11]   • Pagos NO encontrados en multas: 15523
[12:31:11]   • Pagos SIN RESOLVER por desbalance de cantidades: 0
[12:31:11] ⏱ PASO 1 (llenar actas): 3.8s
[12:31:11] ================================================================================
[12:31:11] PASO 2: FILTRANDO PAGOS CON ACTA_NUMERO COMPLETO
[12:31:11] ================================================================================
[12:31:11] 📊 ESTADÍSTICAS DE FILTRADO:
[12:31:11]   • Pagos TOTALES al inicio: 20920
[12:31:11]   • Pagos CON acta (MANTIENEN): 5397
[12:31:11]   • Pagos RECHAZADOS (sin coincidencias): 15523
[12:31:11] ⚠️  Se eliminaron 15523 registros sin número de acta
[12:31:11]      (recordá: esto incluye tanto pagos ya actualizados/pagados
[12:31:11]       como pagos que quedaron sin resolver por desbalance en el Paso 1)
[12:31:11] ================================================================================
[12:31:11] PASO 2-bis: CONFIRMANDO VIGENCIA DE PAGOS (sistema NUEVO contra MULTAS_SIGI_CRUCE, sistema VIEJO contra SIGEMI)
[12:31:11] ================================================================================
[12:31:12]   ⚠ 5372 pago(s) descartados: su acta ya no figura como vencida en MULTAS_SIGI_CRUCE (SEMyT ya los actualizó).
[12:31:12]   ⚠ 14 pago(s) descartados: su acta ya no figura como vencida en el Excel de SIGEMI (SEMyT ya los actualizó).
[12:31:12]   • Pagos descartados en total por ya estar actualizados/pagados: 5386
[12:31:12] ⏱ PASO 2 (filtrar): 0.5s
[12:31:12] 📂 Cargando maestro de causas SIGEMI...
[12:31:12]   ✓ Causas totales (maestro): 134069 registros
[12:31:12] ================================================================================
[12:31:12] PASO 2.5: ARMANDO causas.txt SIMPLIFICADO (cruce contra total_causas_sigemi.txt)
[12:31:12] ================================================================================
[12:31:12]   • Actas vencidas viejas (multas): 101396
[12:31:12]   • Causas totales en el maestro SIGEMI: 134069
[12:31:12]   • Causas que coinciden (simplificado): 101082
[12:31:12]   ✅ Archivo escrito: datos/descargas/causas/causas.txt
[12:31:12] ⏱ PASO 2.5 (causas simplificado): 0.4s
[12:31:12] ================================================================================
[12:31:12] PASO 3: LLENANDO CAUSA_NUMERO (según fecha de cambio de sistema, cruzando por acta + año)
[12:31:12] ================================================================================
[12:31:12] 📊 ESTADÍSTICAS DE LLENADO DE CAUSAS:
[12:31:12]   • Pagos con causa ORIGINAL: 0
[12:31:12]   • Causas encontradas en SIGEMI (actas viejas): 11
[12:31:12]   • Causas NO encontradas en SIGEMI: 0
[12:31:12]   • Causas asignadas automáticamente (actas nuevas): 0
[12:31:12] ⏱ PASO 3 (llenar causas): 0.0s
[12:31:12] ================================================================================
[12:31:12] PASO 4: ORDENANDO POR FECHA Y ACTA_NUMERO
[12:31:12] ================================================================================
[12:31:12] ✓ Pagos ordenados correctamente
[12:31:12]   • Primera entrada: Acta=18916, Fecha=30/07/2024
[12:31:12]   • Última entrada: Acta=210798, Fecha=25/09/2025
[12:31:12] 📝 Escribiendo archivo de salida...
[12:31:12]   ✅ Archivo escrito: datos/descargas/pagos/2026-08-10/PAGOS 20260810 123103.txt
[12:31:12]   ✅ Total registros: 1194
[12:31:12] ⏱ PASO 4 (ordenar y escribir): 0.0s
[12:31:12] ================================================================================
[12:31:12] ✅ PROCESO COMPLETADO EXITOSAMENTE
[12:31:12] ================================================================================
[12:31:12] 📊 RESUMEN FINAL DEL PROCESAMIENTO:
[12:31:12]   ENTRADA:
[12:31:12]     • Pagos originales: 20920
[12:31:12]     • Multas SIGEMI cargadas: 101396
[12:31:12]     • Multas SIGI cargadas: 42141
[12:31:12]     • Causas simplificadas (usadas para el cruce): 101082
[12:31:12]   PROCESO:
[12:31:12]     • Pagos rechazados sigemi: 15523
[12:31:12]     • Pagos rechazados sigi: 5386
[12:31:12]   SALIDA:
[12:31:12]     • Pagos desactualizados procesados: 11
[12:31:12]     • Archivo final: datos/descargas/pagos/2026-08-10/PAGOS 20260810 123103.txt
[12:31:12]     • Ordenados por fecha: SÍ ✓
[12:31:12]     • Todos con ACTA_NUMERO: SÍ ✓
[12:31:12]     • Todos con CAUSA_NUMERO: SÍ ✓
[12:31:12] ✅ TXT de pagos (ya cruzado con actas y causas) generado en: datos/descargas/pagos/2026-08-10/PAGOS 20260810 123103.txt
[12:31:12] 🧹 TXT de pagos crudo eliminado (ya usado en el cruce): datos/descargas/pagos/2026-08-10/ALL PAGOS DESCARGADOS.txt
[12:31:12] 🧹 Excel MULTAS_SIGEMI_CRUCE eliminado (ya usado en el cruce): datos/descargas/cache_actas_cruce/MULTAS_SIGEMI_CRUCE.xlsx
[12:31:12] 🧹 Excel MULTAS_SIGI_CRUCE eliminado (ya usado en el cruce): datos/descargas/cache_actas_cruce/MULTAS_SIGI_CRUCE.xlsx
[12:31:12] ✅ CompararActasPaso finalizado. (⏱ 9.3s)
[12:31:12] ==================================================
[12:31:12] 🚀 PASO: CargarPagosPaso
[12:31:12] ==================================================
[12:31:12] 📤 Subiendo TXT de pagos al SEMyT...
[12:31:14] ✅ Importación de pagos completada con éxito.
[12:31:14] ✅ Archivo TXT de pagos cargado en el SEMyT correctamente.
[12:31:14] ✅ CargarPagosPaso finalizado. (⏱ 2.0s)
[12:31:14] === Ejecución finalizada con éxito ===
