[07:28:27] 🤖 Modo automático activado.
[07:28:27]    Actualización de pagos: arrancando ya mismo.
[07:28:27]    Combo diario de pagos + multas vencidas: DESHABILITADO (AUTOMATICO_MULTAS_HABILITADO=False)
[07:28:27] 🤖 [Automático] Es hora de actualizar pagos. Arrancando...
[07:28:42] ⏳ [Automático] Tocaba disparar 'pagos' pero ya hay una ejecución en curso (Actualizar pagos); esperando a que termine; se reintenta en breve sin perder el turno.
[07:40:18] 🤖 [Automático] Es hora de actualizar pagos. Arrancando...
[07:40:34] ⏳ [Automático] Tocaba disparar 'pagos' pero ya hay una ejecución en curso (Actualizar pagos); esperando a que termine; se reintenta en breve sin perder el turno.
[07:57:34] 🤖 [Automático] Es hora de actualizar pagos. Arrancando...
[07:57:58] ⏳ [Automático] Tocaba disparar 'pagos' pero ya hay una ejecución en curso (Actualizar pagos); esperando a que termine; se reintenta en breve sin perder el turno.
[08:05:29] ❌ [Automático] 'pagos' falló (intento 1 de 4). Se reintenta a las 08:10.
[08:11:04] 🤖 [Automático] Es hora de actualizar pagos (reintento 1 de 3). Arrancando...
[08:11:08] ❌ [Automático] 'pagos' falló (intento 2 de 4). Se reintenta a las 08:26.
[08:26:20] 🤖 [Automático] Es hora de actualizar pagos (reintento 2 de 3). Arrancando...
[08:26:35] ⏳ [Automático] Tocaba disparar 'pagos' pero ya hay una ejecución en curso (Actualizar pagos); esperando a que termine; se reintenta en breve sin perder el turno.
[08:28:22] ✅ [Automático] 'pagos' terminó bien en el reintento 2.
[08:38:25] 🤖 [Automático] Es hora de actualizar pagos. Arrancando...
[08:38:41] ⏳ [Automático] Tocaba disparar 'pagos' pero ya hay una ejecución en curso (Actualizar pagos); esperando a que termine; se reintenta en breve sin perder el turno.
[08:50:45] 🤖 [Automático] Es hora de actualizar pagos. Arrancando...
[08:51:00] ⏳ [Automático] Tocaba disparar 'pagos' pero ya hay una ejecución en curso (Actualizar pagos); esperando a que termine; se reintenta en breve sin perder el turno.
[09:03:35] 🤖 [Automático] Es hora de actualizar pagos. Arrancando...
[09:03:50] ⏳ [Automático] Tocaba disparar 'pagos' pero ya hay una ejecución en curso (Actualizar pagos); esperando a que termine; se reintenta en breve sin perder el turno.
[09:15:57] 🤖 [Automático] Es hora de actualizar pagos. Arrancando...
[09:16:12] ⏳ [Automático] Tocaba disparar 'pagos' pero ya hay una ejecución en curso (Actualizar pagos); esperando a que termine; se reintenta en breve sin perder el turno.
[09:29:04] 🤖 [Automático] Es hora de actualizar pagos. Arrancando...
[09:29:20] ⏳ [Automático] Tocaba disparar 'pagos' pero ya hay una ejecución en curso (Actualizar pagos); esperando a que termine; se reintenta en breve sin perder el turno.
[09:41:27] 🤖 [Automático] Es hora de actualizar pagos. Arrancando...
[09:41:42] ⏳ [Automático] Tocaba disparar 'pagos' pero ya hay una ejecución en curso (Actualizar pagos); esperando a que termine; se reintenta en breve sin perder el turno.
[09:54:05] 🤖 [Automático] Es hora de actualizar pagos. Arrancando...
[09:54:20] ⏳ [Automático] Tocaba disparar 'pagos' pero ya hay una ejecución en curso (Actualizar pagos); esperando a que termine; se reintenta en breve sin perder el turno.
[10:06:49] 🤖 [Automático] Es hora de actualizar pagos. Arrancando...
[10:07:04] ⏳ [Automático] Tocaba disparar 'pagos' pero ya hay una ejecución en curso (Actualizar pagos); esperando a que termine; se reintenta en breve sin perder el turno.
[10:19:08] 🤖 [Automático] Es hora de actualizar pagos. Arrancando...
[10:19:23] ⏳ [Automático] Tocaba disparar 'pagos' pero ya hay una ejecución en curso (Actualizar pagos); esperando a que termine; se reintenta en breve sin perder el turno.
[10:31:28] 🤖 [Automático] Es hora de actualizar pagos. Arrancando...
[10:31:43] ⏳ [Automático] Tocaba disparar 'pagos' pero ya hay una ejecución en curso (Actualizar pagos); esperando a que termine; se reintenta en breve sin perder el turno.
[10:43:46] 🤖 [Automático] Es hora de actualizar pagos. Arrancando...
[10:44:01] ⏳ [Automático] Tocaba disparar 'pagos' pero ya hay una ejecución en curso (Actualizar pagos); esperando a que termine; se reintenta en breve sin perder el turno.
[10:56:05] 🤖 [Automático] Es hora de actualizar pagos. Arrancando...
[10:56:20] ⏳ [Automático] Tocaba disparar 'pagos' pero ya hay una ejecución en curso (Actualizar pagos); esperando a que termine; se reintenta en breve sin perder el turno.
[11:08:54] 🤖 [Automático] Es hora de actualizar pagos. Arrancando...
[11:09:09] ⏳ [Automático] Tocaba disparar 'pagos' pero ya hay una ejecución en curso (Actualizar pagos); esperando a que termine; se reintenta en breve sin perder el turno.
[11:21:58] 🤖 [Automático] Es hora de actualizar pagos. Arrancando...
[11:22:13] ⏳ [Automático] Tocaba disparar 'pagos' pero ya hay una ejecución en curso (Actualizar pagos); esperando a que termine; se reintenta en breve sin perder el turno.
[11:34:48] 🤖 [Automático] Es hora de actualizar pagos. Arrancando...
[11:35:03] ⏳ [Automático] Tocaba disparar 'pagos' pero ya hay una ejecución en curso (Actualizar pagos); esperando a que termine; se reintenta en breve sin perder el turno.
[11:48:06] 🤖 [Automático] Es hora de actualizar pagos. Arrancando...
[11:48:21] ⏳ [Automático] Tocaba disparar 'pagos' pero ya hay una ejecución en curso (Actualizar pagos); esperando a que termine; se reintenta en breve sin perder el turno.
[12:01:27] 🤖 [Automático] Es hora de actualizar pagos. Arrancando...
[12:01:42] ⏳ [Automático] Tocaba disparar 'pagos' pero ya hay una ejecución en curso (Actualizar pagos); esperando a que termine; se reintenta en breve sin perder el turno.
[12:04:56] ❌ [Automático] 'pagos' falló (intento 1 de 4). Se reintenta a las 12:09.
[12:09:58] 🤖 [Automático] Es hora de actualizar pagos (reintento 1 de 3). Arrancando...
[12:10:13] ⏳ [Automático] Tocaba disparar 'pagos' pero ya hay una ejecución en curso (Actualizar pagos); esperando a que termine; se reintenta en breve sin perder el turno.
[12:13:36] ✅ [Automático] 'pagos' terminó bien en el reintento 1.
[12:23:47] 🤖 [Automático] Es hora de actualizar pagos. Arrancando...
[12:24:02] ⏳ [Automático] Tocaba disparar 'pagos' pero ya hay una ejecución en curso (Actualizar pagos); esperando a que termine; se reintenta en breve sin perder el turno.
[12:36:36] 🤖 [Automático] Es hora de actualizar pagos. Arrancando...
[12:36:51] ⏳ [Automático] Tocaba disparar 'pagos' pero ya hay una ejecución en curso (Actualizar pagos); esperando a que termine; se reintenta en breve sin perder el turno.
[12:49:09] 🤖 [Automático] Es hora de actualizar pagos. Arrancando...
[12:49:24] ⏳ [Automático] Tocaba disparar 'pagos' pero ya hay una ejecución en curso (Actualizar pagos); esperando a que termine; se reintenta en breve sin perder el turno.
[13:01:30] 🤖 [Automático] Es hora de actualizar pagos. Arrancando...
[13:01:45] ⏳ [Automático] Tocaba disparar 'pagos' pero ya hay una ejecución en curso (Actualizar pagos); esperando a que termine; se reintenta en breve sin perder el turno.
[13:13:33] 🤖 [Automático] Es hora de actualizar pagos. Arrancando...
[13:13:48] ⏳ [Automático] Tocaba disparar 'pagos' pero ya hay una ejecución en curso (Actualizar pagos); esperando a que termine; se reintenta en breve sin perder el turno.
[13:23:13] ❌ [Automático] 'pagos' falló (intento 1 de 4). Se reintenta a las 13:28.
[13:33:57] 🤖 [Automático] Es hora de actualizar pagos (reintento 1 de 3). Arrancando...
[13:34:00] ❌ [Automático] 'pagos' falló (intento 2 de 4). Se reintenta a las 13:49.
[13:49:06] 🤖 [Automático] Es hora de actualizar pagos (reintento 2 de 3). Arrancando...
[13:49:21] ⏳ [Automático] Tocaba disparar 'pagos' pero ya hay una ejecución en curso (Actualizar pagos); esperando a que termine; se reintenta en breve sin perder el turno.
[13:50:56] ✅ [Automático] 'pagos' terminó bien en el reintento 2.
[14:01:11] 🤖 [Automático] Es hora de actualizar pagos. Arrancando...
[14:01:26] ⏳ [Automático] Tocaba disparar 'pagos' pero ya hay una ejecución en curso (Actualizar pagos); esperando a que termine; se reintenta en breve sin perder el turno.
[14:13:00] 🤖 [Automático] Es hora de actualizar pagos. Arrancando...
[14:13:15] ⏳ [Automático] Tocaba disparar 'pagos' pero ya hay una ejecución en curso (Actualizar pagos); esperando a que termine; se reintenta en breve sin perder el turno.
[14:24:49] 🤖 [Automático] Es hora de actualizar pagos. Arrancando...
[14:25:04] ⏳ [Automático] Tocaba disparar 'pagos' pero ya hay una ejecución en curso (Actualizar pagos); esperando a que termine; se reintenta en breve sin perder el turno.
[14:36:26] 🤖 [Automático] Es hora de actualizar pagos. Arrancando...
[14:36:41] ⏳ [Automático] Tocaba disparar 'pagos' pero ya hay una ejecución en curso (Actualizar pagos); esperando a que termine; se reintenta en breve sin perder el turno.
[14:48:18] 🤖 [Automático] Es hora de actualizar pagos. Arrancando...
[14:48:33] ⏳ [Automático] Tocaba disparar 'pagos' pero ya hay una ejecución en curso (Actualizar pagos); esperando a que termine; se reintenta en breve sin perder el turno.
[15:00:10] 🤖 [Automático] Es hora de actualizar pagos. Arrancando...
[15:00:25] ⏳ [Automático] Tocaba disparar 'pagos' pero ya hay una ejecución en curso (Actualizar pagos); esperando a que termine; se reintenta en breve sin perder el turno.
[15:12:03] 🤖 [Automático] Es hora de actualizar pagos. Arrancando...
[15:12:18] ⏳ [Automático] Tocaba disparar 'pagos' pero ya hay una ejecución en curso (Actualizar pagos); esperando a que termine; se reintenta en breve sin perder el turno.
[15:23:55] 🤖 [Automático] Es hora de actualizar pagos. Arrancando...
[15:24:11] ⏳ [Automático] Tocaba disparar 'pagos' pero ya hay una ejecución en curso (Actualizar pagos); esperando a que termine; se reintenta en breve sin perder el turno.
[15:35:47] 🤖 [Automático] Es hora de actualizar pagos. Arrancando...
[15:36:03] ⏳ [Automático] Tocaba disparar 'pagos' pero ya hay una ejecución en curso (Actualizar pagos); esperando a que termine; se reintenta en breve sin perder el turno.
[15:46:54] 🤖 [Automático] Es hora de actualizar pagos. Arrancando...
[15:47:09] ⏳ [Automático] Tocaba disparar 'pagos' pero ya hay una ejecución en curso (Actualizar pagos); esperando a que termine; se reintenta en breve sin perder el turno.
[15:59:01] 🤖 [Automático] Es hora de actualizar pagos. Arrancando...
[15:59:16] ⏳ [Automático] Tocaba disparar 'pagos' pero ya hay una ejecución en curso (Actualizar pagos); esperando a que termine; se reintenta en breve sin perder el turno.
[16:10:53] 🤖 [Automático] Es hora de actualizar pagos. Arrancando...
[16:11:09] ⏳ [Automático] Tocaba disparar 'pagos' pero ya hay una ejecución en curso (Actualizar pagos); esperando a que termine; se reintenta en breve sin perder el turno.
[16:23:01] 🤖 [Automático] Es hora de actualizar pagos. Arrancando...
[16:23:16] ⏳ [Automático] Tocaba disparar 'pagos' pero ya hay una ejecución en curso (Actualizar pagos); esperando a que termine; se reintenta en breve sin perder el turno.
[16:34:53] 🤖 [Automático] Es hora de actualizar pagos. Arrancando...
[16:35:08] ⏳ [Automático] Tocaba disparar 'pagos' pero ya hay una ejecución en curso (Actualizar pagos); esperando a que termine; se reintenta en breve sin perder el turno.
[16:47:01] 🤖 [Automático] Es hora de actualizar pagos. Arrancando...
[16:47:16] ⏳ [Automático] Tocaba disparar 'pagos' pero ya hay una ejecución en curso (Actualizar pagos); esperando a que termine; se reintenta en breve sin perder el turno.
[16:58:53] 🤖 [Automático] Es hora de actualizar pagos. Arrancando...
[16:59:09] ⏳ [Automático] Tocaba disparar 'pagos' pero ya hay una ejecución en curso (Actualizar pagos); esperando a que termine; se reintenta en breve sin perder el turno.
[17:10:46] 🤖 [Automático] Es hora de actualizar pagos. Arrancando...
[17:11:01] ⏳ [Automático] Tocaba disparar 'pagos' pero ya hay una ejecución en curso (Actualizar pagos); esperando a que termine; se reintenta en breve sin perder el turno.
[17:23:08] 🤖 [Automático] Es hora de actualizar pagos. Arrancando...
[17:23:23] ⏳ [Automático] Tocaba disparar 'pagos' pero ya hay una ejecución en curso (Actualizar pagos); esperando a que termine; se reintenta en breve sin perder el turno.
[17:35:16] 🤖 [Automático] Es hora de actualizar pagos. Arrancando...
[17:35:31] ⏳ [Automático] Tocaba disparar 'pagos' pero ya hay una ejecución en curso (Actualizar pagos); esperando a que termine; se reintenta en breve sin perder el turno.
[17:47:07] 🤖 [Automático] Es hora de actualizar pagos. Arrancando...
[17:47:22] ⏳ [Automático] Tocaba disparar 'pagos' pero ya hay una ejecución en curso (Actualizar pagos); esperando a que termine; se reintenta en breve sin perder el turno.
[17:59:15] 🤖 [Automático] Es hora de actualizar pagos. Arrancando...
[17:59:30] ⏳ [Automático] Tocaba disparar 'pagos' pero ya hay una ejecución en curso (Actualizar pagos); esperando a que termine; se reintenta en breve sin perder el turno.
[18:11:07] 🤖 [Automático] Es hora de actualizar pagos. Arrancando...
[18:11:23] ⏳ [Automático] Tocaba disparar 'pagos' pero ya hay una ejecución en curso (Actualizar pagos); esperando a que termine; se reintenta en breve sin perder el turno.
[18:23:00] 🤖 [Automático] Es hora de actualizar pagos. Arrancando...
[18:23:15] ⏳ [Automático] Tocaba disparar 'pagos' pero ya hay una ejecución en curso (Actualizar pagos); esperando a que termine; se reintenta en breve sin perder el turno.
[18:34:52] 🤖 [Automático] Es hora de actualizar pagos. Arrancando...
[18:35:07] ⏳ [Automático] Tocaba disparar 'pagos' pero ya hay una ejecución en curso (Actualizar pagos); esperando a que termine; se reintenta en breve sin perder el turno.
[18:46:44] 🤖 [Automático] Es hora de actualizar pagos. Arrancando...
[18:46:59] ⏳ [Automático] Tocaba disparar 'pagos' pero ya hay una ejecución en curso (Actualizar pagos); esperando a que termine; se reintenta en breve sin perder el turno.
[18:58:36] 🤖 [Automático] Es hora de actualizar pagos. Arrancando...
[18:58:52] ⏳ [Automático] Tocaba disparar 'pagos' pero ya hay una ejecución en curso (Actualizar pagos); esperando a que termine; se reintenta en breve sin perder el turno.
[19:10:29] 🤖 [Automático] Es hora de actualizar pagos. Arrancando...
[19:10:44] ⏳ [Automático] Tocaba disparar 'pagos' pero ya hay una ejecución en curso (Actualizar pagos); esperando a que termine; se reintenta en breve sin perder el turno.
[19:22:21] 🤖 [Automático] Es hora de actualizar pagos. Arrancando...
[19:22:37] ⏳ [Automático] Tocaba disparar 'pagos' pero ya hay una ejecución en curso (Actualizar pagos); esperando a que termine; se reintenta en breve sin perder el turno.
[19:34:29] 🤖 [Automático] Es hora de actualizar pagos. Arrancando...
[19:34:44] ⏳ [Automático] Tocaba disparar 'pagos' pero ya hay una ejecución en curso (Actualizar pagos); esperando a que termine; se reintenta en breve sin perder el turno.
[19:46:21] 🤖 [Automático] Es hora de actualizar pagos. Arrancando...
[19:46:37] ⏳ [Automático] Tocaba disparar 'pagos' pero ya hay una ejecución en curso (Actualizar pagos); esperando a que termine; se reintenta en breve sin perder el turno.
[19:58:14] 🤖 [Automático] Es hora de actualizar pagos. Arrancando...
[19:58:30] ⏳ [Automático] Tocaba disparar 'pagos' pero ya hay una ejecución en curso (Actualizar pagos); esperando a que termine; se reintenta en breve sin perder el turno.
[20:10:07] 🤖 [Automático] Es hora de actualizar pagos. Arrancando...
[20:10:22] ⏳ [Automático] Tocaba disparar 'pagos' pero ya hay una ejecución en curso (Actualizar pagos); esperando a que termine; se reintenta en breve sin perder el turno.
[20:22:15] 🤖 [Automático] Es hora de actualizar pagos. Arrancando...
[20:22:30] ⏳ [Automático] Tocaba disparar 'pagos' pero ya hay una ejecución en curso (Actualizar pagos); esperando a que termine; se reintenta en breve sin perder el turno.
[20:34:08] 🤖 [Automático] Es hora de actualizar pagos. Arrancando...
[20:34:23] ⏳ [Automático] Tocaba disparar 'pagos' pero ya hay una ejecución en curso (Actualizar pagos); esperando a que termine; se reintenta en breve sin perder el turno.
[20:46:01] 🤖 [Automático] Es hora de actualizar pagos. Arrancando...
[20:46:16] ⏳ [Automático] Tocaba disparar 'pagos' pero ya hay una ejecución en curso (Actualizar pagos); esperando a que termine; se reintenta en breve sin perder el turno.
[20:57:50] 🤖 [Automático] Es hora de actualizar pagos. Arrancando...
[20:58:05] ⏳ [Automático] Tocaba disparar 'pagos' pero ya hay una ejecución en curso (Actualizar pagos); esperando a que termine; se reintenta en breve sin perder el turno.
[21:09:40] 🤖 [Automático] Es hora de actualizar pagos. Arrancando...
[21:09:55] ⏳ [Automático] Tocaba disparar 'pagos' pero ya hay una ejecución en curso (Actualizar pagos); esperando a que termine; se reintenta en breve sin perder el turno.
[21:21:29] 🤖 [Automático] Es hora de actualizar pagos. Arrancando...
[21:21:44] ⏳ [Automático] Tocaba disparar 'pagos' pero ya hay una ejecución en curso (Actualizar pagos); esperando a que termine; se reintenta en breve sin perder el turno.
[21:33:03] 🤖 [Automático] Es hora de actualizar pagos. Arrancando...
[21:33:18] ⏳ [Automático] Tocaba disparar 'pagos' pero ya hay una ejecución en curso (Actualizar pagos); esperando a que termine; se reintenta en breve sin perder el turno.
[21:45:06] 🤖 [Automático] Es hora de actualizar pagos. Arrancando...
[21:45:21] ⏳ [Automático] Tocaba disparar 'pagos' pero ya hay una ejecución en curso (Actualizar pagos); esperando a que termine; se reintenta en breve sin perder el turno.
[21:56:55] 🤖 [Automático] Es hora de actualizar pagos. Arrancando...
[21:57:10] ⏳ [Automático] Tocaba disparar 'pagos' pero ya hay una ejecución en curso (Actualizar pagos); esperando a que termine; se reintenta en breve sin perder el turno.
[22:08:29] 🤖 [Automático] Es hora de actualizar pagos. Arrancando...
[22:08:44] ⏳ [Automático] Tocaba disparar 'pagos' pero ya hay una ejecución en curso (Actualizar pagos); esperando a que termine; se reintenta en breve sin perder el turno.
[22:20:16] 🤖 [Automático] Es hora de actualizar pagos. Arrancando...
[22:20:32] ⏳ [Automático] Tocaba disparar 'pagos' pero ya hay una ejecución en curso (Actualizar pagos); esperando a que termine; se reintenta en breve sin perder el turno.
[22:32:05] 🤖 [Automático] Es hora de actualizar pagos. Arrancando...
[22:32:20] ⏳ [Automático] Tocaba disparar 'pagos' pero ya hay una ejecución en curso (Actualizar pagos); esperando a que termine; se reintenta en breve sin perder el turno.
[22:43:38] 🤖 [Automático] Es hora de actualizar pagos. Arrancando...
[22:43:53] ⏳ [Automático] Tocaba disparar 'pagos' pero ya hay una ejecución en curso (Actualizar pagos); esperando a que termine; se reintenta en breve sin perder el turno.
[22:55:11] 🤖 [Automático] Es hora de actualizar pagos. Arrancando...
[22:55:27] ⏳ [Automático] Tocaba disparar 'pagos' pero ya hay una ejecución en curso (Actualizar pagos); esperando a que termine; se reintenta en breve sin perder el turno.
[23:07:01] 🤖 [Automático] Es hora de actualizar pagos. Arrancando...
[23:07:17] ⏳ [Automático] Tocaba disparar 'pagos' pero ya hay una ejecución en curso (Actualizar pagos); esperando a que termine; se reintenta en breve sin perder el turno.
[23:18:52] 🤖 [Automático] Es hora de actualizar pagos. Arrancando...
[23:19:07] ⏳ [Automático] Tocaba disparar 'pagos' pero ya hay una ejecución en curso (Actualizar pagos); esperando a que termine; se reintenta en breve sin perder el turno.
[23:30:40] 🤖 [Automático] Es hora de actualizar pagos. Arrancando...
[23:30:55] ⏳ [Automático] Tocaba disparar 'pagos' pero ya hay una ejecución en curso (Actualizar pagos); esperando a que termine; se reintenta en breve sin perder el turno.
[23:42:14] 🤖 [Automático] Es hora de actualizar pagos. Arrancando...
[23:42:29] ⏳ [Automático] Tocaba disparar 'pagos' pero ya hay una ejecución en curso (Actualizar pagos); esperando a que termine; se reintenta en breve sin perder el turno.
[23:53:47] 🤖 [Automático] Es hora de actualizar pagos. Arrancando...
[23:54:02] ⏳ [Automático] Tocaba disparar 'pagos' pero ya hay una ejecución en curso (Actualizar pagos); esperando a que termine; se reintenta en breve sin perder el turno.
