[18:11:08] === Inicio de ejecución: pagos ===
[18:11:10] ▶ [LoginSemytPaso] Iniciando...
[18:11:10] ==================================================
[18:11:10] 🚀 PASO: LoginSemytPaso
[18:11:10] ==================================================
[18:11:12] Abriendo SEMyT...
[18:11:14] ✅ [SEMyT] Sesión existente detectada. Login omitido.
[18:11:15] ✅ LoginSemytPaso finalizado. (⏱ 4.9s)
[18:11:15] ✓ [LoginSemytPaso] Completado.
[18:11:15] ▶ [LoginJuzgadoPaso] Iniciando...
[18:11:15] ==================================================
[18:11:15] 🚀 PASO: LoginJuzgadoPaso
[18:11:15] ==================================================
[18:11:15] Abriendo sitio municipalidad (CiDi)...
[18:11:16] ✅ [Juzgado] Sesión existente detectada. Login omitido.
[18:11:17] ✅ LoginJuzgadoPaso finalizado. (⏱ 1.3s)
[18:11:17] ✓ [LoginJuzgadoPaso] Completado.
[18:11:17] ▶ [DescargasParalelasPaso] Iniciando...
[18:11:17] ==================================================
[18:11:17] 🚀 PASO: DescargasParalelasPaso
[18:11:17] ==================================================
[18:11:18] 📤 Arrancando las 3 descargas en paralelo (mismo browser, páginas separadas)...
[18:11:18] Fecha Desde: 27/06/2024
[18:11:18] Fecha Hasta: 24/11/2025
[18:11:18] Fecha Desde: 25/11/2025
[18:11:18] Fecha Hasta: 23/07/2026
[18:11:19] Descargando Excel...
[18:11:19] Descargando Excel...
[18:11:30] Archivo descargado en: backend/descargas/cache_actas_cruce/MULTAS_JUZGADO_CRUCE.xlsx
[18:11:39] ⏱ [actas_juzgado] completado en 20.8s
[18:11:41] ✅ TXT de pagos descargado en: backend/descargas/pagos/2026-07-23/PAGOS DESCARGADOS.txt
[18:11:41] ⏱ [pagos_txt] completado en 22.8s
[18:11:41] Archivo descargado en: backend/descargas/cache_actas_cruce/MULTAS_SIGEMI_CRUCE.xlsx
[18:12:03] ⏱ [actas_sigemi] completado en 45.1s
[18:12:03] ⏱ TOTAL descargas en paralelo: 45.1s
[18:12:03] ✅ DescargasParalelasPaso finalizado. (⏱ 46.5s)
[18:12:03] ✓ [DescargasParalelasPaso] Completado.
[18:12:03] ▶ [CompararActasPaso] Iniciando...
[18:12:03] ==================================================
[18:12:03] 🚀 PASO: CompararActasPaso
[18:12:03] ==================================================
[18:12:03] 🔍 Comparando actas del SEMyT contra pagos del Juzgado...
[18:12:03] ================================================================================
[18:12:03] INICIANDO PROCESO DE GENERACIÓN DE PAGOS DESACTUALIZADOS
[18:12:03] ================================================================================
[18:12:03] 📂 Cargando archivos...
[18:12:03]   ✓ Pagos: 16738 registros
[18:12:23]   ✓ Excel SIGEMI (multas vencidas viejas): 103653 registros
[18:12:29]   ✓ Excel Juzgado (multas vencidas nuevas): 40183 registros
[18:12:33] ================================================================================
[18:12:33] PASO 1: LLENANDO ACTA_NUMERO (búsqueda por patente + fecha, con desempate por hora)
[18:12:33] ================================================================================
[18:12:40] 📊 ESTADÍSTICAS DE LLENADO DE ACTAS:
[18:12:40]   • Pagos con acta ORIGINAL: 2819
[18:12:40]   • Pagos SIN acta (buscados): 13919
[18:12:40]   • Pagos LLENADOS exitosamente: 4
[18:12:40]   • Pagos NO encontrados en multas: 13915
[18:12:40]   • Pagos SIN RESOLVER por desbalance de cantidades: 0
[18:12:41] ================================================================================
[18:12:41] PASO 1: LLENANDO ACTA_NUMERO (búsqueda por patente + fecha, con desempate por hora)
[18:12:41] ================================================================================
[18:12:49] 📊 ESTADÍSTICAS DE LLENADO DE ACTAS:
[18:12:49]   • Pagos con acta ORIGINAL: 2823
[18:12:49]   • Pagos SIN acta (buscados): 13915
[18:12:49]   • Pagos LLENADOS exitosamente: 0
[18:12:49]   • Pagos NO encontrados en multas: 13915
[18:12:49]   • Pagos SIN RESOLVER por desbalance de cantidades: 0
[18:12:49] ⏱ PASO 1 (llenar actas): 19.8s
[18:12:49] ================================================================================
[18:12:49] PASO 2: FILTRANDO PAGOS CON ACTA_NUMERO COMPLETO
[18:12:49] ================================================================================
[18:12:49] 📊 ESTADÍSTICAS DE FILTRADO:
[18:12:49]   • Pagos TOTALES al inicio: 16738
[18:12:49]   • Pagos CON acta (MANTIENEN): 2823
[18:12:49]   • Pagos RECHAZADOS (sin coincidencias): 13915
[18:12:49] ⚠️  Se eliminaron 13915 registros sin número de acta
[18:12:49]      (recordá: esto incluye tanto pagos ya actualizados/pagados
[18:12:49]       como pagos que quedaron sin resolver por desbalance en el Paso 1)
[18:12:49] ================================================================================
[18:12:49] PASO 2-bis: CONFIRMANDO VIGENCIA DE PAGOS DEL SISTEMA NUEVO (contra MULTAS_JUZGADO_CRUCE)
[18:12:49] ================================================================================
[18:12:50]   ⚠ 2814 pago(s) del sistema nuevo descartados: su acta ya no figura como vencida en MULTAS_JUZGADO_CRUCE (SEMyT ya los actualizó).
[18:12:50]   • Pagos del sistema nuevo descartados por ya estar actualizados: 2814
[18:12:50] ⏱ PASO 2 (filtrar): 1.3s
[18:12:50] 📂 Cargando maestro de causas SIGEMI...
[18:12:50]   ✓ Causas totales (maestro): 134069 registros
[18:12:50] ⏱ PASO 2.5 (causas simplificado): 0.2s
[18:12:50] ================================================================================
[18:12:50] PASO 2.5: ARMANDO causas.txt SIMPLIFICADO (cruce contra total_causas_sigemi.txt)
[18:12:50] ================================================================================
[18:12:52]   • Actas vencidas viejas (multas): 103653
[18:12:52]   • Causas totales en el maestro SIGEMI: 134069
[18:12:52]   • Causas que coinciden (simplificado): 103323
[18:12:52]   ✅ Archivo escrito: backend/descargas/causas/causas.txt
[18:12:53] ⏱ PASO 2.5 (causas simplificado): 3.0s
[18:12:53] ================================================================================
[18:12:53] PASO 3: LLENANDO CAUSA_NUMERO (según fecha de cambio de sistema, cruzando por acta + año)
[18:12:53] ================================================================================
[18:12:53] 📊 ESTADÍSTICAS DE LLENADO DE CAUSAS:
[18:12:53]   • Pagos con causa ORIGINAL: 5
[18:12:53]   • Causas encontradas en SIGEMI (actas viejas): 4
[18:12:53]   • Causas NO encontradas en SIGEMI: 0
[18:12:53]   • Causas asignadas automáticamente (actas nuevas): 0
[18:12:53] ⏱ PASO 3 (llenar causas): 0.0s
[18:12:53] ================================================================================
[18:12:53] PASO 4: ORDENANDO POR FECHA Y ACTA_NUMERO
[18:12:53] ================================================================================
[18:12:53] ✓ Pagos ordenados correctamente
[18:12:53]   • Primera entrada: Acta=204653, Fecha=15/09/2025
[18:12:53]   • Última entrada: Acta=301545, Fecha=24/04/2026
[18:12:53] 📝 Escribiendo archivo de salida...
[18:12:53]   ✅ Archivo escrito: backend/descargas/pagos/2026-07-23/PAGOS 20260723 181203.txt
[18:12:53]   ✅ Total registros: 1098
[18:12:53] ⏱ PASO 4 (ordenar y escribir): 0.0s
[18:12:53] ================================================================================
[18:12:53] ✅ PROCESO COMPLETADO EXITOSAMENTE
[18:12:53] ================================================================================
[18:12:53] 📊 RESUMEN FINAL DEL PROCESAMIENTO:
[18:12:53]   ENTRADA:
[18:12:53]     • Pagos originales: 16738
[18:12:53]     • Multas SIGEMI cargadas: 103653
[18:12:53]     • Multas Juzgado cargadas: 40183
[18:12:53]     • Causas simplificadas (usadas para el cruce): 103323
[18:12:53]   PROCESO:
[18:12:53]     • Pagos rechazados sigemi: 13915
[18:12:53]     • Pagos rechazados juzgado: 2814
[18:12:53]   SALIDA:
[18:12:53]     • Pagos desactualizados procesados: 9
[18:12:53]     • Archivo final: backend/descargas/pagos/2026-07-23/PAGOS 20260723 181203.txt
[18:12:53]     • Ordenados por fecha: SÍ ✓
[18:12:53]     • Todos con ACTA_NUMERO: SÍ ✓
[18:12:53]     • Todos con CAUSA_NUMERO: SÍ ✓
[18:12:53] ✅ TXT de pagos (ya cruzado con actas y causas) generado en: backend/descargas/pagos/2026-07-23/PAGOS 20260723 181203.txt
[18:12:53] 🧹 TXT de pagos crudo eliminado (ya usado en el cruce): backend/descargas/pagos/2026-07-23/PAGOS DESCARGADOS.txt
[18:12:53] 🧹 Excel MULTAS_SIGEMI_CRUCE eliminado (ya usado en el cruce): backend/descargas/cache_actas_cruce/MULTAS_SIGEMI_CRUCE.xlsx
[18:12:53] 🧹 Excel MULTAS_JUZGADO_CRUCE eliminado (ya usado en el cruce): backend/descargas/cache_actas_cruce/MULTAS_JUZGADO_CRUCE.xlsx
[18:12:53] ✅ CompararActasPaso finalizado. (⏱ 50.1s)
[18:12:53] ✓ [CompararActasPaso] Completado.
[18:12:53] ▶ [CargarPagosPaso] Iniciando...
[18:12:53] ==================================================
[18:12:53] 🚀 PASO: CargarPagosPaso
[18:12:53] ==================================================
[18:12:53] 📤 Subiendo TXT de pagos al SEMyT...
[18:12:57] ✅ Importación de pagos completada con éxito.
[18:12:57] ✅ Archivo TXT de pagos cargado en el SEMyT correctamente.
[18:12:57] ✅ CargarPagosPaso finalizado. (⏱ 3.8s)
[18:12:57] ✓ [CargarPagosPaso] Completado.
[18:12:57] === Ejecución finalizada con éxito ===
