[10:31:28] === Inicio de ejecución: pagos ===
[10:31:31] ▶ [LoginSemytPaso] Iniciando...
[10:31:31] ==================================================
[10:31:31] 🚀 PASO: LoginSemytPaso
[10:31:31] ==================================================
[10:31:31] Abriendo SEMyT...
[10:31:42] ✅ [SEMyT] Sesión existente detectada. Login omitido.
[10:31:43] ✅ LoginSemytPaso finalizado. (⏱ 12.3s)
[10:31:43] ✓ [LoginSemytPaso] Completado.
[10:31:43] ▶ [LoginJuzgadoPaso] Iniciando...
[10:31:43] ==================================================
[10:31:43] 🚀 PASO: LoginJuzgadoPaso
[10:31:43] ==================================================
[10:31:43] Abriendo sitio municipalidad (CiDi)...
[10:31:44] ✅ [Juzgado] Sesión existente detectada. Login omitido.
[10:31:45] ✅ LoginJuzgadoPaso finalizado. (⏱ 1.5s)
[10:31:45] ✓ [LoginJuzgadoPaso] Completado.
[10:31:45] ▶ [DescargasParalelasPaso] Iniciando...
[10:31:45] ==================================================
[10:31:45] 🚀 PASO: DescargasParalelasPaso
[10:31:45] ==================================================
[10:31:46] 📤 Arrancando las 3 descargas en paralelo (mismo browser, páginas separadas)...
[10:31:46] Fecha Desde: 27/06/2024
[10:31:46] Fecha Hasta: 24/11/2025
[10:31:46] Fecha Desde: 25/11/2025
[10:31:46] Fecha Hasta: 23/07/2026
[10:31:47] Descargando Excel...
[10:31:47] Descargando Excel...
[10:32:10] ✅ TXT de pagos descargado en: backend/descargas/pagos/2026-07-23/PAGOS DESCARGADOS.txt
[10:32:10] ⏱ [pagos_txt] completado en 24.3s
[10:32:14] Archivo descargado en: backend/descargas/cache_actas_cruce/MULTAS_JUZGADO_CRUCE.xlsx
[10:32:22] ⏱ [actas_juzgado] completado en 35.8s
[10:32:31] Archivo descargado en: backend/descargas/cache_actas_cruce/MULTAS_SIGEMI_CRUCE.xlsx
[10:32:49] ⏱ [actas_sigemi] completado en 62.7s
[10:32:49] ⏱ TOTAL descargas en paralelo: 62.8s
[10:32:49] ✅ DescargasParalelasPaso finalizado. (⏱ 64.3s)
[10:32:49] ✓ [DescargasParalelasPaso] Completado.
[10:32:49] ▶ [CompararActasPaso] Iniciando...
[10:32:49] ==================================================
[10:32:49] 🚀 PASO: CompararActasPaso
[10:32:49] ==================================================
[10:32:49] 🔍 Comparando actas del SEMyT contra pagos del Juzgado...
[10:32:49] ================================================================================
[10:32:49] INICIANDO PROCESO DE GENERACIÓN DE PAGOS DESACTUALIZADOS
[10:32:49] ================================================================================
[10:32:49] 📂 Cargando archivos...
[10:32:49]   ✓ Pagos: 16526 registros
[10:33:07]   ✓ Excel SIGEMI (multas vencidas viejas): 103705 registros
[10:33:14]   ✓ Excel Juzgado (multas vencidas nuevas): 40343 registros
[10:33:18] ================================================================================
[10:33:18] PASO 1: LLENANDO ACTA_NUMERO (búsqueda por patente + fecha, con desempate por hora)
[10:33:18] ================================================================================
[10:33:24] 📊 ESTADÍSTICAS DE LLENADO DE ACTAS:
[10:33:24]   • Pagos con acta ORIGINAL: 2659
[10:33:24]   • Pagos SIN acta (buscados): 13867
[10:33:24]   • Pagos LLENADOS exitosamente: 0
[10:33:24]   • Pagos NO encontrados en multas: 13867
[10:33:24]   • Pagos SIN RESOLVER por desbalance de cantidades: 0
[10:33:25] ================================================================================
[10:33:25] PASO 1: LLENANDO ACTA_NUMERO (búsqueda por patente + fecha, con desempate por hora)
[10:33:25] ================================================================================
[10:33:31] 📊 ESTADÍSTICAS DE LLENADO DE ACTAS:
[10:33:31]   • Pagos con acta ORIGINAL: 2659
[10:33:31]   • Pagos SIN acta (buscados): 13867
[10:33:31]   • Pagos LLENADOS exitosamente: 0
[10:33:31]   • Pagos NO encontrados en multas: 13867
[10:33:31]   • Pagos SIN RESOLVER por desbalance de cantidades: 0
[10:33:31] ⏱ PASO 1 (llenar actas): 16.8s
[10:33:31] ================================================================================
[10:33:31] PASO 2: FILTRANDO PAGOS CON ACTA_NUMERO COMPLETO
[10:33:31] ================================================================================
[10:33:31] 📊 ESTADÍSTICAS DE FILTRADO:
[10:33:31]   • Pagos TOTALES al inicio: 16526
[10:33:31]   • Pagos CON acta (MANTIENEN): 2659
[10:33:31]   • Pagos RECHAZADOS (sin coincidencias): 13867
[10:33:31] ⚠️  Se eliminaron 13867 registros sin número de acta
[10:33:31]      (recordá: esto incluye tanto pagos ya actualizados/pagados
[10:33:31]       como pagos que quedaron sin resolver por desbalance en el Paso 1)
[10:33:31] ================================================================================
[10:33:31] PASO 2-bis: CONFIRMANDO VIGENCIA DE PAGOS DEL SISTEMA NUEVO (contra MULTAS_JUZGADO_CRUCE)
[10:33:31] ================================================================================
[10:33:32]   ⚠ 2655 pago(s) del sistema nuevo descartados: su acta ya no figura como vencida en MULTAS_JUZGADO_CRUCE (SEMyT ya los actualizó).
[10:33:32]   • Pagos del sistema nuevo descartados por ya estar actualizados: 2655
[10:33:32] ⏱ PASO 2 (filtrar): 1.2s
[10:33:32] 📂 Cargando maestro de causas SIGEMI...
[10:33:33]   ✓ Causas totales (maestro): 134069 registros
[10:33:33] ⏱ PASO 2.5 (causas simplificado): 0.2s
[10:33:33] ================================================================================
[10:33:33] PASO 2.5: ARMANDO causas.txt SIMPLIFICADO (cruce contra total_causas_sigemi.txt)
[10:33:33] ================================================================================
[10:33:35]   • Actas vencidas viejas (multas): 103705
[10:33:35]   • Causas totales en el maestro SIGEMI: 134069
[10:33:35]   • Causas que coinciden (simplificado): 103375
[10:33:35]   ✅ Archivo escrito: backend/descargas/causas/causas.txt
[10:33:35] ⏱ PASO 2.5 (causas simplificado): 2.8s
[10:33:35] ================================================================================
[10:33:35] PASO 3: LLENANDO CAUSA_NUMERO (según fecha de cambio de sistema, cruzando por acta + año)
[10:33:35] ================================================================================
[10:33:35] 📊 ESTADÍSTICAS DE LLENADO DE CAUSAS:
[10:33:35]   • Pagos con causa ORIGINAL: 4
[10:33:35]   • Causas encontradas en SIGEMI (actas viejas): 0
[10:33:35]   • Causas NO encontradas en SIGEMI: 0
[10:33:35]   • Causas asignadas automáticamente (actas nuevas): 0
[10:33:35] ⏱ PASO 3 (llenar causas): 0.0s
[10:33:35] ================================================================================
[10:33:35] PASO 4: ORDENANDO POR FECHA Y ACTA_NUMERO
[10:33:35] ================================================================================
[10:33:35] ✓ Pagos ordenados correctamente
[10:33:35]   • Primera entrada: Acta=261043, Fecha=02/02/2026
[10:33:35]   • Última entrada: Acta=270445, Fecha=24/02/2026
[10:33:35] 📝 Escribiendo archivo de salida...
[10:33:35]   ✅ Archivo escrito: backend/descargas/pagos/2026-07-23/PAGOS 20260723 103249.txt
[10:33:35]   ✅ Total registros: 585
[10:33:35] ⏱ PASO 4 (ordenar y escribir): 0.0s
[10:33:35] ================================================================================
[10:33:35] ✅ PROCESO COMPLETADO EXITOSAMENTE
[10:33:35] ================================================================================
[10:33:35] 📊 RESUMEN FINAL DEL PROCESAMIENTO:
[10:33:35]   ENTRADA:
[10:33:35]     • Pagos originales: 16526
[10:33:35]     • Multas SIGEMI cargadas: 103705
[10:33:35]     • Multas Juzgado cargadas: 40343
[10:33:35]     • Causas simplificadas (usadas para el cruce): 103375
[10:33:35]   PROCESO:
[10:33:35]     • Pagos rechazados sigemi: 13867
[10:33:35]     • Pagos rechazados juzgado: 2655
[10:33:35]   SALIDA:
[10:33:35]     • Pagos desactualizados procesados: 4
[10:33:35]     • Archivo final: backend/descargas/pagos/2026-07-23/PAGOS 20260723 103249.txt
[10:33:35]     • Ordenados por fecha: SÍ ✓
[10:33:35]     • Todos con ACTA_NUMERO: SÍ ✓
[10:33:35]     • Todos con CAUSA_NUMERO: SÍ ✓
[10:33:35] ✅ TXT de pagos (ya cruzado con actas y causas) generado en: backend/descargas/pagos/2026-07-23/PAGOS 20260723 103249.txt
[10:33:35] 🧹 TXT de pagos crudo eliminado (ya usado en el cruce): backend/descargas/pagos/2026-07-23/PAGOS DESCARGADOS.txt
[10:33:35] 🧹 Excel MULTAS_SIGEMI_CRUCE eliminado (ya usado en el cruce): backend/descargas/cache_actas_cruce/MULTAS_SIGEMI_CRUCE.xlsx
[10:33:35] 🧹 Excel MULTAS_JUZGADO_CRUCE eliminado (ya usado en el cruce): backend/descargas/cache_actas_cruce/MULTAS_JUZGADO_CRUCE.xlsx
[10:33:35] ✅ CompararActasPaso finalizado. (⏱ 46.4s)
[10:33:35] ✓ [CompararActasPaso] Completado.
[10:33:35] ▶ [CargarPagosPaso] Iniciando...
[10:33:35] ==================================================
[10:33:35] 🚀 PASO: CargarPagosPaso
[10:33:35] ==================================================
[10:33:35] 📤 Subiendo TXT de pagos al SEMyT...
[10:33:38] ✅ Importación de pagos completada con éxito.
[10:33:38] ✅ Archivo TXT de pagos cargado en el SEMyT correctamente.
[10:33:38] ✅ CargarPagosPaso finalizado. (⏱ 3.1s)
[10:33:38] ✓ [CargarPagosPaso] Completado.
[10:33:39] === Ejecución finalizada con éxito ===
