[23:42:14] === Inicio de ejecución: pagos ===
[23:42:16] ▶ [LoginSemytPaso] Iniciando...
[23:42:16] ==================================================
[23:42:16] 🚀 PASO: LoginSemytPaso
[23:42:16] ==================================================
[23:42:17] Abriendo SEMyT...
[23:42:20] ✅ [SEMyT] Sesión existente detectada. Login omitido.
[23:42:20] ✅ LoginSemytPaso finalizado. (⏱ 4.0s)
[23:42:20] ✓ [LoginSemytPaso] Completado.
[23:42:20] ▶ [LoginJuzgadoPaso] Iniciando...
[23:42:20] ==================================================
[23:42:20] 🚀 PASO: LoginJuzgadoPaso
[23:42:20] ==================================================
[23:42:20] Abriendo sitio municipalidad (CiDi)...
[23:42:21] ✅ [Juzgado] Sesión existente detectada. Login omitido.
[23:42:22] ✅ LoginJuzgadoPaso finalizado. (⏱ 1.4s)
[23:42:22] ✓ [LoginJuzgadoPaso] Completado.
[23:42:22] ▶ [DescargasParalelasPaso] Iniciando...
[23:42:22] ==================================================
[23:42:22] 🚀 PASO: DescargasParalelasPaso
[23:42:22] ==================================================
[23:42:23] 📤 Arrancando las 3 descargas en paralelo (mismo browser, páginas separadas)...
[23:42:23] Fecha Desde: 27/06/2024
[23:42:23] Fecha Hasta: 24/11/2025
[23:42:23] Fecha Desde: 25/11/2025
[23:42:23] Fecha Hasta: 23/07/2026
[23:42:23] Descargando Excel...
[23:42:23] Descargando Excel...
[23:42:32] Archivo descargado en: backend/descargas/cache_actas_cruce/MULTAS_JUZGADO_CRUCE.xlsx
[23:42:40] ⏱ [actas_juzgado] completado en 17.0s
[23:42:41] Archivo descargado en: backend/descargas/cache_actas_cruce/MULTAS_SIGEMI_CRUCE.xlsx
[23:42:58] ⏱ [actas_sigemi] completado en 35.3s
[23:42:58] ✅ TXT de pagos descargado en: backend/descargas/pagos/2026-07-23/PAGOS DESCARGADOS.txt
[23:42:58] ⏱ [pagos_txt] completado en 35.3s
[23:42:58] ⏱ TOTAL descargas en paralelo: 35.3s
[23:42:58] ✅ DescargasParalelasPaso finalizado. (⏱ 36.6s)
[23:42:58] ✓ [DescargasParalelasPaso] Completado.
[23:42:58] ▶ [CompararActasPaso] Iniciando...
[23:42:58] ==================================================
[23:42:58] 🚀 PASO: CompararActasPaso
[23:42:58] ==================================================
[23:42:58] 🔍 Comparando actas del SEMyT contra pagos del Juzgado...
[23:42:58] ================================================================================
[23:42:58] INICIANDO PROCESO DE GENERACIÓN DE PAGOS DESACTUALIZADOS
[23:42:58] ================================================================================
[23:42:58] 📂 Cargando archivos...
[23:42:58]   ✓ Pagos: 16855 registros
[23:43:16]   ✓ Excel SIGEMI (multas vencidas viejas): 103582 registros
[23:43:22]   ✓ Excel Juzgado (multas vencidas nuevas): 40129 registros
[23:43:25] ================================================================================
[23:43:25] PASO 1: LLENANDO ACTA_NUMERO (búsqueda por patente + fecha, con desempate por hora)
[23:43:25] ================================================================================
[23:43:32] 📊 ESTADÍSTICAS DE LLENADO DE ACTAS:
[23:43:32]   • Pagos con acta ORIGINAL: 2869
[23:43:32]   • Pagos SIN acta (buscados): 13986
[23:43:32]   • Pagos LLENADOS exitosamente: 0
[23:43:32]   • Pagos NO encontrados en multas: 13986
[23:43:32]   • Pagos SIN RESOLVER por desbalance de cantidades: 0
[23:43:33] ================================================================================
[23:43:33] PASO 1: LLENANDO ACTA_NUMERO (búsqueda por patente + fecha, con desempate por hora)
[23:43:33] ================================================================================
[23:43:39] 📊 ESTADÍSTICAS DE LLENADO DE ACTAS:
[23:43:39]   • Pagos con acta ORIGINAL: 2869
[23:43:39]   • Pagos SIN acta (buscados): 13986
[23:43:39]   • Pagos LLENADOS exitosamente: 0
[23:43:39]   • Pagos NO encontrados en multas: 13986
[23:43:39]   • Pagos SIN RESOLVER por desbalance de cantidades: 0
[23:43:39] ⏱ PASO 1 (llenar actas): 16.8s
[23:43:39] ================================================================================
[23:43:39] PASO 2: FILTRANDO PAGOS CON ACTA_NUMERO COMPLETO
[23:43:39] ================================================================================
[23:43:39] 📊 ESTADÍSTICAS DE FILTRADO:
[23:43:39]   • Pagos TOTALES al inicio: 16855
[23:43:39]   • Pagos CON acta (MANTIENEN): 2869
[23:43:39]   • Pagos RECHAZADOS (sin coincidencias): 13986
[23:43:39] ⚠️  Se eliminaron 13986 registros sin número de acta
[23:43:39]      (recordá: esto incluye tanto pagos ya actualizados/pagados
[23:43:39]       como pagos que quedaron sin resolver por desbalance en el Paso 1)
[23:43:39] ================================================================================
[23:43:39] PASO 2-bis: CONFIRMANDO VIGENCIA DE PAGOS DEL SISTEMA NUEVO (contra MULTAS_JUZGADO_CRUCE)
[23:43:39] ================================================================================
[23:43:40]   ⚠ 2868 pago(s) del sistema nuevo descartados: su acta ya no figura como vencida en MULTAS_JUZGADO_CRUCE (SEMyT ya los actualizó).
[23:43:40]   • Pagos del sistema nuevo descartados por ya estar actualizados: 2868
[23:43:40] ⏱ PASO 2 (filtrar): 1.2s
[23:43:40] 📂 Cargando maestro de causas SIGEMI...
[23:43:40]   ✓ Causas totales (maestro): 134069 registros
[23:43:40] ⏱ PASO 2.5 (causas simplificado): 0.1s
[23:43:40] ================================================================================
[23:43:40] PASO 2.5: ARMANDO causas.txt SIMPLIFICADO (cruce contra total_causas_sigemi.txt)
[23:43:40] ================================================================================
[23:43:42]   • Actas vencidas viejas (multas): 103582
[23:43:42]   • Causas totales en el maestro SIGEMI: 134069
[23:43:42]   • Causas que coinciden (simplificado): 103252
[23:43:42]   ✅ Archivo escrito: backend/descargas/causas/causas.txt
[23:43:43] ⏱ PASO 2.5 (causas simplificado): 2.6s
[23:43:43] ================================================================================
[23:43:43] PASO 3: LLENANDO CAUSA_NUMERO (según fecha de cambio de sistema, cruzando por acta + año)
[23:43:43] ================================================================================
[23:43:43] 📊 ESTADÍSTICAS DE LLENADO DE CAUSAS:
[23:43:43]   • Pagos con causa ORIGINAL: 1
[23:43:43]   • Causas encontradas en SIGEMI (actas viejas): 0
[23:43:43]   • Causas NO encontradas en SIGEMI: 0
[23:43:43]   • Causas asignadas automáticamente (actas nuevas): 0
[23:43:43] ⏱ PASO 3 (llenar causas): 0.0s
[23:43:43] ================================================================================
[23:43:43] PASO 4: ORDENANDO POR FECHA Y ACTA_NUMERO
[23:43:43] ================================================================================
[23:43:43] ✓ Pagos ordenados correctamente
[23:43:43]   • Primera entrada: Acta=268492, Fecha=19/02/2026
[23:43:43]   • Última entrada: Acta=268492, Fecha=19/02/2026
[23:43:43] 📝 Escribiendo archivo de salida...
[23:43:43]   ✅ Archivo escrito: backend/descargas/pagos/2026-07-23/PAGOS 20260723 234258.txt
[23:43:43]   ✅ Total registros: 264
[23:43:43] ⏱ PASO 4 (ordenar y escribir): 0.0s
[23:43:43] ================================================================================
[23:43:43] ✅ PROCESO COMPLETADO EXITOSAMENTE
[23:43:43] ================================================================================
[23:43:43] 📊 RESUMEN FINAL DEL PROCESAMIENTO:
[23:43:43]   ENTRADA:
[23:43:43]     • Pagos originales: 16855
[23:43:43]     • Multas SIGEMI cargadas: 103582
[23:43:43]     • Multas Juzgado cargadas: 40129
[23:43:43]     • Causas simplificadas (usadas para el cruce): 103252
[23:43:43]   PROCESO:
[23:43:43]     • Pagos rechazados sigemi: 13986
[23:43:43]     • Pagos rechazados juzgado: 2868
[23:43:43]   SALIDA:
[23:43:43]     • Pagos desactualizados procesados: 1
[23:43:43]     • Archivo final: backend/descargas/pagos/2026-07-23/PAGOS 20260723 234258.txt
[23:43:43]     • Ordenados por fecha: SÍ ✓
[23:43:43]     • Todos con ACTA_NUMERO: SÍ ✓
[23:43:43]     • Todos con CAUSA_NUMERO: SÍ ✓
[23:43:43] ✅ TXT de pagos (ya cruzado con actas y causas) generado en: backend/descargas/pagos/2026-07-23/PAGOS 20260723 234258.txt
[23:43:43] 🧹 TXT de pagos crudo eliminado (ya usado en el cruce): backend/descargas/pagos/2026-07-23/PAGOS DESCARGADOS.txt
[23:43:43] 🧹 Excel MULTAS_SIGEMI_CRUCE eliminado (ya usado en el cruce): backend/descargas/cache_actas_cruce/MULTAS_SIGEMI_CRUCE.xlsx
[23:43:43] 🧹 Excel MULTAS_JUZGADO_CRUCE eliminado (ya usado en el cruce): backend/descargas/cache_actas_cruce/MULTAS_JUZGADO_CRUCE.xlsx
[23:43:43] ✅ CompararActasPaso finalizado. (⏱ 44.8s)
[23:43:43] ✓ [CompararActasPaso] Completado.
[23:43:43] ▶ [CargarPagosPaso] Iniciando...
[23:43:43] ==================================================
[23:43:43] 🚀 PASO: CargarPagosPaso
[23:43:43] ==================================================
[23:43:43] 📤 Subiendo TXT de pagos al SEMyT...
[23:43:46] ✅ Importación de pagos completada con éxito.
[23:43:46] ✅ Archivo TXT de pagos cargado en el SEMyT correctamente.
[23:43:46] ✅ CargarPagosPaso finalizado. (⏱ 3.0s)
[23:43:46] ✓ [CargarPagosPaso] Completado.
[23:43:46] === Ejecución finalizada con éxito ===
