[11:21:58] === Inicio de ejecución: pagos ===
[11:22:01] ▶ [LoginSemytPaso] Iniciando...
[11:22:01] ==================================================
[11:22:01] 🚀 PASO: LoginSemytPaso
[11:22:01] ==================================================
[11:22:02] Abriendo SEMyT...
[11:22:27] ✅ [SEMyT] Sesión existente detectada. Login omitido.
[11:22:28] ✅ LoginSemytPaso finalizado. (⏱ 27.3s)
[11:22:28] ✓ [LoginSemytPaso] Completado.
[11:22:28] ▶ [LoginJuzgadoPaso] Iniciando...
[11:22:28] ==================================================
[11:22:28] 🚀 PASO: LoginJuzgadoPaso
[11:22:28] ==================================================
[11:22:28] Abriendo sitio municipalidad (CiDi)...
[11:22:30] ✅ [Juzgado] Sesión existente detectada. Login omitido.
[11:22:31] ✅ LoginJuzgadoPaso finalizado. (⏱ 2.5s)
[11:22:31] ✓ [LoginJuzgadoPaso] Completado.
[11:22:31] ▶ [DescargasParalelasPaso] Iniciando...
[11:22:31] ==================================================
[11:22:31] 🚀 PASO: DescargasParalelasPaso
[11:22:31] ==================================================
[11:22:33] 📤 Arrancando las 3 descargas en paralelo (mismo browser, páginas separadas)...
[11:22:33] Fecha Desde: 27/06/2024
[11:22:33] Fecha Hasta: 24/11/2025
[11:22:33] Fecha Desde: 25/11/2025
[11:22:33] Fecha Hasta: 23/07/2026
[11:22:33] Descargando Excel...
[11:22:33] Descargando Excel...
[11:22:57] ✅ TXT de pagos descargado en: backend/descargas/pagos/2026-07-23/PAGOS DESCARGADOS.txt
[11:22:57] ⏱ [pagos_txt] completado en 24.5s
[11:22:58] Archivo descargado en: backend/descargas/cache_actas_cruce/MULTAS_JUZGADO_CRUCE.xlsx
[11:23:05] ⏱ [actas_juzgado] completado en 32.1s
[11:23:29] Archivo descargado en: backend/descargas/cache_actas_cruce/MULTAS_SIGEMI_CRUCE.xlsx
[11:23:46] ⏱ [actas_sigemi] completado en 73.1s
[11:23:46] ⏱ TOTAL descargas en paralelo: 73.1s
[11:23:46] ✅ DescargasParalelasPaso finalizado. (⏱ 74.9s)
[11:23:46] ✓ [DescargasParalelasPaso] Completado.
[11:23:46] ▶ [CompararActasPaso] Iniciando...
[11:23:46] ==================================================
[11:23:46] 🚀 PASO: CompararActasPaso
[11:23:46] ==================================================
[11:23:46] 🔍 Comparando actas del SEMyT contra pagos del Juzgado...
[11:23:46] ================================================================================
[11:23:46] INICIANDO PROCESO DE GENERACIÓN DE PAGOS DESACTUALIZADOS
[11:23:46] ================================================================================
[11:23:46] 📂 Cargando archivos...
[11:23:46]   ✓ Pagos: 16563 registros
[11:24:02]   ✓ Excel SIGEMI (multas vencidas viejas): 103702 registros
[11:24:08]   ✓ Excel Juzgado (multas vencidas nuevas): 40315 registros
[11:24:11] ================================================================================
[11:24:11] PASO 1: LLENANDO ACTA_NUMERO (búsqueda por patente + fecha, con desempate por hora)
[11:24:11] ================================================================================
[11:24:18] 📊 ESTADÍSTICAS DE LLENADO DE ACTAS:
[11:24:18]   • Pagos con acta ORIGINAL: 2692
[11:24:18]   • Pagos SIN acta (buscados): 13871
[11:24:18]   • Pagos LLENADOS exitosamente: 1
[11:24:18]   • Pagos NO encontrados en multas: 13870
[11:24:18]   • Pagos SIN RESOLVER por desbalance de cantidades: 0
[11:24:19] ================================================================================
[11:24:19] PASO 1: LLENANDO ACTA_NUMERO (búsqueda por patente + fecha, con desempate por hora)
[11:24:19] ================================================================================
[11:24:26] 📊 ESTADÍSTICAS DE LLENADO DE ACTAS:
[11:24:26]   • Pagos con acta ORIGINAL: 2693
[11:24:26]   • Pagos SIN acta (buscados): 13870
[11:24:26]   • Pagos LLENADOS exitosamente: 0
[11:24:26]   • Pagos NO encontrados en multas: 13870
[11:24:26]   • Pagos SIN RESOLVER por desbalance de cantidades: 0
[11:24:26] ⏱ PASO 1 (llenar actas): 17.6s
[11:24:26] ================================================================================
[11:24:26] PASO 2: FILTRANDO PAGOS CON ACTA_NUMERO COMPLETO
[11:24:26] ================================================================================
[11:24:26] 📊 ESTADÍSTICAS DE FILTRADO:
[11:24:26]   • Pagos TOTALES al inicio: 16563
[11:24:26]   • Pagos CON acta (MANTIENEN): 2693
[11:24:26]   • Pagos RECHAZADOS (sin coincidencias): 13870
[11:24:26] ⚠️  Se eliminaron 13870 registros sin número de acta
[11:24:26]      (recordá: esto incluye tanto pagos ya actualizados/pagados
[11:24:26]       como pagos que quedaron sin resolver por desbalance en el Paso 1)
[11:24:26] ================================================================================
[11:24:26] PASO 2-bis: CONFIRMANDO VIGENCIA DE PAGOS DEL SISTEMA NUEVO (contra MULTAS_JUZGADO_CRUCE)
[11:24:26] ================================================================================
[11:24:27]   ⚠ 2684 pago(s) del sistema nuevo descartados: su acta ya no figura como vencida en MULTAS_JUZGADO_CRUCE (SEMyT ya los actualizó).
[11:24:27]   • Pagos del sistema nuevo descartados por ya estar actualizados: 2684
[11:24:27] ⏱ PASO 2 (filtrar): 1.2s
[11:24:27] 📂 Cargando maestro de causas SIGEMI...
[11:24:27]   ✓ Causas totales (maestro): 134069 registros
[11:24:27] ⏱ PASO 2.5 (causas simplificado): 0.2s
[11:24:27] ================================================================================
[11:24:27] PASO 2.5: ARMANDO causas.txt SIMPLIFICADO (cruce contra total_causas_sigemi.txt)
[11:24:27] ================================================================================
[11:24:30]   • Actas vencidas viejas (multas): 103702
[11:24:30]   • Causas totales en el maestro SIGEMI: 134069
[11:24:30]   • Causas que coinciden (simplificado): 103372
[11:24:30]   ✅ Archivo escrito: backend/descargas/causas/causas.txt
[11:24:30] ⏱ PASO 2.5 (causas simplificado): 2.8s
[11:24:30] ================================================================================
[11:24:30] PASO 3: LLENANDO CAUSA_NUMERO (según fecha de cambio de sistema, cruzando por acta + año)
[11:24:30] ================================================================================
[11:24:30] 📊 ESTADÍSTICAS DE LLENADO DE CAUSAS:
[11:24:30]   • Pagos con causa ORIGINAL: 8
[11:24:30]   • Causas encontradas en SIGEMI (actas viejas): 1
[11:24:30]   • Causas NO encontradas en SIGEMI: 0
[11:24:30]   • Causas asignadas automáticamente (actas nuevas): 0
[11:24:30] ⏱ PASO 3 (llenar causas): 0.0s
[11:24:30] ================================================================================
[11:24:30] PASO 4: ORDENANDO POR FECHA Y ACTA_NUMERO
[11:24:30] ================================================================================
[11:24:30] ✓ Pagos ordenados correctamente
[11:24:30]   • Primera entrada: Acta=46442, Fecha=14/09/2024
[11:24:30]   • Última entrada: Acta=281155, Fecha=17/03/2026
[11:24:30] 📝 Escribiendo archivo de salida...
[11:24:30]   ✅ Archivo escrito: backend/descargas/pagos/2026-07-23/PAGOS 20260723 112346.txt
[11:24:30]   ✅ Total registros: 1091
[11:24:30] ⏱ PASO 4 (ordenar y escribir): 0.0s
[11:24:30] ================================================================================
[11:24:30] ✅ PROCESO COMPLETADO EXITOSAMENTE
[11:24:30] ================================================================================
[11:24:30] 📊 RESUMEN FINAL DEL PROCESAMIENTO:
[11:24:30]   ENTRADA:
[11:24:30]     • Pagos originales: 16563
[11:24:30]     • Multas SIGEMI cargadas: 103702
[11:24:30]     • Multas Juzgado cargadas: 40315
[11:24:30]     • Causas simplificadas (usadas para el cruce): 103372
[11:24:30]   PROCESO:
[11:24:30]     • Pagos rechazados sigemi: 13870
[11:24:30]     • Pagos rechazados juzgado: 2684
[11:24:30]   SALIDA:
[11:24:30]     • Pagos desactualizados procesados: 9
[11:24:30]     • Archivo final: backend/descargas/pagos/2026-07-23/PAGOS 20260723 112346.txt
[11:24:30]     • Ordenados por fecha: SÍ ✓
[11:24:30]     • Todos con ACTA_NUMERO: SÍ ✓
[11:24:30]     • Todos con CAUSA_NUMERO: SÍ ✓
[11:24:30] ✅ TXT de pagos (ya cruzado con actas y causas) generado en: backend/descargas/pagos/2026-07-23/PAGOS 20260723 112346.txt
[11:24:30] 🧹 TXT de pagos crudo eliminado (ya usado en el cruce): backend/descargas/pagos/2026-07-23/PAGOS DESCARGADOS.txt
[11:24:30] 🧹 Excel MULTAS_SIGEMI_CRUCE eliminado (ya usado en el cruce): backend/descargas/cache_actas_cruce/MULTAS_SIGEMI_CRUCE.xlsx
[11:24:30] 🧹 Excel MULTAS_JUZGADO_CRUCE eliminado (ya usado en el cruce): backend/descargas/cache_actas_cruce/MULTAS_JUZGADO_CRUCE.xlsx
[11:24:30] ✅ CompararActasPaso finalizado. (⏱ 44.6s)
[11:24:30] ✓ [CompararActasPaso] Completado.
[11:24:30] ▶ [CargarPagosPaso] Iniciando...
[11:24:30] ==================================================
[11:24:30] 🚀 PASO: CargarPagosPaso
[11:24:30] ==================================================
[11:24:30] 📤 Subiendo TXT de pagos al SEMyT...
[11:24:33] ✅ Importación de pagos completada con éxito.
[11:24:33] ✅ Archivo TXT de pagos cargado en el SEMyT correctamente.
[11:24:33] ✅ CargarPagosPaso finalizado. (⏱ 3.0s)
[11:24:33] ✓ [CargarPagosPaso] Completado.
[11:24:33] === Ejecución finalizada con éxito ===
