[00:00:07] ⏳ [Automático] Tocaba disparar 'sesiones' pero hay una ejecución en curso; la limpieza de sesiones espera a que termine; se reintenta en breve sin perder el turno.
[00:00:07] ⏳ [Automático] Tocaba disparar 'pagos' pero ya hay una ejecución en curso (Actualizar pagos); esperando a que termine; se reintenta en breve sin perder el turno.
[00:01:22] 🔐 [Automático] Limpieza diaria de sesiones (00:00): se fuerza login nuevo en la próxima corrida.
[00:03:22] 🤖 [Automático] Es hora de actualizar pagos. Arrancando...
[00:03:37] ⏳ [Automático] Tocaba disparar 'pagos' pero ya hay una ejecución en curso (Actualizar pagos); esperando a que termine; se reintenta en breve sin perder el turno.
[00:07:07] 🤖 [Automático] Es hora de actualizar pagos. Arrancando...
[00:07:22] ⏳ [Automático] Tocaba disparar 'pagos' pero ya hay una ejecución en curso (Actualizar pagos); esperando a que termine; se reintenta en breve sin perder el turno.
[00:10:52] 🤖 [Automático] Es hora de actualizar pagos. Arrancando...
[00:11:07] ⏳ [Automático] Tocaba disparar 'pagos' pero ya hay una ejecución en curso (Actualizar pagos); esperando a que termine; se reintenta en breve sin perder el turno.
[00:14:07] 🤖 [Automático] Es hora de actualizar pagos. Arrancando...
[00:14:22] ⏳ [Automático] Tocaba disparar 'pagos' pero ya hay una ejecución en curso (Actualizar pagos); esperando a que termine; se reintenta en breve sin perder el turno.
[00:17:22] 🤖 [Automático] Es hora de actualizar pagos. Arrancando...
[00:17:37] ⏳ [Automático] Tocaba disparar 'pagos' pero ya hay una ejecución en curso (Actualizar pagos); esperando a que termine; se reintenta en breve sin perder el turno.
[00:21:07] 🤖 [Automático] Es hora de actualizar pagos. Arrancando...
[00:21:22] ⏳ [Automático] Tocaba disparar 'pagos' pero ya hay una ejecución en curso (Actualizar pagos); esperando a que termine; se reintenta en breve sin perder el turno.
[00:24:22] 🤖 [Automático] Es hora de actualizar pagos. Arrancando...
[00:24:37] ⏳ [Automático] Tocaba disparar 'pagos' pero ya hay una ejecución en curso (Actualizar pagos); esperando a que termine; se reintenta en breve sin perder el turno.
[00:27:52] 🤖 [Automático] Es hora de actualizar pagos. Arrancando...
[00:28:07] ⏳ [Automático] Tocaba disparar 'pagos' pero ya hay una ejecución en curso (Actualizar pagos); esperando a que termine; se reintenta en breve sin perder el turno.
[00:31:07] 🤖 [Automático] Es hora de actualizar pagos. Arrancando...
[00:31:23] ⏳ [Automático] Tocaba disparar 'pagos' pero ya hay una ejecución en curso (Actualizar pagos); esperando a que termine; se reintenta en breve sin perder el turno.
[00:34:38] 🤖 [Automático] Es hora de actualizar pagos. Arrancando...
[00:34:53] ⏳ [Automático] Tocaba disparar 'pagos' pero ya hay una ejecución en curso (Actualizar pagos); esperando a que termine; se reintenta en breve sin perder el turno.
[00:37:53] 🤖 [Automático] Es hora de actualizar pagos. Arrancando...
[00:38:08] ⏳ [Automático] Tocaba disparar 'pagos' pero ya hay una ejecución en curso (Actualizar pagos); esperando a que termine; se reintenta en breve sin perder el turno.
[00:41:08] 🤖 [Automático] Es hora de actualizar pagos. Arrancando...
[00:41:23] ⏳ [Automático] Tocaba disparar 'pagos' pero ya hay una ejecución en curso (Actualizar pagos); esperando a que termine; se reintenta en breve sin perder el turno.
[00:44:23] 🤖 [Automático] Es hora de actualizar pagos. Arrancando...
[00:44:38] ⏳ [Automático] Tocaba disparar 'pagos' pero ya hay una ejecución en curso (Actualizar pagos); esperando a que termine; se reintenta en breve sin perder el turno.
[00:47:38] 🤖 [Automático] Es hora de actualizar pagos. Arrancando...
[00:47:53] ⏳ [Automático] Tocaba disparar 'pagos' pero ya hay una ejecución en curso (Actualizar pagos); esperando a que termine; se reintenta en breve sin perder el turno.
[00:50:53] 🤖 [Automático] Es hora de actualizar pagos. Arrancando...
[00:51:08] ⏳ [Automático] Tocaba disparar 'pagos' pero ya hay una ejecución en curso (Actualizar pagos); esperando a que termine; se reintenta en breve sin perder el turno.
[00:53:53] 🤖 [Automático] Es hora de actualizar pagos. Arrancando...
[00:54:08] ⏳ [Automático] Tocaba disparar 'pagos' pero ya hay una ejecución en curso (Actualizar pagos); esperando a que termine; se reintenta en breve sin perder el turno.
[00:57:08] 🤖 [Automático] Es hora de actualizar pagos. Arrancando...
[00:57:23] ⏳ [Automático] Tocaba disparar 'pagos' pero ya hay una ejecución en curso (Actualizar pagos); esperando a que termine; se reintenta en breve sin perder el turno.
[01:00:24] 🤖 [Automático] Es hora de actualizar pagos. Arrancando...
[01:00:39] ⏳ [Automático] Tocaba disparar 'pagos' pero ya hay una ejecución en curso (Actualizar pagos); esperando a que termine; se reintenta en breve sin perder el turno.
[01:03:39] 🤖 [Automático] Es hora de actualizar pagos. Arrancando...
[01:03:54] ⏳ [Automático] Tocaba disparar 'pagos' pero ya hay una ejecución en curso (Actualizar pagos); esperando a que termine; se reintenta en breve sin perder el turno.
[01:06:54] 🤖 [Automático] Es hora de actualizar pagos. Arrancando...
[01:07:09] ⏳ [Automático] Tocaba disparar 'pagos' pero ya hay una ejecución en curso (Actualizar pagos); esperando a que termine; se reintenta en breve sin perder el turno.
[01:10:09] 🤖 [Automático] Es hora de actualizar pagos. Arrancando...
[01:10:24] ⏳ [Automático] Tocaba disparar 'pagos' pero ya hay una ejecución en curso (Actualizar pagos); esperando a que termine; se reintenta en breve sin perder el turno.
[01:13:24] 🤖 [Automático] Es hora de actualizar pagos. Arrancando...
[01:13:39] ⏳ [Automático] Tocaba disparar 'pagos' pero ya hay una ejecución en curso (Actualizar pagos); esperando a que termine; se reintenta en breve sin perder el turno.
[01:16:39] 🤖 [Automático] Es hora de actualizar pagos. Arrancando...
[01:16:54] ⏳ [Automático] Tocaba disparar 'pagos' pero ya hay una ejecución en curso (Actualizar pagos); esperando a que termine; se reintenta en breve sin perder el turno.
[01:19:54] 🤖 [Automático] Es hora de actualizar pagos. Arrancando...
[01:20:09] ⏳ [Automático] Tocaba disparar 'pagos' pero ya hay una ejecución en curso (Actualizar pagos); esperando a que termine; se reintenta en breve sin perder el turno.
[01:23:10] 🤖 [Automático] Es hora de actualizar pagos. Arrancando...
[01:23:25] ⏳ [Automático] Tocaba disparar 'pagos' pero ya hay una ejecución en curso (Actualizar pagos); esperando a que termine; se reintenta en breve sin perder el turno.
[01:26:40] 🤖 [Automático] Es hora de actualizar pagos. Arrancando...
[01:26:55] ⏳ [Automático] Tocaba disparar 'pagos' pero ya hay una ejecución en curso (Actualizar pagos); esperando a que termine; se reintenta en breve sin perder el turno.
[01:30:10] 🤖 [Automático] Es hora de actualizar pagos. Arrancando...
[01:30:25] ⏳ [Automático] Tocaba disparar 'pagos' pero ya hay una ejecución en curso (Actualizar pagos); esperando a que termine; se reintenta en breve sin perder el turno.
[01:33:25] 🤖 [Automático] Es hora de actualizar pagos. Arrancando...
[01:33:40] ⏳ [Automático] Tocaba disparar 'pagos' pero ya hay una ejecución en curso (Actualizar pagos); esperando a que termine; se reintenta en breve sin perder el turno.
[01:36:40] 🤖 [Automático] Es hora de actualizar pagos. Arrancando...
[01:36:55] ⏳ [Automático] Tocaba disparar 'pagos' pero ya hay una ejecución en curso (Actualizar pagos); esperando a que termine; se reintenta en breve sin perder el turno.
[01:40:10] 🤖 [Automático] Es hora de actualizar pagos. Arrancando...
[01:40:25] ⏳ [Automático] Tocaba disparar 'pagos' pero ya hay una ejecución en curso (Actualizar pagos); esperando a que termine; se reintenta en breve sin perder el turno.
[01:43:25] 🤖 [Automático] Es hora de actualizar pagos. Arrancando...
[01:43:40] ⏳ [Automático] Tocaba disparar 'pagos' pero ya hay una ejecución en curso (Actualizar pagos); esperando a que termine; se reintenta en breve sin perder el turno.
[01:46:55] 🤖 [Automático] Es hora de actualizar pagos. Arrancando...
[01:47:10] ⏳ [Automático] Tocaba disparar 'pagos' pero ya hay una ejecución en curso (Actualizar pagos); esperando a que termine; se reintenta en breve sin perder el turno.
[01:50:40] 🤖 [Automático] Es hora de actualizar pagos. Arrancando...
[01:50:55] ⏳ [Automático] Tocaba disparar 'pagos' pero ya hay una ejecución en curso (Actualizar pagos); esperando a que termine; se reintenta en breve sin perder el turno.
[01:54:11] 🤖 [Automático] Es hora de actualizar pagos. Arrancando...
[01:54:26] ⏳ [Automático] Tocaba disparar 'pagos' pero ya hay una ejecución en curso (Actualizar pagos); esperando a que termine; se reintenta en breve sin perder el turno.
[01:57:26] 🤖 [Automático] Es hora de actualizar pagos. Arrancando...
[01:57:41] ⏳ [Automático] Tocaba disparar 'pagos' pero ya hay una ejecución en curso (Actualizar pagos); esperando a que termine; se reintenta en breve sin perder el turno.
[02:00:56] 🤖 [Automático] Es hora de actualizar pagos. Arrancando...
[02:01:11] ⏳ [Automático] Tocaba disparar 'pagos' pero ya hay una ejecución en curso (Actualizar pagos); esperando a que termine; se reintenta en breve sin perder el turno.
[02:04:26] 🤖 [Automático] Es hora de actualizar pagos. Arrancando...
[02:04:41] ⏳ [Automático] Tocaba disparar 'pagos' pero ya hay una ejecución en curso (Actualizar pagos); esperando a que termine; se reintenta en breve sin perder el turno.
[02:07:56] 🤖 [Automático] Es hora de actualizar pagos. Arrancando...
[02:08:11] ⏳ [Automático] Tocaba disparar 'pagos' pero ya hay una ejecución en curso (Actualizar pagos); esperando a que termine; se reintenta en breve sin perder el turno.
[02:11:41] 🤖 [Automático] Es hora de actualizar pagos. Arrancando...
[02:11:57] ⏳ [Automático] Tocaba disparar 'pagos' pero ya hay una ejecución en curso (Actualizar pagos); esperando a que termine; se reintenta en breve sin perder el turno.
[02:15:12] 🤖 [Automático] Es hora de actualizar pagos. Arrancando...
[02:15:27] ⏳ [Automático] Tocaba disparar 'pagos' pero ya hay una ejecución en curso (Actualizar pagos); esperando a que termine; se reintenta en breve sin perder el turno.
[02:18:27] 🤖 [Automático] Es hora de actualizar pagos. Arrancando...
[02:18:42] ⏳ [Automático] Tocaba disparar 'pagos' pero ya hay una ejecución en curso (Actualizar pagos); esperando a que termine; se reintenta en breve sin perder el turno.
[02:21:58] 🤖 [Automático] Es hora de actualizar pagos. Arrancando...
[02:22:13] ⏳ [Automático] Tocaba disparar 'pagos' pero ya hay una ejecución en curso (Actualizar pagos); esperando a que termine; se reintenta en breve sin perder el turno.
[02:25:28] 🤖 [Automático] Es hora de actualizar pagos. Arrancando...
[02:25:43] ⏳ [Automático] Tocaba disparar 'pagos' pero ya hay una ejecución en curso (Actualizar pagos); esperando a que termine; se reintenta en breve sin perder el turno.
[02:28:43] 🤖 [Automático] Es hora de actualizar pagos. Arrancando...
[02:28:58] ⏳ [Automático] Tocaba disparar 'pagos' pero ya hay una ejecución en curso (Actualizar pagos); esperando a que termine; se reintenta en breve sin perder el turno.
[02:32:28] 🤖 [Automático] Es hora de actualizar pagos. Arrancando...
[02:32:43] ⏳ [Automático] Tocaba disparar 'pagos' pero ya hay una ejecución en curso (Actualizar pagos); esperando a que termine; se reintenta en breve sin perder el turno.
[02:35:58] 🤖 [Automático] Es hora de actualizar pagos. Arrancando...
[02:36:13] ⏳ [Automático] Tocaba disparar 'pagos' pero ya hay una ejecución en curso (Actualizar pagos); esperando a que termine; se reintenta en breve sin perder el turno.
[02:39:43] 🤖 [Automático] Es hora de actualizar pagos. Arrancando...
[02:39:59] ⏳ [Automático] Tocaba disparar 'pagos' pero ya hay una ejecución en curso (Actualizar pagos); esperando a que termine; se reintenta en breve sin perder el turno.
[02:42:59] 🤖 [Automático] Es hora de actualizar pagos. Arrancando...
[02:43:15] ⏳ [Automático] Tocaba disparar 'pagos' pero ya hay una ejecución en curso (Actualizar pagos); esperando a que termine; se reintenta en breve sin perder el turno.
[02:46:16] 🤖 [Automático] Es hora de actualizar pagos. Arrancando...
[02:46:31] ⏳ [Automático] Tocaba disparar 'pagos' pero ya hay una ejecución en curso (Actualizar pagos); esperando a que termine; se reintenta en breve sin perder el turno.
[02:51:03] 🤖 [Automático] Es hora de actualizar pagos. Arrancando...
[02:51:18] ⏳ [Automático] Tocaba disparar 'pagos' pero ya hay una ejecución en curso (Actualizar pagos); esperando a que termine; se reintenta en breve sin perder el turno.
[02:54:33] 🤖 [Automático] Es hora de actualizar pagos. Arrancando...
[02:54:48] ⏳ [Automático] Tocaba disparar 'pagos' pero ya hay una ejecución en curso (Actualizar pagos); esperando a que termine; se reintenta en breve sin perder el turno.
[02:57:48] 🤖 [Automático] Es hora de actualizar pagos. Arrancando...
[02:58:03] ⏳ [Automático] Tocaba disparar 'pagos' pero ya hay una ejecución en curso (Actualizar pagos); esperando a que termine; se reintenta en breve sin perder el turno.
[03:01:19] 🤖 [Automático] Es hora de actualizar pagos. Arrancando...
[03:01:34] ⏳ [Automático] Tocaba disparar 'pagos' pero ya hay una ejecución en curso (Actualizar pagos); esperando a que termine; se reintenta en breve sin perder el turno.
[03:04:49] 🤖 [Automático] Es hora de actualizar pagos. Arrancando...
[03:05:04] ⏳ [Automático] Tocaba disparar 'pagos' pero ya hay una ejecución en curso (Actualizar pagos); esperando a que termine; se reintenta en breve sin perder el turno.
[03:08:19] 🤖 [Automático] Es hora de actualizar pagos. Arrancando...
[03:08:34] ⏳ [Automático] Tocaba disparar 'pagos' pero ya hay una ejecución en curso (Actualizar pagos); esperando a que termine; se reintenta en breve sin perder el turno.
[03:12:05] 🤖 [Automático] Es hora de actualizar pagos. Arrancando...
[03:12:20] ⏳ [Automático] Tocaba disparar 'pagos' pero ya hay una ejecución en curso (Actualizar pagos); esperando a que termine; se reintenta en breve sin perder el turno.
[03:15:35] 🤖 [Automático] Es hora de actualizar pagos. Arrancando...
[03:15:50] ⏳ [Automático] Tocaba disparar 'pagos' pero ya hay una ejecución en curso (Actualizar pagos); esperando a que termine; se reintenta en breve sin perder el turno.
[03:18:50] 🤖 [Automático] Es hora de actualizar pagos. Arrancando...
[03:19:06] ⏳ [Automático] Tocaba disparar 'pagos' pero ya hay una ejecución en curso (Actualizar pagos); esperando a que termine; se reintenta en breve sin perder el turno.
[03:22:21] 🤖 [Automático] Es hora de actualizar pagos. Arrancando...
[03:22:36] ⏳ [Automático] Tocaba disparar 'pagos' pero ya hay una ejecución en curso (Actualizar pagos); esperando a que termine; se reintenta en breve sin perder el turno.
[03:26:22] 🤖 [Automático] Es hora de actualizar pagos. Arrancando...
[03:26:37] ⏳ [Automático] Tocaba disparar 'pagos' pero ya hay una ejecución en curso (Actualizar pagos); esperando a que termine; se reintenta en breve sin perder el turno.
[03:30:07] 🤖 [Automático] Es hora de actualizar pagos. Arrancando...
[03:30:22] ⏳ [Automático] Tocaba disparar 'pagos' pero ya hay una ejecución en curso (Actualizar pagos); esperando a que termine; se reintenta en breve sin perder el turno.
[03:33:52] 🤖 [Automático] Es hora de actualizar pagos. Arrancando...
[03:34:07] ⏳ [Automático] Tocaba disparar 'pagos' pero ya hay una ejecución en curso (Actualizar pagos); esperando a que termine; se reintenta en breve sin perder el turno.
[03:37:23] 🤖 [Automático] Es hora de actualizar pagos. Arrancando...
[03:37:38] ⏳ [Automático] Tocaba disparar 'pagos' pero ya hay una ejecución en curso (Actualizar pagos); esperando a que termine; se reintenta en breve sin perder el turno.
[03:40:53] 🤖 [Automático] Es hora de actualizar pagos. Arrancando...
[03:41:08] ⏳ [Automático] Tocaba disparar 'pagos' pero ya hay una ejecución en curso (Actualizar pagos); esperando a que termine; se reintenta en breve sin perder el turno.
[03:44:38] 🤖 [Automático] Es hora de actualizar pagos. Arrancando...
[03:44:53] ⏳ [Automático] Tocaba disparar 'pagos' pero ya hay una ejecución en curso (Actualizar pagos); esperando a que termine; se reintenta en breve sin perder el turno.
[03:48:24] 🤖 [Automático] Es hora de actualizar pagos. Arrancando...
[03:48:39] ⏳ [Automático] Tocaba disparar 'pagos' pero ya hay una ejecución en curso (Actualizar pagos); esperando a que termine; se reintenta en breve sin perder el turno.
[03:51:39] 🤖 [Automático] Es hora de actualizar pagos. Arrancando...
[03:51:54] ⏳ [Automático] Tocaba disparar 'pagos' pero ya hay una ejecución en curso (Actualizar pagos); esperando a que termine; se reintenta en breve sin perder el turno.
[03:54:54] 🤖 [Automático] Es hora de actualizar pagos. Arrancando...
[03:55:09] ⏳ [Automático] Tocaba disparar 'pagos' pero ya hay una ejecución en curso (Actualizar pagos); esperando a que termine; se reintenta en breve sin perder el turno.
[03:58:09] 🤖 [Automático] Es hora de actualizar pagos. Arrancando...
[03:58:24] ⏳ [Automático] Tocaba disparar 'pagos' pero ya hay una ejecución en curso (Actualizar pagos); esperando a que termine; se reintenta en breve sin perder el turno.
[04:01:39] 🤖 [Automático] Es hora de actualizar pagos. Arrancando...
[04:01:54] ⏳ [Automático] Tocaba disparar 'pagos' pero ya hay una ejecución en curso (Actualizar pagos); esperando a que termine; se reintenta en breve sin perder el turno.
[04:04:54] 🤖 [Automático] Es hora de actualizar pagos. Arrancando...
[04:05:09] ⏳ [Automático] Tocaba disparar 'pagos' pero ya hay una ejecución en curso (Actualizar pagos); esperando a que termine; se reintenta en breve sin perder el turno.
[04:07:54] 🤖 [Automático] Es hora de actualizar pagos. Arrancando...
[04:08:09] ⏳ [Automático] Tocaba disparar 'pagos' pero ya hay una ejecución en curso (Actualizar pagos); esperando a que termine; se reintenta en breve sin perder el turno.
[04:10:55] 🤖 [Automático] Es hora de actualizar pagos. Arrancando...
[04:11:10] ⏳ [Automático] Tocaba disparar 'pagos' pero ya hay una ejecución en curso (Actualizar pagos); esperando a que termine; se reintenta en breve sin perder el turno.
[04:14:55] 🤖 [Automático] Es hora de actualizar pagos. Arrancando...
[04:15:10] ⏳ [Automático] Tocaba disparar 'pagos' pero ya hay una ejecución en curso (Actualizar pagos); esperando a que termine; se reintenta en breve sin perder el turno.
[04:18:40] 🤖 [Automático] Es hora de actualizar pagos. Arrancando...
[04:18:55] ⏳ [Automático] Tocaba disparar 'pagos' pero ya hay una ejecución en curso (Actualizar pagos); esperando a que termine; se reintenta en breve sin perder el turno.
[04:22:26] 🤖 [Automático] Es hora de actualizar pagos. Arrancando...
[04:22:41] ⏳ [Automático] Tocaba disparar 'pagos' pero ya hay una ejecución en curso (Actualizar pagos); esperando a que termine; se reintenta en breve sin perder el turno.
[04:25:41] 🤖 [Automático] Es hora de actualizar pagos. Arrancando...
[04:25:56] ⏳ [Automático] Tocaba disparar 'pagos' pero ya hay una ejecución en curso (Actualizar pagos); esperando a que termine; se reintenta en breve sin perder el turno.
[04:30:11] 🤖 [Automático] Es hora de actualizar pagos. Arrancando...
[04:30:26] ⏳ [Automático] Tocaba disparar 'pagos' pero ya hay una ejecución en curso (Actualizar pagos); esperando a que termine; se reintenta en breve sin perder el turno.
[04:33:57] 🤖 [Automático] Es hora de actualizar pagos. Arrancando...
[04:34:12] ⏳ [Automático] Tocaba disparar 'pagos' pero ya hay una ejecución en curso (Actualizar pagos); esperando a que termine; se reintenta en breve sin perder el turno.
[04:38:43] 🤖 [Automático] Es hora de actualizar pagos. Arrancando...
[04:38:58] ⏳ [Automático] Tocaba disparar 'pagos' pero ya hay una ejecución en curso (Actualizar pagos); esperando a que termine; se reintenta en breve sin perder el turno.
[04:43:28] 🤖 [Automático] Es hora de actualizar pagos. Arrancando...
[04:43:44] ⏳ [Automático] Tocaba disparar 'pagos' pero ya hay una ejecución en curso (Actualizar pagos); esperando a que termine; se reintenta en breve sin perder el turno.
[04:48:15] 🤖 [Automático] Es hora de actualizar pagos. Arrancando...
[04:48:30] ⏳ [Automático] Tocaba disparar 'pagos' pero ya hay una ejecución en curso (Actualizar pagos); esperando a que termine; se reintenta en breve sin perder el turno.
[04:52:15] 🤖 [Automático] Es hora de actualizar pagos. Arrancando...
[04:52:30] ⏳ [Automático] Tocaba disparar 'pagos' pero ya hay una ejecución en curso (Actualizar pagos); esperando a que termine; se reintenta en breve sin perder el turno.
[04:56:45] 🤖 [Automático] Es hora de actualizar pagos. Arrancando...
[04:57:00] ⏳ [Automático] Tocaba disparar 'pagos' pero ya hay una ejecución en curso (Actualizar pagos); esperando a que termine; se reintenta en breve sin perder el turno.
[05:01:31] 🤖 [Automático] Es hora de actualizar pagos. Arrancando...
[05:01:46] ⏳ [Automático] Tocaba disparar 'pagos' pero ya hay una ejecución en curso (Actualizar pagos); esperando a que termine; se reintenta en breve sin perder el turno.
[05:06:17] 🤖 [Automático] Es hora de actualizar pagos. Arrancando...
[05:06:32] ⏳ [Automático] Tocaba disparar 'pagos' pero ya hay una ejecución en curso (Actualizar pagos); esperando a que termine; se reintenta en breve sin perder el turno.
[05:10:47] 🤖 [Automático] Es hora de actualizar pagos. Arrancando...
[05:11:02] ⏳ [Automático] Tocaba disparar 'pagos' pero ya hay una ejecución en curso (Actualizar pagos); esperando a que termine; se reintenta en breve sin perder el turno.
[05:14:48] 🤖 [Automático] Es hora de actualizar pagos. Arrancando...
[05:15:03] ⏳ [Automático] Tocaba disparar 'pagos' pero ya hay una ejecución en curso (Actualizar pagos); esperando a que termine; se reintenta en breve sin perder el turno.
[05:19:20] 🤖 [Automático] Es hora de actualizar pagos. Arrancando...
[05:19:35] ⏳ [Automático] Tocaba disparar 'pagos' pero ya hay una ejecución en curso (Actualizar pagos); esperando a que termine; se reintenta en breve sin perder el turno.
[05:24:05] 🤖 [Automático] Es hora de actualizar pagos. Arrancando...
[05:24:20] ⏳ [Automático] Tocaba disparar 'pagos' pero ya hay una ejecución en curso (Actualizar pagos); esperando a que termine; se reintenta en breve sin perder el turno.
[05:27:51] 🤖 [Automático] Es hora de actualizar pagos. Arrancando...
[05:28:06] ⏳ [Automático] Tocaba disparar 'pagos' pero ya hay una ejecución en curso (Actualizar pagos); esperando a que termine; se reintenta en breve sin perder el turno.
[05:31:06] 🤖 [Automático] Es hora de actualizar pagos. Arrancando...
[05:31:21] ⏳ [Automático] Tocaba disparar 'pagos' pero ya hay una ejecución en curso (Actualizar pagos); esperando a que termine; se reintenta en breve sin perder el turno.
[05:34:21] 🤖 [Automático] Es hora de actualizar pagos. Arrancando...
[05:34:36] ⏳ [Automático] Tocaba disparar 'pagos' pero ya hay una ejecución en curso (Actualizar pagos); esperando a que termine; se reintenta en breve sin perder el turno.
[05:37:36] 🤖 [Automático] Es hora de actualizar pagos. Arrancando...
[05:37:51] ⏳ [Automático] Tocaba disparar 'pagos' pero ya hay una ejecución en curso (Actualizar pagos); esperando a que termine; se reintenta en breve sin perder el turno.
[05:40:51] 🤖 [Automático] Es hora de actualizar pagos. Arrancando...
[05:41:06] ⏳ [Automático] Tocaba disparar 'pagos' pero ya hay una ejecución en curso (Actualizar pagos); esperando a que termine; se reintenta en breve sin perder el turno.
[05:44:06] 🤖 [Automático] Es hora de actualizar pagos. Arrancando...
[05:44:21] ⏳ [Automático] Tocaba disparar 'pagos' pero ya hay una ejecución en curso (Actualizar pagos); esperando a que termine; se reintenta en breve sin perder el turno.
[05:47:21] 🤖 [Automático] Es hora de actualizar pagos. Arrancando...
[05:47:36] ⏳ [Automático] Tocaba disparar 'pagos' pero ya hay una ejecución en curso (Actualizar pagos); esperando a que termine; se reintenta en breve sin perder el turno.
[05:50:36] 🤖 [Automático] Es hora de actualizar pagos. Arrancando...
[05:50:51] ⏳ [Automático] Tocaba disparar 'pagos' pero ya hay una ejecución en curso (Actualizar pagos); esperando a que termine; se reintenta en breve sin perder el turno.
[05:53:51] 🤖 [Automático] Es hora de actualizar pagos. Arrancando...
[05:54:06] ⏳ [Automático] Tocaba disparar 'pagos' pero ya hay una ejecución en curso (Actualizar pagos); esperando a que termine; se reintenta en breve sin perder el turno.
[05:57:21] 🤖 [Automático] Es hora de actualizar pagos. Arrancando...
[05:57:36] ⏳ [Automático] Tocaba disparar 'pagos' pero ya hay una ejecución en curso (Actualizar pagos); esperando a que termine; se reintenta en breve sin perder el turno.
[06:00:37] 🤖 [Automático] Es hora de actualizar pagos. Arrancando...
[06:00:52] ⏳ [Automático] Tocaba disparar 'pagos' pero ya hay una ejecución en curso (Actualizar pagos); esperando a que termine; se reintenta en breve sin perder el turno.
[06:04:07] 🤖 [Automático] Es hora de actualizar pagos. Arrancando...
[06:04:22] ⏳ [Automático] Tocaba disparar 'pagos' pero ya hay una ejecución en curso (Actualizar pagos); esperando a que termine; se reintenta en breve sin perder el turno.
[06:07:07] 🤖 [Automático] Es hora de actualizar pagos. Arrancando...
[06:07:22] ⏳ [Automático] Tocaba disparar 'pagos' pero ya hay una ejecución en curso (Actualizar pagos); esperando a que termine; se reintenta en breve sin perder el turno.
[06:10:22] 🤖 [Automático] Es hora de actualizar pagos. Arrancando...
[06:10:37] ⏳ [Automático] Tocaba disparar 'pagos' pero ya hay una ejecución en curso (Actualizar pagos); esperando a que termine; se reintenta en breve sin perder el turno.
[06:13:22] 🤖 [Automático] Es hora de actualizar pagos. Arrancando...
[06:13:37] ⏳ [Automático] Tocaba disparar 'pagos' pero ya hay una ejecución en curso (Actualizar pagos); esperando a que termine; se reintenta en breve sin perder el turno.
[06:16:22] 🤖 [Automático] Es hora de actualizar pagos. Arrancando...
[06:16:37] ⏳ [Automático] Tocaba disparar 'pagos' pero ya hay una ejecución en curso (Actualizar pagos); esperando a que termine; se reintenta en breve sin perder el turno.
[06:19:22] 🤖 [Automático] Es hora de actualizar pagos. Arrancando...
[06:19:37] ⏳ [Automático] Tocaba disparar 'pagos' pero ya hay una ejecución en curso (Actualizar pagos); esperando a que termine; se reintenta en breve sin perder el turno.
[06:22:37] 🤖 [Automático] Es hora de actualizar pagos. Arrancando...
[06:22:52] ⏳ [Automático] Tocaba disparar 'pagos' pero ya hay una ejecución en curso (Actualizar pagos); esperando a que termine; se reintenta en breve sin perder el turno.
[06:25:37] 🤖 [Automático] Es hora de actualizar pagos. Arrancando...
[06:25:52] ⏳ [Automático] Tocaba disparar 'pagos' pero ya hay una ejecución en curso (Actualizar pagos); esperando a que termine; se reintenta en breve sin perder el turno.
[06:28:52] 🤖 [Automático] Es hora de actualizar pagos. Arrancando...
[06:29:07] ⏳ [Automático] Tocaba disparar 'pagos' pero ya hay una ejecución en curso (Actualizar pagos); esperando a que termine; se reintenta en breve sin perder el turno.
[06:32:07] 🤖 [Automático] Es hora de actualizar pagos. Arrancando...
[06:32:22] ⏳ [Automático] Tocaba disparar 'pagos' pero ya hay una ejecución en curso (Actualizar pagos); esperando a que termine; se reintenta en breve sin perder el turno.
[06:35:07] 🤖 [Automático] Es hora de actualizar pagos. Arrancando...
[06:35:22] ⏳ [Automático] Tocaba disparar 'pagos' pero ya hay una ejecución en curso (Actualizar pagos); esperando a que termine; se reintenta en breve sin perder el turno.
[06:38:07] 🤖 [Automático] Es hora de actualizar pagos. Arrancando...
[06:38:23] ⏳ [Automático] Tocaba disparar 'pagos' pero ya hay una ejecución en curso (Actualizar pagos); esperando a que termine; se reintenta en breve sin perder el turno.
[06:41:08] 🤖 [Automático] Es hora de actualizar pagos. Arrancando...
[06:41:23] ⏳ [Automático] Tocaba disparar 'pagos' pero ya hay una ejecución en curso (Actualizar pagos); esperando a que termine; se reintenta en breve sin perder el turno.
[06:44:08] 🤖 [Automático] Es hora de actualizar pagos. Arrancando...
[06:44:23] ⏳ [Automático] Tocaba disparar 'pagos' pero ya hay una ejecución en curso (Actualizar pagos); esperando a que termine; se reintenta en breve sin perder el turno.
[06:47:08] 🤖 [Automático] Es hora de actualizar pagos. Arrancando...
[06:47:23] ⏳ [Automático] Tocaba disparar 'pagos' pero ya hay una ejecución en curso (Actualizar pagos); esperando a que termine; se reintenta en breve sin perder el turno.
[06:50:08] 🤖 [Automático] Es hora de actualizar pagos. Arrancando...
[06:50:23] ⏳ [Automático] Tocaba disparar 'pagos' pero ya hay una ejecución en curso (Actualizar pagos); esperando a que termine; se reintenta en breve sin perder el turno.
[06:52:53] 🤖 [Automático] Es hora de actualizar pagos. Arrancando...
[06:53:08] ⏳ [Automático] Tocaba disparar 'pagos' pero ya hay una ejecución en curso (Actualizar pagos); esperando a que termine; se reintenta en breve sin perder el turno.
[06:55:53] 🤖 [Automático] Es hora de actualizar pagos. Arrancando...
[06:56:08] ⏳ [Automático] Tocaba disparar 'pagos' pero ya hay una ejecución en curso (Actualizar pagos); esperando a que termine; se reintenta en breve sin perder el turno.
[06:58:38] 🤖 [Automático] Es hora de actualizar pagos. Arrancando...
[06:58:53] ⏳ [Automático] Tocaba disparar 'pagos' pero ya hay una ejecución en curso (Actualizar pagos); esperando a que termine; se reintenta en breve sin perder el turno.
[07:01:38] 🤖 [Automático] Es hora de actualizar pagos. Arrancando...
[07:01:53] ⏳ [Automático] Tocaba disparar 'pagos' pero ya hay una ejecución en curso (Actualizar pagos); esperando a que termine; se reintenta en breve sin perder el turno.
[07:04:38] 🤖 [Automático] Es hora de actualizar pagos. Arrancando...
[07:04:53] ⏳ [Automático] Tocaba disparar 'pagos' pero ya hay una ejecución en curso (Actualizar pagos); esperando a que termine; se reintenta en breve sin perder el turno.
[07:07:38] 🤖 [Automático] Es hora de actualizar pagos. Arrancando...
[07:07:53] ⏳ [Automático] Tocaba disparar 'pagos' pero ya hay una ejecución en curso (Actualizar pagos); esperando a que termine; se reintenta en breve sin perder el turno.
[07:10:24] 🤖 [Automático] Es hora de actualizar pagos. Arrancando...
[07:10:39] ⏳ [Automático] Tocaba disparar 'pagos' pero ya hay una ejecución en curso (Actualizar pagos); esperando a que termine; se reintenta en breve sin perder el turno.
[07:13:09] 🤖 [Automático] Es hora de actualizar pagos. Arrancando...
[07:13:24] ⏳ [Automático] Tocaba disparar 'pagos' pero ya hay una ejecución en curso (Actualizar pagos); esperando a que termine; se reintenta en breve sin perder el turno.
[07:15:54] 🤖 [Automático] Es hora de actualizar pagos. Arrancando...
[07:16:09] ⏳ [Automático] Tocaba disparar 'pagos' pero ya hay una ejecución en curso (Actualizar pagos); esperando a que termine; se reintenta en breve sin perder el turno.
[07:18:39] 🤖 [Automático] Es hora de actualizar pagos. Arrancando...
[07:18:54] ⏳ [Automático] Tocaba disparar 'pagos' pero ya hay una ejecución en curso (Actualizar pagos); esperando a que termine; se reintenta en breve sin perder el turno.
[07:28:33] 🤖 [Automático] Es hora de actualizar pagos. Arrancando...
[07:28:35] ❌ [Automático] 'pagos' falló (intento 1 de 4). Se reintenta a las 07:33.
[07:37:44] 🤖 [Automático] Es hora de actualizar pagos (reintento 1 de 3). Arrancando...
[07:37:46] ❌ [Automático] 'pagos' falló (intento 2 de 4). Se reintenta a las 07:52.
[07:52:57] 🤖 [Automático] Es hora de actualizar pagos (reintento 2 de 3). Arrancando...
[07:53:12] ⏳ [Automático] Tocaba disparar 'pagos' pero ya hay una ejecución en curso (Actualizar pagos); esperando a que termine; se reintenta en breve sin perder el turno.
[07:54:28] ✅ [Automático] 'pagos' terminó bien en el reintento 2.
[07:56:42] 🤖 [Automático] Es hora de actualizar pagos. Arrancando...
[07:56:57] ⏳ [Automático] Tocaba disparar 'pagos' pero ya hay una ejecución en curso (Actualizar pagos); esperando a que termine; se reintenta en breve sin perder el turno.
[08:00:12] 🤖 [Automático] Es hora de actualizar pagos. Arrancando...
[08:00:27] ⏳ [Automático] Tocaba disparar 'pagos' pero ya hay una ejecución en curso (Actualizar pagos); esperando a que termine; se reintenta en breve sin perder el turno.
[08:03:57] 🤖 [Automático] Es hora de actualizar pagos. Arrancando...
[08:04:12] ⏳ [Automático] Tocaba disparar 'pagos' pero ya hay una ejecución en curso (Actualizar pagos); esperando a que termine; se reintenta en breve sin perder el turno.
[08:07:13] 🤖 [Automático] Es hora de actualizar pagos. Arrancando...
[08:07:28] ⏳ [Automático] Tocaba disparar 'pagos' pero ya hay una ejecución en curso (Actualizar pagos); esperando a que termine; se reintenta en breve sin perder el turno.
[08:10:43] 🤖 [Automático] Es hora de actualizar pagos. Arrancando...
[08:10:58] ⏳ [Automático] Tocaba disparar 'pagos' pero ya hay una ejecución en curso (Actualizar pagos); esperando a que termine; se reintenta en breve sin perder el turno.
[08:14:13] 🤖 [Automático] Es hora de actualizar pagos. Arrancando...
[08:14:28] ⏳ [Automático] Tocaba disparar 'pagos' pero ya hay una ejecución en curso (Actualizar pagos); esperando a que termine; se reintenta en breve sin perder el turno.
[08:17:58] 🤖 [Automático] Es hora de actualizar pagos. Arrancando...
[08:18:13] ⏳ [Automático] Tocaba disparar 'pagos' pero ya hay una ejecución en curso (Actualizar pagos); esperando a que termine; se reintenta en breve sin perder el turno.
[08:21:43] 🤖 [Automático] Es hora de actualizar pagos. Arrancando...
[08:21:58] ⏳ [Automático] Tocaba disparar 'pagos' pero ya hay una ejecución en curso (Actualizar pagos); esperando a que termine; se reintenta en breve sin perder el turno.
[08:25:13] 🤖 [Automático] Es hora de actualizar pagos. Arrancando...
[08:25:28] ⏳ [Automático] Tocaba disparar 'pagos' pero ya hay una ejecución en curso (Actualizar pagos); esperando a que termine; se reintenta en breve sin perder el turno.
[08:28:58] 🤖 [Automático] Es hora de actualizar pagos. Arrancando...
[08:29:13] ⏳ [Automático] Tocaba disparar 'pagos' pero ya hay una ejecución en curso (Actualizar pagos); esperando a que termine; se reintenta en breve sin perder el turno.
[08:32:43] 🤖 [Automático] Es hora de actualizar pagos. Arrancando...
[08:32:58] ⏳ [Automático] Tocaba disparar 'pagos' pero ya hay una ejecución en curso (Actualizar pagos); esperando a que termine; se reintenta en breve sin perder el turno.
[08:36:13] 🤖 [Automático] Es hora de actualizar pagos. Arrancando...
[08:36:28] ⏳ [Automático] Tocaba disparar 'pagos' pero ya hay una ejecución en curso (Actualizar pagos); esperando a que termine; se reintenta en breve sin perder el turno.
[08:39:58] 🤖 [Automático] Es hora de actualizar pagos. Arrancando...
[08:40:13] ⏳ [Automático] Tocaba disparar 'pagos' pero ya hay una ejecución en curso (Actualizar pagos); esperando a que termine; se reintenta en breve sin perder el turno.
[08:43:43] 🤖 [Automático] Es hora de actualizar pagos. Arrancando...
[08:43:58] ⏳ [Automático] Tocaba disparar 'pagos' pero ya hay una ejecución en curso (Actualizar pagos); esperando a que termine; se reintenta en breve sin perder el turno.
[08:47:13] 🤖 [Automático] Es hora de actualizar pagos. Arrancando...
[08:47:28] ⏳ [Automático] Tocaba disparar 'pagos' pero ya hay una ejecución en curso (Actualizar pagos); esperando a que termine; se reintenta en breve sin perder el turno.
[08:50:43] 🤖 [Automático] Es hora de actualizar pagos. Arrancando...
[08:50:58] ⏳ [Automático] Tocaba disparar 'pagos' pero ya hay una ejecución en curso (Actualizar pagos); esperando a que termine; se reintenta en breve sin perder el turno.
[08:55:13] 🤖 [Automático] Es hora de actualizar pagos. Arrancando...
[08:55:28] ⏳ [Automático] Tocaba disparar 'pagos' pero ya hay una ejecución en curso (Actualizar pagos); esperando a que termine; se reintenta en breve sin perder el turno.
[08:58:43] 🤖 [Automático] Es hora de actualizar pagos. Arrancando...
[08:58:59] ⏳ [Automático] Tocaba disparar 'pagos' pero ya hay una ejecución en curso (Actualizar pagos); esperando a que termine; se reintenta en breve sin perder el turno.
[09:02:14] 🤖 [Automático] Es hora de actualizar pagos. Arrancando...
[09:02:29] ⏳ [Automático] Tocaba disparar 'pagos' pero ya hay una ejecución en curso (Actualizar pagos); esperando a que termine; se reintenta en breve sin perder el turno.
[09:05:44] 🤖 [Automático] Es hora de actualizar pagos. Arrancando...
[09:05:59] ⏳ [Automático] Tocaba disparar 'pagos' pero ya hay una ejecución en curso (Actualizar pagos); esperando a que termine; se reintenta en breve sin perder el turno.
[09:09:14] 🤖 [Automático] Es hora de actualizar pagos. Arrancando...
[09:09:29] ⏳ [Automático] Tocaba disparar 'pagos' pero ya hay una ejecución en curso (Actualizar pagos); esperando a que termine; se reintenta en breve sin perder el turno.
[09:12:44] 🤖 [Automático] Es hora de actualizar pagos. Arrancando...
[09:12:59] ⏳ [Automático] Tocaba disparar 'pagos' pero ya hay una ejecución en curso (Actualizar pagos); esperando a que termine; se reintenta en breve sin perder el turno.
[09:16:14] 🤖 [Automático] Es hora de actualizar pagos. Arrancando...
[09:16:29] ⏳ [Automático] Tocaba disparar 'pagos' pero ya hay una ejecución en curso (Actualizar pagos); esperando a que termine; se reintenta en breve sin perder el turno.
[09:19:29] 🤖 [Automático] Es hora de actualizar pagos. Arrancando...
[09:19:44] ⏳ [Automático] Tocaba disparar 'pagos' pero ya hay una ejecución en curso (Actualizar pagos); esperando a que termine; se reintenta en breve sin perder el turno.
[09:22:59] 🤖 [Automático] Es hora de actualizar pagos. Arrancando...
[09:23:14] ⏳ [Automático] Tocaba disparar 'pagos' pero ya hay una ejecución en curso (Actualizar pagos); esperando a que termine; se reintenta en breve sin perder el turno.
[09:27:14] 🤖 [Automático] Es hora de actualizar pagos. Arrancando...
[09:27:29] ⏳ [Automático] Tocaba disparar 'pagos' pero ya hay una ejecución en curso (Actualizar pagos); esperando a que termine; se reintenta en breve sin perder el turno.
[09:31:29] 🤖 [Automático] Es hora de actualizar pagos. Arrancando...
[09:31:44] ⏳ [Automático] Tocaba disparar 'pagos' pero ya hay una ejecución en curso (Actualizar pagos); esperando a que termine; se reintenta en breve sin perder el turno.
[09:35:14] 🤖 [Automático] Es hora de actualizar pagos. Arrancando...
[09:35:29] ⏳ [Automático] Tocaba disparar 'pagos' pero ya hay una ejecución en curso (Actualizar pagos); esperando a que termine; se reintenta en breve sin perder el turno.
[09:39:44] 🤖 [Automático] Es hora de actualizar pagos. Arrancando...
[09:39:59] ⏳ [Automático] Tocaba disparar 'pagos' pero ya hay una ejecución en curso (Actualizar pagos); esperando a que termine; se reintenta en breve sin perder el turno.
[09:43:29] 🤖 [Automático] Es hora de actualizar pagos. Arrancando...
[09:43:44] ⏳ [Automático] Tocaba disparar 'pagos' pero ya hay una ejecución en curso (Actualizar pagos); esperando a que termine; se reintenta en breve sin perder el turno.
[09:46:59] 🤖 [Automático] Es hora de actualizar pagos. Arrancando...
[09:47:14] ⏳ [Automático] Tocaba disparar 'pagos' pero ya hay una ejecución en curso (Actualizar pagos); esperando a que termine; se reintenta en breve sin perder el turno.
[09:51:00] 🤖 [Automático] Es hora de actualizar pagos. Arrancando...
[09:51:15] ⏳ [Automático] Tocaba disparar 'pagos' pero ya hay una ejecución en curso (Actualizar pagos); esperando a que termine; se reintenta en breve sin perder el turno.
[09:55:00] 🤖 [Automático] Es hora de actualizar pagos. Arrancando...
[09:55:15] ⏳ [Automático] Tocaba disparar 'pagos' pero ya hay una ejecución en curso (Actualizar pagos); esperando a que termine; se reintenta en breve sin perder el turno.
[09:58:45] 🤖 [Automático] Es hora de actualizar pagos. Arrancando...
[09:59:00] ⏳ [Automático] Tocaba disparar 'pagos' pero ya hay una ejecución en curso (Actualizar pagos); esperando a que termine; se reintenta en breve sin perder el turno.
[10:02:45] 🤖 [Automático] Es hora de actualizar pagos. Arrancando...
[10:03:00] ⏳ [Automático] Tocaba disparar 'pagos' pero ya hay una ejecución en curso (Actualizar pagos); esperando a que termine; se reintenta en breve sin perder el turno.
[10:07:00] 🤖 [Automático] Es hora de actualizar pagos. Arrancando...
[10:07:15] ⏳ [Automático] Tocaba disparar 'pagos' pero ya hay una ejecución en curso (Actualizar pagos); esperando a que termine; se reintenta en breve sin perder el turno.
[10:11:15] 🤖 [Automático] Es hora de actualizar pagos. Arrancando...
[10:11:30] ⏳ [Automático] Tocaba disparar 'pagos' pero ya hay una ejecución en curso (Actualizar pagos); esperando a que termine; se reintenta en breve sin perder el turno.
[10:15:15] 🤖 [Automático] Es hora de actualizar pagos. Arrancando...
[10:15:30] ⏳ [Automático] Tocaba disparar 'pagos' pero ya hay una ejecución en curso (Actualizar pagos); esperando a que termine; se reintenta en breve sin perder el turno.
[10:18:30] 🤖 [Automático] Es hora de actualizar pagos. Arrancando...
[10:18:45] ⏳ [Automático] Tocaba disparar 'pagos' pero ya hay una ejecución en curso (Actualizar pagos); esperando a que termine; se reintenta en breve sin perder el turno.
[10:22:00] 🤖 [Automático] Es hora de actualizar pagos. Arrancando...
[10:22:15] ⏳ [Automático] Tocaba disparar 'pagos' pero ya hay una ejecución en curso (Actualizar pagos); esperando a que termine; se reintenta en breve sin perder el turno.
[10:26:00] 🤖 [Automático] Es hora de actualizar pagos. Arrancando...
[10:26:15] ⏳ [Automático] Tocaba disparar 'pagos' pero ya hay una ejecución en curso (Actualizar pagos); esperando a que termine; se reintenta en breve sin perder el turno.
[10:29:45] 🤖 [Automático] Es hora de actualizar pagos. Arrancando...
[10:30:00] ⏳ [Automático] Tocaba disparar 'pagos' pero ya hay una ejecución en curso (Actualizar pagos); esperando a que termine; se reintenta en breve sin perder el turno.
[10:33:30] 🤖 [Automático] Es hora de actualizar pagos. Arrancando...
[10:33:45] ⏳ [Automático] Tocaba disparar 'pagos' pero ya hay una ejecución en curso (Actualizar pagos); esperando a que termine; se reintenta en breve sin perder el turno.
[10:37:30] 🤖 [Automático] Es hora de actualizar pagos. Arrancando...
[10:37:45] ⏳ [Automático] Tocaba disparar 'pagos' pero ya hay una ejecución en curso (Actualizar pagos); esperando a que termine; se reintenta en breve sin perder el turno.
[10:41:00] 🤖 [Automático] Es hora de actualizar pagos. Arrancando...
[10:41:15] ⏳ [Automático] Tocaba disparar 'pagos' pero ya hay una ejecución en curso (Actualizar pagos); esperando a que termine; se reintenta en breve sin perder el turno.
[10:45:30] 🤖 [Automático] Es hora de actualizar pagos. Arrancando...
[10:45:45] ⏳ [Automático] Tocaba disparar 'pagos' pero ya hay una ejecución en curso (Actualizar pagos); esperando a que termine; se reintenta en breve sin perder el turno.
[10:49:31] 🤖 [Automático] Es hora de actualizar pagos. Arrancando...
[10:49:46] ⏳ [Automático] Tocaba disparar 'pagos' pero ya hay una ejecución en curso (Actualizar pagos); esperando a que termine; se reintenta en breve sin perder el turno.
[10:53:46] 🤖 [Automático] Es hora de actualizar pagos. Arrancando...
[10:54:01] ⏳ [Automático] Tocaba disparar 'pagos' pero ya hay una ejecución en curso (Actualizar pagos); esperando a que termine; se reintenta en breve sin perder el turno.
[10:58:01] 🤖 [Automático] Es hora de actualizar pagos. Arrancando...
[10:58:16] ⏳ [Automático] Tocaba disparar 'pagos' pero ya hay una ejecución en curso (Actualizar pagos); esperando a que termine; se reintenta en breve sin perder el turno.
[11:01:31] 🤖 [Automático] Es hora de actualizar pagos. Arrancando...
[11:01:46] ⏳ [Automático] Tocaba disparar 'pagos' pero ya hay una ejecución en curso (Actualizar pagos); esperando a que termine; se reintenta en breve sin perder el turno.
[11:05:46] 🤖 [Automático] Es hora de actualizar pagos. Arrancando...
[11:06:01] ⏳ [Automático] Tocaba disparar 'pagos' pero ya hay una ejecución en curso (Actualizar pagos); esperando a que termine; se reintenta en breve sin perder el turno.
[11:09:46] 🤖 [Automático] Es hora de actualizar pagos. Arrancando...
[11:10:01] ⏳ [Automático] Tocaba disparar 'pagos' pero ya hay una ejecución en curso (Actualizar pagos); esperando a que termine; se reintenta en breve sin perder el turno.
[11:13:46] 🤖 [Automático] Es hora de actualizar pagos. Arrancando...
[11:14:01] ⏳ [Automático] Tocaba disparar 'pagos' pero ya hay una ejecución en curso (Actualizar pagos); esperando a que termine; se reintenta en breve sin perder el turno.
[11:17:16] 🤖 [Automático] Es hora de actualizar pagos. Arrancando...
[11:17:31] ⏳ [Automático] Tocaba disparar 'pagos' pero ya hay una ejecución en curso (Actualizar pagos); esperando a que termine; se reintenta en breve sin perder el turno.
[11:21:01] 🤖 [Automático] Es hora de actualizar pagos. Arrancando...
[11:21:16] ⏳ [Automático] Tocaba disparar 'pagos' pero ya hay una ejecución en curso (Actualizar pagos); esperando a que termine; se reintenta en breve sin perder el turno.
[11:25:01] 🤖 [Automático] Es hora de actualizar pagos. Arrancando...
[11:25:16] ⏳ [Automático] Tocaba disparar 'pagos' pero ya hay una ejecución en curso (Actualizar pagos); esperando a que termine; se reintenta en breve sin perder el turno.
[11:29:01] 🤖 [Automático] Es hora de actualizar pagos. Arrancando...
[11:29:16] ⏳ [Automático] Tocaba disparar 'pagos' pero ya hay una ejecución en curso (Actualizar pagos); esperando a que termine; se reintenta en breve sin perder el turno.
[11:32:46] 🤖 [Automático] Es hora de actualizar pagos. Arrancando...
[11:33:01] ⏳ [Automático] Tocaba disparar 'pagos' pero ya hay una ejecución en curso (Actualizar pagos); esperando a que termine; se reintenta en breve sin perder el turno.
[11:36:31] 🤖 [Automático] Es hora de actualizar pagos. Arrancando...
[11:36:46] ⏳ [Automático] Tocaba disparar 'pagos' pero ya hay una ejecución en curso (Actualizar pagos); esperando a que termine; se reintenta en breve sin perder el turno.
[11:40:01] 🤖 [Automático] Es hora de actualizar pagos. Arrancando...
[11:40:16] ⏳ [Automático] Tocaba disparar 'pagos' pero ya hay una ejecución en curso (Actualizar pagos); esperando a que termine; se reintenta en breve sin perder el turno.
[11:44:17] 🤖 [Automático] Es hora de actualizar pagos. Arrancando...
[11:44:32] ⏳ [Automático] Tocaba disparar 'pagos' pero ya hay una ejecución en curso (Actualizar pagos); esperando a que termine; se reintenta en breve sin perder el turno.
[11:48:02] 🤖 [Automático] Es hora de actualizar pagos. Arrancando...
[11:48:17] ⏳ [Automático] Tocaba disparar 'pagos' pero ya hay una ejecución en curso (Actualizar pagos); esperando a que termine; se reintenta en breve sin perder el turno.
[11:52:02] 🤖 [Automático] Es hora de actualizar pagos. Arrancando...
[11:52:17] ⏳ [Automático] Tocaba disparar 'pagos' pero ya hay una ejecución en curso (Actualizar pagos); esperando a que termine; se reintenta en breve sin perder el turno.
[11:55:32] 🤖 [Automático] Es hora de actualizar pagos. Arrancando...
[11:55:47] ⏳ [Automático] Tocaba disparar 'pagos' pero ya hay una ejecución en curso (Actualizar pagos); esperando a que termine; se reintenta en breve sin perder el turno.
[11:59:47] 🤖 [Automático] Es hora de actualizar pagos. Arrancando...
[12:00:02] ⏳ [Automático] Tocaba disparar 'pagos' pero ya hay una ejecución en curso (Actualizar pagos); esperando a que termine; se reintenta en breve sin perder el turno.
[12:03:17] 🤖 [Automático] Es hora de actualizar pagos. Arrancando...
[12:03:32] ⏳ [Automático] Tocaba disparar 'pagos' pero ya hay una ejecución en curso (Actualizar pagos); esperando a que termine; se reintenta en breve sin perder el turno.
[12:07:17] 🤖 [Automático] Es hora de actualizar pagos. Arrancando...
[12:07:32] ⏳ [Automático] Tocaba disparar 'pagos' pero ya hay una ejecución en curso (Actualizar pagos); esperando a que termine; se reintenta en breve sin perder el turno.
[12:11:32] 🤖 [Automático] Es hora de actualizar pagos. Arrancando...
[12:11:47] ⏳ [Automático] Tocaba disparar 'pagos' pero ya hay una ejecución en curso (Actualizar pagos); esperando a que termine; se reintenta en breve sin perder el turno.
[12:15:32] 🤖 [Automático] Es hora de actualizar pagos. Arrancando...
[12:15:47] ⏳ [Automático] Tocaba disparar 'pagos' pero ya hay una ejecución en curso (Actualizar pagos); esperando a que termine; se reintenta en breve sin perder el turno.
[12:19:02] 🤖 [Automático] Es hora de actualizar pagos. Arrancando...
[12:19:17] ⏳ [Automático] Tocaba disparar 'pagos' pero ya hay una ejecución en curso (Actualizar pagos); esperando a que termine; se reintenta en breve sin perder el turno.
[12:22:32] 🤖 [Automático] Es hora de actualizar pagos. Arrancando...
[12:22:47] ⏳ [Automático] Tocaba disparar 'pagos' pero ya hay una ejecución en curso (Actualizar pagos); esperando a que termine; se reintenta en breve sin perder el turno.
[12:26:17] 🤖 [Automático] Es hora de actualizar pagos. Arrancando...
[12:26:32] ⏳ [Automático] Tocaba disparar 'pagos' pero ya hay una ejecución en curso (Actualizar pagos); esperando a que termine; se reintenta en breve sin perder el turno.
[12:29:48] 🤖 [Automático] Es hora de actualizar pagos. Arrancando...
[12:30:03] ⏳ [Automático] Tocaba disparar 'pagos' pero ya hay una ejecución en curso (Actualizar pagos); esperando a que termine; se reintenta en breve sin perder el turno.
[12:33:18] 🤖 [Automático] Es hora de actualizar pagos. Arrancando...
[12:33:33] ⏳ [Automático] Tocaba disparar 'pagos' pero ya hay una ejecución en curso (Actualizar pagos); esperando a que termine; se reintenta en breve sin perder el turno.
[12:37:03] 🤖 [Automático] Es hora de actualizar pagos. Arrancando...
[12:37:18] ⏳ [Automático] Tocaba disparar 'pagos' pero ya hay una ejecución en curso (Actualizar pagos); esperando a que termine; se reintenta en breve sin perder el turno.
[12:40:33] 🤖 [Automático] Es hora de actualizar pagos. Arrancando...
[12:40:48] ⏳ [Automático] Tocaba disparar 'pagos' pero ya hay una ejecución en curso (Actualizar pagos); esperando a que termine; se reintenta en breve sin perder el turno.
[12:43:48] 🤖 [Automático] Es hora de actualizar pagos. Arrancando...
[12:44:03] ⏳ [Automático] Tocaba disparar 'pagos' pero ya hay una ejecución en curso (Actualizar pagos); esperando a que termine; se reintenta en breve sin perder el turno.
[12:47:18] 🤖 [Automático] Es hora de actualizar pagos. Arrancando...
[12:47:33] ⏳ [Automático] Tocaba disparar 'pagos' pero ya hay una ejecución en curso (Actualizar pagos); esperando a que termine; se reintenta en breve sin perder el turno.
[12:50:33] 🤖 [Automático] Es hora de actualizar pagos. Arrancando...
[12:50:48] ⏳ [Automático] Tocaba disparar 'pagos' pero ya hay una ejecución en curso (Actualizar pagos); esperando a que termine; se reintenta en breve sin perder el turno.
[12:53:48] 🤖 [Automático] Es hora de actualizar pagos. Arrancando...
[12:54:03] ⏳ [Automático] Tocaba disparar 'pagos' pero ya hay una ejecución en curso (Actualizar pagos); esperando a que termine; se reintenta en breve sin perder el turno.
[12:57:03] 🤖 [Automático] Es hora de actualizar pagos. Arrancando...
[12:57:18] ⏳ [Automático] Tocaba disparar 'pagos' pero ya hay una ejecución en curso (Actualizar pagos); esperando a que termine; se reintenta en breve sin perder el turno.
[13:00:33] 🤖 [Automático] Es hora de actualizar pagos. Arrancando...
[13:00:48] ⏳ [Automático] Tocaba disparar 'pagos' pero ya hay una ejecución en curso (Actualizar pagos); esperando a que termine; se reintenta en breve sin perder el turno.
[13:04:03] 🤖 [Automático] Es hora de actualizar pagos. Arrancando...
[13:04:18] ⏳ [Automático] Tocaba disparar 'pagos' pero ya hay una ejecución en curso (Actualizar pagos); esperando a que termine; se reintenta en breve sin perder el turno.
[13:07:33] 🤖 [Automático] Es hora de actualizar pagos. Arrancando...
[13:07:48] ⏳ [Automático] Tocaba disparar 'pagos' pero ya hay una ejecución en curso (Actualizar pagos); esperando a que termine; se reintenta en breve sin perder el turno.
[13:11:18] 🤖 [Automático] Es hora de actualizar pagos. Arrancando...
[13:11:33] ⏳ [Automático] Tocaba disparar 'pagos' pero ya hay una ejecución en curso (Actualizar pagos); esperando a que termine; se reintenta en breve sin perder el turno.
[13:15:04] 🤖 [Automático] Es hora de actualizar pagos. Arrancando...
[13:15:19] ⏳ [Automático] Tocaba disparar 'pagos' pero ya hay una ejecución en curso (Actualizar pagos); esperando a que termine; se reintenta en breve sin perder el turno.
[13:17:09] ❌ [Automático] 'pagos' falló (intento 1 de 4). Se reintenta a las 13:22.
[13:26:07] 🤖 [Automático] Es hora de actualizar pagos (reintento 1 de 3). Arrancando...
[13:26:22] ⏳ [Automático] Tocaba disparar 'pagos' pero ya hay una ejecución en curso (Actualizar pagos); esperando a que termine; se reintenta en breve sin perder el turno.
[13:39:55] ❌ [Automático] 'pagos' falló (intento 2 de 4). Se reintenta a las 13:54.
[13:54:57] 🤖 [Automático] Es hora de actualizar pagos (reintento 2 de 3). Arrancando...
[13:55:12] ⏳ [Automático] Tocaba disparar 'pagos' pero ya hay una ejecución en curso (Actualizar pagos); esperando a que termine; se reintenta en breve sin perder el turno.
[13:56:16] ✅ [Automático] 'pagos' terminó bien en el reintento 2.
[13:58:27] 🤖 [Automático] Es hora de actualizar pagos. Arrancando...
[13:58:42] ⏳ [Automático] Tocaba disparar 'pagos' pero ya hay una ejecución en curso (Actualizar pagos); esperando a que termine; se reintenta en breve sin perder el turno.
[14:01:27] 🤖 [Automático] Es hora de actualizar pagos. Arrancando...
[14:01:42] ⏳ [Automático] Tocaba disparar 'pagos' pero ya hay una ejecución en curso (Actualizar pagos); esperando a que termine; se reintenta en breve sin perder el turno.
[14:04:27] 🤖 [Automático] Es hora de actualizar pagos. Arrancando...
[14:04:42] ⏳ [Automático] Tocaba disparar 'pagos' pero ya hay una ejecución en curso (Actualizar pagos); esperando a que termine; se reintenta en breve sin perder el turno.
[14:07:27] 🤖 [Automático] Es hora de actualizar pagos. Arrancando...
[14:07:42] ⏳ [Automático] Tocaba disparar 'pagos' pero ya hay una ejecución en curso (Actualizar pagos); esperando a que termine; se reintenta en breve sin perder el turno.
[14:10:27] 🤖 [Automático] Es hora de actualizar pagos. Arrancando...
[14:10:42] ⏳ [Automático] Tocaba disparar 'pagos' pero ya hay una ejecución en curso (Actualizar pagos); esperando a que termine; se reintenta en breve sin perder el turno.
[14:13:42] 🤖 [Automático] Es hora de actualizar pagos. Arrancando...
[14:13:57] ⏳ [Automático] Tocaba disparar 'pagos' pero ya hay una ejecución en curso (Actualizar pagos); esperando a que termine; se reintenta en breve sin perder el turno.
[14:16:42] 🤖 [Automático] Es hora de actualizar pagos. Arrancando...
[14:16:57] ⏳ [Automático] Tocaba disparar 'pagos' pero ya hay una ejecución en curso (Actualizar pagos); esperando a que termine; se reintenta en breve sin perder el turno.
[14:19:42] 🤖 [Automático] Es hora de actualizar pagos. Arrancando...
[14:19:57] ⏳ [Automático] Tocaba disparar 'pagos' pero ya hay una ejecución en curso (Actualizar pagos); esperando a que termine; se reintenta en breve sin perder el turno.
[14:22:42] 🤖 [Automático] Es hora de actualizar pagos. Arrancando...
[14:22:57] ⏳ [Automático] Tocaba disparar 'pagos' pero ya hay una ejecución en curso (Actualizar pagos); esperando a que termine; se reintenta en breve sin perder el turno.
[14:25:42] 🤖 [Automático] Es hora de actualizar pagos. Arrancando...
[14:25:57] ⏳ [Automático] Tocaba disparar 'pagos' pero ya hay una ejecución en curso (Actualizar pagos); esperando a que termine; se reintenta en breve sin perder el turno.
[14:28:42] 🤖 [Automático] Es hora de actualizar pagos. Arrancando...
[14:28:57] ⏳ [Automático] Tocaba disparar 'pagos' pero ya hay una ejecución en curso (Actualizar pagos); esperando a que termine; se reintenta en breve sin perder el turno.
[14:31:43] 🤖 [Automático] Es hora de actualizar pagos. Arrancando...
[14:31:58] ⏳ [Automático] Tocaba disparar 'pagos' pero ya hay una ejecución en curso (Actualizar pagos); esperando a que termine; se reintenta en breve sin perder el turno.
[14:34:43] 🤖 [Automático] Es hora de actualizar pagos. Arrancando...
[14:34:58] ⏳ [Automático] Tocaba disparar 'pagos' pero ya hay una ejecución en curso (Actualizar pagos); esperando a que termine; se reintenta en breve sin perder el turno.
[14:37:43] 🤖 [Automático] Es hora de actualizar pagos. Arrancando...
[14:37:58] ⏳ [Automático] Tocaba disparar 'pagos' pero ya hay una ejecución en curso (Actualizar pagos); esperando a que termine; se reintenta en breve sin perder el turno.
[14:40:43] 🤖 [Automático] Es hora de actualizar pagos. Arrancando...
[14:40:58] ⏳ [Automático] Tocaba disparar 'pagos' pero ya hay una ejecución en curso (Actualizar pagos); esperando a que termine; se reintenta en breve sin perder el turno.
[14:43:43] 🤖 [Automático] Es hora de actualizar pagos. Arrancando...
[14:43:58] ⏳ [Automático] Tocaba disparar 'pagos' pero ya hay una ejecución en curso (Actualizar pagos); esperando a que termine; se reintenta en breve sin perder el turno.
[14:46:43] 🤖 [Automático] Es hora de actualizar pagos. Arrancando...
[14:46:58] ⏳ [Automático] Tocaba disparar 'pagos' pero ya hay una ejecución en curso (Actualizar pagos); esperando a que termine; se reintenta en breve sin perder el turno.
[14:49:43] 🤖 [Automático] Es hora de actualizar pagos. Arrancando...
[14:49:58] ⏳ [Automático] Tocaba disparar 'pagos' pero ya hay una ejecución en curso (Actualizar pagos); esperando a que termine; se reintenta en breve sin perder el turno.
[14:52:58] 🤖 [Automático] Es hora de actualizar pagos. Arrancando...
[14:53:13] ⏳ [Automático] Tocaba disparar 'pagos' pero ya hay una ejecución en curso (Actualizar pagos); esperando a que termine; se reintenta en breve sin perder el turno.
[14:55:58] 🤖 [Automático] Es hora de actualizar pagos. Arrancando...
[14:56:13] ⏳ [Automático] Tocaba disparar 'pagos' pero ya hay una ejecución en curso (Actualizar pagos); esperando a que termine; se reintenta en breve sin perder el turno.
[14:58:58] 🤖 [Automático] Es hora de actualizar pagos. Arrancando...
[14:59:13] ⏳ [Automático] Tocaba disparar 'pagos' pero ya hay una ejecución en curso (Actualizar pagos); esperando a que termine; se reintenta en breve sin perder el turno.
[15:02:13] 🤖 [Automático] Es hora de actualizar pagos. Arrancando...
[15:02:28] ⏳ [Automático] Tocaba disparar 'pagos' pero ya hay una ejecución en curso (Actualizar pagos); esperando a que termine; se reintenta en breve sin perder el turno.
[15:05:58] 🤖 [Automático] Es hora de actualizar pagos. Arrancando...
[15:06:13] ⏳ [Automático] Tocaba disparar 'pagos' pero ya hay una ejecución en curso (Actualizar pagos); esperando a que termine; se reintenta en breve sin perder el turno.
[15:09:13] 🤖 [Automático] Es hora de actualizar pagos. Arrancando...
[15:09:28] ⏳ [Automático] Tocaba disparar 'pagos' pero ya hay una ejecución en curso (Actualizar pagos); esperando a que termine; se reintenta en breve sin perder el turno.
[15:12:28] 🤖 [Automático] Es hora de actualizar pagos. Arrancando...
[15:12:43] ⏳ [Automático] Tocaba disparar 'pagos' pero ya hay una ejecución en curso (Actualizar pagos); esperando a que termine; se reintenta en breve sin perder el turno.
[15:15:28] 🤖 [Automático] Es hora de actualizar pagos. Arrancando...
[15:15:43] ⏳ [Automático] Tocaba disparar 'pagos' pero ya hay una ejecución en curso (Actualizar pagos); esperando a que termine; se reintenta en breve sin perder el turno.
[22:23:50] 🤖 [Automático] Es hora de actualizar pagos (reintento 1 de 3). Arrancando...
[22:24:05] ⏳ [Automático] Tocaba disparar 'pagos' pero ya hay una ejecución en curso (Actualizar pagos); esperando a que termine; se reintenta en breve sin perder el turno.
[22:25:01] ✅ [Automático] 'pagos' terminó bien en el reintento 1.
[22:27:05] 🤖 [Automático] Es hora de actualizar pagos. Arrancando...
[22:27:20] ⏳ [Automático] Tocaba disparar 'pagos' pero ya hay una ejecución en curso (Actualizar pagos); esperando a que termine; se reintenta en breve sin perder el turno.
[22:30:05] 🤖 [Automático] Es hora de actualizar pagos. Arrancando...
[22:30:20] ⏳ [Automático] Tocaba disparar 'pagos' pero ya hay una ejecución en curso (Actualizar pagos); esperando a que termine; se reintenta en breve sin perder el turno.
[22:33:05] 🤖 [Automático] Es hora de actualizar pagos. Arrancando...
[22:33:20] ⏳ [Automático] Tocaba disparar 'pagos' pero ya hay una ejecución en curso (Actualizar pagos); esperando a que termine; se reintenta en breve sin perder el turno.
[22:36:05] 🤖 [Automático] Es hora de actualizar pagos. Arrancando...
[22:36:20] ⏳ [Automático] Tocaba disparar 'pagos' pero ya hay una ejecución en curso (Actualizar pagos); esperando a que termine; se reintenta en breve sin perder el turno.
[22:39:20] 🤖 [Automático] Es hora de actualizar pagos. Arrancando...
[22:39:35] ⏳ [Automático] Tocaba disparar 'pagos' pero ya hay una ejecución en curso (Actualizar pagos); esperando a que termine; se reintenta en breve sin perder el turno.
[22:42:35] 🤖 [Automático] Es hora de actualizar pagos. Arrancando...
[22:42:50] ⏳ [Automático] Tocaba disparar 'pagos' pero ya hay una ejecución en curso (Actualizar pagos); esperando a que termine; se reintenta en breve sin perder el turno.
[22:45:35] 🤖 [Automático] Es hora de actualizar pagos. Arrancando...
[22:45:50] ⏳ [Automático] Tocaba disparar 'pagos' pero ya hay una ejecución en curso (Actualizar pagos); esperando a que termine; se reintenta en breve sin perder el turno.
[22:48:50] 🤖 [Automático] Es hora de actualizar pagos. Arrancando...
[22:49:05] ⏳ [Automático] Tocaba disparar 'pagos' pero ya hay una ejecución en curso (Actualizar pagos); esperando a que termine; se reintenta en breve sin perder el turno.
[22:52:05] 🤖 [Automático] Es hora de actualizar pagos. Arrancando...
[22:52:20] ⏳ [Automático] Tocaba disparar 'pagos' pero ya hay una ejecución en curso (Actualizar pagos); esperando a que termine; se reintenta en breve sin perder el turno.
[22:55:05] 🤖 [Automático] Es hora de actualizar pagos. Arrancando...
[22:55:20] ⏳ [Automático] Tocaba disparar 'pagos' pero ya hay una ejecución en curso (Actualizar pagos); esperando a que termine; se reintenta en breve sin perder el turno.
[22:58:05] 🤖 [Automático] Es hora de actualizar pagos. Arrancando...
[22:58:20] ⏳ [Automático] Tocaba disparar 'pagos' pero ya hay una ejecución en curso (Actualizar pagos); esperando a que termine; se reintenta en breve sin perder el turno.
[23:01:20] 🤖 [Automático] Es hora de actualizar pagos. Arrancando...
[23:01:35] ⏳ [Automático] Tocaba disparar 'pagos' pero ya hay una ejecución en curso (Actualizar pagos); esperando a que termine; se reintenta en breve sin perder el turno.
[23:04:35] 🤖 [Automático] Es hora de actualizar pagos. Arrancando...
[23:04:50] ⏳ [Automático] Tocaba disparar 'pagos' pero ya hay una ejecución en curso (Actualizar pagos); esperando a que termine; se reintenta en breve sin perder el turno.
[23:07:50] 🤖 [Automático] Es hora de actualizar pagos. Arrancando...
[23:08:05] ⏳ [Automático] Tocaba disparar 'pagos' pero ya hay una ejecución en curso (Actualizar pagos); esperando a que termine; se reintenta en breve sin perder el turno.
[23:11:06] 🤖 [Automático] Es hora de actualizar pagos. Arrancando...
[23:11:21] ⏳ [Automático] Tocaba disparar 'pagos' pero ya hay una ejecución en curso (Actualizar pagos); esperando a que termine; se reintenta en breve sin perder el turno.
[23:14:06] 🤖 [Automático] Es hora de actualizar pagos. Arrancando...
[23:14:21] ⏳ [Automático] Tocaba disparar 'pagos' pero ya hay una ejecución en curso (Actualizar pagos); esperando a que termine; se reintenta en breve sin perder el turno.
[23:17:06] 🤖 [Automático] Es hora de actualizar pagos. Arrancando...
[23:17:21] ⏳ [Automático] Tocaba disparar 'pagos' pero ya hay una ejecución en curso (Actualizar pagos); esperando a que termine; se reintenta en breve sin perder el turno.
[23:20:06] 🤖 [Automático] Es hora de actualizar pagos. Arrancando...
[23:20:21] ⏳ [Automático] Tocaba disparar 'pagos' pero ya hay una ejecución en curso (Actualizar pagos); esperando a que termine; se reintenta en breve sin perder el turno.
[23:23:21] 🤖 [Automático] Es hora de actualizar pagos. Arrancando...
[23:23:36] ⏳ [Automático] Tocaba disparar 'pagos' pero ya hay una ejecución en curso (Actualizar pagos); esperando a que termine; se reintenta en breve sin perder el turno.
[23:26:21] 🤖 [Automático] Es hora de actualizar pagos. Arrancando...
[23:26:36] ⏳ [Automático] Tocaba disparar 'pagos' pero ya hay una ejecución en curso (Actualizar pagos); esperando a que termine; se reintenta en breve sin perder el turno.
[23:29:36] 🤖 [Automático] Es hora de actualizar pagos. Arrancando...
[23:29:51] ⏳ [Automático] Tocaba disparar 'pagos' pero ya hay una ejecución en curso (Actualizar pagos); esperando a que termine; se reintenta en breve sin perder el turno.
[23:32:36] 🤖 [Automático] Es hora de actualizar pagos. Arrancando...
[23:32:51] ⏳ [Automático] Tocaba disparar 'pagos' pero ya hay una ejecución en curso (Actualizar pagos); esperando a que termine; se reintenta en breve sin perder el turno.
[23:35:36] 🤖 [Automático] Es hora de actualizar pagos. Arrancando...
[23:35:51] ⏳ [Automático] Tocaba disparar 'pagos' pero ya hay una ejecución en curso (Actualizar pagos); esperando a que termine; se reintenta en breve sin perder el turno.
[23:38:51] 🤖 [Automático] Es hora de actualizar pagos. Arrancando...
[23:39:06] ⏳ [Automático] Tocaba disparar 'pagos' pero ya hay una ejecución en curso (Actualizar pagos); esperando a que termine; se reintenta en breve sin perder el turno.
[23:41:51] 🤖 [Automático] Es hora de actualizar pagos. Arrancando...
[23:42:06] ⏳ [Automático] Tocaba disparar 'pagos' pero ya hay una ejecución en curso (Actualizar pagos); esperando a que termine; se reintenta en breve sin perder el turno.
[23:45:06] 🤖 [Automático] Es hora de actualizar pagos. Arrancando...
[23:45:21] ⏳ [Automático] Tocaba disparar 'pagos' pero ya hay una ejecución en curso (Actualizar pagos); esperando a que termine; se reintenta en breve sin perder el turno.
[23:48:21] 🤖 [Automático] Es hora de actualizar pagos. Arrancando...
[23:48:36] ⏳ [Automático] Tocaba disparar 'pagos' pero ya hay una ejecución en curso (Actualizar pagos); esperando a que termine; se reintenta en breve sin perder el turno.
[23:51:21] 🤖 [Automático] Es hora de actualizar pagos. Arrancando...
[23:51:36] ⏳ [Automático] Tocaba disparar 'pagos' pero ya hay una ejecución en curso (Actualizar pagos); esperando a que termine; se reintenta en breve sin perder el turno.
[23:54:22] 🤖 [Automático] Es hora de actualizar pagos. Arrancando...
[23:54:37] ⏳ [Automático] Tocaba disparar 'pagos' pero ya hay una ejecución en curso (Actualizar pagos); esperando a que termine; se reintenta en breve sin perder el turno.
[23:57:22] 🤖 [Automático] Es hora de actualizar pagos. Arrancando...
[23:57:37] ⏳ [Automático] Tocaba disparar 'pagos' pero ya hay una ejecución en curso (Actualizar pagos); esperando a que termine; se reintenta en breve sin perder el turno.
