[11:05:46] === Inicio de ejecución: pagos ===
[11:05:47] ==================================================
[11:05:47] 🚀 PASO: LoginSEMyTPaso
[11:05:47] ==================================================
[11:05:48] Abriendo SEMyT...
[11:06:07] ✅ [SEMyT] Sesión existente detectada. Login omitido.
[11:06:07] ✅ LoginSEMyTPaso finalizado. (⏱ 19.9s)
[11:06:07] ==================================================
[11:06:07] 🚀 PASO: LoginSIGIPaso
[11:06:07] ==================================================
[11:06:07] Abriendo sitio municipalidad (CiDi)...
[11:06:08] ✅ [SIGI] Sesión existente detectada. Login omitido.
[11:06:08] ✅ LoginSIGIPaso finalizado. (⏱ 1.1s)
[11:06:08] ==================================================
[11:06:08] 🚀 PASO: DescargasParalelasPaso
[11:06:08] ==================================================
[11:06:09] 📤 Arrancando las 3 descargas en paralelo (mismo browser, páginas separadas)...
[11:06:09] Fecha Desde: 27/06/2024
[11:06:09] Fecha Hasta: 24/11/2025
[11:06:09] Fecha Desde: 25/11/2025
[11:06:09] Fecha Hasta: 14/08/2026
[11:06:09] Descargando Excel...
[11:06:09] Descargando Excel...
[11:06:31] Archivo descargado en: datos/descargas/cache_actas_cruce/MULTAS_SIGI_CRUCE.xlsx
[11:06:34] ⏱ [actas_sigi] completado en 25.4s
[11:06:41] ✅ TXT de pagos descargado en: datos/descargas/pagos/2026-08-14/ALL PAGOS DESCARGADOS.txt
[11:06:41] ⏱ [pagos_txt] completado en 32.2s
[11:07:13] Archivo descargado en: datos/descargas/cache_actas_cruce/MULTAS_SIGEMI_CRUCE.xlsx
[11:07:20] ⏱ [actas_sigemi] completado en 71.1s
[11:07:20] ⏱ TOTAL descargas en paralelo: 71.1s
[11:07:20] ✅ DescargasParalelasPaso finalizado. (⏱ 71.6s)
[11:07:20] ==================================================
[11:07:20] 🚀 PASO: CompararActasPaso
[11:07:20] ==================================================
[11:07:20] 🔍 Comparando actas del SEMyT contra pagos del SIGI...
[11:07:20] ================================================================================
[11:07:20] INICIANDO PROCESO DE GENERACIÓN DE PAGOS DESACTUALIZADOS
[11:07:20] ================================================================================
[11:07:20] 📂 Cargando archivos...
[11:07:20]   ✓ Pagos: 21334 registros
[11:07:27]   ✓ Excel SIGEMI (multas vencidas viejas): 101015 registros
[11:07:30]   ✓ Excel SIGI (multas vencidas nuevas): 42785 registros
[11:07:31] ================================================================================
[11:07:31] PASO 1: LLENANDO ACTA_NUMERO (búsqueda por patente + fecha, con desempate por hora)
[11:07:31] ================================================================================
[11:07:35] 📊 ESTADÍSTICAS DE LLENADO DE ACTAS:
[11:07:35]   • Pagos con acta ORIGINAL: 5585
[11:07:35]   • Pagos SIN acta (buscados): 15749
[11:07:35]   • Pagos LLENADOS exitosamente: 0
[11:07:35]   • Pagos NO encontrados en multas: 15749
[11:07:35]   • Pagos SIN RESOLVER por desbalance de cantidades: 0
[11:07:35] ================================================================================
[11:07:35] PASO 1: LLENANDO ACTA_NUMERO (búsqueda por patente + fecha, con desempate por hora)
[11:07:35] ================================================================================
[11:07:38] 📊 ESTADÍSTICAS DE LLENADO DE ACTAS:
[11:07:38]   • Pagos con acta ORIGINAL: 5585
[11:07:38]   • Pagos SIN acta (buscados): 15749
[11:07:38]   • Pagos LLENADOS exitosamente: 0
[11:07:38]   • Pagos NO encontrados en multas: 15749
[11:07:38]   • Pagos SIN RESOLVER por desbalance de cantidades: 0
[11:07:38] ⏱ PASO 1 (llenar actas): 8.4s
[11:07:38] ================================================================================
[11:07:38] PASO 2: FILTRANDO PAGOS CON ACTA_NUMERO COMPLETO
[11:07:38] ================================================================================
[11:07:38] 📊 ESTADÍSTICAS DE FILTRADO:
[11:07:38]   • Pagos TOTALES al inicio: 21334
[11:07:38]   • Pagos CON acta (MANTIENEN): 5585
[11:07:38]   • Pagos RECHAZADOS (sin coincidencias): 15749
[11:07:38] ⚠️  Se eliminaron 15749 registros sin número de acta
[11:07:38]      (recordá: esto incluye tanto pagos ya actualizados/pagados
[11:07:38]       como pagos que quedaron sin resolver por desbalance en el Paso 1)
[11:07:38] ================================================================================
[11:07:38] PASO 2-bis: CONFIRMANDO VIGENCIA DE PAGOS (sistema NUEVO contra MULTAS_SIGI_CRUCE, sistema VIEJO contra SIGEMI)
[11:07:38] ================================================================================
[11:07:39]   ⚠ 5569 pago(s) descartados: su acta ya no figura como vencida en MULTAS_SIGI_CRUCE (SEMyT ya los actualizó).
[11:07:39]   ⚠ 15 pago(s) descartados: su acta ya no figura como vencida en el Excel de SIGEMI (SEMyT ya los actualizó).
[11:07:39]   • Pagos descartados en total por ya estar actualizados/pagados: 5584
[11:07:39] ⏱ PASO 2 (filtrar): 1.0s
[11:07:39] 📂 Cargando maestro de causas SIGEMI...
[11:07:39]   ✓ Causas totales (maestro): 134069 registros
[11:07:39] ================================================================================
[11:07:39] PASO 2.5: ARMANDO causas.txt SIMPLIFICADO (cruce contra total_causas_sigemi.txt)
[11:07:39] ================================================================================
[11:07:40]   • Actas vencidas viejas (multas): 101015
[11:07:40]   • Causas totales en el maestro SIGEMI: 134069
[11:07:40]   • Causas que coinciden (simplificado): 100704
[11:07:40]   ✅ Archivo escrito: datos/descargas/causas/causas.txt
[11:07:40] ⏱ PASO 2.5 (causas simplificado): 0.9s
[11:07:40] ================================================================================
[11:07:40] PASO 3: LLENANDO CAUSA_NUMERO (según fecha de cambio de sistema, cruzando por acta + año)
[11:07:40] ================================================================================
[11:07:40] 📊 ESTADÍSTICAS DE LLENADO DE CAUSAS:
[11:07:40]   • Pagos con causa ORIGINAL: 1
[11:07:40]   • Causas encontradas en SIGEMI (actas viejas): 0
[11:07:40]   • Causas NO encontradas en SIGEMI: 0
[11:07:40]   • Causas asignadas automáticamente (actas nuevas): 0
[11:07:40] ⏱ PASO 3 (llenar causas): 0.0s
[11:07:40] ================================================================================
[11:07:40] PASO 4: ORDENANDO POR FECHA Y ACTA_NUMERO
[11:07:40] ================================================================================
[11:07:40] ✓ Pagos ordenados correctamente
[11:07:40]   • Primera entrada: Acta=298789, Fecha=21/04/2026
[11:07:40]   • Última entrada: Acta=298789, Fecha=21/04/2026
[11:07:40] 📝 Escribiendo archivo de salida...
[11:07:40]   ✅ Archivo escrito: datos/descargas/pagos/2026-08-14/PAGOS 20260814 110720.txt
[11:07:40]   ✅ Total registros: 256
[11:07:40] ⏱ PASO 4 (ordenar y escribir): 0.0s
[11:07:40] ================================================================================
[11:07:40] ✅ PROCESO COMPLETADO EXITOSAMENTE
[11:07:40] ================================================================================
[11:07:40] 📊 RESUMEN FINAL DEL PROCESAMIENTO:
[11:07:40]   ENTRADA:
[11:07:40]     • Pagos originales: 21334
[11:07:40]     • Multas SIGEMI cargadas: 101015
[11:07:40]     • Multas SIGI cargadas: 42785
[11:07:40]     • Causas simplificadas (usadas para el cruce): 100704
[11:07:40]   PROCESO:
[11:07:40]     • Pagos rechazados sigemi: 15749
[11:07:40]     • Pagos rechazados sigi: 5584
[11:07:40]   SALIDA:
[11:07:40]     • Pagos desactualizados procesados: 1
[11:07:40]     • Archivo final: datos/descargas/pagos/2026-08-14/PAGOS 20260814 110720.txt
[11:07:40]     • Ordenados por fecha: SÍ ✓
[11:07:40]     • Todos con ACTA_NUMERO: SÍ ✓
[11:07:40]     • Todos con CAUSA_NUMERO: SÍ ✓
[11:07:40] ✅ TXT de pagos (ya cruzado con actas y causas) generado en: datos/descargas/pagos/2026-08-14/PAGOS 20260814 110720.txt
[11:07:40] 🧹 TXT de pagos crudo eliminado (ya usado en el cruce): datos/descargas/pagos/2026-08-14/ALL PAGOS DESCARGADOS.txt
[11:07:40] 🧹 Excel MULTAS_SIGEMI_CRUCE eliminado (ya usado en el cruce): datos/descargas/cache_actas_cruce/MULTAS_SIGEMI_CRUCE.xlsx
[11:07:40] 🧹 Excel MULTAS_SIGI_CRUCE eliminado (ya usado en el cruce): datos/descargas/cache_actas_cruce/MULTAS_SIGI_CRUCE.xlsx
[11:07:40] ✅ CompararActasPaso finalizado. (⏱ 20.6s)
[11:07:40] ==================================================
[11:07:40] 🚀 PASO: CargarPagosPaso
[11:07:40] ==================================================
[11:07:40] 📤 Subiendo TXT de pagos al SEMyT...
[11:07:42] ✅ Importación de pagos completada con éxito.
[11:07:42] ✅ Archivo TXT de pagos cargado en el SEMyT correctamente.
[11:07:42] ✅ CargarPagosPaso finalizado. (⏱ 2.1s)
[11:07:42] === Ejecución finalizada con éxito ===
