[15:00:38] === Inicio de ejecución: pagos ===
[15:00:39] ▶ [LoginSemytPaso] Iniciando...
[15:00:39] ==================================================
[15:00:39] 🚀 PASO: LoginSemytPaso
[15:00:39] ==================================================
[15:00:40] Abriendo SEMyT con sesión guardada...
[15:00:42] ✅ Sesión existente detectada. Login omitido.
[15:00:42] ✅ LoginSemytPaso finalizado.
[15:00:42] ✓ [LoginSemytPaso] Completado.
[15:00:42] ▶ [LoginJuzgadoPaso] Iniciando...
[15:00:42] ==================================================
[15:00:42] 🚀 PASO: LoginJuzgadoPaso
[15:00:42] ==================================================
[15:00:42] Abriendo sitio municipalidad (CiDi)...
[15:00:43] ✅ Sesión existente detectada en Juzgado. Login omitido.
[15:00:43] ✅ LoginJuzgadoPaso finalizado.
[15:00:43] ✓ [LoginJuzgadoPaso] Completado.
[15:00:43] ▶ [DescargarPagosPaso] Iniciando...
[15:00:43] ==================================================
[15:00:43] 🚀 PASO: DescargarPagosPaso
[15:00:43] ==================================================
[15:00:43] 📥 Descargando TXT de pagos desde el Juzgado...
[15:01:03] ✅ TXT de pagos descargado en: backend/descargas/pagos/PAGOS DESCARGADOS.txt
[15:01:03] ✅ DescargarPagosPaso finalizado.
[15:01:03] ✓ [DescargarPagosPaso] Completado.
[15:01:03] ▶ [ObtenerActasCrucePaso] Iniciando...
[15:01:03] ==================================================
[15:01:03] 🚀 PASO: ObtenerActasCrucePaso
[15:01:03] ==================================================
[15:01:03] 📥 Descargando Excel de actas vencidas para el cruce — SIGEMI (rango viejo)...
[15:01:03] Fecha Desde: 27/06/2024
[15:01:03] Fecha Hasta: 24/11/2025
[15:01:03] Descargando Excel...
[15:01:20] Archivo descargado en: backend/descargas/cache_actas_cruce/MULTAS_SIGEMI_CRUCE.xlsx
[15:01:23] ✅ Excel de actas para el cruce (SIGEMI (rango viejo)) guardado en: backend/descargas/cache_actas_cruce/MULTAS_SIGEMI_CRUCE.xlsx
[15:01:23] 📥 Descargando Excel de actas vencidas para el cruce — Juzgado (rango nuevo)...
[15:01:23] Fecha Desde: 25/11/2025
[15:01:23] Fecha Hasta: 18/07/2026
[15:01:23] Descargando Excel...
[15:01:32] Archivo descargado en: backend/descargas/cache_actas_cruce/MULTAS_JUZGADO_CRUCE.xlsx
[15:01:33] ✅ Excel de actas para el cruce (Juzgado (rango nuevo)) guardado en: backend/descargas/cache_actas_cruce/MULTAS_JUZGADO_CRUCE.xlsx
[15:01:33] ✅ ObtenerActasCrucePaso finalizado.
[15:01:33] ✓ [ObtenerActasCrucePaso] Completado.
[15:01:33] ▶ [CompararActasPaso] Iniciando...
[15:01:33] ==================================================
[15:01:33] 🚀 PASO: CompararActasPaso
[15:01:33] ==================================================
[15:01:33] 🔍 Comparando actas del SEMyT contra pagos del Juzgado...
[15:01:33] ================================================================================
[15:01:33] INICIANDO PROCESO DE GENERACIÓN DE PAGOS DESACTUALIZADOS
[15:01:33] ================================================================================
[15:01:33] 📂 Cargando archivos...
[15:01:33]   ✓ Pagos: 14763 registros
[15:01:37]   ✓ Excel SIGEMI (multas vencidas viejas): 104421 registros
[15:01:38]   ✓ Excel Juzgado (multas vencidas nuevas): 39355 registros
[15:01:59] ================================================================================
[15:01:59] PASO 1: LLENANDO ACTA_NUMERO (búsqueda por patente + fecha, con desempate por hora)
[15:01:59] ================================================================================
[15:02:01] 📊 ESTADÍSTICAS DE LLENADO DE ACTAS:
[15:02:01]   • Pagos con acta ORIGINAL: 1653
[15:02:01]   • Pagos SIN acta (buscados): 13110
[15:02:01]   • Pagos LLENADOS exitosamente: 2
[15:02:01]   • Pagos NO encontrados en multas: 13108
[15:02:01]   • Pagos SIN RESOLVER por desbalance de cantidades: 0
[15:02:09] ================================================================================
[15:02:09] PASO 1: LLENANDO ACTA_NUMERO (búsqueda por patente + fecha, con desempate por hora)
[15:02:09] ================================================================================
[15:02:11] 📊 ESTADÍSTICAS DE LLENADO DE ACTAS:
[15:02:11]   • Pagos con acta ORIGINAL: 1655
[15:02:11]   • Pagos SIN acta (buscados): 13108
[15:02:11]   • Pagos LLENADOS exitosamente: 0
[15:02:11]   • Pagos NO encontrados en multas: 13108
[15:02:11]   • Pagos SIN RESOLVER por desbalance de cantidades: 0
[15:02:11] ================================================================================
[15:02:11] PASO 2: FILTRANDO PAGOS CON ACTA_NUMERO COMPLETO
[15:02:11] ================================================================================
[15:02:11] 📊 ESTADÍSTICAS DE FILTRADO:
[15:02:11]   • Pagos TOTALES al inicio: 14763
[15:02:11]   • Pagos CON acta (MANTIENEN): 1655
[15:02:11]   • Pagos RECHAZADOS (sin coincidencias): 13108
[15:02:11] ⚠️  Se eliminaron 13108 registros sin número de acta
[15:02:11]      (recordá: esto incluye tanto pagos ya actualizados/pagados
[15:02:11]       como pagos que quedaron sin resolver por desbalance en el Paso 1)
[15:02:11] ================================================================================
[15:02:11] PASO 2-bis: CONFIRMANDO VIGENCIA DE PAGOS DEL SISTEMA NUEVO (contra MULTAS_JUZGADO_CRUCE)
[15:02:11] ================================================================================
[15:02:11]   ⚠ 1650 pago(s) del sistema nuevo descartados: su acta ya no figura como vencida en MULTAS_JUZGADO_CRUCE (SEMyT ya los actualizó).
[15:02:11]   • Pagos del sistema nuevo descartados por ya estar actualizados: 1650
[15:02:11] 📂 Cargando maestro de causas SIGEMI...
[15:02:11]   ✓ Causas totales (maestro): 134069 registros
[15:02:11] ================================================================================
[15:02:11] PASO 2.5: ARMANDO causas.txt SIMPLIFICADO (cruce contra total_causas_sigemi.txt)
[15:02:11] ================================================================================
[15:02:21]   • Actas vencidas viejas (multas): 104421
[15:02:21]   • Causas totales en el maestro SIGEMI: 134069
[15:02:21]   • Causas que coinciden (simplificado): 104421
[15:02:21]   ✅ Archivo escrito: backend/descargas/causas/causas.txt
[15:02:21] ================================================================================
[15:02:21] PASO 3: LLENANDO CAUSA_NUMERO (según fecha de cambio de sistema, cruzando por acta + año)
[15:02:21] ================================================================================
[15:02:21] 📊 ESTADÍSTICAS DE LLENADO DE CAUSAS:
[15:02:21]   • Pagos con causa ORIGINAL: 3
[15:02:21]   • Causas encontradas en SIGEMI (actas viejas): 2
[15:02:21]   • Causas NO encontradas en SIGEMI: 0
[15:02:21]   • Causas asignadas automáticamente (actas nuevas): 0
[15:02:21] ================================================================================
[15:02:21] PASO 4: ORDENANDO POR FECHA Y ACTA_NUMERO
[15:02:21] ================================================================================
[15:02:21] ✓ Pagos ordenados correctamente
[15:02:21]   • Primera entrada: Acta=225393, Fecha=27/10/2025
[15:02:21]   • Última entrada: Acta=278410, Fecha=11/03/2026
[15:02:21] 📝 Escribiendo archivo de salida...
[15:02:21]   ✅ Archivo escrito: backend/descargas/pagos/PAGOS 20260718 150133.txt
[15:02:21]   ✅ Total registros: 685
[15:02:21] ================================================================================
[15:02:21] ✅ PROCESO COMPLETADO EXITOSAMENTE
[15:02:21] ================================================================================
[15:02:21] 📊 RESUMEN FINAL DEL PROCESAMIENTO:
[15:02:21]   ENTRADA:
[15:02:21]     • Pagos originales: 14763
[15:02:21]     • Multas SIGEMI cargadas: 104421
[15:02:21]     • Multas Juzgado cargadas: 39355
[15:02:21]     • Causas simplificadas (usadas para el cruce): 104421
[15:02:21]   PROCESO:
[15:02:21]     • Pagos rechazados sigemi: 13108
[15:02:21]     • Pagos rechazados juzgado: 1650
[15:02:21]   SALIDA:
[15:02:21]     • Pagos desactualizados procesados: 5
[15:02:21]     • Archivo final: backend/descargas/pagos/PAGOS 20260718 150133.txt
[15:02:21]     • Ordenados por fecha: SÍ ✓
[15:02:21]     • Todos con ACTA_NUMERO: SÍ ✓
[15:02:21]     • Todos con CAUSA_NUMERO: SÍ ✓
[15:02:21] ✅ TXT de pagos (ya cruzado con actas y causas) generado en: backend/descargas/pagos/PAGOS 20260718 150133.txt
[15:02:21] 🧹 TXT de pagos crudo eliminado (ya usado en el cruce): backend/descargas/pagos/PAGOS DESCARGADOS.txt
[15:02:21] 🧹 Excel MULTAS_SIGEMI_CRUCE eliminado (ya usado en el cruce): backend/descargas/cache_actas_cruce/MULTAS_SIGEMI_CRUCE.xlsx
[15:02:21] 🧹 Excel MULTAS_JUZGADO_CRUCE eliminado (ya usado en el cruce): backend/descargas/cache_actas_cruce/MULTAS_JUZGADO_CRUCE.xlsx
[15:02:21] ✅ CompararActasPaso finalizado.
[15:02:21] ✓ [CompararActasPaso] Completado.
[15:02:21] === Ejecución finalizada con éxito ===
