[14:14:24] === Inicio de ejecución: pagos ===
[14:14:25] ▶ [LoginSemytPaso] Iniciando...
[14:14:25] ==================================================
[14:14:25] 🚀 PASO: LoginSemytPaso
[14:14:25] ==================================================
[14:14:25] Abriendo SEMyT con sesión guardada...
[14:14:27] ✅ Sesión existente detectada. Login omitido.
[14:14:27] ✅ LoginSemytPaso finalizado.
[14:14:27] ✓ [LoginSemytPaso] Completado.
[14:14:27] ▶ [LoginJuzgadoPaso] Iniciando...
[14:14:27] ==================================================
[14:14:27] 🚀 PASO: LoginJuzgadoPaso
[14:14:27] ==================================================
[14:14:27] Abriendo sitio municipalidad (CiDi)...
[14:14:28] ✅ Sesión existente detectada en Juzgado. Login omitido.
[14:14:28] ✅ LoginJuzgadoPaso finalizado.
[14:14:28] ✓ [LoginJuzgadoPaso] Completado.
[14:14:28] ▶ [DescargarPagosPaso] Iniciando...
[14:14:28] ==================================================
[14:14:28] 🚀 PASO: DescargarPagosPaso
[14:14:28] ==================================================
[14:14:28] 📥 Descargando TXT de pagos desde el Juzgado...
[14:14:46] ✅ TXT de pagos descargado en: backend/descargas/pagos/PAGOS DESCARGADOS.txt
[14:14:46] ✅ DescargarPagosPaso finalizado.
[14:14:46] ✓ [DescargarPagosPaso] Completado.
[14:14:46] ▶ [ObtenerActasCrucePaso] Iniciando...
[14:14:46] ==================================================
[14:14:46] 🚀 PASO: ObtenerActasCrucePaso
[14:14:46] ==================================================
[14:14:46] 📥 Descargando Excel de actas vencidas para el cruce — SIGEMI (rango viejo)...
[14:14:46] Fecha Desde: 27/06/2024
[14:14:46] Fecha Hasta: 24/11/2025
[14:14:47] Descargando Excel...
[14:15:03] Archivo descargado en: backend/descargas/cache_actas_cruce/MULTAS_SIGEMI_CRUCE.xlsx
[14:15:07] ✅ Excel de actas para el cruce (SIGEMI (rango viejo)) guardado en: backend/descargas/cache_actas_cruce/MULTAS_SIGEMI_CRUCE.xlsx
[14:15:07] 📥 Descargando Excel de actas vencidas para el cruce — Juzgado (rango nuevo)...
[14:15:07] Fecha Desde: 25/11/2025
[14:15:07] Fecha Hasta: 18/07/2026
[14:15:07] Descargando Excel...
[14:15:16] Archivo descargado en: backend/descargas/cache_actas_cruce/MULTAS_JUZGADO_CRUCE.xlsx
[14:15:18] ✅ Excel de actas para el cruce (Juzgado (rango nuevo)) guardado en: backend/descargas/cache_actas_cruce/MULTAS_JUZGADO_CRUCE.xlsx
[14:15:18] ✅ ObtenerActasCrucePaso finalizado.
[14:15:18] ✓ [ObtenerActasCrucePaso] Completado.
[14:15:18] ▶ [CompararActasPaso] Iniciando...
[14:15:18] ==================================================
[14:15:18] 🚀 PASO: CompararActasPaso
[14:15:18] ==================================================
[14:15:18] 🔍 Comparando actas del SEMyT contra pagos del Juzgado...
[14:15:18] ================================================================================
[14:15:18] INICIANDO PROCESO DE GENERACIÓN DE PAGOS DESACTUALIZADOS
[14:15:18] ================================================================================
[14:15:18] 📂 Cargando archivos...
[14:15:18]   ✓ Pagos: 14757 registros
[14:15:21]   ✓ Excel SIGEMI (multas vencidas viejas): 104456 registros
[14:15:23]   ✓ Excel Juzgado (multas vencidas nuevas): 39361 registros
[14:15:46] ================================================================================
[14:15:46] PASO 1: LLENANDO ACTA_NUMERO (búsqueda por patente + fecha, con desempate por hora)
[14:15:46] ================================================================================
[14:15:48] 📊 ESTADÍSTICAS DE LLENADO DE ACTAS:
[14:15:48]   • Pagos con acta ORIGINAL: 1650
[14:15:48]   • Pagos SIN acta (buscados): 13107
[14:15:48]   • Pagos LLENADOS exitosamente: 35
[14:15:48]   • Pagos NO encontrados en multas: 13072
[14:15:48]   • Pagos SIN RESOLVER por desbalance de cantidades: 0
[14:15:58] ================================================================================
[14:15:58] PASO 1: LLENANDO ACTA_NUMERO (búsqueda por patente + fecha, con desempate por hora)
[14:15:58] ================================================================================
[14:16:00] 📊 ESTADÍSTICAS DE LLENADO DE ACTAS:
[14:16:00]   • Pagos con acta ORIGINAL: 1685
[14:16:00]   • Pagos SIN acta (buscados): 13072
[14:16:00]   • Pagos LLENADOS exitosamente: 0
[14:16:00]   • Pagos NO encontrados en multas: 13072
[14:16:00]   • Pagos SIN RESOLVER por desbalance de cantidades: 0
[14:16:00] ================================================================================
[14:16:00] PASO 2: FILTRANDO PAGOS CON ACTA_NUMERO COMPLETO
[14:16:00] ================================================================================
[14:16:00] 📊 ESTADÍSTICAS DE FILTRADO:
[14:16:00]   • Pagos TOTALES al inicio: 14757
[14:16:00]   • Pagos CON acta (MANTIENEN): 1685
[14:16:00]   • Pagos RECHAZADOS (sin coincidencias): 13072
[14:16:00] ⚠️  Se eliminaron 13072 registros sin número de acta
[14:16:00]      (recordá: esto incluye tanto pagos ya actualizados/pagados
[14:16:00]       como pagos que quedaron sin resolver por desbalance en el Paso 1)
[14:16:00] ================================================================================
[14:16:00] PASO 2-bis: CONFIRMANDO VIGENCIA DE PAGOS DEL SISTEMA NUEVO (contra MULTAS_JUZGADO_CRUCE)
[14:16:00] ================================================================================
[14:16:00]   ⚠ 1644 pago(s) del sistema nuevo descartados: su acta ya no figura como vencida en MULTAS_JUZGADO_CRUCE (SEMyT ya los actualizó).
[14:16:00]   • Pagos del sistema nuevo descartados por ya estar actualizados: 1644
[14:16:00] 📂 Cargando maestro de causas SIGEMI...
[14:16:00]   ✓ Causas totales (maestro): 134069 registros
[14:16:01] ================================================================================
[14:16:01] PASO 2.5: ARMANDO causas.txt SIMPLIFICADO (cruce contra total_causas_sigemi.txt)
[14:16:01] ================================================================================
[14:16:14]   • Actas vencidas viejas (multas): 104456
[14:16:14]   • Causas totales en el maestro SIGEMI: 134069
[14:16:14]   • Causas que coinciden (simplificado): 104456
[14:16:14]   ✅ Archivo escrito: backend/descargas/causas/causas.txt
[14:16:14] ================================================================================
[14:16:14] PASO 3: LLENANDO CAUSA_NUMERO (según fecha de cambio de sistema, cruzando por acta + año)
[14:16:14] ================================================================================
[14:16:14] 📊 ESTADÍSTICAS DE LLENADO DE CAUSAS:
[14:16:14]   • Pagos con causa ORIGINAL: 6
[14:16:14]   • Causas encontradas en SIGEMI (actas viejas): 35
[14:16:14]   • Causas NO encontradas en SIGEMI: 0
[14:16:14]   • Causas asignadas automáticamente (actas nuevas): 0
[14:16:14] ================================================================================
[14:16:14] PASO 4: ORDENANDO POR FECHA Y ACTA_NUMERO
[14:16:14] ================================================================================
[14:16:14] ✓ Pagos ordenados correctamente
[14:16:14]   • Primera entrada: Acta=5869, Fecha=05/07/2024
[14:16:14]   • Última entrada: Acta=299713, Fecha=22/04/2026
[14:16:14] 📝 Escribiendo archivo de salida...
[14:16:14]   ✅ Archivo escrito: backend/descargas/pagos/PAGOS 20260718 141518.txt
[14:16:14]   ✅ Total registros: 4546
[14:16:14] ================================================================================
[14:16:14] ✅ PROCESO COMPLETADO EXITOSAMENTE
[14:16:14] ================================================================================
[14:16:14] 📊 RESUMEN FINAL DEL PROCESAMIENTO:
[14:16:14]   ENTRADA:
[14:16:14]     • Pagos originales: 14757
[14:16:14]     • Multas SIGEMI cargadas: 104456
[14:16:14]     • Multas Juzgado cargadas: 39361
[14:16:14]     • Causas simplificadas (usadas para el cruce): 104456
[14:16:14]   PROCESO:
[14:16:14]     • Pagos rechazados sigemi: 13072
[14:16:14]     • Pagos rechazados juzgado: 1644
[14:16:14]   SALIDA:
[14:16:14]     • Pagos desactualizados procesados: 41
[14:16:14]     • Archivo final: backend/descargas/pagos/PAGOS 20260718 141518.txt
[14:16:14]     • Ordenados por fecha: SÍ ✓
[14:16:14]     • Todos con ACTA_NUMERO: SÍ ✓
[14:16:14]     • Todos con CAUSA_NUMERO: SÍ ✓
[14:16:14] ✅ TXT de pagos (ya cruzado con actas y causas) generado en: backend/descargas/pagos/PAGOS 20260718 141518.txt
[14:16:14] 🧹 TXT de pagos crudo eliminado (ya usado en el cruce): backend/descargas/pagos/PAGOS DESCARGADOS.txt
[14:16:14] 🧹 Excel MULTAS_SIGEMI_CRUCE eliminado (ya usado en el cruce): backend/descargas/cache_actas_cruce/MULTAS_SIGEMI_CRUCE.xlsx
[14:16:14] 🧹 Excel MULTAS_JUZGADO_CRUCE eliminado (ya usado en el cruce): backend/descargas/cache_actas_cruce/MULTAS_JUZGADO_CRUCE.xlsx
[14:16:14] ✅ CompararActasPaso finalizado.
[14:16:14] ✓ [CompararActasPaso] Completado.
[14:16:14] ▶ [CargarPagosPaso] Iniciando...
[14:16:14] ==================================================
[14:16:14] 🚀 PASO: CargarPagosPaso
[14:16:14] ==================================================
[14:16:14] 📤 Subiendo TXT de pagos al SEMyT...
[14:16:16] ✅ Importación de pagos completada con éxito.
[14:16:16] ✅ Archivo TXT de pagos cargado en el SEMyT correctamente.
[14:16:16] ✅ CargarPagosPaso finalizado.
[14:16:16] ✓ [CargarPagosPaso] Completado.
[14:16:16] === Ejecución finalizada con éxito ===
