[13:32:51] === Inicio de ejecución: pagos ===
[13:32:51] ==================================================
[13:32:51] 🚀 PASO: LoginSEMyTPaso
[13:32:51] ==================================================
[13:32:52] Abriendo SEMyT...
[13:32:54] ✅ [SEMyT] Sesión existente detectada. Login omitido.
[13:32:55] ✅ LoginSEMyTPaso finalizado. (⏱ 3.7s)
[13:32:55] ==================================================
[13:32:55] 🚀 PASO: LoginSIGIPaso
[13:32:55] ==================================================
[13:32:55] Abriendo sitio municipalidad (CiDi)...
[13:32:56] ✅ [SIGI] Sesión existente detectada. Login omitido.
[13:32:56] ✅ LoginSIGIPaso finalizado. (⏱ 1.1s)
[13:32:56] ==================================================
[13:32:56] 🚀 PASO: DescargasParalelasPaso
[13:32:56] ==================================================
[13:32:57] 📤 Arrancando las 3 descargas en paralelo (mismo browser, páginas separadas)...
[13:32:57] Fecha Desde: 27/06/2024
[13:32:57] Fecha Hasta: 24/11/2025
[13:32:57] Fecha Desde: 25/11/2025
[13:32:57] Fecha Hasta: 06/08/2026
[13:32:58] Descargando Excel...
[13:32:58] Descargando Excel...
[13:33:08] Archivo descargado en: datos/descargas/cache_actas_cruce/MULTAS_SIGI_CRUCE.xlsx
[13:33:10] ⏱ [actas_sigi] completado en 12.5s
[13:33:16] Archivo descargado en: datos/descargas/cache_actas_cruce/MULTAS_SIGEMI_CRUCE.xlsx
[13:33:19] ⏱ [actas_sigemi] completado en 21.8s
[13:33:29] ✅ TXT de pagos descargado en: datos/descargas/pagos/2026-08-06/ALL PAGOS DESCARGADOS.txt
[13:33:29] ⏱ [pagos_txt] completado en 31.8s
[13:33:29] ⏱ TOTAL descargas en paralelo: 31.8s
[13:33:29] ✅ DescargasParalelasPaso finalizado. (⏱ 33.1s)
[13:33:29] ==================================================
[13:33:29] 🚀 PASO: CompararActasPaso
[13:33:29] ==================================================
[13:33:29] 🔍 Comparando actas del SEMyT contra pagos del SIGI...
[13:33:29] ================================================================================
[13:33:29] INICIANDO PROCESO DE GENERACIÓN DE PAGOS DESACTUALIZADOS
[13:33:29] ================================================================================
[13:33:29] 📂 Cargando archivos...
[13:33:29]   ✓ Pagos: 20560 registros
[13:33:32]   ✓ Excel SIGEMI (multas vencidas viejas): 101623 registros
[13:33:34]   ✓ Excel SIGI (multas vencidas nuevas): 41542 registros
[13:33:34] ================================================================================
[13:33:34] PASO 1: LLENANDO ACTA_NUMERO (búsqueda por patente + fecha, con desempate por hora)
[13:33:34] ================================================================================
[13:33:36] 📊 ESTADÍSTICAS DE LLENADO DE ACTAS:
[13:33:36]   • Pagos con acta ORIGINAL: 5206
[13:33:36]   • Pagos SIN acta (buscados): 15354
[13:33:36]   • Pagos LLENADOS exitosamente: 1
[13:33:36]   • Pagos NO encontrados en multas: 15353
[13:33:36]   • Pagos SIN RESOLVER por desbalance de cantidades: 0
[13:33:36] ================================================================================
[13:33:36] PASO 1: LLENANDO ACTA_NUMERO (búsqueda por patente + fecha, con desempate por hora)
[13:33:36] ================================================================================
[13:33:37] 📊 ESTADÍSTICAS DE LLENADO DE ACTAS:
[13:33:37]   • Pagos con acta ORIGINAL: 5207
[13:33:37]   • Pagos SIN acta (buscados): 15353
[13:33:37]   • Pagos LLENADOS exitosamente: 0
[13:33:37]   • Pagos NO encontrados en multas: 15353
[13:33:37]   • Pagos SIN RESOLVER por desbalance de cantidades: 0
[13:33:37] ⏱ PASO 1 (llenar actas): 3.8s
[13:33:37] ================================================================================
[13:33:37] PASO 2: FILTRANDO PAGOS CON ACTA_NUMERO COMPLETO
[13:33:37] ================================================================================
[13:33:37] 📊 ESTADÍSTICAS DE FILTRADO:
[13:33:37]   • Pagos TOTALES al inicio: 20560
[13:33:37]   • Pagos CON acta (MANTIENEN): 5207
[13:33:37]   • Pagos RECHAZADOS (sin coincidencias): 15353
[13:33:37] ⚠️  Se eliminaron 15353 registros sin número de acta
[13:33:37]      (recordá: esto incluye tanto pagos ya actualizados/pagados
[13:33:37]       como pagos que quedaron sin resolver por desbalance en el Paso 1)
[13:33:37] ================================================================================
[13:33:37] PASO 2-bis: CONFIRMANDO VIGENCIA DE PAGOS (sistema NUEVO contra MULTAS_SIGI_CRUCE, sistema VIEJO contra SIGEMI)
[13:33:37] ================================================================================
[13:33:38]   ⚠ 5192 pago(s) descartados: su acta ya no figura como vencida en MULTAS_SIGI_CRUCE (SEMyT ya los actualizó).
[13:33:38]   ⚠ 14 pago(s) descartados: su acta ya no figura como vencida en el Excel de SIGEMI (SEMyT ya los actualizó).
[13:33:38]   • Pagos descartados en total por ya estar actualizados/pagados: 5206
[13:33:38] ⏱ PASO 2 (filtrar): 0.4s
[13:33:38] 📂 Cargando maestro de causas SIGEMI...
[13:33:38]   ✓ Causas totales (maestro): 134069 registros
[13:33:38] ================================================================================
[13:33:38] PASO 2.5: ARMANDO causas.txt SIMPLIFICADO (cruce contra total_causas_sigemi.txt)
[13:33:38] ================================================================================
[13:33:38]   • Actas vencidas viejas (multas): 101623
[13:33:38]   • Causas totales en el maestro SIGEMI: 134069
[13:33:38]   • Causas que coinciden (simplificado): 101309
[13:33:38]   ✅ Archivo escrito: datos/descargas/causas/causas.txt
[13:33:38] ⏱ PASO 2.5 (causas simplificado): 0.4s
[13:33:38] ================================================================================
[13:33:38] PASO 3: LLENANDO CAUSA_NUMERO (según fecha de cambio de sistema, cruzando por acta + año)
[13:33:38] ================================================================================
[13:33:38] 📊 ESTADÍSTICAS DE LLENADO DE CAUSAS:
[13:33:38]   • Pagos con causa ORIGINAL: 0
[13:33:38]   • Causas encontradas en SIGEMI (actas viejas): 1
[13:33:38]   • Causas NO encontradas en SIGEMI: 0
[13:33:38]   • Causas asignadas automáticamente (actas nuevas): 0
[13:33:38] ⏱ PASO 3 (llenar causas): 0.0s
[13:33:38] ================================================================================
[13:33:38] PASO 4: ORDENANDO POR FECHA Y ACTA_NUMERO
[13:33:38] ================================================================================
[13:33:38] ✓ Pagos ordenados correctamente
[13:33:38]   • Primera entrada: Acta=192897, Fecha=22/08/2025
[13:33:38]   • Última entrada: Acta=192897, Fecha=22/08/2025
[13:33:38] 📝 Escribiendo archivo de salida...
[13:33:38]   ✅ Archivo escrito: datos/descargas/pagos/2026-08-06/PAGOS 20260806 133329.txt
[13:33:38]   ✅ Total registros: 255
[13:33:38] ⏱ PASO 4 (ordenar y escribir): 0.0s
[13:33:38] ================================================================================
[13:33:38] ✅ PROCESO COMPLETADO EXITOSAMENTE
[13:33:38] ================================================================================
[13:33:38] 📊 RESUMEN FINAL DEL PROCESAMIENTO:
[13:33:38]   ENTRADA:
[13:33:38]     • Pagos originales: 20560
[13:33:38]     • Multas SIGEMI cargadas: 101623
[13:33:38]     • Multas SIGI cargadas: 41542
[13:33:38]     • Causas simplificadas (usadas para el cruce): 101309
[13:33:38]   PROCESO:
[13:33:38]     • Pagos rechazados sigemi: 15353
[13:33:38]     • Pagos rechazados sigi: 5206
[13:33:38]   SALIDA:
[13:33:38]     • Pagos desactualizados procesados: 1
[13:33:38]     • Archivo final: datos/descargas/pagos/2026-08-06/PAGOS 20260806 133329.txt
[13:33:38]     • Ordenados por fecha: SÍ ✓
[13:33:38]     • Todos con ACTA_NUMERO: SÍ ✓
[13:33:38]     • Todos con CAUSA_NUMERO: SÍ ✓
[13:33:38] ✅ TXT de pagos (ya cruzado con actas y causas) generado en: datos/descargas/pagos/2026-08-06/PAGOS 20260806 133329.txt
[13:33:38] 🧹 TXT de pagos crudo eliminado (ya usado en el cruce): datos/descargas/pagos/2026-08-06/ALL PAGOS DESCARGADOS.txt
[13:33:38] 🧹 Excel MULTAS_SIGEMI_CRUCE eliminado (ya usado en el cruce): datos/descargas/cache_actas_cruce/MULTAS_SIGEMI_CRUCE.xlsx
[13:33:38] 🧹 Excel MULTAS_SIGI_CRUCE eliminado (ya usado en el cruce): datos/descargas/cache_actas_cruce/MULTAS_SIGI_CRUCE.xlsx
[13:33:38] ✅ CompararActasPaso finalizado. (⏱ 9.2s)
[13:33:38] ==================================================
[13:33:38] 🚀 PASO: CargarPagosPaso
[13:33:38] ==================================================
[13:33:38] 📤 Subiendo TXT de pagos al SEMyT...
[13:33:40] ✅ Importación de pagos completada con éxito.
[13:33:41] ✅ Archivo TXT de pagos cargado en el SEMyT correctamente.
[13:33:41] ✅ CargarPagosPaso finalizado. (⏱ 2.6s)
[13:33:41] === Ejecución finalizada con éxito ===
