[13:15:20] === Inicio de ejecución: pagos ===
[13:15:21] ==================================================
[13:15:21] 🚀 PASO: LoginSEMyTPaso
[13:15:21] ==================================================
[13:15:21] Abriendo SEMyT...
[13:15:24] ✅ [SEMyT] Sesión existente detectada. Login omitido.
[13:15:25] ✅ LoginSEMyTPaso finalizado. (⏱ 3.7s)
[13:15:25] ==================================================
[13:15:25] 🚀 PASO: LoginSIGIPaso
[13:15:25] ==================================================
[13:15:25] Abriendo sitio municipalidad (CiDi)...
[13:15:25] ✅ [SIGI] Sesión existente detectada. Login omitido.
[13:15:26] ✅ LoginSIGIPaso finalizado. (⏱ 1.1s)
[13:15:26] ==================================================
[13:15:26] 🚀 PASO: DescargasParalelasPaso
[13:15:26] ==================================================
[13:15:27] 📤 Arrancando las 3 descargas en paralelo (mismo browser, páginas separadas)...
[13:15:27] Fecha Desde: 27/06/2024
[13:15:27] Fecha Hasta: 24/11/2025
[13:15:27] Fecha Desde: 25/11/2025
[13:15:27] Fecha Hasta: 06/08/2026
[13:15:27] Descargando Excel...
[13:15:27] Descargando Excel...
[13:15:38] Archivo descargado en: datos/descargas/cache_actas_cruce/MULTAS_SIGI_CRUCE.xlsx
[13:15:39] ⏱ [actas_sigi] completado en 12.1s
[13:15:45] Archivo descargado en: datos/descargas/cache_actas_cruce/MULTAS_SIGEMI_CRUCE.xlsx
[13:15:48] ⏱ [actas_sigemi] completado en 21.3s
[13:15:55] ✅ TXT de pagos descargado en: datos/descargas/pagos/2026-08-06/ALL PAGOS DESCARGADOS.txt
[13:15:55] ⏱ [pagos_txt] completado en 28.4s
[13:15:55] ⏱ TOTAL descargas en paralelo: 28.4s
[13:15:55] ✅ DescargasParalelasPaso finalizado. (⏱ 29.7s)
[13:15:55] ==================================================
[13:15:55] 🚀 PASO: CompararActasPaso
[13:15:55] ==================================================
[13:15:55] 🔍 Comparando actas del SEMyT contra pagos del SIGI...
[13:15:55] ================================================================================
[13:15:55] INICIANDO PROCESO DE GENERACIÓN DE PAGOS DESACTUALIZADOS
[13:15:55] ================================================================================
[13:15:55] 📂 Cargando archivos...
[13:15:55]   ✓ Pagos: 20558 registros
[13:15:59]   ✓ Excel SIGEMI (multas vencidas viejas): 101626 registros
[13:16:00]   ✓ Excel SIGI (multas vencidas nuevas): 41543 registros
[13:16:00] ================================================================================
[13:16:00] PASO 1: LLENANDO ACTA_NUMERO (búsqueda por patente + fecha, con desempate por hora)
[13:16:00] ================================================================================
[13:16:02] 📊 ESTADÍSTICAS DE LLENADO DE ACTAS:
[13:16:02]   • Pagos con acta ORIGINAL: 5206
[13:16:02]   • Pagos SIN acta (buscados): 15352
[13:16:02]   • Pagos LLENADOS exitosamente: 0
[13:16:02]   • Pagos NO encontrados en multas: 15352
[13:16:02]   • Pagos SIN RESOLVER por desbalance de cantidades: 0
[13:16:02] ================================================================================
[13:16:02] PASO 1: LLENANDO ACTA_NUMERO (búsqueda por patente + fecha, con desempate por hora)
[13:16:02] ================================================================================
[13:16:04] 📊 ESTADÍSTICAS DE LLENADO DE ACTAS:
[13:16:04]   • Pagos con acta ORIGINAL: 5206
[13:16:04]   • Pagos SIN acta (buscados): 15352
[13:16:04]   • Pagos LLENADOS exitosamente: 0
[13:16:04]   • Pagos NO encontrados en multas: 15352
[13:16:04]   • Pagos SIN RESOLVER por desbalance de cantidades: 0
[13:16:04] ⏱ PASO 1 (llenar actas): 3.8s
[13:16:04] ================================================================================
[13:16:04] PASO 2: FILTRANDO PAGOS CON ACTA_NUMERO COMPLETO
[13:16:04] ================================================================================
[13:16:04] 📊 ESTADÍSTICAS DE FILTRADO:
[13:16:04]   • Pagos TOTALES al inicio: 20558
[13:16:04]   • Pagos CON acta (MANTIENEN): 5206
[13:16:04]   • Pagos RECHAZADOS (sin coincidencias): 15352
[13:16:04] ⚠️  Se eliminaron 15352 registros sin número de acta
[13:16:04]      (recordá: esto incluye tanto pagos ya actualizados/pagados
[13:16:04]       como pagos que quedaron sin resolver por desbalance en el Paso 1)
[13:16:04] ================================================================================
[13:16:04] PASO 2-bis: CONFIRMANDO VIGENCIA DE PAGOS (sistema NUEVO contra MULTAS_SIGI_CRUCE, sistema VIEJO contra SIGEMI)
[13:16:04] ================================================================================
[13:16:04]   ⚠ 5191 pago(s) descartados: su acta ya no figura como vencida en MULTAS_SIGI_CRUCE (SEMyT ya los actualizó).
[13:16:04]   ⚠ 14 pago(s) descartados: su acta ya no figura como vencida en el Excel de SIGEMI (SEMyT ya los actualizó).
[13:16:04]   • Pagos descartados en total por ya estar actualizados/pagados: 5205
[13:16:04] ⏱ PASO 2 (filtrar): 0.4s
[13:16:04] 📂 Cargando maestro de causas SIGEMI...
[13:16:04]   ✓ Causas totales (maestro): 134069 registros
[13:16:04] ================================================================================
[13:16:04] PASO 2.5: ARMANDO causas.txt SIMPLIFICADO (cruce contra total_causas_sigemi.txt)
[13:16:04] ================================================================================
[13:16:04]   • Actas vencidas viejas (multas): 101626
[13:16:04]   • Causas totales en el maestro SIGEMI: 134069
[13:16:04]   • Causas que coinciden (simplificado): 101312
[13:16:04]   ✅ Archivo escrito: datos/descargas/causas/causas.txt
[13:16:04] ⏱ PASO 2.5 (causas simplificado): 0.4s
[13:16:04] ================================================================================
[13:16:04] PASO 3: LLENANDO CAUSA_NUMERO (según fecha de cambio de sistema, cruzando por acta + año)
[13:16:04] ================================================================================
[13:16:04] 📊 ESTADÍSTICAS DE LLENADO DE CAUSAS:
[13:16:04]   • Pagos con causa ORIGINAL: 1
[13:16:04]   • Causas encontradas en SIGEMI (actas viejas): 0
[13:16:04]   • Causas NO encontradas en SIGEMI: 0
[13:16:04]   • Causas asignadas automáticamente (actas nuevas): 0
[13:16:04] ⏱ PASO 3 (llenar causas): 0.0s
[13:16:04] ================================================================================
[13:16:04] PASO 4: ORDENANDO POR FECHA Y ACTA_NUMERO
[13:16:04] ================================================================================
[13:16:04] ✓ Pagos ordenados correctamente
[13:16:04]   • Primera entrada: Acta=280379, Fecha=16/03/2026
[13:16:04]   • Última entrada: Acta=280379, Fecha=16/03/2026
[13:16:04] 📝 Escribiendo archivo de salida...
[13:16:04]   ✅ Archivo escrito: datos/descargas/pagos/2026-08-06/PAGOS 20260806 131555.txt
[13:16:04]   ✅ Total registros: 258
[13:16:04] ⏱ PASO 4 (ordenar y escribir): 0.0s
[13:16:04] ================================================================================
[13:16:04] ✅ PROCESO COMPLETADO EXITOSAMENTE
[13:16:04] ================================================================================
[13:16:04] 📊 RESUMEN FINAL DEL PROCESAMIENTO:
[13:16:04]   ENTRADA:
[13:16:04]     • Pagos originales: 20558
[13:16:04]     • Multas SIGEMI cargadas: 101626
[13:16:04]     • Multas SIGI cargadas: 41543
[13:16:04]     • Causas simplificadas (usadas para el cruce): 101312
[13:16:04]   PROCESO:
[13:16:04]     • Pagos rechazados sigemi: 15352
[13:16:04]     • Pagos rechazados sigi: 5205
[13:16:04]   SALIDA:
[13:16:04]     • Pagos desactualizados procesados: 1
[13:16:04]     • Archivo final: datos/descargas/pagos/2026-08-06/PAGOS 20260806 131555.txt
[13:16:04]     • Ordenados por fecha: SÍ ✓
[13:16:04]     • Todos con ACTA_NUMERO: SÍ ✓
[13:16:04]     • Todos con CAUSA_NUMERO: SÍ ✓
[13:16:04] ✅ TXT de pagos (ya cruzado con actas y causas) generado en: datos/descargas/pagos/2026-08-06/PAGOS 20260806 131555.txt
[13:16:04] 🧹 TXT de pagos crudo eliminado (ya usado en el cruce): datos/descargas/pagos/2026-08-06/ALL PAGOS DESCARGADOS.txt
[13:16:04] 🧹 Excel MULTAS_SIGEMI_CRUCE eliminado (ya usado en el cruce): datos/descargas/cache_actas_cruce/MULTAS_SIGEMI_CRUCE.xlsx
[13:16:04] 🧹 Excel MULTAS_SIGI_CRUCE eliminado (ya usado en el cruce): datos/descargas/cache_actas_cruce/MULTAS_SIGI_CRUCE.xlsx
[13:16:04] ✅ CompararActasPaso finalizado. (⏱ 9.2s)
[13:16:04] ==================================================
[13:16:04] 🚀 PASO: CargarPagosPaso
[13:16:04] ==================================================
[13:16:04] 📤 Subiendo TXT de pagos al SEMyT...
[13:16:07] ✅ Importación de pagos completada con éxito.
[13:16:07] ✅ Archivo TXT de pagos cargado en el SEMyT correctamente.
[13:16:07] ✅ CargarPagosPaso finalizado. (⏱ 3.0s)
[13:16:08] === Ejecución finalizada con éxito ===
