[18:45:12] === Inicio de ejecución: pagos ===
[18:45:13] ==================================================
[18:45:13] 🚀 PASO: LoginSEMyTPaso
[18:45:13] ==================================================
[18:45:13] Abriendo SEMyT...
[18:45:15] ✅ [SEMyT] Sesión existente detectada. Login omitido.
[18:45:15] ✅ LoginSEMyTPaso finalizado. (⏱ 2.6s)
[18:45:15] ==================================================
[18:45:15] 🚀 PASO: LoginSIGIPaso
[18:45:15] ==================================================
[18:45:15] Abriendo sitio municipalidad (CiDi)...
[18:45:16] ✅ [SIGI] Sesión existente detectada. Login omitido.
[18:45:16] ✅ LoginSIGIPaso finalizado. (⏱ 0.4s)
[18:45:16] ==================================================
[18:45:16] 🚀 PASO: DescargasParalelasPaso
[18:45:16] ==================================================
[18:45:16] 📤 Arrancando las 3 descargas en paralelo (mismo browser, páginas separadas)...
[18:45:16] Fecha Desde: 27/06/2024
[18:45:16] Fecha Hasta: 24/11/2025
[18:45:16] Fecha Desde: 25/11/2025
[18:45:16] Fecha Hasta: 06/08/2026
[18:45:16] Descargando Excel...
[18:45:16] Descargando Excel...
[18:45:46] Archivo descargado en: datos/descargas/cache_actas_cruce/MULTAS_SIGI_CRUCE.xlsx
[18:45:48] ⏱ [actas_sigi] completado en 31.8s
[18:45:48] Archivo descargado en: datos/descargas/cache_actas_cruce/MULTAS_SIGEMI_CRUCE.xlsx
[18:45:52] ⏱ [actas_sigemi] completado en 35.4s
[18:45:54] ✅ TXT de pagos descargado en: datos/descargas/pagos/2026-08-06/ALL PAGOS DESCARGADOS.txt
[18:45:54] ⏱ [pagos_txt] completado en 37.5s
[18:45:54] ⏱ TOTAL descargas en paralelo: 37.5s
[18:45:54] ✅ DescargasParalelasPaso finalizado. (⏱ 37.8s)
[18:45:54] ==================================================
[18:45:54] 🚀 PASO: CompararActasPaso
[18:45:54] ==================================================
[18:45:54] 🔍 Comparando actas del SEMyT contra pagos del SIGI...
[18:45:54] ================================================================================
[18:45:54] INICIANDO PROCESO DE GENERACIÓN DE PAGOS DESACTUALIZADOS
[18:45:54] ================================================================================
[18:45:54] 📂 Cargando archivos...
[18:45:54]   ✓ Pagos: 20589 registros
[18:45:57]   ✓ Excel SIGEMI (multas vencidas viejas): 101606 registros
[18:45:58]   ✓ Excel SIGI (multas vencidas nuevas): 41529 registros
[18:45:59] ================================================================================
[18:45:59] PASO 1: LLENANDO ACTA_NUMERO (búsqueda por patente + fecha, con desempate por hora)
[18:45:59] ================================================================================
[18:46:00] 📊 ESTADÍSTICAS DE LLENADO DE ACTAS:
[18:46:00]   • Pagos con acta ORIGINAL: 5220
[18:46:00]   • Pagos SIN acta (buscados): 15369
[18:46:00]   • Pagos LLENADOS exitosamente: 0
[18:46:00]   • Pagos NO encontrados en multas: 15369
[18:46:00]   • Pagos SIN RESOLVER por desbalance de cantidades: 0
[18:46:01] ================================================================================
[18:46:01] PASO 1: LLENANDO ACTA_NUMERO (búsqueda por patente + fecha, con desempate por hora)
[18:46:01] ================================================================================
[18:46:02] 📊 ESTADÍSTICAS DE LLENADO DE ACTAS:
[18:46:02]   • Pagos con acta ORIGINAL: 5220
[18:46:02]   • Pagos SIN acta (buscados): 15369
[18:46:02]   • Pagos LLENADOS exitosamente: 0
[18:46:02]   • Pagos NO encontrados en multas: 15369
[18:46:02]   • Pagos SIN RESOLVER por desbalance de cantidades: 0
[18:46:02] ⏱ PASO 1 (llenar actas): 3.8s
[18:46:02] ================================================================================
[18:46:02] PASO 2: FILTRANDO PAGOS CON ACTA_NUMERO COMPLETO
[18:46:02] ================================================================================
[18:46:02] 📊 ESTADÍSTICAS DE FILTRADO:
[18:46:02]   • Pagos TOTALES al inicio: 20589
[18:46:02]   • Pagos CON acta (MANTIENEN): 5220
[18:46:02]   • Pagos RECHAZADOS (sin coincidencias): 15369
[18:46:02] ⚠️  Se eliminaron 15369 registros sin número de acta
[18:46:02]      (recordá: esto incluye tanto pagos ya actualizados/pagados
[18:46:02]       como pagos que quedaron sin resolver por desbalance en el Paso 1)
[18:46:02] ================================================================================
[18:46:02] PASO 2-bis: CONFIRMANDO VIGENCIA DE PAGOS (sistema NUEVO contra MULTAS_SIGI_CRUCE, sistema VIEJO contra SIGEMI)
[18:46:02] ================================================================================
[18:46:03]   ⚠ 5205 pago(s) descartados: su acta ya no figura como vencida en MULTAS_SIGI_CRUCE (SEMyT ya los actualizó).
[18:46:03]   ⚠ 14 pago(s) descartados: su acta ya no figura como vencida en el Excel de SIGEMI (SEMyT ya los actualizó).
[18:46:03]   • Pagos descartados en total por ya estar actualizados/pagados: 5219
[18:46:03] ⏱ PASO 2 (filtrar): 0.5s
[18:46:03] 📂 Cargando maestro de causas SIGEMI...
[18:46:03]   ✓ Causas totales (maestro): 134069 registros
[18:46:03] ================================================================================
[18:46:03] PASO 2.5: ARMANDO causas.txt SIMPLIFICADO (cruce contra total_causas_sigemi.txt)
[18:46:03] ================================================================================
[18:46:03]   • Actas vencidas viejas (multas): 101606
[18:46:03]   • Causas totales en el maestro SIGEMI: 134069
[18:46:03]   • Causas que coinciden (simplificado): 101292
[18:46:03]   ✅ Archivo escrito: datos/descargas/causas/causas.txt
[18:46:03] ⏱ PASO 2.5 (causas simplificado): 0.4s
[18:46:03] ================================================================================
[18:46:03] PASO 3: LLENANDO CAUSA_NUMERO (según fecha de cambio de sistema, cruzando por acta + año)
[18:46:03] ================================================================================
[18:46:03] 📊 ESTADÍSTICAS DE LLENADO DE CAUSAS:
[18:46:03]   • Pagos con causa ORIGINAL: 1
[18:46:03]   • Causas encontradas en SIGEMI (actas viejas): 0
[18:46:03]   • Causas NO encontradas en SIGEMI: 0
[18:46:03]   • Causas asignadas automáticamente (actas nuevas): 0
[18:46:03] ⏱ PASO 3 (llenar causas): 0.0s
[18:46:03] ================================================================================
[18:46:03] PASO 4: ORDENANDO POR FECHA Y ACTA_NUMERO
[18:46:03] ================================================================================
[18:46:03] ✓ Pagos ordenados correctamente
[18:46:03]   • Primera entrada: Acta=311917, Fecha=12/05/2026
[18:46:03]   • Última entrada: Acta=311917, Fecha=12/05/2026
[18:46:03] 📝 Escribiendo archivo de salida...
[18:46:03]   ✅ Archivo escrito: datos/descargas/pagos/2026-08-06/PAGOS 20260806 184554.txt
[18:46:03]   ✅ Total registros: 258
[18:46:03] ⏱ PASO 4 (ordenar y escribir): 0.0s
[18:46:03] ================================================================================
[18:46:03] ✅ PROCESO COMPLETADO EXITOSAMENTE
[18:46:03] ================================================================================
[18:46:03] 📊 RESUMEN FINAL DEL PROCESAMIENTO:
[18:46:03]   ENTRADA:
[18:46:03]     • Pagos originales: 20589
[18:46:03]     • Multas SIGEMI cargadas: 101606
[18:46:03]     • Multas SIGI cargadas: 41529
[18:46:03]     • Causas simplificadas (usadas para el cruce): 101292
[18:46:03]   PROCESO:
[18:46:03]     • Pagos rechazados sigemi: 15369
[18:46:03]     • Pagos rechazados sigi: 5219
[18:46:03]   SALIDA:
[18:46:03]     • Pagos desactualizados procesados: 1
[18:46:03]     • Archivo final: datos/descargas/pagos/2026-08-06/PAGOS 20260806 184554.txt
[18:46:03]     • Ordenados por fecha: SÍ ✓
[18:46:03]     • Todos con ACTA_NUMERO: SÍ ✓
[18:46:03]     • Todos con CAUSA_NUMERO: SÍ ✓
[18:46:03] ✅ TXT de pagos (ya cruzado con actas y causas) generado en: datos/descargas/pagos/2026-08-06/PAGOS 20260806 184554.txt
[18:46:03] 🧹 TXT de pagos crudo eliminado (ya usado en el cruce): datos/descargas/pagos/2026-08-06/ALL PAGOS DESCARGADOS.txt
[18:46:03] 🧹 Excel MULTAS_SIGEMI_CRUCE eliminado (ya usado en el cruce): datos/descargas/cache_actas_cruce/MULTAS_SIGEMI_CRUCE.xlsx
[18:46:03] 🧹 Excel MULTAS_SIGI_CRUCE eliminado (ya usado en el cruce): datos/descargas/cache_actas_cruce/MULTAS_SIGI_CRUCE.xlsx
[18:46:03] ✅ CompararActasPaso finalizado. (⏱ 9.3s)
[18:46:03] ==================================================
[18:46:03] 🚀 PASO: CargarPagosPaso
[18:46:03] ==================================================
[18:46:03] 📤 Subiendo TXT de pagos al SEMyT...
[18:46:05] ✅ Importación de pagos completada con éxito.
[18:46:05] ✅ Archivo TXT de pagos cargado en el SEMyT correctamente.
[18:46:05] ✅ CargarPagosPaso finalizado. (⏱ 2.0s)
[18:46:05] === Ejecución finalizada con éxito ===
