[21:44:31] === Inicio de ejecución: pagos ===
[21:44:31] ==================================================
[21:44:31] 🚀 PASO: LoginSEMyTPaso
[21:44:31] ==================================================
[21:44:32] Abriendo SEMyT...
[21:44:34] ✅ [SEMyT] Sesión existente detectada. Login omitido.
[21:44:35] ✅ LoginSEMyTPaso finalizado. (⏱ 3.1s)
[21:44:35] ==================================================
[21:44:35] 🚀 PASO: LoginSIGIPaso
[21:44:35] ==================================================
[21:44:35] Abriendo sitio municipalidad (CiDi)...
[21:44:35] ✅ [SIGI] Sesión existente detectada. Login omitido.
[21:44:35] ✅ LoginSIGIPaso finalizado. (⏱ 0.4s)
[21:44:35] ==================================================
[21:44:35] 🚀 PASO: DescargasParalelasPaso
[21:44:35] ==================================================
[21:44:35] 📤 Arrancando las 3 descargas en paralelo (mismo browser, páginas separadas)...
[21:44:35] Fecha Desde: 27/06/2024
[21:44:35] Fecha Hasta: 24/11/2025
[21:44:35] Fecha Desde: 25/11/2025
[21:44:35] Fecha Hasta: 06/08/2026
[21:44:35] Descargando Excel...
[21:44:35] Descargando Excel...
[21:44:45] Archivo descargado en: datos/descargas/cache_actas_cruce/MULTAS_SIGI_CRUCE.xlsx
[21:44:46] ⏱ [actas_sigi] completado en 10.8s
[21:44:54] Archivo descargado en: datos/descargas/cache_actas_cruce/MULTAS_SIGEMI_CRUCE.xlsx
[21:44:57] ⏱ [actas_sigemi] completado en 21.8s
[21:45:18] ✅ TXT de pagos descargado en: datos/descargas/pagos/2026-08-06/ALL PAGOS DESCARGADOS.txt
[21:45:18] ⏱ [pagos_txt] completado en 42.3s
[21:45:18] ⏱ TOTAL descargas en paralelo: 42.3s
[21:45:18] ✅ DescargasParalelasPaso finalizado. (⏱ 42.6s)
[21:45:18] ==================================================
[21:45:18] 🚀 PASO: CompararActasPaso
[21:45:18] ==================================================
[21:45:18] 🔍 Comparando actas del SEMyT contra pagos del SIGI...
[21:45:18] ================================================================================
[21:45:18] INICIANDO PROCESO DE GENERACIÓN DE PAGOS DESACTUALIZADOS
[21:45:18] ================================================================================
[21:45:18] 📂 Cargando archivos...
[21:45:18]   ✓ Pagos: 20602 registros
[21:45:21]   ✓ Excel SIGEMI (multas vencidas viejas): 101602 registros
[21:45:22]   ✓ Excel SIGI (multas vencidas nuevas): 41520 registros
[21:45:23] ================================================================================
[21:45:23] PASO 1: LLENANDO ACTA_NUMERO (búsqueda por patente + fecha, con desempate por hora)
[21:45:23] ================================================================================
[21:45:24] 📊 ESTADÍSTICAS DE LLENADO DE ACTAS:
[21:45:24]   • Pagos con acta ORIGINAL: 5229
[21:45:24]   • Pagos SIN acta (buscados): 15373
[21:45:24]   • Pagos LLENADOS exitosamente: 0
[21:45:24]   • Pagos NO encontrados en multas: 15373
[21:45:24]   • Pagos SIN RESOLVER por desbalance de cantidades: 0
[21:45:24] ================================================================================
[21:45:24] PASO 1: LLENANDO ACTA_NUMERO (búsqueda por patente + fecha, con desempate por hora)
[21:45:24] ================================================================================
[21:45:26] 📊 ESTADÍSTICAS DE LLENADO DE ACTAS:
[21:45:26]   • Pagos con acta ORIGINAL: 5229
[21:45:26]   • Pagos SIN acta (buscados): 15373
[21:45:26]   • Pagos LLENADOS exitosamente: 0
[21:45:26]   • Pagos NO encontrados en multas: 15373
[21:45:26]   • Pagos SIN RESOLVER por desbalance de cantidades: 0
[21:45:26] ⏱ PASO 1 (llenar actas): 3.8s
[21:45:26] ================================================================================
[21:45:26] PASO 2: FILTRANDO PAGOS CON ACTA_NUMERO COMPLETO
[21:45:26] ================================================================================
[21:45:26] 📊 ESTADÍSTICAS DE FILTRADO:
[21:45:26]   • Pagos TOTALES al inicio: 20602
[21:45:26]   • Pagos CON acta (MANTIENEN): 5229
[21:45:26]   • Pagos RECHAZADOS (sin coincidencias): 15373
[21:45:26] ⚠️  Se eliminaron 15373 registros sin número de acta
[21:45:26]      (recordá: esto incluye tanto pagos ya actualizados/pagados
[21:45:26]       como pagos que quedaron sin resolver por desbalance en el Paso 1)
[21:45:26] ================================================================================
[21:45:26] PASO 2-bis: CONFIRMANDO VIGENCIA DE PAGOS (sistema NUEVO contra MULTAS_SIGI_CRUCE, sistema VIEJO contra SIGEMI)
[21:45:26] ================================================================================
[21:45:26]   ⚠ 5214 pago(s) descartados: su acta ya no figura como vencida en MULTAS_SIGI_CRUCE (SEMyT ya los actualizó).
[21:45:26]   ⚠ 14 pago(s) descartados: su acta ya no figura como vencida en el Excel de SIGEMI (SEMyT ya los actualizó).
[21:45:26]   • Pagos descartados en total por ya estar actualizados/pagados: 5228
[21:45:26] ⏱ PASO 2 (filtrar): 0.4s
[21:45:26] 📂 Cargando maestro de causas SIGEMI...
[21:45:26]   ✓ Causas totales (maestro): 134069 registros
[21:45:26] ================================================================================
[21:45:26] PASO 2.5: ARMANDO causas.txt SIMPLIFICADO (cruce contra total_causas_sigemi.txt)
[21:45:26] ================================================================================
[21:45:27]   • Actas vencidas viejas (multas): 101602
[21:45:27]   • Causas totales en el maestro SIGEMI: 134069
[21:45:27]   • Causas que coinciden (simplificado): 101288
[21:45:27]   ✅ Archivo escrito: datos/descargas/causas/causas.txt
[21:45:27] ⏱ PASO 2.5 (causas simplificado): 0.4s
[21:45:27] ================================================================================
[21:45:27] PASO 3: LLENANDO CAUSA_NUMERO (según fecha de cambio de sistema, cruzando por acta + año)
[21:45:27] ================================================================================
[21:45:27] 📊 ESTADÍSTICAS DE LLENADO DE CAUSAS:
[21:45:27]   • Pagos con causa ORIGINAL: 1
[21:45:27]   • Causas encontradas en SIGEMI (actas viejas): 0
[21:45:27]   • Causas NO encontradas en SIGEMI: 0
[21:45:27]   • Causas asignadas automáticamente (actas nuevas): 0
[21:45:27] ⏱ PASO 3 (llenar causas): 0.0s
[21:45:27] ================================================================================
[21:45:27] PASO 4: ORDENANDO POR FECHA Y ACTA_NUMERO
[21:45:27] ================================================================================
[21:45:27] ✓ Pagos ordenados correctamente
[21:45:27]   • Primera entrada: Acta=312387, Fecha=12/05/2026
[21:45:27]   • Última entrada: Acta=312387, Fecha=12/05/2026
[21:45:27] 📝 Escribiendo archivo de salida...
[21:45:27]   ✅ Archivo escrito: datos/descargas/pagos/2026-08-06/PAGOS 20260806 214518.txt
[21:45:27]   ✅ Total registros: 259
[21:45:27] ⏱ PASO 4 (ordenar y escribir): 0.0s
[21:45:27] ================================================================================
[21:45:27] ✅ PROCESO COMPLETADO EXITOSAMENTE
[21:45:27] ================================================================================
[21:45:27] 📊 RESUMEN FINAL DEL PROCESAMIENTO:
[21:45:27]   ENTRADA:
[21:45:27]     • Pagos originales: 20602
[21:45:27]     • Multas SIGEMI cargadas: 101602
[21:45:27]     • Multas SIGI cargadas: 41520
[21:45:27]     • Causas simplificadas (usadas para el cruce): 101288
[21:45:27]   PROCESO:
[21:45:27]     • Pagos rechazados sigemi: 15373
[21:45:27]     • Pagos rechazados sigi: 5228
[21:45:27]   SALIDA:
[21:45:27]     • Pagos desactualizados procesados: 1
[21:45:27]     • Archivo final: datos/descargas/pagos/2026-08-06/PAGOS 20260806 214518.txt
[21:45:27]     • Ordenados por fecha: SÍ ✓
[21:45:27]     • Todos con ACTA_NUMERO: SÍ ✓
[21:45:27]     • Todos con CAUSA_NUMERO: SÍ ✓
[21:45:27] ✅ TXT de pagos (ya cruzado con actas y causas) generado en: datos/descargas/pagos/2026-08-06/PAGOS 20260806 214518.txt
[21:45:27] 🧹 TXT de pagos crudo eliminado (ya usado en el cruce): datos/descargas/pagos/2026-08-06/ALL PAGOS DESCARGADOS.txt
[21:45:27] 🧹 Excel MULTAS_SIGEMI_CRUCE eliminado (ya usado en el cruce): datos/descargas/cache_actas_cruce/MULTAS_SIGEMI_CRUCE.xlsx
[21:45:27] 🧹 Excel MULTAS_SIGI_CRUCE eliminado (ya usado en el cruce): datos/descargas/cache_actas_cruce/MULTAS_SIGI_CRUCE.xlsx
[21:45:27] ✅ CompararActasPaso finalizado. (⏱ 9.2s)
[21:45:27] ==================================================
[21:45:27] 🚀 PASO: CargarPagosPaso
[21:45:27] ==================================================
[21:45:27] 📤 Subiendo TXT de pagos al SEMyT...
[21:45:28] ✅ Importación de pagos completada con éxito.
[21:45:29] ✅ Archivo TXT de pagos cargado en el SEMyT correctamente.
[21:45:29] ✅ CargarPagosPaso finalizado. (⏱ 2.0s)
[21:45:29] === Ejecución finalizada con éxito ===
