[17:04:40] === Inicio de ejecución: pagos ===
[17:04:41] ==================================================
[17:04:41] 🚀 PASO: LoginSEMyTPaso
[17:04:41] ==================================================
[17:04:41] Abriendo SEMyT...
[17:04:44] ✅ [SEMyT] Sesión existente detectada. Login omitido.
[17:04:44] ✅ LoginSEMyTPaso finalizado. (⏱ 3.0s)
[17:04:44] ==================================================
[17:04:44] 🚀 PASO: LoginSIGIPaso
[17:04:44] ==================================================
[17:04:44] Abriendo sitio municipalidad (CiDi)...
[17:04:44] ✅ [SIGI] Sesión existente detectada. Login omitido.
[17:04:44] ✅ LoginSIGIPaso finalizado. (⏱ 0.5s)
[17:04:44] ==================================================
[17:04:44] 🚀 PASO: DescargasParalelasPaso
[17:04:44] ==================================================
[17:04:45] 📤 Arrancando las 3 descargas en paralelo (mismo browser, páginas separadas)...
[17:04:45] Fecha Desde: 27/06/2024
[17:04:45] Fecha Hasta: 24/11/2025
[17:04:45] Fecha Desde: 25/11/2025
[17:04:45] Fecha Hasta: 06/08/2026
[17:04:45] Descargando Excel...
[17:04:45] Descargando Excel...
[17:04:57] Archivo descargado en: datos/descargas/cache_actas_cruce/MULTAS_SIGI_CRUCE.xlsx
[17:04:58] ⏱ [actas_sigi] completado en 13.5s
[17:05:08] Archivo descargado en: datos/descargas/cache_actas_cruce/MULTAS_SIGEMI_CRUCE.xlsx
[17:05:11] ⏱ [actas_sigemi] completado en 26.9s
[17:05:15] ✅ TXT de pagos descargado en: datos/descargas/pagos/2026-08-06/ALL PAGOS DESCARGADOS.txt
[17:05:15] ⏱ [pagos_txt] completado en 30.2s
[17:05:15] ⏱ TOTAL descargas en paralelo: 30.2s
[17:05:15] ✅ DescargasParalelasPaso finalizado. (⏱ 30.5s)
[17:05:15] ==================================================
[17:05:15] 🚀 PASO: CompararActasPaso
[17:05:15] ==================================================
[17:05:15] 🔍 Comparando actas del SEMyT contra pagos del SIGI...
[17:05:15] ================================================================================
[17:05:15] INICIANDO PROCESO DE GENERACIÓN DE PAGOS DESACTUALIZADOS
[17:05:15] ================================================================================
[17:05:15] 📂 Cargando archivos...
[17:05:15]   ✓ Pagos: 20577 registros
[17:05:18]   ✓ Excel SIGEMI (multas vencidas viejas): 101615 registros
[17:05:19]   ✓ Excel SIGI (multas vencidas nuevas): 41533 registros
[17:05:20] ================================================================================
[17:05:20] PASO 1: LLENANDO ACTA_NUMERO (búsqueda por patente + fecha, con desempate por hora)
[17:05:20] ================================================================================
[17:05:21] 📊 ESTADÍSTICAS DE LLENADO DE ACTAS:
[17:05:21]   • Pagos con acta ORIGINAL: 5215
[17:05:21]   • Pagos SIN acta (buscados): 15362
[17:05:21]   • Pagos LLENADOS exitosamente: 1
[17:05:21]   • Pagos NO encontrados en multas: 15361
[17:05:21]   • Pagos SIN RESOLVER por desbalance de cantidades: 0
[17:05:22] ================================================================================
[17:05:22] PASO 1: LLENANDO ACTA_NUMERO (búsqueda por patente + fecha, con desempate por hora)
[17:05:22] ================================================================================
[17:05:23] 📊 ESTADÍSTICAS DE LLENADO DE ACTAS:
[17:05:23]   • Pagos con acta ORIGINAL: 5216
[17:05:23]   • Pagos SIN acta (buscados): 15361
[17:05:23]   • Pagos LLENADOS exitosamente: 0
[17:05:23]   • Pagos NO encontrados en multas: 15361
[17:05:23]   • Pagos SIN RESOLVER por desbalance de cantidades: 0
[17:05:23] ⏱ PASO 1 (llenar actas): 3.8s
[17:05:23] ================================================================================
[17:05:23] PASO 2: FILTRANDO PAGOS CON ACTA_NUMERO COMPLETO
[17:05:23] ================================================================================
[17:05:23] 📊 ESTADÍSTICAS DE FILTRADO:
[17:05:23]   • Pagos TOTALES al inicio: 20577
[17:05:23]   • Pagos CON acta (MANTIENEN): 5216
[17:05:23]   • Pagos RECHAZADOS (sin coincidencias): 15361
[17:05:23] ⚠️  Se eliminaron 15361 registros sin número de acta
[17:05:23]      (recordá: esto incluye tanto pagos ya actualizados/pagados
[17:05:23]       como pagos que quedaron sin resolver por desbalance en el Paso 1)
[17:05:23] ================================================================================
[17:05:23] PASO 2-bis: CONFIRMANDO VIGENCIA DE PAGOS (sistema NUEVO contra MULTAS_SIGI_CRUCE, sistema VIEJO contra SIGEMI)
[17:05:23] ================================================================================
[17:05:24]   ⚠ 5201 pago(s) descartados: su acta ya no figura como vencida en MULTAS_SIGI_CRUCE (SEMyT ya los actualizó).
[17:05:24]   ⚠ 14 pago(s) descartados: su acta ya no figura como vencida en el Excel de SIGEMI (SEMyT ya los actualizó).
[17:05:24]   • Pagos descartados en total por ya estar actualizados/pagados: 5215
[17:05:24] ⏱ PASO 2 (filtrar): 0.5s
[17:05:24] 📂 Cargando maestro de causas SIGEMI...
[17:05:24]   ✓ Causas totales (maestro): 134069 registros
[17:05:24] ================================================================================
[17:05:24] PASO 2.5: ARMANDO causas.txt SIMPLIFICADO (cruce contra total_causas_sigemi.txt)
[17:05:24] ================================================================================
[17:05:24]   • Actas vencidas viejas (multas): 101615
[17:05:24]   • Causas totales en el maestro SIGEMI: 134069
[17:05:24]   • Causas que coinciden (simplificado): 101301
[17:05:24]   ✅ Archivo escrito: datos/descargas/causas/causas.txt
[17:05:24] ⏱ PASO 2.5 (causas simplificado): 0.4s
[17:05:24] ================================================================================
[17:05:24] PASO 3: LLENANDO CAUSA_NUMERO (según fecha de cambio de sistema, cruzando por acta + año)
[17:05:24] ================================================================================
[17:05:24] 📊 ESTADÍSTICAS DE LLENADO DE CAUSAS:
[17:05:24]   • Pagos con causa ORIGINAL: 0
[17:05:24]   • Causas encontradas en SIGEMI (actas viejas): 1
[17:05:24]   • Causas NO encontradas en SIGEMI: 0
[17:05:24]   • Causas asignadas automáticamente (actas nuevas): 0
[17:05:24] ⏱ PASO 3 (llenar causas): 0.0s
[17:05:24] ================================================================================
[17:05:24] PASO 4: ORDENANDO POR FECHA Y ACTA_NUMERO
[17:05:24] ================================================================================
[17:05:24] ✓ Pagos ordenados correctamente
[17:05:24]   • Primera entrada: Acta=129179, Fecha=31/03/2025
[17:05:24]   • Última entrada: Acta=129179, Fecha=31/03/2025
[17:05:24] 📝 Escribiendo archivo de salida...
[17:05:24]   ✅ Archivo escrito: datos/descargas/pagos/2026-08-06/PAGOS 20260806 170515.txt
[17:05:24]   ✅ Total registros: 254
[17:05:24] ⏱ PASO 4 (ordenar y escribir): 0.0s
[17:05:24] ================================================================================
[17:05:24] ✅ PROCESO COMPLETADO EXITOSAMENTE
[17:05:24] ================================================================================
[17:05:24] 📊 RESUMEN FINAL DEL PROCESAMIENTO:
[17:05:24]   ENTRADA:
[17:05:24]     • Pagos originales: 20577
[17:05:24]     • Multas SIGEMI cargadas: 101615
[17:05:24]     • Multas SIGI cargadas: 41533
[17:05:24]     • Causas simplificadas (usadas para el cruce): 101301
[17:05:24]   PROCESO:
[17:05:24]     • Pagos rechazados sigemi: 15361
[17:05:24]     • Pagos rechazados sigi: 5215
[17:05:24]   SALIDA:
[17:05:24]     • Pagos desactualizados procesados: 1
[17:05:24]     • Archivo final: datos/descargas/pagos/2026-08-06/PAGOS 20260806 170515.txt
[17:05:24]     • Ordenados por fecha: SÍ ✓
[17:05:24]     • Todos con ACTA_NUMERO: SÍ ✓
[17:05:24]     • Todos con CAUSA_NUMERO: SÍ ✓
[17:05:24] ✅ TXT de pagos (ya cruzado con actas y causas) generado en: datos/descargas/pagos/2026-08-06/PAGOS 20260806 170515.txt
[17:05:24] 🧹 TXT de pagos crudo eliminado (ya usado en el cruce): datos/descargas/pagos/2026-08-06/ALL PAGOS DESCARGADOS.txt
[17:05:24] 🧹 Excel MULTAS_SIGEMI_CRUCE eliminado (ya usado en el cruce): datos/descargas/cache_actas_cruce/MULTAS_SIGEMI_CRUCE.xlsx
[17:05:24] 🧹 Excel MULTAS_SIGI_CRUCE eliminado (ya usado en el cruce): datos/descargas/cache_actas_cruce/MULTAS_SIGI_CRUCE.xlsx
[17:05:24] ✅ CompararActasPaso finalizado. (⏱ 9.3s)
[17:05:24] ==================================================
[17:05:24] 🚀 PASO: CargarPagosPaso
[17:05:24] ==================================================
[17:05:24] 📤 Subiendo TXT de pagos al SEMyT...
[17:05:25] ✅ Importación de pagos completada con éxito.
[17:05:26] ✅ Archivo TXT de pagos cargado en el SEMyT correctamente.
[17:05:26] ✅ CargarPagosPaso finalizado. (⏱ 1.5s)
[17:05:26] === Ejecución finalizada con éxito ===
