[10:52:03] === Inicio de ejecución: pagos ===
[10:52:03] ==================================================
[10:52:03] 🚀 PASO: LoginSEMyTPaso
[10:52:03] ==================================================
[10:52:04] Abriendo SEMyT...
[10:52:06] ✅ [SEMyT] Sesión existente detectada. Login omitido.
[10:52:06] ✅ LoginSEMyTPaso finalizado. (⏱ 2.8s)
[10:52:06] ==================================================
[10:52:06] 🚀 PASO: LoginSIGIPaso
[10:52:06] ==================================================
[10:52:06] Abriendo sitio municipalidad (CiDi)...
[10:52:07] ✅ [SIGI] Sesión existente detectada. Login omitido.
[10:52:07] ✅ LoginSIGIPaso finalizado. (⏱ 0.5s)
[10:52:07] ==================================================
[10:52:07] 🚀 PASO: DescargasParalelasPaso
[10:52:07] ==================================================
[10:52:07] 📤 Arrancando las 3 descargas en paralelo (mismo browser, páginas separadas)...
[10:52:07] Fecha Desde: 27/06/2024
[10:52:07] Fecha Hasta: 24/11/2025
[10:52:07] Fecha Desde: 25/11/2025
[10:52:07] Fecha Hasta: 06/08/2026
[10:52:07] Descargando Excel...
[10:52:07] Descargando Excel...
[10:52:19] Archivo descargado en: datos/descargas/cache_actas_cruce/MULTAS_SIGI_CRUCE.xlsx
[10:52:20] ⏱ [actas_sigi] completado en 13.2s
[10:52:31] Archivo descargado en: datos/descargas/cache_actas_cruce/MULTAS_SIGEMI_CRUCE.xlsx
[10:52:34] ⏱ [actas_sigemi] completado en 27.2s
[10:52:47] ✅ TXT de pagos descargado en: datos/descargas/pagos/2026-08-06/ALL PAGOS DESCARGADOS.txt
[10:52:47] ⏱ [pagos_txt] completado en 40.3s
[10:52:47] ⏱ TOTAL descargas en paralelo: 40.4s
[10:52:47] ✅ DescargasParalelasPaso finalizado. (⏱ 40.7s)
[10:52:47] ==================================================
[10:52:47] 🚀 PASO: CompararActasPaso
[10:52:47] ==================================================
[10:52:47] 🔍 Comparando actas del SEMyT contra pagos del SIGI...
[10:52:47] ================================================================================
[10:52:47] INICIANDO PROCESO DE GENERACIÓN DE PAGOS DESACTUALIZADOS
[10:52:47] ================================================================================
[10:52:47] 📂 Cargando archivos...
[10:52:47]   ✓ Pagos: 20472 registros
[10:52:51]   ✓ Excel SIGEMI (multas vencidas viejas): 101695 registros
[10:52:52]   ✓ Excel SIGI (multas vencidas nuevas): 41581 registros
[10:52:53] ================================================================================
[10:52:53] PASO 1: LLENANDO ACTA_NUMERO (búsqueda por patente + fecha, con desempate por hora)
[10:52:53] ================================================================================
[10:52:54] 📊 ESTADÍSTICAS DE LLENADO DE ACTAS:
[10:52:54]   • Pagos con acta ORIGINAL: 5169
[10:52:54]   • Pagos SIN acta (buscados): 15303
[10:52:54]   • Pagos LLENADOS exitosamente: 1
[10:52:54]   • Pagos NO encontrados en multas: 15302
[10:52:54]   • Pagos SIN RESOLVER por desbalance de cantidades: 0
[10:52:55] ================================================================================
[10:52:55] PASO 1: LLENANDO ACTA_NUMERO (búsqueda por patente + fecha, con desempate por hora)
[10:52:55] ================================================================================
[10:52:56] 📊 ESTADÍSTICAS DE LLENADO DE ACTAS:
[10:52:56]   • Pagos con acta ORIGINAL: 5170
[10:52:56]   • Pagos SIN acta (buscados): 15302
[10:52:56]   • Pagos LLENADOS exitosamente: 0
[10:52:56]   • Pagos NO encontrados en multas: 15302
[10:52:56]   • Pagos SIN RESOLVER por desbalance de cantidades: 0
[10:52:56] ⏱ PASO 1 (llenar actas): 4.0s
[10:52:56] ================================================================================
[10:52:56] PASO 2: FILTRANDO PAGOS CON ACTA_NUMERO COMPLETO
[10:52:56] ================================================================================
[10:52:56] 📊 ESTADÍSTICAS DE FILTRADO:
[10:52:56]   • Pagos TOTALES al inicio: 20472
[10:52:56]   • Pagos CON acta (MANTIENEN): 5170
[10:52:56]   • Pagos RECHAZADOS (sin coincidencias): 15302
[10:52:56] ⚠️  Se eliminaron 15302 registros sin número de acta
[10:52:56]      (recordá: esto incluye tanto pagos ya actualizados/pagados
[10:52:56]       como pagos que quedaron sin resolver por desbalance en el Paso 1)
[10:52:56] ================================================================================
[10:52:56] PASO 2-bis: CONFIRMANDO VIGENCIA DE PAGOS (sistema NUEVO contra MULTAS_SIGI_CRUCE, sistema VIEJO contra SIGEMI)
[10:52:56] ================================================================================
[10:52:57]   ⚠ 5153 pago(s) descartados: su acta ya no figura como vencida en MULTAS_SIGI_CRUCE (SEMyT ya los actualizó).
[10:52:57]   ⚠ 14 pago(s) descartados: su acta ya no figura como vencida en el Excel de SIGEMI (SEMyT ya los actualizó).
[10:52:57]   • Pagos descartados en total por ya estar actualizados/pagados: 5167
[10:52:57] ⏱ PASO 2 (filtrar): 0.5s
[10:52:57] 📂 Cargando maestro de causas SIGEMI...
[10:52:57]   ✓ Causas totales (maestro): 134069 registros
[10:52:57] ================================================================================
[10:52:57] PASO 2.5: ARMANDO causas.txt SIMPLIFICADO (cruce contra total_causas_sigemi.txt)
[10:52:57] ================================================================================
[10:52:57]   • Actas vencidas viejas (multas): 101695
[10:52:57]   • Causas totales en el maestro SIGEMI: 134069
[10:52:57]   • Causas que coinciden (simplificado): 101381
[10:52:57]   ✅ Archivo escrito: datos/descargas/causas/causas.txt
[10:52:57] ⏱ PASO 2.5 (causas simplificado): 0.5s
[10:52:57] ================================================================================
[10:52:57] PASO 3: LLENANDO CAUSA_NUMERO (según fecha de cambio de sistema, cruzando por acta + año)
[10:52:57] ================================================================================
[10:52:57] 📊 ESTADÍSTICAS DE LLENADO DE CAUSAS:
[10:52:57]   • Pagos con causa ORIGINAL: 2
[10:52:57]   • Causas encontradas en SIGEMI (actas viejas): 1
[10:52:57]   • Causas NO encontradas en SIGEMI: 0
[10:52:57]   • Causas asignadas automáticamente (actas nuevas): 0
[10:52:57] ⏱ PASO 3 (llenar causas): 0.0s
[10:52:57] ================================================================================
[10:52:57] PASO 4: ORDENANDO POR FECHA Y ACTA_NUMERO
[10:52:57] ================================================================================
[10:52:57] ✓ Pagos ordenados correctamente
[10:52:57]   • Primera entrada: Acta=145591, Fecha=08/05/2025
[10:52:57]   • Última entrada: Acta=311835, Fecha=12/05/2026
[10:52:57] 📝 Escribiendo archivo de salida...
[10:52:57]   ✅ Archivo escrito: datos/descargas/pagos/2026-08-06/PAGOS 20260806 105247.txt
[10:52:57]   ✅ Total registros: 474
[10:52:57] ⏱ PASO 4 (ordenar y escribir): 0.0s
[10:52:57] ================================================================================
[10:52:57] ✅ PROCESO COMPLETADO EXITOSAMENTE
[10:52:57] ================================================================================
[10:52:57] 📊 RESUMEN FINAL DEL PROCESAMIENTO:
[10:52:57]   ENTRADA:
[10:52:57]     • Pagos originales: 20472
[10:52:57]     • Multas SIGEMI cargadas: 101695
[10:52:57]     • Multas SIGI cargadas: 41581
[10:52:57]     • Causas simplificadas (usadas para el cruce): 101381
[10:52:57]   PROCESO:
[10:52:57]     • Pagos rechazados sigemi: 15302
[10:52:57]     • Pagos rechazados sigi: 5167
[10:52:57]   SALIDA:
[10:52:57]     • Pagos desactualizados procesados: 3
[10:52:57]     • Archivo final: datos/descargas/pagos/2026-08-06/PAGOS 20260806 105247.txt
[10:52:57]     • Ordenados por fecha: SÍ ✓
[10:52:57]     • Todos con ACTA_NUMERO: SÍ ✓
[10:52:57]     • Todos con CAUSA_NUMERO: SÍ ✓
[10:52:57] ✅ TXT de pagos (ya cruzado con actas y causas) generado en: datos/descargas/pagos/2026-08-06/PAGOS 20260806 105247.txt
[10:52:57] 🧹 TXT de pagos crudo eliminado (ya usado en el cruce): datos/descargas/pagos/2026-08-06/ALL PAGOS DESCARGADOS.txt
[10:52:57] 🧹 Excel MULTAS_SIGEMI_CRUCE eliminado (ya usado en el cruce): datos/descargas/cache_actas_cruce/MULTAS_SIGEMI_CRUCE.xlsx
[10:52:57] 🧹 Excel MULTAS_SIGI_CRUCE eliminado (ya usado en el cruce): datos/descargas/cache_actas_cruce/MULTAS_SIGI_CRUCE.xlsx
[10:52:57] ✅ CompararActasPaso finalizado. (⏱ 10.0s)
[10:52:57] ==================================================
[10:52:57] 🚀 PASO: CargarPagosPaso
[10:52:57] ==================================================
[10:52:57] 📤 Subiendo TXT de pagos al SEMyT...
[10:52:59] ✅ Importación de pagos completada con éxito.
[10:52:59] ✅ Archivo TXT de pagos cargado en el SEMyT correctamente.
[10:52:59] ✅ CargarPagosPaso finalizado. (⏱ 2.0s)
[10:52:59] === Ejecución finalizada con éxito ===
