[10:46:02] === Inicio de ejecución: pagos ===
[10:46:03] ==================================================
[10:46:03] 🚀 PASO: LoginSEMyTPaso
[10:46:03] ==================================================
[10:46:04] Abriendo SEMyT...
[10:46:06] ✅ [SEMyT] Sesión existente detectada. Login omitido.
[10:46:06] ✅ LoginSEMyTPaso finalizado. (⏱ 2.7s)
[10:46:06] ==================================================
[10:46:06] 🚀 PASO: LoginSIGIPaso
[10:46:06] ==================================================
[10:46:06] Abriendo sitio municipalidad (CiDi)...
[10:46:06] ✅ [SIGI] Sesión existente detectada. Login omitido.
[10:46:06] ✅ LoginSIGIPaso finalizado. (⏱ 0.5s)
[10:46:06] ==================================================
[10:46:06] 🚀 PASO: DescargasParalelasPaso
[10:46:06] ==================================================
[10:46:07] 📤 Arrancando las 3 descargas en paralelo (mismo browser, páginas separadas)...
[10:46:07] Fecha Desde: 27/06/2024
[10:46:07] Fecha Hasta: 24/11/2025
[10:46:07] Fecha Desde: 25/11/2025
[10:46:07] Fecha Hasta: 06/08/2026
[10:46:07] Descargando Excel...
[10:46:07] Descargando Excel...
[10:46:35] Archivo descargado en: datos/descargas/cache_actas_cruce/MULTAS_SIGI_CRUCE.xlsx
[10:46:36] ⏱ [actas_sigi] completado en 29.3s
[10:46:36] Archivo descargado en: datos/descargas/cache_actas_cruce/MULTAS_SIGEMI_CRUCE.xlsx
[10:46:40] ⏱ [actas_sigemi] completado en 33.0s
[10:46:40] ✅ TXT de pagos descargado en: datos/descargas/pagos/2026-08-06/ALL PAGOS DESCARGADOS.txt
[10:46:40] ⏱ [pagos_txt] completado en 33.0s
[10:46:40] ⏱ TOTAL descargas en paralelo: 33.0s
[10:46:40] ✅ DescargasParalelasPaso finalizado. (⏱ 33.3s)
[10:46:40] ==================================================
[10:46:40] 🚀 PASO: CompararActasPaso
[10:46:40] ==================================================
[10:46:40] 🔍 Comparando actas del SEMyT contra pagos del SIGI...
[10:46:40] ================================================================================
[10:46:40] INICIANDO PROCESO DE GENERACIÓN DE PAGOS DESACTUALIZADOS
[10:46:40] ================================================================================
[10:46:40] 📂 Cargando archivos...
[10:46:40]   ✓ Pagos: 20469 registros
[10:46:43]   ✓ Excel SIGEMI (multas vencidas viejas): 101696 registros
[10:46:45]   ✓ Excel SIGI (multas vencidas nuevas): 41582 registros
[10:46:46] ================================================================================
[10:46:46] PASO 1: LLENANDO ACTA_NUMERO (búsqueda por patente + fecha, con desempate por hora)
[10:46:46] ================================================================================
[10:46:47] 📊 ESTADÍSTICAS DE LLENADO DE ACTAS:
[10:46:47]   • Pagos con acta ORIGINAL: 5167
[10:46:47]   • Pagos SIN acta (buscados): 15302
[10:46:47]   • Pagos LLENADOS exitosamente: 0
[10:46:47]   • Pagos NO encontrados en multas: 15302
[10:46:47]   • Pagos SIN RESOLVER por desbalance de cantidades: 0
[10:46:47] ================================================================================
[10:46:47] PASO 1: LLENANDO ACTA_NUMERO (búsqueda por patente + fecha, con desempate por hora)
[10:46:47] ================================================================================
[10:46:49] 📊 ESTADÍSTICAS DE LLENADO DE ACTAS:
[10:46:49]   • Pagos con acta ORIGINAL: 5167
[10:46:49]   • Pagos SIN acta (buscados): 15302
[10:46:49]   • Pagos LLENADOS exitosamente: 0
[10:46:49]   • Pagos NO encontrados en multas: 15302
[10:46:49]   • Pagos SIN RESOLVER por desbalance de cantidades: 0
[10:46:49] ⏱ PASO 1 (llenar actas): 4.5s
[10:46:49] ================================================================================
[10:46:49] PASO 2: FILTRANDO PAGOS CON ACTA_NUMERO COMPLETO
[10:46:49] ================================================================================
[10:46:49] 📊 ESTADÍSTICAS DE FILTRADO:
[10:46:49]   • Pagos TOTALES al inicio: 20469
[10:46:49]   • Pagos CON acta (MANTIENEN): 5167
[10:46:49]   • Pagos RECHAZADOS (sin coincidencias): 15302
[10:46:49] ⚠️  Se eliminaron 15302 registros sin número de acta
[10:46:49]      (recordá: esto incluye tanto pagos ya actualizados/pagados
[10:46:49]       como pagos que quedaron sin resolver por desbalance en el Paso 1)
[10:46:49] ================================================================================
[10:46:49] PASO 2-bis: CONFIRMANDO VIGENCIA DE PAGOS (sistema NUEVO contra MULTAS_SIGI_CRUCE, sistema VIEJO contra SIGEMI)
[10:46:49] ================================================================================
[10:46:50]   ⚠ 5152 pago(s) descartados: su acta ya no figura como vencida en MULTAS_SIGI_CRUCE (SEMyT ya los actualizó).
[10:46:50]   ⚠ 14 pago(s) descartados: su acta ya no figura como vencida en el Excel de SIGEMI (SEMyT ya los actualizó).
[10:46:50]   • Pagos descartados en total por ya estar actualizados/pagados: 5166
[10:46:50] ⏱ PASO 2 (filtrar): 0.5s
[10:46:50] 📂 Cargando maestro de causas SIGEMI...
[10:46:50]   ✓ Causas totales (maestro): 134069 registros
[10:46:50] ================================================================================
[10:46:50] PASO 2.5: ARMANDO causas.txt SIMPLIFICADO (cruce contra total_causas_sigemi.txt)
[10:46:50] ================================================================================
[10:46:50]   • Actas vencidas viejas (multas): 101696
[10:46:50]   • Causas totales en el maestro SIGEMI: 134069
[10:46:50]   • Causas que coinciden (simplificado): 101382
[10:46:50]   ✅ Archivo escrito: datos/descargas/causas/causas.txt
[10:46:50] ⏱ PASO 2.5 (causas simplificado): 0.5s
[10:46:50] ================================================================================
[10:46:50] PASO 3: LLENANDO CAUSA_NUMERO (según fecha de cambio de sistema, cruzando por acta + año)
[10:46:50] ================================================================================
[10:46:50] 📊 ESTADÍSTICAS DE LLENADO DE CAUSAS:
[10:46:50]   • Pagos con causa ORIGINAL: 1
[10:46:50]   • Causas encontradas en SIGEMI (actas viejas): 0
[10:46:50]   • Causas NO encontradas en SIGEMI: 0
[10:46:50]   • Causas asignadas automáticamente (actas nuevas): 0
[10:46:50] ⏱ PASO 3 (llenar causas): 0.0s
[10:46:50] ================================================================================
[10:46:50] PASO 4: ORDENANDO POR FECHA Y ACTA_NUMERO
[10:46:50] ================================================================================
[10:46:50] ✓ Pagos ordenados correctamente
[10:46:50]   • Primera entrada: Acta=298040, Fecha=20/04/2026
[10:46:50]   • Última entrada: Acta=298040, Fecha=20/04/2026
[10:46:50] 📝 Escribiendo archivo de salida...
[10:46:50]   ✅ Archivo escrito: datos/descargas/pagos/2026-08-06/PAGOS 20260806 104640.txt
[10:46:50]   ✅ Total registros: 258
[10:46:50] ⏱ PASO 4 (ordenar y escribir): 0.0s
[10:46:50] ================================================================================
[10:46:50] ✅ PROCESO COMPLETADO EXITOSAMENTE
[10:46:50] ================================================================================
[10:46:50] 📊 RESUMEN FINAL DEL PROCESAMIENTO:
[10:46:50]   ENTRADA:
[10:46:50]     • Pagos originales: 20469
[10:46:50]     • Multas SIGEMI cargadas: 101696
[10:46:50]     • Multas SIGI cargadas: 41582
[10:46:50]     • Causas simplificadas (usadas para el cruce): 101382
[10:46:50]   PROCESO:
[10:46:50]     • Pagos rechazados sigemi: 15302
[10:46:50]     • Pagos rechazados sigi: 5166
[10:46:50]   SALIDA:
[10:46:50]     • Pagos desactualizados procesados: 1
[10:46:50]     • Archivo final: datos/descargas/pagos/2026-08-06/PAGOS 20260806 104640.txt
[10:46:50]     • Ordenados por fecha: SÍ ✓
[10:46:50]     • Todos con ACTA_NUMERO: SÍ ✓
[10:46:50]     • Todos con CAUSA_NUMERO: SÍ ✓
[10:46:50] ✅ TXT de pagos (ya cruzado con actas y causas) generado en: datos/descargas/pagos/2026-08-06/PAGOS 20260806 104640.txt
[10:46:50] 🧹 TXT de pagos crudo eliminado (ya usado en el cruce): datos/descargas/pagos/2026-08-06/ALL PAGOS DESCARGADOS.txt
[10:46:50] 🧹 Excel MULTAS_SIGEMI_CRUCE eliminado (ya usado en el cruce): datos/descargas/cache_actas_cruce/MULTAS_SIGEMI_CRUCE.xlsx
[10:46:50] 🧹 Excel MULTAS_SIGI_CRUCE eliminado (ya usado en el cruce): datos/descargas/cache_actas_cruce/MULTAS_SIGI_CRUCE.xlsx
[10:46:50] ✅ CompararActasPaso finalizado. (⏱ 10.4s)
[10:46:50] ==================================================
[10:46:50] 🚀 PASO: CargarPagosPaso
[10:46:50] ==================================================
[10:46:50] 📤 Subiendo TXT de pagos al SEMyT...
[10:46:51] ✅ Importación de pagos completada con éxito.
[10:46:52] ✅ Archivo TXT de pagos cargado en el SEMyT correctamente.
[10:46:52] ✅ CargarPagosPaso finalizado. (⏱ 1.5s)
[10:46:52] === Ejecución finalizada con éxito ===
