[17:07:40] === Inicio de ejecución: pagos ===
[17:07:41] ==================================================
[17:07:41] 🚀 PASO: LoginSEMyTPaso
[17:07:41] ==================================================
[17:07:41] Abriendo SEMyT...
[17:07:44] ✅ [SEMyT] Sesión existente detectada. Login omitido.
[17:07:44] ✅ LoginSEMyTPaso finalizado. (⏱ 2.8s)
[17:07:44] ==================================================
[17:07:44] 🚀 PASO: LoginSIGIPaso
[17:07:44] ==================================================
[17:07:44] Abriendo sitio municipalidad (CiDi)...
[17:07:44] ✅ [SIGI] Sesión existente detectada. Login omitido.
[17:07:44] ✅ LoginSIGIPaso finalizado. (⏱ 0.4s)
[17:07:44] ==================================================
[17:07:44] 🚀 PASO: DescargasParalelasPaso
[17:07:44] ==================================================
[17:07:44] 📤 Arrancando las 3 descargas en paralelo (mismo browser, páginas separadas)...
[17:07:44] Fecha Desde: 27/06/2024
[17:07:44] Fecha Hasta: 24/11/2025
[17:07:44] Fecha Desde: 25/11/2025
[17:07:44] Fecha Hasta: 06/08/2026
[17:07:45] Descargando Excel...
[17:07:45] Descargando Excel...
[17:07:58] Archivo descargado en: datos/descargas/cache_actas_cruce/MULTAS_SIGI_CRUCE.xlsx
[17:07:59] ⏱ [actas_sigi] completado en 14.7s
[17:08:06] Archivo descargado en: datos/descargas/cache_actas_cruce/MULTAS_SIGEMI_CRUCE.xlsx
[17:08:10] ⏱ [actas_sigemi] completado en 25.3s
[17:08:20] ✅ TXT de pagos descargado en: datos/descargas/pagos/2026-08-06/ALL PAGOS DESCARGADOS.txt
[17:08:20] ⏱ [pagos_txt] completado en 35.6s
[17:08:20] ⏱ TOTAL descargas en paralelo: 35.6s
[17:08:20] ✅ DescargasParalelasPaso finalizado. (⏱ 35.9s)
[17:08:20] ==================================================
[17:08:20] 🚀 PASO: CompararActasPaso
[17:08:20] ==================================================
[17:08:20] 🔍 Comparando actas del SEMyT contra pagos del SIGI...
[17:08:20] ================================================================================
[17:08:20] INICIANDO PROCESO DE GENERACIÓN DE PAGOS DESACTUALIZADOS
[17:08:20] ================================================================================
[17:08:20] 📂 Cargando archivos...
[17:08:20]   ✓ Pagos: 20580 registros
[17:08:23]   ✓ Excel SIGEMI (multas vencidas viejas): 101614 registros
[17:08:25]   ✓ Excel SIGI (multas vencidas nuevas): 41533 registros
[17:08:25] ================================================================================
[17:08:25] PASO 1: LLENANDO ACTA_NUMERO (búsqueda por patente + fecha, con desempate por hora)
[17:08:25] ================================================================================
[17:08:27] 📊 ESTADÍSTICAS DE LLENADO DE ACTAS:
[17:08:27]   • Pagos con acta ORIGINAL: 5215
[17:08:27]   • Pagos SIN acta (buscados): 15365
[17:08:27]   • Pagos LLENADOS exitosamente: 3
[17:08:27]   • Pagos NO encontrados en multas: 15362
[17:08:27]   • Pagos SIN RESOLVER por desbalance de cantidades: 0
[17:08:27] ================================================================================
[17:08:27] PASO 1: LLENANDO ACTA_NUMERO (búsqueda por patente + fecha, con desempate por hora)
[17:08:27] ================================================================================
[17:08:28] 📊 ESTADÍSTICAS DE LLENADO DE ACTAS:
[17:08:28]   • Pagos con acta ORIGINAL: 5218
[17:08:28]   • Pagos SIN acta (buscados): 15362
[17:08:28]   • Pagos LLENADOS exitosamente: 0
[17:08:28]   • Pagos NO encontrados en multas: 15362
[17:08:28]   • Pagos SIN RESOLVER por desbalance de cantidades: 0
[17:08:28] ⏱ PASO 1 (llenar actas): 3.8s
[17:08:28] ================================================================================
[17:08:28] PASO 2: FILTRANDO PAGOS CON ACTA_NUMERO COMPLETO
[17:08:28] ================================================================================
[17:08:28] 📊 ESTADÍSTICAS DE FILTRADO:
[17:08:28]   • Pagos TOTALES al inicio: 20580
[17:08:28]   • Pagos CON acta (MANTIENEN): 5218
[17:08:28]   • Pagos RECHAZADOS (sin coincidencias): 15362
[17:08:28] ⚠️  Se eliminaron 15362 registros sin número de acta
[17:08:28]      (recordá: esto incluye tanto pagos ya actualizados/pagados
[17:08:28]       como pagos que quedaron sin resolver por desbalance en el Paso 1)
[17:08:28] ================================================================================
[17:08:28] PASO 2-bis: CONFIRMANDO VIGENCIA DE PAGOS (sistema NUEVO contra MULTAS_SIGI_CRUCE, sistema VIEJO contra SIGEMI)
[17:08:28] ================================================================================
[17:08:29]   ⚠ 5201 pago(s) descartados: su acta ya no figura como vencida en MULTAS_SIGI_CRUCE (SEMyT ya los actualizó).
[17:08:29]   ⚠ 14 pago(s) descartados: su acta ya no figura como vencida en el Excel de SIGEMI (SEMyT ya los actualizó).
[17:08:29]   • Pagos descartados en total por ya estar actualizados/pagados: 5215
[17:08:29] ⏱ PASO 2 (filtrar): 0.5s
[17:08:29] 📂 Cargando maestro de causas SIGEMI...
[17:08:29]   ✓ Causas totales (maestro): 134069 registros
[17:08:29] ================================================================================
[17:08:29] PASO 2.5: ARMANDO causas.txt SIMPLIFICADO (cruce contra total_causas_sigemi.txt)
[17:08:29] ================================================================================
[17:08:29]   • Actas vencidas viejas (multas): 101614
[17:08:29]   • Causas totales en el maestro SIGEMI: 134069
[17:08:29]   • Causas que coinciden (simplificado): 101300
[17:08:29]   ✅ Archivo escrito: datos/descargas/causas/causas.txt
[17:08:29] ⏱ PASO 2.5 (causas simplificado): 0.4s
[17:08:29] ================================================================================
[17:08:29] PASO 3: LLENANDO CAUSA_NUMERO (según fecha de cambio de sistema, cruzando por acta + año)
[17:08:29] ================================================================================
[17:08:29] 📊 ESTADÍSTICAS DE LLENADO DE CAUSAS:
[17:08:29]   • Pagos con causa ORIGINAL: 0
[17:08:29]   • Causas encontradas en SIGEMI (actas viejas): 3
[17:08:29]   • Causas NO encontradas en SIGEMI: 0
[17:08:29]   • Causas asignadas automáticamente (actas nuevas): 0
[17:08:29] ⏱ PASO 3 (llenar causas): 0.0s
[17:08:29] ================================================================================
[17:08:29] PASO 4: ORDENANDO POR FECHA Y ACTA_NUMERO
[17:08:29] ================================================================================
[17:08:29] ✓ Pagos ordenados correctamente
[17:08:29]   • Primera entrada: Acta=22698, Fecha=03/08/2024
[17:08:29]   • Última entrada: Acta=32245, Fecha=19/08/2024
[17:08:29] 📝 Escribiendo archivo de salida...
[17:08:29]   ✅ Archivo escrito: datos/descargas/pagos/2026-08-06/PAGOS 20260806 170820.txt
[17:08:29]   ✅ Total registros: 469
[17:08:29] ⏱ PASO 4 (ordenar y escribir): 0.0s
[17:08:29] ================================================================================
[17:08:29] ✅ PROCESO COMPLETADO EXITOSAMENTE
[17:08:29] ================================================================================
[17:08:29] 📊 RESUMEN FINAL DEL PROCESAMIENTO:
[17:08:29]   ENTRADA:
[17:08:29]     • Pagos originales: 20580
[17:08:29]     • Multas SIGEMI cargadas: 101614
[17:08:29]     • Multas SIGI cargadas: 41533
[17:08:29]     • Causas simplificadas (usadas para el cruce): 101300
[17:08:29]   PROCESO:
[17:08:29]     • Pagos rechazados sigemi: 15362
[17:08:29]     • Pagos rechazados sigi: 5215
[17:08:29]   SALIDA:
[17:08:29]     • Pagos desactualizados procesados: 3
[17:08:29]     • Archivo final: datos/descargas/pagos/2026-08-06/PAGOS 20260806 170820.txt
[17:08:29]     • Ordenados por fecha: SÍ ✓
[17:08:29]     • Todos con ACTA_NUMERO: SÍ ✓
[17:08:29]     • Todos con CAUSA_NUMERO: SÍ ✓
[17:08:29] ✅ TXT de pagos (ya cruzado con actas y causas) generado en: datos/descargas/pagos/2026-08-06/PAGOS 20260806 170820.txt
[17:08:29] 🧹 TXT de pagos crudo eliminado (ya usado en el cruce): datos/descargas/pagos/2026-08-06/ALL PAGOS DESCARGADOS.txt
[17:08:29] 🧹 Excel MULTAS_SIGEMI_CRUCE eliminado (ya usado en el cruce): datos/descargas/cache_actas_cruce/MULTAS_SIGEMI_CRUCE.xlsx
[17:08:29] 🧹 Excel MULTAS_SIGI_CRUCE eliminado (ya usado en el cruce): datos/descargas/cache_actas_cruce/MULTAS_SIGI_CRUCE.xlsx
[17:08:29] ✅ CompararActasPaso finalizado. (⏱ 9.3s)
[17:08:29] ==================================================
[17:08:29] 🚀 PASO: CargarPagosPaso
[17:08:29] ==================================================
[17:08:29] 📤 Subiendo TXT de pagos al SEMyT...
[17:08:31] ✅ Importación de pagos completada con éxito.
[17:08:31] ✅ Archivo TXT de pagos cargado en el SEMyT correctamente.
[17:08:31] ✅ CargarPagosPaso finalizado. (⏱ 2.0s)
[17:08:31] === Ejecución finalizada con éxito ===
