[07:59:32] 🤖 Modo automático activado.
[07:59:32]    Actualización de pagos: arrancando ya mismo.
[07:59:32]    Combo diario de pagos + multas vencidas: DESHABILITADO (AUTOMATICO_MULTAS_HABILITADO=False)
[07:59:32] 🤖 [Automático] Es hora de actualizar pagos. Arrancando...
[07:59:48] ⏳ [Automático] Tocaba disparar 'pagos' pero ya hay una ejecución en curso (Actualizar pagos); esperando a que termine; se reintenta en breve sin perder el turno.
[08:17:53] 🤖 [Automático] Es hora de actualizar pagos. Arrancando...
[08:18:22] ⏳ [Automático] Tocaba disparar 'pagos' pero ya hay una ejecución en curso (Actualizar pagos); esperando a que termine; se reintenta en breve sin perder el turno.
[08:27:00] ❌ [Automático] 'pagos' falló (intento 1 de 4). Se reintenta a las 08:32.
[08:32:03] 🤖 [Automático] Es hora de actualizar pagos (reintento 1 de 3). Arrancando...
[08:32:18] ⏳ [Automático] Tocaba disparar 'pagos' pero ya hay una ejecución en curso (Actualizar pagos); esperando a que termine; se reintenta en breve sin perder el turno.
[08:34:20] ✅ [Automático] 'pagos' terminó bien en el reintento 1.
[08:44:24] 🤖 [Automático] Es hora de actualizar pagos. Arrancando...
[08:44:39] ⏳ [Automático] Tocaba disparar 'pagos' pero ya hay una ejecución en curso (Actualizar pagos); esperando a que termine; se reintenta en breve sin perder el turno.
[08:56:30] 🤖 [Automático] Es hora de actualizar pagos. Arrancando...
[08:56:45] ⏳ [Automático] Tocaba disparar 'pagos' pero ya hay una ejecución en curso (Actualizar pagos); esperando a que termine; se reintenta en breve sin perder el turno.
[09:09:23] 🤖 [Automático] Es hora de actualizar pagos. Arrancando...
[09:09:38] ⏳ [Automático] Tocaba disparar 'pagos' pero ya hay una ejecución en curso (Actualizar pagos); esperando a que termine; se reintenta en breve sin perder el turno.
[09:21:46] 🤖 [Automático] Es hora de actualizar pagos. Arrancando...
[09:22:01] ⏳ [Automático] Tocaba disparar 'pagos' pero ya hay una ejecución en curso (Actualizar pagos); esperando a que termine; se reintenta en breve sin perder el turno.
[09:34:37] 🤖 [Automático] Es hora de actualizar pagos. Arrancando...
[09:34:52] ⏳ [Automático] Tocaba disparar 'pagos' pero ya hay una ejecución en curso (Actualizar pagos); esperando a que termine; se reintenta en breve sin perder el turno.
[09:47:07] 🤖 [Automático] Es hora de actualizar pagos. Arrancando...
[09:47:22] ⏳ [Automático] Tocaba disparar 'pagos' pero ya hay una ejecución en curso (Actualizar pagos); esperando a que termine; se reintenta en breve sin perder el turno.
[10:00:26] 🤖 [Automático] Es hora de actualizar pagos. Arrancando...
[10:00:41] ⏳ [Automático] Tocaba disparar 'pagos' pero ya hay una ejecución en curso (Actualizar pagos); esperando a que termine; se reintenta en breve sin perder el turno.
[10:13:30] 🤖 [Automático] Es hora de actualizar pagos. Arrancando...
[10:13:45] ⏳ [Automático] Tocaba disparar 'pagos' pero ya hay una ejecución en curso (Actualizar pagos); esperando a que termine; se reintenta en breve sin perder el turno.
[10:26:04] 🤖 [Automático] Es hora de actualizar pagos. Arrancando...
[10:26:19] ⏳ [Automático] Tocaba disparar 'pagos' pero ya hay una ejecución en curso (Actualizar pagos); esperando a que termine; se reintenta en breve sin perder el turno.
[10:40:19] 🤖 [Automático] Es hora de actualizar pagos. Arrancando...
[10:40:51] ⏳ [Automático] Tocaba disparar 'pagos' pero ya hay una ejecución en curso (Actualizar pagos); esperando a que termine; se reintenta en breve sin perder el turno.
[10:54:02] 🤖 [Automático] Es hora de actualizar pagos. Arrancando...
[10:54:17] ⏳ [Automático] Tocaba disparar 'pagos' pero ya hay una ejecución en curso (Actualizar pagos); esperando a que termine; se reintenta en breve sin perder el turno.
[11:06:51] 🤖 [Automático] Es hora de actualizar pagos. Arrancando...
[11:07:06] ⏳ [Automático] Tocaba disparar 'pagos' pero ya hay una ejecución en curso (Actualizar pagos); esperando a que termine; se reintenta en breve sin perder el turno.
[11:19:09] 🤖 [Automático] Es hora de actualizar pagos. Arrancando...
[11:19:24] ⏳ [Automático] Tocaba disparar 'pagos' pero ya hay una ejecución en curso (Actualizar pagos); esperando a que termine; se reintenta en breve sin perder el turno.
[11:31:58] 🤖 [Automático] Es hora de actualizar pagos. Arrancando...
[11:32:13] ⏳ [Automático] Tocaba disparar 'pagos' pero ya hay una ejecución en curso (Actualizar pagos); esperando a que termine; se reintenta en breve sin perder el turno.
[11:44:32] 🤖 [Automático] Es hora de actualizar pagos. Arrancando...
[11:44:47] ⏳ [Automático] Tocaba disparar 'pagos' pero ya hay una ejecución en curso (Actualizar pagos); esperando a que termine; se reintenta en breve sin perder el turno.
[11:57:36] 🤖 [Automático] Es hora de actualizar pagos. Arrancando...
[11:57:51] ⏳ [Automático] Tocaba disparar 'pagos' pero ya hay una ejecución en curso (Actualizar pagos); esperando a que termine; se reintenta en breve sin perder el turno.
[12:10:55] 🤖 [Automático] Es hora de actualizar pagos. Arrancando...
[12:11:10] ⏳ [Automático] Tocaba disparar 'pagos' pero ya hay una ejecución en curso (Actualizar pagos); esperando a que termine; se reintenta en breve sin perder el turno.
[12:24:14] 🤖 [Automático] Es hora de actualizar pagos. Arrancando...
[12:24:29] ⏳ [Automático] Tocaba disparar 'pagos' pero ya hay una ejecución en curso (Actualizar pagos); esperando a que termine; se reintenta en breve sin perder el turno.
[12:37:18] 🤖 [Automático] Es hora de actualizar pagos. Arrancando...
[12:37:33] ⏳ [Automático] Tocaba disparar 'pagos' pero ya hay una ejecución en curso (Actualizar pagos); esperando a que termine; se reintenta en breve sin perder el turno.
[12:50:23] 🤖 [Automático] Es hora de actualizar pagos. Arrancando...
[12:50:38] ⏳ [Automático] Tocaba disparar 'pagos' pero ya hay una ejecución en curso (Actualizar pagos); esperando a que termine; se reintenta en breve sin perder el turno.
[13:03:44] 🤖 [Automático] Es hora de actualizar pagos. Arrancando...
[13:03:59] ⏳ [Automático] Tocaba disparar 'pagos' pero ya hay una ejecución en curso (Actualizar pagos); esperando a que termine; se reintenta en breve sin perder el turno.
[13:16:35] 🤖 [Automático] Es hora de actualizar pagos. Arrancando...
[13:16:50] ⏳ [Automático] Tocaba disparar 'pagos' pero ya hay una ejecución en curso (Actualizar pagos); esperando a que termine; se reintenta en breve sin perder el turno.
[13:39:44] 🤖 [Automático] Es hora de actualizar pagos. Arrancando...
[13:39:59] ⏳ [Automático] Tocaba disparar 'pagos' pero ya hay una ejecución en curso (Actualizar pagos); esperando a que termine; se reintenta en breve sin perder el turno.
[17:03:16] ❌ [Automático] 'pagos' falló (intento 1 de 4). Se reintenta a las 17:08.
[17:24:52] 🤖 [Automático] Es hora de actualizar pagos (reintento 1 de 3). Arrancando...
[17:45:15] ⏳ [Automático] Tocaba disparar 'pagos' pero ya hay una ejecución en curso (Actualizar pagos); esperando a que termine; se reintenta en breve sin perder el turno.
[18:21:10] ❌ [Automático] 'pagos' falló (intento 2 de 4). Se reintenta a las 18:36.
[18:36:18] 🤖 [Automático] Es hora de actualizar pagos (reintento 2 de 3). Arrancando...
[18:36:33] ⏳ [Automático] Tocaba disparar 'pagos' pero ya hay una ejecución en curso (Actualizar pagos); esperando a que termine; se reintenta en breve sin perder el turno.
[18:38:00] ✅ [Automático] 'pagos' terminó bien en el reintento 2.
[18:48:07] 🤖 [Automático] Es hora de actualizar pagos. Arrancando...
[18:48:22] ⏳ [Automático] Tocaba disparar 'pagos' pero ya hay una ejecución en curso (Actualizar pagos); esperando a que termine; se reintenta en breve sin perder el turno.
[18:57:30] 🤖 Modo automático desactivado. (Si había una ejecución en curso disparada por el automático, no se cancela sola: cancelala desde su propia opción si querés detenerla.)
