[00:07:46] 🤖 [Automático] Es hora de actualizar pagos. Arrancando...
[00:08:01] ⏳ [Automático] Tocaba disparar 'pagos' pero ya hay una ejecución en curso (Actualizar pagos); esperando a que termine; se reintenta en breve sin perder el turno.
[00:18:32] 🤖 [Automático] Es hora de actualizar pagos. Arrancando...
[00:18:47] ⏳ [Automático] Tocaba disparar 'pagos' pero ya hay una ejecución en curso (Actualizar pagos); esperando a que termine; se reintenta en breve sin perder el turno.
[00:29:32] 🤖 [Automático] Es hora de actualizar pagos. Arrancando...
[00:29:47] ⏳ [Automático] Tocaba disparar 'pagos' pero ya hay una ejecución en curso (Actualizar pagos); esperando a que termine; se reintenta en breve sin perder el turno.
[00:40:17] 🤖 [Automático] Es hora de actualizar pagos. Arrancando...
[00:40:32] ⏳ [Automático] Tocaba disparar 'pagos' pero ya hay una ejecución en curso (Actualizar pagos); esperando a que termine; se reintenta en breve sin perder el turno.
[00:51:18] 🤖 [Automático] Es hora de actualizar pagos. Arrancando...
[00:51:33] ⏳ [Automático] Tocaba disparar 'pagos' pero ya hay una ejecución en curso (Actualizar pagos); esperando a que termine; se reintenta en breve sin perder el turno.
[01:02:18] 🤖 [Automático] Es hora de actualizar pagos. Arrancando...
[01:02:33] ⏳ [Automático] Tocaba disparar 'pagos' pero ya hay una ejecución en curso (Actualizar pagos); esperando a que termine; se reintenta en breve sin perder el turno.
[01:13:18] 🤖 [Automático] Es hora de actualizar pagos. Arrancando...
[01:13:33] ⏳ [Automático] Tocaba disparar 'pagos' pero ya hay una ejecución en curso (Actualizar pagos); esperando a que termine; se reintenta en breve sin perder el turno.
[01:24:04] 🤖 [Automático] Es hora de actualizar pagos. Arrancando...
[01:24:19] ⏳ [Automático] Tocaba disparar 'pagos' pero ya hay una ejecución en curso (Actualizar pagos); esperando a que termine; se reintenta en breve sin perder el turno.
[01:34:49] 🤖 [Automático] Es hora de actualizar pagos. Arrancando...
[01:35:04] ⏳ [Automático] Tocaba disparar 'pagos' pero ya hay una ejecución en curso (Actualizar pagos); esperando a que termine; se reintenta en breve sin perder el turno.
[01:45:34] 🤖 [Automático] Es hora de actualizar pagos. Arrancando...
[01:45:49] ⏳ [Automático] Tocaba disparar 'pagos' pero ya hay una ejecución en curso (Actualizar pagos); esperando a que termine; se reintenta en breve sin perder el turno.
[01:56:35] 🤖 [Automático] Es hora de actualizar pagos. Arrancando...
[01:56:50] ⏳ [Automático] Tocaba disparar 'pagos' pero ya hay una ejecución en curso (Actualizar pagos); esperando a que termine; se reintenta en breve sin perder el turno.
[02:07:20] 🤖 [Automático] Es hora de actualizar pagos. Arrancando...
[02:07:35] ⏳ [Automático] Tocaba disparar 'pagos' pero ya hay una ejecución en curso (Actualizar pagos); esperando a que termine; se reintenta en breve sin perder el turno.
[02:18:05] 🤖 [Automático] Es hora de actualizar pagos. Arrancando...
[02:18:20] ⏳ [Automático] Tocaba disparar 'pagos' pero ya hay una ejecución en curso (Actualizar pagos); esperando a que termine; se reintenta en breve sin perder el turno.
[02:28:51] 🤖 [Automático] Es hora de actualizar pagos. Arrancando...
[02:29:06] ⏳ [Automático] Tocaba disparar 'pagos' pero ya hay una ejecución en curso (Actualizar pagos); esperando a que termine; se reintenta en breve sin perder el turno.
[02:39:36] 🤖 [Automático] Es hora de actualizar pagos. Arrancando...
[02:39:51] ⏳ [Automático] Tocaba disparar 'pagos' pero ya hay una ejecución en curso (Actualizar pagos); esperando a que termine; se reintenta en breve sin perder el turno.
[02:50:36] 🤖 [Automático] Es hora de actualizar pagos. Arrancando...
[02:50:51] ⏳ [Automático] Tocaba disparar 'pagos' pero ya hay una ejecución en curso (Actualizar pagos); esperando a que termine; se reintenta en breve sin perder el turno.
[03:01:22] 🤖 [Automático] Es hora de actualizar pagos. Arrancando...
[03:01:37] ⏳ [Automático] Tocaba disparar 'pagos' pero ya hay una ejecución en curso (Actualizar pagos); esperando a que termine; se reintenta en breve sin perder el turno.
[03:12:22] 🤖 [Automático] Es hora de actualizar pagos. Arrancando...
[03:12:37] ⏳ [Automático] Tocaba disparar 'pagos' pero ya hay una ejecución en curso (Actualizar pagos); esperando a que termine; se reintenta en breve sin perder el turno.
[03:23:22] 🤖 [Automático] Es hora de actualizar pagos. Arrancando...
[03:23:37] ⏳ [Automático] Tocaba disparar 'pagos' pero ya hay una ejecución en curso (Actualizar pagos); esperando a que termine; se reintenta en breve sin perder el turno.
[03:24:11] ❌ [Automático] 'pagos' falló (intento 1 de 4). Se reintenta a las 03:29.
[03:29:22] 🤖 [Automático] Es hora de actualizar pagos (reintento 1 de 3). Arrancando...
[03:29:37] ⏳ [Automático] Tocaba disparar 'pagos' pero ya hay una ejecución en curso (Actualizar pagos); esperando a que termine; se reintenta en breve sin perder el turno.
[03:30:20] ✅ [Automático] 'pagos' terminó bien en el reintento 1.
[03:40:23] 🤖 [Automático] Es hora de actualizar pagos. Arrancando...
[03:40:38] ⏳ [Automático] Tocaba disparar 'pagos' pero ya hay una ejecución en curso (Actualizar pagos); esperando a que termine; se reintenta en breve sin perder el turno.
[03:51:23] 🤖 [Automático] Es hora de actualizar pagos. Arrancando...
[03:51:38] ⏳ [Automático] Tocaba disparar 'pagos' pero ya hay una ejecución en curso (Actualizar pagos); esperando a que termine; se reintenta en breve sin perder el turno.
[04:02:23] 🤖 [Automático] Es hora de actualizar pagos. Arrancando...
[04:02:38] ⏳ [Automático] Tocaba disparar 'pagos' pero ya hay una ejecución en curso (Actualizar pagos); esperando a que termine; se reintenta en breve sin perder el turno.
[04:13:08] 🤖 [Automático] Es hora de actualizar pagos. Arrancando...
[04:13:24] ⏳ [Automático] Tocaba disparar 'pagos' pero ya hay una ejecución en curso (Actualizar pagos); esperando a que termine; se reintenta en breve sin perder el turno.
[04:23:54] 🤖 [Automático] Es hora de actualizar pagos. Arrancando...
[04:24:09] ⏳ [Automático] Tocaba disparar 'pagos' pero ya hay una ejecución en curso (Actualizar pagos); esperando a que termine; se reintenta en breve sin perder el turno.
[04:34:39] 🤖 [Automático] Es hora de actualizar pagos. Arrancando...
[04:34:54] ⏳ [Automático] Tocaba disparar 'pagos' pero ya hay una ejecución en curso (Actualizar pagos); esperando a que termine; se reintenta en breve sin perder el turno.
[04:45:25] 🤖 [Automático] Es hora de actualizar pagos. Arrancando...
[04:45:40] ⏳ [Automático] Tocaba disparar 'pagos' pero ya hay una ejecución en curso (Actualizar pagos); esperando a que termine; se reintenta en breve sin perder el turno.
[04:56:25] 🤖 [Automático] Es hora de actualizar pagos. Arrancando...
[04:56:40] ⏳ [Automático] Tocaba disparar 'pagos' pero ya hay una ejecución en curso (Actualizar pagos); esperando a que termine; se reintenta en breve sin perder el turno.
[05:07:25] 🤖 [Automático] Es hora de actualizar pagos. Arrancando...
[05:07:40] ⏳ [Automático] Tocaba disparar 'pagos' pero ya hay una ejecución en curso (Actualizar pagos); esperando a que termine; se reintenta en breve sin perder el turno.
[05:18:11] 🤖 [Automático] Es hora de actualizar pagos. Arrancando...
[05:18:26] ⏳ [Automático] Tocaba disparar 'pagos' pero ya hay una ejecución en curso (Actualizar pagos); esperando a que termine; se reintenta en breve sin perder el turno.
[05:29:11] 🤖 [Automático] Es hora de actualizar pagos. Arrancando...
[05:29:26] ⏳ [Automático] Tocaba disparar 'pagos' pero ya hay una ejecución en curso (Actualizar pagos); esperando a que termine; se reintenta en breve sin perder el turno.
[05:39:56] 🤖 [Automático] Es hora de actualizar pagos. Arrancando...
[05:40:11] ⏳ [Automático] Tocaba disparar 'pagos' pero ya hay una ejecución en curso (Actualizar pagos); esperando a que termine; se reintenta en breve sin perder el turno.
[05:50:42] 🤖 [Automático] Es hora de actualizar pagos. Arrancando...
[05:50:57] ⏳ [Automático] Tocaba disparar 'pagos' pero ya hay una ejecución en curso (Actualizar pagos); esperando a que termine; se reintenta en breve sin perder el turno.
[06:01:27] 🤖 [Automático] Es hora de actualizar pagos. Arrancando...
[06:01:42] ⏳ [Automático] Tocaba disparar 'pagos' pero ya hay una ejecución en curso (Actualizar pagos); esperando a que termine; se reintenta en breve sin perder el turno.
[06:12:12] 🤖 [Automático] Es hora de actualizar pagos. Arrancando...
[06:12:27] ⏳ [Automático] Tocaba disparar 'pagos' pero ya hay una ejecución en curso (Actualizar pagos); esperando a que termine; se reintenta en breve sin perder el turno.
[06:22:58] 🤖 [Automático] Es hora de actualizar pagos. Arrancando...
[06:23:13] ⏳ [Automático] Tocaba disparar 'pagos' pero ya hay una ejecución en curso (Actualizar pagos); esperando a que termine; se reintenta en breve sin perder el turno.
[06:33:43] 🤖 [Automático] Es hora de actualizar pagos. Arrancando...
[06:33:58] ⏳ [Automático] Tocaba disparar 'pagos' pero ya hay una ejecución en curso (Actualizar pagos); esperando a que termine; se reintenta en breve sin perder el turno.
[06:44:28] 🤖 [Automático] Es hora de actualizar pagos. Arrancando...
[06:44:43] ⏳ [Automático] Tocaba disparar 'pagos' pero ya hay una ejecución en curso (Actualizar pagos); esperando a que termine; se reintenta en breve sin perder el turno.
[06:55:29] 🤖 [Automático] Es hora de actualizar pagos. Arrancando...
[06:55:44] ⏳ [Automático] Tocaba disparar 'pagos' pero ya hay una ejecución en curso (Actualizar pagos); esperando a que termine; se reintenta en breve sin perder el turno.
[07:06:14] 🤖 [Automático] Es hora de actualizar pagos. Arrancando...
[07:06:29] ⏳ [Automático] Tocaba disparar 'pagos' pero ya hay una ejecución en curso (Actualizar pagos); esperando a que termine; se reintenta en breve sin perder el turno.
[07:16:59] 🤖 [Automático] Es hora de actualizar pagos. Arrancando...
[07:17:14] ⏳ [Automático] Tocaba disparar 'pagos' pero ya hay una ejecución en curso (Actualizar pagos); esperando a que termine; se reintenta en breve sin perder el turno.
[07:27:45] 🤖 [Automático] Es hora de actualizar pagos. Arrancando...
[07:28:00] ⏳ [Automático] Tocaba disparar 'pagos' pero ya hay una ejecución en curso (Actualizar pagos); esperando a que termine; se reintenta en breve sin perder el turno.
[07:38:30] 🤖 [Automático] Es hora de actualizar pagos. Arrancando...
[07:38:45] ⏳ [Automático] Tocaba disparar 'pagos' pero ya hay una ejecución en curso (Actualizar pagos); esperando a que termine; se reintenta en breve sin perder el turno.
[07:49:15] 🤖 [Automático] Es hora de actualizar pagos. Arrancando...
[07:49:30] ⏳ [Automático] Tocaba disparar 'pagos' pero ya hay una ejecución en curso (Actualizar pagos); esperando a que termine; se reintenta en breve sin perder el turno.
[08:00:00] 🤖 [Automático] Es hora de actualizar pagos. Arrancando...
[08:00:15] ⏳ [Automático] Tocaba disparar 'pagos' pero ya hay una ejecución en curso (Actualizar pagos); esperando a que termine; se reintenta en breve sin perder el turno.
[08:11:01] 🤖 [Automático] Es hora de actualizar pagos. Arrancando...
[08:11:16] ⏳ [Automático] Tocaba disparar 'pagos' pero ya hay una ejecución en curso (Actualizar pagos); esperando a que termine; se reintenta en breve sin perder el turno.
[08:21:46] 🤖 [Automático] Es hora de actualizar pagos. Arrancando...
[08:22:01] ⏳ [Automático] Tocaba disparar 'pagos' pero ya hay una ejecución en curso (Actualizar pagos); esperando a que termine; se reintenta en breve sin perder el turno.
[08:32:31] 🤖 [Automático] Es hora de actualizar pagos. Arrancando...
[08:32:46] ⏳ [Automático] Tocaba disparar 'pagos' pero ya hay una ejecución en curso (Actualizar pagos); esperando a que termine; se reintenta en breve sin perder el turno.
[08:43:17] 🤖 [Automático] Es hora de actualizar pagos. Arrancando...
[08:43:32] ⏳ [Automático] Tocaba disparar 'pagos' pero ya hay una ejecución en curso (Actualizar pagos); esperando a que termine; se reintenta en breve sin perder el turno.
[08:54:02] 🤖 [Automático] Es hora de actualizar pagos. Arrancando...
[08:54:17] ⏳ [Automático] Tocaba disparar 'pagos' pero ya hay una ejecución en curso (Actualizar pagos); esperando a que termine; se reintenta en breve sin perder el turno.
[09:04:47] 🤖 [Automático] Es hora de actualizar pagos. Arrancando...
[09:05:02] ⏳ [Automático] Tocaba disparar 'pagos' pero ya hay una ejecución en curso (Actualizar pagos); esperando a que termine; se reintenta en breve sin perder el turno.
[09:15:33] 🤖 [Automático] Es hora de actualizar pagos. Arrancando...
[09:15:48] ⏳ [Automático] Tocaba disparar 'pagos' pero ya hay una ejecución en curso (Actualizar pagos); esperando a que termine; se reintenta en breve sin perder el turno.
[09:26:18] 🤖 [Automático] Es hora de actualizar pagos. Arrancando...
[09:26:33] ⏳ [Automático] Tocaba disparar 'pagos' pero ya hay una ejecución en curso (Actualizar pagos); esperando a que termine; se reintenta en breve sin perder el turno.
[09:37:03] 🤖 [Automático] Es hora de actualizar pagos. Arrancando...
[09:37:18] ⏳ [Automático] Tocaba disparar 'pagos' pero ya hay una ejecución en curso (Actualizar pagos); esperando a que termine; se reintenta en breve sin perder el turno.
[09:47:49] 🤖 [Automático] Es hora de actualizar pagos. Arrancando...
[09:48:04] ⏳ [Automático] Tocaba disparar 'pagos' pero ya hay una ejecución en curso (Actualizar pagos); esperando a que termine; se reintenta en breve sin perder el turno.
[09:58:34] 🤖 [Automático] Es hora de actualizar pagos. Arrancando...
[09:58:49] ⏳ [Automático] Tocaba disparar 'pagos' pero ya hay una ejecución en curso (Actualizar pagos); esperando a que termine; se reintenta en breve sin perder el turno.
[10:09:19] 🤖 [Automático] Es hora de actualizar pagos. Arrancando...
[10:09:34] ⏳ [Automático] Tocaba disparar 'pagos' pero ya hay una ejecución en curso (Actualizar pagos); esperando a que termine; se reintenta en breve sin perder el turno.
[10:20:05] 🤖 [Automático] Es hora de actualizar pagos. Arrancando...
[10:20:20] ⏳ [Automático] Tocaba disparar 'pagos' pero ya hay una ejecución en curso (Actualizar pagos); esperando a que termine; se reintenta en breve sin perder el turno.
[10:30:50] 🤖 [Automático] Es hora de actualizar pagos. Arrancando...
[10:31:05] ⏳ [Automático] Tocaba disparar 'pagos' pero ya hay una ejecución en curso (Actualizar pagos); esperando a que termine; se reintenta en breve sin perder el turno.
[10:41:35] 🤖 [Automático] Es hora de actualizar pagos. Arrancando...
[10:41:50] ⏳ [Automático] Tocaba disparar 'pagos' pero ya hay una ejecución en curso (Actualizar pagos); esperando a que termine; se reintenta en breve sin perder el turno.
[10:52:21] 🤖 [Automático] Es hora de actualizar pagos. Arrancando...
[10:52:36] ⏳ [Automático] Tocaba disparar 'pagos' pero ya hay una ejecución en curso (Actualizar pagos); esperando a que termine; se reintenta en breve sin perder el turno.
[11:03:06] 🤖 [Automático] Es hora de actualizar pagos. Arrancando...
[11:03:21] ⏳ [Automático] Tocaba disparar 'pagos' pero ya hay una ejecución en curso (Actualizar pagos); esperando a que termine; se reintenta en breve sin perder el turno.
[11:13:51] 🤖 [Automático] Es hora de actualizar pagos. Arrancando...
[11:14:06] ⏳ [Automático] Tocaba disparar 'pagos' pero ya hay una ejecución en curso (Actualizar pagos); esperando a que termine; se reintenta en breve sin perder el turno.
[11:24:36] 🤖 [Automático] Es hora de actualizar pagos. Arrancando...
[11:24:51] ⏳ [Automático] Tocaba disparar 'pagos' pero ya hay una ejecución en curso (Actualizar pagos); esperando a que termine; se reintenta en breve sin perder el turno.
[11:35:22] 🤖 [Automático] Es hora de actualizar pagos. Arrancando...
[11:35:37] ⏳ [Automático] Tocaba disparar 'pagos' pero ya hay una ejecución en curso (Actualizar pagos); esperando a que termine; se reintenta en breve sin perder el turno.
[11:46:07] 🤖 [Automático] Es hora de actualizar pagos. Arrancando...
[11:46:22] ⏳ [Automático] Tocaba disparar 'pagos' pero ya hay una ejecución en curso (Actualizar pagos); esperando a que termine; se reintenta en breve sin perder el turno.
[11:56:52] 🤖 [Automático] Es hora de actualizar pagos. Arrancando...
[11:57:07] ⏳ [Automático] Tocaba disparar 'pagos' pero ya hay una ejecución en curso (Actualizar pagos); esperando a que termine; se reintenta en breve sin perder el turno.
[12:07:37] 🤖 [Automático] Es hora de actualizar pagos. Arrancando...
[12:07:53] ⏳ [Automático] Tocaba disparar 'pagos' pero ya hay una ejecución en curso (Actualizar pagos); esperando a que termine; se reintenta en breve sin perder el turno.
[12:18:23] 🤖 [Automático] Es hora de actualizar pagos. Arrancando...
[12:18:38] ⏳ [Automático] Tocaba disparar 'pagos' pero ya hay una ejecución en curso (Actualizar pagos); esperando a que termine; se reintenta en breve sin perder el turno.
[12:29:23] 🤖 [Automático] Es hora de actualizar pagos. Arrancando...
[12:29:38] ⏳ [Automático] Tocaba disparar 'pagos' pero ya hay una ejecución en curso (Actualizar pagos); esperando a que termine; se reintenta en breve sin perder el turno.
[12:40:08] 🤖 [Automático] Es hora de actualizar pagos. Arrancando...
[12:40:23] ⏳ [Automático] Tocaba disparar 'pagos' pero ya hay una ejecución en curso (Actualizar pagos); esperando a que termine; se reintenta en breve sin perder el turno.
[12:50:53] 🤖 [Automático] Es hora de actualizar pagos. Arrancando...
[12:51:08] ⏳ [Automático] Tocaba disparar 'pagos' pero ya hay una ejecución en curso (Actualizar pagos); esperando a que termine; se reintenta en breve sin perder el turno.
[13:01:54] 🤖 [Automático] Es hora de actualizar pagos. Arrancando...
[13:02:09] ⏳ [Automático] Tocaba disparar 'pagos' pero ya hay una ejecución en curso (Actualizar pagos); esperando a que termine; se reintenta en breve sin perder el turno.
[13:12:39] 🤖 [Automático] Es hora de actualizar pagos. Arrancando...
[13:12:54] ⏳ [Automático] Tocaba disparar 'pagos' pero ya hay una ejecución en curso (Actualizar pagos); esperando a que termine; se reintenta en breve sin perder el turno.
[13:23:24] 🤖 [Automático] Es hora de actualizar pagos. Arrancando...
[13:23:39] ⏳ [Automático] Tocaba disparar 'pagos' pero ya hay una ejecución en curso (Actualizar pagos); esperando a que termine; se reintenta en breve sin perder el turno.
[13:34:09] 🤖 [Automático] Es hora de actualizar pagos. Arrancando...
[13:34:24] ⏳ [Automático] Tocaba disparar 'pagos' pero ya hay una ejecución en curso (Actualizar pagos); esperando a que termine; se reintenta en breve sin perder el turno.
[13:45:10] 🤖 [Automático] Es hora de actualizar pagos. Arrancando...
[13:45:25] ⏳ [Automático] Tocaba disparar 'pagos' pero ya hay una ejecución en curso (Actualizar pagos); esperando a que termine; se reintenta en breve sin perder el turno.
[13:55:55] 🤖 [Automático] Es hora de actualizar pagos. Arrancando...
[13:56:10] ⏳ [Automático] Tocaba disparar 'pagos' pero ya hay una ejecución en curso (Actualizar pagos); esperando a que termine; se reintenta en breve sin perder el turno.
[14:06:40] 🤖 [Automático] Es hora de actualizar pagos. Arrancando...
[14:06:55] ⏳ [Automático] Tocaba disparar 'pagos' pero ya hay una ejecución en curso (Actualizar pagos); esperando a que termine; se reintenta en breve sin perder el turno.
[14:17:26] 🤖 [Automático] Es hora de actualizar pagos. Arrancando...
[14:17:41] ⏳ [Automático] Tocaba disparar 'pagos' pero ya hay una ejecución en curso (Actualizar pagos); esperando a que termine; se reintenta en breve sin perder el turno.
[14:28:11] 🤖 [Automático] Es hora de actualizar pagos. Arrancando...
[14:28:26] ⏳ [Automático] Tocaba disparar 'pagos' pero ya hay una ejecución en curso (Actualizar pagos); esperando a que termine; se reintenta en breve sin perder el turno.
[14:38:56] 🤖 [Automático] Es hora de actualizar pagos. Arrancando...
[14:39:11] ⏳ [Automático] Tocaba disparar 'pagos' pero ya hay una ejecución en curso (Actualizar pagos); esperando a que termine; se reintenta en breve sin perder el turno.
[14:49:42] 🤖 [Automático] Es hora de actualizar pagos. Arrancando...
[14:49:57] ⏳ [Automático] Tocaba disparar 'pagos' pero ya hay una ejecución en curso (Actualizar pagos); esperando a que termine; se reintenta en breve sin perder el turno.
[15:00:27] 🤖 [Automático] Es hora de actualizar pagos. Arrancando...
[15:00:42] ⏳ [Automático] Tocaba disparar 'pagos' pero ya hay una ejecución en curso (Actualizar pagos); esperando a que termine; se reintenta en breve sin perder el turno.
[15:11:12] 🤖 [Automático] Es hora de actualizar pagos. Arrancando...
[15:11:27] ⏳ [Automático] Tocaba disparar 'pagos' pero ya hay una ejecución en curso (Actualizar pagos); esperando a que termine; se reintenta en breve sin perder el turno.
[15:21:58] 🤖 [Automático] Es hora de actualizar pagos. Arrancando...
[15:22:13] ⏳ [Automático] Tocaba disparar 'pagos' pero ya hay una ejecución en curso (Actualizar pagos); esperando a que termine; se reintenta en breve sin perder el turno.
[15:32:43] 🤖 [Automático] Es hora de actualizar pagos. Arrancando...
[15:32:58] ⏳ [Automático] Tocaba disparar 'pagos' pero ya hay una ejecución en curso (Actualizar pagos); esperando a que termine; se reintenta en breve sin perder el turno.
[15:43:28] 🤖 [Automático] Es hora de actualizar pagos. Arrancando...
[15:43:43] ⏳ [Automático] Tocaba disparar 'pagos' pero ya hay una ejecución en curso (Actualizar pagos); esperando a que termine; se reintenta en breve sin perder el turno.
[15:54:29] 🤖 [Automático] Es hora de actualizar pagos. Arrancando...
[15:54:44] ⏳ [Automático] Tocaba disparar 'pagos' pero ya hay una ejecución en curso (Actualizar pagos); esperando a que termine; se reintenta en breve sin perder el turno.
[16:05:14] 🤖 [Automático] Es hora de actualizar pagos. Arrancando...
[16:05:29] ⏳ [Automático] Tocaba disparar 'pagos' pero ya hay una ejecución en curso (Actualizar pagos); esperando a que termine; se reintenta en breve sin perder el turno.
[16:16:14] 🤖 [Automático] Es hora de actualizar pagos. Arrancando...
[16:16:29] ⏳ [Automático] Tocaba disparar 'pagos' pero ya hay una ejecución en curso (Actualizar pagos); esperando a que termine; se reintenta en breve sin perder el turno.
[16:27:30] 🤖 [Automático] Es hora de actualizar pagos. Arrancando...
[16:27:45] ⏳ [Automático] Tocaba disparar 'pagos' pero ya hay una ejecución en curso (Actualizar pagos); esperando a que termine; se reintenta en breve sin perder el turno.
[16:38:30] 🤖 [Automático] Es hora de actualizar pagos. Arrancando...
[16:38:45] ⏳ [Automático] Tocaba disparar 'pagos' pero ya hay una ejecución en curso (Actualizar pagos); esperando a que termine; se reintenta en breve sin perder el turno.
[16:49:45] 🤖 [Automático] Es hora de actualizar pagos. Arrancando...
[16:50:00] ⏳ [Automático] Tocaba disparar 'pagos' pero ya hay una ejecución en curso (Actualizar pagos); esperando a que termine; se reintenta en breve sin perder el turno.
[17:01:01] 🤖 [Automático] Es hora de actualizar pagos. Arrancando...
[17:01:16] ⏳ [Automático] Tocaba disparar 'pagos' pero ya hay una ejecución en curso (Actualizar pagos); esperando a que termine; se reintenta en breve sin perder el turno.
[17:12:01] 🤖 [Automático] Es hora de actualizar pagos. Arrancando...
[17:12:16] ⏳ [Automático] Tocaba disparar 'pagos' pero ya hay una ejecución en curso (Actualizar pagos); esperando a que termine; se reintenta en breve sin perder el turno.
[17:23:01] 🤖 [Automático] Es hora de actualizar pagos. Arrancando...
[17:23:16] ⏳ [Automático] Tocaba disparar 'pagos' pero ya hay una ejecución en curso (Actualizar pagos); esperando a que termine; se reintenta en breve sin perder el turno.
[17:34:01] 🤖 [Automático] Es hora de actualizar pagos. Arrancando...
[17:34:16] ⏳ [Automático] Tocaba disparar 'pagos' pero ya hay una ejecución en curso (Actualizar pagos); esperando a que termine; se reintenta en breve sin perder el turno.
[17:45:01] 🤖 [Automático] Es hora de actualizar pagos. Arrancando...
[17:45:16] ⏳ [Automático] Tocaba disparar 'pagos' pero ya hay una ejecución en curso (Actualizar pagos); esperando a que termine; se reintenta en breve sin perder el turno.
[17:56:02] 🤖 [Automático] Es hora de actualizar pagos. Arrancando...
[17:56:17] ⏳ [Automático] Tocaba disparar 'pagos' pero ya hay una ejecución en curso (Actualizar pagos); esperando a que termine; se reintenta en breve sin perder el turno.
[18:06:47] 🤖 [Automático] Es hora de actualizar pagos. Arrancando...
[18:07:02] ⏳ [Automático] Tocaba disparar 'pagos' pero ya hay una ejecución en curso (Actualizar pagos); esperando a que termine; se reintenta en breve sin perder el turno.
[18:18:02] 🤖 [Automático] Es hora de actualizar pagos. Arrancando...
[18:18:17] ⏳ [Automático] Tocaba disparar 'pagos' pero ya hay una ejecución en curso (Actualizar pagos); esperando a que termine; se reintenta en breve sin perder el turno.
[18:29:17] 🤖 [Automático] Es hora de actualizar pagos. Arrancando...
[18:29:32] ⏳ [Automático] Tocaba disparar 'pagos' pero ya hay una ejecución en curso (Actualizar pagos); esperando a que termine; se reintenta en breve sin perder el turno.
[18:40:33] 🤖 [Automático] Es hora de actualizar pagos. Arrancando...
[18:40:48] ⏳ [Automático] Tocaba disparar 'pagos' pero ya hay una ejecución en curso (Actualizar pagos); esperando a que termine; se reintenta en breve sin perder el turno.
[18:51:48] 🤖 [Automático] Es hora de actualizar pagos. Arrancando...
[18:52:03] ⏳ [Automático] Tocaba disparar 'pagos' pero ya hay una ejecución en curso (Actualizar pagos); esperando a que termine; se reintenta en breve sin perder el turno.
[19:02:48] 🤖 [Automático] Es hora de actualizar pagos. Arrancando...
[19:03:03] ⏳ [Automático] Tocaba disparar 'pagos' pero ya hay una ejecución en curso (Actualizar pagos); esperando a que termine; se reintenta en breve sin perder el turno.
[19:13:48] 🤖 [Automático] Es hora de actualizar pagos. Arrancando...
[19:14:03] ⏳ [Automático] Tocaba disparar 'pagos' pero ya hay una ejecución en curso (Actualizar pagos); esperando a que termine; se reintenta en breve sin perder el turno.
[19:24:48] 🤖 [Automático] Es hora de actualizar pagos. Arrancando...
[19:25:04] ⏳ [Automático] Tocaba disparar 'pagos' pero ya hay una ejecución en curso (Actualizar pagos); esperando a que termine; se reintenta en breve sin perder el turno.
[19:35:49] 🤖 [Automático] Es hora de actualizar pagos. Arrancando...
[19:36:04] ⏳ [Automático] Tocaba disparar 'pagos' pero ya hay una ejecución en curso (Actualizar pagos); esperando a que termine; se reintenta en breve sin perder el turno.
[19:46:49] 🤖 [Automático] Es hora de actualizar pagos. Arrancando...
[19:47:04] ⏳ [Automático] Tocaba disparar 'pagos' pero ya hay una ejecución en curso (Actualizar pagos); esperando a que termine; se reintenta en breve sin perder el turno.
[19:57:49] 🤖 [Automático] Es hora de actualizar pagos. Arrancando...
[19:58:04] ⏳ [Automático] Tocaba disparar 'pagos' pero ya hay una ejecución en curso (Actualizar pagos); esperando a que termine; se reintenta en breve sin perder el turno.
[20:08:49] 🤖 [Automático] Es hora de actualizar pagos. Arrancando...
[20:09:04] ⏳ [Automático] Tocaba disparar 'pagos' pero ya hay una ejecución en curso (Actualizar pagos); esperando a que termine; se reintenta en breve sin perder el turno.
[20:20:35] 🤖 [Automático] Es hora de actualizar pagos. Arrancando...
[20:20:50] ⏳ [Automático] Tocaba disparar 'pagos' pero ya hay una ejecución en curso (Actualizar pagos); esperando a que termine; se reintenta en breve sin perder el turno.
[20:31:50] 🤖 [Automático] Es hora de actualizar pagos. Arrancando...
[20:32:05] ⏳ [Automático] Tocaba disparar 'pagos' pero ya hay una ejecución en curso (Actualizar pagos); esperando a que termine; se reintenta en breve sin perder el turno.
[20:43:05] 🤖 [Automático] Es hora de actualizar pagos. Arrancando...
[20:43:20] ⏳ [Automático] Tocaba disparar 'pagos' pero ya hay una ejecución en curso (Actualizar pagos); esperando a que termine; se reintenta en breve sin perder el turno.
[20:54:06] 🤖 [Automático] Es hora de actualizar pagos. Arrancando...
[20:54:21] ⏳ [Automático] Tocaba disparar 'pagos' pero ya hay una ejecución en curso (Actualizar pagos); esperando a que termine; se reintenta en breve sin perder el turno.
[21:05:06] 🤖 [Automático] Es hora de actualizar pagos. Arrancando...
[21:05:21] ⏳ [Automático] Tocaba disparar 'pagos' pero ya hay una ejecución en curso (Actualizar pagos); esperando a que termine; se reintenta en breve sin perder el turno.
[21:16:06] 🤖 [Automático] Es hora de actualizar pagos. Arrancando...
[21:16:21] ⏳ [Automático] Tocaba disparar 'pagos' pero ya hay una ejecución en curso (Actualizar pagos); esperando a que termine; se reintenta en breve sin perder el turno.
[21:27:06] 🤖 [Automático] Es hora de actualizar pagos. Arrancando...
[21:27:21] ⏳ [Automático] Tocaba disparar 'pagos' pero ya hay una ejecución en curso (Actualizar pagos); esperando a que termine; se reintenta en breve sin perder el turno.
[21:38:07] 🤖 [Automático] Es hora de actualizar pagos. Arrancando...
[21:38:22] ⏳ [Automático] Tocaba disparar 'pagos' pero ya hay una ejecución en curso (Actualizar pagos); esperando a que termine; se reintenta en breve sin perder el turno.
[21:48:52] 🤖 [Automático] Es hora de actualizar pagos. Arrancando...
[21:49:07] ⏳ [Automático] Tocaba disparar 'pagos' pero ya hay una ejecución en curso (Actualizar pagos); esperando a que termine; se reintenta en breve sin perder el turno.
[21:59:37] 🤖 [Automático] Es hora de actualizar pagos. Arrancando...
[21:59:52] ⏳ [Automático] Tocaba disparar 'pagos' pero ya hay una ejecución en curso (Actualizar pagos); esperando a que termine; se reintenta en breve sin perder el turno.
[22:10:37] 🤖 [Automático] Es hora de actualizar pagos. Arrancando...
[22:10:52] ⏳ [Automático] Tocaba disparar 'pagos' pero ya hay una ejecución en curso (Actualizar pagos); esperando a que termine; se reintenta en breve sin perder el turno.
[22:21:37] 🤖 [Automático] Es hora de actualizar pagos. Arrancando...
[22:21:52] ⏳ [Automático] Tocaba disparar 'pagos' pero ya hay una ejecución en curso (Actualizar pagos); esperando a que termine; se reintenta en breve sin perder el turno.
[22:32:23] 🤖 [Automático] Es hora de actualizar pagos. Arrancando...
[22:32:38] ⏳ [Automático] Tocaba disparar 'pagos' pero ya hay una ejecución en curso (Actualizar pagos); esperando a que termine; se reintenta en breve sin perder el turno.
[22:43:08] 🤖 [Automático] Es hora de actualizar pagos. Arrancando...
[22:43:23] ⏳ [Automático] Tocaba disparar 'pagos' pero ya hay una ejecución en curso (Actualizar pagos); esperando a que termine; se reintenta en breve sin perder el turno.
[22:54:08] 🤖 [Automático] Es hora de actualizar pagos. Arrancando...
[22:54:23] ⏳ [Automático] Tocaba disparar 'pagos' pero ya hay una ejecución en curso (Actualizar pagos); esperando a que termine; se reintenta en breve sin perder el turno.
[23:05:08] 🤖 [Automático] Es hora de actualizar pagos. Arrancando...
[23:05:23] ⏳ [Automático] Tocaba disparar 'pagos' pero ya hay una ejecución en curso (Actualizar pagos); esperando a que termine; se reintenta en breve sin perder el turno.
[23:15:54] 🤖 [Automático] Es hora de actualizar pagos. Arrancando...
[23:16:09] ⏳ [Automático] Tocaba disparar 'pagos' pero ya hay una ejecución en curso (Actualizar pagos); esperando a que termine; se reintenta en breve sin perder el turno.
[23:26:54] 🤖 [Automático] Es hora de actualizar pagos. Arrancando...
[23:27:09] ⏳ [Automático] Tocaba disparar 'pagos' pero ya hay una ejecución en curso (Actualizar pagos); esperando a que termine; se reintenta en breve sin perder el turno.
[23:37:54] 🤖 [Automático] Es hora de actualizar pagos. Arrancando...
[23:38:09] ⏳ [Automático] Tocaba disparar 'pagos' pero ya hay una ejecución en curso (Actualizar pagos); esperando a que termine; se reintenta en breve sin perder el turno.
[23:48:40] 🤖 [Automático] Es hora de actualizar pagos. Arrancando...
[23:48:55] ⏳ [Automático] Tocaba disparar 'pagos' pero ya hay una ejecución en curso (Actualizar pagos); esperando a que termine; se reintenta en breve sin perder el turno.
[23:59:40] 🤖 [Automático] Es hora de actualizar pagos. Arrancando...
[23:59:55] ⏳ [Automático] Tocaba disparar 'pagos' pero ya hay una ejecución en curso (Actualizar pagos); esperando a que termine; se reintenta en breve sin perder el turno.
