[16:27:30] === Inicio de ejecución: pagos ===
[16:27:30] ▶ [LoginSEMyTPaso] Iniciando...
[16:27:30] ==================================================
[16:27:30] 🚀 PASO: LoginSEMyTPaso
[16:27:30] ==================================================
[16:27:31] Abriendo SEMyT...
[16:27:33] ✅ [SEMyT] Sesión existente detectada. Login omitido.
[16:27:33] ✅ LoginSEMyTPaso finalizado. (⏱ 2.6s)
[16:27:33] ✓ [LoginSEMyTPaso] Completado.
[16:27:33] ▶ [LoginSIGIPaso] Iniciando...
[16:27:33] ==================================================
[16:27:33] 🚀 PASO: LoginSIGIPaso
[16:27:33] ==================================================
[16:27:33] Abriendo sitio municipalidad (CiDi)...
[16:27:33] ✅ [SIGI] Sesión existente detectada. Login omitido.
[16:27:33] ✅ LoginSIGIPaso finalizado. (⏱ 0.5s)
[16:27:33] ✓ [LoginSIGIPaso] Completado.
[16:27:33] ▶ [DescargasParalelasPaso] Iniciando...
[16:27:33] ==================================================
[16:27:33] 🚀 PASO: DescargasParalelasPaso
[16:27:33] ==================================================
[16:27:34] 📤 Arrancando las 3 descargas en paralelo (mismo browser, páginas separadas)...
[16:27:34] Fecha Desde: 27/06/2024
[16:27:34] Fecha Hasta: 24/11/2025
[16:27:34] Fecha Desde: 25/11/2025
[16:27:34] Fecha Hasta: 02/08/2026
[16:27:34] Descargando Excel...
[16:27:34] Descargando Excel...
[16:27:43] Archivo descargado en: backend/descargas/cache_actas_cruce/MULTAS_SIGI_CRUCE.xlsx
[16:27:44] ⏱ [actas_sigi] completado en 10.4s
[16:27:50] Archivo descargado en: backend/descargas/cache_actas_cruce/MULTAS_SIGEMI_CRUCE.xlsx
[16:27:54] ⏱ [actas_sigemi] completado en 20.1s
[16:28:14] ✅ TXT de pagos descargado en: backend/descargas/pagos/2026-08-02/PAGOS DESCARGADOS.txt
[16:28:14] ⏱ [pagos_txt] completado en 40.2s
[16:28:14] ⏱ TOTAL descargas en paralelo: 40.2s
[16:28:14] ✅ DescargasParalelasPaso finalizado. (⏱ 40.4s)
[16:28:14] ✓ [DescargasParalelasPaso] Completado.
[16:28:14] ▶ [CompararActasPaso] Iniciando...
[16:28:14] ==================================================
[16:28:14] 🚀 PASO: CompararActasPaso
[16:28:14] ==================================================
[16:28:14] 🔍 Comparando actas del SEMyT contra pagos del SIGI...
[16:28:14] ================================================================================
[16:28:14] INICIANDO PROCESO DE GENERACIÓN DE PAGOS DESACTUALIZADOS
[16:28:14] ================================================================================
[16:28:14] 📂 Cargando archivos...
[16:28:14]   ✓ Pagos: 19752 registros
[16:28:17]   ✓ Excel SIGEMI (multas vencidas viejas): 102117 registros
[16:28:18]   ✓ Excel SIGI (multas vencidas nuevas): 40891 registros
[16:28:19] ================================================================================
[16:28:19] PASO 1: LLENANDO ACTA_NUMERO (búsqueda por patente + fecha, con desempate por hora)
[16:28:19] ================================================================================
[16:28:20] 📊 ESTADÍSTICAS DE LLENADO DE ACTAS:
[16:28:20]   • Pagos con acta ORIGINAL: 4704
[16:28:20]   • Pagos SIN acta (buscados): 15048
[16:28:20]   • Pagos LLENADOS exitosamente: 0
[16:28:20]   • Pagos NO encontrados en multas: 15048
[16:28:20]   • Pagos SIN RESOLVER por desbalance de cantidades: 0
[16:28:20] ================================================================================
[16:28:20] PASO 1: LLENANDO ACTA_NUMERO (búsqueda por patente + fecha, con desempate por hora)
[16:28:20] ================================================================================
[16:28:22] 📊 ESTADÍSTICAS DE LLENADO DE ACTAS:
[16:28:22]   • Pagos con acta ORIGINAL: 4704
[16:28:22]   • Pagos SIN acta (buscados): 15048
[16:28:22]   • Pagos LLENADOS exitosamente: 0
[16:28:22]   • Pagos NO encontrados en multas: 15048
[16:28:22]   • Pagos SIN RESOLVER por desbalance de cantidades: 0
[16:28:22] ⏱ PASO 1 (llenar actas): 3.7s
[16:28:22] ================================================================================
[16:28:22] PASO 2: FILTRANDO PAGOS CON ACTA_NUMERO COMPLETO
[16:28:22] ================================================================================
[16:28:22] 📊 ESTADÍSTICAS DE FILTRADO:
[16:28:22]   • Pagos TOTALES al inicio: 19752
[16:28:22]   • Pagos CON acta (MANTIENEN): 4704
[16:28:22]   • Pagos RECHAZADOS (sin coincidencias): 15048
[16:28:22] ⚠️  Se eliminaron 15048 registros sin número de acta
[16:28:22]      (recordá: esto incluye tanto pagos ya actualizados/pagados
[16:28:22]       como pagos que quedaron sin resolver por desbalance en el Paso 1)
[16:28:22] ================================================================================
[16:28:22] PASO 2-bis: CONFIRMANDO VIGENCIA DE PAGOS (sistema NUEVO contra MULTAS_SIGI_CRUCE, sistema VIEJO contra SIGEMI)
[16:28:22] ================================================================================
[16:28:22]   ⚠ 4693 pago(s) descartados: su acta ya no figura como vencida en MULTAS_SIGI_CRUCE (SEMyT ya los actualizó).
[16:28:22]   ⚠ 10 pago(s) descartados: su acta ya no figura como vencida en el Excel de SIGEMI (SEMyT ya los actualizó).
[16:28:22]   • Pagos descartados en total por ya estar actualizados/pagados: 4703
[16:28:22] ⏱ PASO 2 (filtrar): 0.4s
[16:28:22] 📂 Cargando maestro de causas SIGEMI...
[16:28:22]   ✓ Causas totales (maestro): 134069 registros
[16:28:22] ⏱ PASO 2.5 (causas simplificado): 0.0s
[16:28:22] ================================================================================
[16:28:22] PASO 2.5: ARMANDO causas.txt SIMPLIFICADO (cruce contra total_causas_sigemi.txt)
[16:28:22] ================================================================================
[16:28:23]   • Actas vencidas viejas (multas): 102117
[16:28:23]   • Causas totales en el maestro SIGEMI: 134069
[16:28:23]   • Causas que coinciden (simplificado): 101798
[16:28:23]   ✅ Archivo escrito: backend/descargas/causas/causas.txt
[16:28:23] ⏱ PASO 2.5 (causas simplificado): 0.4s
[16:28:23] ================================================================================
[16:28:23] PASO 3: LLENANDO CAUSA_NUMERO (según fecha de cambio de sistema, cruzando por acta + año)
[16:28:23] ================================================================================
[16:28:23] 📊 ESTADÍSTICAS DE LLENADO DE CAUSAS:
[16:28:23]   • Pagos con causa ORIGINAL: 1
[16:28:23]   • Causas encontradas en SIGEMI (actas viejas): 0
[16:28:23]   • Causas NO encontradas en SIGEMI: 0
[16:28:23]   • Causas asignadas automáticamente (actas nuevas): 0
[16:28:23] ⏱ PASO 3 (llenar causas): 0.0s
[16:28:23] ================================================================================
[16:28:23] PASO 4: ORDENANDO POR FECHA Y ACTA_NUMERO
[16:28:23] ================================================================================
[16:28:23] ✓ Pagos ordenados correctamente
[16:28:23]   • Primera entrada: Acta=299883, Fecha=22/04/2026
[16:28:23]   • Última entrada: Acta=299883, Fecha=22/04/2026
[16:28:23] 📝 Escribiendo archivo de salida...
[16:28:23]   ✅ Archivo escrito: backend/descargas/pagos/2026-08-02/PAGOS 20260802 162814.txt
[16:28:23]   ✅ Total registros: 259
[16:28:23] ⏱ PASO 4 (ordenar y escribir): 0.0s
[16:28:23] ================================================================================
[16:28:23] ✅ PROCESO COMPLETADO EXITOSAMENTE
[16:28:23] ================================================================================
[16:28:23] 📊 RESUMEN FINAL DEL PROCESAMIENTO:
[16:28:23]   ENTRADA:
[16:28:23]     • Pagos originales: 19752
[16:28:23]     • Multas SIGEMI cargadas: 102117
[16:28:23]     • Multas SIGI cargadas: 40891
[16:28:23]     • Causas simplificadas (usadas para el cruce): 101798
[16:28:23]   PROCESO:
[16:28:23]     • Pagos rechazados sigemi: 15048
[16:28:23]     • Pagos rechazados sigi: 4703
[16:28:23]   SALIDA:
[16:28:23]     • Pagos desactualizados procesados: 1
[16:28:23]     • Archivo final: backend/descargas/pagos/2026-08-02/PAGOS 20260802 162814.txt
[16:28:23]     • Ordenados por fecha: SÍ ✓
[16:28:23]     • Todos con ACTA_NUMERO: SÍ ✓
[16:28:23]     • Todos con CAUSA_NUMERO: SÍ ✓
[16:28:23] ✅ TXT de pagos (ya cruzado con actas y causas) generado en: backend/descargas/pagos/2026-08-02/PAGOS 20260802 162814.txt
[16:28:23] 🧹 TXT de pagos crudo eliminado (ya usado en el cruce): backend/descargas/pagos/2026-08-02/PAGOS DESCARGADOS.txt
[16:28:23] 🧹 Excel MULTAS_SIGEMI_CRUCE eliminado (ya usado en el cruce): backend/descargas/cache_actas_cruce/MULTAS_SIGEMI_CRUCE.xlsx
[16:28:23] 🧹 Excel MULTAS_SIGI_CRUCE eliminado (ya usado en el cruce): backend/descargas/cache_actas_cruce/MULTAS_SIGI_CRUCE.xlsx
[16:28:23] ✅ CompararActasPaso finalizado. (⏱ 9.0s)
[16:28:23] ✓ [CompararActasPaso] Completado.
[16:28:23] ▶ [CargarPagosPaso] Iniciando...
[16:28:23] ==================================================
[16:28:23] 🚀 PASO: CargarPagosPaso
[16:28:23] ==================================================
[16:28:23] 📤 Subiendo TXT de pagos al SEMyT...
[16:28:24] ✅ Importación de pagos completada con éxito.
[16:28:24] ✅ Archivo TXT de pagos cargado en el SEMyT correctamente.
[16:28:24] ✅ CargarPagosPaso finalizado. (⏱ 1.5s)
[16:28:24] ✓ [CargarPagosPaso] Completado.
[16:28:24] === Ejecución finalizada con éxito ===
