[15:11:13] === Inicio de ejecución: pagos ===
[15:11:13] ▶ [LoginSEMyTPaso] Iniciando...
[15:11:13] ==================================================
[15:11:13] 🚀 PASO: LoginSEMyTPaso
[15:11:13] ==================================================
[15:11:13] Abriendo SEMyT...
[15:11:16] ✅ [SEMyT] Sesión existente detectada. Login omitido.
[15:11:16] ✅ LoginSEMyTPaso finalizado. (⏱ 2.5s)
[15:11:16] ✓ [LoginSEMyTPaso] Completado.
[15:11:16] ▶ [LoginSIGIPaso] Iniciando...
[15:11:16] ==================================================
[15:11:16] 🚀 PASO: LoginSIGIPaso
[15:11:16] ==================================================
[15:11:16] Abriendo sitio municipalidad (CiDi)...
[15:11:16] ✅ [SIGI] Sesión existente detectada. Login omitido.
[15:11:16] ✅ LoginSIGIPaso finalizado. (⏱ 0.4s)
[15:11:16] ✓ [LoginSIGIPaso] Completado.
[15:11:16] ▶ [DescargasParalelasPaso] Iniciando...
[15:11:16] ==================================================
[15:11:16] 🚀 PASO: DescargasParalelasPaso
[15:11:16] ==================================================
[15:11:16] 📤 Arrancando las 3 descargas en paralelo (mismo browser, páginas separadas)...
[15:11:16] Fecha Desde: 27/06/2024
[15:11:16] Fecha Hasta: 24/11/2025
[15:11:16] Fecha Desde: 25/11/2025
[15:11:16] Fecha Hasta: 02/08/2026
[15:11:16] Descargando Excel...
[15:11:16] Descargando Excel...
[15:11:26] Archivo descargado en: backend/descargas/cache_actas_cruce/MULTAS_SIGI_CRUCE.xlsx
[15:11:27] ⏱ [actas_sigi] completado en 10.7s
[15:11:34] Archivo descargado en: backend/descargas/cache_actas_cruce/MULTAS_SIGEMI_CRUCE.xlsx
[15:11:37] ⏱ [actas_sigemi] completado en 21.1s
[15:11:46] ✅ TXT de pagos descargado en: backend/descargas/pagos/2026-08-02/PAGOS DESCARGADOS.txt
[15:11:46] ⏱ [pagos_txt] completado en 30.0s
[15:11:46] ⏱ TOTAL descargas en paralelo: 30.0s
[15:11:46] ✅ DescargasParalelasPaso finalizado. (⏱ 30.2s)
[15:11:46] ✓ [DescargasParalelasPaso] Completado.
[15:11:46] ▶ [CompararActasPaso] Iniciando...
[15:11:46] ==================================================
[15:11:46] 🚀 PASO: CompararActasPaso
[15:11:46] ==================================================
[15:11:46] 🔍 Comparando actas del SEMyT contra pagos del SIGI...
[15:11:46] ================================================================================
[15:11:46] INICIANDO PROCESO DE GENERACIÓN DE PAGOS DESACTUALIZADOS
[15:11:46] ================================================================================
[15:11:46] 📂 Cargando archivos...
[15:11:46]   ✓ Pagos: 19750 registros
[15:11:50]   ✓ Excel SIGEMI (multas vencidas viejas): 102118 registros
[15:11:51]   ✓ Excel SIGI (multas vencidas nuevas): 40892 registros
[15:11:51] ================================================================================
[15:11:51] PASO 1: LLENANDO ACTA_NUMERO (búsqueda por patente + fecha, con desempate por hora)
[15:11:51] ================================================================================
[15:11:53] 📊 ESTADÍSTICAS DE LLENADO DE ACTAS:
[15:11:53]   • Pagos con acta ORIGINAL: 4703
[15:11:53]   • Pagos SIN acta (buscados): 15047
[15:11:53]   • Pagos LLENADOS exitosamente: 0
[15:11:53]   • Pagos NO encontrados en multas: 15047
[15:11:53]   • Pagos SIN RESOLVER por desbalance de cantidades: 0
[15:11:53] ================================================================================
[15:11:53] PASO 1: LLENANDO ACTA_NUMERO (búsqueda por patente + fecha, con desempate por hora)
[15:11:53] ================================================================================
[15:11:54] 📊 ESTADÍSTICAS DE LLENADO DE ACTAS:
[15:11:54]   • Pagos con acta ORIGINAL: 4703
[15:11:54]   • Pagos SIN acta (buscados): 15047
[15:11:54]   • Pagos LLENADOS exitosamente: 0
[15:11:54]   • Pagos NO encontrados en multas: 15047
[15:11:54]   • Pagos SIN RESOLVER por desbalance de cantidades: 0
[15:11:54] ⏱ PASO 1 (llenar actas): 3.6s
[15:11:54] ================================================================================
[15:11:54] PASO 2: FILTRANDO PAGOS CON ACTA_NUMERO COMPLETO
[15:11:54] ================================================================================
[15:11:54] 📊 ESTADÍSTICAS DE FILTRADO:
[15:11:54]   • Pagos TOTALES al inicio: 19750
[15:11:54]   • Pagos CON acta (MANTIENEN): 4703
[15:11:54]   • Pagos RECHAZADOS (sin coincidencias): 15047
[15:11:54] ⚠️  Se eliminaron 15047 registros sin número de acta
[15:11:54]      (recordá: esto incluye tanto pagos ya actualizados/pagados
[15:11:54]       como pagos que quedaron sin resolver por desbalance en el Paso 1)
[15:11:54] ================================================================================
[15:11:54] PASO 2-bis: CONFIRMANDO VIGENCIA DE PAGOS (sistema NUEVO contra MULTAS_SIGI_CRUCE, sistema VIEJO contra SIGEMI)
[15:11:54] ================================================================================
[15:11:55]   ⚠ 4692 pago(s) descartados: su acta ya no figura como vencida en MULTAS_SIGI_CRUCE (SEMyT ya los actualizó).
[15:11:55]   ⚠ 10 pago(s) descartados: su acta ya no figura como vencida en el Excel de SIGEMI (SEMyT ya los actualizó).
[15:11:55]   • Pagos descartados en total por ya estar actualizados/pagados: 4702
[15:11:55] ⏱ PASO 2 (filtrar): 0.4s
[15:11:55] 📂 Cargando maestro de causas SIGEMI...
[15:11:55]   ✓ Causas totales (maestro): 134069 registros
[15:11:55] ⏱ PASO 2.5 (causas simplificado): 0.0s
[15:11:55] ================================================================================
[15:11:55] PASO 2.5: ARMANDO causas.txt SIMPLIFICADO (cruce contra total_causas_sigemi.txt)
[15:11:55] ================================================================================
[15:11:55]   • Actas vencidas viejas (multas): 102118
[15:11:55]   • Causas totales en el maestro SIGEMI: 134069
[15:11:55]   • Causas que coinciden (simplificado): 101799
[15:11:55]   ✅ Archivo escrito: backend/descargas/causas/causas.txt
[15:11:55] ⏱ PASO 2.5 (causas simplificado): 0.4s
[15:11:55] ================================================================================
[15:11:55] PASO 3: LLENANDO CAUSA_NUMERO (según fecha de cambio de sistema, cruzando por acta + año)
[15:11:55] ================================================================================
[15:11:55] 📊 ESTADÍSTICAS DE LLENADO DE CAUSAS:
[15:11:55]   • Pagos con causa ORIGINAL: 1
[15:11:55]   • Causas encontradas en SIGEMI (actas viejas): 0
[15:11:55]   • Causas NO encontradas en SIGEMI: 0
[15:11:55]   • Causas asignadas automáticamente (actas nuevas): 0
[15:11:55] ⏱ PASO 3 (llenar causas): 0.0s
[15:11:55] ================================================================================
[15:11:55] PASO 4: ORDENANDO POR FECHA Y ACTA_NUMERO
[15:11:55] ================================================================================
[15:11:55] ✓ Pagos ordenados correctamente
[15:11:55]   • Primera entrada: Acta=319653, Fecha=22/05/2026
[15:11:55]   • Última entrada: Acta=319653, Fecha=22/05/2026
[15:11:55] 📝 Escribiendo archivo de salida...
[15:11:55]   ✅ Archivo escrito: backend/descargas/pagos/2026-08-02/PAGOS 20260802 151146.txt
[15:11:55]   ✅ Total registros: 259
[15:11:55] ⏱ PASO 4 (ordenar y escribir): 0.0s
[15:11:55] ================================================================================
[15:11:55] ✅ PROCESO COMPLETADO EXITOSAMENTE
[15:11:55] ================================================================================
[15:11:55] 📊 RESUMEN FINAL DEL PROCESAMIENTO:
[15:11:55]   ENTRADA:
[15:11:55]     • Pagos originales: 19750
[15:11:55]     • Multas SIGEMI cargadas: 102118
[15:11:55]     • Multas SIGI cargadas: 40892
[15:11:55]     • Causas simplificadas (usadas para el cruce): 101799
[15:11:55]   PROCESO:
[15:11:55]     • Pagos rechazados sigemi: 15047
[15:11:55]     • Pagos rechazados sigi: 4702
[15:11:55]   SALIDA:
[15:11:55]     • Pagos desactualizados procesados: 1
[15:11:55]     • Archivo final: backend/descargas/pagos/2026-08-02/PAGOS 20260802 151146.txt
[15:11:55]     • Ordenados por fecha: SÍ ✓
[15:11:55]     • Todos con ACTA_NUMERO: SÍ ✓
[15:11:55]     • Todos con CAUSA_NUMERO: SÍ ✓
[15:11:55] ✅ TXT de pagos (ya cruzado con actas y causas) generado en: backend/descargas/pagos/2026-08-02/PAGOS 20260802 151146.txt
[15:11:55] 🧹 TXT de pagos crudo eliminado (ya usado en el cruce): backend/descargas/pagos/2026-08-02/PAGOS DESCARGADOS.txt
[15:11:55] 🧹 Excel MULTAS_SIGEMI_CRUCE eliminado (ya usado en el cruce): backend/descargas/cache_actas_cruce/MULTAS_SIGEMI_CRUCE.xlsx
[15:11:55] 🧹 Excel MULTAS_SIGI_CRUCE eliminado (ya usado en el cruce): backend/descargas/cache_actas_cruce/MULTAS_SIGI_CRUCE.xlsx
[15:11:55] ✅ CompararActasPaso finalizado. (⏱ 8.9s)
[15:11:55] ✓ [CompararActasPaso] Completado.
[15:11:55] ▶ [CargarPagosPaso] Iniciando...
[15:11:55] ==================================================
[15:11:55] 🚀 PASO: CargarPagosPaso
[15:11:55] ==================================================
[15:11:55] 📤 Subiendo TXT de pagos al SEMyT...
[15:11:57] ✅ Importación de pagos completada con éxito.
[15:11:57] ✅ Archivo TXT de pagos cargado en el SEMyT correctamente.
[15:11:57] ✅ CargarPagosPaso finalizado. (⏱ 1.9s)
[15:11:57] ✓ [CargarPagosPaso] Completado.
[15:11:57] === Ejecución finalizada con éxito ===
