[00:00:04] 🔐 [Automático] Limpieza diaria de sesiones (00:00): se fuerza login nuevo en la próxima corrida.
[00:00:04] 🤖 [Automático] Es hora de actualizar pagos. Arrancando...
[00:00:19] ⏳ [Automático] Tocaba disparar 'pagos' pero ya hay una ejecución en curso (Actualizar pagos); esperando a que termine; se reintenta en breve sin perder el turno.
[00:03:49] 🤖 [Automático] Es hora de actualizar pagos. Arrancando...
[00:04:04] ⏳ [Automático] Tocaba disparar 'pagos' pero ya hay una ejecución en curso (Actualizar pagos); esperando a que termine; se reintenta en breve sin perder el turno.
[00:05:34] ❌ [Automático] 'pagos' falló (intento 1 de 4). Se reintenta a las 00:10.
[00:10:49] 🤖 [Automático] Es hora de actualizar pagos (reintento 1 de 3). Arrancando...
[00:11:04] ⏳ [Automático] Tocaba disparar 'pagos' pero ya hay una ejecución en curso (Actualizar pagos); esperando a que termine; se reintenta en breve sin perder el turno.
[00:11:42] ✅ [Automático] 'pagos' terminó bien en el reintento 1.
[00:13:49] 🤖 [Automático] Es hora de actualizar pagos. Arrancando...
[00:14:04] ⏳ [Automático] Tocaba disparar 'pagos' pero ya hay una ejecución en curso (Actualizar pagos); esperando a que termine; se reintenta en breve sin perder el turno.
[00:16:49] 🤖 [Automático] Es hora de actualizar pagos. Arrancando...
[00:17:04] ⏳ [Automático] Tocaba disparar 'pagos' pero ya hay una ejecución en curso (Actualizar pagos); esperando a que termine; se reintenta en breve sin perder el turno.
[00:19:49] 🤖 [Automático] Es hora de actualizar pagos. Arrancando...
[00:20:04] ⏳ [Automático] Tocaba disparar 'pagos' pero ya hay una ejecución en curso (Actualizar pagos); esperando a que termine; se reintenta en breve sin perder el turno.
[00:22:49] 🤖 [Automático] Es hora de actualizar pagos. Arrancando...
[00:23:04] ⏳ [Automático] Tocaba disparar 'pagos' pero ya hay una ejecución en curso (Actualizar pagos); esperando a que termine; se reintenta en breve sin perder el turno.
[00:25:49] 🤖 [Automático] Es hora de actualizar pagos. Arrancando...
[00:26:04] ⏳ [Automático] Tocaba disparar 'pagos' pero ya hay una ejecución en curso (Actualizar pagos); esperando a que termine; se reintenta en breve sin perder el turno.
[00:28:49] 🤖 [Automático] Es hora de actualizar pagos. Arrancando...
[00:29:04] ⏳ [Automático] Tocaba disparar 'pagos' pero ya hay una ejecución en curso (Actualizar pagos); esperando a que termine; se reintenta en breve sin perder el turno.
[00:31:34] 🤖 [Automático] Es hora de actualizar pagos. Arrancando...
[00:31:49] ⏳ [Automático] Tocaba disparar 'pagos' pero ya hay una ejecución en curso (Actualizar pagos); esperando a que termine; se reintenta en breve sin perder el turno.
[00:34:34] 🤖 [Automático] Es hora de actualizar pagos. Arrancando...
[00:34:49] ⏳ [Automático] Tocaba disparar 'pagos' pero ya hay una ejecución en curso (Actualizar pagos); esperando a que termine; se reintenta en breve sin perder el turno.
[00:37:34] 🤖 [Automático] Es hora de actualizar pagos. Arrancando...
[00:37:49] ⏳ [Automático] Tocaba disparar 'pagos' pero ya hay una ejecución en curso (Actualizar pagos); esperando a que termine; se reintenta en breve sin perder el turno.
[00:40:34] 🤖 [Automático] Es hora de actualizar pagos. Arrancando...
[00:40:49] ⏳ [Automático] Tocaba disparar 'pagos' pero ya hay una ejecución en curso (Actualizar pagos); esperando a que termine; se reintenta en breve sin perder el turno.
[00:43:34] 🤖 [Automático] Es hora de actualizar pagos. Arrancando...
[00:43:49] ⏳ [Automático] Tocaba disparar 'pagos' pero ya hay una ejecución en curso (Actualizar pagos); esperando a que termine; se reintenta en breve sin perder el turno.
[00:46:34] 🤖 [Automático] Es hora de actualizar pagos. Arrancando...
[00:46:49] ⏳ [Automático] Tocaba disparar 'pagos' pero ya hay una ejecución en curso (Actualizar pagos); esperando a que termine; se reintenta en breve sin perder el turno.
[00:49:34] 🤖 [Automático] Es hora de actualizar pagos. Arrancando...
[00:49:49] ⏳ [Automático] Tocaba disparar 'pagos' pero ya hay una ejecución en curso (Actualizar pagos); esperando a que termine; se reintenta en breve sin perder el turno.
[00:52:34] 🤖 [Automático] Es hora de actualizar pagos. Arrancando...
[00:52:49] ⏳ [Automático] Tocaba disparar 'pagos' pero ya hay una ejecución en curso (Actualizar pagos); esperando a que termine; se reintenta en breve sin perder el turno.
[00:55:34] 🤖 [Automático] Es hora de actualizar pagos. Arrancando...
[00:55:49] ⏳ [Automático] Tocaba disparar 'pagos' pero ya hay una ejecución en curso (Actualizar pagos); esperando a que termine; se reintenta en breve sin perder el turno.
[00:58:35] 🤖 [Automático] Es hora de actualizar pagos. Arrancando...
[00:58:50] ⏳ [Automático] Tocaba disparar 'pagos' pero ya hay una ejecución en curso (Actualizar pagos); esperando a que termine; se reintenta en breve sin perder el turno.
[01:01:35] 🤖 [Automático] Es hora de actualizar pagos. Arrancando...
[01:01:50] ⏳ [Automático] Tocaba disparar 'pagos' pero ya hay una ejecución en curso (Actualizar pagos); esperando a que termine; se reintenta en breve sin perder el turno.
[01:04:35] 🤖 [Automático] Es hora de actualizar pagos. Arrancando...
[01:04:50] ⏳ [Automático] Tocaba disparar 'pagos' pero ya hay una ejecución en curso (Actualizar pagos); esperando a que termine; se reintenta en breve sin perder el turno.
[01:07:50] 🤖 [Automático] Es hora de actualizar pagos. Arrancando...
[01:08:05] ⏳ [Automático] Tocaba disparar 'pagos' pero ya hay una ejecución en curso (Actualizar pagos); esperando a que termine; se reintenta en breve sin perder el turno.
[01:10:35] 🤖 [Automático] Es hora de actualizar pagos. Arrancando...
[01:10:50] ⏳ [Automático] Tocaba disparar 'pagos' pero ya hay una ejecución en curso (Actualizar pagos); esperando a que termine; se reintenta en breve sin perder el turno.
[01:13:35] 🤖 [Automático] Es hora de actualizar pagos. Arrancando...
[01:13:50] ⏳ [Automático] Tocaba disparar 'pagos' pero ya hay una ejecución en curso (Actualizar pagos); esperando a que termine; se reintenta en breve sin perder el turno.
[01:16:20] 🤖 [Automático] Es hora de actualizar pagos. Arrancando...
[01:16:35] ⏳ [Automático] Tocaba disparar 'pagos' pero ya hay una ejecución en curso (Actualizar pagos); esperando a que termine; se reintenta en breve sin perder el turno.
[01:19:20] 🤖 [Automático] Es hora de actualizar pagos. Arrancando...
[01:19:35] ⏳ [Automático] Tocaba disparar 'pagos' pero ya hay una ejecución en curso (Actualizar pagos); esperando a que termine; se reintenta en breve sin perder el turno.
[01:22:05] 🤖 [Automático] Es hora de actualizar pagos. Arrancando...
[01:22:20] ⏳ [Automático] Tocaba disparar 'pagos' pero ya hay una ejecución en curso (Actualizar pagos); esperando a que termine; se reintenta en breve sin perder el turno.
[01:25:05] 🤖 [Automático] Es hora de actualizar pagos. Arrancando...
[01:25:20] ⏳ [Automático] Tocaba disparar 'pagos' pero ya hay una ejecución en curso (Actualizar pagos); esperando a que termine; se reintenta en breve sin perder el turno.
[01:27:50] 🤖 [Automático] Es hora de actualizar pagos. Arrancando...
[01:28:05] ⏳ [Automático] Tocaba disparar 'pagos' pero ya hay una ejecución en curso (Actualizar pagos); esperando a que termine; se reintenta en breve sin perder el turno.
[01:30:50] 🤖 [Automático] Es hora de actualizar pagos. Arrancando...
[01:31:05] ⏳ [Automático] Tocaba disparar 'pagos' pero ya hay una ejecución en curso (Actualizar pagos); esperando a que termine; se reintenta en breve sin perder el turno.
[01:33:50] 🤖 [Automático] Es hora de actualizar pagos. Arrancando...
[01:34:05] ⏳ [Automático] Tocaba disparar 'pagos' pero ya hay una ejecución en curso (Actualizar pagos); esperando a que termine; se reintenta en breve sin perder el turno.
[01:36:51] 🤖 [Automático] Es hora de actualizar pagos. Arrancando...
[01:37:06] ⏳ [Automático] Tocaba disparar 'pagos' pero ya hay una ejecución en curso (Actualizar pagos); esperando a que termine; se reintenta en breve sin perder el turno.
[01:39:51] 🤖 [Automático] Es hora de actualizar pagos. Arrancando...
[01:40:06] ⏳ [Automático] Tocaba disparar 'pagos' pero ya hay una ejecución en curso (Actualizar pagos); esperando a que termine; se reintenta en breve sin perder el turno.
[01:42:51] 🤖 [Automático] Es hora de actualizar pagos. Arrancando...
[01:43:06] ⏳ [Automático] Tocaba disparar 'pagos' pero ya hay una ejecución en curso (Actualizar pagos); esperando a que termine; se reintenta en breve sin perder el turno.
[01:45:51] 🤖 [Automático] Es hora de actualizar pagos. Arrancando...
[01:46:06] ⏳ [Automático] Tocaba disparar 'pagos' pero ya hay una ejecución en curso (Actualizar pagos); esperando a que termine; se reintenta en breve sin perder el turno.
[01:48:51] 🤖 [Automático] Es hora de actualizar pagos. Arrancando...
[01:49:06] ⏳ [Automático] Tocaba disparar 'pagos' pero ya hay una ejecución en curso (Actualizar pagos); esperando a que termine; se reintenta en breve sin perder el turno.
[01:51:51] 🤖 [Automático] Es hora de actualizar pagos. Arrancando...
[01:52:06] ⏳ [Automático] Tocaba disparar 'pagos' pero ya hay una ejecución en curso (Actualizar pagos); esperando a que termine; se reintenta en breve sin perder el turno.
[01:54:51] 🤖 [Automático] Es hora de actualizar pagos. Arrancando...
[01:55:06] ⏳ [Automático] Tocaba disparar 'pagos' pero ya hay una ejecución en curso (Actualizar pagos); esperando a que termine; se reintenta en breve sin perder el turno.
[01:57:51] 🤖 [Automático] Es hora de actualizar pagos. Arrancando...
[01:58:06] ⏳ [Automático] Tocaba disparar 'pagos' pero ya hay una ejecución en curso (Actualizar pagos); esperando a que termine; se reintenta en breve sin perder el turno.
[02:00:51] 🤖 [Automático] Es hora de actualizar pagos. Arrancando...
[02:01:06] ⏳ [Automático] Tocaba disparar 'pagos' pero ya hay una ejecución en curso (Actualizar pagos); esperando a que termine; se reintenta en breve sin perder el turno.
[02:03:51] 🤖 [Automático] Es hora de actualizar pagos. Arrancando...
[02:04:06] ⏳ [Automático] Tocaba disparar 'pagos' pero ya hay una ejecución en curso (Actualizar pagos); esperando a que termine; se reintenta en breve sin perder el turno.
[02:06:51] 🤖 [Automático] Es hora de actualizar pagos. Arrancando...
[02:07:06] ⏳ [Automático] Tocaba disparar 'pagos' pero ya hay una ejecución en curso (Actualizar pagos); esperando a que termine; se reintenta en breve sin perder el turno.
[02:09:52] 🤖 [Automático] Es hora de actualizar pagos. Arrancando...
[02:10:07] ⏳ [Automático] Tocaba disparar 'pagos' pero ya hay una ejecución en curso (Actualizar pagos); esperando a que termine; se reintenta en breve sin perder el turno.
[02:12:37] 🤖 [Automático] Es hora de actualizar pagos. Arrancando...
[02:12:52] ⏳ [Automático] Tocaba disparar 'pagos' pero ya hay una ejecución en curso (Actualizar pagos); esperando a que termine; se reintenta en breve sin perder el turno.
[02:15:37] 🤖 [Automático] Es hora de actualizar pagos. Arrancando...
[02:15:52] ⏳ [Automático] Tocaba disparar 'pagos' pero ya hay una ejecución en curso (Actualizar pagos); esperando a que termine; se reintenta en breve sin perder el turno.
[02:18:22] 🤖 [Automático] Es hora de actualizar pagos. Arrancando...
[02:18:37] ⏳ [Automático] Tocaba disparar 'pagos' pero ya hay una ejecución en curso (Actualizar pagos); esperando a que termine; se reintenta en breve sin perder el turno.
[02:21:22] 🤖 [Automático] Es hora de actualizar pagos. Arrancando...
[02:21:37] ⏳ [Automático] Tocaba disparar 'pagos' pero ya hay una ejecución en curso (Actualizar pagos); esperando a que termine; se reintenta en breve sin perder el turno.
[02:24:22] 🤖 [Automático] Es hora de actualizar pagos. Arrancando...
[02:24:37] ⏳ [Automático] Tocaba disparar 'pagos' pero ya hay una ejecución en curso (Actualizar pagos); esperando a que termine; se reintenta en breve sin perder el turno.
[02:27:22] 🤖 [Automático] Es hora de actualizar pagos. Arrancando...
[02:27:37] ⏳ [Automático] Tocaba disparar 'pagos' pero ya hay una ejecución en curso (Actualizar pagos); esperando a que termine; se reintenta en breve sin perder el turno.
[02:30:22] 🤖 [Automático] Es hora de actualizar pagos. Arrancando...
[02:30:37] ⏳ [Automático] Tocaba disparar 'pagos' pero ya hay una ejecución en curso (Actualizar pagos); esperando a que termine; se reintenta en breve sin perder el turno.
[02:33:22] 🤖 [Automático] Es hora de actualizar pagos. Arrancando...
[02:33:37] ⏳ [Automático] Tocaba disparar 'pagos' pero ya hay una ejecución en curso (Actualizar pagos); esperando a que termine; se reintenta en breve sin perder el turno.
[02:36:22] 🤖 [Automático] Es hora de actualizar pagos. Arrancando...
[02:36:37] ⏳ [Automático] Tocaba disparar 'pagos' pero ya hay una ejecución en curso (Actualizar pagos); esperando a que termine; se reintenta en breve sin perder el turno.
[02:39:22] 🤖 [Automático] Es hora de actualizar pagos. Arrancando...
[02:39:37] ⏳ [Automático] Tocaba disparar 'pagos' pero ya hay una ejecución en curso (Actualizar pagos); esperando a que termine; se reintenta en breve sin perder el turno.
[02:42:23] 🤖 [Automático] Es hora de actualizar pagos. Arrancando...
[02:42:38] ⏳ [Automático] Tocaba disparar 'pagos' pero ya hay una ejecución en curso (Actualizar pagos); esperando a que termine; se reintenta en breve sin perder el turno.
[02:45:23] 🤖 [Automático] Es hora de actualizar pagos. Arrancando...
[02:45:38] ⏳ [Automático] Tocaba disparar 'pagos' pero ya hay una ejecución en curso (Actualizar pagos); esperando a que termine; se reintenta en breve sin perder el turno.
[02:48:08] 🤖 [Automático] Es hora de actualizar pagos. Arrancando...
[02:48:23] ⏳ [Automático] Tocaba disparar 'pagos' pero ya hay una ejecución en curso (Actualizar pagos); esperando a que termine; se reintenta en breve sin perder el turno.
[02:51:08] 🤖 [Automático] Es hora de actualizar pagos. Arrancando...
[02:51:23] ⏳ [Automático] Tocaba disparar 'pagos' pero ya hay una ejecución en curso (Actualizar pagos); esperando a que termine; se reintenta en breve sin perder el turno.
[02:53:53] 🤖 [Automático] Es hora de actualizar pagos. Arrancando...
[02:54:08] ⏳ [Automático] Tocaba disparar 'pagos' pero ya hay una ejecución en curso (Actualizar pagos); esperando a que termine; se reintenta en breve sin perder el turno.
[02:56:53] 🤖 [Automático] Es hora de actualizar pagos. Arrancando...
[02:57:08] ⏳ [Automático] Tocaba disparar 'pagos' pero ya hay una ejecución en curso (Actualizar pagos); esperando a que termine; se reintenta en breve sin perder el turno.
[02:59:38] 🤖 [Automático] Es hora de actualizar pagos. Arrancando...
[02:59:53] ⏳ [Automático] Tocaba disparar 'pagos' pero ya hay una ejecución en curso (Actualizar pagos); esperando a que termine; se reintenta en breve sin perder el turno.
[03:02:38] 🤖 [Automático] Es hora de actualizar pagos. Arrancando...
[03:02:53] ⏳ [Automático] Tocaba disparar 'pagos' pero ya hay una ejecución en curso (Actualizar pagos); esperando a que termine; se reintenta en breve sin perder el turno.
[03:05:38] 🤖 [Automático] Es hora de actualizar pagos. Arrancando...
[03:05:53] ⏳ [Automático] Tocaba disparar 'pagos' pero ya hay una ejecución en curso (Actualizar pagos); esperando a que termine; se reintenta en breve sin perder el turno.
[03:08:38] 🤖 [Automático] Es hora de actualizar pagos. Arrancando...
[03:08:53] ⏳ [Automático] Tocaba disparar 'pagos' pero ya hay una ejecución en curso (Actualizar pagos); esperando a que termine; se reintenta en breve sin perder el turno.
[03:11:24] 🤖 [Automático] Es hora de actualizar pagos. Arrancando...
[03:11:39] ⏳ [Automático] Tocaba disparar 'pagos' pero ya hay una ejecución en curso (Actualizar pagos); esperando a que termine; se reintenta en breve sin perder el turno.
[03:14:24] 🤖 [Automático] Es hora de actualizar pagos. Arrancando...
[03:14:39] ⏳ [Automático] Tocaba disparar 'pagos' pero ya hay una ejecución en curso (Actualizar pagos); esperando a que termine; se reintenta en breve sin perder el turno.
[03:17:09] 🤖 [Automático] Es hora de actualizar pagos. Arrancando...
[03:17:24] ⏳ [Automático] Tocaba disparar 'pagos' pero ya hay una ejecución en curso (Actualizar pagos); esperando a que termine; se reintenta en breve sin perder el turno.
[03:20:09] 🤖 [Automático] Es hora de actualizar pagos. Arrancando...
[03:20:24] ⏳ [Automático] Tocaba disparar 'pagos' pero ya hay una ejecución en curso (Actualizar pagos); esperando a que termine; se reintenta en breve sin perder el turno.
[03:23:09] 🤖 [Automático] Es hora de actualizar pagos. Arrancando...
[03:23:24] ⏳ [Automático] Tocaba disparar 'pagos' pero ya hay una ejecución en curso (Actualizar pagos); esperando a que termine; se reintenta en breve sin perder el turno.
[03:26:09] 🤖 [Automático] Es hora de actualizar pagos. Arrancando...
[03:26:24] ⏳ [Automático] Tocaba disparar 'pagos' pero ya hay una ejecución en curso (Actualizar pagos); esperando a que termine; se reintenta en breve sin perder el turno.
[03:28:54] 🤖 [Automático] Es hora de actualizar pagos. Arrancando...
[03:29:09] ⏳ [Automático] Tocaba disparar 'pagos' pero ya hay una ejecución en curso (Actualizar pagos); esperando a que termine; se reintenta en breve sin perder el turno.
[03:31:54] 🤖 [Automático] Es hora de actualizar pagos. Arrancando...
[03:32:09] ⏳ [Automático] Tocaba disparar 'pagos' pero ya hay una ejecución en curso (Actualizar pagos); esperando a que termine; se reintenta en breve sin perder el turno.
[03:34:54] 🤖 [Automático] Es hora de actualizar pagos. Arrancando...
[03:35:09] ⏳ [Automático] Tocaba disparar 'pagos' pero ya hay una ejecución en curso (Actualizar pagos); esperando a que termine; se reintenta en breve sin perder el turno.
[03:37:54] 🤖 [Automático] Es hora de actualizar pagos. Arrancando...
[03:38:09] ⏳ [Automático] Tocaba disparar 'pagos' pero ya hay una ejecución en curso (Actualizar pagos); esperando a que termine; se reintenta en breve sin perder el turno.
[03:40:54] 🤖 [Automático] Es hora de actualizar pagos. Arrancando...
[03:41:09] ⏳ [Automático] Tocaba disparar 'pagos' pero ya hay una ejecución en curso (Actualizar pagos); esperando a que termine; se reintenta en breve sin perder el turno.
[03:43:55] 🤖 [Automático] Es hora de actualizar pagos. Arrancando...
[03:44:10] ⏳ [Automático] Tocaba disparar 'pagos' pero ya hay una ejecución en curso (Actualizar pagos); esperando a que termine; se reintenta en breve sin perder el turno.
[03:46:40] 🤖 [Automático] Es hora de actualizar pagos. Arrancando...
[03:46:55] ⏳ [Automático] Tocaba disparar 'pagos' pero ya hay una ejecución en curso (Actualizar pagos); esperando a que termine; se reintenta en breve sin perder el turno.
[03:49:40] 🤖 [Automático] Es hora de actualizar pagos. Arrancando...
[03:49:55] ⏳ [Automático] Tocaba disparar 'pagos' pero ya hay una ejecución en curso (Actualizar pagos); esperando a que termine; se reintenta en breve sin perder el turno.
[03:52:40] 🤖 [Automático] Es hora de actualizar pagos. Arrancando...
[03:52:55] ⏳ [Automático] Tocaba disparar 'pagos' pero ya hay una ejecución en curso (Actualizar pagos); esperando a que termine; se reintenta en breve sin perder el turno.
[03:55:40] 🤖 [Automático] Es hora de actualizar pagos. Arrancando...
[03:55:55] ⏳ [Automático] Tocaba disparar 'pagos' pero ya hay una ejecución en curso (Actualizar pagos); esperando a que termine; se reintenta en breve sin perder el turno.
[03:58:40] 🤖 [Automático] Es hora de actualizar pagos. Arrancando...
[03:58:55] ⏳ [Automático] Tocaba disparar 'pagos' pero ya hay una ejecución en curso (Actualizar pagos); esperando a que termine; se reintenta en breve sin perder el turno.
[04:01:40] 🤖 [Automático] Es hora de actualizar pagos. Arrancando...
[04:01:55] ⏳ [Automático] Tocaba disparar 'pagos' pero ya hay una ejecución en curso (Actualizar pagos); esperando a que termine; se reintenta en breve sin perder el turno.
[04:04:40] 🤖 [Automático] Es hora de actualizar pagos. Arrancando...
[04:04:55] ⏳ [Automático] Tocaba disparar 'pagos' pero ya hay una ejecución en curso (Actualizar pagos); esperando a que termine; se reintenta en breve sin perder el turno.
[04:07:40] 🤖 [Automático] Es hora de actualizar pagos. Arrancando...
[04:07:55] ⏳ [Automático] Tocaba disparar 'pagos' pero ya hay una ejecución en curso (Actualizar pagos); esperando a que termine; se reintenta en breve sin perder el turno.
[04:10:25] 🤖 [Automático] Es hora de actualizar pagos. Arrancando...
[04:10:40] ⏳ [Automático] Tocaba disparar 'pagos' pero ya hay una ejecución en curso (Actualizar pagos); esperando a que termine; se reintenta en breve sin perder el turno.
[04:13:26] 🤖 [Automático] Es hora de actualizar pagos. Arrancando...
[04:13:41] ⏳ [Automático] Tocaba disparar 'pagos' pero ya hay una ejecución en curso (Actualizar pagos); esperando a que termine; se reintenta en breve sin perder el turno.
[04:16:11] 🤖 [Automático] Es hora de actualizar pagos. Arrancando...
[04:16:26] ⏳ [Automático] Tocaba disparar 'pagos' pero ya hay una ejecución en curso (Actualizar pagos); esperando a que termine; se reintenta en breve sin perder el turno.
[04:18:56] 🤖 [Automático] Es hora de actualizar pagos. Arrancando...
[04:19:11] ⏳ [Automático] Tocaba disparar 'pagos' pero ya hay una ejecución en curso (Actualizar pagos); esperando a que termine; se reintenta en breve sin perder el turno.
[04:21:56] 🤖 [Automático] Es hora de actualizar pagos. Arrancando...
[04:22:11] ⏳ [Automático] Tocaba disparar 'pagos' pero ya hay una ejecución en curso (Actualizar pagos); esperando a que termine; se reintenta en breve sin perder el turno.
[04:24:41] 🤖 [Automático] Es hora de actualizar pagos. Arrancando...
[04:24:56] ⏳ [Automático] Tocaba disparar 'pagos' pero ya hay una ejecución en curso (Actualizar pagos); esperando a que termine; se reintenta en breve sin perder el turno.
[04:27:26] 🤖 [Automático] Es hora de actualizar pagos. Arrancando...
[04:27:41] ⏳ [Automático] Tocaba disparar 'pagos' pero ya hay una ejecución en curso (Actualizar pagos); esperando a que termine; se reintenta en breve sin perder el turno.
[04:30:26] 🤖 [Automático] Es hora de actualizar pagos. Arrancando...
[04:30:41] ⏳ [Automático] Tocaba disparar 'pagos' pero ya hay una ejecución en curso (Actualizar pagos); esperando a que termine; se reintenta en breve sin perder el turno.
[04:32:11] ❌ [Automático] 'pagos' falló (intento 1 de 4). Se reintenta a las 04:37.
[04:37:11] 🤖 [Automático] Es hora de actualizar pagos (reintento 1 de 3). Arrancando...
[04:37:26] ⏳ [Automático] Tocaba disparar 'pagos' pero ya hay una ejecución en curso (Actualizar pagos); esperando a que termine; se reintenta en breve sin perder el turno.
[04:38:05] ✅ [Automático] 'pagos' terminó bien en el reintento 1.
[04:40:11] 🤖 [Automático] Es hora de actualizar pagos. Arrancando...
[04:40:26] ⏳ [Automático] Tocaba disparar 'pagos' pero ya hay una ejecución en curso (Actualizar pagos); esperando a que termine; se reintenta en breve sin perder el turno.
[04:43:11] 🤖 [Automático] Es hora de actualizar pagos. Arrancando...
[04:43:26] ⏳ [Automático] Tocaba disparar 'pagos' pero ya hay una ejecución en curso (Actualizar pagos); esperando a que termine; se reintenta en breve sin perder el turno.
[04:44:56] ❌ [Automático] 'pagos' falló (intento 1 de 4). Se reintenta a las 04:49.
[04:49:57] 🤖 [Automático] Es hora de actualizar pagos (reintento 1 de 3). Arrancando...
[04:50:12] ⏳ [Automático] Tocaba disparar 'pagos' pero ya hay una ejecución en curso (Actualizar pagos); esperando a que termine; se reintenta en breve sin perder el turno.
[04:50:51] ✅ [Automático] 'pagos' terminó bien en el reintento 1.
[04:52:57] 🤖 [Automático] Es hora de actualizar pagos. Arrancando...
[04:53:12] ⏳ [Automático] Tocaba disparar 'pagos' pero ya hay una ejecución en curso (Actualizar pagos); esperando a que termine; se reintenta en breve sin perder el turno.
[04:55:57] 🤖 [Automático] Es hora de actualizar pagos. Arrancando...
[04:56:12] ⏳ [Automático] Tocaba disparar 'pagos' pero ya hay una ejecución en curso (Actualizar pagos); esperando a que termine; se reintenta en breve sin perder el turno.
[04:58:57] 🤖 [Automático] Es hora de actualizar pagos. Arrancando...
[04:59:12] ⏳ [Automático] Tocaba disparar 'pagos' pero ya hay una ejecución en curso (Actualizar pagos); esperando a que termine; se reintenta en breve sin perder el turno.
[05:01:57] 🤖 [Automático] Es hora de actualizar pagos. Arrancando...
[05:02:12] ⏳ [Automático] Tocaba disparar 'pagos' pero ya hay una ejecución en curso (Actualizar pagos); esperando a que termine; se reintenta en breve sin perder el turno.
[05:04:57] 🤖 [Automático] Es hora de actualizar pagos. Arrancando...
[05:05:12] ⏳ [Automático] Tocaba disparar 'pagos' pero ya hay una ejecución en curso (Actualizar pagos); esperando a que termine; se reintenta en breve sin perder el turno.
[05:07:57] 🤖 [Automático] Es hora de actualizar pagos. Arrancando...
[05:08:12] ⏳ [Automático] Tocaba disparar 'pagos' pero ya hay una ejecución en curso (Actualizar pagos); esperando a que termine; se reintenta en breve sin perder el turno.
[05:10:42] 🤖 [Automático] Es hora de actualizar pagos. Arrancando...
[05:10:57] ⏳ [Automático] Tocaba disparar 'pagos' pero ya hay una ejecución en curso (Actualizar pagos); esperando a que termine; se reintenta en breve sin perder el turno.
[05:13:27] 🤖 [Automático] Es hora de actualizar pagos. Arrancando...
[05:13:42] ⏳ [Automático] Tocaba disparar 'pagos' pero ya hay una ejecución en curso (Actualizar pagos); esperando a que termine; se reintenta en breve sin perder el turno.
[05:16:12] 🤖 [Automático] Es hora de actualizar pagos. Arrancando...
[05:16:27] ⏳ [Automático] Tocaba disparar 'pagos' pero ya hay una ejecución en curso (Actualizar pagos); esperando a que termine; se reintenta en breve sin perder el turno.
[05:19:12] 🤖 [Automático] Es hora de actualizar pagos. Arrancando...
[05:19:27] ⏳ [Automático] Tocaba disparar 'pagos' pero ya hay una ejecución en curso (Actualizar pagos); esperando a que termine; se reintenta en breve sin perder el turno.
[05:22:13] 🤖 [Automático] Es hora de actualizar pagos. Arrancando...
[05:22:28] ⏳ [Automático] Tocaba disparar 'pagos' pero ya hay una ejecución en curso (Actualizar pagos); esperando a que termine; se reintenta en breve sin perder el turno.
[05:25:13] 🤖 [Automático] Es hora de actualizar pagos. Arrancando...
[05:25:28] ⏳ [Automático] Tocaba disparar 'pagos' pero ya hay una ejecución en curso (Actualizar pagos); esperando a que termine; se reintenta en breve sin perder el turno.
[05:28:13] 🤖 [Automático] Es hora de actualizar pagos. Arrancando...
[05:28:28] ⏳ [Automático] Tocaba disparar 'pagos' pero ya hay una ejecución en curso (Actualizar pagos); esperando a que termine; se reintenta en breve sin perder el turno.
[05:31:13] 🤖 [Automático] Es hora de actualizar pagos. Arrancando...
[05:31:28] ⏳ [Automático] Tocaba disparar 'pagos' pero ya hay una ejecución en curso (Actualizar pagos); esperando a que termine; se reintenta en breve sin perder el turno.
[05:34:13] 🤖 [Automático] Es hora de actualizar pagos. Arrancando...
[05:34:28] ⏳ [Automático] Tocaba disparar 'pagos' pero ya hay una ejecución en curso (Actualizar pagos); esperando a que termine; se reintenta en breve sin perder el turno.
[05:37:13] 🤖 [Automático] Es hora de actualizar pagos. Arrancando...
[05:37:28] ⏳ [Automático] Tocaba disparar 'pagos' pero ya hay una ejecución en curso (Actualizar pagos); esperando a que termine; se reintenta en breve sin perder el turno.
[05:40:13] 🤖 [Automático] Es hora de actualizar pagos. Arrancando...
[05:40:28] ⏳ [Automático] Tocaba disparar 'pagos' pero ya hay una ejecución en curso (Actualizar pagos); esperando a que termine; se reintenta en breve sin perder el turno.
[05:43:13] 🤖 [Automático] Es hora de actualizar pagos. Arrancando...
[05:43:28] ⏳ [Automático] Tocaba disparar 'pagos' pero ya hay una ejecución en curso (Actualizar pagos); esperando a que termine; se reintenta en breve sin perder el turno.
[05:45:58] 🤖 [Automático] Es hora de actualizar pagos. Arrancando...
[05:46:13] ⏳ [Automático] Tocaba disparar 'pagos' pero ya hay una ejecución en curso (Actualizar pagos); esperando a que termine; se reintenta en breve sin perder el turno.
[05:48:43] 🤖 [Automático] Es hora de actualizar pagos. Arrancando...
[05:48:58] ⏳ [Automático] Tocaba disparar 'pagos' pero ya hay una ejecución en curso (Actualizar pagos); esperando a que termine; se reintenta en breve sin perder el turno.
[05:51:29] 🤖 [Automático] Es hora de actualizar pagos. Arrancando...
[05:51:44] ⏳ [Automático] Tocaba disparar 'pagos' pero ya hay una ejecución en curso (Actualizar pagos); esperando a que termine; se reintenta en breve sin perder el turno.
[05:54:29] 🤖 [Automático] Es hora de actualizar pagos. Arrancando...
[05:54:44] ⏳ [Automático] Tocaba disparar 'pagos' pero ya hay una ejecución en curso (Actualizar pagos); esperando a que termine; se reintenta en breve sin perder el turno.
[05:57:29] 🤖 [Automático] Es hora de actualizar pagos. Arrancando...
[05:57:44] ⏳ [Automático] Tocaba disparar 'pagos' pero ya hay una ejecución en curso (Actualizar pagos); esperando a que termine; se reintenta en breve sin perder el turno.
[06:00:14] 🤖 [Automático] Es hora de actualizar pagos. Arrancando...
[06:00:29] ⏳ [Automático] Tocaba disparar 'pagos' pero ya hay una ejecución en curso (Actualizar pagos); esperando a que termine; se reintenta en breve sin perder el turno.
[06:03:14] 🤖 [Automático] Es hora de actualizar pagos. Arrancando...
[06:03:29] ⏳ [Automático] Tocaba disparar 'pagos' pero ya hay una ejecución en curso (Actualizar pagos); esperando a que termine; se reintenta en breve sin perder el turno.
[06:05:59] 🤖 [Automático] Es hora de actualizar pagos. Arrancando...
[06:06:14] ⏳ [Automático] Tocaba disparar 'pagos' pero ya hay una ejecución en curso (Actualizar pagos); esperando a que termine; se reintenta en breve sin perder el turno.
[06:08:44] 🤖 [Automático] Es hora de actualizar pagos. Arrancando...
[06:08:59] ⏳ [Automático] Tocaba disparar 'pagos' pero ya hay una ejecución en curso (Actualizar pagos); esperando a que termine; se reintenta en breve sin perder el turno.
[06:11:29] 🤖 [Automático] Es hora de actualizar pagos. Arrancando...
[06:11:44] ⏳ [Automático] Tocaba disparar 'pagos' pero ya hay una ejecución en curso (Actualizar pagos); esperando a que termine; se reintenta en breve sin perder el turno.
[06:14:14] 🤖 [Automático] Es hora de actualizar pagos. Arrancando...
[06:14:29] ⏳ [Automático] Tocaba disparar 'pagos' pero ya hay una ejecución en curso (Actualizar pagos); esperando a que termine; se reintenta en breve sin perder el turno.
[06:16:59] 🤖 [Automático] Es hora de actualizar pagos. Arrancando...
[06:17:14] ⏳ [Automático] Tocaba disparar 'pagos' pero ya hay una ejecución en curso (Actualizar pagos); esperando a que termine; se reintenta en breve sin perder el turno.
[06:19:44] 🤖 [Automático] Es hora de actualizar pagos. Arrancando...
[06:19:59] ⏳ [Automático] Tocaba disparar 'pagos' pero ya hay una ejecución en curso (Actualizar pagos); esperando a que termine; se reintenta en breve sin perder el turno.
[06:22:29] 🤖 [Automático] Es hora de actualizar pagos. Arrancando...
[06:22:44] ⏳ [Automático] Tocaba disparar 'pagos' pero ya hay una ejecución en curso (Actualizar pagos); esperando a que termine; se reintenta en breve sin perder el turno.
[06:25:15] 🤖 [Automático] Es hora de actualizar pagos. Arrancando...
[06:25:30] ⏳ [Automático] Tocaba disparar 'pagos' pero ya hay una ejecución en curso (Actualizar pagos); esperando a que termine; se reintenta en breve sin perder el turno.
[06:28:00] 🤖 [Automático] Es hora de actualizar pagos. Arrancando...
[06:28:15] ⏳ [Automático] Tocaba disparar 'pagos' pero ya hay una ejecución en curso (Actualizar pagos); esperando a que termine; se reintenta en breve sin perder el turno.
[06:30:45] 🤖 [Automático] Es hora de actualizar pagos. Arrancando...
[06:31:00] ⏳ [Automático] Tocaba disparar 'pagos' pero ya hay una ejecución en curso (Actualizar pagos); esperando a que termine; se reintenta en breve sin perder el turno.
[06:33:30] 🤖 [Automático] Es hora de actualizar pagos. Arrancando...
[06:33:45] ⏳ [Automático] Tocaba disparar 'pagos' pero ya hay una ejecución en curso (Actualizar pagos); esperando a que termine; se reintenta en breve sin perder el turno.
[06:36:15] 🤖 [Automático] Es hora de actualizar pagos. Arrancando...
[06:36:30] ⏳ [Automático] Tocaba disparar 'pagos' pero ya hay una ejecución en curso (Actualizar pagos); esperando a que termine; se reintenta en breve sin perder el turno.
[06:39:15] 🤖 [Automático] Es hora de actualizar pagos. Arrancando...
[06:39:30] ⏳ [Automático] Tocaba disparar 'pagos' pero ya hay una ejecución en curso (Actualizar pagos); esperando a que termine; se reintenta en breve sin perder el turno.
[06:42:00] 🤖 [Automático] Es hora de actualizar pagos. Arrancando...
[06:42:15] ⏳ [Automático] Tocaba disparar 'pagos' pero ya hay una ejecución en curso (Actualizar pagos); esperando a que termine; se reintenta en breve sin perder el turno.
[06:45:00] 🤖 [Automático] Es hora de actualizar pagos. Arrancando...
[06:45:15] ⏳ [Automático] Tocaba disparar 'pagos' pero ya hay una ejecución en curso (Actualizar pagos); esperando a que termine; se reintenta en breve sin perder el turno.
[06:47:45] 🤖 [Automático] Es hora de actualizar pagos. Arrancando...
[06:48:00] ⏳ [Automático] Tocaba disparar 'pagos' pero ya hay una ejecución en curso (Actualizar pagos); esperando a que termine; se reintenta en breve sin perder el turno.
[07:03:50] 🤖 [Automático] Es hora de actualizar pagos. Arrancando...
[07:03:51] ❌ [Automático] 'pagos' falló (intento 1 de 4). Se reintenta a las 07:08.
[07:14:17] 🤖 [Automático] Es hora de actualizar pagos (reintento 1 de 3). Arrancando...
[07:14:32] ⏳ [Automático] Tocaba disparar 'pagos' pero ya hay una ejecución en curso (Actualizar pagos); esperando a que termine; se reintenta en breve sin perder el turno.
[07:17:18] ❌ [Automático] 'pagos' falló (intento 2 de 4). Se reintenta a las 07:32.
[07:32:22] 🤖 [Automático] Es hora de actualizar pagos (reintento 2 de 3). Arrancando...
[07:32:37] ⏳ [Automático] Tocaba disparar 'pagos' pero ya hay una ejecución en curso (Actualizar pagos); esperando a que termine; se reintenta en breve sin perder el turno.
[07:33:20] ✅ [Automático] 'pagos' terminó bien en el reintento 2.
[07:35:22] 🤖 [Automático] Es hora de actualizar pagos. Arrancando...
[07:35:37] ⏳ [Automático] Tocaba disparar 'pagos' pero ya hay una ejecución en curso (Actualizar pagos); esperando a que termine; se reintenta en breve sin perder el turno.
[07:38:22] 🤖 [Automático] Es hora de actualizar pagos. Arrancando...
[07:38:37] ⏳ [Automático] Tocaba disparar 'pagos' pero ya hay una ejecución en curso (Actualizar pagos); esperando a que termine; se reintenta en breve sin perder el turno.
[07:41:37] 🤖 [Automático] Es hora de actualizar pagos. Arrancando...
[07:41:52] ⏳ [Automático] Tocaba disparar 'pagos' pero ya hay una ejecución en curso (Actualizar pagos); esperando a que termine; se reintenta en breve sin perder el turno.
[07:44:37] 🤖 [Automático] Es hora de actualizar pagos. Arrancando...
[07:44:52] ⏳ [Automático] Tocaba disparar 'pagos' pero ya hay una ejecución en curso (Actualizar pagos); esperando a que termine; se reintenta en breve sin perder el turno.
[07:47:37] 🤖 [Automático] Es hora de actualizar pagos. Arrancando...
[07:47:52] ⏳ [Automático] Tocaba disparar 'pagos' pero ya hay una ejecución en curso (Actualizar pagos); esperando a que termine; se reintenta en breve sin perder el turno.
[07:50:37] 🤖 [Automático] Es hora de actualizar pagos. Arrancando...
[07:50:52] ⏳ [Automático] Tocaba disparar 'pagos' pero ya hay una ejecución en curso (Actualizar pagos); esperando a que termine; se reintenta en breve sin perder el turno.
[07:53:53] 🤖 [Automático] Es hora de actualizar pagos. Arrancando...
[07:54:08] ⏳ [Automático] Tocaba disparar 'pagos' pero ya hay una ejecución en curso (Actualizar pagos); esperando a que termine; se reintenta en breve sin perder el turno.
[07:57:08] 🤖 [Automático] Es hora de actualizar pagos. Arrancando...
[07:57:23] ⏳ [Automático] Tocaba disparar 'pagos' pero ya hay una ejecución en curso (Actualizar pagos); esperando a que termine; se reintenta en breve sin perder el turno.
[08:00:23] 🤖 [Automático] Es hora de actualizar pagos. Arrancando...
[08:00:38] ⏳ [Automático] Tocaba disparar 'pagos' pero ya hay una ejecución en curso (Actualizar pagos); esperando a que termine; se reintenta en breve sin perder el turno.
[08:03:23] 🤖 [Automático] Es hora de actualizar pagos. Arrancando...
[08:03:38] ⏳ [Automático] Tocaba disparar 'pagos' pero ya hay una ejecución en curso (Actualizar pagos); esperando a que termine; se reintenta en breve sin perder el turno.
[08:06:23] 🤖 [Automático] Es hora de actualizar pagos. Arrancando...
[08:06:38] ⏳ [Automático] Tocaba disparar 'pagos' pero ya hay una ejecución en curso (Actualizar pagos); esperando a que termine; se reintenta en breve sin perder el turno.
[08:09:23] 🤖 [Automático] Es hora de actualizar pagos. Arrancando...
[08:09:38] ⏳ [Automático] Tocaba disparar 'pagos' pero ya hay una ejecución en curso (Actualizar pagos); esperando a que termine; se reintenta en breve sin perder el turno.
[08:12:38] 🤖 [Automático] Es hora de actualizar pagos. Arrancando...
[08:12:53] ⏳ [Automático] Tocaba disparar 'pagos' pero ya hay una ejecución en curso (Actualizar pagos); esperando a que termine; se reintenta en breve sin perder el turno.
[08:15:53] 🤖 [Automático] Es hora de actualizar pagos. Arrancando...
[08:16:08] ⏳ [Automático] Tocaba disparar 'pagos' pero ya hay una ejecución en curso (Actualizar pagos); esperando a que termine; se reintenta en breve sin perder el turno.
[08:19:08] 🤖 [Automático] Es hora de actualizar pagos. Arrancando...
[08:19:23] ⏳ [Automático] Tocaba disparar 'pagos' pero ya hay una ejecución en curso (Actualizar pagos); esperando a que termine; se reintenta en breve sin perder el turno.
[08:22:23] 🤖 [Automático] Es hora de actualizar pagos. Arrancando...
[08:22:38] ⏳ [Automático] Tocaba disparar 'pagos' pero ya hay una ejecución en curso (Actualizar pagos); esperando a que termine; se reintenta en breve sin perder el turno.
[08:25:38] 🤖 [Automático] Es hora de actualizar pagos. Arrancando...
[08:25:53] ⏳ [Automático] Tocaba disparar 'pagos' pero ya hay una ejecución en curso (Actualizar pagos); esperando a que termine; se reintenta en breve sin perder el turno.
[08:28:38] 🤖 [Automático] Es hora de actualizar pagos. Arrancando...
[08:28:53] ⏳ [Automático] Tocaba disparar 'pagos' pero ya hay una ejecución en curso (Actualizar pagos); esperando a que termine; se reintenta en breve sin perder el turno.
[08:32:08] 🤖 [Automático] Es hora de actualizar pagos. Arrancando...
[08:32:23] ⏳ [Automático] Tocaba disparar 'pagos' pero ya hay una ejecución en curso (Actualizar pagos); esperando a que termine; se reintenta en breve sin perder el turno.
[08:35:23] 🤖 [Automático] Es hora de actualizar pagos. Arrancando...
[08:35:38] ⏳ [Automático] Tocaba disparar 'pagos' pero ya hay una ejecución en curso (Actualizar pagos); esperando a que termine; se reintenta en breve sin perder el turno.
[08:38:38] 🤖 [Automático] Es hora de actualizar pagos. Arrancando...
[08:38:53] ⏳ [Automático] Tocaba disparar 'pagos' pero ya hay una ejecución en curso (Actualizar pagos); esperando a que termine; se reintenta en breve sin perder el turno.
[08:41:54] 🤖 [Automático] Es hora de actualizar pagos. Arrancando...
[08:42:09] ⏳ [Automático] Tocaba disparar 'pagos' pero ya hay una ejecución en curso (Actualizar pagos); esperando a que termine; se reintenta en breve sin perder el turno.
[08:45:09] 🤖 [Automático] Es hora de actualizar pagos. Arrancando...
[08:45:24] ⏳ [Automático] Tocaba disparar 'pagos' pero ya hay una ejecución en curso (Actualizar pagos); esperando a que termine; se reintenta en breve sin perder el turno.
[08:48:09] 🤖 [Automático] Es hora de actualizar pagos. Arrancando...
[08:48:24] ⏳ [Automático] Tocaba disparar 'pagos' pero ya hay una ejecución en curso (Actualizar pagos); esperando a que termine; se reintenta en breve sin perder el turno.
[08:51:24] 🤖 [Automático] Es hora de actualizar pagos. Arrancando...
[08:51:39] ⏳ [Automático] Tocaba disparar 'pagos' pero ya hay una ejecución en curso (Actualizar pagos); esperando a que termine; se reintenta en breve sin perder el turno.
[08:55:24] 🤖 [Automático] Es hora de actualizar pagos. Arrancando...
[08:55:39] ⏳ [Automático] Tocaba disparar 'pagos' pero ya hay una ejecución en curso (Actualizar pagos); esperando a que termine; se reintenta en breve sin perder el turno.
[08:58:54] 🤖 [Automático] Es hora de actualizar pagos. Arrancando...
[08:59:09] ⏳ [Automático] Tocaba disparar 'pagos' pero ya hay una ejecución en curso (Actualizar pagos); esperando a que termine; se reintenta en breve sin perder el turno.
[09:02:24] 🤖 [Automático] Es hora de actualizar pagos. Arrancando...
[09:02:39] ⏳ [Automático] Tocaba disparar 'pagos' pero ya hay una ejecución en curso (Actualizar pagos); esperando a que termine; se reintenta en breve sin perder el turno.
[09:05:39] 🤖 [Automático] Es hora de actualizar pagos. Arrancando...
[09:05:54] ⏳ [Automático] Tocaba disparar 'pagos' pero ya hay una ejecución en curso (Actualizar pagos); esperando a que termine; se reintenta en breve sin perder el turno.
[09:09:09] 🤖 [Automático] Es hora de actualizar pagos. Arrancando...
[09:09:24] ⏳ [Automático] Tocaba disparar 'pagos' pero ya hay una ejecución en curso (Actualizar pagos); esperando a que termine; se reintenta en breve sin perder el turno.
[09:12:24] 🤖 [Automático] Es hora de actualizar pagos. Arrancando...
[09:12:39] ⏳ [Automático] Tocaba disparar 'pagos' pero ya hay una ejecución en curso (Actualizar pagos); esperando a que termine; se reintenta en breve sin perder el turno.
[09:16:09] 🤖 [Automático] Es hora de actualizar pagos. Arrancando...
[09:16:24] ⏳ [Automático] Tocaba disparar 'pagos' pero ya hay una ejecución en curso (Actualizar pagos); esperando a que termine; se reintenta en breve sin perder el turno.
[09:19:24] 🤖 [Automático] Es hora de actualizar pagos. Arrancando...
[09:19:39] ⏳ [Automático] Tocaba disparar 'pagos' pero ya hay una ejecución en curso (Actualizar pagos); esperando a que termine; se reintenta en breve sin perder el turno.
[09:23:09] 🤖 [Automático] Es hora de actualizar pagos. Arrancando...
[09:23:24] ⏳ [Automático] Tocaba disparar 'pagos' pero ya hay una ejecución en curso (Actualizar pagos); esperando a que termine; se reintenta en breve sin perder el turno.
[09:26:25] 🤖 [Automático] Es hora de actualizar pagos. Arrancando...
[09:26:40] ⏳ [Automático] Tocaba disparar 'pagos' pero ya hay una ejecución en curso (Actualizar pagos); esperando a que termine; se reintenta en breve sin perder el turno.
[09:35:32] 🤖 [Automático] Es hora de actualizar pagos. Arrancando...
[09:35:47] ⏳ [Automático] Tocaba disparar 'pagos' pero ya hay una ejecución en curso (Actualizar pagos); esperando a que termine; se reintenta en breve sin perder el turno.
[09:38:54] ❌ [Automático] 'pagos' falló (intento 1 de 4). Se reintenta a las 09:43.
[09:44:08] 🤖 [Automático] Es hora de actualizar pagos (reintento 1 de 3). Arrancando...
[09:44:23] ⏳ [Automático] Tocaba disparar 'pagos' pero ya hay una ejecución en curso (Actualizar pagos); esperando a que termine; se reintenta en breve sin perder el turno.
[09:45:59] ✅ [Automático] 'pagos' terminó bien en el reintento 1.
[09:48:08] 🤖 [Automático] Es hora de actualizar pagos. Arrancando...
[09:48:23] ⏳ [Automático] Tocaba disparar 'pagos' pero ya hay una ejecución en curso (Actualizar pagos); esperando a que termine; se reintenta en breve sin perder el turno.
[09:51:38] 🤖 [Automático] Es hora de actualizar pagos. Arrancando...
[09:51:53] ⏳ [Automático] Tocaba disparar 'pagos' pero ya hay una ejecución en curso (Actualizar pagos); esperando a que termine; se reintenta en breve sin perder el turno.
[09:54:53] 🤖 [Automático] Es hora de actualizar pagos. Arrancando...
[09:55:08] ⏳ [Automático] Tocaba disparar 'pagos' pero ya hay una ejecución en curso (Actualizar pagos); esperando a que termine; se reintenta en breve sin perder el turno.
[09:58:08] 🤖 [Automático] Es hora de actualizar pagos. Arrancando...
[09:58:23] ⏳ [Automático] Tocaba disparar 'pagos' pero ya hay una ejecución en curso (Actualizar pagos); esperando a que termine; se reintenta en breve sin perder el turno.
[10:01:23] 🤖 [Automático] Es hora de actualizar pagos. Arrancando...
[10:01:38] ⏳ [Automático] Tocaba disparar 'pagos' pero ya hay una ejecución en curso (Actualizar pagos); esperando a que termine; se reintenta en breve sin perder el turno.
[10:04:53] 🤖 [Automático] Es hora de actualizar pagos. Arrancando...
[10:05:08] ⏳ [Automático] Tocaba disparar 'pagos' pero ya hay una ejecución en curso (Actualizar pagos); esperando a que termine; se reintenta en breve sin perder el turno.
[10:08:23] 🤖 [Automático] Es hora de actualizar pagos. Arrancando...
[10:08:38] ⏳ [Automático] Tocaba disparar 'pagos' pero ya hay una ejecución en curso (Actualizar pagos); esperando a que termine; se reintenta en breve sin perder el turno.
[10:11:38] 🤖 [Automático] Es hora de actualizar pagos. Arrancando...
[10:11:53] ⏳ [Automático] Tocaba disparar 'pagos' pero ya hay una ejecución en curso (Actualizar pagos); esperando a que termine; se reintenta en breve sin perder el turno.
[10:15:09] 🤖 [Automático] Es hora de actualizar pagos. Arrancando...
[10:15:24] ⏳ [Automático] Tocaba disparar 'pagos' pero ya hay una ejecución en curso (Actualizar pagos); esperando a que termine; se reintenta en breve sin perder el turno.
[10:18:39] 🤖 [Automático] Es hora de actualizar pagos. Arrancando...
[10:18:54] ⏳ [Automático] Tocaba disparar 'pagos' pero ya hay una ejecución en curso (Actualizar pagos); esperando a que termine; se reintenta en breve sin perder el turno.
[10:22:09] 🤖 [Automático] Es hora de actualizar pagos. Arrancando...
[10:22:24] ⏳ [Automático] Tocaba disparar 'pagos' pero ya hay una ejecución en curso (Actualizar pagos); esperando a que termine; se reintenta en breve sin perder el turno.
[10:25:39] 🤖 [Automático] Es hora de actualizar pagos. Arrancando...
[10:25:54] ⏳ [Automático] Tocaba disparar 'pagos' pero ya hay una ejecución en curso (Actualizar pagos); esperando a que termine; se reintenta en breve sin perder el turno.
[10:27:38] ❌ [Automático] 'pagos' falló (intento 1 de 4). Se reintenta a las 10:32.
[10:32:39] 🤖 [Automático] Es hora de actualizar pagos (reintento 1 de 3). Arrancando...
[10:32:54] ⏳ [Automático] Tocaba disparar 'pagos' pero ya hay una ejecución en curso (Actualizar pagos); esperando a que termine; se reintenta en breve sin perder el turno.
[10:34:32] ✅ [Automático] 'pagos' terminó bien en el reintento 1.
[10:36:39] 🤖 [Automático] Es hora de actualizar pagos. Arrancando...
[10:36:54] ⏳ [Automático] Tocaba disparar 'pagos' pero ya hay una ejecución en curso (Actualizar pagos); esperando a que termine; se reintenta en breve sin perder el turno.
[10:40:09] 🤖 [Automático] Es hora de actualizar pagos. Arrancando...
[10:40:24] ⏳ [Automático] Tocaba disparar 'pagos' pero ya hay una ejecución en curso (Actualizar pagos); esperando a que termine; se reintenta en breve sin perder el turno.
[10:43:39] 🤖 [Automático] Es hora de actualizar pagos. Arrancando...
[10:43:54] ⏳ [Automático] Tocaba disparar 'pagos' pero ya hay una ejecución en curso (Actualizar pagos); esperando a que termine; se reintenta en breve sin perder el turno.
[10:47:09] 🤖 [Automático] Es hora de actualizar pagos. Arrancando...
[10:47:24] ⏳ [Automático] Tocaba disparar 'pagos' pero ya hay una ejecución en curso (Actualizar pagos); esperando a que termine; se reintenta en breve sin perder el turno.
[10:50:39] 🤖 [Automático] Es hora de actualizar pagos. Arrancando...
[10:50:54] ⏳ [Automático] Tocaba disparar 'pagos' pero ya hay una ejecución en curso (Actualizar pagos); esperando a que termine; se reintenta en breve sin perder el turno.
[10:53:39] 🤖 [Automático] Es hora de actualizar pagos. Arrancando...
[10:53:54] ⏳ [Automático] Tocaba disparar 'pagos' pero ya hay una ejecución en curso (Actualizar pagos); esperando a que termine; se reintenta en breve sin perder el turno.
[10:57:09] 🤖 [Automático] Es hora de actualizar pagos. Arrancando...
[10:57:24] ⏳ [Automático] Tocaba disparar 'pagos' pero ya hay una ejecución en curso (Actualizar pagos); esperando a que termine; se reintenta en breve sin perder el turno.
[11:00:39] 🤖 [Automático] Es hora de actualizar pagos. Arrancando...
[11:00:54] ⏳ [Automático] Tocaba disparar 'pagos' pero ya hay una ejecución en curso (Actualizar pagos); esperando a que termine; se reintenta en breve sin perder el turno.
[11:05:10] 🤖 [Automático] Es hora de actualizar pagos. Arrancando...
[11:05:25] ⏳ [Automático] Tocaba disparar 'pagos' pero ya hay una ejecución en curso (Actualizar pagos); esperando a que termine; se reintenta en breve sin perder el turno.
[11:08:55] 🤖 [Automático] Es hora de actualizar pagos. Arrancando...
[11:09:10] ⏳ [Automático] Tocaba disparar 'pagos' pero ya hay una ejecución en curso (Actualizar pagos); esperando a que termine; se reintenta en breve sin perder el turno.
[11:12:55] 🤖 [Automático] Es hora de actualizar pagos. Arrancando...
[11:13:10] ⏳ [Automático] Tocaba disparar 'pagos' pero ya hay una ejecución en curso (Actualizar pagos); esperando a que termine; se reintenta en breve sin perder el turno.
[11:16:10] 🤖 [Automático] Es hora de actualizar pagos. Arrancando...
[11:16:25] ⏳ [Automático] Tocaba disparar 'pagos' pero ya hay una ejecución en curso (Actualizar pagos); esperando a que termine; se reintenta en breve sin perder el turno.
[11:20:10] 🤖 [Automático] Es hora de actualizar pagos. Arrancando...
[11:20:25] ⏳ [Automático] Tocaba disparar 'pagos' pero ya hay una ejecución en curso (Actualizar pagos); esperando a que termine; se reintenta en breve sin perder el turno.
[11:23:55] 🤖 [Automático] Es hora de actualizar pagos. Arrancando...
[11:24:10] ⏳ [Automático] Tocaba disparar 'pagos' pero ya hay una ejecución en curso (Actualizar pagos); esperando a que termine; se reintenta en breve sin perder el turno.
[11:27:40] 🤖 [Automático] Es hora de actualizar pagos. Arrancando...
[11:27:55] ⏳ [Automático] Tocaba disparar 'pagos' pero ya hay una ejecución en curso (Actualizar pagos); esperando a que termine; se reintenta en breve sin perder el turno.
[11:30:55] 🤖 [Automático] Es hora de actualizar pagos. Arrancando...
[11:31:10] ⏳ [Automático] Tocaba disparar 'pagos' pero ya hay una ejecución en curso (Actualizar pagos); esperando a que termine; se reintenta en breve sin perder el turno.
[11:34:40] 🤖 [Automático] Es hora de actualizar pagos. Arrancando...
[11:34:55] ⏳ [Automático] Tocaba disparar 'pagos' pero ya hay una ejecución en curso (Actualizar pagos); esperando a que termine; se reintenta en breve sin perder el turno.
[11:37:55] 🤖 [Automático] Es hora de actualizar pagos. Arrancando...
[11:38:10] ⏳ [Automático] Tocaba disparar 'pagos' pero ya hay una ejecución en curso (Actualizar pagos); esperando a que termine; se reintenta en breve sin perder el turno.
[11:41:10] 🤖 [Automático] Es hora de actualizar pagos. Arrancando...
[11:41:25] ⏳ [Automático] Tocaba disparar 'pagos' pero ya hay una ejecución en curso (Actualizar pagos); esperando a que termine; se reintenta en breve sin perder el turno.
[11:45:10] 🤖 [Automático] Es hora de actualizar pagos. Arrancando...
[11:45:25] ⏳ [Automático] Tocaba disparar 'pagos' pero ya hay una ejecución en curso (Actualizar pagos); esperando a que termine; se reintenta en breve sin perder el turno.
[11:48:25] 🤖 [Automático] Es hora de actualizar pagos. Arrancando...
[11:48:40] ⏳ [Automático] Tocaba disparar 'pagos' pero ya hay una ejecución en curso (Actualizar pagos); esperando a que termine; se reintenta en breve sin perder el turno.
[11:51:40] 🤖 [Automático] Es hora de actualizar pagos. Arrancando...
[11:51:55] ⏳ [Automático] Tocaba disparar 'pagos' pero ya hay una ejecución en curso (Actualizar pagos); esperando a que termine; se reintenta en breve sin perder el turno.
[11:55:26] 🤖 [Automático] Es hora de actualizar pagos. Arrancando...
[11:55:41] ⏳ [Automático] Tocaba disparar 'pagos' pero ya hay una ejecución en curso (Actualizar pagos); esperando a que termine; se reintenta en breve sin perder el turno.
[11:58:26] 🤖 [Automático] Es hora de actualizar pagos. Arrancando...
[11:58:41] ⏳ [Automático] Tocaba disparar 'pagos' pero ya hay una ejecución en curso (Actualizar pagos); esperando a que termine; se reintenta en breve sin perder el turno.
[12:01:56] 🤖 [Automático] Es hora de actualizar pagos. Arrancando...
[12:02:11] ⏳ [Automático] Tocaba disparar 'pagos' pero ya hay una ejecución en curso (Actualizar pagos); esperando a que termine; se reintenta en breve sin perder el turno.
[12:03:44] ❌ [Automático] 'pagos' falló (intento 1 de 4). Se reintenta a las 12:08.
[12:08:56] 🤖 [Automático] Es hora de actualizar pagos (reintento 1 de 3). Arrancando...
[12:09:11] ⏳ [Automático] Tocaba disparar 'pagos' pero ya hay una ejecución en curso (Actualizar pagos); esperando a que termine; se reintenta en breve sin perder el turno.
[12:10:40] ✅ [Automático] 'pagos' terminó bien en el reintento 1.
[12:12:41] 🤖 [Automático] Es hora de actualizar pagos. Arrancando...
[12:12:56] ⏳ [Automático] Tocaba disparar 'pagos' pero ya hay una ejecución en curso (Actualizar pagos); esperando a que termine; se reintenta en breve sin perder el turno.
[12:15:56] 🤖 [Automático] Es hora de actualizar pagos. Arrancando...
[12:16:11] ⏳ [Automático] Tocaba disparar 'pagos' pero ya hay una ejecución en curso (Actualizar pagos); esperando a que termine; se reintenta en breve sin perder el turno.
[12:19:11] 🤖 [Automático] Es hora de actualizar pagos. Arrancando...
[12:19:26] ⏳ [Automático] Tocaba disparar 'pagos' pero ya hay una ejecución en curso (Actualizar pagos); esperando a que termine; se reintenta en breve sin perder el turno.
[12:22:41] 🤖 [Automático] Es hora de actualizar pagos. Arrancando...
[12:22:56] ⏳ [Automático] Tocaba disparar 'pagos' pero ya hay una ejecución en curso (Actualizar pagos); esperando a que termine; se reintenta en breve sin perder el turno.
[12:25:41] 🤖 [Automático] Es hora de actualizar pagos. Arrancando...
[12:25:56] ⏳ [Automático] Tocaba disparar 'pagos' pero ya hay una ejecución en curso (Actualizar pagos); esperando a que termine; se reintenta en breve sin perder el turno.
[12:28:56] 🤖 [Automático] Es hora de actualizar pagos. Arrancando...
[12:29:11] ⏳ [Automático] Tocaba disparar 'pagos' pero ya hay una ejecución en curso (Actualizar pagos); esperando a que termine; se reintenta en breve sin perder el turno.
[12:32:11] 🤖 [Automático] Es hora de actualizar pagos. Arrancando...
[12:32:26] ⏳ [Automático] Tocaba disparar 'pagos' pero ya hay una ejecución en curso (Actualizar pagos); esperando a que termine; se reintenta en breve sin perder el turno.
[12:35:41] 🤖 [Automático] Es hora de actualizar pagos. Arrancando...
[12:35:56] ⏳ [Automático] Tocaba disparar 'pagos' pero ya hay una ejecución en curso (Actualizar pagos); esperando a que termine; se reintenta en breve sin perder el turno.
[12:39:11] 🤖 [Automático] Es hora de actualizar pagos. Arrancando...
[12:39:26] ⏳ [Automático] Tocaba disparar 'pagos' pero ya hay una ejecución en curso (Actualizar pagos); esperando a que termine; se reintenta en breve sin perder el turno.
[12:42:56] 🤖 [Automático] Es hora de actualizar pagos. Arrancando...
[12:43:11] ⏳ [Automático] Tocaba disparar 'pagos' pero ya hay una ejecución en curso (Actualizar pagos); esperando a que termine; se reintenta en breve sin perder el turno.
[12:46:11] 🤖 [Automático] Es hora de actualizar pagos. Arrancando...
[12:46:26] ⏳ [Automático] Tocaba disparar 'pagos' pero ya hay una ejecución en curso (Actualizar pagos); esperando a que termine; se reintenta en breve sin perder el turno.
[12:49:11] 🤖 [Automático] Es hora de actualizar pagos. Arrancando...
[12:49:26] ⏳ [Automático] Tocaba disparar 'pagos' pero ya hay una ejecución en curso (Actualizar pagos); esperando a que termine; se reintenta en breve sin perder el turno.
[12:53:12] 🤖 [Automático] Es hora de actualizar pagos. Arrancando...
[12:53:27] ⏳ [Automático] Tocaba disparar 'pagos' pero ya hay una ejecución en curso (Actualizar pagos); esperando a que termine; se reintenta en breve sin perder el turno.
[12:56:57] 🤖 [Automático] Es hora de actualizar pagos. Arrancando...
[12:57:12] ⏳ [Automático] Tocaba disparar 'pagos' pero ya hay una ejecución en curso (Actualizar pagos); esperando a que termine; se reintenta en breve sin perder el turno.
[13:00:42] 🤖 [Automático] Es hora de actualizar pagos. Arrancando...
[13:00:57] ⏳ [Automático] Tocaba disparar 'pagos' pero ya hay una ejecución en curso (Actualizar pagos); esperando a que termine; se reintenta en breve sin perder el turno.
[13:03:42] 🤖 [Automático] Es hora de actualizar pagos. Arrancando...
[13:03:57] ⏳ [Automático] Tocaba disparar 'pagos' pero ya hay una ejecución en curso (Actualizar pagos); esperando a que termine; se reintenta en breve sin perder el turno.
[13:11:44] 🤖 [Automático] Es hora de actualizar pagos. Arrancando...
[13:11:46] ❌ [Automático] 'pagos' falló (intento 1 de 4). Se reintenta a las 13:16.
[13:20:56] 🤖 [Automático] Es hora de actualizar pagos (reintento 1 de 3). Arrancando...
[13:21:11] ⏳ [Automático] Tocaba disparar 'pagos' pero ya hay una ejecución en curso (Actualizar pagos); esperando a que termine; se reintenta en breve sin perder el turno.
[14:59:36] ❌ [Automático] 'pagos' falló (intento 2 de 4). Se reintenta a las 15:14.
[15:30:07] 🤖 [Automático] Es hora de actualizar pagos (reintento 2 de 3). Arrancando...
[15:51:29] ❌ [Automático] 'pagos' falló (intento 3 de 4). Se reintenta a las 16:21.
[16:25:56] 🤖 [Automático] Es hora de actualizar pagos (reintento 3 de 3). Arrancando...
[16:41:09] ❌ [Automático] 'pagos' falló 4 veces seguidas (actualizar pagos). Se dejan de reintentar por ahora; revisá el log de esa ejecución para ver el detalle del error. Se retoma en el horario normal.
[17:08:49] 🤖 [Automático] Es hora de actualizar pagos. Arrancando...
[17:09:04] ⏳ [Automático] Tocaba disparar 'pagos' pero ya hay una ejecución en curso (Actualizar pagos); esperando a que termine; se reintenta en breve sin perder el turno.
[17:52:06] ❌ [Automático] 'pagos' falló (intento 1 de 4). Se reintenta a las 17:57.
[18:09:10] 🤖 [Automático] Es hora de actualizar pagos (reintento 1 de 3). Arrancando...
[18:10:34] ❌ [Automático] 'pagos' falló (intento 2 de 4). Se reintenta a las 18:25.
[18:25:41] 🤖 [Automático] Es hora de actualizar pagos (reintento 2 de 3). Arrancando...
[18:25:56] ⏳ [Automático] Tocaba disparar 'pagos' pero ya hay una ejecución en curso (Actualizar pagos); esperando a que termine; se reintenta en breve sin perder el turno.
[18:27:05] ✅ [Automático] 'pagos' terminó bien en el reintento 2.
[18:29:11] 🤖 [Automático] Es hora de actualizar pagos. Arrancando...
[18:29:26] ⏳ [Automático] Tocaba disparar 'pagos' pero ya hay una ejecución en curso (Actualizar pagos); esperando a que termine; se reintenta en breve sin perder el turno.
[18:32:11] 🤖 [Automático] Es hora de actualizar pagos. Arrancando...
[18:32:26] ⏳ [Automático] Tocaba disparar 'pagos' pero ya hay una ejecución en curso (Actualizar pagos); esperando a que termine; se reintenta en breve sin perder el turno.
[18:35:11] 🤖 [Automático] Es hora de actualizar pagos. Arrancando...
[18:35:26] ⏳ [Automático] Tocaba disparar 'pagos' pero ya hay una ejecución en curso (Actualizar pagos); esperando a que termine; se reintenta en breve sin perder el turno.
[18:38:11] 🤖 [Automático] Es hora de actualizar pagos. Arrancando...
[18:38:26] ⏳ [Automático] Tocaba disparar 'pagos' pero ya hay una ejecución en curso (Actualizar pagos); esperando a que termine; se reintenta en breve sin perder el turno.
[18:41:11] 🤖 [Automático] Es hora de actualizar pagos. Arrancando...
[18:41:26] ⏳ [Automático] Tocaba disparar 'pagos' pero ya hay una ejecución en curso (Actualizar pagos); esperando a que termine; se reintenta en breve sin perder el turno.
[18:44:11] 🤖 [Automático] Es hora de actualizar pagos. Arrancando...
[18:44:26] ⏳ [Automático] Tocaba disparar 'pagos' pero ya hay una ejecución en curso (Actualizar pagos); esperando a que termine; se reintenta en breve sin perder el turno.
[18:46:56] 🤖 [Automático] Es hora de actualizar pagos. Arrancando...
[18:47:11] ⏳ [Automático] Tocaba disparar 'pagos' pero ya hay una ejecución en curso (Actualizar pagos); esperando a que termine; se reintenta en breve sin perder el turno.
[18:49:56] 🤖 [Automático] Es hora de actualizar pagos. Arrancando...
[18:50:11] ⏳ [Automático] Tocaba disparar 'pagos' pero ya hay una ejecución en curso (Actualizar pagos); esperando a que termine; se reintenta en breve sin perder el turno.
[18:52:56] 🤖 [Automático] Es hora de actualizar pagos. Arrancando...
[18:53:11] ⏳ [Automático] Tocaba disparar 'pagos' pero ya hay una ejecución en curso (Actualizar pagos); esperando a que termine; se reintenta en breve sin perder el turno.
[18:55:56] 🤖 [Automático] Es hora de actualizar pagos. Arrancando...
[18:56:11] ⏳ [Automático] Tocaba disparar 'pagos' pero ya hay una ejecución en curso (Actualizar pagos); esperando a que termine; se reintenta en breve sin perder el turno.
[18:58:41] 🤖 [Automático] Es hora de actualizar pagos. Arrancando...
[18:58:56] ⏳ [Automático] Tocaba disparar 'pagos' pero ya hay una ejecución en curso (Actualizar pagos); esperando a que termine; se reintenta en breve sin perder el turno.
[19:01:26] 🤖 [Automático] Es hora de actualizar pagos. Arrancando...
[19:01:41] ⏳ [Automático] Tocaba disparar 'pagos' pero ya hay una ejecución en curso (Actualizar pagos); esperando a que termine; se reintenta en breve sin perder el turno.
[19:04:11] 🤖 [Automático] Es hora de actualizar pagos. Arrancando...
[19:04:26] ⏳ [Automático] Tocaba disparar 'pagos' pero ya hay una ejecución en curso (Actualizar pagos); esperando a que termine; se reintenta en breve sin perder el turno.
[19:07:11] 🤖 [Automático] Es hora de actualizar pagos. Arrancando...
[19:07:26] ⏳ [Automático] Tocaba disparar 'pagos' pero ya hay una ejecución en curso (Actualizar pagos); esperando a que termine; se reintenta en breve sin perder el turno.
[19:10:11] 🤖 [Automático] Es hora de actualizar pagos. Arrancando...
[19:10:26] ⏳ [Automático] Tocaba disparar 'pagos' pero ya hay una ejecución en curso (Actualizar pagos); esperando a que termine; se reintenta en breve sin perder el turno.
[19:13:11] 🤖 [Automático] Es hora de actualizar pagos. Arrancando...
[19:13:26] ⏳ [Automático] Tocaba disparar 'pagos' pero ya hay una ejecución en curso (Actualizar pagos); esperando a que termine; se reintenta en breve sin perder el turno.
[19:15:56] 🤖 [Automático] Es hora de actualizar pagos. Arrancando...
[19:16:11] ⏳ [Automático] Tocaba disparar 'pagos' pero ya hay una ejecución en curso (Actualizar pagos); esperando a que termine; se reintenta en breve sin perder el turno.
[19:19:12] 🤖 [Automático] Es hora de actualizar pagos. Arrancando...
[19:19:27] ⏳ [Automático] Tocaba disparar 'pagos' pero ya hay una ejecución en curso (Actualizar pagos); esperando a que termine; se reintenta en breve sin perder el turno.
[19:22:12] 🤖 [Automático] Es hora de actualizar pagos. Arrancando...
[19:22:27] ⏳ [Automático] Tocaba disparar 'pagos' pero ya hay una ejecución en curso (Actualizar pagos); esperando a que termine; se reintenta en breve sin perder el turno.
[19:25:12] 🤖 [Automático] Es hora de actualizar pagos. Arrancando...
[19:25:27] ⏳ [Automático] Tocaba disparar 'pagos' pero ya hay una ejecución en curso (Actualizar pagos); esperando a que termine; se reintenta en breve sin perder el turno.
[19:28:12] 🤖 [Automático] Es hora de actualizar pagos. Arrancando...
[19:28:27] ⏳ [Automático] Tocaba disparar 'pagos' pero ya hay una ejecución en curso (Actualizar pagos); esperando a que termine; se reintenta en breve sin perder el turno.
[19:31:12] 🤖 [Automático] Es hora de actualizar pagos. Arrancando...
[19:31:27] ⏳ [Automático] Tocaba disparar 'pagos' pero ya hay una ejecución en curso (Actualizar pagos); esperando a que termine; se reintenta en breve sin perder el turno.
[19:34:57] 🤖 [Automático] Es hora de actualizar pagos. Arrancando...
[19:35:12] ⏳ [Automático] Tocaba disparar 'pagos' pero ya hay una ejecución en curso (Actualizar pagos); esperando a que termine; se reintenta en breve sin perder el turno.
[19:37:57] 🤖 [Automático] Es hora de actualizar pagos. Arrancando...
[19:38:12] ⏳ [Automático] Tocaba disparar 'pagos' pero ya hay una ejecución en curso (Actualizar pagos); esperando a que termine; se reintenta en breve sin perder el turno.
[19:40:57] 🤖 [Automático] Es hora de actualizar pagos. Arrancando...
[19:41:12] ⏳ [Automático] Tocaba disparar 'pagos' pero ya hay una ejecución en curso (Actualizar pagos); esperando a que termine; se reintenta en breve sin perder el turno.
[19:43:57] 🤖 [Automático] Es hora de actualizar pagos. Arrancando...
[19:44:12] ⏳ [Automático] Tocaba disparar 'pagos' pero ya hay una ejecución en curso (Actualizar pagos); esperando a que termine; se reintenta en breve sin perder el turno.
[19:46:57] 🤖 [Automático] Es hora de actualizar pagos. Arrancando...
[19:47:12] ⏳ [Automático] Tocaba disparar 'pagos' pero ya hay una ejecución en curso (Actualizar pagos); esperando a que termine; se reintenta en breve sin perder el turno.
[19:49:42] 🤖 [Automático] Es hora de actualizar pagos. Arrancando...
[19:49:57] ⏳ [Automático] Tocaba disparar 'pagos' pero ya hay una ejecución en curso (Actualizar pagos); esperando a que termine; se reintenta en breve sin perder el turno.
[19:53:12] 🤖 [Automático] Es hora de actualizar pagos. Arrancando...
[19:53:27] ⏳ [Automático] Tocaba disparar 'pagos' pero ya hay una ejecución en curso (Actualizar pagos); esperando a que termine; se reintenta en breve sin perder el turno.
[19:55:57] 🤖 [Automático] Es hora de actualizar pagos. Arrancando...
[19:56:12] ⏳ [Automático] Tocaba disparar 'pagos' pero ya hay una ejecución en curso (Actualizar pagos); esperando a que termine; se reintenta en breve sin perder el turno.
[19:58:43] 🤖 [Automático] Es hora de actualizar pagos. Arrancando...
[19:58:58] ⏳ [Automático] Tocaba disparar 'pagos' pero ya hay una ejecución en curso (Actualizar pagos); esperando a que termine; se reintenta en breve sin perder el turno.
[20:01:43] 🤖 [Automático] Es hora de actualizar pagos. Arrancando...
[20:01:58] ⏳ [Automático] Tocaba disparar 'pagos' pero ya hay una ejecución en curso (Actualizar pagos); esperando a que termine; se reintenta en breve sin perder el turno.
[20:04:28] 🤖 [Automático] Es hora de actualizar pagos. Arrancando...
[20:04:43] ⏳ [Automático] Tocaba disparar 'pagos' pero ya hay una ejecución en curso (Actualizar pagos); esperando a que termine; se reintenta en breve sin perder el turno.
[20:07:28] 🤖 [Automático] Es hora de actualizar pagos. Arrancando...
[20:07:43] ⏳ [Automático] Tocaba disparar 'pagos' pero ya hay una ejecución en curso (Actualizar pagos); esperando a que termine; se reintenta en breve sin perder el turno.
[20:10:28] 🤖 [Automático] Es hora de actualizar pagos. Arrancando...
[20:10:43] ⏳ [Automático] Tocaba disparar 'pagos' pero ya hay una ejecución en curso (Actualizar pagos); esperando a que termine; se reintenta en breve sin perder el turno.
[20:13:28] 🤖 [Automático] Es hora de actualizar pagos. Arrancando...
[20:13:43] ⏳ [Automático] Tocaba disparar 'pagos' pero ya hay una ejecución en curso (Actualizar pagos); esperando a que termine; se reintenta en breve sin perder el turno.
[20:15:13] ❌ [Automático] 'pagos' falló (intento 1 de 4). Se reintenta a las 20:20.
[20:20:28] 🤖 [Automático] Es hora de actualizar pagos (reintento 1 de 3). Arrancando...
[20:20:43] ⏳ [Automático] Tocaba disparar 'pagos' pero ya hay una ejecución en curso (Actualizar pagos); esperando a que termine; se reintenta en breve sin perder el turno.
[20:21:22] ✅ [Automático] 'pagos' terminó bien en el reintento 1.
[20:23:28] 🤖 [Automático] Es hora de actualizar pagos. Arrancando...
[20:23:43] ⏳ [Automático] Tocaba disparar 'pagos' pero ya hay una ejecución en curso (Actualizar pagos); esperando a que termine; se reintenta en breve sin perder el turno.
[20:26:13] 🤖 [Automático] Es hora de actualizar pagos. Arrancando...
[20:26:28] ⏳ [Automático] Tocaba disparar 'pagos' pero ya hay una ejecución en curso (Actualizar pagos); esperando a que termine; se reintenta en breve sin perder el turno.
[20:29:13] 🤖 [Automático] Es hora de actualizar pagos. Arrancando...
[20:29:28] ⏳ [Automático] Tocaba disparar 'pagos' pero ya hay una ejecución en curso (Actualizar pagos); esperando a que termine; se reintenta en breve sin perder el turno.
[20:31:58] 🤖 [Automático] Es hora de actualizar pagos. Arrancando...
[20:32:13] ⏳ [Automático] Tocaba disparar 'pagos' pero ya hay una ejecución en curso (Actualizar pagos); esperando a que termine; se reintenta en breve sin perder el turno.
[20:34:58] 🤖 [Automático] Es hora de actualizar pagos. Arrancando...
[20:35:13] ⏳ [Automático] Tocaba disparar 'pagos' pero ya hay una ejecución en curso (Actualizar pagos); esperando a que termine; se reintenta en breve sin perder el turno.
[20:37:58] 🤖 [Automático] Es hora de actualizar pagos. Arrancando...
[20:38:13] ⏳ [Automático] Tocaba disparar 'pagos' pero ya hay una ejecución en curso (Actualizar pagos); esperando a que termine; se reintenta en breve sin perder el turno.
[20:40:59] 🤖 [Automático] Es hora de actualizar pagos. Arrancando...
[20:41:14] ⏳ [Automático] Tocaba disparar 'pagos' pero ya hay una ejecución en curso (Actualizar pagos); esperando a que termine; se reintenta en breve sin perder el turno.
[20:43:59] 🤖 [Automático] Es hora de actualizar pagos. Arrancando...
[20:44:14] ⏳ [Automático] Tocaba disparar 'pagos' pero ya hay una ejecución en curso (Actualizar pagos); esperando a que termine; se reintenta en breve sin perder el turno.
[20:46:44] 🤖 [Automático] Es hora de actualizar pagos. Arrancando...
[20:46:59] ⏳ [Automático] Tocaba disparar 'pagos' pero ya hay una ejecución en curso (Actualizar pagos); esperando a que termine; se reintenta en breve sin perder el turno.
[20:49:44] 🤖 [Automático] Es hora de actualizar pagos. Arrancando...
[20:49:59] ⏳ [Automático] Tocaba disparar 'pagos' pero ya hay una ejecución en curso (Actualizar pagos); esperando a que termine; se reintenta en breve sin perder el turno.
[20:52:44] 🤖 [Automático] Es hora de actualizar pagos. Arrancando...
[20:52:59] ⏳ [Automático] Tocaba disparar 'pagos' pero ya hay una ejecución en curso (Actualizar pagos); esperando a que termine; se reintenta en breve sin perder el turno.
[20:55:29] 🤖 [Automático] Es hora de actualizar pagos. Arrancando...
[20:55:44] ⏳ [Automático] Tocaba disparar 'pagos' pero ya hay una ejecución en curso (Actualizar pagos); esperando a que termine; se reintenta en breve sin perder el turno.
[20:58:14] 🤖 [Automático] Es hora de actualizar pagos. Arrancando...
[20:58:29] ⏳ [Automático] Tocaba disparar 'pagos' pero ya hay una ejecución en curso (Actualizar pagos); esperando a que termine; se reintenta en breve sin perder el turno.
[20:59:59] ❌ [Automático] 'pagos' falló (intento 1 de 4). Se reintenta a las 21:04.
[21:05:14] 🤖 [Automático] Es hora de actualizar pagos (reintento 1 de 3). Arrancando...
[21:05:29] ⏳ [Automático] Tocaba disparar 'pagos' pero ya hay una ejecución en curso (Actualizar pagos); esperando a que termine; se reintenta en breve sin perder el turno.
[21:06:07] ✅ [Automático] 'pagos' terminó bien en el reintento 1.
[21:08:14] 🤖 [Automático] Es hora de actualizar pagos. Arrancando...
[21:08:29] ⏳ [Automático] Tocaba disparar 'pagos' pero ya hay una ejecución en curso (Actualizar pagos); esperando a que termine; se reintenta en breve sin perder el turno.
[21:10:59] 🤖 [Automático] Es hora de actualizar pagos. Arrancando...
[21:11:14] ⏳ [Automático] Tocaba disparar 'pagos' pero ya hay una ejecución en curso (Actualizar pagos); esperando a que termine; se reintenta en breve sin perder el turno.
[21:13:59] 🤖 [Automático] Es hora de actualizar pagos. Arrancando...
[21:14:14] ⏳ [Automático] Tocaba disparar 'pagos' pero ya hay una ejecución en curso (Actualizar pagos); esperando a que termine; se reintenta en breve sin perder el turno.
[21:16:44] 🤖 [Automático] Es hora de actualizar pagos. Arrancando...
[21:16:59] ⏳ [Automático] Tocaba disparar 'pagos' pero ya hay una ejecución en curso (Actualizar pagos); esperando a que termine; se reintenta en breve sin perder el turno.
[21:19:44] 🤖 [Automático] Es hora de actualizar pagos. Arrancando...
[21:19:59] ⏳ [Automático] Tocaba disparar 'pagos' pero ya hay una ejecución en curso (Actualizar pagos); esperando a que termine; se reintenta en breve sin perder el turno.
[21:22:44] 🤖 [Automático] Es hora de actualizar pagos. Arrancando...
[21:22:59] ⏳ [Automático] Tocaba disparar 'pagos' pero ya hay una ejecución en curso (Actualizar pagos); esperando a que termine; se reintenta en breve sin perder el turno.
[21:25:44] 🤖 [Automático] Es hora de actualizar pagos. Arrancando...
[21:25:59] ⏳ [Automático] Tocaba disparar 'pagos' pero ya hay una ejecución en curso (Actualizar pagos); esperando a que termine; se reintenta en breve sin perder el turno.
[21:28:29] 🤖 [Automático] Es hora de actualizar pagos. Arrancando...
[21:28:44] ⏳ [Automático] Tocaba disparar 'pagos' pero ya hay una ejecución en curso (Actualizar pagos); esperando a que termine; se reintenta en breve sin perder el turno.
[21:31:30] 🤖 [Automático] Es hora de actualizar pagos. Arrancando...
[21:31:45] ⏳ [Automático] Tocaba disparar 'pagos' pero ya hay una ejecución en curso (Actualizar pagos); esperando a que termine; se reintenta en breve sin perder el turno.
[21:34:30] 🤖 [Automático] Es hora de actualizar pagos. Arrancando...
[21:34:45] ⏳ [Automático] Tocaba disparar 'pagos' pero ya hay una ejecución en curso (Actualizar pagos); esperando a que termine; se reintenta en breve sin perder el turno.
[21:37:30] 🤖 [Automático] Es hora de actualizar pagos. Arrancando...
[21:37:45] ⏳ [Automático] Tocaba disparar 'pagos' pero ya hay una ejecución en curso (Actualizar pagos); esperando a que termine; se reintenta en breve sin perder el turno.
[21:40:30] 🤖 [Automático] Es hora de actualizar pagos. Arrancando...
[21:40:45] ⏳ [Automático] Tocaba disparar 'pagos' pero ya hay una ejecución en curso (Actualizar pagos); esperando a que termine; se reintenta en breve sin perder el turno.
[21:43:30] 🤖 [Automático] Es hora de actualizar pagos. Arrancando...
[21:43:45] ⏳ [Automático] Tocaba disparar 'pagos' pero ya hay una ejecución en curso (Actualizar pagos); esperando a que termine; se reintenta en breve sin perder el turno.
[21:46:30] 🤖 [Automático] Es hora de actualizar pagos. Arrancando...
[21:46:45] ⏳ [Automático] Tocaba disparar 'pagos' pero ya hay una ejecución en curso (Actualizar pagos); esperando a que termine; se reintenta en breve sin perder el turno.
[21:49:30] 🤖 [Automático] Es hora de actualizar pagos. Arrancando...
[21:49:45] ⏳ [Automático] Tocaba disparar 'pagos' pero ya hay una ejecución en curso (Actualizar pagos); esperando a que termine; se reintenta en breve sin perder el turno.
[21:52:30] 🤖 [Automático] Es hora de actualizar pagos. Arrancando...
[21:52:45] ⏳ [Automático] Tocaba disparar 'pagos' pero ya hay una ejecución en curso (Actualizar pagos); esperando a que termine; se reintenta en breve sin perder el turno.
[21:55:30] 🤖 [Automático] Es hora de actualizar pagos. Arrancando...
[21:55:45] ⏳ [Automático] Tocaba disparar 'pagos' pero ya hay una ejecución en curso (Actualizar pagos); esperando a que termine; se reintenta en breve sin perder el turno.
[21:58:30] 🤖 [Automático] Es hora de actualizar pagos. Arrancando...
[21:58:45] ⏳ [Automático] Tocaba disparar 'pagos' pero ya hay una ejecución en curso (Actualizar pagos); esperando a que termine; se reintenta en breve sin perder el turno.
[22:01:30] 🤖 [Automático] Es hora de actualizar pagos. Arrancando...
[22:01:45] ⏳ [Automático] Tocaba disparar 'pagos' pero ya hay una ejecución en curso (Actualizar pagos); esperando a que termine; se reintenta en breve sin perder el turno.
[22:04:30] 🤖 [Automático] Es hora de actualizar pagos. Arrancando...
[22:04:45] ⏳ [Automático] Tocaba disparar 'pagos' pero ya hay una ejecución en curso (Actualizar pagos); esperando a que termine; se reintenta en breve sin perder el turno.
[22:07:30] 🤖 [Automático] Es hora de actualizar pagos. Arrancando...
[22:07:45] ⏳ [Automático] Tocaba disparar 'pagos' pero ya hay una ejecución en curso (Actualizar pagos); esperando a que termine; se reintenta en breve sin perder el turno.
[22:10:30] 🤖 [Automático] Es hora de actualizar pagos. Arrancando...
[22:10:45] ⏳ [Automático] Tocaba disparar 'pagos' pero ya hay una ejecución en curso (Actualizar pagos); esperando a que termine; se reintenta en breve sin perder el turno.
[22:13:30] 🤖 [Automático] Es hora de actualizar pagos. Arrancando...
[22:13:45] ⏳ [Automático] Tocaba disparar 'pagos' pero ya hay una ejecución en curso (Actualizar pagos); esperando a que termine; se reintenta en breve sin perder el turno.
[22:16:30] 🤖 [Automático] Es hora de actualizar pagos. Arrancando...
[22:16:45] ⏳ [Automático] Tocaba disparar 'pagos' pero ya hay una ejecución en curso (Actualizar pagos); esperando a que termine; se reintenta en breve sin perder el turno.
[22:19:30] 🤖 [Automático] Es hora de actualizar pagos. Arrancando...
[22:19:45] ⏳ [Automático] Tocaba disparar 'pagos' pero ya hay una ejecución en curso (Actualizar pagos); esperando a que termine; se reintenta en breve sin perder el turno.
[22:22:31] 🤖 [Automático] Es hora de actualizar pagos. Arrancando...
[22:22:46] ⏳ [Automático] Tocaba disparar 'pagos' pero ya hay una ejecución en curso (Actualizar pagos); esperando a que termine; se reintenta en breve sin perder el turno.
[22:25:30] 🤖 [Automático] Es hora de actualizar pagos. Arrancando...
[22:25:45] ⏳ [Automático] Tocaba disparar 'pagos' pero ya hay una ejecución en curso (Actualizar pagos); esperando a que termine; se reintenta en breve sin perder el turno.
[22:28:31] 🤖 [Automático] Es hora de actualizar pagos. Arrancando...
[22:28:46] ⏳ [Automático] Tocaba disparar 'pagos' pero ya hay una ejecución en curso (Actualizar pagos); esperando a que termine; se reintenta en breve sin perder el turno.
[22:31:16] 🤖 [Automático] Es hora de actualizar pagos. Arrancando...
[22:31:31] ⏳ [Automático] Tocaba disparar 'pagos' pero ya hay una ejecución en curso (Actualizar pagos); esperando a que termine; se reintenta en breve sin perder el turno.
[22:34:16] 🤖 [Automático] Es hora de actualizar pagos. Arrancando...
[22:34:31] ⏳ [Automático] Tocaba disparar 'pagos' pero ya hay una ejecución en curso (Actualizar pagos); esperando a que termine; se reintenta en breve sin perder el turno.
[22:37:16] 🤖 [Automático] Es hora de actualizar pagos. Arrancando...
[22:37:31] ⏳ [Automático] Tocaba disparar 'pagos' pero ya hay una ejecución en curso (Actualizar pagos); esperando a que termine; se reintenta en breve sin perder el turno.
[22:40:31] 🤖 [Automático] Es hora de actualizar pagos. Arrancando...
[22:40:46] ⏳ [Automático] Tocaba disparar 'pagos' pero ya hay una ejecución en curso (Actualizar pagos); esperando a que termine; se reintenta en breve sin perder el turno.
[22:43:31] 🤖 [Automático] Es hora de actualizar pagos. Arrancando...
[22:43:46] ⏳ [Automático] Tocaba disparar 'pagos' pero ya hay una ejecución en curso (Actualizar pagos); esperando a que termine; se reintenta en breve sin perder el turno.
[22:46:16] 🤖 [Automático] Es hora de actualizar pagos. Arrancando...
[22:46:31] ⏳ [Automático] Tocaba disparar 'pagos' pero ya hay una ejecución en curso (Actualizar pagos); esperando a que termine; se reintenta en breve sin perder el turno.
[22:49:16] 🤖 [Automático] Es hora de actualizar pagos. Arrancando...
[22:49:31] ⏳ [Automático] Tocaba disparar 'pagos' pero ya hay una ejecución en curso (Actualizar pagos); esperando a que termine; se reintenta en breve sin perder el turno.
[22:52:16] 🤖 [Automático] Es hora de actualizar pagos. Arrancando...
[22:52:31] ⏳ [Automático] Tocaba disparar 'pagos' pero ya hay una ejecución en curso (Actualizar pagos); esperando a que termine; se reintenta en breve sin perder el turno.
[22:55:16] 🤖 [Automático] Es hora de actualizar pagos. Arrancando...
[22:55:31] ⏳ [Automático] Tocaba disparar 'pagos' pero ya hay una ejecución en curso (Actualizar pagos); esperando a que termine; se reintenta en breve sin perder el turno.
[22:58:16] 🤖 [Automático] Es hora de actualizar pagos. Arrancando...
[22:58:31] ⏳ [Automático] Tocaba disparar 'pagos' pero ya hay una ejecución en curso (Actualizar pagos); esperando a que termine; se reintenta en breve sin perder el turno.
[23:01:01] 🤖 [Automático] Es hora de actualizar pagos. Arrancando...
[23:01:16] ⏳ [Automático] Tocaba disparar 'pagos' pero ya hay una ejecución en curso (Actualizar pagos); esperando a que termine; se reintenta en breve sin perder el turno.
[23:04:01] 🤖 [Automático] Es hora de actualizar pagos. Arrancando...
[23:04:16] ⏳ [Automático] Tocaba disparar 'pagos' pero ya hay una ejecución en curso (Actualizar pagos); esperando a que termine; se reintenta en breve sin perder el turno.
[23:07:01] 🤖 [Automático] Es hora de actualizar pagos. Arrancando...
[23:07:16] ⏳ [Automático] Tocaba disparar 'pagos' pero ya hay una ejecución en curso (Actualizar pagos); esperando a que termine; se reintenta en breve sin perder el turno.
[23:10:01] 🤖 [Automático] Es hora de actualizar pagos. Arrancando...
[23:10:16] ⏳ [Automático] Tocaba disparar 'pagos' pero ya hay una ejecución en curso (Actualizar pagos); esperando a que termine; se reintenta en breve sin perder el turno.
[23:13:01] 🤖 [Automático] Es hora de actualizar pagos. Arrancando...
[23:13:16] ⏳ [Automático] Tocaba disparar 'pagos' pero ya hay una ejecución en curso (Actualizar pagos); esperando a que termine; se reintenta en breve sin perder el turno.
[23:16:17] 🤖 [Automático] Es hora de actualizar pagos. Arrancando...
[23:16:32] ⏳ [Automático] Tocaba disparar 'pagos' pero ya hay una ejecución en curso (Actualizar pagos); esperando a que termine; se reintenta en breve sin perder el turno.
[23:19:02] 🤖 [Automático] Es hora de actualizar pagos. Arrancando...
[23:19:17] ⏳ [Automático] Tocaba disparar 'pagos' pero ya hay una ejecución en curso (Actualizar pagos); esperando a que termine; se reintenta en breve sin perder el turno.
[23:22:02] 🤖 [Automático] Es hora de actualizar pagos. Arrancando...
[23:22:17] ⏳ [Automático] Tocaba disparar 'pagos' pero ya hay una ejecución en curso (Actualizar pagos); esperando a que termine; se reintenta en breve sin perder el turno.
[23:25:02] 🤖 [Automático] Es hora de actualizar pagos. Arrancando...
[23:25:17] ⏳ [Automático] Tocaba disparar 'pagos' pero ya hay una ejecución en curso (Actualizar pagos); esperando a que termine; se reintenta en breve sin perder el turno.
[23:28:02] 🤖 [Automático] Es hora de actualizar pagos. Arrancando...
[23:28:17] ⏳ [Automático] Tocaba disparar 'pagos' pero ya hay una ejecución en curso (Actualizar pagos); esperando a que termine; se reintenta en breve sin perder el turno.
[23:31:02] 🤖 [Automático] Es hora de actualizar pagos. Arrancando...
[23:31:17] ⏳ [Automático] Tocaba disparar 'pagos' pero ya hay una ejecución en curso (Actualizar pagos); esperando a que termine; se reintenta en breve sin perder el turno.
[23:34:02] 🤖 [Automático] Es hora de actualizar pagos. Arrancando...
[23:34:17] ⏳ [Automático] Tocaba disparar 'pagos' pero ya hay una ejecución en curso (Actualizar pagos); esperando a que termine; se reintenta en breve sin perder el turno.
[23:36:47] 🤖 [Automático] Es hora de actualizar pagos. Arrancando...
[23:37:02] ⏳ [Automático] Tocaba disparar 'pagos' pero ya hay una ejecución en curso (Actualizar pagos); esperando a que termine; se reintenta en breve sin perder el turno.
[23:39:32] 🤖 [Automático] Es hora de actualizar pagos. Arrancando...
[23:39:47] ⏳ [Automático] Tocaba disparar 'pagos' pero ya hay una ejecución en curso (Actualizar pagos); esperando a que termine; se reintenta en breve sin perder el turno.
[23:42:32] 🤖 [Automático] Es hora de actualizar pagos. Arrancando...
[23:42:47] ⏳ [Automático] Tocaba disparar 'pagos' pero ya hay una ejecución en curso (Actualizar pagos); esperando a que termine; se reintenta en breve sin perder el turno.
[23:45:47] 🤖 [Automático] Es hora de actualizar pagos. Arrancando...
[23:46:02] ⏳ [Automático] Tocaba disparar 'pagos' pero ya hay una ejecución en curso (Actualizar pagos); esperando a que termine; se reintenta en breve sin perder el turno.
[23:48:47] 🤖 [Automático] Es hora de actualizar pagos. Arrancando...
[23:49:02] ⏳ [Automático] Tocaba disparar 'pagos' pero ya hay una ejecución en curso (Actualizar pagos); esperando a que termine; se reintenta en breve sin perder el turno.
[23:51:32] 🤖 [Automático] Es hora de actualizar pagos. Arrancando...
[23:51:47] ⏳ [Automático] Tocaba disparar 'pagos' pero ya hay una ejecución en curso (Actualizar pagos); esperando a que termine; se reintenta en breve sin perder el turno.
[23:54:32] 🤖 [Automático] Es hora de actualizar pagos. Arrancando...
[23:54:47] ⏳ [Automático] Tocaba disparar 'pagos' pero ya hay una ejecución en curso (Actualizar pagos); esperando a que termine; se reintenta en breve sin perder el turno.
[23:57:32] 🤖 [Automático] Es hora de actualizar pagos. Arrancando...
[23:57:47] ⏳ [Automático] Tocaba disparar 'pagos' pero ya hay una ejecución en curso (Actualizar pagos); esperando a que termine; se reintenta en breve sin perder el turno.
