[10:32:39] === Inicio de ejecución: pagos ===
[10:32:40] ==================================================
[10:32:40] 🚀 PASO: LoginSEMyTPaso
[10:32:40] ==================================================
[10:32:40] Abriendo SEMyT...
[10:33:02] ✅ [SEMyT] Sesión existente detectada. Login omitido.
[10:33:02] ✅ LoginSEMyTPaso finalizado. (⏱ 21.9s)
[10:33:02] ==================================================
[10:33:02] 🚀 PASO: LoginSIGIPaso
[10:33:02] ==================================================
[10:33:02] Abriendo sitio municipalidad (CiDi)...
[10:33:02] ✅ [SIGI] Sesión existente detectada. Login omitido.
[10:33:02] ✅ LoginSIGIPaso finalizado. (⏱ 0.6s)
[10:33:02] ==================================================
[10:33:02] 🚀 PASO: DescargasParalelasPaso
[10:33:02] ==================================================
[10:33:03] 📤 Arrancando las 3 descargas en paralelo (mismo browser, páginas separadas)...
[10:33:03] Fecha Desde: 27/06/2024
[10:33:03] Fecha Hasta: 24/11/2025
[10:33:03] Fecha Desde: 25/11/2025
[10:33:03] Fecha Hasta: 07/08/2026
[10:33:03] Descargando Excel...
[10:33:03] Descargando Excel...
[10:33:32] Archivo descargado en: datos/descargas/cache_actas_cruce/MULTAS_SIGI_CRUCE.xlsx
[10:33:34] ⏱ [actas_sigi] completado en 31.2s
[10:33:34] ✅ TXT de pagos descargado en: datos/descargas/pagos/2026-08-07/ALL PAGOS DESCARGADOS.txt
[10:33:34] ⏱ [pagos_txt] completado en 31.5s
[10:34:18] Archivo descargado en: datos/descargas/cache_actas_cruce/MULTAS_SIGEMI_CRUCE.xlsx
[10:34:21] ⏱ [actas_sigemi] completado en 78.4s
[10:34:21] ⏱ TOTAL descargas en paralelo: 78.4s
[10:34:21] ✅ DescargasParalelasPaso finalizado. (⏱ 78.7s)
[10:34:21] ==================================================
[10:34:21] 🚀 PASO: CompararActasPaso
[10:34:21] ==================================================
[10:34:21] 🔍 Comparando actas del SEMyT contra pagos del SIGI...
[10:34:21] ================================================================================
[10:34:21] INICIANDO PROCESO DE GENERACIÓN DE PAGOS DESACTUALIZADOS
[10:34:21] ================================================================================
[10:34:21] 📂 Cargando archivos...
[10:34:21]   ✓ Pagos: 20729 registros
[10:34:24]   ✓ Excel SIGEMI (multas vencidas viejas): 101494 registros
[10:34:26]   ✓ Excel SIGI (multas vencidas nuevas): 41442 registros
[10:34:26] ================================================================================
[10:34:26] PASO 1: LLENANDO ACTA_NUMERO (búsqueda por patente + fecha, con desempate por hora)
[10:34:26] ================================================================================
[10:34:28] 📊 ESTADÍSTICAS DE LLENADO DE ACTAS:
[10:34:28]   • Pagos con acta ORIGINAL: 5291
[10:34:28]   • Pagos SIN acta (buscados): 15438
[10:34:28]   • Pagos LLENADOS exitosamente: 13
[10:34:28]   • Pagos NO encontrados en multas: 15425
[10:34:28]   • Pagos SIN RESOLVER por desbalance de cantidades: 0
[10:34:28] ================================================================================
[10:34:28] PASO 1: LLENANDO ACTA_NUMERO (búsqueda por patente + fecha, con desempate por hora)
[10:34:28] ================================================================================
[10:34:29] 📊 ESTADÍSTICAS DE LLENADO DE ACTAS:
[10:34:29]   • Pagos con acta ORIGINAL: 5304
[10:34:29]   • Pagos SIN acta (buscados): 15425
[10:34:29]   • Pagos LLENADOS exitosamente: 0
[10:34:29]   • Pagos NO encontrados en multas: 15425
[10:34:29]   • Pagos SIN RESOLVER por desbalance de cantidades: 0
[10:34:29] ⏱ PASO 1 (llenar actas): 3.9s
[10:34:29] ================================================================================
[10:34:29] PASO 2: FILTRANDO PAGOS CON ACTA_NUMERO COMPLETO
[10:34:29] ================================================================================
[10:34:29] 📊 ESTADÍSTICAS DE FILTRADO:
[10:34:29]   • Pagos TOTALES al inicio: 20729
[10:34:29]   • Pagos CON acta (MANTIENEN): 5304
[10:34:29]   • Pagos RECHAZADOS (sin coincidencias): 15425
[10:34:29] ⚠️  Se eliminaron 15425 registros sin número de acta
[10:34:29]      (recordá: esto incluye tanto pagos ya actualizados/pagados
[10:34:29]       como pagos que quedaron sin resolver por desbalance en el Paso 1)
[10:34:29] ================================================================================
[10:34:29] PASO 2-bis: CONFIRMANDO VIGENCIA DE PAGOS (sistema NUEVO contra MULTAS_SIGI_CRUCE, sistema VIEJO contra SIGEMI)
[10:34:29] ================================================================================
[10:34:30]   ⚠ 5275 pago(s) descartados: su acta ya no figura como vencida en MULTAS_SIGI_CRUCE (SEMyT ya los actualizó).
[10:34:30]   ⚠ 14 pago(s) descartados: su acta ya no figura como vencida en el Excel de SIGEMI (SEMyT ya los actualizó).
[10:34:30]   • Pagos descartados en total por ya estar actualizados/pagados: 5289
[10:34:30] ⏱ PASO 2 (filtrar): 0.4s
[10:34:30] 📂 Cargando maestro de causas SIGEMI...
[10:34:30]   ✓ Causas totales (maestro): 134069 registros
[10:34:30] ================================================================================
[10:34:30] PASO 2.5: ARMANDO causas.txt SIMPLIFICADO (cruce contra total_causas_sigemi.txt)
[10:34:30] ================================================================================
[10:34:30]   • Actas vencidas viejas (multas): 101494
[10:34:30]   • Causas totales en el maestro SIGEMI: 134069
[10:34:30]   • Causas que coinciden (simplificado): 101180
[10:34:30]   ✅ Archivo escrito: datos/descargas/causas/causas.txt
[10:34:30] ⏱ PASO 2.5 (causas simplificado): 0.4s
[10:34:30] ================================================================================
[10:34:30] PASO 3: LLENANDO CAUSA_NUMERO (según fecha de cambio de sistema, cruzando por acta + año)
[10:34:30] ================================================================================
[10:34:30] 📊 ESTADÍSTICAS DE LLENADO DE CAUSAS:
[10:34:30]   • Pagos con causa ORIGINAL: 2
[10:34:30]   • Causas encontradas en SIGEMI (actas viejas): 13
[10:34:30]   • Causas NO encontradas en SIGEMI: 0
[10:34:30]   • Causas asignadas automáticamente (actas nuevas): 0
[10:34:30] ⏱ PASO 3 (llenar causas): 0.0s
[10:34:30] ================================================================================
[10:34:30] PASO 4: ORDENANDO POR FECHA Y ACTA_NUMERO
[10:34:30] ================================================================================
[10:34:30] ✓ Pagos ordenados correctamente
[10:34:30]   • Primera entrada: Acta=50584, Fecha=21/09/2024
[10:34:30]   • Última entrada: Acta=351842, Fecha=12/05/2026
[10:34:30] 📝 Escribiendo archivo de salida...
[10:34:30]   ✅ Archivo escrito: datos/descargas/pagos/2026-08-07/PAGOS 20260807 103421.txt
[10:34:30]   ✅ Total registros: 1773
[10:34:30] ⏱ PASO 4 (ordenar y escribir): 0.0s
[10:34:30] ================================================================================
[10:34:30] ✅ PROCESO COMPLETADO EXITOSAMENTE
[10:34:30] ================================================================================
[10:34:30] 📊 RESUMEN FINAL DEL PROCESAMIENTO:
[10:34:30]   ENTRADA:
[10:34:30]     • Pagos originales: 20729
[10:34:30]     • Multas SIGEMI cargadas: 101494
[10:34:30]     • Multas SIGI cargadas: 41442
[10:34:30]     • Causas simplificadas (usadas para el cruce): 101180
[10:34:30]   PROCESO:
[10:34:30]     • Pagos rechazados sigemi: 15425
[10:34:30]     • Pagos rechazados sigi: 5289
[10:34:30]   SALIDA:
[10:34:30]     • Pagos desactualizados procesados: 15
[10:34:30]     • Archivo final: datos/descargas/pagos/2026-08-07/PAGOS 20260807 103421.txt
[10:34:30]     • Ordenados por fecha: SÍ ✓
[10:34:30]     • Todos con ACTA_NUMERO: SÍ ✓
[10:34:30]     • Todos con CAUSA_NUMERO: SÍ ✓
[10:34:30] ✅ TXT de pagos (ya cruzado con actas y causas) generado en: datos/descargas/pagos/2026-08-07/PAGOS 20260807 103421.txt
[10:34:30] 🧹 TXT de pagos crudo eliminado (ya usado en el cruce): datos/descargas/pagos/2026-08-07/ALL PAGOS DESCARGADOS.txt
[10:34:30] 🧹 Excel MULTAS_SIGEMI_CRUCE eliminado (ya usado en el cruce): datos/descargas/cache_actas_cruce/MULTAS_SIGEMI_CRUCE.xlsx
[10:34:30] 🧹 Excel MULTAS_SIGI_CRUCE eliminado (ya usado en el cruce): datos/descargas/cache_actas_cruce/MULTAS_SIGI_CRUCE.xlsx
[10:34:30] ✅ CompararActasPaso finalizado. (⏱ 9.4s)
[10:34:30] ==================================================
[10:34:30] 🚀 PASO: CargarPagosPaso
[10:34:30] ==================================================
[10:34:30] 📤 Subiendo TXT de pagos al SEMyT...
[10:34:32] ✅ Importación de pagos completada con éxito.
[10:34:32] ✅ Archivo TXT de pagos cargado en el SEMyT correctamente.
[10:34:32] ✅ CargarPagosPaso finalizado. (⏱ 2.2s)
[10:34:32] === Ejecución finalizada con éxito ===
