[12:53:12] === Inicio de ejecución: pagos ===
[12:53:12] ==================================================
[12:53:12] 🚀 PASO: LoginSEMyTPaso
[12:53:12] ==================================================
[12:53:12] Abriendo SEMyT...
[12:53:38] ✅ [SEMyT] Sesión existente detectada. Login omitido.
[12:53:38] ✅ LoginSEMyTPaso finalizado. (⏱ 25.8s)
[12:53:38] ==================================================
[12:53:38] 🚀 PASO: LoginSIGIPaso
[12:53:38] ==================================================
[12:53:38] Abriendo sitio municipalidad (CiDi)...
[12:53:39] ✅ [SIGI] Sesión existente detectada. Login omitido.
[12:53:39] ✅ LoginSIGIPaso finalizado. (⏱ 0.7s)
[12:53:39] ==================================================
[12:53:39] 🚀 PASO: DescargasParalelasPaso
[12:53:39] ==================================================
[12:53:39] 📤 Arrancando las 3 descargas en paralelo (mismo browser, páginas separadas)...
[12:53:39] Fecha Desde: 27/06/2024
[12:53:39] Fecha Hasta: 24/11/2025
[12:53:39] Fecha Desde: 25/11/2025
[12:53:39] Fecha Hasta: 07/08/2026
[12:53:39] Descargando Excel...
[12:53:39] Descargando Excel...
[12:54:06] Archivo descargado en: datos/descargas/cache_actas_cruce/MULTAS_SIGI_CRUCE.xlsx
[12:54:07] ⏱ [actas_sigi] completado en 28.1s
[12:54:12] ✅ TXT de pagos descargado en: datos/descargas/pagos/2026-08-07/ALL PAGOS DESCARGADOS.txt
[12:54:12] ⏱ [pagos_txt] completado en 33.0s
[12:54:30] Archivo descargado en: datos/descargas/cache_actas_cruce/MULTAS_SIGEMI_CRUCE.xlsx
[12:54:34] ⏱ [actas_sigemi] completado en 54.7s
[12:54:34] ⏱ TOTAL descargas en paralelo: 54.7s
[12:54:34] ✅ DescargasParalelasPaso finalizado. (⏱ 55.0s)
[12:54:34] ==================================================
[12:54:34] 🚀 PASO: CompararActasPaso
[12:54:34] ==================================================
[12:54:34] 🔍 Comparando actas del SEMyT contra pagos del SIGI...
[12:54:34] ================================================================================
[12:54:34] INICIANDO PROCESO DE GENERACIÓN DE PAGOS DESACTUALIZADOS
[12:54:34] ================================================================================
[12:54:34] 📂 Cargando archivos...
[12:54:34]   ✓ Pagos: 20754 registros
[12:54:37]   ✓ Excel SIGEMI (multas vencidas viejas): 101470 registros
[12:54:38]   ✓ Excel SIGI (multas vencidas nuevas): 41427 registros
[12:54:39] ================================================================================
[12:54:39] PASO 1: LLENANDO ACTA_NUMERO (búsqueda por patente + fecha, con desempate por hora)
[12:54:39] ================================================================================
[12:54:40] 📊 ESTADÍSTICAS DE LLENADO DE ACTAS:
[12:54:40]   • Pagos con acta ORIGINAL: 5305
[12:54:40]   • Pagos SIN acta (buscados): 15449
[12:54:40]   • Pagos LLENADOS exitosamente: 0
[12:54:40]   • Pagos NO encontrados en multas: 15449
[12:54:40]   • Pagos SIN RESOLVER por desbalance de cantidades: 0
[12:54:41] ================================================================================
[12:54:41] PASO 1: LLENANDO ACTA_NUMERO (búsqueda por patente + fecha, con desempate por hora)
[12:54:41] ================================================================================
[12:54:42] 📊 ESTADÍSTICAS DE LLENADO DE ACTAS:
[12:54:42]   • Pagos con acta ORIGINAL: 5305
[12:54:42]   • Pagos SIN acta (buscados): 15449
[12:54:42]   • Pagos LLENADOS exitosamente: 0
[12:54:42]   • Pagos NO encontrados en multas: 15449
[12:54:42]   • Pagos SIN RESOLVER por desbalance de cantidades: 0
[12:54:42] ⏱ PASO 1 (llenar actas): 3.8s
[12:54:42] ================================================================================
[12:54:42] PASO 2: FILTRANDO PAGOS CON ACTA_NUMERO COMPLETO
[12:54:42] ================================================================================
[12:54:42] 📊 ESTADÍSTICAS DE FILTRADO:
[12:54:42]   • Pagos TOTALES al inicio: 20754
[12:54:42]   • Pagos CON acta (MANTIENEN): 5305
[12:54:42]   • Pagos RECHAZADOS (sin coincidencias): 15449
[12:54:42] ⚠️  Se eliminaron 15449 registros sin número de acta
[12:54:42]      (recordá: esto incluye tanto pagos ya actualizados/pagados
[12:54:42]       como pagos que quedaron sin resolver por desbalance en el Paso 1)
[12:54:42] ================================================================================
[12:54:42] PASO 2-bis: CONFIRMANDO VIGENCIA DE PAGOS (sistema NUEVO contra MULTAS_SIGI_CRUCE, sistema VIEJO contra SIGEMI)
[12:54:42] ================================================================================
[12:54:43]   ⚠ 5290 pago(s) descartados: su acta ya no figura como vencida en MULTAS_SIGI_CRUCE (SEMyT ya los actualizó).
[12:54:43]   ⚠ 14 pago(s) descartados: su acta ya no figura como vencida en el Excel de SIGEMI (SEMyT ya los actualizó).
[12:54:43]   • Pagos descartados en total por ya estar actualizados/pagados: 5304
[12:54:43] ⏱ PASO 2 (filtrar): 0.5s
[12:54:43] 📂 Cargando maestro de causas SIGEMI...
[12:54:43]   ✓ Causas totales (maestro): 134069 registros
[12:54:43] ================================================================================
[12:54:43] PASO 2.5: ARMANDO causas.txt SIMPLIFICADO (cruce contra total_causas_sigemi.txt)
[12:54:43] ================================================================================
[12:54:43]   • Actas vencidas viejas (multas): 101470
[12:54:43]   • Causas totales en el maestro SIGEMI: 134069
[12:54:43]   • Causas que coinciden (simplificado): 101156
[12:54:43]   ✅ Archivo escrito: datos/descargas/causas/causas.txt
[12:54:43] ⏱ PASO 2.5 (causas simplificado): 0.4s
[12:54:43] ================================================================================
[12:54:43] PASO 3: LLENANDO CAUSA_NUMERO (según fecha de cambio de sistema, cruzando por acta + año)
[12:54:43] ================================================================================
[12:54:43] 📊 ESTADÍSTICAS DE LLENADO DE CAUSAS:
[12:54:43]   • Pagos con causa ORIGINAL: 1
[12:54:43]   • Causas encontradas en SIGEMI (actas viejas): 0
[12:54:43]   • Causas NO encontradas en SIGEMI: 0
[12:54:43]   • Causas asignadas automáticamente (actas nuevas): 0
[12:54:43] ⏱ PASO 3 (llenar causas): 0.0s
[12:54:43] ================================================================================
[12:54:43] PASO 4: ORDENANDO POR FECHA Y ACTA_NUMERO
[12:54:43] ================================================================================
[12:54:43] ✓ Pagos ordenados correctamente
[12:54:43]   • Primera entrada: Acta=306716, Fecha=04/05/2026
[12:54:43]   • Última entrada: Acta=306716, Fecha=04/05/2026
[12:54:43] 📝 Escribiendo archivo de salida...
[12:54:43]   ✅ Archivo escrito: datos/descargas/pagos/2026-08-07/PAGOS 20260807 125434.txt
[12:54:43]   ✅ Total registros: 258
[12:54:43] ⏱ PASO 4 (ordenar y escribir): 0.0s
[12:54:43] ================================================================================
[12:54:43] ✅ PROCESO COMPLETADO EXITOSAMENTE
[12:54:43] ================================================================================
[12:54:43] 📊 RESUMEN FINAL DEL PROCESAMIENTO:
[12:54:43]   ENTRADA:
[12:54:43]     • Pagos originales: 20754
[12:54:43]     • Multas SIGEMI cargadas: 101470
[12:54:43]     • Multas SIGI cargadas: 41427
[12:54:43]     • Causas simplificadas (usadas para el cruce): 101156
[12:54:43]   PROCESO:
[12:54:43]     • Pagos rechazados sigemi: 15449
[12:54:43]     • Pagos rechazados sigi: 5304
[12:54:43]   SALIDA:
[12:54:43]     • Pagos desactualizados procesados: 1
[12:54:43]     • Archivo final: datos/descargas/pagos/2026-08-07/PAGOS 20260807 125434.txt
[12:54:43]     • Ordenados por fecha: SÍ ✓
[12:54:43]     • Todos con ACTA_NUMERO: SÍ ✓
[12:54:43]     • Todos con CAUSA_NUMERO: SÍ ✓
[12:54:43] ✅ TXT de pagos (ya cruzado con actas y causas) generado en: datos/descargas/pagos/2026-08-07/PAGOS 20260807 125434.txt
[12:54:43] 🧹 TXT de pagos crudo eliminado (ya usado en el cruce): datos/descargas/pagos/2026-08-07/ALL PAGOS DESCARGADOS.txt
[12:54:43] 🧹 Excel MULTAS_SIGEMI_CRUCE eliminado (ya usado en el cruce): datos/descargas/cache_actas_cruce/MULTAS_SIGEMI_CRUCE.xlsx
[12:54:43] 🧹 Excel MULTAS_SIGI_CRUCE eliminado (ya usado en el cruce): datos/descargas/cache_actas_cruce/MULTAS_SIGI_CRUCE.xlsx
[12:54:43] ✅ CompararActasPaso finalizado. (⏱ 9.4s)
[12:54:43] ==================================================
[12:54:43] 🚀 PASO: CargarPagosPaso
[12:54:43] ==================================================
[12:54:43] 📤 Subiendo TXT de pagos al SEMyT...
[12:54:45] ✅ Importación de pagos completada con éxito.
[12:54:45] ✅ Archivo TXT de pagos cargado en el SEMyT correctamente.
[12:54:45] ✅ CargarPagosPaso finalizado. (⏱ 2.0s)
[12:54:45] === Ejecución finalizada con éxito ===
