[10:48:03] === Inicio de ejecución: pagos ===
[10:48:04] ==================================================
[10:48:04] 🚀 PASO: LoginSEMyTPaso
[10:48:04] ==================================================
[10:48:05] Abriendo SEMyT...
[10:48:29] ✅ [SEMyT] Sesión existente detectada. Login omitido.
[10:48:29] ✅ LoginSEMyTPaso finalizado. (⏱ 24.7s)
[10:48:29] ==================================================
[10:48:29] 🚀 PASO: LoginSIGIPaso
[10:48:29] ==================================================
[10:48:29] Abriendo sitio municipalidad (CiDi)...
[10:48:30] ✅ [SIGI] Sesión existente detectada. Login omitido.
[10:48:30] ✅ LoginSIGIPaso finalizado. (⏱ 0.8s)
[10:48:30] ==================================================
[10:48:30] 🚀 PASO: DescargasParalelasPaso
[10:48:30] ==================================================
[10:48:30] 📤 Arrancando las 3 descargas en paralelo (mismo browser, páginas separadas)...
[10:48:30] Fecha Desde: 27/06/2024
[10:48:30] Fecha Hasta: 24/11/2025
[10:48:30] Fecha Desde: 25/11/2025
[10:48:30] Fecha Hasta: 11/08/2026
[10:48:30] Descargando Excel...
[10:48:30] Descargando Excel...
[10:48:51] Archivo descargado en: datos/descargas/cache_actas_cruce/MULTAS_SIGI_CRUCE.xlsx
[10:48:55] ⏱ [actas_sigi] completado en 24.8s
[10:49:11] Archivo descargado en: datos/descargas/cache_actas_cruce/MULTAS_SIGEMI_CRUCE.xlsx
[10:49:20] ⏱ [actas_sigemi] completado en 49.5s
[10:49:20] ✅ TXT de pagos descargado en: datos/descargas/pagos/2026-08-11/ALL PAGOS DESCARGADOS.txt
[10:49:20] ⏱ [pagos_txt] completado en 49.5s
[10:49:20] ⏱ TOTAL descargas en paralelo: 49.5s
[10:49:20] ✅ DescargasParalelasPaso finalizado. (⏱ 50.0s)
[10:49:20] ==================================================
[10:49:20] 🚀 PASO: CompararActasPaso
[10:49:20] ==================================================
[10:49:20] 🔍 Comparando actas del SEMyT contra pagos del SIGI...
[10:49:20] ================================================================================
[10:49:20] INICIANDO PROCESO DE GENERACIÓN DE PAGOS DESACTUALIZADOS
[10:49:20] ================================================================================
[10:49:20] 📂 Cargando archivos...
[10:49:20]   ✓ Pagos: 21044 registros
[10:49:29]   ✓ Excel SIGEMI (multas vencidas viejas): 101301 registros
[10:49:33]   ✓ Excel SIGI (multas vencidas nuevas): 42454 registros
[10:49:34] ================================================================================
[10:49:34] PASO 1: LLENANDO ACTA_NUMERO (búsqueda por patente + fecha, con desempate por hora)
[10:49:34] ================================================================================
[10:49:38] 📊 ESTADÍSTICAS DE LLENADO DE ACTAS:
[10:49:38]   • Pagos con acta ORIGINAL: 5438
[10:49:38]   • Pagos SIN acta (buscados): 15606
[10:49:38]   • Pagos LLENADOS exitosamente: 1
[10:49:38]   • Pagos NO encontrados en multas: 15605
[10:49:38]   • Pagos SIN RESOLVER por desbalance de cantidades: 0
[10:49:39] ================================================================================
[10:49:39] PASO 1: LLENANDO ACTA_NUMERO (búsqueda por patente + fecha, con desempate por hora)
[10:49:39] ================================================================================
[10:49:43] 📊 ESTADÍSTICAS DE LLENADO DE ACTAS:
[10:49:43]   • Pagos con acta ORIGINAL: 5439
[10:49:43]   • Pagos SIN acta (buscados): 15605
[10:49:43]   • Pagos LLENADOS exitosamente: 0
[10:49:43]   • Pagos NO encontrados en multas: 15605
[10:49:43]   • Pagos SIN RESOLVER por desbalance de cantidades: 0
[10:49:43] ⏱ PASO 1 (llenar actas): 10.0s
[10:49:43] ================================================================================
[10:49:43] PASO 2: FILTRANDO PAGOS CON ACTA_NUMERO COMPLETO
[10:49:43] ================================================================================
[10:49:43] 📊 ESTADÍSTICAS DE FILTRADO:
[10:49:43]   • Pagos TOTALES al inicio: 21044
[10:49:43]   • Pagos CON acta (MANTIENEN): 5439
[10:49:43]   • Pagos RECHAZADOS (sin coincidencias): 15605
[10:49:43] ⚠️  Se eliminaron 15605 registros sin número de acta
[10:49:43]      (recordá: esto incluye tanto pagos ya actualizados/pagados
[10:49:43]       como pagos que quedaron sin resolver por desbalance en el Paso 1)
[10:49:43] ================================================================================
[10:49:43] PASO 2-bis: CONFIRMANDO VIGENCIA DE PAGOS (sistema NUEVO contra MULTAS_SIGI_CRUCE, sistema VIEJO contra SIGEMI)
[10:49:43] ================================================================================
[10:49:44]   ⚠ 5423 pago(s) descartados: su acta ya no figura como vencida en MULTAS_SIGI_CRUCE (SEMyT ya los actualizó).
[10:49:44]   ⚠ 15 pago(s) descartados: su acta ya no figura como vencida en el Excel de SIGEMI (SEMyT ya los actualizó).
[10:49:44]   • Pagos descartados en total por ya estar actualizados/pagados: 5438
[10:49:44] ⏱ PASO 2 (filtrar): 1.3s
[10:49:44] 📂 Cargando maestro de causas SIGEMI...
[10:49:44]   ✓ Causas totales (maestro): 134069 registros
[10:49:44] ================================================================================
[10:49:44] PASO 2.5: ARMANDO causas.txt SIMPLIFICADO (cruce contra total_causas_sigemi.txt)
[10:49:44] ================================================================================
[10:49:45]   • Actas vencidas viejas (multas): 101301
[10:49:45]   • Causas totales en el maestro SIGEMI: 134069
[10:49:45]   • Causas que coinciden (simplificado): 100988
[10:49:45]   ✅ Archivo escrito: datos/descargas/causas/causas.txt
[10:49:45] ⏱ PASO 2.5 (causas simplificado): 1.3s
[10:49:45] ================================================================================
[10:49:45] PASO 3: LLENANDO CAUSA_NUMERO (según fecha de cambio de sistema, cruzando por acta + año)
[10:49:45] ================================================================================
[10:49:45] 📊 ESTADÍSTICAS DE LLENADO DE CAUSAS:
[10:49:45]   • Pagos con causa ORIGINAL: 0
[10:49:45]   • Causas encontradas en SIGEMI (actas viejas): 1
[10:49:45]   • Causas NO encontradas en SIGEMI: 0
[10:49:45]   • Causas asignadas automáticamente (actas nuevas): 0
[10:49:45] ⏱ PASO 3 (llenar causas): 0.0s
[10:49:45] ================================================================================
[10:49:45] PASO 4: ORDENANDO POR FECHA Y ACTA_NUMERO
[10:49:45] ================================================================================
[10:49:45] ✓ Pagos ordenados correctamente
[10:49:45]   • Primera entrada: Acta=25939, Fecha=08/08/2024
[10:49:45]   • Última entrada: Acta=25939, Fecha=08/08/2024
[10:49:45] 📝 Escribiendo archivo de salida...
[10:49:45]   ✅ Archivo escrito: datos/descargas/pagos/2026-08-11/PAGOS 20260811 104920.txt
[10:49:45]   ✅ Total registros: 262
[10:49:45] ⏱ PASO 4 (ordenar y escribir): 0.0s
[10:49:45] ================================================================================
[10:49:45] ✅ PROCESO COMPLETADO EXITOSAMENTE
[10:49:45] ================================================================================
[10:49:45] 📊 RESUMEN FINAL DEL PROCESAMIENTO:
[10:49:45]   ENTRADA:
[10:49:45]     • Pagos originales: 21044
[10:49:45]     • Multas SIGEMI cargadas: 101301
[10:49:45]     • Multas SIGI cargadas: 42454
[10:49:45]     • Causas simplificadas (usadas para el cruce): 100988
[10:49:45]   PROCESO:
[10:49:45]     • Pagos rechazados sigemi: 15605
[10:49:45]     • Pagos rechazados sigi: 5438
[10:49:45]   SALIDA:
[10:49:45]     • Pagos desactualizados procesados: 1
[10:49:45]     • Archivo final: datos/descargas/pagos/2026-08-11/PAGOS 20260811 104920.txt
[10:49:45]     • Ordenados por fecha: SÍ ✓
[10:49:45]     • Todos con ACTA_NUMERO: SÍ ✓
[10:49:45]     • Todos con CAUSA_NUMERO: SÍ ✓
[10:49:45] ✅ TXT de pagos (ya cruzado con actas y causas) generado en: datos/descargas/pagos/2026-08-11/PAGOS 20260811 104920.txt
[10:49:45] 🧹 TXT de pagos crudo eliminado (ya usado en el cruce): datos/descargas/pagos/2026-08-11/ALL PAGOS DESCARGADOS.txt
[10:49:45] 🧹 Excel MULTAS_SIGEMI_CRUCE eliminado (ya usado en el cruce): datos/descargas/cache_actas_cruce/MULTAS_SIGEMI_CRUCE.xlsx
[10:49:45] 🧹 Excel MULTAS_SIGI_CRUCE eliminado (ya usado en el cruce): datos/descargas/cache_actas_cruce/MULTAS_SIGI_CRUCE.xlsx
[10:49:45] ✅ CompararActasPaso finalizado. (⏱ 25.7s)
[10:49:45] ==================================================
[10:49:45] 🚀 PASO: CargarPagosPaso
[10:49:45] ==================================================
[10:49:45] 📤 Subiendo TXT de pagos al SEMyT...
[10:49:47] ✅ Importación de pagos completada con éxito.
[10:49:47] ✅ Archivo TXT de pagos cargado en el SEMyT correctamente.
[10:49:47] ✅ CargarPagosPaso finalizado. (⏱ 1.8s)
[10:49:47] === Ejecución finalizada con éxito ===
