[15:24:23] === Inicio de ejecución: pagos ===
[15:24:23] ▶ [LoginSemytPaso] Iniciando...
[15:24:23] ==================================================
[15:24:23] 🚀 PASO: LoginSemytPaso
[15:24:23] ==================================================
[15:24:23] Abriendo SEMyT...
[15:24:25] ✅ [SEMyT] Sesión existente detectada. Login omitido.
[15:24:25] ✅ LoginSemytPaso finalizado. (⏱ 2.3s)
[15:24:25] ✓ [LoginSemytPaso] Completado.
[15:24:25] ▶ [LoginJuzgadoPaso] Iniciando...
[15:24:25] ==================================================
[15:24:25] 🚀 PASO: LoginJuzgadoPaso
[15:24:25] ==================================================
[15:24:25] Abriendo sitio municipalidad (CiDi)...
[15:24:26] ✅ [Juzgado] Sesión existente detectada. Login omitido.
[15:24:26] ✅ LoginJuzgadoPaso finalizado. (⏱ 0.8s)
[15:24:26] ✓ [LoginJuzgadoPaso] Completado.
[15:24:26] ▶ [DescargasParalelasPaso] Iniciando...
[15:24:26] ==================================================
[15:24:26] 🚀 PASO: DescargasParalelasPaso
[15:24:26] ==================================================
[15:24:27] 📤 Arrancando las 3 descargas en paralelo (mismo browser, páginas separadas)...
[15:24:27] Fecha Desde: 27/06/2024
[15:24:27] Fecha Hasta: 24/11/2025
[15:24:27] Fecha Desde: 25/11/2025
[15:24:27] Fecha Hasta: 26/07/2026
[15:24:27] Descargando Excel...
[15:24:27] Descargando Excel...
[15:24:36] Archivo descargado en: backend/descargas/cache_actas_cruce/MULTAS_JUZGADO_CRUCE.xlsx
[15:24:37] ⏱ [actas_juzgado] completado en 10.7s
[15:24:45] Archivo descargado en: backend/descargas/cache_actas_cruce/MULTAS_SIGEMI_CRUCE.xlsx
[15:24:48] ⏱ [actas_sigemi] completado en 21.6s
[15:24:48] ✅ TXT de pagos descargado en: backend/descargas/pagos/2026-07-26/PAGOS DESCARGADOS.txt
[15:24:48] ⏱ [pagos_txt] completado en 21.6s
[15:24:48] ⏱ TOTAL descargas en paralelo: 21.6s
[15:24:48] ✅ DescargasParalelasPaso finalizado. (⏱ 21.8s)
[15:24:48] ✓ [DescargasParalelasPaso] Completado.
[15:24:48] ▶ [CompararActasPaso] Iniciando...
[15:24:48] ==================================================
[15:24:48] 🚀 PASO: CompararActasPaso
[15:24:48] ==================================================
[15:24:48] 🔍 Comparando actas del SEMyT contra pagos del Juzgado...
[15:24:48] ================================================================================
[15:24:48] INICIANDO PROCESO DE GENERACIÓN DE PAGOS DESACTUALIZADOS
[15:24:48] ================================================================================
[15:24:48] 📂 Cargando archivos...
[15:24:48]   ✓ Pagos: 17394 registros
[15:24:51]   ✓ Excel SIGEMI (multas vencidas viejas): 103386 registros
[15:24:53]   ✓ Excel Juzgado (multas vencidas nuevas): 40263 registros
[15:24:53] ================================================================================
[15:24:53] PASO 1: LLENANDO ACTA_NUMERO (búsqueda por patente + fecha, con desempate por hora)
[15:24:53] ================================================================================
[15:24:54] 📊 ESTADÍSTICAS DE LLENADO DE ACTAS:
[15:24:54]   • Pagos con acta ORIGINAL: 3218
[15:24:54]   • Pagos SIN acta (buscados): 14176
[15:24:54]   • Pagos LLENADOS exitosamente: 0
[15:24:54]   • Pagos NO encontrados en multas: 14176
[15:24:54]   • Pagos SIN RESOLVER por desbalance de cantidades: 0
[15:24:55] ================================================================================
[15:24:55] PASO 1: LLENANDO ACTA_NUMERO (búsqueda por patente + fecha, con desempate por hora)
[15:24:55] ================================================================================
[15:24:56] 📊 ESTADÍSTICAS DE LLENADO DE ACTAS:
[15:24:56]   • Pagos con acta ORIGINAL: 3218
[15:24:56]   • Pagos SIN acta (buscados): 14176
[15:24:56]   • Pagos LLENADOS exitosamente: 0
[15:24:56]   • Pagos NO encontrados en multas: 14176
[15:24:56]   • Pagos SIN RESOLVER por desbalance de cantidades: 0
[15:24:56] ⏱ PASO 1 (llenar actas): 3.3s
[15:24:56] ================================================================================
[15:24:56] PASO 2: FILTRANDO PAGOS CON ACTA_NUMERO COMPLETO
[15:24:56] ================================================================================
[15:24:56] 📊 ESTADÍSTICAS DE FILTRADO:
[15:24:56]   • Pagos TOTALES al inicio: 17394
[15:24:56]   • Pagos CON acta (MANTIENEN): 3218
[15:24:56]   • Pagos RECHAZADOS (sin coincidencias): 14176
[15:24:56] ⚠️  Se eliminaron 14176 registros sin número de acta
[15:24:56]      (recordá: esto incluye tanto pagos ya actualizados/pagados
[15:24:56]       como pagos que quedaron sin resolver por desbalance en el Paso 1)
[15:24:56] ================================================================================
[15:24:56] PASO 2-bis: CONFIRMANDO VIGENCIA DE PAGOS DEL SISTEMA NUEVO (contra MULTAS_JUZGADO_CRUCE)
[15:24:56] ================================================================================
[15:24:56]   ⚠ 3215 pago(s) del sistema nuevo descartados: su acta ya no figura como vencida en MULTAS_JUZGADO_CRUCE (SEMyT ya los actualizó).
[15:24:56]   • Pagos del sistema nuevo descartados por ya estar actualizados: 3215
[15:24:56] ⏱ PASO 2 (filtrar): 0.3s
[15:24:56] 📂 Cargando maestro de causas SIGEMI...
[15:24:56]   ✓ Causas totales (maestro): 134069 registros
[15:24:56] ⏱ PASO 2.5 (causas simplificado): 0.0s
[15:24:56] ================================================================================
[15:24:56] PASO 2.5: ARMANDO causas.txt SIMPLIFICADO (cruce contra total_causas_sigemi.txt)
[15:24:56] ================================================================================
[15:24:57]   • Actas vencidas viejas (multas): 103386
[15:24:57]   • Causas totales en el maestro SIGEMI: 134069
[15:24:57]   • Causas que coinciden (simplificado): 103059
[15:24:57]   ✅ Archivo escrito: backend/descargas/causas/causas.txt
[15:24:57] ⏱ PASO 2.5 (causas simplificado): 0.4s
[15:24:57] ================================================================================
[15:24:57] PASO 3: LLENANDO CAUSA_NUMERO (según fecha de cambio de sistema, cruzando por acta + año)
[15:24:57] ================================================================================
[15:24:57] 📊 ESTADÍSTICAS DE LLENADO DE CAUSAS:
[15:24:57]   • Pagos con causa ORIGINAL: 3
[15:24:57]   • Causas encontradas en SIGEMI (actas viejas): 0
[15:24:57]   • Causas NO encontradas en SIGEMI: 0
[15:24:57]   • Causas asignadas automáticamente (actas nuevas): 0
[15:24:57] ⏱ PASO 3 (llenar causas): 0.0s
[15:24:57] ================================================================================
[15:24:57] PASO 4: ORDENANDO POR FECHA Y ACTA_NUMERO
[15:24:57] ================================================================================
[15:24:57] ✓ Pagos ordenados correctamente
[15:24:57]   • Primera entrada: Acta=350493, Fecha=28/09/2024
[15:24:57]   • Última entrada: Acta=272952, Fecha=27/02/2026
[15:24:57] 📝 Escribiendo archivo de salida...
[15:24:57]   ✅ Archivo escrito: backend/descargas/pagos/2026-07-26/PAGOS 20260726 152448.txt
[15:24:57]   ✅ Total registros: 460
[15:24:57] ⏱ PASO 4 (ordenar y escribir): 0.0s
[15:24:57] ================================================================================
[15:24:57] ✅ PROCESO COMPLETADO EXITOSAMENTE
[15:24:57] ================================================================================
[15:24:57] 📊 RESUMEN FINAL DEL PROCESAMIENTO:
[15:24:57]   ENTRADA:
[15:24:57]     • Pagos originales: 17394
[15:24:57]     • Multas SIGEMI cargadas: 103386
[15:24:57]     • Multas Juzgado cargadas: 40263
[15:24:57]     • Causas simplificadas (usadas para el cruce): 103059
[15:24:57]   PROCESO:
[15:24:57]     • Pagos rechazados sigemi: 14176
[15:24:57]     • Pagos rechazados juzgado: 3215
[15:24:57]   SALIDA:
[15:24:57]     • Pagos desactualizados procesados: 3
[15:24:57]     • Archivo final: backend/descargas/pagos/2026-07-26/PAGOS 20260726 152448.txt
[15:24:57]     • Ordenados por fecha: SÍ ✓
[15:24:57]     • Todos con ACTA_NUMERO: SÍ ✓
[15:24:57]     • Todos con CAUSA_NUMERO: SÍ ✓
[15:24:57] ✅ TXT de pagos (ya cruzado con actas y causas) generado en: backend/descargas/pagos/2026-07-26/PAGOS 20260726 152448.txt
[15:24:57] 🧹 TXT de pagos crudo eliminado (ya usado en el cruce): backend/descargas/pagos/2026-07-26/PAGOS DESCARGADOS.txt
[15:24:57] 🧹 Excel MULTAS_SIGEMI_CRUCE eliminado (ya usado en el cruce): backend/descargas/cache_actas_cruce/MULTAS_SIGEMI_CRUCE.xlsx
[15:24:57] 🧹 Excel MULTAS_JUZGADO_CRUCE eliminado (ya usado en el cruce): backend/descargas/cache_actas_cruce/MULTAS_JUZGADO_CRUCE.xlsx
[15:24:57] ✅ CompararActasPaso finalizado. (⏱ 8.5s)
[15:24:57] ✓ [CompararActasPaso] Completado.
[15:24:57] ▶ [CargarPagosPaso] Iniciando...
[15:24:57] ==================================================
[15:24:57] 🚀 PASO: CargarPagosPaso
[15:24:57] ==================================================
[15:24:57] 📤 Subiendo TXT de pagos al SEMyT...
[15:24:58] ✅ Importación de pagos completada con éxito.
[15:24:59] ✅ Archivo TXT de pagos cargado en el SEMyT correctamente.
[15:24:59] ✅ CargarPagosPaso finalizado. (⏱ 2.0s)
[15:24:59] ✓ [CargarPagosPaso] Completado.
[15:24:59] === Ejecución finalizada con éxito ===
