[13:55:55] === Inicio de ejecución: pagos ===
[13:55:56] ▶ [LoginSEMyTPaso] Iniciando...
[13:55:56] ==================================================
[13:55:56] 🚀 PASO: LoginSEMyTPaso
[13:55:56] ==================================================
[13:55:56] Abriendo SEMyT...
[13:55:58] ✅ [SEMyT] Sesión existente detectada. Login omitido.
[13:55:58] ✅ LoginSEMyTPaso finalizado. (⏱ 2.4s)
[13:55:58] ✓ [LoginSEMyTPaso] Completado.
[13:55:58] ▶ [LoginSIGIPaso] Iniciando...
[13:55:58] ==================================================
[13:55:58] 🚀 PASO: LoginSIGIPaso
[13:55:58] ==================================================
[13:55:58] Abriendo sitio municipalidad (CiDi)...
[13:55:58] ✅ [SIGI] Sesión existente detectada. Login omitido.
[13:55:58] ✅ LoginSIGIPaso finalizado. (⏱ 0.4s)
[13:55:58] ✓ [LoginSIGIPaso] Completado.
[13:55:58] ▶ [DescargasParalelasPaso] Iniciando...
[13:55:58] ==================================================
[13:55:58] 🚀 PASO: DescargasParalelasPaso
[13:55:58] ==================================================
[13:55:59] 📤 Arrancando las 3 descargas en paralelo (mismo browser, páginas separadas)...
[13:55:59] Fecha Desde: 27/06/2024
[13:55:59] Fecha Hasta: 24/11/2025
[13:55:59] Fecha Desde: 25/11/2025
[13:55:59] Fecha Hasta: 02/08/2026
[13:55:59] Descargando Excel...
[13:55:59] Descargando Excel...
[13:56:08] Archivo descargado en: backend/descargas/cache_actas_cruce/MULTAS_SIGI_CRUCE.xlsx
[13:56:10] ⏱ [actas_sigi] completado en 10.9s
[13:56:16] Archivo descargado en: backend/descargas/cache_actas_cruce/MULTAS_SIGEMI_CRUCE.xlsx
[13:56:20] ⏱ [actas_sigemi] completado en 21.0s
[13:56:29] ✅ TXT de pagos descargado en: backend/descargas/pagos/2026-08-02/PAGOS DESCARGADOS.txt
[13:56:29] ⏱ [pagos_txt] completado en 30.2s
[13:56:29] ⏱ TOTAL descargas en paralelo: 30.2s
[13:56:29] ✅ DescargasParalelasPaso finalizado. (⏱ 30.4s)
[13:56:29] ✓ [DescargasParalelasPaso] Completado.
[13:56:29] ▶ [CompararActasPaso] Iniciando...
[13:56:29] ==================================================
[13:56:29] 🚀 PASO: CompararActasPaso
[13:56:29] ==================================================
[13:56:29] 🔍 Comparando actas del SEMyT contra pagos del SIGI...
[13:56:29] ================================================================================
[13:56:29] INICIANDO PROCESO DE GENERACIÓN DE PAGOS DESACTUALIZADOS
[13:56:29] ================================================================================
[13:56:29] 📂 Cargando archivos...
[13:56:29]   ✓ Pagos: 19747 registros
[13:56:32]   ✓ Excel SIGEMI (multas vencidas viejas): 102120 registros
[13:56:33]   ✓ Excel SIGI (multas vencidas nuevas): 40893 registros
[13:56:34] ================================================================================
[13:56:34] PASO 1: LLENANDO ACTA_NUMERO (búsqueda por patente + fecha, con desempate por hora)
[13:56:34] ================================================================================
[13:56:35] 📊 ESTADÍSTICAS DE LLENADO DE ACTAS:
[13:56:35]   • Pagos con acta ORIGINAL: 4701
[13:56:35]   • Pagos SIN acta (buscados): 15046
[13:56:35]   • Pagos LLENADOS exitosamente: 0
[13:56:35]   • Pagos NO encontrados en multas: 15046
[13:56:35]   • Pagos SIN RESOLVER por desbalance de cantidades: 0
[13:56:35] ================================================================================
[13:56:35] PASO 1: LLENANDO ACTA_NUMERO (búsqueda por patente + fecha, con desempate por hora)
[13:56:35] ================================================================================
[13:56:37] 📊 ESTADÍSTICAS DE LLENADO DE ACTAS:
[13:56:37]   • Pagos con acta ORIGINAL: 4701
[13:56:37]   • Pagos SIN acta (buscados): 15046
[13:56:37]   • Pagos LLENADOS exitosamente: 0
[13:56:37]   • Pagos NO encontrados en multas: 15046
[13:56:37]   • Pagos SIN RESOLVER por desbalance de cantidades: 0
[13:56:37] ⏱ PASO 1 (llenar actas): 3.6s
[13:56:37] ================================================================================
[13:56:37] PASO 2: FILTRANDO PAGOS CON ACTA_NUMERO COMPLETO
[13:56:37] ================================================================================
[13:56:37] 📊 ESTADÍSTICAS DE FILTRADO:
[13:56:37]   • Pagos TOTALES al inicio: 19747
[13:56:37]   • Pagos CON acta (MANTIENEN): 4701
[13:56:37]   • Pagos RECHAZADOS (sin coincidencias): 15046
[13:56:37] ⚠️  Se eliminaron 15046 registros sin número de acta
[13:56:37]      (recordá: esto incluye tanto pagos ya actualizados/pagados
[13:56:37]       como pagos que quedaron sin resolver por desbalance en el Paso 1)
[13:56:37] ================================================================================
[13:56:37] PASO 2-bis: CONFIRMANDO VIGENCIA DE PAGOS (sistema NUEVO contra MULTAS_SIGI_CRUCE, sistema VIEJO contra SIGEMI)
[13:56:37] ================================================================================
[13:56:37]   ⚠ 4691 pago(s) descartados: su acta ya no figura como vencida en MULTAS_SIGI_CRUCE (SEMyT ya los actualizó).
[13:56:37]   ⚠ 9 pago(s) descartados: su acta ya no figura como vencida en el Excel de SIGEMI (SEMyT ya los actualizó).
[13:56:37]   • Pagos descartados en total por ya estar actualizados/pagados: 4700
[13:56:37] ⏱ PASO 2 (filtrar): 0.4s
[13:56:37] 📂 Cargando maestro de causas SIGEMI...
[13:56:37]   ✓ Causas totales (maestro): 134069 registros
[13:56:37] ⏱ PASO 2.5 (causas simplificado): 0.0s
[13:56:37] ================================================================================
[13:56:37] PASO 2.5: ARMANDO causas.txt SIMPLIFICADO (cruce contra total_causas_sigemi.txt)
[13:56:37] ================================================================================
[13:56:38]   • Actas vencidas viejas (multas): 102120
[13:56:38]   • Causas totales en el maestro SIGEMI: 134069
[13:56:38]   • Causas que coinciden (simplificado): 101800
[13:56:38]   ✅ Archivo escrito: backend/descargas/causas/causas.txt
[13:56:38] ⏱ PASO 2.5 (causas simplificado): 0.4s
[13:56:38] ================================================================================
[13:56:38] PASO 3: LLENANDO CAUSA_NUMERO (según fecha de cambio de sistema, cruzando por acta + año)
[13:56:38] ================================================================================
[13:56:38] 📊 ESTADÍSTICAS DE LLENADO DE CAUSAS:
[13:56:38]   • Pagos con causa ORIGINAL: 1
[13:56:38]   • Causas encontradas en SIGEMI (actas viejas): 0
[13:56:38]   • Causas NO encontradas en SIGEMI: 0
[13:56:38]   • Causas asignadas automáticamente (actas nuevas): 0
[13:56:38] ⏱ PASO 3 (llenar causas): 0.0s
[13:56:38] ================================================================================
[13:56:38] PASO 4: ORDENANDO POR FECHA Y ACTA_NUMERO
[13:56:38] ================================================================================
[13:56:38] ✓ Pagos ordenados correctamente
[13:56:38]   • Primera entrada: Acta=350942, Fecha=29/08/2025
[13:56:38]   • Última entrada: Acta=350942, Fecha=29/08/2025
[13:56:38] 📝 Escribiendo archivo de salida...
[13:56:38]   ✅ Archivo escrito: backend/descargas/pagos/2026-08-02/PAGOS 20260802 135629.txt
[13:56:38]   ✅ Total registros: 262
[13:56:38] ⏱ PASO 4 (ordenar y escribir): 0.0s
[13:56:38] ================================================================================
[13:56:38] ✅ PROCESO COMPLETADO EXITOSAMENTE
[13:56:38] ================================================================================
[13:56:38] 📊 RESUMEN FINAL DEL PROCESAMIENTO:
[13:56:38]   ENTRADA:
[13:56:38]     • Pagos originales: 19747
[13:56:38]     • Multas SIGEMI cargadas: 102120
[13:56:38]     • Multas SIGI cargadas: 40893
[13:56:38]     • Causas simplificadas (usadas para el cruce): 101800
[13:56:38]   PROCESO:
[13:56:38]     • Pagos rechazados sigemi: 15046
[13:56:38]     • Pagos rechazados sigi: 4700
[13:56:38]   SALIDA:
[13:56:38]     • Pagos desactualizados procesados: 1
[13:56:38]     • Archivo final: backend/descargas/pagos/2026-08-02/PAGOS 20260802 135629.txt
[13:56:38]     • Ordenados por fecha: SÍ ✓
[13:56:38]     • Todos con ACTA_NUMERO: SÍ ✓
[13:56:38]     • Todos con CAUSA_NUMERO: SÍ ✓
[13:56:38] ✅ TXT de pagos (ya cruzado con actas y causas) generado en: backend/descargas/pagos/2026-08-02/PAGOS 20260802 135629.txt
[13:56:38] 🧹 TXT de pagos crudo eliminado (ya usado en el cruce): backend/descargas/pagos/2026-08-02/PAGOS DESCARGADOS.txt
[13:56:38] 🧹 Excel MULTAS_SIGEMI_CRUCE eliminado (ya usado en el cruce): backend/descargas/cache_actas_cruce/MULTAS_SIGEMI_CRUCE.xlsx
[13:56:38] 🧹 Excel MULTAS_SIGI_CRUCE eliminado (ya usado en el cruce): backend/descargas/cache_actas_cruce/MULTAS_SIGI_CRUCE.xlsx
[13:56:38] ✅ CompararActasPaso finalizado. (⏱ 8.9s)
[13:56:38] ✓ [CompararActasPaso] Completado.
[13:56:38] ▶ [CargarPagosPaso] Iniciando...
[13:56:38] ==================================================
[13:56:38] 🚀 PASO: CargarPagosPaso
[13:56:38] ==================================================
[13:56:38] 📤 Subiendo TXT de pagos al SEMyT...
[13:56:39] ✅ Importación de pagos completada con éxito.
[13:56:40] ✅ Archivo TXT de pagos cargado en el SEMyT correctamente.
[13:56:40] ✅ CargarPagosPaso finalizado. (⏱ 2.0s)
[13:56:40] ✓ [CargarPagosPaso] Completado.
[13:56:40] === Ejecución finalizada con éxito ===
