[20:20:35] === Inicio de ejecución: pagos ===
[20:20:35] ▶ [LoginSEMyTPaso] Iniciando...
[20:20:35] ==================================================
[20:20:35] 🚀 PASO: LoginSEMyTPaso
[20:20:35] ==================================================
[20:20:35] Abriendo SEMyT...
[20:20:39] ✅ [SEMyT] Sesión existente detectada. Login omitido.
[20:20:39] ✅ LoginSEMyTPaso finalizado. (⏱ 3.5s)
[20:20:39] ✓ [LoginSEMyTPaso] Completado.
[20:20:39] ▶ [LoginSIGIPaso] Iniciando...
[20:20:39] ==================================================
[20:20:39] 🚀 PASO: LoginSIGIPaso
[20:20:39] ==================================================
[20:20:39] Abriendo sitio municipalidad (CiDi)...
[20:20:39] ✅ [SIGI] Sesión existente detectada. Login omitido.
[20:20:39] ✅ LoginSIGIPaso finalizado. (⏱ 0.6s)
[20:20:39] ✓ [LoginSIGIPaso] Completado.
[20:20:39] ▶ [DescargasParalelasPaso] Iniciando...
[20:20:39] ==================================================
[20:20:39] 🚀 PASO: DescargasParalelasPaso
[20:20:39] ==================================================
[20:20:40] 📤 Arrancando las 3 descargas en paralelo (mismo browser, páginas separadas)...
[20:20:40] Fecha Desde: 27/06/2024
[20:20:40] Fecha Hasta: 24/11/2025
[20:20:40] Fecha Desde: 25/11/2025
[20:20:40] Fecha Hasta: 02/08/2026
[20:20:40] Descargando Excel...
[20:20:40] Descargando Excel...
[20:20:48] Archivo descargado en: backend/descargas/cache_actas_cruce/MULTAS_SIGI_CRUCE.xlsx
[20:20:50] ⏱ [actas_sigi] completado en 10.1s
[20:20:57] Archivo descargado en: backend/descargas/cache_actas_cruce/MULTAS_SIGEMI_CRUCE.xlsx
[20:21:00] ⏱ [actas_sigemi] completado en 20.5s
[20:21:29] ✅ TXT de pagos descargado en: backend/descargas/pagos/2026-08-02/PAGOS DESCARGADOS.txt
[20:21:29] ⏱ [pagos_txt] completado en 49.0s
[20:21:29] ⏱ TOTAL descargas en paralelo: 49.0s
[20:21:29] ✅ DescargasParalelasPaso finalizado. (⏱ 49.3s)
[20:21:29] ✓ [DescargasParalelasPaso] Completado.
[20:21:29] ▶ [CompararActasPaso] Iniciando...
[20:21:29] ==================================================
[20:21:29] 🚀 PASO: CompararActasPaso
[20:21:29] ==================================================
[20:21:29] 🔍 Comparando actas del SEMyT contra pagos del SIGI...
[20:21:29] ================================================================================
[20:21:29] INICIANDO PROCESO DE GENERACIÓN DE PAGOS DESACTUALIZADOS
[20:21:29] ================================================================================
[20:21:29] 📂 Cargando archivos...
[20:21:29]   ✓ Pagos: 19774 registros
[20:21:32]   ✓ Excel SIGEMI (multas vencidas viejas): 102108 registros
[20:21:33]   ✓ Excel SIGI (multas vencidas nuevas): 40879 registros
[20:21:34] ================================================================================
[20:21:34] PASO 1: LLENANDO ACTA_NUMERO (búsqueda por patente + fecha, con desempate por hora)
[20:21:34] ================================================================================
[20:21:35] 📊 ESTADÍSTICAS DE LLENADO DE ACTAS:
[20:21:35]   • Pagos con acta ORIGINAL: 4716
[20:21:35]   • Pagos SIN acta (buscados): 15058
[20:21:35]   • Pagos LLENADOS exitosamente: 1
[20:21:35]   • Pagos NO encontrados en multas: 15057
[20:21:35]   • Pagos SIN RESOLVER por desbalance de cantidades: 0
[20:21:35] ================================================================================
[20:21:35] PASO 1: LLENANDO ACTA_NUMERO (búsqueda por patente + fecha, con desempate por hora)
[20:21:35] ================================================================================
[20:21:37] 📊 ESTADÍSTICAS DE LLENADO DE ACTAS:
[20:21:37]   • Pagos con acta ORIGINAL: 4717
[20:21:37]   • Pagos SIN acta (buscados): 15057
[20:21:37]   • Pagos LLENADOS exitosamente: 0
[20:21:37]   • Pagos NO encontrados en multas: 15057
[20:21:37]   • Pagos SIN RESOLVER por desbalance de cantidades: 0
[20:21:37] ⏱ PASO 1 (llenar actas): 3.6s
[20:21:37] ================================================================================
[20:21:37] PASO 2: FILTRANDO PAGOS CON ACTA_NUMERO COMPLETO
[20:21:37] ================================================================================
[20:21:37] 📊 ESTADÍSTICAS DE FILTRADO:
[20:21:37]   • Pagos TOTALES al inicio: 19774
[20:21:37]   • Pagos CON acta (MANTIENEN): 4717
[20:21:37]   • Pagos RECHAZADOS (sin coincidencias): 15057
[20:21:37] ⚠️  Se eliminaron 15057 registros sin número de acta
[20:21:37]      (recordá: esto incluye tanto pagos ya actualizados/pagados
[20:21:37]       como pagos que quedaron sin resolver por desbalance en el Paso 1)
[20:21:37] ================================================================================
[20:21:37] PASO 2-bis: CONFIRMANDO VIGENCIA DE PAGOS (sistema NUEVO contra MULTAS_SIGI_CRUCE, sistema VIEJO contra SIGEMI)
[20:21:37] ================================================================================
[20:21:37]   ⚠ 4705 pago(s) descartados: su acta ya no figura como vencida en MULTAS_SIGI_CRUCE (SEMyT ya los actualizó).
[20:21:37]   ⚠ 10 pago(s) descartados: su acta ya no figura como vencida en el Excel de SIGEMI (SEMyT ya los actualizó).
[20:21:37]   • Pagos descartados en total por ya estar actualizados/pagados: 4715
[20:21:37] ⏱ PASO 2 (filtrar): 0.4s
[20:21:37] 📂 Cargando maestro de causas SIGEMI...
[20:21:37]   ✓ Causas totales (maestro): 134069 registros
[20:21:37] ⏱ PASO 2.5 (causas simplificado): 0.0s
[20:21:37] ================================================================================
[20:21:37] PASO 2.5: ARMANDO causas.txt SIMPLIFICADO (cruce contra total_causas_sigemi.txt)
[20:21:37] ================================================================================
[20:21:37]   • Actas vencidas viejas (multas): 102108
[20:21:37]   • Causas totales en el maestro SIGEMI: 134069
[20:21:37]   • Causas que coinciden (simplificado): 101789
[20:21:37]   ✅ Archivo escrito: backend/descargas/causas/causas.txt
[20:21:37] ⏱ PASO 2.5 (causas simplificado): 0.4s
[20:21:37] ================================================================================
[20:21:37] PASO 3: LLENANDO CAUSA_NUMERO (según fecha de cambio de sistema, cruzando por acta + año)
[20:21:37] ================================================================================
[20:21:37] 📊 ESTADÍSTICAS DE LLENADO DE CAUSAS:
[20:21:37]   • Pagos con causa ORIGINAL: 1
[20:21:37]   • Causas encontradas en SIGEMI (actas viejas): 1
[20:21:37]   • Causas NO encontradas en SIGEMI: 0
[20:21:37]   • Causas asignadas automáticamente (actas nuevas): 0
[20:21:37] ⏱ PASO 3 (llenar causas): 0.0s
[20:21:37] ================================================================================
[20:21:37] PASO 4: ORDENANDO POR FECHA Y ACTA_NUMERO
[20:21:37] ================================================================================
[20:21:37] ✓ Pagos ordenados correctamente
[20:21:37]   • Primera entrada: Acta=199362, Fecha=03/09/2025
[20:21:37]   • Última entrada: Acta=319648, Fecha=22/05/2026
[20:21:37] 📝 Escribiendo archivo de salida...
[20:21:37]   ✅ Archivo escrito: backend/descargas/pagos/2026-08-02/PAGOS 20260802 202129.txt
[20:21:37]   ✅ Total registros: 366
[20:21:37] ⏱ PASO 4 (ordenar y escribir): 0.0s
[20:21:37] ================================================================================
[20:21:37] ✅ PROCESO COMPLETADO EXITOSAMENTE
[20:21:37] ================================================================================
[20:21:37] 📊 RESUMEN FINAL DEL PROCESAMIENTO:
[20:21:37]   ENTRADA:
[20:21:37]     • Pagos originales: 19774
[20:21:37]     • Multas SIGEMI cargadas: 102108
[20:21:37]     • Multas SIGI cargadas: 40879
[20:21:37]     • Causas simplificadas (usadas para el cruce): 101789
[20:21:37]   PROCESO:
[20:21:37]     • Pagos rechazados sigemi: 15057
[20:21:37]     • Pagos rechazados sigi: 4715
[20:21:37]   SALIDA:
[20:21:37]     • Pagos desactualizados procesados: 2
[20:21:37]     • Archivo final: backend/descargas/pagos/2026-08-02/PAGOS 20260802 202129.txt
[20:21:37]     • Ordenados por fecha: SÍ ✓
[20:21:37]     • Todos con ACTA_NUMERO: SÍ ✓
[20:21:37]     • Todos con CAUSA_NUMERO: SÍ ✓
[20:21:37] ✅ TXT de pagos (ya cruzado con actas y causas) generado en: backend/descargas/pagos/2026-08-02/PAGOS 20260802 202129.txt
[20:21:37] 🧹 TXT de pagos crudo eliminado (ya usado en el cruce): backend/descargas/pagos/2026-08-02/PAGOS DESCARGADOS.txt
[20:21:37] 🧹 Excel MULTAS_SIGEMI_CRUCE eliminado (ya usado en el cruce): backend/descargas/cache_actas_cruce/MULTAS_SIGEMI_CRUCE.xlsx
[20:21:37] 🧹 Excel MULTAS_SIGI_CRUCE eliminado (ya usado en el cruce): backend/descargas/cache_actas_cruce/MULTAS_SIGI_CRUCE.xlsx
[20:21:37] ✅ CompararActasPaso finalizado. (⏱ 8.9s)
[20:21:37] ✓ [CompararActasPaso] Completado.
[20:21:37] ▶ [CargarPagosPaso] Iniciando...
[20:21:37] ==================================================
[20:21:37] 🚀 PASO: CargarPagosPaso
[20:21:37] ==================================================
[20:21:37] 📤 Subiendo TXT de pagos al SEMyT...
[20:21:39] ✅ Importación de pagos completada con éxito.
[20:21:39] ✅ Archivo TXT de pagos cargado en el SEMyT correctamente.
[20:21:39] ✅ CargarPagosPaso finalizado. (⏱ 2.0s)
[20:21:39] ✓ [CargarPagosPaso] Completado.
[20:21:39] === Ejecución finalizada con éxito ===
