[15:21:58] === Inicio de ejecución: pagos ===
[15:21:58] ▶ [LoginSEMyTPaso] Iniciando...
[15:21:58] ==================================================
[15:21:58] 🚀 PASO: LoginSEMyTPaso
[15:21:58] ==================================================
[15:21:58] Abriendo SEMyT...
[15:22:01] ✅ [SEMyT] Sesión existente detectada. Login omitido.
[15:22:01] ✅ LoginSEMyTPaso finalizado. (⏱ 2.5s)
[15:22:01] ✓ [LoginSEMyTPaso] Completado.
[15:22:01] ▶ [LoginSIGIPaso] Iniciando...
[15:22:01] ==================================================
[15:22:01] 🚀 PASO: LoginSIGIPaso
[15:22:01] ==================================================
[15:22:01] Abriendo sitio municipalidad (CiDi)...
[15:22:01] ✅ [SIGI] Sesión existente detectada. Login omitido.
[15:22:01] ✅ LoginSIGIPaso finalizado. (⏱ 0.6s)
[15:22:01] ✓ [LoginSIGIPaso] Completado.
[15:22:01] ▶ [DescargasParalelasPaso] Iniciando...
[15:22:01] ==================================================
[15:22:01] 🚀 PASO: DescargasParalelasPaso
[15:22:01] ==================================================
[15:22:02] 📤 Arrancando las 3 descargas en paralelo (mismo browser, páginas separadas)...
[15:22:02] Fecha Desde: 27/06/2024
[15:22:02] Fecha Hasta: 24/11/2025
[15:22:02] Fecha Desde: 25/11/2025
[15:22:02] Fecha Hasta: 02/08/2026
[15:22:02] Descargando Excel...
[15:22:02] Descargando Excel...
[15:22:11] Archivo descargado en: backend/descargas/cache_actas_cruce/MULTAS_SIGI_CRUCE.xlsx
[15:22:12] ⏱ [actas_sigi] completado en 10.9s
[15:22:19] Archivo descargado en: backend/descargas/cache_actas_cruce/MULTAS_SIGEMI_CRUCE.xlsx
[15:22:22] ⏱ [actas_sigemi] completado en 20.4s
[15:22:32] ✅ TXT de pagos descargado en: backend/descargas/pagos/2026-08-02/PAGOS DESCARGADOS.txt
[15:22:32] ⏱ [pagos_txt] completado en 30.1s
[15:22:32] ⏱ TOTAL descargas en paralelo: 30.1s
[15:22:32] ✅ DescargasParalelasPaso finalizado. (⏱ 30.3s)
[15:22:32] ✓ [DescargasParalelasPaso] Completado.
[15:22:32] ▶ [CompararActasPaso] Iniciando...
[15:22:32] ==================================================
[15:22:32] 🚀 PASO: CompararActasPaso
[15:22:32] ==================================================
[15:22:32] 🔍 Comparando actas del SEMyT contra pagos del SIGI...
[15:22:32] ================================================================================
[15:22:32] INICIANDO PROCESO DE GENERACIÓN DE PAGOS DESACTUALIZADOS
[15:22:32] ================================================================================
[15:22:32] 📂 Cargando archivos...
[15:22:32]   ✓ Pagos: 19751 registros
[15:22:35]   ✓ Excel SIGEMI (multas vencidas viejas): 102118 registros
[15:22:36]   ✓ Excel SIGI (multas vencidas nuevas): 40891 registros
[15:22:37] ================================================================================
[15:22:37] PASO 1: LLENANDO ACTA_NUMERO (búsqueda por patente + fecha, con desempate por hora)
[15:22:37] ================================================================================
[15:22:38] 📊 ESTADÍSTICAS DE LLENADO DE ACTAS:
[15:22:38]   • Pagos con acta ORIGINAL: 4703
[15:22:38]   • Pagos SIN acta (buscados): 15048
[15:22:38]   • Pagos LLENADOS exitosamente: 1
[15:22:38]   • Pagos NO encontrados en multas: 15047
[15:22:38]   • Pagos SIN RESOLVER por desbalance de cantidades: 0
[15:22:38] ================================================================================
[15:22:38] PASO 1: LLENANDO ACTA_NUMERO (búsqueda por patente + fecha, con desempate por hora)
[15:22:38] ================================================================================
[15:22:40] 📊 ESTADÍSTICAS DE LLENADO DE ACTAS:
[15:22:40]   • Pagos con acta ORIGINAL: 4704
[15:22:40]   • Pagos SIN acta (buscados): 15047
[15:22:40]   • Pagos LLENADOS exitosamente: 0
[15:22:40]   • Pagos NO encontrados en multas: 15047
[15:22:40]   • Pagos SIN RESOLVER por desbalance de cantidades: 0
[15:22:40] ⏱ PASO 1 (llenar actas): 3.5s
[15:22:40] ================================================================================
[15:22:40] PASO 2: FILTRANDO PAGOS CON ACTA_NUMERO COMPLETO
[15:22:40] ================================================================================
[15:22:40] 📊 ESTADÍSTICAS DE FILTRADO:
[15:22:40]   • Pagos TOTALES al inicio: 19751
[15:22:40]   • Pagos CON acta (MANTIENEN): 4704
[15:22:40]   • Pagos RECHAZADOS (sin coincidencias): 15047
[15:22:40] ⚠️  Se eliminaron 15047 registros sin número de acta
[15:22:40]      (recordá: esto incluye tanto pagos ya actualizados/pagados
[15:22:40]       como pagos que quedaron sin resolver por desbalance en el Paso 1)
[15:22:40] ================================================================================
[15:22:40] PASO 2-bis: CONFIRMANDO VIGENCIA DE PAGOS (sistema NUEVO contra MULTAS_SIGI_CRUCE, sistema VIEJO contra SIGEMI)
[15:22:40] ================================================================================
[15:22:40]   ⚠ 4693 pago(s) descartados: su acta ya no figura como vencida en MULTAS_SIGI_CRUCE (SEMyT ya los actualizó).
[15:22:40]   ⚠ 10 pago(s) descartados: su acta ya no figura como vencida en el Excel de SIGEMI (SEMyT ya los actualizó).
[15:22:40]   • Pagos descartados en total por ya estar actualizados/pagados: 4703
[15:22:40] ⏱ PASO 2 (filtrar): 0.4s
[15:22:40] 📂 Cargando maestro de causas SIGEMI...
[15:22:40]   ✓ Causas totales (maestro): 134069 registros
[15:22:40] ⏱ PASO 2.5 (causas simplificado): 0.0s
[15:22:40] ================================================================================
[15:22:40] PASO 2.5: ARMANDO causas.txt SIMPLIFICADO (cruce contra total_causas_sigemi.txt)
[15:22:40] ================================================================================
[15:22:40]   • Actas vencidas viejas (multas): 102118
[15:22:40]   • Causas totales en el maestro SIGEMI: 134069
[15:22:40]   • Causas que coinciden (simplificado): 101799
[15:22:40]   ✅ Archivo escrito: backend/descargas/causas/causas.txt
[15:22:40] ⏱ PASO 2.5 (causas simplificado): 0.4s
[15:22:40] ================================================================================
[15:22:40] PASO 3: LLENANDO CAUSA_NUMERO (según fecha de cambio de sistema, cruzando por acta + año)
[15:22:40] ================================================================================
[15:22:40] 📊 ESTADÍSTICAS DE LLENADO DE CAUSAS:
[15:22:40]   • Pagos con causa ORIGINAL: 0
[15:22:40]   • Causas encontradas en SIGEMI (actas viejas): 1
[15:22:40]   • Causas NO encontradas en SIGEMI: 0
[15:22:40]   • Causas asignadas automáticamente (actas nuevas): 0
[15:22:40] ⏱ PASO 3 (llenar causas): 0.0s
[15:22:40] ================================================================================
[15:22:40] PASO 4: ORDENANDO POR FECHA Y ACTA_NUMERO
[15:22:40] ================================================================================
[15:22:40] ✓ Pagos ordenados correctamente
[15:22:40]   • Primera entrada: Acta=229930, Fecha=05/11/2025
[15:22:40]   • Última entrada: Acta=229930, Fecha=05/11/2025
[15:22:40] 📝 Escribiendo archivo de salida...
[15:22:40]   ✅ Archivo escrito: backend/descargas/pagos/2026-08-02/PAGOS 20260802 152232.txt
[15:22:40]   ✅ Total registros: 256
[15:22:40] ⏱ PASO 4 (ordenar y escribir): 0.0s
[15:22:40] ================================================================================
[15:22:40] ✅ PROCESO COMPLETADO EXITOSAMENTE
[15:22:40] ================================================================================
[15:22:40] 📊 RESUMEN FINAL DEL PROCESAMIENTO:
[15:22:40]   ENTRADA:
[15:22:40]     • Pagos originales: 19751
[15:22:40]     • Multas SIGEMI cargadas: 102118
[15:22:40]     • Multas SIGI cargadas: 40891
[15:22:40]     • Causas simplificadas (usadas para el cruce): 101799
[15:22:40]   PROCESO:
[15:22:40]     • Pagos rechazados sigemi: 15047
[15:22:40]     • Pagos rechazados sigi: 4703
[15:22:40]   SALIDA:
[15:22:40]     • Pagos desactualizados procesados: 1
[15:22:40]     • Archivo final: backend/descargas/pagos/2026-08-02/PAGOS 20260802 152232.txt
[15:22:40]     • Ordenados por fecha: SÍ ✓
[15:22:40]     • Todos con ACTA_NUMERO: SÍ ✓
[15:22:40]     • Todos con CAUSA_NUMERO: SÍ ✓
[15:22:40] ✅ TXT de pagos (ya cruzado con actas y causas) generado en: backend/descargas/pagos/2026-08-02/PAGOS 20260802 152232.txt
[15:22:40] 🧹 TXT de pagos crudo eliminado (ya usado en el cruce): backend/descargas/pagos/2026-08-02/PAGOS DESCARGADOS.txt
[15:22:40] 🧹 Excel MULTAS_SIGEMI_CRUCE eliminado (ya usado en el cruce): backend/descargas/cache_actas_cruce/MULTAS_SIGEMI_CRUCE.xlsx
[15:22:41] 🧹 Excel MULTAS_SIGI_CRUCE eliminado (ya usado en el cruce): backend/descargas/cache_actas_cruce/MULTAS_SIGI_CRUCE.xlsx
[15:22:41] ✅ CompararActasPaso finalizado. (⏱ 8.8s)
[15:22:41] ✓ [CompararActasPaso] Completado.
[15:22:41] ▶ [CargarPagosPaso] Iniciando...
[15:22:41] ==================================================
[15:22:41] 🚀 PASO: CargarPagosPaso
[15:22:41] ==================================================
[15:22:41] 📤 Subiendo TXT de pagos al SEMyT...
[15:22:42] ✅ Importación de pagos completada con éxito.
[15:22:42] ✅ Archivo TXT de pagos cargado en el SEMyT correctamente.
[15:22:42] ✅ CargarPagosPaso finalizado. (⏱ 1.4s)
[15:22:42] ✓ [CargarPagosPaso] Completado.
[15:22:42] === Ejecución finalizada con éxito ===
