[14:28:11] === Inicio de ejecución: pagos ===
[14:28:12] ▶ [LoginSEMyTPaso] Iniciando...
[14:28:12] ==================================================
[14:28:12] 🚀 PASO: LoginSEMyTPaso
[14:28:12] ==================================================
[14:28:12] Abriendo SEMyT...
[14:28:14] ✅ [SEMyT] Sesión existente detectada. Login omitido.
[14:28:14] ✅ LoginSEMyTPaso finalizado. (⏱ 2.6s)
[14:28:14] ✓ [LoginSEMyTPaso] Completado.
[14:28:14] ▶ [LoginSIGIPaso] Iniciando...
[14:28:14] ==================================================
[14:28:14] 🚀 PASO: LoginSIGIPaso
[14:28:14] ==================================================
[14:28:14] Abriendo sitio municipalidad (CiDi)...
[14:28:15] ✅ [SIGI] Sesión existente detectada. Login omitido.
[14:28:15] ✅ LoginSIGIPaso finalizado. (⏱ 0.6s)
[14:28:15] ✓ [LoginSIGIPaso] Completado.
[14:28:15] ▶ [DescargasParalelasPaso] Iniciando...
[14:28:15] ==================================================
[14:28:15] 🚀 PASO: DescargasParalelasPaso
[14:28:15] ==================================================
[14:28:15] 📤 Arrancando las 3 descargas en paralelo (mismo browser, páginas separadas)...
[14:28:15] Fecha Desde: 27/06/2024
[14:28:15] Fecha Hasta: 24/11/2025
[14:28:15] Fecha Desde: 25/11/2025
[14:28:15] Fecha Hasta: 02/08/2026
[14:28:15] Descargando Excel...
[14:28:15] Descargando Excel...
[14:28:25] Archivo descargado en: backend/descargas/cache_actas_cruce/MULTAS_SIGI_CRUCE.xlsx
[14:28:26] ⏱ [actas_sigi] completado en 11.2s
[14:28:33] Archivo descargado en: backend/descargas/cache_actas_cruce/MULTAS_SIGEMI_CRUCE.xlsx
[14:28:36] ⏱ [actas_sigemi] completado en 21.0s
[14:28:43] ✅ TXT de pagos descargado en: backend/descargas/pagos/2026-08-02/PAGOS DESCARGADOS.txt
[14:28:43] ⏱ [pagos_txt] completado en 28.0s
[14:28:43] ⏱ TOTAL descargas en paralelo: 28.0s
[14:28:43] ✅ DescargasParalelasPaso finalizado. (⏱ 28.2s)
[14:28:43] ✓ [DescargasParalelasPaso] Completado.
[14:28:43] ▶ [CompararActasPaso] Iniciando...
[14:28:43] ==================================================
[14:28:43] 🚀 PASO: CompararActasPaso
[14:28:43] ==================================================
[14:28:43] 🔍 Comparando actas del SEMyT contra pagos del SIGI...
[14:28:43] ================================================================================
[14:28:43] INICIANDO PROCESO DE GENERACIÓN DE PAGOS DESACTUALIZADOS
[14:28:43] ================================================================================
[14:28:43] 📂 Cargando archivos...
[14:28:43]   ✓ Pagos: 19748 registros
[14:28:46]   ✓ Excel SIGEMI (multas vencidas viejas): 102119 registros
[14:28:48]   ✓ Excel SIGI (multas vencidas nuevas): 40893 registros
[14:28:48] ================================================================================
[14:28:48] PASO 1: LLENANDO ACTA_NUMERO (búsqueda por patente + fecha, con desempate por hora)
[14:28:48] ================================================================================
[14:28:50] 📊 ESTADÍSTICAS DE LLENADO DE ACTAS:
[14:28:50]   • Pagos con acta ORIGINAL: 4701
[14:28:50]   • Pagos SIN acta (buscados): 15047
[14:28:50]   • Pagos LLENADOS exitosamente: 1
[14:28:50]   • Pagos NO encontrados en multas: 15046
[14:28:50]   • Pagos SIN RESOLVER por desbalance de cantidades: 0
[14:28:50] ================================================================================
[14:28:50] PASO 1: LLENANDO ACTA_NUMERO (búsqueda por patente + fecha, con desempate por hora)
[14:28:50] ================================================================================
[14:28:51] 📊 ESTADÍSTICAS DE LLENADO DE ACTAS:
[14:28:51]   • Pagos con acta ORIGINAL: 4702
[14:28:51]   • Pagos SIN acta (buscados): 15046
[14:28:51]   • Pagos LLENADOS exitosamente: 0
[14:28:51]   • Pagos NO encontrados en multas: 15046
[14:28:51]   • Pagos SIN RESOLVER por desbalance de cantidades: 0
[14:28:51] ⏱ PASO 1 (llenar actas): 3.6s
[14:28:51] ================================================================================
[14:28:51] PASO 2: FILTRANDO PAGOS CON ACTA_NUMERO COMPLETO
[14:28:51] ================================================================================
[14:28:51] 📊 ESTADÍSTICAS DE FILTRADO:
[14:28:51]   • Pagos TOTALES al inicio: 19748
[14:28:51]   • Pagos CON acta (MANTIENEN): 4702
[14:28:51]   • Pagos RECHAZADOS (sin coincidencias): 15046
[14:28:51] ⚠️  Se eliminaron 15046 registros sin número de acta
[14:28:51]      (recordá: esto incluye tanto pagos ya actualizados/pagados
[14:28:51]       como pagos que quedaron sin resolver por desbalance en el Paso 1)
[14:28:51] ================================================================================
[14:28:51] PASO 2-bis: CONFIRMANDO VIGENCIA DE PAGOS (sistema NUEVO contra MULTAS_SIGI_CRUCE, sistema VIEJO contra SIGEMI)
[14:28:51] ================================================================================
[14:28:52]   ⚠ 4691 pago(s) descartados: su acta ya no figura como vencida en MULTAS_SIGI_CRUCE (SEMyT ya los actualizó).
[14:28:52]   ⚠ 10 pago(s) descartados: su acta ya no figura como vencida en el Excel de SIGEMI (SEMyT ya los actualizó).
[14:28:52]   • Pagos descartados en total por ya estar actualizados/pagados: 4701
[14:28:52] ⏱ PASO 2 (filtrar): 0.4s
[14:28:52] 📂 Cargando maestro de causas SIGEMI...
[14:28:52]   ✓ Causas totales (maestro): 134069 registros
[14:28:52] ⏱ PASO 2.5 (causas simplificado): 0.0s
[14:28:52] ================================================================================
[14:28:52] PASO 2.5: ARMANDO causas.txt SIMPLIFICADO (cruce contra total_causas_sigemi.txt)
[14:28:52] ================================================================================
[14:28:52]   • Actas vencidas viejas (multas): 102119
[14:28:52]   • Causas totales en el maestro SIGEMI: 134069
[14:28:52]   • Causas que coinciden (simplificado): 101800
[14:28:52]   ✅ Archivo escrito: backend/descargas/causas/causas.txt
[14:28:52] ⏱ PASO 2.5 (causas simplificado): 0.4s
[14:28:52] ================================================================================
[14:28:52] PASO 3: LLENANDO CAUSA_NUMERO (según fecha de cambio de sistema, cruzando por acta + año)
[14:28:52] ================================================================================
[14:28:52] 📊 ESTADÍSTICAS DE LLENADO DE CAUSAS:
[14:28:52]   • Pagos con causa ORIGINAL: 0
[14:28:52]   • Causas encontradas en SIGEMI (actas viejas): 1
[14:28:52]   • Causas NO encontradas en SIGEMI: 0
[14:28:52]   • Causas asignadas automáticamente (actas nuevas): 0
[14:28:52] ⏱ PASO 3 (llenar causas): 0.0s
[14:28:52] ================================================================================
[14:28:52] PASO 4: ORDENANDO POR FECHA Y ACTA_NUMERO
[14:28:52] ================================================================================
[14:28:52] ✓ Pagos ordenados correctamente
[14:28:52]   • Primera entrada: Acta=204898, Fecha=15/09/2025
[14:28:52]   • Última entrada: Acta=204898, Fecha=15/09/2025
[14:28:52] 📝 Escribiendo archivo de salida...
[14:28:52]   ✅ Archivo escrito: backend/descargas/pagos/2026-08-02/PAGOS 20260802 142843.txt
[14:28:52]   ✅ Total registros: 261
[14:28:52] ⏱ PASO 4 (ordenar y escribir): 0.0s
[14:28:52] ================================================================================
[14:28:52] ✅ PROCESO COMPLETADO EXITOSAMENTE
[14:28:52] ================================================================================
[14:28:52] 📊 RESUMEN FINAL DEL PROCESAMIENTO:
[14:28:52]   ENTRADA:
[14:28:52]     • Pagos originales: 19748
[14:28:52]     • Multas SIGEMI cargadas: 102119
[14:28:52]     • Multas SIGI cargadas: 40893
[14:28:52]     • Causas simplificadas (usadas para el cruce): 101800
[14:28:52]   PROCESO:
[14:28:52]     • Pagos rechazados sigemi: 15046
[14:28:52]     • Pagos rechazados sigi: 4701
[14:28:52]   SALIDA:
[14:28:52]     • Pagos desactualizados procesados: 1
[14:28:52]     • Archivo final: backend/descargas/pagos/2026-08-02/PAGOS 20260802 142843.txt
[14:28:52]     • Ordenados por fecha: SÍ ✓
[14:28:52]     • Todos con ACTA_NUMERO: SÍ ✓
[14:28:52]     • Todos con CAUSA_NUMERO: SÍ ✓
[14:28:52] ✅ TXT de pagos (ya cruzado con actas y causas) generado en: backend/descargas/pagos/2026-08-02/PAGOS 20260802 142843.txt
[14:28:52] 🧹 TXT de pagos crudo eliminado (ya usado en el cruce): backend/descargas/pagos/2026-08-02/PAGOS DESCARGADOS.txt
[14:28:52] 🧹 Excel MULTAS_SIGEMI_CRUCE eliminado (ya usado en el cruce): backend/descargas/cache_actas_cruce/MULTAS_SIGEMI_CRUCE.xlsx
[14:28:52] 🧹 Excel MULTAS_SIGI_CRUCE eliminado (ya usado en el cruce): backend/descargas/cache_actas_cruce/MULTAS_SIGI_CRUCE.xlsx
[14:28:52] ✅ CompararActasPaso finalizado. (⏱ 8.9s)
[14:28:52] ✓ [CompararActasPaso] Completado.
[14:28:52] ▶ [CargarPagosPaso] Iniciando...
[14:28:52] ==================================================
[14:28:52] 🚀 PASO: CargarPagosPaso
[14:28:52] ==================================================
[14:28:52] 📤 Subiendo TXT de pagos al SEMyT...
[14:28:54] ✅ Importación de pagos completada con éxito.
[14:28:54] ✅ Archivo TXT de pagos cargado en el SEMyT correctamente.
[14:28:54] ✅ CargarPagosPaso finalizado. (⏱ 2.1s)
[14:28:54] ✓ [CargarPagosPaso] Completado.
[14:28:54] === Ejecución finalizada con éxito ===
