[18:51:48] === Inicio de ejecución: pagos ===
[18:51:48] ▶ [LoginSEMyTPaso] Iniciando...
[18:51:48] ==================================================
[18:51:48] 🚀 PASO: LoginSEMyTPaso
[18:51:48] ==================================================
[18:51:49] Abriendo SEMyT...
[18:51:51] ✅ [SEMyT] Sesión existente detectada. Login omitido.
[18:51:51] ✅ LoginSEMyTPaso finalizado. (⏱ 2.3s)
[18:51:51] ✓ [LoginSEMyTPaso] Completado.
[18:51:51] ▶ [LoginSIGIPaso] Iniciando...
[18:51:51] ==================================================
[18:51:51] 🚀 PASO: LoginSIGIPaso
[18:51:51] ==================================================
[18:51:51] Abriendo sitio municipalidad (CiDi)...
[18:51:51] ✅ [SIGI] Sesión existente detectada. Login omitido.
[18:51:52] ✅ LoginSIGIPaso finalizado. (⏱ 0.8s)
[18:51:52] ✓ [LoginSIGIPaso] Completado.
[18:51:52] ▶ [DescargasParalelasPaso] Iniciando...
[18:51:52] ==================================================
[18:51:52] 🚀 PASO: DescargasParalelasPaso
[18:51:52] ==================================================
[18:51:52] 📤 Arrancando las 3 descargas en paralelo (mismo browser, páginas separadas)...
[18:51:52] Fecha Desde: 27/06/2024
[18:51:52] Fecha Hasta: 24/11/2025
[18:51:52] Fecha Desde: 25/11/2025
[18:51:52] Fecha Hasta: 02/08/2026
[18:51:52] Descargando Excel...
[18:51:52] Descargando Excel...
[18:52:01] Archivo descargado en: backend/descargas/cache_actas_cruce/MULTAS_SIGI_CRUCE.xlsx
[18:52:03] ⏱ [actas_sigi] completado en 10.8s
[18:52:09] Archivo descargado en: backend/descargas/cache_actas_cruce/MULTAS_SIGEMI_CRUCE.xlsx
[18:52:12] ⏱ [actas_sigemi] completado en 20.4s
[18:52:32] ✅ TXT de pagos descargado en: backend/descargas/pagos/2026-08-02/PAGOS DESCARGADOS.txt
[18:52:32] ⏱ [pagos_txt] completado en 40.1s
[18:52:32] ⏱ TOTAL descargas en paralelo: 40.1s
[18:52:32] ✅ DescargasParalelasPaso finalizado. (⏱ 40.4s)
[18:52:32] ✓ [DescargasParalelasPaso] Completado.
[18:52:32] ▶ [CompararActasPaso] Iniciando...
[18:52:32] ==================================================
[18:52:32] 🚀 PASO: CompararActasPaso
[18:52:32] ==================================================
[18:52:32] 🔍 Comparando actas del SEMyT contra pagos del SIGI...
[18:52:32] ================================================================================
[18:52:32] INICIANDO PROCESO DE GENERACIÓN DE PAGOS DESACTUALIZADOS
[18:52:32] ================================================================================
[18:52:32] 📂 Cargando archivos...
[18:52:32]   ✓ Pagos: 19758 registros
[18:52:35]   ✓ Excel SIGEMI (multas vencidas viejas): 102117 registros
[18:52:36]   ✓ Excel SIGI (multas vencidas nuevas): 40889 registros
[18:52:37] ================================================================================
[18:52:37] PASO 1: LLENANDO ACTA_NUMERO (búsqueda por patente + fecha, con desempate por hora)
[18:52:37] ================================================================================
[18:52:38] 📊 ESTADÍSTICAS DE LLENADO DE ACTAS:
[18:52:38]   • Pagos con acta ORIGINAL: 4710
[18:52:38]   • Pagos SIN acta (buscados): 15048
[18:52:38]   • Pagos LLENADOS exitosamente: 0
[18:52:38]   • Pagos NO encontrados en multas: 15048
[18:52:38]   • Pagos SIN RESOLVER por desbalance de cantidades: 0
[18:52:39] ================================================================================
[18:52:39] PASO 1: LLENANDO ACTA_NUMERO (búsqueda por patente + fecha, con desempate por hora)
[18:52:39] ================================================================================
[18:52:40] 📊 ESTADÍSTICAS DE LLENADO DE ACTAS:
[18:52:40]   • Pagos con acta ORIGINAL: 4710
[18:52:40]   • Pagos SIN acta (buscados): 15048
[18:52:40]   • Pagos LLENADOS exitosamente: 0
[18:52:40]   • Pagos NO encontrados en multas: 15048
[18:52:40]   • Pagos SIN RESOLVER por desbalance de cantidades: 0
[18:52:40] ⏱ PASO 1 (llenar actas): 3.7s
[18:52:40] ================================================================================
[18:52:40] PASO 2: FILTRANDO PAGOS CON ACTA_NUMERO COMPLETO
[18:52:40] ================================================================================
[18:52:40] 📊 ESTADÍSTICAS DE FILTRADO:
[18:52:40]   • Pagos TOTALES al inicio: 19758
[18:52:40]   • Pagos CON acta (MANTIENEN): 4710
[18:52:40]   • Pagos RECHAZADOS (sin coincidencias): 15048
[18:52:40] ⚠️  Se eliminaron 15048 registros sin número de acta
[18:52:40]      (recordá: esto incluye tanto pagos ya actualizados/pagados
[18:52:40]       como pagos que quedaron sin resolver por desbalance en el Paso 1)
[18:52:40] ================================================================================
[18:52:40] PASO 2-bis: CONFIRMANDO VIGENCIA DE PAGOS (sistema NUEVO contra MULTAS_SIGI_CRUCE, sistema VIEJO contra SIGEMI)
[18:52:40] ================================================================================
[18:52:41]   ⚠ 4695 pago(s) descartados: su acta ya no figura como vencida en MULTAS_SIGI_CRUCE (SEMyT ya los actualizó).
[18:52:41]   ⚠ 10 pago(s) descartados: su acta ya no figura como vencida en el Excel de SIGEMI (SEMyT ya los actualizó).
[18:52:41]   • Pagos descartados en total por ya estar actualizados/pagados: 4705
[18:52:41] ⏱ PASO 2 (filtrar): 0.4s
[18:52:41] 📂 Cargando maestro de causas SIGEMI...
[18:52:41]   ✓ Causas totales (maestro): 134069 registros
[18:52:41] ⏱ PASO 2.5 (causas simplificado): 0.0s
[18:52:41] ================================================================================
[18:52:41] PASO 2.5: ARMANDO causas.txt SIMPLIFICADO (cruce contra total_causas_sigemi.txt)
[18:52:41] ================================================================================
[18:52:41]   • Actas vencidas viejas (multas): 102117
[18:52:41]   • Causas totales en el maestro SIGEMI: 134069
[18:52:41]   • Causas que coinciden (simplificado): 101798
[18:52:41]   ✅ Archivo escrito: backend/descargas/causas/causas.txt
[18:52:41] ⏱ PASO 2.5 (causas simplificado): 0.4s
[18:52:41] ================================================================================
[18:52:41] PASO 3: LLENANDO CAUSA_NUMERO (según fecha de cambio de sistema, cruzando por acta + año)
[18:52:41] ================================================================================
[18:52:41] 📊 ESTADÍSTICAS DE LLENADO DE CAUSAS:
[18:52:41]   • Pagos con causa ORIGINAL: 5
[18:52:41]   • Causas encontradas en SIGEMI (actas viejas): 0
[18:52:41]   • Causas NO encontradas en SIGEMI: 0
[18:52:41]   • Causas asignadas automáticamente (actas nuevas): 0
[18:52:41] ⏱ PASO 3 (llenar causas): 0.0s
[18:52:41] ================================================================================
[18:52:41] PASO 4: ORDENANDO POR FECHA Y ACTA_NUMERO
[18:52:41] ================================================================================
[18:52:41] ✓ Pagos ordenados correctamente
[18:52:41]   • Primera entrada: Acta=306743, Fecha=04/05/2026
[18:52:41]   • Última entrada: Acta=316392, Fecha=19/05/2026
[18:52:41] 📝 Escribiendo archivo de salida...
[18:52:41]   ✅ Archivo escrito: backend/descargas/pagos/2026-08-02/PAGOS 20260802 185232.txt
[18:52:41]   ✅ Total registros: 670
[18:52:41] ⏱ PASO 4 (ordenar y escribir): 0.0s
[18:52:41] ================================================================================
[18:52:41] ✅ PROCESO COMPLETADO EXITOSAMENTE
[18:52:41] ================================================================================
[18:52:41] 📊 RESUMEN FINAL DEL PROCESAMIENTO:
[18:52:41]   ENTRADA:
[18:52:41]     • Pagos originales: 19758
[18:52:41]     • Multas SIGEMI cargadas: 102117
[18:52:41]     • Multas SIGI cargadas: 40889
[18:52:41]     • Causas simplificadas (usadas para el cruce): 101798
[18:52:41]   PROCESO:
[18:52:41]     • Pagos rechazados sigemi: 15048
[18:52:41]     • Pagos rechazados sigi: 4705
[18:52:41]   SALIDA:
[18:52:41]     • Pagos desactualizados procesados: 5
[18:52:41]     • Archivo final: backend/descargas/pagos/2026-08-02/PAGOS 20260802 185232.txt
[18:52:41]     • Ordenados por fecha: SÍ ✓
[18:52:41]     • Todos con ACTA_NUMERO: SÍ ✓
[18:52:41]     • Todos con CAUSA_NUMERO: SÍ ✓
[18:52:41] ✅ TXT de pagos (ya cruzado con actas y causas) generado en: backend/descargas/pagos/2026-08-02/PAGOS 20260802 185232.txt
[18:52:41] 🧹 TXT de pagos crudo eliminado (ya usado en el cruce): backend/descargas/pagos/2026-08-02/PAGOS DESCARGADOS.txt
[18:52:41] 🧹 Excel MULTAS_SIGEMI_CRUCE eliminado (ya usado en el cruce): backend/descargas/cache_actas_cruce/MULTAS_SIGEMI_CRUCE.xlsx
[18:52:41] 🧹 Excel MULTAS_SIGI_CRUCE eliminado (ya usado en el cruce): backend/descargas/cache_actas_cruce/MULTAS_SIGI_CRUCE.xlsx
[18:52:41] ✅ CompararActasPaso finalizado. (⏱ 9.1s)
[18:52:41] ✓ [CompararActasPaso] Completado.
[18:52:41] ▶ [CargarPagosPaso] Iniciando...
[18:52:41] ==================================================
[18:52:41] 🚀 PASO: CargarPagosPaso
[18:52:41] ==================================================
[18:52:41] 📤 Subiendo TXT de pagos al SEMyT...
[18:52:43] ✅ Importación de pagos completada con éxito.
[18:52:43] ✅ Archivo TXT de pagos cargado en el SEMyT correctamente.
[18:52:43] ✅ CargarPagosPaso finalizado. (⏱ 2.0s)
[18:52:43] ✓ [CargarPagosPaso] Completado.
[18:52:43] === Ejecución finalizada con éxito ===
