[10:49:25] === Inicio de ejecución: pagos ===
[10:49:25] ▶ [LoginSemytPaso] Iniciando...
[10:49:25] ==================================================
[10:49:25] 🚀 PASO: LoginSemytPaso
[10:49:25] ==================================================
[10:49:25] Abriendo SEMyT...
[10:50:01] ✅ [SEMyT] Sesión existente detectada. Login omitido.
[10:50:01] ✅ LoginSemytPaso finalizado. (⏱ 35.6s)
[10:50:01] ✓ [LoginSemytPaso] Completado.
[10:50:01] ▶ [LoginJuzgadoPaso] Iniciando...
[10:50:01] ==================================================
[10:50:01] 🚀 PASO: LoginJuzgadoPaso
[10:50:01] ==================================================
[10:50:01] Abriendo sitio municipalidad (CiDi)...
[10:50:01] ✅ [Juzgado] Sesión existente detectada. Login omitido.
[10:50:01] ✅ LoginJuzgadoPaso finalizado. (⏱ 0.7s)
[10:50:01] ✓ [LoginJuzgadoPaso] Completado.
[10:50:01] ▶ [DescargasParalelasPaso] Iniciando...
[10:50:01] ==================================================
[10:50:01] 🚀 PASO: DescargasParalelasPaso
[10:50:01] ==================================================
[10:50:02] 📤 Arrancando las 3 descargas en paralelo (mismo browser, páginas separadas)...
[10:50:02] Fecha Desde: 27/06/2024
[10:50:02] Fecha Hasta: 24/11/2025
[10:50:02] Fecha Desde: 25/11/2025
[10:50:02] Fecha Hasta: 29/07/2026
[10:50:02] Descargando Excel...
[10:50:02] Descargando Excel...
[10:50:25] Archivo descargado en: backend/descargas/cache_actas_cruce/MULTAS_JUZGADO_CRUCE.xlsx
[10:50:26] ⏱ [actas_juzgado] completado en 24.5s
[10:50:31] ✅ TXT de pagos descargado en: backend/descargas/pagos/2026-07-29/PAGOS DESCARGADOS.txt
[10:50:31] ⏱ [pagos_txt] completado en 29.5s
[10:50:48] Archivo descargado en: backend/descargas/cache_actas_cruce/MULTAS_SIGEMI_CRUCE.xlsx
[10:50:52] ⏱ [actas_sigemi] completado en 50.5s
[10:50:52] ⏱ TOTAL descargas en paralelo: 50.5s
[10:50:52] ✅ DescargasParalelasPaso finalizado. (⏱ 50.7s)
[10:50:52] ✓ [DescargasParalelasPaso] Completado.
[10:50:52] ▶ [CompararActasPaso] Iniciando...
[10:50:52] ==================================================
[10:50:52] 🚀 PASO: CompararActasPaso
[10:50:52] ==================================================
[10:50:52] 🔍 Comparando actas del SEMyT contra pagos del Juzgado...
[10:50:52] ================================================================================
[10:50:52] INICIANDO PROCESO DE GENERACIÓN DE PAGOS DESACTUALIZADOS
[10:50:52] ================================================================================
[10:50:52] 📂 Cargando archivos...
[10:50:52]   ✓ Pagos: 18708 registros
[10:50:56]   ✓ Excel SIGEMI (multas vencidas viejas): 102872 registros
[10:50:58]   ✓ Excel Juzgado (multas vencidas nuevas): 40307 registros
[10:50:58] ================================================================================
[10:50:58] PASO 1: LLENANDO ACTA_NUMERO (búsqueda por patente + fecha, con desempate por hora)
[10:50:58] ================================================================================
[10:51:00] 📊 ESTADÍSTICAS DE LLENADO DE ACTAS:
[10:51:00]   • Pagos con acta ORIGINAL: 4028
[10:51:00]   • Pagos SIN acta (buscados): 14680
[10:51:00]   • Pagos LLENADOS exitosamente: 4
[10:51:00]   • Pagos NO encontrados en multas: 14676
[10:51:00]   • Pagos SIN RESOLVER por desbalance de cantidades: 0
[10:51:00] ================================================================================
[10:51:00] PASO 1: LLENANDO ACTA_NUMERO (búsqueda por patente + fecha, con desempate por hora)
[10:51:00] ================================================================================
[10:51:01] 📊 ESTADÍSTICAS DE LLENADO DE ACTAS:
[10:51:01]   • Pagos con acta ORIGINAL: 4032
[10:51:01]   • Pagos SIN acta (buscados): 14676
[10:51:01]   • Pagos LLENADOS exitosamente: 0
[10:51:01]   • Pagos NO encontrados en multas: 14676
[10:51:01]   • Pagos SIN RESOLVER por desbalance de cantidades: 0
[10:51:01] ⏱ PASO 1 (llenar actas): 3.6s
[10:51:01] ================================================================================
[10:51:01] PASO 2: FILTRANDO PAGOS CON ACTA_NUMERO COMPLETO
[10:51:01] ================================================================================
[10:51:01] 📊 ESTADÍSTICAS DE FILTRADO:
[10:51:01]   • Pagos TOTALES al inicio: 18708
[10:51:01]   • Pagos CON acta (MANTIENEN): 4032
[10:51:01]   • Pagos RECHAZADOS (sin coincidencias): 14676
[10:51:01] ⚠️  Se eliminaron 14676 registros sin número de acta
[10:51:01]      (recordá: esto incluye tanto pagos ya actualizados/pagados
[10:51:01]       como pagos que quedaron sin resolver por desbalance en el Paso 1)
[10:51:01] ================================================================================
[10:51:01] PASO 2-bis: CONFIRMANDO VIGENCIA DE PAGOS (sistema NUEVO contra MULTAS_JUZGADO_CRUCE, sistema VIEJO contra SIGEMI)
[10:51:01] ================================================================================
[10:51:02]   ⚠ 4017 pago(s) descartados: su acta ya no figura como vencida en MULTAS_JUZGADO_CRUCE (SEMyT ya los actualizó).
[10:51:02]   ⚠ 2 pago(s) descartados: su acta ya no figura como vencida en el Excel de SIGEMI (SEMyT ya los actualizó).
[10:51:02]   • Pagos descartados en total por ya estar actualizados/pagados: 4019
[10:51:02] ⏱ PASO 2 (filtrar): 0.4s
[10:51:02] 📂 Cargando maestro de causas SIGEMI...
[10:51:02]   ✓ Causas totales (maestro): 134069 registros
[10:51:02] ⏱ PASO 2.5 (causas simplificado): 0.0s
[10:51:02] ================================================================================
[10:51:02] PASO 2.5: ARMANDO causas.txt SIMPLIFICADO (cruce contra total_causas_sigemi.txt)
[10:51:02] ================================================================================
[10:51:02]   • Actas vencidas viejas (multas): 102872
[10:51:02]   • Causas totales en el maestro SIGEMI: 134069
[10:51:02]   • Causas que coinciden (simplificado): 102545
[10:51:02]   ✅ Archivo escrito: backend/descargas/causas/causas.txt
[10:51:02] ⏱ PASO 2.5 (causas simplificado): 0.4s
[10:51:02] ================================================================================
[10:51:02] PASO 3: LLENANDO CAUSA_NUMERO (según fecha de cambio de sistema, cruzando por acta + año)
[10:51:02] ================================================================================
[10:51:02] 📊 ESTADÍSTICAS DE LLENADO DE CAUSAS:
[10:51:02]   • Pagos con causa ORIGINAL: 9
[10:51:02]   • Causas encontradas en SIGEMI (actas viejas): 4
[10:51:02]   • Causas NO encontradas en SIGEMI: 0
[10:51:02]   • Causas asignadas automáticamente (actas nuevas): 0
[10:51:02] ⏱ PASO 3 (llenar causas): 0.0s
[10:51:02] ================================================================================
[10:51:02] PASO 4: ORDENANDO POR FECHA Y ACTA_NUMERO
[10:51:02] ================================================================================
[10:51:02] ✓ Pagos ordenados correctamente
[10:51:02]   • Primera entrada: Acta=29074, Fecha=13/08/2024
[10:51:02]   • Última entrada: Acta=319598, Fecha=22/05/2026
[10:51:02] 📝 Escribiendo archivo de salida...
[10:51:02]   ✅ Archivo escrito: backend/descargas/pagos/2026-07-29/PAGOS 20260729 105052.txt
[10:51:02]   ✅ Total registros: 1566
[10:51:02] ⏱ PASO 4 (ordenar y escribir): 0.0s
[10:51:02] ================================================================================
[10:51:02] ✅ PROCESO COMPLETADO EXITOSAMENTE
[10:51:02] ================================================================================
[10:51:02] 📊 RESUMEN FINAL DEL PROCESAMIENTO:
[10:51:02]   ENTRADA:
[10:51:02]     • Pagos originales: 18708
[10:51:02]     • Multas SIGEMI cargadas: 102872
[10:51:02]     • Multas Juzgado cargadas: 40307
[10:51:02]     • Causas simplificadas (usadas para el cruce): 102545
[10:51:02]   PROCESO:
[10:51:02]     • Pagos rechazados sigemi: 14676
[10:51:02]     • Pagos rechazados juzgado: 4019
[10:51:02]   SALIDA:
[10:51:02]     • Pagos desactualizados procesados: 13
[10:51:02]     • Archivo final: backend/descargas/pagos/2026-07-29/PAGOS 20260729 105052.txt
[10:51:02]     • Ordenados por fecha: SÍ ✓
[10:51:02]     • Todos con ACTA_NUMERO: SÍ ✓
[10:51:02]     • Todos con CAUSA_NUMERO: SÍ ✓
[10:51:02] ✅ TXT de pagos (ya cruzado con actas y causas) generado en: backend/descargas/pagos/2026-07-29/PAGOS 20260729 105052.txt
[10:51:02] 🧹 TXT de pagos crudo eliminado (ya usado en el cruce): backend/descargas/pagos/2026-07-29/PAGOS DESCARGADOS.txt
[10:51:02] 🧹 Excel MULTAS_SIGEMI_CRUCE eliminado (ya usado en el cruce): backend/descargas/cache_actas_cruce/MULTAS_SIGEMI_CRUCE.xlsx
[10:51:02] 🧹 Excel MULTAS_JUZGADO_CRUCE eliminado (ya usado en el cruce): backend/descargas/cache_actas_cruce/MULTAS_JUZGADO_CRUCE.xlsx
[10:51:02] ✅ CompararActasPaso finalizado. (⏱ 10.0s)
[10:51:02] ✓ [CompararActasPaso] Completado.
[10:51:02] ▶ [CargarPagosPaso] Iniciando...
[10:51:02] ==================================================
[10:51:02] 🚀 PASO: CargarPagosPaso
[10:51:02] ==================================================
[10:51:02] 📤 Subiendo TXT de pagos al SEMyT...
[10:51:04] ✅ Importación de pagos completada con éxito.
[10:51:04] ✅ Archivo TXT de pagos cargado en el SEMyT correctamente.
[10:51:04] ✅ CargarPagosPaso finalizado. (⏱ 2.0s)
[10:51:04] ✓ [CargarPagosPaso] Completado.
[10:51:04] === Ejecución finalizada con éxito ===
