[15:39:10] === Inicio de ejecución: pagos ===
[15:39:10] ▶ [LoginSemytPaso] Iniciando...
[15:39:10] ==================================================
[15:39:10] 🚀 PASO: LoginSemytPaso
[15:39:10] ==================================================
[15:39:10] Abriendo SEMyT...
[15:39:12] ✅ [SEMyT] Sesión existente detectada. Login omitido.
[15:39:13] ✅ LoginSemytPaso finalizado. (⏱ 2.6s)
[15:39:13] ✓ [LoginSemytPaso] Completado.
[15:39:13] ▶ [LoginJuzgadoPaso] Iniciando...
[15:39:13] ==================================================
[15:39:13] 🚀 PASO: LoginJuzgadoPaso
[15:39:13] ==================================================
[15:39:13] Abriendo sitio municipalidad (CiDi)...
[15:39:13] ✅ [Juzgado] Sesión existente detectada. Login omitido.
[15:39:13] ✅ LoginJuzgadoPaso finalizado. (⏱ 0.5s)
[15:39:13] ✓ [LoginJuzgadoPaso] Completado.
[15:39:13] ▶ [DescargasParalelasPaso] Iniciando...
[15:39:13] ==================================================
[15:39:13] 🚀 PASO: DescargasParalelasPaso
[15:39:13] ==================================================
[15:39:13] 📤 Arrancando las 3 descargas en paralelo (mismo browser, páginas separadas)...
[15:39:13] Fecha Desde: 27/06/2024
[15:39:13] Fecha Hasta: 24/11/2025
[15:39:13] Fecha Desde: 25/11/2025
[15:39:13] Fecha Hasta: 29/07/2026
[15:39:13] Descargando Excel...
[15:39:13] Descargando Excel...
[15:39:23] Archivo descargado en: backend/descargas/cache_actas_cruce/MULTAS_JUZGADO_CRUCE.xlsx
[15:39:25] ⏱ [actas_juzgado] completado en 11.3s
[15:39:33] Archivo descargado en: backend/descargas/cache_actas_cruce/MULTAS_SIGEMI_CRUCE.xlsx
[15:39:36] ⏱ [actas_sigemi] completado en 23.2s
[15:39:37] ✅ TXT de pagos descargado en: backend/descargas/pagos/2026-07-29/PAGOS DESCARGADOS.txt
[15:39:37] ⏱ [pagos_txt] completado en 23.5s
[15:39:37] ⏱ TOTAL descargas en paralelo: 23.5s
[15:39:37] ✅ DescargasParalelasPaso finalizado. (⏱ 23.7s)
[15:39:37] ✓ [DescargasParalelasPaso] Completado.
[15:39:37] ▶ [CompararActasPaso] Iniciando...
[15:39:37] ==================================================
[15:39:37] 🚀 PASO: CompararActasPaso
[15:39:37] ==================================================
[15:39:37] 🔍 Comparando actas del SEMyT contra pagos del Juzgado...
[15:39:37] ================================================================================
[15:39:37] INICIANDO PROCESO DE GENERACIÓN DE PAGOS DESACTUALIZADOS
[15:39:37] ================================================================================
[15:39:37] 📂 Cargando archivos...
[15:39:37]   ✓ Pagos: 18831 registros
[15:39:40]   ✓ Excel SIGEMI (multas vencidas viejas): 102832 registros
[15:39:41]   ✓ Excel Juzgado (multas vencidas nuevas): 40212 registros
[15:39:42] ================================================================================
[15:39:42] PASO 1: LLENANDO ACTA_NUMERO (búsqueda por patente + fecha, con desempate por hora)
[15:39:42] ================================================================================
[15:39:43] 📊 ESTADÍSTICAS DE LLENADO DE ACTAS:
[15:39:43]   • Pagos con acta ORIGINAL: 4115
[15:39:43]   • Pagos SIN acta (buscados): 14716
[15:39:43]   • Pagos LLENADOS exitosamente: 0
[15:39:43]   • Pagos NO encontrados en multas: 14716
[15:39:43]   • Pagos SIN RESOLVER por desbalance de cantidades: 0
[15:39:43] ================================================================================
[15:39:43] PASO 1: LLENANDO ACTA_NUMERO (búsqueda por patente + fecha, con desempate por hora)
[15:39:43] ================================================================================
[15:39:45] 📊 ESTADÍSTICAS DE LLENADO DE ACTAS:
[15:39:45]   • Pagos con acta ORIGINAL: 4115
[15:39:45]   • Pagos SIN acta (buscados): 14716
[15:39:45]   • Pagos LLENADOS exitosamente: 0
[15:39:45]   • Pagos NO encontrados en multas: 14716
[15:39:45]   • Pagos SIN RESOLVER por desbalance de cantidades: 0
[15:39:45] ⏱ PASO 1 (llenar actas): 3.5s
[15:39:45] ================================================================================
[15:39:45] PASO 2: FILTRANDO PAGOS CON ACTA_NUMERO COMPLETO
[15:39:45] ================================================================================
[15:39:45] 📊 ESTADÍSTICAS DE FILTRADO:
[15:39:45]   • Pagos TOTALES al inicio: 18831
[15:39:45]   • Pagos CON acta (MANTIENEN): 4115
[15:39:45]   • Pagos RECHAZADOS (sin coincidencias): 14716
[15:39:45] ⚠️  Se eliminaron 14716 registros sin número de acta
[15:39:45]      (recordá: esto incluye tanto pagos ya actualizados/pagados
[15:39:45]       como pagos que quedaron sin resolver por desbalance en el Paso 1)
[15:39:45] ================================================================================
[15:39:45] PASO 2-bis: CONFIRMANDO VIGENCIA DE PAGOS (sistema NUEVO contra MULTAS_JUZGADO_CRUCE, sistema VIEJO contra SIGEMI)
[15:39:45] ================================================================================
[15:39:45]   ⚠ 4112 pago(s) descartados: su acta ya no figura como vencida en MULTAS_JUZGADO_CRUCE (SEMyT ya los actualizó).
[15:39:45]   ⚠ 2 pago(s) descartados: su acta ya no figura como vencida en el Excel de SIGEMI (SEMyT ya los actualizó).
[15:39:45]   • Pagos descartados en total por ya estar actualizados/pagados: 4114
[15:39:45] ⏱ PASO 2 (filtrar): 0.4s
[15:39:45] 📂 Cargando maestro de causas SIGEMI...
[15:39:45]   ✓ Causas totales (maestro): 134069 registros
[15:39:45] ⏱ PASO 2.5 (causas simplificado): 0.0s
[15:39:45] ================================================================================
[15:39:45] PASO 2.5: ARMANDO causas.txt SIMPLIFICADO (cruce contra total_causas_sigemi.txt)
[15:39:45] ================================================================================
[15:39:45]   • Actas vencidas viejas (multas): 102832
[15:39:45]   • Causas totales en el maestro SIGEMI: 134069
[15:39:45]   • Causas que coinciden (simplificado): 102505
[15:39:45]   ✅ Archivo escrito: backend/descargas/causas/causas.txt
[15:39:45] ⏱ PASO 2.5 (causas simplificado): 0.4s
[15:39:45] ================================================================================
[15:39:45] PASO 3: LLENANDO CAUSA_NUMERO (según fecha de cambio de sistema, cruzando por acta + año)
[15:39:45] ================================================================================
[15:39:45] 📊 ESTADÍSTICAS DE LLENADO DE CAUSAS:
[15:39:45]   • Pagos con causa ORIGINAL: 1
[15:39:45]   • Causas encontradas en SIGEMI (actas viejas): 0
[15:39:45]   • Causas NO encontradas en SIGEMI: 0
[15:39:45]   • Causas asignadas automáticamente (actas nuevas): 0
[15:39:45] ⏱ PASO 3 (llenar causas): 0.0s
[15:39:45] ================================================================================
[15:39:45] PASO 4: ORDENANDO POR FECHA Y ACTA_NUMERO
[15:39:45] ================================================================================
[15:39:45] ✓ Pagos ordenados correctamente
[15:39:45]   • Primera entrada: Acta=311974, Fecha=12/05/2026
[15:39:45]   • Última entrada: Acta=311974, Fecha=12/05/2026
[15:39:45] 📝 Escribiendo archivo de salida...
[15:39:45]   ✅ Archivo escrito: backend/descargas/pagos/2026-07-29/PAGOS 20260729 153937.txt
[15:39:45]   ✅ Total registros: 260
[15:39:45] ⏱ PASO 4 (ordenar y escribir): 0.0s
[15:39:45] ================================================================================
[15:39:45] ✅ PROCESO COMPLETADO EXITOSAMENTE
[15:39:45] ================================================================================
[15:39:45] 📊 RESUMEN FINAL DEL PROCESAMIENTO:
[15:39:45]   ENTRADA:
[15:39:45]     • Pagos originales: 18831
[15:39:45]     • Multas SIGEMI cargadas: 102832
[15:39:45]     • Multas Juzgado cargadas: 40212
[15:39:45]     • Causas simplificadas (usadas para el cruce): 102505
[15:39:45]   PROCESO:
[15:39:45]     • Pagos rechazados sigemi: 14716
[15:39:45]     • Pagos rechazados juzgado: 4114
[15:39:45]   SALIDA:
[15:39:45]     • Pagos desactualizados procesados: 1
[15:39:45]     • Archivo final: backend/descargas/pagos/2026-07-29/PAGOS 20260729 153937.txt
[15:39:45]     • Ordenados por fecha: SÍ ✓
[15:39:45]     • Todos con ACTA_NUMERO: SÍ ✓
[15:39:45]     • Todos con CAUSA_NUMERO: SÍ ✓
[15:39:45] ✅ TXT de pagos (ya cruzado con actas y causas) generado en: backend/descargas/pagos/2026-07-29/PAGOS 20260729 153937.txt
[15:39:45] 🧹 TXT de pagos crudo eliminado (ya usado en el cruce): backend/descargas/pagos/2026-07-29/PAGOS DESCARGADOS.txt
[15:39:45] 🧹 Excel MULTAS_SIGEMI_CRUCE eliminado (ya usado en el cruce): backend/descargas/cache_actas_cruce/MULTAS_SIGEMI_CRUCE.xlsx
[15:39:45] 🧹 Excel MULTAS_JUZGADO_CRUCE eliminado (ya usado en el cruce): backend/descargas/cache_actas_cruce/MULTAS_JUZGADO_CRUCE.xlsx
[15:39:45] ✅ CompararActasPaso finalizado. (⏱ 8.7s)
[15:39:45] ✓ [CompararActasPaso] Completado.
[15:39:45] ▶ [CargarPagosPaso] Iniciando...
[15:39:45] ==================================================
[15:39:45] 🚀 PASO: CargarPagosPaso
[15:39:45] ==================================================
[15:39:45] 📤 Subiendo TXT de pagos al SEMyT...
[15:39:47] ✅ Importación de pagos completada con éxito.
[15:39:47] ✅ Archivo TXT de pagos cargado en el SEMyT correctamente.
[15:39:47] ✅ CargarPagosPaso finalizado. (⏱ 1.6s)
[15:39:47] ✓ [CargarPagosPaso] Completado.
[15:39:47] === Ejecución finalizada con éxito ===
