[16:11:41] === Inicio de ejecución: pagos ===
[16:11:41] ▶ [LoginSemytPaso] Iniciando...
[16:11:41] ==================================================
[16:11:41] 🚀 PASO: LoginSemytPaso
[16:11:41] ==================================================
[16:11:41] Abriendo SEMyT...
[16:11:43] ✅ [SEMyT] Sesión existente detectada. Login omitido.
[16:11:44] ✅ LoginSemytPaso finalizado. (⏱ 2.5s)
[16:11:44] ✓ [LoginSemytPaso] Completado.
[16:11:44] ▶ [LoginJuzgadoPaso] Iniciando...
[16:11:44] ==================================================
[16:11:44] 🚀 PASO: LoginJuzgadoPaso
[16:11:44] ==================================================
[16:11:44] Abriendo sitio municipalidad (CiDi)...
[16:11:44] ✅ [Juzgado] Sesión existente detectada. Login omitido.
[16:11:44] ✅ LoginJuzgadoPaso finalizado. (⏱ 0.6s)
[16:11:44] ✓ [LoginJuzgadoPaso] Completado.
[16:11:44] ▶ [DescargasParalelasPaso] Iniciando...
[16:11:44] ==================================================
[16:11:44] 🚀 PASO: DescargasParalelasPaso
[16:11:44] ==================================================
[16:11:44] 📤 Arrancando las 3 descargas en paralelo (mismo browser, páginas separadas)...
[16:11:44] Fecha Desde: 27/06/2024
[16:11:44] Fecha Hasta: 24/11/2025
[16:11:44] Fecha Desde: 25/11/2025
[16:11:44] Fecha Hasta: 29/07/2026
[16:11:44] Descargando Excel...
[16:11:44] Descargando Excel...
[16:11:57] Archivo descargado en: backend/descargas/cache_actas_cruce/MULTAS_JUZGADO_CRUCE.xlsx
[16:11:58] ⏱ [actas_juzgado] completado en 13.7s
[16:12:05] Archivo descargado en: backend/descargas/cache_actas_cruce/MULTAS_SIGEMI_CRUCE.xlsx
[16:12:08] ⏱ [actas_sigemi] completado en 23.8s
[16:12:13] ✅ TXT de pagos descargado en: backend/descargas/pagos/2026-07-29/PAGOS DESCARGADOS.txt
[16:12:13] ⏱ [pagos_txt] completado en 28.9s
[16:12:13] ⏱ TOTAL descargas en paralelo: 28.9s
[16:12:13] ✅ DescargasParalelasPaso finalizado. (⏱ 29.2s)
[16:12:13] ✓ [DescargasParalelasPaso] Completado.
[16:12:13] ▶ [CompararActasPaso] Iniciando...
[16:12:13] ==================================================
[16:12:13] 🚀 PASO: CompararActasPaso
[16:12:13] ==================================================
[16:12:13] 🔍 Comparando actas del SEMyT contra pagos del Juzgado...
[16:12:13] ================================================================================
[16:12:13] INICIANDO PROCESO DE GENERACIÓN DE PAGOS DESACTUALIZADOS
[16:12:13] ================================================================================
[16:12:13] 📂 Cargando archivos...
[16:12:13]   ✓ Pagos: 18850 registros
[16:12:16]   ✓ Excel SIGEMI (multas vencidas viejas): 102832 registros
[16:12:18]   ✓ Excel Juzgado (multas vencidas nuevas): 40193 registros
[16:12:18] ================================================================================
[16:12:18] PASO 1: LLENANDO ACTA_NUMERO (búsqueda por patente + fecha, con desempate por hora)
[16:12:18] ================================================================================
[16:12:20] 📊 ESTADÍSTICAS DE LLENADO DE ACTAS:
[16:12:20]   • Pagos con acta ORIGINAL: 4134
[16:12:20]   • Pagos SIN acta (buscados): 14716
[16:12:20]   • Pagos LLENADOS exitosamente: 0
[16:12:20]   • Pagos NO encontrados en multas: 14716
[16:12:20]   • Pagos SIN RESOLVER por desbalance de cantidades: 0
[16:12:20] ================================================================================
[16:12:20] PASO 1: LLENANDO ACTA_NUMERO (búsqueda por patente + fecha, con desempate por hora)
[16:12:20] ================================================================================
[16:12:21] 📊 ESTADÍSTICAS DE LLENADO DE ACTAS:
[16:12:21]   • Pagos con acta ORIGINAL: 4134
[16:12:21]   • Pagos SIN acta (buscados): 14716
[16:12:21]   • Pagos LLENADOS exitosamente: 0
[16:12:21]   • Pagos NO encontrados en multas: 14716
[16:12:21]   • Pagos SIN RESOLVER por desbalance de cantidades: 0
[16:12:21] ⏱ PASO 1 (llenar actas): 3.4s
[16:12:21] ================================================================================
[16:12:21] PASO 2: FILTRANDO PAGOS CON ACTA_NUMERO COMPLETO
[16:12:21] ================================================================================
[16:12:21] 📊 ESTADÍSTICAS DE FILTRADO:
[16:12:21]   • Pagos TOTALES al inicio: 18850
[16:12:21]   • Pagos CON acta (MANTIENEN): 4134
[16:12:21]   • Pagos RECHAZADOS (sin coincidencias): 14716
[16:12:21] ⚠️  Se eliminaron 14716 registros sin número de acta
[16:12:21]      (recordá: esto incluye tanto pagos ya actualizados/pagados
[16:12:21]       como pagos que quedaron sin resolver por desbalance en el Paso 1)
[16:12:21] ================================================================================
[16:12:21] PASO 2-bis: CONFIRMANDO VIGENCIA DE PAGOS (sistema NUEVO contra MULTAS_JUZGADO_CRUCE, sistema VIEJO contra SIGEMI)
[16:12:21] ================================================================================
[16:12:21]   ⚠ 4131 pago(s) descartados: su acta ya no figura como vencida en MULTAS_JUZGADO_CRUCE (SEMyT ya los actualizó).
[16:12:21]   ⚠ 2 pago(s) descartados: su acta ya no figura como vencida en el Excel de SIGEMI (SEMyT ya los actualizó).
[16:12:21]   • Pagos descartados en total por ya estar actualizados/pagados: 4133
[16:12:21] ⏱ PASO 2 (filtrar): 0.4s
[16:12:21] 📂 Cargando maestro de causas SIGEMI...
[16:12:21]   ✓ Causas totales (maestro): 134069 registros
[16:12:21] ⏱ PASO 2.5 (causas simplificado): 0.0s
[16:12:21] ================================================================================
[16:12:21] PASO 2.5: ARMANDO causas.txt SIMPLIFICADO (cruce contra total_causas_sigemi.txt)
[16:12:21] ================================================================================
[16:12:22]   • Actas vencidas viejas (multas): 102832
[16:12:22]   • Causas totales en el maestro SIGEMI: 134069
[16:12:22]   • Causas que coinciden (simplificado): 102505
[16:12:22]   ✅ Archivo escrito: backend/descargas/causas/causas.txt
[16:12:22] ⏱ PASO 2.5 (causas simplificado): 0.4s
[16:12:22] ================================================================================
[16:12:22] PASO 3: LLENANDO CAUSA_NUMERO (según fecha de cambio de sistema, cruzando por acta + año)
[16:12:22] ================================================================================
[16:12:22] 📊 ESTADÍSTICAS DE LLENADO DE CAUSAS:
[16:12:22]   • Pagos con causa ORIGINAL: 1
[16:12:22]   • Causas encontradas en SIGEMI (actas viejas): 0
[16:12:22]   • Causas NO encontradas en SIGEMI: 0
[16:12:22]   • Causas asignadas automáticamente (actas nuevas): 0
[16:12:22] ⏱ PASO 3 (llenar causas): 0.0s
[16:12:22] ================================================================================
[16:12:22] PASO 4: ORDENANDO POR FECHA Y ACTA_NUMERO
[16:12:22] ================================================================================
[16:12:22] ✓ Pagos ordenados correctamente
[16:12:22]   • Primera entrada: Acta=312450, Fecha=12/05/2026
[16:12:22]   • Última entrada: Acta=312450, Fecha=12/05/2026
[16:12:22] 📝 Escribiendo archivo de salida...
[16:12:22]   ✅ Archivo escrito: backend/descargas/pagos/2026-07-29/PAGOS 20260729 161213.txt
[16:12:22]   ✅ Total registros: 259
[16:12:22] ⏱ PASO 4 (ordenar y escribir): 0.0s
[16:12:22] ================================================================================
[16:12:22] ✅ PROCESO COMPLETADO EXITOSAMENTE
[16:12:22] ================================================================================
[16:12:22] 📊 RESUMEN FINAL DEL PROCESAMIENTO:
[16:12:22]   ENTRADA:
[16:12:22]     • Pagos originales: 18850
[16:12:22]     • Multas SIGEMI cargadas: 102832
[16:12:22]     • Multas Juzgado cargadas: 40193
[16:12:22]     • Causas simplificadas (usadas para el cruce): 102505
[16:12:22]   PROCESO:
[16:12:22]     • Pagos rechazados sigemi: 14716
[16:12:22]     • Pagos rechazados juzgado: 4133
[16:12:22]   SALIDA:
[16:12:22]     • Pagos desactualizados procesados: 1
[16:12:22]     • Archivo final: backend/descargas/pagos/2026-07-29/PAGOS 20260729 161213.txt
[16:12:22]     • Ordenados por fecha: SÍ ✓
[16:12:22]     • Todos con ACTA_NUMERO: SÍ ✓
[16:12:22]     • Todos con CAUSA_NUMERO: SÍ ✓
[16:12:22] ✅ TXT de pagos (ya cruzado con actas y causas) generado en: backend/descargas/pagos/2026-07-29/PAGOS 20260729 161213.txt
[16:12:22] 🧹 TXT de pagos crudo eliminado (ya usado en el cruce): backend/descargas/pagos/2026-07-29/PAGOS DESCARGADOS.txt
[16:12:22] 🧹 Excel MULTAS_SIGEMI_CRUCE eliminado (ya usado en el cruce): backend/descargas/cache_actas_cruce/MULTAS_SIGEMI_CRUCE.xlsx
[16:12:22] 🧹 Excel MULTAS_JUZGADO_CRUCE eliminado (ya usado en el cruce): backend/descargas/cache_actas_cruce/MULTAS_JUZGADO_CRUCE.xlsx
[16:12:22] ✅ CompararActasPaso finalizado. (⏱ 8.6s)
[16:12:22] ✓ [CompararActasPaso] Completado.
[16:12:22] ▶ [CargarPagosPaso] Iniciando...
[16:12:22] ==================================================
[16:12:22] 🚀 PASO: CargarPagosPaso
[16:12:22] ==================================================
[16:12:22] 📤 Subiendo TXT de pagos al SEMyT...
[16:12:23] ✅ Importación de pagos completada con éxito.
[16:12:24] ✅ Archivo TXT de pagos cargado en el SEMyT correctamente.
[16:12:24] ✅ CargarPagosPaso finalizado. (⏱ 2.0s)
[16:12:24] ✓ [CargarPagosPaso] Completado.
[16:12:24] === Ejecución finalizada con éxito ===
