[15:17:39] === Inicio de ejecución: pagos ===
[15:17:39] ▶ [LoginSemytPaso] Iniciando...
[15:17:39] ==================================================
[15:17:39] 🚀 PASO: LoginSemytPaso
[15:17:39] ==================================================
[15:17:39] Abriendo SEMyT...
[15:17:41] ✅ [SEMyT] Sesión existente detectada. Login omitido.
[15:17:42] ✅ LoginSemytPaso finalizado. (⏱ 2.4s)
[15:17:42] ✓ [LoginSemytPaso] Completado.
[15:17:42] ▶ [LoginJuzgadoPaso] Iniciando...
[15:17:42] ==================================================
[15:17:42] 🚀 PASO: LoginJuzgadoPaso
[15:17:42] ==================================================
[15:17:42] Abriendo sitio municipalidad (CiDi)...
[15:17:42] ✅ [Juzgado] Sesión existente detectada. Login omitido.
[15:17:42] ✅ LoginJuzgadoPaso finalizado. (⏱ 0.5s)
[15:17:42] ✓ [LoginJuzgadoPaso] Completado.
[15:17:42] ▶ [DescargasParalelasPaso] Iniciando...
[15:17:42] ==================================================
[15:17:42] 🚀 PASO: DescargasParalelasPaso
[15:17:42] ==================================================
[15:17:42] 📤 Arrancando las 3 descargas en paralelo (mismo browser, páginas separadas)...
[15:17:42] Fecha Desde: 27/06/2024
[15:17:42] Fecha Hasta: 24/11/2025
[15:17:42] Fecha Desde: 25/11/2025
[15:17:42] Fecha Hasta: 29/07/2026
[15:17:42] Descargando Excel...
[15:17:42] Descargando Excel...
[15:17:53] Archivo descargado en: backend/descargas/cache_actas_cruce/MULTAS_JUZGADO_CRUCE.xlsx
[15:17:54] ⏱ [actas_juzgado] completado en 11.9s
[15:18:00] Archivo descargado en: backend/descargas/cache_actas_cruce/MULTAS_SIGEMI_CRUCE.xlsx
[15:18:04] ⏱ [actas_sigemi] completado en 21.2s
[15:18:07] ✅ TXT de pagos descargado en: backend/descargas/pagos/2026-07-29/PAGOS DESCARGADOS.txt
[15:18:07] ⏱ [pagos_txt] completado en 24.9s
[15:18:07] ⏱ TOTAL descargas en paralelo: 24.9s
[15:18:07] ✅ DescargasParalelasPaso finalizado. (⏱ 25.2s)
[15:18:07] ✓ [DescargasParalelasPaso] Completado.
[15:18:07] ▶ [CompararActasPaso] Iniciando...
[15:18:07] ==================================================
[15:18:07] 🚀 PASO: CompararActasPaso
[15:18:07] ==================================================
[15:18:07] 🔍 Comparando actas del SEMyT contra pagos del Juzgado...
[15:18:07] ================================================================================
[15:18:07] INICIANDO PROCESO DE GENERACIÓN DE PAGOS DESACTUALIZADOS
[15:18:07] ================================================================================
[15:18:07] 📂 Cargando archivos...
[15:18:07]   ✓ Pagos: 18826 registros
[15:18:10]   ✓ Excel SIGEMI (multas vencidas viejas): 102835 registros
[15:18:12]   ✓ Excel Juzgado (multas vencidas nuevas): 40214 registros
[15:18:12] ================================================================================
[15:18:12] PASO 1: LLENANDO ACTA_NUMERO (búsqueda por patente + fecha, con desempate por hora)
[15:18:12] ================================================================================
[15:18:14] 📊 ESTADÍSTICAS DE LLENADO DE ACTAS:
[15:18:14]   • Pagos con acta ORIGINAL: 4113
[15:18:14]   • Pagos SIN acta (buscados): 14713
[15:18:14]   • Pagos LLENADOS exitosamente: 0
[15:18:14]   • Pagos NO encontrados en multas: 14713
[15:18:14]   • Pagos SIN RESOLVER por desbalance de cantidades: 0
[15:18:14] ================================================================================
[15:18:14] PASO 1: LLENANDO ACTA_NUMERO (búsqueda por patente + fecha, con desempate por hora)
[15:18:14] ================================================================================
[15:18:15] 📊 ESTADÍSTICAS DE LLENADO DE ACTAS:
[15:18:15]   • Pagos con acta ORIGINAL: 4113
[15:18:15]   • Pagos SIN acta (buscados): 14713
[15:18:15]   • Pagos LLENADOS exitosamente: 0
[15:18:15]   • Pagos NO encontrados en multas: 14713
[15:18:15]   • Pagos SIN RESOLVER por desbalance de cantidades: 0
[15:18:15] ⏱ PASO 1 (llenar actas): 3.5s
[15:18:15] ================================================================================
[15:18:15] PASO 2: FILTRANDO PAGOS CON ACTA_NUMERO COMPLETO
[15:18:15] ================================================================================
[15:18:15] 📊 ESTADÍSTICAS DE FILTRADO:
[15:18:15]   • Pagos TOTALES al inicio: 18826
[15:18:15]   • Pagos CON acta (MANTIENEN): 4113
[15:18:15]   • Pagos RECHAZADOS (sin coincidencias): 14713
[15:18:15] ⚠️  Se eliminaron 14713 registros sin número de acta
[15:18:15]      (recordá: esto incluye tanto pagos ya actualizados/pagados
[15:18:15]       como pagos que quedaron sin resolver por desbalance en el Paso 1)
[15:18:15] ================================================================================
[15:18:15] PASO 2-bis: CONFIRMANDO VIGENCIA DE PAGOS (sistema NUEVO contra MULTAS_JUZGADO_CRUCE, sistema VIEJO contra SIGEMI)
[15:18:15] ================================================================================
[15:18:15]   ⚠ 4110 pago(s) descartados: su acta ya no figura como vencida en MULTAS_JUZGADO_CRUCE (SEMyT ya los actualizó).
[15:18:15]   ⚠ 2 pago(s) descartados: su acta ya no figura como vencida en el Excel de SIGEMI (SEMyT ya los actualizó).
[15:18:15]   • Pagos descartados en total por ya estar actualizados/pagados: 4112
[15:18:15] ⏱ PASO 2 (filtrar): 0.4s
[15:18:15] 📂 Cargando maestro de causas SIGEMI...
[15:18:16]   ✓ Causas totales (maestro): 134069 registros
[15:18:16] ⏱ PASO 2.5 (causas simplificado): 0.0s
[15:18:16] ================================================================================
[15:18:16] PASO 2.5: ARMANDO causas.txt SIMPLIFICADO (cruce contra total_causas_sigemi.txt)
[15:18:16] ================================================================================
[15:18:16]   • Actas vencidas viejas (multas): 102835
[15:18:16]   • Causas totales en el maestro SIGEMI: 134069
[15:18:16]   • Causas que coinciden (simplificado): 102508
[15:18:16]   ✅ Archivo escrito: backend/descargas/causas/causas.txt
[15:18:16] ⏱ PASO 2.5 (causas simplificado): 0.4s
[15:18:16] ================================================================================
[15:18:16] PASO 3: LLENANDO CAUSA_NUMERO (según fecha de cambio de sistema, cruzando por acta + año)
[15:18:16] ================================================================================
[15:18:16] 📊 ESTADÍSTICAS DE LLENADO DE CAUSAS:
[15:18:16]   • Pagos con causa ORIGINAL: 1
[15:18:16]   • Causas encontradas en SIGEMI (actas viejas): 0
[15:18:16]   • Causas NO encontradas en SIGEMI: 0
[15:18:16]   • Causas asignadas automáticamente (actas nuevas): 0
[15:18:16] ⏱ PASO 3 (llenar causas): 0.0s
[15:18:16] ================================================================================
[15:18:16] PASO 4: ORDENANDO POR FECHA Y ACTA_NUMERO
[15:18:16] ================================================================================
[15:18:16] ✓ Pagos ordenados correctamente
[15:18:16]   • Primera entrada: Acta=292072, Fecha=09/04/2026
[15:18:16]   • Última entrada: Acta=292072, Fecha=09/04/2026
[15:18:16] 📝 Escribiendo archivo de salida...
[15:18:16]   ✅ Archivo escrito: backend/descargas/pagos/2026-07-29/PAGOS 20260729 151807.txt
[15:18:16]   ✅ Total registros: 257
[15:18:16] ⏱ PASO 4 (ordenar y escribir): 0.0s
[15:18:16] ================================================================================
[15:18:16] ✅ PROCESO COMPLETADO EXITOSAMENTE
[15:18:16] ================================================================================
[15:18:16] 📊 RESUMEN FINAL DEL PROCESAMIENTO:
[15:18:16]   ENTRADA:
[15:18:16]     • Pagos originales: 18826
[15:18:16]     • Multas SIGEMI cargadas: 102835
[15:18:16]     • Multas Juzgado cargadas: 40214
[15:18:16]     • Causas simplificadas (usadas para el cruce): 102508
[15:18:16]   PROCESO:
[15:18:16]     • Pagos rechazados sigemi: 14713
[15:18:16]     • Pagos rechazados juzgado: 4112
[15:18:16]   SALIDA:
[15:18:16]     • Pagos desactualizados procesados: 1
[15:18:16]     • Archivo final: backend/descargas/pagos/2026-07-29/PAGOS 20260729 151807.txt
[15:18:16]     • Ordenados por fecha: SÍ ✓
[15:18:16]     • Todos con ACTA_NUMERO: SÍ ✓
[15:18:16]     • Todos con CAUSA_NUMERO: SÍ ✓
[15:18:16] ✅ TXT de pagos (ya cruzado con actas y causas) generado en: backend/descargas/pagos/2026-07-29/PAGOS 20260729 151807.txt
[15:18:16] 🧹 TXT de pagos crudo eliminado (ya usado en el cruce): backend/descargas/pagos/2026-07-29/PAGOS DESCARGADOS.txt
[15:18:16] 🧹 Excel MULTAS_SIGEMI_CRUCE eliminado (ya usado en el cruce): backend/descargas/cache_actas_cruce/MULTAS_SIGEMI_CRUCE.xlsx
[15:18:16] 🧹 Excel MULTAS_JUZGADO_CRUCE eliminado (ya usado en el cruce): backend/descargas/cache_actas_cruce/MULTAS_JUZGADO_CRUCE.xlsx
[15:18:16] ✅ CompararActasPaso finalizado. (⏱ 8.7s)
[15:18:16] ✓ [CompararActasPaso] Completado.
[15:18:16] ▶ [CargarPagosPaso] Iniciando...
[15:18:16] ==================================================
[15:18:16] 🚀 PASO: CargarPagosPaso
[15:18:16] ==================================================
[15:18:16] 📤 Subiendo TXT de pagos al SEMyT...
[15:18:18] ✅ Importación de pagos completada con éxito.
[15:18:18] ✅ Archivo TXT de pagos cargado en el SEMyT correctamente.
[15:18:18] ✅ CargarPagosPaso finalizado. (⏱ 2.0s)
[15:18:18] ✓ [CargarPagosPaso] Completado.
[15:18:18] === Ejecución finalizada con éxito ===
