[15:28:24] === Inicio de ejecución: pagos ===
[15:28:25] ▶ [LoginSemytPaso] Iniciando...
[15:28:25] ==================================================
[15:28:25] 🚀 PASO: LoginSemytPaso
[15:28:25] ==================================================
[15:28:25] Abriendo SEMyT...
[15:28:27] ✅ [SEMyT] Sesión existente detectada. Login omitido.
[15:28:27] ✅ LoginSemytPaso finalizado. (⏱ 2.9s)
[15:28:27] ✓ [LoginSemytPaso] Completado.
[15:28:27] ▶ [LoginJuzgadoPaso] Iniciando...
[15:28:27] ==================================================
[15:28:27] 🚀 PASO: LoginJuzgadoPaso
[15:28:27] ==================================================
[15:28:28] Abriendo sitio municipalidad (CiDi)...
[15:28:28] ✅ [Juzgado] Sesión existente detectada. Login omitido.
[15:28:28] ✅ LoginJuzgadoPaso finalizado. (⏱ 0.4s)
[15:28:28] ✓ [LoginJuzgadoPaso] Completado.
[15:28:28] ▶ [DescargasParalelasPaso] Iniciando...
[15:28:28] ==================================================
[15:28:28] 🚀 PASO: DescargasParalelasPaso
[15:28:28] ==================================================
[15:28:28] 📤 Arrancando las 3 descargas en paralelo (mismo browser, páginas separadas)...
[15:28:28] Fecha Desde: 27/06/2024
[15:28:28] Fecha Hasta: 24/11/2025
[15:28:28] Fecha Desde: 25/11/2025
[15:28:28] Fecha Hasta: 29/07/2026
[15:28:28] Descargando Excel...
[15:28:28] Descargando Excel...
[15:28:37] Archivo descargado en: backend/descargas/cache_actas_cruce/MULTAS_JUZGADO_CRUCE.xlsx
[15:28:38] ⏱ [actas_juzgado] completado en 10.3s
[15:28:47] Archivo descargado en: backend/descargas/cache_actas_cruce/MULTAS_SIGEMI_CRUCE.xlsx
[15:28:50] ⏱ [actas_sigemi] completado en 22.2s
[15:28:55] ✅ TXT de pagos descargado en: backend/descargas/pagos/2026-07-29/PAGOS DESCARGADOS.txt
[15:28:55] ⏱ [pagos_txt] completado en 26.8s
[15:28:55] ⏱ TOTAL descargas en paralelo: 26.8s
[15:28:55] ✅ DescargasParalelasPaso finalizado. (⏱ 27.1s)
[15:28:55] ✓ [DescargasParalelasPaso] Completado.
[15:28:55] ▶ [CompararActasPaso] Iniciando...
[15:28:55] ==================================================
[15:28:55] 🚀 PASO: CompararActasPaso
[15:28:55] ==================================================
[15:28:55] 🔍 Comparando actas del SEMyT contra pagos del Juzgado...
[15:28:55] ================================================================================
[15:28:55] INICIANDO PROCESO DE GENERACIÓN DE PAGOS DESACTUALIZADOS
[15:28:55] ================================================================================
[15:28:55] 📂 Cargando archivos...
[15:28:55]   ✓ Pagos: 18830 registros
[15:28:58]   ✓ Excel SIGEMI (multas vencidas viejas): 102835 registros
[15:28:59]   ✓ Excel Juzgado (multas vencidas nuevas): 40213 registros
[15:29:00] ================================================================================
[15:29:00] PASO 1: LLENANDO ACTA_NUMERO (búsqueda por patente + fecha, con desempate por hora)
[15:29:00] ================================================================================
[15:29:01] 📊 ESTADÍSTICAS DE LLENADO DE ACTAS:
[15:29:01]   • Pagos con acta ORIGINAL: 4114
[15:29:01]   • Pagos SIN acta (buscados): 14716
[15:29:01]   • Pagos LLENADOS exitosamente: 3
[15:29:01]   • Pagos NO encontrados en multas: 14713
[15:29:01]   • Pagos SIN RESOLVER por desbalance de cantidades: 0
[15:29:01] ================================================================================
[15:29:01] PASO 1: LLENANDO ACTA_NUMERO (búsqueda por patente + fecha, con desempate por hora)
[15:29:01] ================================================================================
[15:29:03] 📊 ESTADÍSTICAS DE LLENADO DE ACTAS:
[15:29:03]   • Pagos con acta ORIGINAL: 4117
[15:29:03]   • Pagos SIN acta (buscados): 14713
[15:29:03]   • Pagos LLENADOS exitosamente: 0
[15:29:03]   • Pagos NO encontrados en multas: 14713
[15:29:03]   • Pagos SIN RESOLVER por desbalance de cantidades: 0
[15:29:03] ⏱ PASO 1 (llenar actas): 3.5s
[15:29:03] ================================================================================
[15:29:03] PASO 2: FILTRANDO PAGOS CON ACTA_NUMERO COMPLETO
[15:29:03] ================================================================================
[15:29:03] 📊 ESTADÍSTICAS DE FILTRADO:
[15:29:03]   • Pagos TOTALES al inicio: 18830
[15:29:03]   • Pagos CON acta (MANTIENEN): 4117
[15:29:03]   • Pagos RECHAZADOS (sin coincidencias): 14713
[15:29:03] ⚠️  Se eliminaron 14713 registros sin número de acta
[15:29:03]      (recordá: esto incluye tanto pagos ya actualizados/pagados
[15:29:03]       como pagos que quedaron sin resolver por desbalance en el Paso 1)
[15:29:03] ================================================================================
[15:29:03] PASO 2-bis: CONFIRMANDO VIGENCIA DE PAGOS (sistema NUEVO contra MULTAS_JUZGADO_CRUCE, sistema VIEJO contra SIGEMI)
[15:29:03] ================================================================================
[15:29:03]   ⚠ 4111 pago(s) descartados: su acta ya no figura como vencida en MULTAS_JUZGADO_CRUCE (SEMyT ya los actualizó).
[15:29:03]   ⚠ 2 pago(s) descartados: su acta ya no figura como vencida en el Excel de SIGEMI (SEMyT ya los actualizó).
[15:29:03]   • Pagos descartados en total por ya estar actualizados/pagados: 4113
[15:29:03] ⏱ PASO 2 (filtrar): 0.4s
[15:29:03] 📂 Cargando maestro de causas SIGEMI...
[15:29:03]   ✓ Causas totales (maestro): 134069 registros
[15:29:03] ⏱ PASO 2.5 (causas simplificado): 0.0s
[15:29:03] ================================================================================
[15:29:03] PASO 2.5: ARMANDO causas.txt SIMPLIFICADO (cruce contra total_causas_sigemi.txt)
[15:29:03] ================================================================================
[15:29:04]   • Actas vencidas viejas (multas): 102835
[15:29:04]   • Causas totales en el maestro SIGEMI: 134069
[15:29:04]   • Causas que coinciden (simplificado): 102508
[15:29:04]   ✅ Archivo escrito: backend/descargas/causas/causas.txt
[15:29:04] ⏱ PASO 2.5 (causas simplificado): 0.4s
[15:29:04] ================================================================================
[15:29:04] PASO 3: LLENANDO CAUSA_NUMERO (según fecha de cambio de sistema, cruzando por acta + año)
[15:29:04] ================================================================================
[15:29:04] 📊 ESTADÍSTICAS DE LLENADO DE CAUSAS:
[15:29:04]   • Pagos con causa ORIGINAL: 1
[15:29:04]   • Causas encontradas en SIGEMI (actas viejas): 3
[15:29:04]   • Causas NO encontradas en SIGEMI: 0
[15:29:04]   • Causas asignadas automáticamente (actas nuevas): 0
[15:29:04] ⏱ PASO 3 (llenar causas): 0.0s
[15:29:04] ================================================================================
[15:29:04] PASO 4: ORDENANDO POR FECHA Y ACTA_NUMERO
[15:29:04] ================================================================================
[15:29:04] ✓ Pagos ordenados correctamente
[15:29:04]   • Primera entrada: Acta=80093, Fecha=23/11/2024
[15:29:04]   • Última entrada: Acta=306301, Fecha=30/04/2026
[15:29:04] 📝 Escribiendo archivo de salida...
[15:29:04]   ✅ Archivo escrito: backend/descargas/pagos/2026-07-29/PAGOS 20260729 152855.txt
[15:29:04]   ✅ Total registros: 578
[15:29:04] ⏱ PASO 4 (ordenar y escribir): 0.0s
[15:29:04] ================================================================================
[15:29:04] ✅ PROCESO COMPLETADO EXITOSAMENTE
[15:29:04] ================================================================================
[15:29:04] 📊 RESUMEN FINAL DEL PROCESAMIENTO:
[15:29:04]   ENTRADA:
[15:29:04]     • Pagos originales: 18830
[15:29:04]     • Multas SIGEMI cargadas: 102835
[15:29:04]     • Multas Juzgado cargadas: 40213
[15:29:04]     • Causas simplificadas (usadas para el cruce): 102508
[15:29:04]   PROCESO:
[15:29:04]     • Pagos rechazados sigemi: 14713
[15:29:04]     • Pagos rechazados juzgado: 4113
[15:29:04]   SALIDA:
[15:29:04]     • Pagos desactualizados procesados: 4
[15:29:04]     • Archivo final: backend/descargas/pagos/2026-07-29/PAGOS 20260729 152855.txt
[15:29:04]     • Ordenados por fecha: SÍ ✓
[15:29:04]     • Todos con ACTA_NUMERO: SÍ ✓
[15:29:04]     • Todos con CAUSA_NUMERO: SÍ ✓
[15:29:04] ✅ TXT de pagos (ya cruzado con actas y causas) generado en: backend/descargas/pagos/2026-07-29/PAGOS 20260729 152855.txt
[15:29:04] 🧹 TXT de pagos crudo eliminado (ya usado en el cruce): backend/descargas/pagos/2026-07-29/PAGOS DESCARGADOS.txt
[15:29:04] 🧹 Excel MULTAS_SIGEMI_CRUCE eliminado (ya usado en el cruce): backend/descargas/cache_actas_cruce/MULTAS_SIGEMI_CRUCE.xlsx
[15:29:04] 🧹 Excel MULTAS_JUZGADO_CRUCE eliminado (ya usado en el cruce): backend/descargas/cache_actas_cruce/MULTAS_JUZGADO_CRUCE.xlsx
[15:29:04] ✅ CompararActasPaso finalizado. (⏱ 8.7s)
[15:29:04] ✓ [CompararActasPaso] Completado.
[15:29:04] ▶ [CargarPagosPaso] Iniciando...
[15:29:04] ==================================================
[15:29:04] 🚀 PASO: CargarPagosPaso
[15:29:04] ==================================================
[15:29:04] 📤 Subiendo TXT de pagos al SEMyT...
[15:29:06] ✅ Importación de pagos completada con éxito.
[15:29:06] ✅ Archivo TXT de pagos cargado en el SEMyT correctamente.
[15:29:06] ✅ CargarPagosPaso finalizado. (⏱ 2.1s)
[15:29:06] ✓ [CargarPagosPaso] Completado.
[15:29:06] === Ejecución finalizada con éxito ===
