[14:23:53] === Inicio de ejecución: pagos ===
[14:23:53] ▶ [LoginSemytPaso] Iniciando...
[14:23:53] ==================================================
[14:23:53] 🚀 PASO: LoginSemytPaso
[14:23:53] ==================================================
[14:23:53] Abriendo SEMyT...
[14:23:56] ✅ [SEMyT] Sesión existente detectada. Login omitido.
[14:23:56] ✅ LoginSemytPaso finalizado. (⏱ 3.4s)
[14:23:56] ✓ [LoginSemytPaso] Completado.
[14:23:56] ▶ [LoginJuzgadoPaso] Iniciando...
[14:23:56] ==================================================
[14:23:56] 🚀 PASO: LoginJuzgadoPaso
[14:23:56] ==================================================
[14:23:56] Abriendo sitio municipalidad (CiDi)...
[14:23:57] ✅ [Juzgado] Sesión existente detectada. Login omitido.
[14:23:57] ✅ LoginJuzgadoPaso finalizado. (⏱ 0.5s)
[14:23:57] ✓ [LoginJuzgadoPaso] Completado.
[14:23:57] ▶ [DescargasParalelasPaso] Iniciando...
[14:23:57] ==================================================
[14:23:57] 🚀 PASO: DescargasParalelasPaso
[14:23:57] ==================================================
[14:23:57] 📤 Arrancando las 3 descargas en paralelo (mismo browser, páginas separadas)...
[14:23:57] Fecha Desde: 27/06/2024
[14:23:57] Fecha Hasta: 24/11/2025
[14:23:57] Fecha Desde: 25/11/2025
[14:23:57] Fecha Hasta: 29/07/2026
[14:23:57] Descargando Excel...
[14:23:57] Descargando Excel...
[14:24:07] Archivo descargado en: backend/descargas/cache_actas_cruce/MULTAS_JUZGADO_CRUCE.xlsx
[14:24:08] ⏱ [actas_juzgado] completado en 11.0s
[14:24:15] Archivo descargado en: backend/descargas/cache_actas_cruce/MULTAS_SIGEMI_CRUCE.xlsx
[14:24:18] ⏱ [actas_sigemi] completado en 21.5s
[14:24:22] ✅ TXT de pagos descargado en: backend/descargas/pagos/2026-07-29/PAGOS DESCARGADOS.txt
[14:24:22] ⏱ [pagos_txt] completado en 24.9s
[14:24:22] ⏱ TOTAL descargas en paralelo: 24.9s
[14:24:22] ✅ DescargasParalelasPaso finalizado. (⏱ 25.2s)
[14:24:22] ✓ [DescargasParalelasPaso] Completado.
[14:24:22] ▶ [CompararActasPaso] Iniciando...
[14:24:22] ==================================================
[14:24:22] 🚀 PASO: CompararActasPaso
[14:24:22] ==================================================
[14:24:22] 🔍 Comparando actas del SEMyT contra pagos del Juzgado...
[14:24:22] ================================================================================
[14:24:22] INICIANDO PROCESO DE GENERACIÓN DE PAGOS DESACTUALIZADOS
[14:24:22] ================================================================================
[14:24:22] 📂 Cargando archivos...
[14:24:22]   ✓ Pagos: 18820 registros
[14:24:25]   ✓ Excel SIGEMI (multas vencidas viejas): 102835 registros
[14:24:26]   ✓ Excel Juzgado (multas vencidas nuevas): 40221 registros
[14:24:27] ================================================================================
[14:24:27] PASO 1: LLENANDO ACTA_NUMERO (búsqueda por patente + fecha, con desempate por hora)
[14:24:27] ================================================================================
[14:24:28] 📊 ESTADÍSTICAS DE LLENADO DE ACTAS:
[14:24:28]   • Pagos con acta ORIGINAL: 4107
[14:24:28]   • Pagos SIN acta (buscados): 14713
[14:24:28]   • Pagos LLENADOS exitosamente: 0
[14:24:28]   • Pagos NO encontrados en multas: 14713
[14:24:28]   • Pagos SIN RESOLVER por desbalance de cantidades: 0
[14:24:29] ================================================================================
[14:24:29] PASO 1: LLENANDO ACTA_NUMERO (búsqueda por patente + fecha, con desempate por hora)
[14:24:29] ================================================================================
[14:24:30] 📊 ESTADÍSTICAS DE LLENADO DE ACTAS:
[14:24:30]   • Pagos con acta ORIGINAL: 4107
[14:24:30]   • Pagos SIN acta (buscados): 14713
[14:24:30]   • Pagos LLENADOS exitosamente: 0
[14:24:30]   • Pagos NO encontrados en multas: 14713
[14:24:30]   • Pagos SIN RESOLVER por desbalance de cantidades: 0
[14:24:30] ⏱ PASO 1 (llenar actas): 3.5s
[14:24:30] ================================================================================
[14:24:30] PASO 2: FILTRANDO PAGOS CON ACTA_NUMERO COMPLETO
[14:24:30] ================================================================================
[14:24:30] 📊 ESTADÍSTICAS DE FILTRADO:
[14:24:30]   • Pagos TOTALES al inicio: 18820
[14:24:30]   • Pagos CON acta (MANTIENEN): 4107
[14:24:30]   • Pagos RECHAZADOS (sin coincidencias): 14713
[14:24:30] ⚠️  Se eliminaron 14713 registros sin número de acta
[14:24:30]      (recordá: esto incluye tanto pagos ya actualizados/pagados
[14:24:30]       como pagos que quedaron sin resolver por desbalance en el Paso 1)
[14:24:30] ================================================================================
[14:24:30] PASO 2-bis: CONFIRMANDO VIGENCIA DE PAGOS (sistema NUEVO contra MULTAS_JUZGADO_CRUCE, sistema VIEJO contra SIGEMI)
[14:24:30] ================================================================================
[14:24:30]   ⚠ 4103 pago(s) descartados: su acta ya no figura como vencida en MULTAS_JUZGADO_CRUCE (SEMyT ya los actualizó).
[14:24:30]   ⚠ 2 pago(s) descartados: su acta ya no figura como vencida en el Excel de SIGEMI (SEMyT ya los actualizó).
[14:24:30]   • Pagos descartados en total por ya estar actualizados/pagados: 4105
[14:24:30] ⏱ PASO 2 (filtrar): 0.4s
[14:24:30] 📂 Cargando maestro de causas SIGEMI...
[14:24:30]   ✓ Causas totales (maestro): 134069 registros
[14:24:30] ⏱ PASO 2.5 (causas simplificado): 0.0s
[14:24:30] ================================================================================
[14:24:30] PASO 2.5: ARMANDO causas.txt SIMPLIFICADO (cruce contra total_causas_sigemi.txt)
[14:24:30] ================================================================================
[14:24:31]   • Actas vencidas viejas (multas): 102835
[14:24:31]   • Causas totales en el maestro SIGEMI: 134069
[14:24:31]   • Causas que coinciden (simplificado): 102508
[14:24:31]   ✅ Archivo escrito: backend/descargas/causas/causas.txt
[14:24:31] ⏱ PASO 2.5 (causas simplificado): 0.4s
[14:24:31] ================================================================================
[14:24:31] PASO 3: LLENANDO CAUSA_NUMERO (según fecha de cambio de sistema, cruzando por acta + año)
[14:24:31] ================================================================================
[14:24:31] 📊 ESTADÍSTICAS DE LLENADO DE CAUSAS:
[14:24:31]   • Pagos con causa ORIGINAL: 2
[14:24:31]   • Causas encontradas en SIGEMI (actas viejas): 0
[14:24:31]   • Causas NO encontradas en SIGEMI: 0
[14:24:31]   • Causas asignadas automáticamente (actas nuevas): 0
[14:24:31] ⏱ PASO 3 (llenar causas): 0.0s
[14:24:31] ================================================================================
[14:24:31] PASO 4: ORDENANDO POR FECHA Y ACTA_NUMERO
[14:24:31] ================================================================================
[14:24:31] ✓ Pagos ordenados correctamente
[14:24:31]   • Primera entrada: Acta=296870, Fecha=17/04/2026
[14:24:31]   • Última entrada: Acta=297379, Fecha=17/04/2026
[14:24:31] 📝 Escribiendo archivo de salida...
[14:24:31]   ✅ Archivo escrito: backend/descargas/pagos/2026-07-29/PAGOS 20260729 142422.txt
[14:24:31]   ✅ Total registros: 370
[14:24:31] ⏱ PASO 4 (ordenar y escribir): 0.0s
[14:24:31] ================================================================================
[14:24:31] ✅ PROCESO COMPLETADO EXITOSAMENTE
[14:24:31] ================================================================================
[14:24:31] 📊 RESUMEN FINAL DEL PROCESAMIENTO:
[14:24:31]   ENTRADA:
[14:24:31]     • Pagos originales: 18820
[14:24:31]     • Multas SIGEMI cargadas: 102835
[14:24:31]     • Multas Juzgado cargadas: 40221
[14:24:31]     • Causas simplificadas (usadas para el cruce): 102508
[14:24:31]   PROCESO:
[14:24:31]     • Pagos rechazados sigemi: 14713
[14:24:31]     • Pagos rechazados juzgado: 4105
[14:24:31]   SALIDA:
[14:24:31]     • Pagos desactualizados procesados: 2
[14:24:31]     • Archivo final: backend/descargas/pagos/2026-07-29/PAGOS 20260729 142422.txt
[14:24:31]     • Ordenados por fecha: SÍ ✓
[14:24:31]     • Todos con ACTA_NUMERO: SÍ ✓
[14:24:31]     • Todos con CAUSA_NUMERO: SÍ ✓
[14:24:31] ✅ TXT de pagos (ya cruzado con actas y causas) generado en: backend/descargas/pagos/2026-07-29/PAGOS 20260729 142422.txt
[14:24:31] 🧹 TXT de pagos crudo eliminado (ya usado en el cruce): backend/descargas/pagos/2026-07-29/PAGOS DESCARGADOS.txt
[14:24:31] 🧹 Excel MULTAS_SIGEMI_CRUCE eliminado (ya usado en el cruce): backend/descargas/cache_actas_cruce/MULTAS_SIGEMI_CRUCE.xlsx
[14:24:31] 🧹 Excel MULTAS_JUZGADO_CRUCE eliminado (ya usado en el cruce): backend/descargas/cache_actas_cruce/MULTAS_JUZGADO_CRUCE.xlsx
[14:24:31] ✅ CompararActasPaso finalizado. (⏱ 8.9s)
[14:24:31] ✓ [CompararActasPaso] Completado.
[14:24:31] ▶ [CargarPagosPaso] Iniciando...
[14:24:31] ==================================================
[14:24:31] 🚀 PASO: CargarPagosPaso
[14:24:31] ==================================================
[14:24:31] 📤 Subiendo TXT de pagos al SEMyT...
[14:24:32] ✅ Importación de pagos completada con éxito.
[14:24:33] ✅ Archivo TXT de pagos cargado en el SEMyT correctamente.
[14:24:33] ✅ CargarPagosPaso finalizado. (⏱ 2.0s)
[14:24:33] ✓ [CargarPagosPaso] Completado.
[14:24:33] === Ejecución finalizada con éxito ===
