[12:10:26] === Inicio de ejecución: pagos ===
[12:10:27] ▶ [LoginSemytPaso] Iniciando...
[12:10:27] ==================================================
[12:10:27] 🚀 PASO: LoginSemytPaso
[12:10:27] ==================================================
[12:10:27] Abriendo SEMyT...
[12:10:47] ✅ [SEMyT] Sesión existente detectada. Login omitido.
[12:10:47] ✅ LoginSemytPaso finalizado. (⏱ 20.7s)
[12:10:47] ✓ [LoginSemytPaso] Completado.
[12:10:47] ▶ [LoginJuzgadoPaso] Iniciando...
[12:10:47] ==================================================
[12:10:47] 🚀 PASO: LoginJuzgadoPaso
[12:10:47] ==================================================
[12:10:47] Abriendo sitio municipalidad (CiDi)...
[12:10:48] ✅ [Juzgado] Sesión existente detectada. Login omitido.
[12:10:48] ✅ LoginJuzgadoPaso finalizado. (⏱ 0.5s)
[12:10:48] ✓ [LoginJuzgadoPaso] Completado.
[12:10:48] ▶ [DescargasParalelasPaso] Iniciando...
[12:10:48] ==================================================
[12:10:48] 🚀 PASO: DescargasParalelasPaso
[12:10:48] ==================================================
[12:10:48] 📤 Arrancando las 3 descargas en paralelo (mismo browser, páginas separadas)...
[12:10:48] Fecha Desde: 27/06/2024
[12:10:48] Fecha Hasta: 24/11/2025
[12:10:48] Fecha Desde: 25/11/2025
[12:10:48] Fecha Hasta: 29/07/2026
[12:10:48] Descargando Excel...
[12:10:48] Descargando Excel...
[12:11:09] Archivo descargado en: backend/descargas/cache_actas_cruce/MULTAS_JUZGADO_CRUCE.xlsx
[12:11:10] ⏱ [actas_juzgado] completado en 21.7s
[12:11:17] ✅ TXT de pagos descargado en: backend/descargas/pagos/2026-07-29/PAGOS DESCARGADOS.txt
[12:11:17] ⏱ [pagos_txt] completado en 28.8s
[12:11:29] Archivo descargado en: backend/descargas/cache_actas_cruce/MULTAS_SIGEMI_CRUCE.xlsx
[12:11:32] ⏱ [actas_sigemi] completado en 44.1s
[12:11:32] ⏱ TOTAL descargas en paralelo: 44.1s
[12:11:32] ✅ DescargasParalelasPaso finalizado. (⏱ 44.4s)
[12:11:32] ✓ [DescargasParalelasPaso] Completado.
[12:11:32] ▶ [CompararActasPaso] Iniciando...
[12:11:32] ==================================================
[12:11:32] 🚀 PASO: CompararActasPaso
[12:11:32] ==================================================
[12:11:32] 🔍 Comparando actas del SEMyT contra pagos del Juzgado...
[12:11:32] ================================================================================
[12:11:32] INICIANDO PROCESO DE GENERACIÓN DE PAGOS DESACTUALIZADOS
[12:11:32] ================================================================================
[12:11:32] 📂 Cargando archivos...
[12:11:32]   ✓ Pagos: 18766 registros
[12:11:35]   ✓ Excel SIGEMI (multas vencidas viejas): 102845 registros
[12:11:37]   ✓ Excel Juzgado (multas vencidas nuevas): 40269 registros
[12:11:37] ================================================================================
[12:11:37] PASO 1: LLENANDO ACTA_NUMERO (búsqueda por patente + fecha, con desempate por hora)
[12:11:37] ================================================================================
[12:11:39] 📊 ESTADÍSTICAS DE LLENADO DE ACTAS:
[12:11:39]   • Pagos con acta ORIGINAL: 4064
[12:11:39]   • Pagos SIN acta (buscados): 14702
[12:11:39]   • Pagos LLENADOS exitosamente: 0
[12:11:39]   • Pagos NO encontrados en multas: 14702
[12:11:39]   • Pagos SIN RESOLVER por desbalance de cantidades: 0
[12:11:39] ================================================================================
[12:11:39] PASO 1: LLENANDO ACTA_NUMERO (búsqueda por patente + fecha, con desempate por hora)
[12:11:39] ================================================================================
[12:11:40] 📊 ESTADÍSTICAS DE LLENADO DE ACTAS:
[12:11:40]   • Pagos con acta ORIGINAL: 4064
[12:11:40]   • Pagos SIN acta (buscados): 14702
[12:11:40]   • Pagos LLENADOS exitosamente: 0
[12:11:40]   • Pagos NO encontrados en multas: 14702
[12:11:40]   • Pagos SIN RESOLVER por desbalance de cantidades: 0
[12:11:40] ⏱ PASO 1 (llenar actas): 3.4s
[12:11:40] ================================================================================
[12:11:40] PASO 2: FILTRANDO PAGOS CON ACTA_NUMERO COMPLETO
[12:11:40] ================================================================================
[12:11:40] 📊 ESTADÍSTICAS DE FILTRADO:
[12:11:40]   • Pagos TOTALES al inicio: 18766
[12:11:40]   • Pagos CON acta (MANTIENEN): 4064
[12:11:40]   • Pagos RECHAZADOS (sin coincidencias): 14702
[12:11:40] ⚠️  Se eliminaron 14702 registros sin número de acta
[12:11:40]      (recordá: esto incluye tanto pagos ya actualizados/pagados
[12:11:40]       como pagos que quedaron sin resolver por desbalance en el Paso 1)
[12:11:40] ================================================================================
[12:11:40] PASO 2-bis: CONFIRMANDO VIGENCIA DE PAGOS (sistema NUEVO contra MULTAS_JUZGADO_CRUCE, sistema VIEJO contra SIGEMI)
[12:11:40] ================================================================================
[12:11:40]   ⚠ 4056 pago(s) descartados: su acta ya no figura como vencida en MULTAS_JUZGADO_CRUCE (SEMyT ya los actualizó).
[12:11:40]   ⚠ 2 pago(s) descartados: su acta ya no figura como vencida en el Excel de SIGEMI (SEMyT ya los actualizó).
[12:11:40]   • Pagos descartados en total por ya estar actualizados/pagados: 4058
[12:11:40] ⏱ PASO 2 (filtrar): 0.4s
[12:11:40] 📂 Cargando maestro de causas SIGEMI...
[12:11:41]   ✓ Causas totales (maestro): 134069 registros
[12:11:41] ⏱ PASO 2.5 (causas simplificado): 0.0s
[12:11:41] ================================================================================
[12:11:41] PASO 2.5: ARMANDO causas.txt SIMPLIFICADO (cruce contra total_causas_sigemi.txt)
[12:11:41] ================================================================================
[12:11:41]   • Actas vencidas viejas (multas): 102845
[12:11:41]   • Causas totales en el maestro SIGEMI: 134069
[12:11:41]   • Causas que coinciden (simplificado): 102518
[12:11:41]   ✅ Archivo escrito: backend/descargas/causas/causas.txt
[12:11:41] ⏱ PASO 2.5 (causas simplificado): 0.4s
[12:11:41] ================================================================================
[12:11:41] PASO 3: LLENANDO CAUSA_NUMERO (según fecha de cambio de sistema, cruzando por acta + año)
[12:11:41] ================================================================================
[12:11:41] 📊 ESTADÍSTICAS DE LLENADO DE CAUSAS:
[12:11:41]   • Pagos con causa ORIGINAL: 6
[12:11:41]   • Causas encontradas en SIGEMI (actas viejas): 0
[12:11:41]   • Causas NO encontradas en SIGEMI: 0
[12:11:41]   • Causas asignadas automáticamente (actas nuevas): 0
[12:11:41] ⏱ PASO 3 (llenar causas): 0.0s
[12:11:41] ================================================================================
[12:11:41] PASO 4: ORDENANDO POR FECHA Y ACTA_NUMERO
[12:11:41] ================================================================================
[12:11:41] ✓ Pagos ordenados correctamente
[12:11:41]   • Primera entrada: Acta=302446, Fecha=27/04/2026
[12:11:41]   • Última entrada: Acta=311631, Fecha=12/05/2026
[12:11:41] 📝 Escribiendo archivo de salida...
[12:11:41]   ✅ Archivo escrito: backend/descargas/pagos/2026-07-29/PAGOS 20260729 121132.txt
[12:11:41]   ✅ Total registros: 788
[12:11:41] ⏱ PASO 4 (ordenar y escribir): 0.0s
[12:11:41] ================================================================================
[12:11:41] ✅ PROCESO COMPLETADO EXITOSAMENTE
[12:11:41] ================================================================================
[12:11:41] 📊 RESUMEN FINAL DEL PROCESAMIENTO:
[12:11:41]   ENTRADA:
[12:11:41]     • Pagos originales: 18766
[12:11:41]     • Multas SIGEMI cargadas: 102845
[12:11:41]     • Multas Juzgado cargadas: 40269
[12:11:41]     • Causas simplificadas (usadas para el cruce): 102518
[12:11:41]   PROCESO:
[12:11:41]     • Pagos rechazados sigemi: 14702
[12:11:41]     • Pagos rechazados juzgado: 4058
[12:11:41]   SALIDA:
[12:11:41]     • Pagos desactualizados procesados: 6
[12:11:41]     • Archivo final: backend/descargas/pagos/2026-07-29/PAGOS 20260729 121132.txt
[12:11:41]     • Ordenados por fecha: SÍ ✓
[12:11:41]     • Todos con ACTA_NUMERO: SÍ ✓
[12:11:41]     • Todos con CAUSA_NUMERO: SÍ ✓
[12:11:41] ✅ TXT de pagos (ya cruzado con actas y causas) generado en: backend/descargas/pagos/2026-07-29/PAGOS 20260729 121132.txt
[12:11:41] 🧹 TXT de pagos crudo eliminado (ya usado en el cruce): backend/descargas/pagos/2026-07-29/PAGOS DESCARGADOS.txt
[12:11:41] 🧹 Excel MULTAS_SIGEMI_CRUCE eliminado (ya usado en el cruce): backend/descargas/cache_actas_cruce/MULTAS_SIGEMI_CRUCE.xlsx
[12:11:41] 🧹 Excel MULTAS_JUZGADO_CRUCE eliminado (ya usado en el cruce): backend/descargas/cache_actas_cruce/MULTAS_JUZGADO_CRUCE.xlsx
[12:11:41] ✅ CompararActasPaso finalizado. (⏱ 8.6s)
[12:11:41] ✓ [CompararActasPaso] Completado.
[12:11:41] ▶ [CargarPagosPaso] Iniciando...
[12:11:41] ==================================================
[12:11:41] 🚀 PASO: CargarPagosPaso
[12:11:41] ==================================================
[12:11:41] 📤 Subiendo TXT de pagos al SEMyT...
[12:11:43] ✅ Importación de pagos completada con éxito.
[12:11:43] ✅ Archivo TXT de pagos cargado en el SEMyT correctamente.
[12:11:43] ✅ CargarPagosPaso finalizado. (⏱ 2.0s)
[12:11:43] ✓ [CargarPagosPaso] Completado.
[12:11:43] === Ejecución finalizada con éxito ===
