[16:22:26] === Inicio de ejecución: pagos ===
[16:22:26] ▶ [LoginSemytPaso] Iniciando...
[16:22:26] ==================================================
[16:22:26] 🚀 PASO: LoginSemytPaso
[16:22:26] ==================================================
[16:22:27] Abriendo SEMyT...
[16:22:29] ✅ [SEMyT] Sesión existente detectada. Login omitido.
[16:22:29] ✅ LoginSemytPaso finalizado. (⏱ 3.0s)
[16:22:29] ✓ [LoginSemytPaso] Completado.
[16:22:29] ▶ [LoginJuzgadoPaso] Iniciando...
[16:22:29] ==================================================
[16:22:29] 🚀 PASO: LoginJuzgadoPaso
[16:22:29] ==================================================
[16:22:29] Abriendo sitio municipalidad (CiDi)...
[16:22:30] ✅ [Juzgado] Sesión existente detectada. Login omitido.
[16:22:30] ✅ LoginJuzgadoPaso finalizado. (⏱ 0.8s)
[16:22:30] ✓ [LoginJuzgadoPaso] Completado.
[16:22:30] ▶ [DescargasParalelasPaso] Iniciando...
[16:22:30] ==================================================
[16:22:30] 🚀 PASO: DescargasParalelasPaso
[16:22:30] ==================================================
[16:22:30] 📤 Arrancando las 3 descargas en paralelo (mismo browser, páginas separadas)...
[16:22:30] Fecha Desde: 27/06/2024
[16:22:30] Fecha Hasta: 24/11/2025
[16:22:30] Fecha Desde: 25/11/2025
[16:22:30] Fecha Hasta: 29/07/2026
[16:22:30] Descargando Excel...
[16:22:31] Descargando Excel...
[16:22:40] Archivo descargado en: backend/descargas/cache_actas_cruce/MULTAS_JUZGADO_CRUCE.xlsx
[16:22:41] ⏱ [actas_juzgado] completado en 10.8s
[16:22:52] Archivo descargado en: backend/descargas/cache_actas_cruce/MULTAS_SIGEMI_CRUCE.xlsx
[16:22:56] ⏱ [actas_sigemi] completado en 25.1s
[16:22:56] ✅ TXT de pagos descargado en: backend/descargas/pagos/2026-07-29/PAGOS DESCARGADOS.txt
[16:22:56] ⏱ [pagos_txt] completado en 25.1s
[16:22:56] ⏱ TOTAL descargas en paralelo: 25.1s
[16:22:56] ✅ DescargasParalelasPaso finalizado. (⏱ 25.3s)
[16:22:56] ✓ [DescargasParalelasPaso] Completado.
[16:22:56] ▶ [CompararActasPaso] Iniciando...
[16:22:56] ==================================================
[16:22:56] 🚀 PASO: CompararActasPaso
[16:22:56] ==================================================
[16:22:56] 🔍 Comparando actas del SEMyT contra pagos del Juzgado...
[16:22:56] ================================================================================
[16:22:56] INICIANDO PROCESO DE GENERACIÓN DE PAGOS DESACTUALIZADOS
[16:22:56] ================================================================================
[16:22:56] 📂 Cargando archivos...
[16:22:56]   ✓ Pagos: 18852 registros
[16:22:59]   ✓ Excel SIGEMI (multas vencidas viejas): 102832 registros
[16:23:00]   ✓ Excel Juzgado (multas vencidas nuevas): 40192 registros
[16:23:01] ================================================================================
[16:23:01] PASO 1: LLENANDO ACTA_NUMERO (búsqueda por patente + fecha, con desempate por hora)
[16:23:01] ================================================================================
[16:23:02] 📊 ESTADÍSTICAS DE LLENADO DE ACTAS:
[16:23:02]   • Pagos con acta ORIGINAL: 4135
[16:23:02]   • Pagos SIN acta (buscados): 14717
[16:23:02]   • Pagos LLENADOS exitosamente: 1
[16:23:02]   • Pagos NO encontrados en multas: 14716
[16:23:02]   • Pagos SIN RESOLVER por desbalance de cantidades: 0
[16:23:02] ================================================================================
[16:23:02] PASO 1: LLENANDO ACTA_NUMERO (búsqueda por patente + fecha, con desempate por hora)
[16:23:02] ================================================================================
[16:23:03] 📊 ESTADÍSTICAS DE LLENADO DE ACTAS:
[16:23:03]   • Pagos con acta ORIGINAL: 4136
[16:23:03]   • Pagos SIN acta (buscados): 14716
[16:23:03]   • Pagos LLENADOS exitosamente: 0
[16:23:03]   • Pagos NO encontrados en multas: 14716
[16:23:03]   • Pagos SIN RESOLVER por desbalance de cantidades: 0
[16:23:03] ⏱ PASO 1 (llenar actas): 3.5s
[16:23:03] ================================================================================
[16:23:03] PASO 2: FILTRANDO PAGOS CON ACTA_NUMERO COMPLETO
[16:23:03] ================================================================================
[16:23:03] 📊 ESTADÍSTICAS DE FILTRADO:
[16:23:03]   • Pagos TOTALES al inicio: 18852
[16:23:03]   • Pagos CON acta (MANTIENEN): 4136
[16:23:03]   • Pagos RECHAZADOS (sin coincidencias): 14716
[16:23:03] ⚠️  Se eliminaron 14716 registros sin número de acta
[16:23:03]      (recordá: esto incluye tanto pagos ya actualizados/pagados
[16:23:03]       como pagos que quedaron sin resolver por desbalance en el Paso 1)
[16:23:03] ================================================================================
[16:23:03] PASO 2-bis: CONFIRMANDO VIGENCIA DE PAGOS (sistema NUEVO contra MULTAS_JUZGADO_CRUCE, sistema VIEJO contra SIGEMI)
[16:23:03] ================================================================================
[16:23:04]   ⚠ 4132 pago(s) descartados: su acta ya no figura como vencida en MULTAS_JUZGADO_CRUCE (SEMyT ya los actualizó).
[16:23:04]   ⚠ 2 pago(s) descartados: su acta ya no figura como vencida en el Excel de SIGEMI (SEMyT ya los actualizó).
[16:23:04]   • Pagos descartados en total por ya estar actualizados/pagados: 4134
[16:23:04] ⏱ PASO 2 (filtrar): 0.4s
[16:23:04] 📂 Cargando maestro de causas SIGEMI...
[16:23:04]   ✓ Causas totales (maestro): 134069 registros
[16:23:04] ⏱ PASO 2.5 (causas simplificado): 0.0s
[16:23:04] ================================================================================
[16:23:04] PASO 2.5: ARMANDO causas.txt SIMPLIFICADO (cruce contra total_causas_sigemi.txt)
[16:23:04] ================================================================================
[16:23:04]   • Actas vencidas viejas (multas): 102832
[16:23:04]   • Causas totales en el maestro SIGEMI: 134069
[16:23:04]   • Causas que coinciden (simplificado): 102505
[16:23:04]   ✅ Archivo escrito: backend/descargas/causas/causas.txt
[16:23:04] ⏱ PASO 2.5 (causas simplificado): 0.4s
[16:23:04] ================================================================================
[16:23:04] PASO 3: LLENANDO CAUSA_NUMERO (según fecha de cambio de sistema, cruzando por acta + año)
[16:23:04] ================================================================================
[16:23:04] 📊 ESTADÍSTICAS DE LLENADO DE CAUSAS:
[16:23:04]   • Pagos con causa ORIGINAL: 1
[16:23:04]   • Causas encontradas en SIGEMI (actas viejas): 1
[16:23:04]   • Causas NO encontradas en SIGEMI: 0
[16:23:04]   • Causas asignadas automáticamente (actas nuevas): 0
[16:23:04] ⏱ PASO 3 (llenar causas): 0.0s
[16:23:04] ================================================================================
[16:23:04] PASO 4: ORDENANDO POR FECHA Y ACTA_NUMERO
[16:23:04] ================================================================================
[16:23:04] ✓ Pagos ordenados correctamente
[16:23:04]   • Primera entrada: Acta=25157, Fecha=07/08/2024
[16:23:04]   • Última entrada: Acta=304392, Fecha=29/04/2026
[16:23:04] 📝 Escribiendo archivo de salida...
[16:23:04]   ✅ Archivo escrito: backend/descargas/pagos/2026-07-29/PAGOS 20260729 162256.txt
[16:23:04]   ✅ Total registros: 369
[16:23:04] ⏱ PASO 4 (ordenar y escribir): 0.0s
[16:23:04] ================================================================================
[16:23:04] ✅ PROCESO COMPLETADO EXITOSAMENTE
[16:23:04] ================================================================================
[16:23:04] 📊 RESUMEN FINAL DEL PROCESAMIENTO:
[16:23:04]   ENTRADA:
[16:23:04]     • Pagos originales: 18852
[16:23:04]     • Multas SIGEMI cargadas: 102832
[16:23:04]     • Multas Juzgado cargadas: 40192
[16:23:04]     • Causas simplificadas (usadas para el cruce): 102505
[16:23:04]   PROCESO:
[16:23:04]     • Pagos rechazados sigemi: 14716
[16:23:04]     • Pagos rechazados juzgado: 4134
[16:23:04]   SALIDA:
[16:23:04]     • Pagos desactualizados procesados: 2
[16:23:04]     • Archivo final: backend/descargas/pagos/2026-07-29/PAGOS 20260729 162256.txt
[16:23:04]     • Ordenados por fecha: SÍ ✓
[16:23:04]     • Todos con ACTA_NUMERO: SÍ ✓
[16:23:04]     • Todos con CAUSA_NUMERO: SÍ ✓
[16:23:04] ✅ TXT de pagos (ya cruzado con actas y causas) generado en: backend/descargas/pagos/2026-07-29/PAGOS 20260729 162256.txt
[16:23:04] 🧹 TXT de pagos crudo eliminado (ya usado en el cruce): backend/descargas/pagos/2026-07-29/PAGOS DESCARGADOS.txt
[16:23:04] 🧹 Excel MULTAS_SIGEMI_CRUCE eliminado (ya usado en el cruce): backend/descargas/cache_actas_cruce/MULTAS_SIGEMI_CRUCE.xlsx
[16:23:04] 🧹 Excel MULTAS_JUZGADO_CRUCE eliminado (ya usado en el cruce): backend/descargas/cache_actas_cruce/MULTAS_JUZGADO_CRUCE.xlsx
[16:23:04] ✅ CompararActasPaso finalizado. (⏱ 8.7s)
[16:23:04] ✓ [CompararActasPaso] Completado.
[16:23:04] ▶ [CargarPagosPaso] Iniciando...
[16:23:04] ==================================================
[16:23:04] 🚀 PASO: CargarPagosPaso
[16:23:04] ==================================================
[16:23:04] 📤 Subiendo TXT de pagos al SEMyT...
[16:23:06] ✅ Importación de pagos completada con éxito.
[16:23:06] ✅ Archivo TXT de pagos cargado en el SEMyT correctamente.
[16:23:06] ✅ CargarPagosPaso finalizado. (⏱ 2.1s)
[16:23:06] ✓ [CargarPagosPaso] Completado.
[16:23:06] === Ejecución finalizada con éxito ===
