[12:22:53] === Inicio de ejecución: pagos ===
[12:22:54] ▶ [LoginSemytPaso] Iniciando...
[12:22:54] ==================================================
[12:22:54] 🚀 PASO: LoginSemytPaso
[12:22:54] ==================================================
[12:22:54] Abriendo SEMyT...
[12:22:59] ✅ [SEMyT] Sesión existente detectada. Login omitido.
[12:22:59] ✅ LoginSemytPaso finalizado. (⏱ 5.5s)
[12:22:59] ✓ [LoginSemytPaso] Completado.
[12:22:59] ▶ [LoginJuzgadoPaso] Iniciando...
[12:22:59] ==================================================
[12:22:59] 🚀 PASO: LoginJuzgadoPaso
[12:22:59] ==================================================
[12:22:59] Abriendo sitio municipalidad (CiDi)...
[12:23:00] ✅ [Juzgado] Sesión existente detectada. Login omitido.
[12:23:00] ✅ LoginJuzgadoPaso finalizado. (⏱ 0.9s)
[12:23:00] ✓ [LoginJuzgadoPaso] Completado.
[12:23:00] ▶ [DescargasParalelasPaso] Iniciando...
[12:23:00] ==================================================
[12:23:00] 🚀 PASO: DescargasParalelasPaso
[12:23:00] ==================================================
[12:23:00] 📤 Arrancando las 3 descargas en paralelo (mismo browser, páginas separadas)...
[12:23:00] Fecha Desde: 27/06/2024
[12:23:00] Fecha Hasta: 24/11/2025
[12:23:00] Fecha Desde: 25/11/2025
[12:23:00] Fecha Hasta: 27/07/2026
[12:23:00] Descargando Excel...
[12:23:00] Descargando Excel...
[12:23:19] Archivo descargado en: backend/descargas/cache_actas_cruce/MULTAS_JUZGADO_CRUCE.xlsx
[12:23:20] ⏱ [actas_juzgado] completado en 20.0s
[12:23:27] ✅ TXT de pagos descargado en: backend/descargas/pagos/2026-07-27/PAGOS DESCARGADOS.txt
[12:23:27] ⏱ [pagos_txt] completado en 27.2s
[12:24:03] Archivo descargado en: backend/descargas/cache_actas_cruce/MULTAS_SIGEMI_CRUCE.xlsx
[12:24:06] ⏱ [actas_sigemi] completado en 65.6s
[12:24:06] ⏱ TOTAL descargas en paralelo: 65.6s
[12:24:06] ✅ DescargasParalelasPaso finalizado. (⏱ 65.8s)
[12:24:06] ✓ [DescargasParalelasPaso] Completado.
[12:24:06] ▶ [CompararActasPaso] Iniciando...
[12:24:06] ==================================================
[12:24:06] 🚀 PASO: CompararActasPaso
[12:24:06] ==================================================
[12:24:06] 🔍 Comparando actas del SEMyT contra pagos del Juzgado...
[12:24:06] ================================================================================
[12:24:06] INICIANDO PROCESO DE GENERACIÓN DE PAGOS DESACTUALIZADOS
[12:24:06] ================================================================================
[12:24:06] 📂 Cargando archivos...
[12:24:06]   ✓ Pagos: 17798 registros
[12:24:09]   ✓ Excel SIGEMI (multas vencidas viejas): 103245 registros
[12:24:10]   ✓ Excel Juzgado (multas vencidas nuevas): 40413 registros
[12:24:11] ================================================================================
[12:24:11] PASO 1: LLENANDO ACTA_NUMERO (búsqueda por patente + fecha, con desempate por hora)
[12:24:11] ================================================================================
[12:24:12] 📊 ESTADÍSTICAS DE LLENADO DE ACTAS:
[12:24:12]   • Pagos con acta ORIGINAL: 3477
[12:24:12]   • Pagos SIN acta (buscados): 14321
[12:24:12]   • Pagos LLENADOS exitosamente: 4
[12:24:12]   • Pagos NO encontrados en multas: 14317
[12:24:12]   • Pagos SIN RESOLVER por desbalance de cantidades: 0
[12:24:12] ================================================================================
[12:24:12] PASO 1: LLENANDO ACTA_NUMERO (búsqueda por patente + fecha, con desempate por hora)
[12:24:12] ================================================================================
[12:24:14] 📊 ESTADÍSTICAS DE LLENADO DE ACTAS:
[12:24:14]   • Pagos con acta ORIGINAL: 3481
[12:24:14]   • Pagos SIN acta (buscados): 14317
[12:24:14]   • Pagos LLENADOS exitosamente: 0
[12:24:14]   • Pagos NO encontrados en multas: 14317
[12:24:14]   • Pagos SIN RESOLVER por desbalance de cantidades: 0
[12:24:14] ⏱ PASO 1 (llenar actas): 3.3s
[12:24:14] ================================================================================
[12:24:14] PASO 2: FILTRANDO PAGOS CON ACTA_NUMERO COMPLETO
[12:24:14] ================================================================================
[12:24:14] 📊 ESTADÍSTICAS DE FILTRADO:
[12:24:14]   • Pagos TOTALES al inicio: 17798
[12:24:14]   • Pagos CON acta (MANTIENEN): 3481
[12:24:14]   • Pagos RECHAZADOS (sin coincidencias): 14317
[12:24:14] ⚠️  Se eliminaron 14317 registros sin número de acta
[12:24:14]      (recordá: esto incluye tanto pagos ya actualizados/pagados
[12:24:14]       como pagos que quedaron sin resolver por desbalance en el Paso 1)
[12:24:14] ================================================================================
[12:24:14] PASO 2-bis: CONFIRMANDO VIGENCIA DE PAGOS (sistema NUEVO contra MULTAS_JUZGADO_CRUCE, sistema VIEJO contra SIGEMI)
[12:24:14] ================================================================================
[12:24:14]   ⚠ 3464 pago(s) descartados: su acta ya no figura como vencida en MULTAS_JUZGADO_CRUCE (SEMyT ya los actualizó).
[12:24:14]   ⚠ 2 pago(s) descartados: su acta ya no figura como vencida en el Excel de SIGEMI (SEMyT ya los actualizó).
[12:24:14]   • Pagos descartados en total por ya estar actualizados/pagados: 3466
[12:24:14] ⏱ PASO 2 (filtrar): 0.3s
[12:24:14] 📂 Cargando maestro de causas SIGEMI...
[12:24:14]   ✓ Causas totales (maestro): 134069 registros
[12:24:14] ⏱ PASO 2.5 (causas simplificado): 0.0s
[12:24:14] ================================================================================
[12:24:14] PASO 2.5: ARMANDO causas.txt SIMPLIFICADO (cruce contra total_causas_sigemi.txt)
[12:24:14] ================================================================================
[12:24:14]   • Actas vencidas viejas (multas): 103245
[12:24:14]   • Causas totales en el maestro SIGEMI: 134069
[12:24:14]   • Causas que coinciden (simplificado): 102918
[12:24:14]   ✅ Archivo escrito: backend/descargas/causas/causas.txt
[12:24:14] ⏱ PASO 2.5 (causas simplificado): 0.4s
[12:24:14] ================================================================================
[12:24:14] PASO 3: LLENANDO CAUSA_NUMERO (según fecha de cambio de sistema, cruzando por acta + año)
[12:24:14] ================================================================================
[12:24:14] 📊 ESTADÍSTICAS DE LLENADO DE CAUSAS:
[12:24:14]   • Pagos con causa ORIGINAL: 11
[12:24:14]   • Causas encontradas en SIGEMI (actas viejas): 4
[12:24:14]   • Causas NO encontradas en SIGEMI: 0
[12:24:14]   • Causas asignadas automáticamente (actas nuevas): 0
[12:24:14] ⏱ PASO 3 (llenar causas): 0.0s
[12:24:14] ================================================================================
[12:24:14] PASO 4: ORDENANDO POR FECHA Y ACTA_NUMERO
[12:24:14] ================================================================================
[12:24:14] ✓ Pagos ordenados correctamente
[12:24:14]   • Primera entrada: Acta=187173, Fecha=08/08/2025
[12:24:14]   • Última entrada: Acta=297956, Fecha=20/04/2026
[12:24:14] 📝 Escribiendo archivo de salida...
[12:24:14]   ✅ Archivo escrito: backend/descargas/pagos/2026-07-27/PAGOS 20260727 122406.txt
[12:24:14]   ✅ Total registros: 1770
[12:24:14] ⏱ PASO 4 (ordenar y escribir): 0.0s
[12:24:14] ================================================================================
[12:24:14] ✅ PROCESO COMPLETADO EXITOSAMENTE
[12:24:14] ================================================================================
[12:24:14] 📊 RESUMEN FINAL DEL PROCESAMIENTO:
[12:24:14]   ENTRADA:
[12:24:14]     • Pagos originales: 17798
[12:24:14]     • Multas SIGEMI cargadas: 103245
[12:24:14]     • Multas Juzgado cargadas: 40413
[12:24:14]     • Causas simplificadas (usadas para el cruce): 102918
[12:24:14]   PROCESO:
[12:24:14]     • Pagos rechazados sigemi: 14317
[12:24:14]     • Pagos rechazados juzgado: 3466
[12:24:14]   SALIDA:
[12:24:14]     • Pagos desactualizados procesados: 15
[12:24:14]     • Archivo final: backend/descargas/pagos/2026-07-27/PAGOS 20260727 122406.txt
[12:24:14]     • Ordenados por fecha: SÍ ✓
[12:24:14]     • Todos con ACTA_NUMERO: SÍ ✓
[12:24:14]     • Todos con CAUSA_NUMERO: SÍ ✓
[12:24:14] ✅ TXT de pagos (ya cruzado con actas y causas) generado en: backend/descargas/pagos/2026-07-27/PAGOS 20260727 122406.txt
[12:24:14] 🧹 TXT de pagos crudo eliminado (ya usado en el cruce): backend/descargas/pagos/2026-07-27/PAGOS DESCARGADOS.txt
[12:24:14] 🧹 Excel MULTAS_SIGEMI_CRUCE eliminado (ya usado en el cruce): backend/descargas/cache_actas_cruce/MULTAS_SIGEMI_CRUCE.xlsx
[12:24:14] 🧹 Excel MULTAS_JUZGADO_CRUCE eliminado (ya usado en el cruce): backend/descargas/cache_actas_cruce/MULTAS_JUZGADO_CRUCE.xlsx
[12:24:14] ✅ CompararActasPaso finalizado. (⏱ 8.6s)
[12:24:14] ✓ [CompararActasPaso] Completado.
[12:24:14] ▶ [CargarPagosPaso] Iniciando...
[12:24:14] ==================================================
[12:24:14] 🚀 PASO: CargarPagosPaso
[12:24:14] ==================================================
[12:24:14] 📤 Subiendo TXT de pagos al SEMyT...
[12:24:16] ✅ Importación de pagos completada con éxito.
[12:24:16] ✅ Archivo TXT de pagos cargado en el SEMyT correctamente.
[12:24:16] ✅ CargarPagosPaso finalizado. (⏱ 2.0s)
[12:24:16] ✓ [CargarPagosPaso] Completado.
[12:24:16] === Ejecución finalizada con éxito ===
