[13:19:54] === Inicio de ejecución: pagos ===
[13:19:54] ▶ [LoginSemytPaso] Iniciando...
[13:19:54] ==================================================
[13:19:54] 🚀 PASO: LoginSemytPaso
[13:19:54] ==================================================
[13:19:55] Abriendo SEMyT...
[13:20:26] ✅ [SEMyT] Sesión existente detectada. Login omitido.
[13:20:26] ✅ LoginSemytPaso finalizado. (⏱ 31.6s)
[13:20:26] ✓ [LoginSemytPaso] Completado.
[13:20:26] ▶ [LoginJuzgadoPaso] Iniciando...
[13:20:26] ==================================================
[13:20:26] 🚀 PASO: LoginJuzgadoPaso
[13:20:26] ==================================================
[13:20:26] Abriendo sitio municipalidad (CiDi)...
[13:20:27] ✅ [Juzgado] Sesión existente detectada. Login omitido.
[13:20:27] ✅ LoginJuzgadoPaso finalizado. (⏱ 0.7s)
[13:20:27] ✓ [LoginJuzgadoPaso] Completado.
[13:20:27] ▶ [DescargasParalelasPaso] Iniciando...
[13:20:27] ==================================================
[13:20:27] 🚀 PASO: DescargasParalelasPaso
[13:20:27] ==================================================
[13:20:27] 📤 Arrancando las 3 descargas en paralelo (mismo browser, páginas separadas)...
[13:20:27] Fecha Desde: 27/06/2024
[13:20:27] Fecha Hasta: 24/11/2025
[13:20:27] Fecha Desde: 25/11/2025
[13:20:27] Fecha Hasta: 27/07/2026
[13:20:27] Descargando Excel...
[13:20:27] Descargando Excel...
[13:20:51] ✅ TXT de pagos descargado en: backend/descargas/pagos/2026-07-27/PAGOS DESCARGADOS.txt
[13:20:51] ⏱ [pagos_txt] completado en 23.9s
[13:20:53] Archivo descargado en: backend/descargas/cache_actas_cruce/MULTAS_JUZGADO_CRUCE.xlsx
[13:20:54] ⏱ [actas_juzgado] completado en 27.1s
[13:21:00] Archivo descargado en: backend/descargas/cache_actas_cruce/MULTAS_SIGEMI_CRUCE.xlsx
[13:21:04] ⏱ [actas_sigemi] completado en 36.5s
[13:21:04] ⏱ TOTAL descargas en paralelo: 36.5s
[13:21:04] ✅ DescargasParalelasPaso finalizado. (⏱ 36.7s)
[13:21:04] ✓ [DescargasParalelasPaso] Completado.
[13:21:04] ▶ [CompararActasPaso] Iniciando...
[13:21:04] ==================================================
[13:21:04] 🚀 PASO: CompararActasPaso
[13:21:04] ==================================================
[13:21:04] 🔍 Comparando actas del SEMyT contra pagos del Juzgado...
[13:21:04] ================================================================================
[13:21:04] INICIANDO PROCESO DE GENERACIÓN DE PAGOS DESACTUALIZADOS
[13:21:04] ================================================================================
[13:21:04] 📂 Cargando archivos...
[13:21:04]   ✓ Pagos: 17847 registros
[13:21:07]   ✓ Excel SIGEMI (multas vencidas viejas): 103211 registros
[13:21:08]   ✓ Excel Juzgado (multas vencidas nuevas): 40386 registros
[13:21:09] ================================================================================
[13:21:09] PASO 1: LLENANDO ACTA_NUMERO (búsqueda por patente + fecha, con desempate por hora)
[13:21:09] ================================================================================
[13:21:10] 📊 ESTADÍSTICAS DE LLENADO DE ACTAS:
[13:21:10]   • Pagos con acta ORIGINAL: 3495
[13:21:10]   • Pagos SIN acta (buscados): 14352
[13:21:10]   • Pagos LLENADOS exitosamente: 1
[13:21:10]   • Pagos NO encontrados en multas: 14351
[13:21:10]   • Pagos SIN RESOLVER por desbalance de cantidades: 0
[13:21:10] ================================================================================
[13:21:10] PASO 1: LLENANDO ACTA_NUMERO (búsqueda por patente + fecha, con desempate por hora)
[13:21:10] ================================================================================
[13:21:11] 📊 ESTADÍSTICAS DE LLENADO DE ACTAS:
[13:21:11]   • Pagos con acta ORIGINAL: 3496
[13:21:11]   • Pagos SIN acta (buscados): 14351
[13:21:11]   • Pagos LLENADOS exitosamente: 0
[13:21:11]   • Pagos NO encontrados en multas: 14351
[13:21:11]   • Pagos SIN RESOLVER por desbalance de cantidades: 0
[13:21:11] ⏱ PASO 1 (llenar actas): 3.4s
[13:21:11] ================================================================================
[13:21:11] PASO 2: FILTRANDO PAGOS CON ACTA_NUMERO COMPLETO
[13:21:11] ================================================================================
[13:21:11] 📊 ESTADÍSTICAS DE FILTRADO:
[13:21:11]   • Pagos TOTALES al inicio: 17847
[13:21:11]   • Pagos CON acta (MANTIENEN): 3496
[13:21:11]   • Pagos RECHAZADOS (sin coincidencias): 14351
[13:21:11] ⚠️  Se eliminaron 14351 registros sin número de acta
[13:21:11]      (recordá: esto incluye tanto pagos ya actualizados/pagados
[13:21:11]       como pagos que quedaron sin resolver por desbalance en el Paso 1)
[13:21:11] ================================================================================
[13:21:11] PASO 2-bis: CONFIRMANDO VIGENCIA DE PAGOS (sistema NUEVO contra MULTAS_JUZGADO_CRUCE, sistema VIEJO contra SIGEMI)
[13:21:11] ================================================================================
[13:21:12]   ⚠ 3491 pago(s) descartados: su acta ya no figura como vencida en MULTAS_JUZGADO_CRUCE (SEMyT ya los actualizó).
[13:21:12]   ⚠ 2 pago(s) descartados: su acta ya no figura como vencida en el Excel de SIGEMI (SEMyT ya los actualizó).
[13:21:12]   • Pagos descartados en total por ya estar actualizados/pagados: 3493
[13:21:12] ⏱ PASO 2 (filtrar): 0.3s
[13:21:12] 📂 Cargando maestro de causas SIGEMI...
[13:21:12]   ✓ Causas totales (maestro): 134069 registros
[13:21:12] ⏱ PASO 2.5 (causas simplificado): 0.0s
[13:21:12] ================================================================================
[13:21:12] PASO 2.5: ARMANDO causas.txt SIMPLIFICADO (cruce contra total_causas_sigemi.txt)
[13:21:12] ================================================================================
[13:21:12]   • Actas vencidas viejas (multas): 103211
[13:21:12]   • Causas totales en el maestro SIGEMI: 134069
[13:21:12]   • Causas que coinciden (simplificado): 102884
[13:21:12]   ✅ Archivo escrito: backend/descargas/causas/causas.txt
[13:21:12] ⏱ PASO 2.5 (causas simplificado): 0.4s
[13:21:12] ================================================================================
[13:21:12] PASO 3: LLENANDO CAUSA_NUMERO (según fecha de cambio de sistema, cruzando por acta + año)
[13:21:12] ================================================================================
[13:21:12] 📊 ESTADÍSTICAS DE LLENADO DE CAUSAS:
[13:21:12]   • Pagos con causa ORIGINAL: 2
[13:21:12]   • Causas encontradas en SIGEMI (actas viejas): 1
[13:21:12]   • Causas NO encontradas en SIGEMI: 0
[13:21:12]   • Causas asignadas automáticamente (actas nuevas): 0
[13:21:12] ⏱ PASO 3 (llenar causas): 0.0s
[13:21:12] ================================================================================
[13:21:12] PASO 4: ORDENANDO POR FECHA Y ACTA_NUMERO
[13:21:12] ================================================================================
[13:21:12] ✓ Pagos ordenados correctamente
[13:21:12]   • Primera entrada: Acta=20712, Fecha=01/08/2024
[13:21:12]   • Última entrada: Acta=296773, Fecha=17/04/2026
[13:21:12] 📝 Escribiendo archivo de salida...
[13:21:12]   ✅ Archivo escrito: backend/descargas/pagos/2026-07-27/PAGOS 20260727 132104.txt
[13:21:12]   ✅ Total registros: 475
[13:21:12] ⏱ PASO 4 (ordenar y escribir): 0.0s
[13:21:12] ================================================================================
[13:21:12] ✅ PROCESO COMPLETADO EXITOSAMENTE
[13:21:12] ================================================================================
[13:21:12] 📊 RESUMEN FINAL DEL PROCESAMIENTO:
[13:21:12]   ENTRADA:
[13:21:12]     • Pagos originales: 17847
[13:21:12]     • Multas SIGEMI cargadas: 103211
[13:21:12]     • Multas Juzgado cargadas: 40386
[13:21:12]     • Causas simplificadas (usadas para el cruce): 102884
[13:21:12]   PROCESO:
[13:21:12]     • Pagos rechazados sigemi: 14351
[13:21:12]     • Pagos rechazados juzgado: 3493
[13:21:12]   SALIDA:
[13:21:12]     • Pagos desactualizados procesados: 3
[13:21:12]     • Archivo final: backend/descargas/pagos/2026-07-27/PAGOS 20260727 132104.txt
[13:21:12]     • Ordenados por fecha: SÍ ✓
[13:21:12]     • Todos con ACTA_NUMERO: SÍ ✓
[13:21:12]     • Todos con CAUSA_NUMERO: SÍ ✓
[13:21:12] ✅ TXT de pagos (ya cruzado con actas y causas) generado en: backend/descargas/pagos/2026-07-27/PAGOS 20260727 132104.txt
[13:21:12] 🧹 TXT de pagos crudo eliminado (ya usado en el cruce): backend/descargas/pagos/2026-07-27/PAGOS DESCARGADOS.txt
[13:21:12] 🧹 Excel MULTAS_SIGEMI_CRUCE eliminado (ya usado en el cruce): backend/descargas/cache_actas_cruce/MULTAS_SIGEMI_CRUCE.xlsx
[13:21:12] 🧹 Excel MULTAS_JUZGADO_CRUCE eliminado (ya usado en el cruce): backend/descargas/cache_actas_cruce/MULTAS_JUZGADO_CRUCE.xlsx
[13:21:12] ✅ CompararActasPaso finalizado. (⏱ 8.6s)
[13:21:12] ✓ [CompararActasPaso] Completado.
[13:21:12] ▶ [CargarPagosPaso] Iniciando...
[13:21:12] ==================================================
[13:21:12] 🚀 PASO: CargarPagosPaso
[13:21:12] ==================================================
[13:21:12] 📤 Subiendo TXT de pagos al SEMyT...
[13:21:14] ✅ Importación de pagos completada con éxito.
[13:21:14] ✅ Archivo TXT de pagos cargado en el SEMyT correctamente.
[13:21:14] ✅ CargarPagosPaso finalizado. (⏱ 2.0s)
[13:21:14] ✓ [CargarPagosPaso] Completado.
[13:21:14] === Ejecución finalizada con éxito ===
