[11:12:22] === Inicio de ejecución: pagos ===
[11:12:23] ▶ [LoginSemytPaso] Iniciando...
[11:12:23] ==================================================
[11:12:23] 🚀 PASO: LoginSemytPaso
[11:12:23] ==================================================
[11:12:23] Abriendo SEMyT...
[11:12:55] ✅ [SEMyT] Sesión existente detectada. Login omitido.
[11:12:55] ✅ LoginSemytPaso finalizado. (⏱ 32.2s)
[11:12:55] ✓ [LoginSemytPaso] Completado.
[11:12:55] ▶ [LoginJuzgadoPaso] Iniciando...
[11:12:55] ==================================================
[11:12:55] 🚀 PASO: LoginJuzgadoPaso
[11:12:55] ==================================================
[11:12:55] Abriendo sitio municipalidad (CiDi)...
[11:12:55] ✅ [Juzgado] Sesión existente detectada. Login omitido.
[11:12:55] ✅ LoginJuzgadoPaso finalizado. (⏱ 0.6s)
[11:12:55] ✓ [LoginJuzgadoPaso] Completado.
[11:12:55] ▶ [DescargasParalelasPaso] Iniciando...
[11:12:55] ==================================================
[11:12:55] 🚀 PASO: DescargasParalelasPaso
[11:12:55] ==================================================
[11:12:56] 📤 Arrancando las 3 descargas en paralelo (mismo browser, páginas separadas)...
[11:12:56] Fecha Desde: 27/06/2024
[11:12:56] Fecha Hasta: 24/11/2025
[11:12:56] Fecha Desde: 25/11/2025
[11:12:56] Fecha Hasta: 27/07/2026
[11:12:56] Descargando Excel...
[11:12:56] Descargando Excel...
[11:13:24] ✅ TXT de pagos descargado en: backend/descargas/pagos/2026-07-27/PAGOS DESCARGADOS.txt
[11:13:24] ⏱ [pagos_txt] completado en 28.0s
[11:13:32] Archivo descargado en: backend/descargas/cache_actas_cruce/MULTAS_JUZGADO_CRUCE.xlsx
[11:13:33] ⏱ [actas_juzgado] completado en 37.4s
[11:13:59] Archivo descargado en: backend/descargas/cache_actas_cruce/MULTAS_SIGEMI_CRUCE.xlsx
[11:14:02] ⏱ [actas_sigemi] completado en 66.1s
[11:14:02] ⏱ TOTAL descargas en paralelo: 66.1s
[11:14:02] ✅ DescargasParalelasPaso finalizado. (⏱ 66.3s)
[11:14:02] ✓ [DescargasParalelasPaso] Completado.
[11:14:02] ▶ [CompararActasPaso] Iniciando...
[11:14:02] ==================================================
[11:14:02] 🚀 PASO: CompararActasPaso
[11:14:02] ==================================================
[11:14:02] 🔍 Comparando actas del SEMyT contra pagos del Juzgado...
[11:14:02] ================================================================================
[11:14:02] INICIANDO PROCESO DE GENERACIÓN DE PAGOS DESACTUALIZADOS
[11:14:02] ================================================================================
[11:14:02] 📂 Cargando archivos...
[11:14:02]   ✓ Pagos: 17694 registros
[11:14:05]   ✓ Excel SIGEMI (multas vencidas viejas): 103269 registros
[11:14:06]   ✓ Excel Juzgado (multas vencidas nuevas): 40481 registros
[11:14:07] ================================================================================
[11:14:07] PASO 1: LLENANDO ACTA_NUMERO (búsqueda por patente + fecha, con desempate por hora)
[11:14:07] ================================================================================
[11:14:08] 📊 ESTADÍSTICAS DE LLENADO DE ACTAS:
[11:14:08]   • Pagos con acta ORIGINAL: 3400
[11:14:08]   • Pagos SIN acta (buscados): 14294
[11:14:08]   • Pagos LLENADOS exitosamente: 1
[11:14:08]   • Pagos NO encontrados en multas: 14293
[11:14:08]   • Pagos SIN RESOLVER por desbalance de cantidades: 0
[11:14:08] ================================================================================
[11:14:08] PASO 1: LLENANDO ACTA_NUMERO (búsqueda por patente + fecha, con desempate por hora)
[11:14:08] ================================================================================
[11:14:10] 📊 ESTADÍSTICAS DE LLENADO DE ACTAS:
[11:14:10]   • Pagos con acta ORIGINAL: 3401
[11:14:10]   • Pagos SIN acta (buscados): 14293
[11:14:10]   • Pagos LLENADOS exitosamente: 0
[11:14:10]   • Pagos NO encontrados en multas: 14293
[11:14:10]   • Pagos SIN RESOLVER por desbalance de cantidades: 0
[11:14:10] ⏱ PASO 1 (llenar actas): 3.3s
[11:14:10] ================================================================================
[11:14:10] PASO 2: FILTRANDO PAGOS CON ACTA_NUMERO COMPLETO
[11:14:10] ================================================================================
[11:14:10] 📊 ESTADÍSTICAS DE FILTRADO:
[11:14:10]   • Pagos TOTALES al inicio: 17694
[11:14:10]   • Pagos CON acta (MANTIENEN): 3401
[11:14:10]   • Pagos RECHAZADOS (sin coincidencias): 14293
[11:14:10] ⚠️  Se eliminaron 14293 registros sin número de acta
[11:14:10]      (recordá: esto incluye tanto pagos ya actualizados/pagados
[11:14:10]       como pagos que quedaron sin resolver por desbalance en el Paso 1)
[11:14:10] ================================================================================
[11:14:10] PASO 2-bis: CONFIRMANDO VIGENCIA DE PAGOS (sistema NUEVO contra MULTAS_JUZGADO_CRUCE, sistema VIEJO contra SIGEMI)
[11:14:10] ================================================================================
[11:14:10]   ⚠ 3396 pago(s) descartados: su acta ya no figura como vencida en MULTAS_JUZGADO_CRUCE (SEMyT ya los actualizó).
[11:14:10]   ⚠ 2 pago(s) descartados: su acta ya no figura como vencida en el Excel de SIGEMI (SEMyT ya los actualizó).
[11:14:10]   • Pagos descartados en total por ya estar actualizados/pagados: 3398
[11:14:10] ⏱ PASO 2 (filtrar): 0.3s
[11:14:10] 📂 Cargando maestro de causas SIGEMI...
[11:14:10]   ✓ Causas totales (maestro): 134069 registros
[11:14:10] ⏱ PASO 2.5 (causas simplificado): 0.0s
[11:14:10] ================================================================================
[11:14:10] PASO 2.5: ARMANDO causas.txt SIMPLIFICADO (cruce contra total_causas_sigemi.txt)
[11:14:10] ================================================================================
[11:14:10]   • Actas vencidas viejas (multas): 103269
[11:14:10]   • Causas totales en el maestro SIGEMI: 134069
[11:14:10]   • Causas que coinciden (simplificado): 102942
[11:14:10]   ✅ Archivo escrito: backend/descargas/causas/causas.txt
[11:14:10] ⏱ PASO 2.5 (causas simplificado): 0.4s
[11:14:10] ================================================================================
[11:14:10] PASO 3: LLENANDO CAUSA_NUMERO (según fecha de cambio de sistema, cruzando por acta + año)
[11:14:10] ================================================================================
[11:14:10] 📊 ESTADÍSTICAS DE LLENADO DE CAUSAS:
[11:14:10]   • Pagos con causa ORIGINAL: 2
[11:14:10]   • Causas encontradas en SIGEMI (actas viejas): 1
[11:14:10]   • Causas NO encontradas en SIGEMI: 0
[11:14:10]   • Causas asignadas automáticamente (actas nuevas): 0
[11:14:10] ⏱ PASO 3 (llenar causas): 0.0s
[11:14:10] ================================================================================
[11:14:10] PASO 4: ORDENANDO POR FECHA Y ACTA_NUMERO
[11:14:10] ================================================================================
[11:14:10] ✓ Pagos ordenados correctamente
[11:14:10]   • Primera entrada: Acta=22524, Fecha=03/08/2024
[11:14:10]   • Última entrada: Acta=266756, Fecha=13/02/2026
[11:14:10] 📝 Escribiendo archivo de salida...
[11:14:10]   ✅ Archivo escrito: backend/descargas/pagos/2026-07-27/PAGOS 20260727 111402.txt
[11:14:10]   ✅ Total registros: 474
[11:14:10] ⏱ PASO 4 (ordenar y escribir): 0.0s
[11:14:10] ================================================================================
[11:14:10] ✅ PROCESO COMPLETADO EXITOSAMENTE
[11:14:10] ================================================================================
[11:14:10] 📊 RESUMEN FINAL DEL PROCESAMIENTO:
[11:14:10]   ENTRADA:
[11:14:10]     • Pagos originales: 17694
[11:14:10]     • Multas SIGEMI cargadas: 103269
[11:14:10]     • Multas Juzgado cargadas: 40481
[11:14:10]     • Causas simplificadas (usadas para el cruce): 102942
[11:14:10]   PROCESO:
[11:14:10]     • Pagos rechazados sigemi: 14293
[11:14:10]     • Pagos rechazados juzgado: 3398
[11:14:10]   SALIDA:
[11:14:10]     • Pagos desactualizados procesados: 3
[11:14:10]     • Archivo final: backend/descargas/pagos/2026-07-27/PAGOS 20260727 111402.txt
[11:14:10]     • Ordenados por fecha: SÍ ✓
[11:14:10]     • Todos con ACTA_NUMERO: SÍ ✓
[11:14:10]     • Todos con CAUSA_NUMERO: SÍ ✓
[11:14:10] ✅ TXT de pagos (ya cruzado con actas y causas) generado en: backend/descargas/pagos/2026-07-27/PAGOS 20260727 111402.txt
[11:14:10] 🧹 TXT de pagos crudo eliminado (ya usado en el cruce): backend/descargas/pagos/2026-07-27/PAGOS DESCARGADOS.txt
[11:14:10] 🧹 Excel MULTAS_SIGEMI_CRUCE eliminado (ya usado en el cruce): backend/descargas/cache_actas_cruce/MULTAS_SIGEMI_CRUCE.xlsx
[11:14:10] 🧹 Excel MULTAS_JUZGADO_CRUCE eliminado (ya usado en el cruce): backend/descargas/cache_actas_cruce/MULTAS_JUZGADO_CRUCE.xlsx
[11:14:10] ✅ CompararActasPaso finalizado. (⏱ 8.5s)
[11:14:10] ✓ [CompararActasPaso] Completado.
[11:14:10] ▶ [CargarPagosPaso] Iniciando...
[11:14:10] ==================================================
[11:14:10] 🚀 PASO: CargarPagosPaso
[11:14:10] ==================================================
[11:14:10] 📤 Subiendo TXT de pagos al SEMyT...
[11:14:12] ✅ Importación de pagos completada con éxito.
[11:14:12] ✅ Archivo TXT de pagos cargado en el SEMyT correctamente.
[11:14:12] ✅ CargarPagosPaso finalizado. (⏱ 2.1s)
[11:14:12] ✓ [CargarPagosPaso] Completado.
[11:14:13] === Ejecución finalizada con éxito ===
