[10:35:31] === Inicio de ejecución: pagos ===
[10:35:31] ▶ [LoginSemytPaso] Iniciando...
[10:35:31] ==================================================
[10:35:31] 🚀 PASO: LoginSemytPaso
[10:35:31] ==================================================
[10:35:32] Abriendo SEMyT...
[10:35:44] ✅ [SEMyT] Sesión existente detectada. Login omitido.
[10:35:45] ✅ LoginSemytPaso finalizado. (⏱ 13.2s)
[10:35:45] ✓ [LoginSemytPaso] Completado.
[10:35:45] ▶ [LoginJuzgadoPaso] Iniciando...
[10:35:45] ==================================================
[10:35:45] 🚀 PASO: LoginJuzgadoPaso
[10:35:45] ==================================================
[10:35:45] Abriendo sitio municipalidad (CiDi)...
[10:35:45] ✅ [Juzgado] Sesión existente detectada. Login omitido.
[10:35:45] ✅ LoginJuzgadoPaso finalizado. (⏱ 0.6s)
[10:35:45] ✓ [LoginJuzgadoPaso] Completado.
[10:35:45] ▶ [DescargasParalelasPaso] Iniciando...
[10:35:45] ==================================================
[10:35:45] 🚀 PASO: DescargasParalelasPaso
[10:35:45] ==================================================
[10:35:45] 📤 Arrancando las 3 descargas en paralelo (mismo browser, páginas separadas)...
[10:35:45] Fecha Desde: 27/06/2024
[10:35:45] Fecha Hasta: 24/11/2025
[10:35:45] Fecha Desde: 25/11/2025
[10:35:45] Fecha Hasta: 27/07/2026
[10:35:46] Descargando Excel...
[10:35:46] Descargando Excel...
[10:36:03] Archivo descargado en: backend/descargas/cache_actas_cruce/MULTAS_JUZGADO_CRUCE.xlsx
[10:36:04] ⏱ [actas_juzgado] completado en 18.5s
[10:36:27] Archivo descargado en: backend/descargas/cache_actas_cruce/MULTAS_SIGEMI_CRUCE.xlsx
[10:36:31] ⏱ [actas_sigemi] completado en 45.1s
[10:36:55] ✅ TXT de pagos descargado en: backend/descargas/pagos/2026-07-27/PAGOS DESCARGADOS.txt
[10:36:55] ⏱ [pagos_txt] completado en 69.8s
[10:36:55] ⏱ TOTAL descargas en paralelo: 69.8s
[10:36:55] ✅ DescargasParalelasPaso finalizado. (⏱ 70.0s)
[10:36:55] ✓ [DescargasParalelasPaso] Completado.
[10:36:55] ▶ [CompararActasPaso] Iniciando...
[10:36:55] ==================================================
[10:36:55] 🚀 PASO: CompararActasPaso
[10:36:55] ==================================================
[10:36:55] 🔍 Comparando actas del SEMyT contra pagos del Juzgado...
[10:36:55] ================================================================================
[10:36:55] INICIANDO PROCESO DE GENERACIÓN DE PAGOS DESACTUALIZADOS
[10:36:55] ================================================================================
[10:36:55] 📂 Cargando archivos...
[10:36:55]   ✓ Pagos: 17649 registros
[10:36:58]   ✓ Excel SIGEMI (multas vencidas viejas): 103381 registros
[10:37:00]   ✓ Excel Juzgado (multas vencidas nuevas): 40652 registros
[10:37:00] ================================================================================
[10:37:00] PASO 1: LLENANDO ACTA_NUMERO (búsqueda por patente + fecha, con desempate por hora)
[10:37:00] ================================================================================
[10:37:02] 📊 ESTADÍSTICAS DE LLENADO DE ACTAS:
[10:37:02]   • Pagos con acta ORIGINAL: 3384
[10:37:02]   • Pagos SIN acta (buscados): 14265
[10:37:02]   • Pagos LLENADOS exitosamente: 84
[10:37:02]   • Pagos NO encontrados en multas: 14181
[10:37:02]   • Pagos SIN RESOLVER por desbalance de cantidades: 0
[10:37:02] ================================================================================
[10:37:02] PASO 1: LLENANDO ACTA_NUMERO (búsqueda por patente + fecha, con desempate por hora)
[10:37:02] ================================================================================
[10:37:03] 📊 ESTADÍSTICAS DE LLENADO DE ACTAS:
[10:37:03]   • Pagos con acta ORIGINAL: 3468
[10:37:03]   • Pagos SIN acta (buscados): 14181
[10:37:03]   • Pagos LLENADOS exitosamente: 0
[10:37:03]   • Pagos NO encontrados en multas: 14181
[10:37:03]   • Pagos SIN RESOLVER por desbalance de cantidades: 0
[10:37:03] ⏱ PASO 1 (llenar actas): 3.4s
[10:37:03] ================================================================================
[10:37:03] PASO 2: FILTRANDO PAGOS CON ACTA_NUMERO COMPLETO
[10:37:03] ================================================================================
[10:37:03] 📊 ESTADÍSTICAS DE FILTRADO:
[10:37:03]   • Pagos TOTALES al inicio: 17649
[10:37:03]   • Pagos CON acta (MANTIENEN): 3468
[10:37:03]   • Pagos RECHAZADOS (sin coincidencias): 14181
[10:37:03] ⚠️  Se eliminaron 14181 registros sin número de acta
[10:37:03]      (recordá: esto incluye tanto pagos ya actualizados/pagados
[10:37:03]       como pagos que quedaron sin resolver por desbalance en el Paso 1)
[10:37:03] ================================================================================
[10:37:03] PASO 2-bis: CONFIRMANDO VIGENCIA DE PAGOS (sistema NUEVO contra MULTAS_JUZGADO_CRUCE, sistema VIEJO contra SIGEMI)
[10:37:03] ================================================================================
[10:37:03]   ⚠ 3225 pago(s) descartados: su acta ya no figura como vencida en MULTAS_JUZGADO_CRUCE (SEMyT ya los actualizó).
[10:37:03]   ⚠ 2 pago(s) descartados: su acta ya no figura como vencida en el Excel de SIGEMI (SEMyT ya los actualizó).
[10:37:03]   • Pagos descartados en total por ya estar actualizados/pagados: 3227
[10:37:03] ⏱ PASO 2 (filtrar): 0.3s
[10:37:03] 📂 Cargando maestro de causas SIGEMI...
[10:37:03]   ✓ Causas totales (maestro): 134069 registros
[10:37:03] ⏱ PASO 2.5 (causas simplificado): 0.0s
[10:37:03] ================================================================================
[10:37:03] PASO 2.5: ARMANDO causas.txt SIMPLIFICADO (cruce contra total_causas_sigemi.txt)
[10:37:03] ================================================================================
[10:37:04]   • Actas vencidas viejas (multas): 103381
[10:37:04]   • Causas totales en el maestro SIGEMI: 134069
[10:37:04]   • Causas que coinciden (simplificado): 103054
[10:37:04]   ✅ Archivo escrito: backend/descargas/causas/causas.txt
[10:37:04] ⏱ PASO 2.5 (causas simplificado): 0.4s
[10:37:04] ================================================================================
[10:37:04] PASO 3: LLENANDO CAUSA_NUMERO (según fecha de cambio de sistema, cruzando por acta + año)
[10:37:04] ================================================================================
[10:37:04] 📊 ESTADÍSTICAS DE LLENADO DE CAUSAS:
[10:37:04]   • Pagos con causa ORIGINAL: 157
[10:37:04]   • Causas encontradas en SIGEMI (actas viejas): 84
[10:37:04]   • Causas NO encontradas en SIGEMI: 0
[10:37:04]   • Causas asignadas automáticamente (actas nuevas): 0
[10:37:04] ⏱ PASO 3 (llenar causas): 0.0s
[10:37:04] ================================================================================
[10:37:04] PASO 4: ORDENANDO POR FECHA Y ACTA_NUMERO
[10:37:04] ================================================================================
[10:37:04] ✓ Pagos ordenados correctamente
[10:37:04]   • Primera entrada: Acta=3175, Fecha=02/07/2024
[10:37:04]   • Última entrada: Acta=317301, Fecha=20/05/2026
[10:37:04] 📝 Escribiendo archivo de salida...
[10:37:04]   ✅ Archivo escrito: backend/descargas/pagos/2026-07-27/PAGOS 20260727 103655.txt
[10:37:04]   ✅ Total registros: 25968
[10:37:04] ⏱ PASO 4 (ordenar y escribir): 0.0s
[10:37:04] ================================================================================
[10:37:04] ✅ PROCESO COMPLETADO EXITOSAMENTE
[10:37:04] ================================================================================
[10:37:04] 📊 RESUMEN FINAL DEL PROCESAMIENTO:
[10:37:04]   ENTRADA:
[10:37:04]     • Pagos originales: 17649
[10:37:04]     • Multas SIGEMI cargadas: 103381
[10:37:04]     • Multas Juzgado cargadas: 40652
[10:37:04]     • Causas simplificadas (usadas para el cruce): 103054
[10:37:04]   PROCESO:
[10:37:04]     • Pagos rechazados sigemi: 14181
[10:37:04]     • Pagos rechazados juzgado: 3227
[10:37:04]   SALIDA:
[10:37:04]     • Pagos desactualizados procesados: 241
[10:37:04]     • Archivo final: backend/descargas/pagos/2026-07-27/PAGOS 20260727 103655.txt
[10:37:04]     • Ordenados por fecha: SÍ ✓
[10:37:04]     • Todos con ACTA_NUMERO: SÍ ✓
[10:37:04]     • Todos con CAUSA_NUMERO: SÍ ✓
[10:37:04] ✅ TXT de pagos (ya cruzado con actas y causas) generado en: backend/descargas/pagos/2026-07-27/PAGOS 20260727 103655.txt
[10:37:04] 🧹 TXT de pagos crudo eliminado (ya usado en el cruce): backend/descargas/pagos/2026-07-27/PAGOS DESCARGADOS.txt
[10:37:04] 🧹 Excel MULTAS_SIGEMI_CRUCE eliminado (ya usado en el cruce): backend/descargas/cache_actas_cruce/MULTAS_SIGEMI_CRUCE.xlsx
[10:37:04] 🧹 Excel MULTAS_JUZGADO_CRUCE eliminado (ya usado en el cruce): backend/descargas/cache_actas_cruce/MULTAS_JUZGADO_CRUCE.xlsx
[10:37:04] ✅ CompararActasPaso finalizado. (⏱ 8.7s)
[10:37:04] ✓ [CompararActasPaso] Completado.
[10:37:04] ▶ [CargarPagosPaso] Iniciando...
[10:37:04] ==================================================
[10:37:04] 🚀 PASO: CargarPagosPaso
[10:37:04] ==================================================
[10:37:04] 📤 Subiendo TXT de pagos al SEMyT...
[10:37:06] ✅ Importación de pagos completada con éxito.
[10:37:07] ✅ Archivo TXT de pagos cargado en el SEMyT correctamente.
[10:37:07] ✅ CargarPagosPaso finalizado. (⏱ 2.7s)
[10:37:07] ✓ [CargarPagosPaso] Completado.
[10:37:07] === Ejecución finalizada con éxito ===
