[13:08:39] === Inicio de ejecución: pagos ===
[13:08:40] ▶ [LoginSemytPaso] Iniciando...
[13:08:40] ==================================================
[13:08:40] 🚀 PASO: LoginSemytPaso
[13:08:40] ==================================================
[13:08:40] Abriendo SEMyT...
[13:08:50] ✅ [SEMyT] Sesión existente detectada. Login omitido.
[13:08:50] ✅ LoginSemytPaso finalizado. (⏱ 10.1s)
[13:08:50] ✓ [LoginSemytPaso] Completado.
[13:08:50] ▶ [LoginJuzgadoPaso] Iniciando...
[13:08:50] ==================================================
[13:08:50] 🚀 PASO: LoginJuzgadoPaso
[13:08:50] ==================================================
[13:08:50] Abriendo sitio municipalidad (CiDi)...
[13:08:50] ✅ [Juzgado] Sesión existente detectada. Login omitido.
[13:08:50] ✅ LoginJuzgadoPaso finalizado. (⏱ 0.6s)
[13:08:50] ✓ [LoginJuzgadoPaso] Completado.
[13:08:50] ▶ [DescargasParalelasPaso] Iniciando...
[13:08:50] ==================================================
[13:08:50] 🚀 PASO: DescargasParalelasPaso
[13:08:50] ==================================================
[13:08:51] 📤 Arrancando las 3 descargas en paralelo (mismo browser, páginas separadas)...
[13:08:51] Fecha Desde: 27/06/2024
[13:08:51] Fecha Hasta: 24/11/2025
[13:08:51] Fecha Desde: 25/11/2025
[13:08:51] Fecha Hasta: 27/07/2026
[13:08:51] Descargando Excel...
[13:08:51] Descargando Excel...
[13:09:05] Archivo descargado en: backend/descargas/cache_actas_cruce/MULTAS_JUZGADO_CRUCE.xlsx
[13:09:07] ⏱ [actas_juzgado] completado en 16.1s
[13:09:17] ✅ TXT de pagos descargado en: backend/descargas/pagos/2026-07-27/PAGOS DESCARGADOS.txt
[13:09:17] ⏱ [pagos_txt] completado en 26.8s
[13:09:28] Archivo descargado en: backend/descargas/cache_actas_cruce/MULTAS_SIGEMI_CRUCE.xlsx
[13:09:31] ⏱ [actas_sigemi] completado en 40.9s
[13:09:31] ⏱ TOTAL descargas en paralelo: 40.9s
[13:09:31] ✅ DescargasParalelasPaso finalizado. (⏱ 41.2s)
[13:09:31] ✓ [DescargasParalelasPaso] Completado.
[13:09:31] ▶ [CompararActasPaso] Iniciando...
[13:09:31] ==================================================
[13:09:31] 🚀 PASO: CompararActasPaso
[13:09:31] ==================================================
[13:09:31] 🔍 Comparando actas del SEMyT contra pagos del Juzgado...
[13:09:31] ================================================================================
[13:09:31] INICIANDO PROCESO DE GENERACIÓN DE PAGOS DESACTUALIZADOS
[13:09:31] ================================================================================
[13:09:31] 📂 Cargando archivos...
[13:09:31]   ✓ Pagos: 17844 registros
[13:09:35]   ✓ Excel SIGEMI (multas vencidas viejas): 103211 registros
[13:09:36]   ✓ Excel Juzgado (multas vencidas nuevas): 40388 registros
[13:09:36] ================================================================================
[13:09:36] PASO 1: LLENANDO ACTA_NUMERO (búsqueda por patente + fecha, con desempate por hora)
[13:09:36] ================================================================================
[13:09:38] 📊 ESTADÍSTICAS DE LLENADO DE ACTAS:
[13:09:38]   • Pagos con acta ORIGINAL: 3493
[13:09:38]   • Pagos SIN acta (buscados): 14351
[13:09:38]   • Pagos LLENADOS exitosamente: 0
[13:09:38]   • Pagos NO encontrados en multas: 14351
[13:09:38]   • Pagos SIN RESOLVER por desbalance de cantidades: 0
[13:09:38] ================================================================================
[13:09:38] PASO 1: LLENANDO ACTA_NUMERO (búsqueda por patente + fecha, con desempate por hora)
[13:09:38] ================================================================================
[13:09:39] 📊 ESTADÍSTICAS DE LLENADO DE ACTAS:
[13:09:39]   • Pagos con acta ORIGINAL: 3493
[13:09:39]   • Pagos SIN acta (buscados): 14351
[13:09:39]   • Pagos LLENADOS exitosamente: 0
[13:09:39]   • Pagos NO encontrados en multas: 14351
[13:09:39]   • Pagos SIN RESOLVER por desbalance de cantidades: 0
[13:09:39] ⏱ PASO 1 (llenar actas): 3.3s
[13:09:39] ================================================================================
[13:09:39] PASO 2: FILTRANDO PAGOS CON ACTA_NUMERO COMPLETO
[13:09:39] ================================================================================
[13:09:39] 📊 ESTADÍSTICAS DE FILTRADO:
[13:09:39]   • Pagos TOTALES al inicio: 17844
[13:09:39]   • Pagos CON acta (MANTIENEN): 3493
[13:09:39]   • Pagos RECHAZADOS (sin coincidencias): 14351
[13:09:39] ⚠️  Se eliminaron 14351 registros sin número de acta
[13:09:39]      (recordá: esto incluye tanto pagos ya actualizados/pagados
[13:09:39]       como pagos que quedaron sin resolver por desbalance en el Paso 1)
[13:09:39] ================================================================================
[13:09:39] PASO 2-bis: CONFIRMANDO VIGENCIA DE PAGOS (sistema NUEVO contra MULTAS_JUZGADO_CRUCE, sistema VIEJO contra SIGEMI)
[13:09:39] ================================================================================
[13:09:40]   ⚠ 3489 pago(s) descartados: su acta ya no figura como vencida en MULTAS_JUZGADO_CRUCE (SEMyT ya los actualizó).
[13:09:40]   ⚠ 2 pago(s) descartados: su acta ya no figura como vencida en el Excel de SIGEMI (SEMyT ya los actualizó).
[13:09:40]   • Pagos descartados en total por ya estar actualizados/pagados: 3491
[13:09:40] ⏱ PASO 2 (filtrar): 0.3s
[13:09:40] 📂 Cargando maestro de causas SIGEMI...
[13:09:40]   ✓ Causas totales (maestro): 134069 registros
[13:09:40] ⏱ PASO 2.5 (causas simplificado): 0.0s
[13:09:40] ================================================================================
[13:09:40] PASO 2.5: ARMANDO causas.txt SIMPLIFICADO (cruce contra total_causas_sigemi.txt)
[13:09:40] ================================================================================
[13:09:40]   • Actas vencidas viejas (multas): 103211
[13:09:40]   • Causas totales en el maestro SIGEMI: 134069
[13:09:40]   • Causas que coinciden (simplificado): 102884
[13:09:40]   ✅ Archivo escrito: backend/descargas/causas/causas.txt
[13:09:40] ⏱ PASO 2.5 (causas simplificado): 0.4s
[13:09:40] ================================================================================
[13:09:40] PASO 3: LLENANDO CAUSA_NUMERO (según fecha de cambio de sistema, cruzando por acta + año)
[13:09:40] ================================================================================
[13:09:40] 📊 ESTADÍSTICAS DE LLENADO DE CAUSAS:
[13:09:40]   • Pagos con causa ORIGINAL: 2
[13:09:40]   • Causas encontradas en SIGEMI (actas viejas): 0
[13:09:40]   • Causas NO encontradas en SIGEMI: 0
[13:09:40]   • Causas asignadas automáticamente (actas nuevas): 0
[13:09:40] ⏱ PASO 3 (llenar causas): 0.0s
[13:09:40] ================================================================================
[13:09:40] PASO 4: ORDENANDO POR FECHA Y ACTA_NUMERO
[13:09:40] ================================================================================
[13:09:40] ✓ Pagos ordenados correctamente
[13:09:40]   • Primera entrada: Acta=282678, Fecha=19/03/2026
[13:09:40]   • Última entrada: Acta=291108, Fecha=08/04/2026
[13:09:40] 📝 Escribiendo archivo de salida...
[13:09:40]   ✅ Archivo escrito: backend/descargas/pagos/2026-07-27/PAGOS 20260727 130931.txt
[13:09:40]   ✅ Total registros: 366
[13:09:40] ⏱ PASO 4 (ordenar y escribir): 0.0s
[13:09:40] ================================================================================
[13:09:40] ✅ PROCESO COMPLETADO EXITOSAMENTE
[13:09:40] ================================================================================
[13:09:40] 📊 RESUMEN FINAL DEL PROCESAMIENTO:
[13:09:40]   ENTRADA:
[13:09:40]     • Pagos originales: 17844
[13:09:40]     • Multas SIGEMI cargadas: 103211
[13:09:40]     • Multas Juzgado cargadas: 40388
[13:09:40]     • Causas simplificadas (usadas para el cruce): 102884
[13:09:40]   PROCESO:
[13:09:40]     • Pagos rechazados sigemi: 14351
[13:09:40]     • Pagos rechazados juzgado: 3491
[13:09:40]   SALIDA:
[13:09:40]     • Pagos desactualizados procesados: 2
[13:09:40]     • Archivo final: backend/descargas/pagos/2026-07-27/PAGOS 20260727 130931.txt
[13:09:40]     • Ordenados por fecha: SÍ ✓
[13:09:40]     • Todos con ACTA_NUMERO: SÍ ✓
[13:09:40]     • Todos con CAUSA_NUMERO: SÍ ✓
[13:09:40] ✅ TXT de pagos (ya cruzado con actas y causas) generado en: backend/descargas/pagos/2026-07-27/PAGOS 20260727 130931.txt
[13:09:40] 🧹 TXT de pagos crudo eliminado (ya usado en el cruce): backend/descargas/pagos/2026-07-27/PAGOS DESCARGADOS.txt
[13:09:40] 🧹 Excel MULTAS_SIGEMI_CRUCE eliminado (ya usado en el cruce): backend/descargas/cache_actas_cruce/MULTAS_SIGEMI_CRUCE.xlsx
[13:09:40] 🧹 Excel MULTAS_JUZGADO_CRUCE eliminado (ya usado en el cruce): backend/descargas/cache_actas_cruce/MULTAS_JUZGADO_CRUCE.xlsx
[13:09:40] ✅ CompararActasPaso finalizado. (⏱ 8.6s)
[13:09:40] ✓ [CompararActasPaso] Completado.
[13:09:40] ▶ [CargarPagosPaso] Iniciando...
[13:09:40] ==================================================
[13:09:40] 🚀 PASO: CargarPagosPaso
[13:09:40] ==================================================
[13:09:40] 📤 Subiendo TXT de pagos al SEMyT...
[13:09:42] ✅ Importación de pagos completada con éxito.
[13:09:42] ✅ Archivo TXT de pagos cargado en el SEMyT correctamente.
[13:09:42] ✅ CargarPagosPaso finalizado. (⏱ 2.2s)
[13:09:42] ✓ [CargarPagosPaso] Completado.
[13:09:42] === Ejecución finalizada con éxito ===
