[09:30:32] === Inicio de ejecución: pagos ===
[09:30:33] ==================================================
[09:30:33] 🚀 PASO: LoginSEMyTPaso
[09:30:33] ==================================================
[09:30:33] Abriendo SEMyT...
[09:30:35] ✅ [SEMyT] Sesión existente detectada. Login omitido.
[09:30:35] ✅ LoginSEMyTPaso finalizado. (⏱ 2.9s)
[09:30:35] ==================================================
[09:30:35] 🚀 PASO: LoginSIGIPaso
[09:30:35] ==================================================
[09:30:36] Abriendo sitio municipalidad (CiDi)...
[09:30:36] ✅ [SIGI] Sesión existente detectada. Login omitido.
[09:30:36] ✅ LoginSIGIPaso finalizado. (⏱ 0.4s)
[09:30:36] ==================================================
[09:30:36] 🚀 PASO: DescargasParalelasPaso
[09:30:36] ==================================================
[09:30:36] 📤 Arrancando las 3 descargas en paralelo (mismo browser, páginas separadas)...
[09:30:36] Fecha Desde: 27/06/2024
[09:30:36] Fecha Hasta: 24/11/2025
[09:30:36] Fecha Desde: 25/11/2025
[09:30:36] Fecha Hasta: 08/08/2026
[09:30:36] Descargando Excel...
[09:30:36] Descargando Excel...
[09:30:46] Archivo descargado en: datos/descargas/cache_actas_cruce/MULTAS_SIGI_CRUCE.xlsx
[09:30:47] ⏱ [actas_sigi] completado en 11.2s
[09:30:55] Archivo descargado en: datos/descargas/cache_actas_cruce/MULTAS_SIGEMI_CRUCE.xlsx
[09:30:59] ⏱ [actas_sigemi] completado en 22.4s
[09:31:06] ✅ TXT de pagos descargado en: datos/descargas/pagos/2026-08-08/ALL PAGOS DESCARGADOS.txt
[09:31:06] ⏱ [pagos_txt] completado en 29.6s
[09:31:06] ⏱ TOTAL descargas en paralelo: 29.6s
[09:31:06] ✅ DescargasParalelasPaso finalizado. (⏱ 29.8s)
[09:31:06] ==================================================
[09:31:06] 🚀 PASO: CompararActasPaso
[09:31:06] ==================================================
[09:31:06] 🔍 Comparando actas del SEMyT contra pagos del SIGI...
[09:31:06] ================================================================================
[09:31:06] INICIANDO PROCESO DE GENERACIÓN DE PAGOS DESACTUALIZADOS
[09:31:06] ================================================================================
[09:31:06] 📂 Cargando archivos...
[09:31:06]   ✓ Pagos: 20785 registros
[09:31:09]   ✓ Excel SIGEMI (multas vencidas viejas): 101454 registros
[09:31:10]   ✓ Excel SIGI (multas vencidas nuevas): 41885 registros
[09:31:11] ================================================================================
[09:31:11] PASO 1: LLENANDO ACTA_NUMERO (búsqueda por patente + fecha, con desempate por hora)
[09:31:11] ================================================================================
[09:31:12] 📊 ESTADÍSTICAS DE LLENADO DE ACTAS:
[09:31:12]   • Pagos con acta ORIGINAL: 5321
[09:31:12]   • Pagos SIN acta (buscados): 15464
[09:31:12]   • Pagos LLENADOS exitosamente: 0
[09:31:12]   • Pagos NO encontrados en multas: 15464
[09:31:12]   • Pagos SIN RESOLVER por desbalance de cantidades: 0
[09:31:12] ================================================================================
[09:31:12] PASO 1: LLENANDO ACTA_NUMERO (búsqueda por patente + fecha, con desempate por hora)
[09:31:12] ================================================================================
[09:31:14] 📊 ESTADÍSTICAS DE LLENADO DE ACTAS:
[09:31:14]   • Pagos con acta ORIGINAL: 5321
[09:31:14]   • Pagos SIN acta (buscados): 15464
[09:31:14]   • Pagos LLENADOS exitosamente: 0
[09:31:14]   • Pagos NO encontrados en multas: 15464
[09:31:14]   • Pagos SIN RESOLVER por desbalance de cantidades: 0
[09:31:14] ⏱ PASO 1 (llenar actas): 3.7s
[09:31:14] ================================================================================
[09:31:14] PASO 2: FILTRANDO PAGOS CON ACTA_NUMERO COMPLETO
[09:31:14] ================================================================================
[09:31:14] 📊 ESTADÍSTICAS DE FILTRADO:
[09:31:14]   • Pagos TOTALES al inicio: 20785
[09:31:14]   • Pagos CON acta (MANTIENEN): 5321
[09:31:14]   • Pagos RECHAZADOS (sin coincidencias): 15464
[09:31:14] ⚠️  Se eliminaron 15464 registros sin número de acta
[09:31:14]      (recordá: esto incluye tanto pagos ya actualizados/pagados
[09:31:14]       como pagos que quedaron sin resolver por desbalance en el Paso 1)
[09:31:14] ================================================================================
[09:31:14] PASO 2-bis: CONFIRMANDO VIGENCIA DE PAGOS (sistema NUEVO contra MULTAS_SIGI_CRUCE, sistema VIEJO contra SIGEMI)
[09:31:14] ================================================================================
[09:31:14]   ⚠ 5306 pago(s) descartados: su acta ya no figura como vencida en MULTAS_SIGI_CRUCE (SEMyT ya los actualizó).
[09:31:14]   ⚠ 14 pago(s) descartados: su acta ya no figura como vencida en el Excel de SIGEMI (SEMyT ya los actualizó).
[09:31:14]   • Pagos descartados en total por ya estar actualizados/pagados: 5320
[09:31:14] ⏱ PASO 2 (filtrar): 0.4s
[09:31:14] 📂 Cargando maestro de causas SIGEMI...
[09:31:14]   ✓ Causas totales (maestro): 134069 registros
[09:31:14] ================================================================================
[09:31:14] PASO 2.5: ARMANDO causas.txt SIMPLIFICADO (cruce contra total_causas_sigemi.txt)
[09:31:14] ================================================================================
[09:31:15]   • Actas vencidas viejas (multas): 101454
[09:31:15]   • Causas totales en el maestro SIGEMI: 134069
[09:31:15]   • Causas que coinciden (simplificado): 101140
[09:31:15]   ✅ Archivo escrito: datos/descargas/causas/causas.txt
[09:31:15] ⏱ PASO 2.5 (causas simplificado): 0.4s
[09:31:15] ================================================================================
[09:31:15] PASO 3: LLENANDO CAUSA_NUMERO (según fecha de cambio de sistema, cruzando por acta + año)
[09:31:15] ================================================================================
[09:31:15] 📊 ESTADÍSTICAS DE LLENADO DE CAUSAS:
[09:31:15]   • Pagos con causa ORIGINAL: 1
[09:31:15]   • Causas encontradas en SIGEMI (actas viejas): 0
[09:31:15]   • Causas NO encontradas en SIGEMI: 0
[09:31:15]   • Causas asignadas automáticamente (actas nuevas): 0
[09:31:15] ⏱ PASO 3 (llenar causas): 0.0s
[09:31:15] ================================================================================
[09:31:15] PASO 4: ORDENANDO POR FECHA Y ACTA_NUMERO
[09:31:15] ================================================================================
[09:31:15] ✓ Pagos ordenados correctamente
[09:31:15]   • Primera entrada: Acta=313687, Fecha=14/05/2026
[09:31:15]   • Última entrada: Acta=313687, Fecha=14/05/2026
[09:31:15] 📝 Escribiendo archivo de salida...
[09:31:15]   ✅ Archivo escrito: datos/descargas/pagos/2026-08-08/PAGOS 20260808 093106.txt
[09:31:15]   ✅ Total registros: 253
[09:31:15] ⏱ PASO 4 (ordenar y escribir): 0.0s
[09:31:15] ================================================================================
[09:31:15] ✅ PROCESO COMPLETADO EXITOSAMENTE
[09:31:15] ================================================================================
[09:31:15] 📊 RESUMEN FINAL DEL PROCESAMIENTO:
[09:31:15]   ENTRADA:
[09:31:15]     • Pagos originales: 20785
[09:31:15]     • Multas SIGEMI cargadas: 101454
[09:31:15]     • Multas SIGI cargadas: 41885
[09:31:15]     • Causas simplificadas (usadas para el cruce): 101140
[09:31:15]   PROCESO:
[09:31:15]     • Pagos rechazados sigemi: 15464
[09:31:15]     • Pagos rechazados sigi: 5320
[09:31:15]   SALIDA:
[09:31:15]     • Pagos desactualizados procesados: 1
[09:31:15]     • Archivo final: datos/descargas/pagos/2026-08-08/PAGOS 20260808 093106.txt
[09:31:15]     • Ordenados por fecha: SÍ ✓
[09:31:15]     • Todos con ACTA_NUMERO: SÍ ✓
[09:31:15]     • Todos con CAUSA_NUMERO: SÍ ✓
[09:31:15] ✅ TXT de pagos (ya cruzado con actas y causas) generado en: datos/descargas/pagos/2026-08-08/PAGOS 20260808 093106.txt
[09:31:15] 🧹 TXT de pagos crudo eliminado (ya usado en el cruce): datos/descargas/pagos/2026-08-08/ALL PAGOS DESCARGADOS.txt
[09:31:15] 🧹 Excel MULTAS_SIGEMI_CRUCE eliminado (ya usado en el cruce): datos/descargas/cache_actas_cruce/MULTAS_SIGEMI_CRUCE.xlsx
[09:31:15] 🧹 Excel MULTAS_SIGI_CRUCE eliminado (ya usado en el cruce): datos/descargas/cache_actas_cruce/MULTAS_SIGI_CRUCE.xlsx
[09:31:15] ✅ CompararActasPaso finalizado. (⏱ 9.1s)
[09:31:15] ==================================================
[09:31:15] 🚀 PASO: CargarPagosPaso
[09:31:15] ==================================================
[09:31:15] 📤 Subiendo TXT de pagos al SEMyT...
[09:31:16] ✅ Importación de pagos completada con éxito.
[09:31:16] ✅ Archivo TXT de pagos cargado en el SEMyT correctamente.
[09:31:16] ✅ CargarPagosPaso finalizado. (⏱ 1.5s)
[09:31:16] === Ejecución finalizada con éxito ===
