[08:19:59] === Inicio de ejecución: pagos ===
[08:20:00] ==================================================
[08:20:00] 🚀 PASO: LoginSEMyTPaso
[08:20:00] ==================================================
[08:20:01] Abriendo SEMyT...
[08:20:03] ✅ [SEMyT] Sesión existente detectada. Login omitido.
[08:20:03] ✅ LoginSEMyTPaso finalizado. (⏱ 2.8s)
[08:20:03] ==================================================
[08:20:03] 🚀 PASO: LoginSIGIPaso
[08:20:03] ==================================================
[08:20:03] Abriendo sitio municipalidad (CiDi)...
[08:20:03] ✅ [SIGI] Sesión existente detectada. Login omitido.
[08:20:04] ✅ LoginSIGIPaso finalizado. (⏱ 0.5s)
[08:20:04] ==================================================
[08:20:04] 🚀 PASO: DescargasParalelasPaso
[08:20:04] ==================================================
[08:20:04] 📤 Arrancando las 3 descargas en paralelo (mismo browser, páginas separadas)...
[08:20:04] Fecha Desde: 27/06/2024
[08:20:04] Fecha Hasta: 24/11/2025
[08:20:04] Fecha Desde: 25/11/2025
[08:20:04] Fecha Hasta: 08/08/2026
[08:20:04] Descargando Excel...
[08:20:04] Descargando Excel...
[08:20:13] Archivo descargado en: datos/descargas/cache_actas_cruce/MULTAS_SIGI_CRUCE.xlsx
[08:20:14] ⏱ [actas_sigi] completado en 10.2s
[08:20:21] Archivo descargado en: datos/descargas/cache_actas_cruce/MULTAS_SIGEMI_CRUCE.xlsx
[08:20:25] ⏱ [actas_sigemi] completado en 20.8s
[08:20:32] ✅ TXT de pagos descargado en: datos/descargas/pagos/2026-08-08/ALL PAGOS DESCARGADOS.txt
[08:20:32] ⏱ [pagos_txt] completado en 28.4s
[08:20:32] ⏱ TOTAL descargas en paralelo: 28.4s
[08:20:32] ✅ DescargasParalelasPaso finalizado. (⏱ 28.7s)
[08:20:32] ==================================================
[08:20:32] 🚀 PASO: CompararActasPaso
[08:20:32] ==================================================
[08:20:32] 🔍 Comparando actas del SEMyT contra pagos del SIGI...
[08:20:32] ================================================================================
[08:20:32] INICIANDO PROCESO DE GENERACIÓN DE PAGOS DESACTUALIZADOS
[08:20:32] ================================================================================
[08:20:32] 📂 Cargando archivos...
[08:20:32]   ✓ Pagos: 20782 registros
[08:20:35]   ✓ Excel SIGEMI (multas vencidas viejas): 101454 registros
[08:20:37]   ✓ Excel SIGI (multas vencidas nuevas): 41888 registros
[08:20:37] ================================================================================
[08:20:37] PASO 1: LLENANDO ACTA_NUMERO (búsqueda por patente + fecha, con desempate por hora)
[08:20:37] ================================================================================
[08:20:39] 📊 ESTADÍSTICAS DE LLENADO DE ACTAS:
[08:20:39]   • Pagos con acta ORIGINAL: 5318
[08:20:39]   • Pagos SIN acta (buscados): 15464
[08:20:39]   • Pagos LLENADOS exitosamente: 0
[08:20:39]   • Pagos NO encontrados en multas: 15464
[08:20:39]   • Pagos SIN RESOLVER por desbalance de cantidades: 0
[08:20:39] ================================================================================
[08:20:39] PASO 1: LLENANDO ACTA_NUMERO (búsqueda por patente + fecha, con desempate por hora)
[08:20:39] ================================================================================
[08:20:40] 📊 ESTADÍSTICAS DE LLENADO DE ACTAS:
[08:20:40]   • Pagos con acta ORIGINAL: 5318
[08:20:40]   • Pagos SIN acta (buscados): 15464
[08:20:40]   • Pagos LLENADOS exitosamente: 0
[08:20:40]   • Pagos NO encontrados en multas: 15464
[08:20:40]   • Pagos SIN RESOLVER por desbalance de cantidades: 0
[08:20:40] ⏱ PASO 1 (llenar actas): 3.7s
[08:20:40] ================================================================================
[08:20:40] PASO 2: FILTRANDO PAGOS CON ACTA_NUMERO COMPLETO
[08:20:40] ================================================================================
[08:20:40] 📊 ESTADÍSTICAS DE FILTRADO:
[08:20:40]   • Pagos TOTALES al inicio: 20782
[08:20:40]   • Pagos CON acta (MANTIENEN): 5318
[08:20:40]   • Pagos RECHAZADOS (sin coincidencias): 15464
[08:20:40] ⚠️  Se eliminaron 15464 registros sin número de acta
[08:20:40]      (recordá: esto incluye tanto pagos ya actualizados/pagados
[08:20:40]       como pagos que quedaron sin resolver por desbalance en el Paso 1)
[08:20:40] ================================================================================
[08:20:40] PASO 2-bis: CONFIRMANDO VIGENCIA DE PAGOS (sistema NUEVO contra MULTAS_SIGI_CRUCE, sistema VIEJO contra SIGEMI)
[08:20:40] ================================================================================
[08:20:41]   ⚠ 5303 pago(s) descartados: su acta ya no figura como vencida en MULTAS_SIGI_CRUCE (SEMyT ya los actualizó).
[08:20:41]   ⚠ 14 pago(s) descartados: su acta ya no figura como vencida en el Excel de SIGEMI (SEMyT ya los actualizó).
[08:20:41]   • Pagos descartados en total por ya estar actualizados/pagados: 5317
[08:20:41] ⏱ PASO 2 (filtrar): 0.4s
[08:20:41] 📂 Cargando maestro de causas SIGEMI...
[08:20:41]   ✓ Causas totales (maestro): 134069 registros
[08:20:41] ================================================================================
[08:20:41] PASO 2.5: ARMANDO causas.txt SIMPLIFICADO (cruce contra total_causas_sigemi.txt)
[08:20:41] ================================================================================
[08:20:41]   • Actas vencidas viejas (multas): 101454
[08:20:41]   • Causas totales en el maestro SIGEMI: 134069
[08:20:41]   • Causas que coinciden (simplificado): 101140
[08:20:41]   ✅ Archivo escrito: datos/descargas/causas/causas.txt
[08:20:41] ⏱ PASO 2.5 (causas simplificado): 0.4s
[08:20:41] ================================================================================
[08:20:41] PASO 3: LLENANDO CAUSA_NUMERO (según fecha de cambio de sistema, cruzando por acta + año)
[08:20:41] ================================================================================
[08:20:41] 📊 ESTADÍSTICAS DE LLENADO DE CAUSAS:
[08:20:41]   • Pagos con causa ORIGINAL: 1
[08:20:41]   • Causas encontradas en SIGEMI (actas viejas): 0
[08:20:41]   • Causas NO encontradas en SIGEMI: 0
[08:20:41]   • Causas asignadas automáticamente (actas nuevas): 0
[08:20:41] ⏱ PASO 3 (llenar causas): 0.0s
[08:20:41] ================================================================================
[08:20:41] PASO 4: ORDENANDO POR FECHA Y ACTA_NUMERO
[08:20:41] ================================================================================
[08:20:41] ✓ Pagos ordenados correctamente
[08:20:41]   • Primera entrada: Acta=290617, Fecha=08/04/2026
[08:20:41]   • Última entrada: Acta=290617, Fecha=08/04/2026
[08:20:41] 📝 Escribiendo archivo de salida...
[08:20:41]   ✅ Archivo escrito: datos/descargas/pagos/2026-08-08/PAGOS 20260808 082032.txt
[08:20:41]   ✅ Total registros: 257
[08:20:41] ⏱ PASO 4 (ordenar y escribir): 0.0s
[08:20:41] ================================================================================
[08:20:41] ✅ PROCESO COMPLETADO EXITOSAMENTE
[08:20:41] ================================================================================
[08:20:41] 📊 RESUMEN FINAL DEL PROCESAMIENTO:
[08:20:41]   ENTRADA:
[08:20:41]     • Pagos originales: 20782
[08:20:41]     • Multas SIGEMI cargadas: 101454
[08:20:41]     • Multas SIGI cargadas: 41888
[08:20:41]     • Causas simplificadas (usadas para el cruce): 101140
[08:20:41]   PROCESO:
[08:20:41]     • Pagos rechazados sigemi: 15464
[08:20:41]     • Pagos rechazados sigi: 5317
[08:20:41]   SALIDA:
[08:20:41]     • Pagos desactualizados procesados: 1
[08:20:41]     • Archivo final: datos/descargas/pagos/2026-08-08/PAGOS 20260808 082032.txt
[08:20:41]     • Ordenados por fecha: SÍ ✓
[08:20:41]     • Todos con ACTA_NUMERO: SÍ ✓
[08:20:41]     • Todos con CAUSA_NUMERO: SÍ ✓
[08:20:41] ✅ TXT de pagos (ya cruzado con actas y causas) generado en: datos/descargas/pagos/2026-08-08/PAGOS 20260808 082032.txt
[08:20:41] 🧹 TXT de pagos crudo eliminado (ya usado en el cruce): datos/descargas/pagos/2026-08-08/ALL PAGOS DESCARGADOS.txt
[08:20:41] 🧹 Excel MULTAS_SIGEMI_CRUCE eliminado (ya usado en el cruce): datos/descargas/cache_actas_cruce/MULTAS_SIGEMI_CRUCE.xlsx
[08:20:41] 🧹 Excel MULTAS_SIGI_CRUCE eliminado (ya usado en el cruce): datos/descargas/cache_actas_cruce/MULTAS_SIGI_CRUCE.xlsx
[08:20:41] ✅ CompararActasPaso finalizado. (⏱ 9.1s)
[08:20:41] ==================================================
[08:20:41] 🚀 PASO: CargarPagosPaso
[08:20:41] ==================================================
[08:20:41] 📤 Subiendo TXT de pagos al SEMyT...
[08:20:43] ✅ Importación de pagos completada con éxito.
[08:20:43] ✅ Archivo TXT de pagos cargado en el SEMyT correctamente.
[08:20:43] ✅ CargarPagosPaso finalizado. (⏱ 1.6s)
[08:20:43] === Ejecución finalizada con éxito ===
