[09:33:17] === Inicio de ejecución: pagos ===
[09:33:18] ==================================================
[09:33:18] 🚀 PASO: LoginSEMyTPaso
[09:33:18] ==================================================
[09:33:18] Abriendo SEMyT...
[09:33:20] ✅ [SEMyT] Sesión existente detectada. Login omitido.
[09:33:20] ✅ LoginSEMyTPaso finalizado. (⏱ 2.8s)
[09:33:20] ==================================================
[09:33:20] 🚀 PASO: LoginSIGIPaso
[09:33:20] ==================================================
[09:33:20] Abriendo sitio municipalidad (CiDi)...
[09:33:21] ✅ [SIGI] Sesión existente detectada. Login omitido.
[09:33:21] ✅ LoginSIGIPaso finalizado. (⏱ 0.4s)
[09:33:21] ==================================================
[09:33:21] 🚀 PASO: DescargasParalelasPaso
[09:33:21] ==================================================
[09:33:21] 📤 Arrancando las 3 descargas en paralelo (mismo browser, páginas separadas)...
[09:33:21] Fecha Desde: 27/06/2024
[09:33:21] Fecha Hasta: 24/11/2025
[09:33:21] Fecha Desde: 25/11/2025
[09:33:21] Fecha Hasta: 08/08/2026
[09:33:21] Descargando Excel...
[09:33:21] Descargando Excel...
[09:33:31] Archivo descargado en: datos/descargas/cache_actas_cruce/MULTAS_SIGI_CRUCE.xlsx
[09:33:32] ⏱ [actas_sigi] completado en 11.3s
[09:33:40] Archivo descargado en: datos/descargas/cache_actas_cruce/MULTAS_SIGEMI_CRUCE.xlsx
[09:33:44] ⏱ [actas_sigemi] completado en 22.4s
[09:33:53] ✅ TXT de pagos descargado en: datos/descargas/pagos/2026-08-08/ALL PAGOS DESCARGADOS.txt
[09:33:53] ⏱ [pagos_txt] completado en 31.7s
[09:33:53] ⏱ TOTAL descargas en paralelo: 31.7s
[09:33:53] ✅ DescargasParalelasPaso finalizado. (⏱ 32.0s)
[09:33:53] ==================================================
[09:33:53] 🚀 PASO: CompararActasPaso
[09:33:53] ==================================================
[09:33:53] 🔍 Comparando actas del SEMyT contra pagos del SIGI...
[09:33:53] ================================================================================
[09:33:53] INICIANDO PROCESO DE GENERACIÓN DE PAGOS DESACTUALIZADOS
[09:33:53] ================================================================================
[09:33:53] 📂 Cargando archivos...
[09:33:53]   ✓ Pagos: 20787 registros
[09:33:56]   ✓ Excel SIGEMI (multas vencidas viejas): 101454 registros
[09:33:57]   ✓ Excel SIGI (multas vencidas nuevas): 41884 registros
[09:33:58] ================================================================================
[09:33:58] PASO 1: LLENANDO ACTA_NUMERO (búsqueda por patente + fecha, con desempate por hora)
[09:33:58] ================================================================================
[09:33:59] 📊 ESTADÍSTICAS DE LLENADO DE ACTAS:
[09:33:59]   • Pagos con acta ORIGINAL: 5322
[09:33:59]   • Pagos SIN acta (buscados): 15465
[09:33:59]   • Pagos LLENADOS exitosamente: 1
[09:33:59]   • Pagos NO encontrados en multas: 15464
[09:33:59]   • Pagos SIN RESOLVER por desbalance de cantidades: 0
[09:34:00] ================================================================================
[09:34:00] PASO 1: LLENANDO ACTA_NUMERO (búsqueda por patente + fecha, con desempate por hora)
[09:34:00] ================================================================================
[09:34:01] 📊 ESTADÍSTICAS DE LLENADO DE ACTAS:
[09:34:01]   • Pagos con acta ORIGINAL: 5323
[09:34:01]   • Pagos SIN acta (buscados): 15464
[09:34:01]   • Pagos LLENADOS exitosamente: 0
[09:34:01]   • Pagos NO encontrados en multas: 15464
[09:34:01]   • Pagos SIN RESOLVER por desbalance de cantidades: 0
[09:34:01] ⏱ PASO 1 (llenar actas): 3.7s
[09:34:01] ================================================================================
[09:34:01] PASO 2: FILTRANDO PAGOS CON ACTA_NUMERO COMPLETO
[09:34:01] ================================================================================
[09:34:01] 📊 ESTADÍSTICAS DE FILTRADO:
[09:34:01]   • Pagos TOTALES al inicio: 20787
[09:34:01]   • Pagos CON acta (MANTIENEN): 5323
[09:34:01]   • Pagos RECHAZADOS (sin coincidencias): 15464
[09:34:01] ⚠️  Se eliminaron 15464 registros sin número de acta
[09:34:01]      (recordá: esto incluye tanto pagos ya actualizados/pagados
[09:34:01]       como pagos que quedaron sin resolver por desbalance en el Paso 1)
[09:34:01] ================================================================================
[09:34:01] PASO 2-bis: CONFIRMANDO VIGENCIA DE PAGOS (sistema NUEVO contra MULTAS_SIGI_CRUCE, sistema VIEJO contra SIGEMI)
[09:34:01] ================================================================================
[09:34:01]   ⚠ 5307 pago(s) descartados: su acta ya no figura como vencida en MULTAS_SIGI_CRUCE (SEMyT ya los actualizó).
[09:34:02]   ⚠ 14 pago(s) descartados: su acta ya no figura como vencida en el Excel de SIGEMI (SEMyT ya los actualizó).
[09:34:02]   • Pagos descartados en total por ya estar actualizados/pagados: 5321
[09:34:02] ⏱ PASO 2 (filtrar): 0.5s
[09:34:02] 📂 Cargando maestro de causas SIGEMI...
[09:34:02]   ✓ Causas totales (maestro): 134069 registros
[09:34:02] ================================================================================
[09:34:02] PASO 2.5: ARMANDO causas.txt SIMPLIFICADO (cruce contra total_causas_sigemi.txt)
[09:34:02] ================================================================================
[09:34:02]   • Actas vencidas viejas (multas): 101454
[09:34:02]   • Causas totales en el maestro SIGEMI: 134069
[09:34:02]   • Causas que coinciden (simplificado): 101140
[09:34:02]   ✅ Archivo escrito: datos/descargas/causas/causas.txt
[09:34:02] ⏱ PASO 2.5 (causas simplificado): 0.4s
[09:34:02] ================================================================================
[09:34:02] PASO 3: LLENANDO CAUSA_NUMERO (según fecha de cambio de sistema, cruzando por acta + año)
[09:34:02] ================================================================================
[09:34:02] 📊 ESTADÍSTICAS DE LLENADO DE CAUSAS:
[09:34:02]   • Pagos con causa ORIGINAL: 1
[09:34:02]   • Causas encontradas en SIGEMI (actas viejas): 1
[09:34:02]   • Causas NO encontradas en SIGEMI: 0
[09:34:02]   • Causas asignadas automáticamente (actas nuevas): 0
[09:34:02] ⏱ PASO 3 (llenar causas): 0.0s
[09:34:02] ================================================================================
[09:34:02] PASO 4: ORDENANDO POR FECHA Y ACTA_NUMERO
[09:34:02] ================================================================================
[09:34:02] ✓ Pagos ordenados correctamente
[09:34:02]   • Primera entrada: Acta=176469, Fecha=17/07/2025
[09:34:02]   • Última entrada: Acta=284297, Fecha=25/03/2026
[09:34:02] 📝 Escribiendo archivo de salida...
[09:34:02]   ✅ Archivo escrito: datos/descargas/pagos/2026-08-08/PAGOS 20260808 093353.txt
[09:34:02]   ✅ Total registros: 359
[09:34:02] ⏱ PASO 4 (ordenar y escribir): 0.0s
[09:34:02] ================================================================================
[09:34:02] ✅ PROCESO COMPLETADO EXITOSAMENTE
[09:34:02] ================================================================================
[09:34:02] 📊 RESUMEN FINAL DEL PROCESAMIENTO:
[09:34:02]   ENTRADA:
[09:34:02]     • Pagos originales: 20787
[09:34:02]     • Multas SIGEMI cargadas: 101454
[09:34:02]     • Multas SIGI cargadas: 41884
[09:34:02]     • Causas simplificadas (usadas para el cruce): 101140
[09:34:02]   PROCESO:
[09:34:02]     • Pagos rechazados sigemi: 15464
[09:34:02]     • Pagos rechazados sigi: 5321
[09:34:02]   SALIDA:
[09:34:02]     • Pagos desactualizados procesados: 2
[09:34:02]     • Archivo final: datos/descargas/pagos/2026-08-08/PAGOS 20260808 093353.txt
[09:34:02]     • Ordenados por fecha: SÍ ✓
[09:34:02]     • Todos con ACTA_NUMERO: SÍ ✓
[09:34:02]     • Todos con CAUSA_NUMERO: SÍ ✓
[09:34:02] ✅ TXT de pagos (ya cruzado con actas y causas) generado en: datos/descargas/pagos/2026-08-08/PAGOS 20260808 093353.txt
[09:34:02] 🧹 TXT de pagos crudo eliminado (ya usado en el cruce): datos/descargas/pagos/2026-08-08/ALL PAGOS DESCARGADOS.txt
[09:34:02] 🧹 Excel MULTAS_SIGEMI_CRUCE eliminado (ya usado en el cruce): datos/descargas/cache_actas_cruce/MULTAS_SIGEMI_CRUCE.xlsx
[09:34:02] 🧹 Excel MULTAS_SIGI_CRUCE eliminado (ya usado en el cruce): datos/descargas/cache_actas_cruce/MULTAS_SIGI_CRUCE.xlsx
[09:34:02] ✅ CompararActasPaso finalizado. (⏱ 9.0s)
[09:34:02] ==================================================
[09:34:02] 🚀 PASO: CargarPagosPaso
[09:34:02] ==================================================
[09:34:02] 📤 Subiendo TXT de pagos al SEMyT...
[09:34:04] ✅ Importación de pagos completada con éxito.
[09:34:04] ✅ Archivo TXT de pagos cargado en el SEMyT correctamente.
[09:34:04] ✅ CargarPagosPaso finalizado. (⏱ 2.0s)
[09:34:04] === Ejecución finalizada con éxito ===
