[07:39:51] 🤖 Modo automático activado.
[07:39:51]    Actualización de pagos: arrancando ya mismo.
[07:39:51]    Actualización diaria de multas vencidas: DESHABILITADA (AUTOMATICO_MULTAS_HABILITADO=False)
[07:39:51] 🤖 [Automático] Es hora de actualizar pagos. Arrancando...
[07:40:06] ⏳ [Automático] Tocaba disparar 'pagos' pero ya hay una ejecución en curso (Actualizar pagos); esperando a que termine; se reintenta en breve sin perder el turno.
[07:54:19] 🤖 Modo automático activado.
[07:54:19]    Actualización de pagos: arrancando ya mismo.
[07:54:19]    Actualización diaria de multas vencidas: DESHABILITADA (AUTOMATICO_MULTAS_HABILITADO=False)
[07:54:19] 🤖 [Automático] Es hora de actualizar pagos. Arrancando...
[07:54:34] ⏳ [Automático] Tocaba disparar 'pagos' pero ya hay una ejecución en curso (Actualizar pagos); esperando a que termine; se reintenta en breve sin perder el turno.
[08:05:34] 🤖 [Automático] Es hora de actualizar pagos. Arrancando...
[08:05:49] ⏳ [Automático] Tocaba disparar 'pagos' pero ya hay una ejecución en curso (Actualizar pagos); esperando a que termine; se reintenta en breve sin perder el turno.
[08:16:35] 🤖 [Automático] Es hora de actualizar pagos. Arrancando...
[08:16:50] ⏳ [Automático] Tocaba disparar 'pagos' pero ya hay una ejecución en curso (Actualizar pagos); esperando a que termine; se reintenta en breve sin perder el turno.
[08:29:44] 🤖 [Automático] Es hora de actualizar pagos. Arrancando...
[08:29:59] ⏳ [Automático] Tocaba disparar 'pagos' pero ya hay una ejecución en curso (Actualizar pagos); esperando a que termine; se reintenta en breve sin perder el turno.
[08:42:41] 🤖 [Automático] Es hora de actualizar pagos. Arrancando...
[08:42:56] ⏳ [Automático] Tocaba disparar 'pagos' pero ya hay una ejecución en curso (Actualizar pagos); esperando a que termine; se reintenta en breve sin perder el turno.
[08:59:01] 🤖 [Automático] Es hora de actualizar pagos. Arrancando...
[08:59:35] ⏳ [Automático] Tocaba disparar 'pagos' pero ya hay una ejecución en curso (Actualizar pagos); esperando a que termine; se reintenta en breve sin perder el turno.
[09:11:05] 🤖 [Automático] Es hora de actualizar pagos. Arrancando...
[09:11:20] ⏳ [Automático] Tocaba disparar 'pagos' pero ya hay una ejecución en curso (Actualizar pagos); esperando a que termine; se reintenta en breve sin perder el turno.
[09:22:20] 🤖 [Automático] Es hora de actualizar pagos. Arrancando...
[09:22:35] ⏳ [Automático] Tocaba disparar 'pagos' pero ya hay una ejecución en curso (Actualizar pagos); esperando a que termine; se reintenta en breve sin perder el turno.
[09:33:51] 🤖 [Automático] Es hora de actualizar pagos. Arrancando...
[09:34:01] 🤖 Modo automático desactivado. (Si había una ejecución en curso disparada por el automático, no se cancela sola: cancelala desde su propia opción si querés detenerla.)
[10:35:45] 🤖 Modo automático activado.
[10:35:45]    Actualización de pagos: arrancando ya mismo.
[10:35:45]    Actualización diaria de multas vencidas: DESHABILITADA (AUTOMATICO_MULTAS_HABILITADO=False)
[10:35:45] 🤖 [Automático] Es hora de actualizar pagos. Arrancando...
[10:36:00] ⏳ [Automático] Tocaba disparar 'pagos' pero ya hay una ejecución en curso (Actualizar pagos); esperando a que termine; se reintenta en breve sin perder el turno.
[10:47:45] 🤖 [Automático] Es hora de actualizar pagos. Arrancando...
[10:48:00] ⏳ [Automático] Tocaba disparar 'pagos' pero ya hay una ejecución en curso (Actualizar pagos); esperando a que termine; se reintenta en breve sin perder el turno.
[10:59:30] 🤖 [Automático] Es hora de actualizar pagos. Arrancando...
[10:59:45] ⏳ [Automático] Tocaba disparar 'pagos' pero ya hay una ejecución en curso (Actualizar pagos); esperando a que termine; se reintenta en breve sin perder el turno.
[11:10:46] 🤖 [Automático] Es hora de actualizar pagos. Arrancando...
[11:11:01] ⏳ [Automático] Tocaba disparar 'pagos' pero ya hay una ejecución en curso (Actualizar pagos); esperando a que termine; se reintenta en breve sin perder el turno.
[11:22:16] 🤖 [Automático] Es hora de actualizar pagos. Arrancando...
[11:22:31] ⏳ [Automático] Tocaba disparar 'pagos' pero ya hay una ejecución en curso (Actualizar pagos); esperando a que termine; se reintenta en breve sin perder el turno.
[11:34:02] 🤖 [Automático] Es hora de actualizar pagos. Arrancando...
[11:34:17] ⏳ [Automático] Tocaba disparar 'pagos' pero ya hay una ejecución en curso (Actualizar pagos); esperando a que termine; se reintenta en breve sin perder el turno.
[11:46:17] 🤖 [Automático] Es hora de actualizar pagos. Arrancando...
[11:46:32] ⏳ [Automático] Tocaba disparar 'pagos' pero ya hay una ejecución en curso (Actualizar pagos); esperando a que termine; se reintenta en breve sin perder el turno.
[11:57:47] 🤖 [Automático] Es hora de actualizar pagos. Arrancando...
[11:58:02] ⏳ [Automático] Tocaba disparar 'pagos' pero ya hay una ejecución en curso (Actualizar pagos); esperando a que termine; se reintenta en breve sin perder el turno.
[12:09:02] 🤖 [Automático] Es hora de actualizar pagos. Arrancando...
[12:09:17] ⏳ [Automático] Tocaba disparar 'pagos' pero ya hay una ejecución en curso (Actualizar pagos); esperando a que termine; se reintenta en breve sin perder el turno.
[12:20:48] 🤖 [Automático] Es hora de actualizar pagos. Arrancando...
[12:21:03] ⏳ [Automático] Tocaba disparar 'pagos' pero ya hay una ejecución en curso (Actualizar pagos); esperando a que termine; se reintenta en breve sin perder el turno.
[12:32:18] 🤖 [Automático] Es hora de actualizar pagos. Arrancando...
[12:32:33] ⏳ [Automático] Tocaba disparar 'pagos' pero ya hay una ejecución en curso (Actualizar pagos); esperando a que termine; se reintenta en breve sin perder el turno.
[12:43:48] 🤖 [Automático] Es hora de actualizar pagos. Arrancando...
[12:44:03] ⏳ [Automático] Tocaba disparar 'pagos' pero ya hay una ejecución en curso (Actualizar pagos); esperando a que termine; se reintenta en breve sin perder el turno.
[12:55:18] 🤖 [Automático] Es hora de actualizar pagos. Arrancando...
[12:55:33] ⏳ [Automático] Tocaba disparar 'pagos' pero ya hay una ejecución en curso (Actualizar pagos); esperando a que termine; se reintenta en breve sin perder el turno.
[13:06:33] 🤖 [Automático] Es hora de actualizar pagos. Arrancando...
[13:06:48] ⏳ [Automático] Tocaba disparar 'pagos' pero ya hay una ejecución en curso (Actualizar pagos); esperando a que termine; se reintenta en breve sin perder el turno.
[13:17:48] 🤖 [Automático] Es hora de actualizar pagos. Arrancando...
[13:18:04] ⏳ [Automático] Tocaba disparar 'pagos' pero ya hay una ejecución en curso (Actualizar pagos); esperando a que termine; se reintenta en breve sin perder el turno.
[13:33:25] 🤖 [Automático] Es hora de actualizar pagos. Arrancando...
[13:33:40] ⏳ [Automático] Tocaba disparar 'pagos' pero ya hay una ejecución en curso (Actualizar pagos); esperando a que termine; se reintenta en breve sin perder el turno.
[13:51:50] ❌ [Automático] 'pagos' falló (intento 1 de 4). Se reintenta a las 13:56.
[14:42:18] 🤖 [Automático] Es hora de actualizar pagos (reintento 1 de 3). Arrancando...
[14:57:20] ❌ [Automático] 'pagos' falló (intento 2 de 4). Se reintenta a las 15:12.
[15:21:07] 🤖 [Automático] Es hora de actualizar pagos (reintento 2 de 3). Arrancando...
[15:21:22] ⏳ [Automático] Tocaba disparar 'pagos' pero ya hay una ejecución en curso (Actualizar pagos); esperando a que termine; se reintenta en breve sin perder el turno.
[15:39:16] ❌ [Automático] 'pagos' falló (intento 3 de 4). Se reintenta a las 16:09.
[16:09:22] 🤖 [Automático] Es hora de actualizar pagos (reintento 3 de 3). Arrancando...
[16:09:37] ⏳ [Automático] Tocaba disparar 'pagos' pero ya hay una ejecución en curso (Actualizar pagos); esperando a que termine; se reintenta en breve sin perder el turno.
[16:10:24] ✅ [Automático] 'pagos' terminó bien en el reintento 3.
[16:20:37] 🤖 [Automático] Es hora de actualizar pagos. Arrancando...
[16:20:52] ⏳ [Automático] Tocaba disparar 'pagos' pero ya hay una ejecución en curso (Actualizar pagos); esperando a que termine; se reintenta en breve sin perder el turno.
[16:31:52] 🤖 [Automático] Es hora de actualizar pagos. Arrancando...
[16:32:07] ⏳ [Automático] Tocaba disparar 'pagos' pero ya hay una ejecución en curso (Actualizar pagos); esperando a que termine; se reintenta en breve sin perder el turno.
[16:43:08] 🤖 [Automático] Es hora de actualizar pagos. Arrancando...
[16:43:23] ⏳ [Automático] Tocaba disparar 'pagos' pero ya hay una ejecución en curso (Actualizar pagos); esperando a que termine; se reintenta en breve sin perder el turno.
[16:54:08] 🤖 [Automático] Es hora de actualizar pagos. Arrancando...
[16:54:23] ⏳ [Automático] Tocaba disparar 'pagos' pero ya hay una ejecución en curso (Actualizar pagos); esperando a que termine; se reintenta en breve sin perder el turno.
[17:04:53] 🤖 [Automático] Es hora de actualizar pagos. Arrancando...
[17:05:08] ⏳ [Automático] Tocaba disparar 'pagos' pero ya hay una ejecución en curso (Actualizar pagos); esperando a que termine; se reintenta en breve sin perder el turno.
[17:15:53] 🤖 [Automático] Es hora de actualizar pagos. Arrancando...
[17:16:08] ⏳ [Automático] Tocaba disparar 'pagos' pero ya hay una ejecución en curso (Actualizar pagos); esperando a que termine; se reintenta en breve sin perder el turno.
[17:26:53] 🤖 [Automático] Es hora de actualizar pagos. Arrancando...
[17:27:08] ⏳ [Automático] Tocaba disparar 'pagos' pero ya hay una ejecución en curso (Actualizar pagos); esperando a que termine; se reintenta en breve sin perder el turno.
[17:38:09] 🤖 [Automático] Es hora de actualizar pagos. Arrancando...
[17:38:24] ⏳ [Automático] Tocaba disparar 'pagos' pero ya hay una ejecución en curso (Actualizar pagos); esperando a que termine; se reintenta en breve sin perder el turno.
[17:49:09] 🤖 [Automático] Es hora de actualizar pagos. Arrancando...
[17:49:24] ⏳ [Automático] Tocaba disparar 'pagos' pero ya hay una ejecución en curso (Actualizar pagos); esperando a que termine; se reintenta en breve sin perder el turno.
[18:00:09] 🤖 [Automático] Es hora de actualizar pagos. Arrancando...
[18:00:24] ⏳ [Automático] Tocaba disparar 'pagos' pero ya hay una ejecución en curso (Actualizar pagos); esperando a que termine; se reintenta en breve sin perder el turno.
[18:11:24] 🤖 [Automático] Es hora de actualizar pagos. Arrancando...
[18:11:39] ⏳ [Automático] Tocaba disparar 'pagos' pero ya hay una ejecución en curso (Actualizar pagos); esperando a que termine; se reintenta en breve sin perder el turno.
[18:22:24] 🤖 [Automático] Es hora de actualizar pagos. Arrancando...
[18:22:39] ⏳ [Automático] Tocaba disparar 'pagos' pero ya hay una ejecución en curso (Actualizar pagos); esperando a que termine; se reintenta en breve sin perder el turno.
[18:33:40] 🤖 [Automático] Es hora de actualizar pagos. Arrancando...
[18:33:55] ⏳ [Automático] Tocaba disparar 'pagos' pero ya hay una ejecución en curso (Actualizar pagos); esperando a que termine; se reintenta en breve sin perder el turno.
[18:44:40] 🤖 [Automático] Es hora de actualizar pagos. Arrancando...
[18:44:55] ⏳ [Automático] Tocaba disparar 'pagos' pero ya hay una ejecución en curso (Actualizar pagos); esperando a que termine; se reintenta en breve sin perder el turno.
[18:55:40] 🤖 [Automático] Es hora de actualizar pagos. Arrancando...
[18:55:55] ⏳ [Automático] Tocaba disparar 'pagos' pero ya hay una ejecución en curso (Actualizar pagos); esperando a que termine; se reintenta en breve sin perder el turno.
[19:06:25] 🤖 [Automático] Es hora de actualizar pagos. Arrancando...
[19:06:40] ⏳ [Automático] Tocaba disparar 'pagos' pero ya hay una ejecución en curso (Actualizar pagos); esperando a que termine; se reintenta en breve sin perder el turno.
[19:17:41] 🤖 [Automático] Es hora de actualizar pagos. Arrancando...
[19:17:56] ⏳ [Automático] Tocaba disparar 'pagos' pero ya hay una ejecución en curso (Actualizar pagos); esperando a que termine; se reintenta en breve sin perder el turno.
[19:28:26] 🤖 [Automático] Es hora de actualizar pagos. Arrancando...
[19:28:41] ⏳ [Automático] Tocaba disparar 'pagos' pero ya hay una ejecución en curso (Actualizar pagos); esperando a que termine; se reintenta en breve sin perder el turno.
[19:39:26] 🤖 [Automático] Es hora de actualizar pagos. Arrancando...
[19:39:41] ⏳ [Automático] Tocaba disparar 'pagos' pero ya hay una ejecución en curso (Actualizar pagos); esperando a que termine; se reintenta en breve sin perder el turno.
[19:50:26] 🤖 [Automático] Es hora de actualizar pagos. Arrancando...
[19:50:41] ⏳ [Automático] Tocaba disparar 'pagos' pero ya hay una ejecución en curso (Actualizar pagos); esperando a que termine; se reintenta en breve sin perder el turno.
[20:01:12] 🤖 [Automático] Es hora de actualizar pagos. Arrancando...
[20:01:27] ⏳ [Automático] Tocaba disparar 'pagos' pero ya hay una ejecución en curso (Actualizar pagos); esperando a que termine; se reintenta en breve sin perder el turno.
[20:12:12] 🤖 [Automático] Es hora de actualizar pagos. Arrancando...
[20:12:27] ⏳ [Automático] Tocaba disparar 'pagos' pero ya hay una ejecución en curso (Actualizar pagos); esperando a que termine; se reintenta en breve sin perder el turno.
[20:23:12] 🤖 [Automático] Es hora de actualizar pagos. Arrancando...
[20:23:27] ⏳ [Automático] Tocaba disparar 'pagos' pero ya hay una ejecución en curso (Actualizar pagos); esperando a que termine; se reintenta en breve sin perder el turno.
[20:34:13] 🤖 [Automático] Es hora de actualizar pagos. Arrancando...
[20:34:28] ⏳ [Automático] Tocaba disparar 'pagos' pero ya hay una ejecución en curso (Actualizar pagos); esperando a que termine; se reintenta en breve sin perder el turno.
[20:45:13] 🤖 [Automático] Es hora de actualizar pagos. Arrancando...
[20:45:28] ⏳ [Automático] Tocaba disparar 'pagos' pero ya hay una ejecución en curso (Actualizar pagos); esperando a que termine; se reintenta en breve sin perder el turno.
[20:56:13] 🤖 [Automático] Es hora de actualizar pagos. Arrancando...
[20:56:28] ⏳ [Automático] Tocaba disparar 'pagos' pero ya hay una ejecución en curso (Actualizar pagos); esperando a que termine; se reintenta en breve sin perder el turno.
[21:06:58] 🤖 [Automático] Es hora de actualizar pagos. Arrancando...
[21:07:13] ⏳ [Automático] Tocaba disparar 'pagos' pero ya hay una ejecución en curso (Actualizar pagos); esperando a que termine; se reintenta en breve sin perder el turno.
[21:07:47] ❌ [Automático] 'pagos' falló (intento 1 de 4). Se reintenta a las 21:12.
[21:12:59] 🤖 [Automático] Es hora de actualizar pagos (reintento 1 de 3). Arrancando...
[21:13:14] ⏳ [Automático] Tocaba disparar 'pagos' pero ya hay una ejecución en curso (Actualizar pagos); esperando a que termine; se reintenta en breve sin perder el turno.
[21:13:47] ❌ [Automático] 'pagos' falló (intento 2 de 4). Se reintenta a las 21:28.
[21:28:59] 🤖 [Automático] Es hora de actualizar pagos (reintento 2 de 3). Arrancando...
[21:29:14] ⏳ [Automático] Tocaba disparar 'pagos' pero ya hay una ejecución en curso (Actualizar pagos); esperando a que termine; se reintenta en breve sin perder el turno.
[21:29:48] ❌ [Automático] 'pagos' falló (intento 3 de 4). Se reintenta a las 21:59.
[21:59:59] 🤖 [Automático] Es hora de actualizar pagos (reintento 3 de 3). Arrancando...
[22:00:14] ⏳ [Automático] Tocaba disparar 'pagos' pero ya hay una ejecución en curso (Actualizar pagos); esperando a que termine; se reintenta en breve sin perder el turno.
[22:01:45] ❌ [Automático] 'pagos' falló 4 veces seguidas (actualizar pagos). Se dejan de reintentar por ahora; revisá el log de esa ejecución para ver el detalle del error. Se retoma en el horario normal.
[22:12:00] 🤖 [Automático] Es hora de actualizar pagos. Arrancando...
[22:12:15] ⏳ [Automático] Tocaba disparar 'pagos' pero ya hay una ejecución en curso (Actualizar pagos); esperando a que termine; se reintenta en breve sin perder el turno.
[22:13:46] ❌ [Automático] 'pagos' falló (intento 1 de 4). Se reintenta a las 22:18.
[22:19:00] 🤖 [Automático] Es hora de actualizar pagos (reintento 1 de 3). Arrancando...
[22:19:15] ⏳ [Automático] Tocaba disparar 'pagos' pero ya hay una ejecución en curso (Actualizar pagos); esperando a que termine; se reintenta en breve sin perder el turno.
[22:19:52] ✅ [Automático] 'pagos' terminó bien en el reintento 1.
[22:30:00] 🤖 [Automático] Es hora de actualizar pagos. Arrancando...
[22:30:15] ⏳ [Automático] Tocaba disparar 'pagos' pero ya hay una ejecución en curso (Actualizar pagos); esperando a que termine; se reintenta en breve sin perder el turno.
[22:40:45] 🤖 [Automático] Es hora de actualizar pagos. Arrancando...
[22:41:00] ⏳ [Automático] Tocaba disparar 'pagos' pero ya hay una ejecución en curso (Actualizar pagos); esperando a que termine; se reintenta en breve sin perder el turno.
[22:51:30] 🤖 [Automático] Es hora de actualizar pagos. Arrancando...
[22:51:45] ⏳ [Automático] Tocaba disparar 'pagos' pero ya hay una ejecución en curso (Actualizar pagos); esperando a que termine; se reintenta en breve sin perder el turno.
[23:02:15] 🤖 [Automático] Es hora de actualizar pagos. Arrancando...
[23:02:30] ⏳ [Automático] Tocaba disparar 'pagos' pero ya hay una ejecución en curso (Actualizar pagos); esperando a que termine; se reintenta en breve sin perder el turno.
[23:13:01] 🤖 [Automático] Es hora de actualizar pagos. Arrancando...
[23:13:16] ⏳ [Automático] Tocaba disparar 'pagos' pero ya hay una ejecución en curso (Actualizar pagos); esperando a que termine; se reintenta en breve sin perder el turno.
[23:23:46] 🤖 [Automático] Es hora de actualizar pagos. Arrancando...
[23:24:01] ⏳ [Automático] Tocaba disparar 'pagos' pero ya hay una ejecución en curso (Actualizar pagos); esperando a que termine; se reintenta en breve sin perder el turno.
[23:34:31] 🤖 [Automático] Es hora de actualizar pagos. Arrancando...
[23:34:32] 🤖 Modo automático desactivado. (Si había una ejecución en curso disparada por el automático, no se cancela sola: cancelala desde su propia opción si querés detenerla.)
