[12:55:18] === Inicio de ejecución: pagos ===
[12:55:19] ▶ [LoginSemytPaso] Iniciando...
[12:55:19] ==================================================
[12:55:19] 🚀 PASO: LoginSemytPaso
[12:55:19] ==================================================
[12:55:19] Abriendo SEMyT...
[12:55:30] ✅ [SEMyT] Sesión existente detectada. Login omitido.
[12:55:30] ✅ LoginSemytPaso finalizado. (⏱ 11.5s)
[12:55:30] ✓ [LoginSemytPaso] Completado.
[12:55:30] ▶ [LoginJuzgadoPaso] Iniciando...
[12:55:30] ==================================================
[12:55:30] 🚀 PASO: LoginJuzgadoPaso
[12:55:30] ==================================================
[12:55:30] Abriendo sitio municipalidad (CiDi)...
[12:55:31] ✅ [Juzgado] Sesión existente detectada. Login omitido.
[12:55:31] ✅ LoginJuzgadoPaso finalizado. (⏱ 0.5s)
[12:55:31] ✓ [LoginJuzgadoPaso] Completado.
[12:55:31] ▶ [DescargasParalelasPaso] Iniciando...
[12:55:31] ==================================================
[12:55:31] 🚀 PASO: DescargasParalelasPaso
[12:55:31] ==================================================
[12:55:31] 📤 Arrancando las 3 descargas en paralelo (mismo browser, páginas separadas)...
[12:55:31] Fecha Desde: 27/06/2024
[12:55:31] Fecha Hasta: 24/11/2025
[12:55:31] Fecha Desde: 25/11/2025
[12:55:31] Fecha Hasta: 28/07/2026
[12:55:31] Descargando Excel...
[12:55:31] Descargando Excel...
[12:55:51] Archivo descargado en: backend/descargas/cache_actas_cruce/MULTAS_JUZGADO_CRUCE.xlsx
[12:55:52] ⏱ [actas_juzgado] completado en 21.1s
[12:56:06] ✅ TXT de pagos descargado en: backend/descargas/pagos/2026-07-28/PAGOS DESCARGADOS.txt
[12:56:06] ⏱ [pagos_txt] completado en 34.7s
[12:56:14] Archivo descargado en: backend/descargas/cache_actas_cruce/MULTAS_SIGEMI_CRUCE.xlsx
[12:56:17] ⏱ [actas_sigemi] completado en 45.8s
[12:56:17] ⏱ TOTAL descargas en paralelo: 45.8s
[12:56:17] ✅ DescargasParalelasPaso finalizado. (⏱ 46.1s)
[12:56:17] ✓ [DescargasParalelasPaso] Completado.
[12:56:17] ▶ [CompararActasPaso] Iniciando...
[12:56:17] ==================================================
[12:56:17] 🚀 PASO: CompararActasPaso
[12:56:17] ==================================================
[12:56:17] 🔍 Comparando actas del SEMyT contra pagos del Juzgado...
[12:56:17] ================================================================================
[12:56:17] INICIANDO PROCESO DE GENERACIÓN DE PAGOS DESACTUALIZADOS
[12:56:17] ================================================================================
[12:56:17] 📂 Cargando archivos...
[12:56:17]   ✓ Pagos: 18312 registros
[12:56:20]   ✓ Excel SIGEMI (multas vencidas viejas): 103011 registros
[12:56:21]   ✓ Excel Juzgado (multas vencidas nuevas): 40113 registros
[12:56:22] ================================================================================
[12:56:22] PASO 1: LLENANDO ACTA_NUMERO (búsqueda por patente + fecha, con desempate por hora)
[12:56:22] ================================================================================
[12:56:23] 📊 ESTADÍSTICAS DE LLENADO DE ACTAS:
[12:56:23]   • Pagos con acta ORIGINAL: 3763
[12:56:23]   • Pagos SIN acta (buscados): 14549
[12:56:23]   • Pagos LLENADOS exitosamente: 1
[12:56:23]   • Pagos NO encontrados en multas: 14548
[12:56:23]   • Pagos SIN RESOLVER por desbalance de cantidades: 0
[12:56:23] ================================================================================
[12:56:23] PASO 1: LLENANDO ACTA_NUMERO (búsqueda por patente + fecha, con desempate por hora)
[12:56:23] ================================================================================
[12:56:25] 📊 ESTADÍSTICAS DE LLENADO DE ACTAS:
[12:56:25]   • Pagos con acta ORIGINAL: 3764
[12:56:25]   • Pagos SIN acta (buscados): 14548
[12:56:25]   • Pagos LLENADOS exitosamente: 0
[12:56:25]   • Pagos NO encontrados en multas: 14548
[12:56:25]   • Pagos SIN RESOLVER por desbalance de cantidades: 0
[12:56:25] ⏱ PASO 1 (llenar actas): 3.4s
[12:56:25] ================================================================================
[12:56:25] PASO 2: FILTRANDO PAGOS CON ACTA_NUMERO COMPLETO
[12:56:25] ================================================================================
[12:56:25] 📊 ESTADÍSTICAS DE FILTRADO:
[12:56:25]   • Pagos TOTALES al inicio: 18312
[12:56:25]   • Pagos CON acta (MANTIENEN): 3764
[12:56:25]   • Pagos RECHAZADOS (sin coincidencias): 14548
[12:56:25] ⚠️  Se eliminaron 14548 registros sin número de acta
[12:56:25]      (recordá: esto incluye tanto pagos ya actualizados/pagados
[12:56:25]       como pagos que quedaron sin resolver por desbalance en el Paso 1)
[12:56:25] ================================================================================
[12:56:25] PASO 2-bis: CONFIRMANDO VIGENCIA DE PAGOS (sistema NUEVO contra MULTAS_JUZGADO_CRUCE, sistema VIEJO contra SIGEMI)
[12:56:25] ================================================================================
[12:56:25]   ⚠ 3759 pago(s) descartados: su acta ya no figura como vencida en MULTAS_JUZGADO_CRUCE (SEMyT ya los actualizó).
[12:56:25]   ⚠ 2 pago(s) descartados: su acta ya no figura como vencida en el Excel de SIGEMI (SEMyT ya los actualizó).
[12:56:25]   • Pagos descartados en total por ya estar actualizados/pagados: 3761
[12:56:25] ⏱ PASO 2 (filtrar): 0.3s
[12:56:25] 📂 Cargando maestro de causas SIGEMI...
[12:56:25]   ✓ Causas totales (maestro): 134069 registros
[12:56:25] ⏱ PASO 2.5 (causas simplificado): 0.0s
[12:56:25] ================================================================================
[12:56:25] PASO 2.5: ARMANDO causas.txt SIMPLIFICADO (cruce contra total_causas_sigemi.txt)
[12:56:25] ================================================================================
[12:56:25]   • Actas vencidas viejas (multas): 103011
[12:56:25]   • Causas totales en el maestro SIGEMI: 134069
[12:56:25]   • Causas que coinciden (simplificado): 102684
[12:56:25]   ✅ Archivo escrito: backend/descargas/causas/causas.txt
[12:56:25] ⏱ PASO 2.5 (causas simplificado): 0.4s
[12:56:25] ================================================================================
[12:56:25] PASO 3: LLENANDO CAUSA_NUMERO (según fecha de cambio de sistema, cruzando por acta + año)
[12:56:25] ================================================================================
[12:56:25] 📊 ESTADÍSTICAS DE LLENADO DE CAUSAS:
[12:56:25]   • Pagos con causa ORIGINAL: 2
[12:56:25]   • Causas encontradas en SIGEMI (actas viejas): 1
[12:56:25]   • Causas NO encontradas en SIGEMI: 0
[12:56:25]   • Causas asignadas automáticamente (actas nuevas): 0
[12:56:25] ⏱ PASO 3 (llenar causas): 0.0s
[12:56:25] ================================================================================
[12:56:25] PASO 4: ORDENANDO POR FECHA Y ACTA_NUMERO
[12:56:25] ================================================================================
[12:56:25] ✓ Pagos ordenados correctamente
[12:56:25]   • Primera entrada: Acta=78927, Fecha=21/11/2024
[12:56:25]   • Última entrada: Acta=275317, Fecha=04/03/2026
[12:56:25] 📝 Escribiendo archivo de salida...
[12:56:25]   ✅ Archivo escrito: backend/descargas/pagos/2026-07-28/PAGOS 20260728 125617.txt
[12:56:25]   ✅ Total registros: 473
[12:56:25] ⏱ PASO 4 (ordenar y escribir): 0.0s
[12:56:25] ================================================================================
[12:56:25] ✅ PROCESO COMPLETADO EXITOSAMENTE
[12:56:25] ================================================================================
[12:56:25] 📊 RESUMEN FINAL DEL PROCESAMIENTO:
[12:56:25]   ENTRADA:
[12:56:25]     • Pagos originales: 18312
[12:56:25]     • Multas SIGEMI cargadas: 103011
[12:56:25]     • Multas Juzgado cargadas: 40113
[12:56:25]     • Causas simplificadas (usadas para el cruce): 102684
[12:56:25]   PROCESO:
[12:56:25]     • Pagos rechazados sigemi: 14548
[12:56:25]     • Pagos rechazados juzgado: 3761
[12:56:25]   SALIDA:
[12:56:25]     • Pagos desactualizados procesados: 3
[12:56:25]     • Archivo final: backend/descargas/pagos/2026-07-28/PAGOS 20260728 125617.txt
[12:56:25]     • Ordenados por fecha: SÍ ✓
[12:56:25]     • Todos con ACTA_NUMERO: SÍ ✓
[12:56:25]     • Todos con CAUSA_NUMERO: SÍ ✓
[12:56:25] ✅ TXT de pagos (ya cruzado con actas y causas) generado en: backend/descargas/pagos/2026-07-28/PAGOS 20260728 125617.txt
[12:56:25] 🧹 TXT de pagos crudo eliminado (ya usado en el cruce): backend/descargas/pagos/2026-07-28/PAGOS DESCARGADOS.txt
[12:56:25] 🧹 Excel MULTAS_SIGEMI_CRUCE eliminado (ya usado en el cruce): backend/descargas/cache_actas_cruce/MULTAS_SIGEMI_CRUCE.xlsx
[12:56:25] 🧹 Excel MULTAS_JUZGADO_CRUCE eliminado (ya usado en el cruce): backend/descargas/cache_actas_cruce/MULTAS_JUZGADO_CRUCE.xlsx
[12:56:25] ✅ CompararActasPaso finalizado. (⏱ 8.6s)
[12:56:25] ✓ [CompararActasPaso] Completado.
[12:56:25] ▶ [CargarPagosPaso] Iniciando...
[12:56:25] ==================================================
[12:56:25] 🚀 PASO: CargarPagosPaso
[12:56:25] ==================================================
[12:56:25] 📤 Subiendo TXT de pagos al SEMyT...
[12:56:27] ✅ Importación de pagos completada con éxito.
[12:56:27] ✅ Archivo TXT de pagos cargado en el SEMyT correctamente.
[12:56:27] ✅ CargarPagosPaso finalizado. (⏱ 2.0s)
[12:56:27] ✓ [CargarPagosPaso] Completado.
[12:56:27] === Ejecución finalizada con éxito ===
