[12:32:18] === Inicio de ejecución: pagos ===
[12:32:19] ▶ [LoginSemytPaso] Iniciando...
[12:32:19] ==================================================
[12:32:19] 🚀 PASO: LoginSemytPaso
[12:32:19] ==================================================
[12:32:19] Abriendo SEMyT...
[12:32:51] ✅ [SEMyT] Sesión existente detectada. Login omitido.
[12:32:51] ✅ LoginSemytPaso finalizado. (⏱ 32.2s)
[12:32:51] ✓ [LoginSemytPaso] Completado.
[12:32:51] ▶ [LoginJuzgadoPaso] Iniciando...
[12:32:51] ==================================================
[12:32:51] 🚀 PASO: LoginJuzgadoPaso
[12:32:51] ==================================================
[12:32:51] Abriendo sitio municipalidad (CiDi)...
[12:32:51] ✅ [Juzgado] Sesión existente detectada. Login omitido.
[12:32:51] ✅ LoginJuzgadoPaso finalizado. (⏱ 0.5s)
[12:32:51] ✓ [LoginJuzgadoPaso] Completado.
[12:32:51] ▶ [DescargasParalelasPaso] Iniciando...
[12:32:51] ==================================================
[12:32:51] 🚀 PASO: DescargasParalelasPaso
[12:32:51] ==================================================
[12:32:52] 📤 Arrancando las 3 descargas en paralelo (mismo browser, páginas separadas)...
[12:32:52] Fecha Desde: 27/06/2024
[12:32:52] Fecha Hasta: 24/11/2025
[12:32:52] Fecha Desde: 25/11/2025
[12:32:52] Fecha Hasta: 28/07/2026
[12:32:52] Descargando Excel...
[12:32:52] Descargando Excel...
[12:33:10] Archivo descargado en: backend/descargas/cache_actas_cruce/MULTAS_JUZGADO_CRUCE.xlsx
[12:33:11] ⏱ [actas_juzgado] completado en 19.3s
[12:33:32] Archivo descargado en: backend/descargas/cache_actas_cruce/MULTAS_SIGEMI_CRUCE.xlsx
[12:33:36] ⏱ [actas_sigemi] completado en 43.9s
[12:33:36] ✅ TXT de pagos descargado en: backend/descargas/pagos/2026-07-28/PAGOS DESCARGADOS.txt
[12:33:36] ⏱ [pagos_txt] completado en 43.9s
[12:33:36] ⏱ TOTAL descargas en paralelo: 43.9s
[12:33:36] ✅ DescargasParalelasPaso finalizado. (⏱ 44.2s)
[12:33:36] ✓ [DescargasParalelasPaso] Completado.
[12:33:36] ▶ [CompararActasPaso] Iniciando...
[12:33:36] ==================================================
[12:33:36] 🚀 PASO: CompararActasPaso
[12:33:36] ==================================================
[12:33:36] 🔍 Comparando actas del SEMyT contra pagos del Juzgado...
[12:33:36] ================================================================================
[12:33:36] INICIANDO PROCESO DE GENERACIÓN DE PAGOS DESACTUALIZADOS
[12:33:36] ================================================================================
[12:33:36] 📂 Cargando archivos...
[12:33:36]   ✓ Pagos: 18301 registros
[12:33:39]   ✓ Excel SIGEMI (multas vencidas viejas): 103024 registros
[12:33:40]   ✓ Excel Juzgado (multas vencidas nuevas): 40120 registros
[12:33:41] ================================================================================
[12:33:41] PASO 1: LLENANDO ACTA_NUMERO (búsqueda por patente + fecha, con desempate por hora)
[12:33:41] ================================================================================
[12:33:42] 📊 ESTADÍSTICAS DE LLENADO DE ACTAS:
[12:33:42]   • Pagos con acta ORIGINAL: 3759
[12:33:42]   • Pagos SIN acta (buscados): 14542
[12:33:42]   • Pagos LLENADOS exitosamente: 7
[12:33:42]   • Pagos NO encontrados en multas: 14535
[12:33:42]   • Pagos SIN RESOLVER por desbalance de cantidades: 0
[12:33:42] ================================================================================
[12:33:42] PASO 1: LLENANDO ACTA_NUMERO (búsqueda por patente + fecha, con desempate por hora)
[12:33:42] ================================================================================
[12:33:43] 📊 ESTADÍSTICAS DE LLENADO DE ACTAS:
[12:33:43]   • Pagos con acta ORIGINAL: 3766
[12:33:43]   • Pagos SIN acta (buscados): 14535
[12:33:43]   • Pagos LLENADOS exitosamente: 0
[12:33:43]   • Pagos NO encontrados en multas: 14535
[12:33:43]   • Pagos SIN RESOLVER por desbalance de cantidades: 0
[12:33:43] ⏱ PASO 1 (llenar actas): 3.4s
[12:33:43] ================================================================================
[12:33:43] PASO 2: FILTRANDO PAGOS CON ACTA_NUMERO COMPLETO
[12:33:43] ================================================================================
[12:33:43] 📊 ESTADÍSTICAS DE FILTRADO:
[12:33:43]   • Pagos TOTALES al inicio: 18301
[12:33:43]   • Pagos CON acta (MANTIENEN): 3766
[12:33:43]   • Pagos RECHAZADOS (sin coincidencias): 14535
[12:33:43] ⚠️  Se eliminaron 14535 registros sin número de acta
[12:33:43]      (recordá: esto incluye tanto pagos ya actualizados/pagados
[12:33:43]       como pagos que quedaron sin resolver por desbalance en el Paso 1)
[12:33:43] ================================================================================
[12:33:43] PASO 2-bis: CONFIRMANDO VIGENCIA DE PAGOS (sistema NUEVO contra MULTAS_JUZGADO_CRUCE, sistema VIEJO contra SIGEMI)
[12:33:43] ================================================================================
[12:33:44]   ⚠ 3752 pago(s) descartados: su acta ya no figura como vencida en MULTAS_JUZGADO_CRUCE (SEMyT ya los actualizó).
[12:33:44]   ⚠ 2 pago(s) descartados: su acta ya no figura como vencida en el Excel de SIGEMI (SEMyT ya los actualizó).
[12:33:44]   • Pagos descartados en total por ya estar actualizados/pagados: 3754
[12:33:44] ⏱ PASO 2 (filtrar): 0.3s
[12:33:44] 📂 Cargando maestro de causas SIGEMI...
[12:33:44]   ✓ Causas totales (maestro): 134069 registros
[12:33:44] ⏱ PASO 2.5 (causas simplificado): 0.0s
[12:33:44] ================================================================================
[12:33:44] PASO 2.5: ARMANDO causas.txt SIMPLIFICADO (cruce contra total_causas_sigemi.txt)
[12:33:44] ================================================================================
[12:33:44]   • Actas vencidas viejas (multas): 103024
[12:33:44]   • Causas totales en el maestro SIGEMI: 134069
[12:33:44]   • Causas que coinciden (simplificado): 102697
[12:33:44]   ✅ Archivo escrito: backend/descargas/causas/causas.txt
[12:33:44] ⏱ PASO 2.5 (causas simplificado): 0.4s
[12:33:44] ================================================================================
[12:33:44] PASO 3: LLENANDO CAUSA_NUMERO (según fecha de cambio de sistema, cruzando por acta + año)
[12:33:44] ================================================================================
[12:33:44] 📊 ESTADÍSTICAS DE LLENADO DE CAUSAS:
[12:33:44]   • Pagos con causa ORIGINAL: 5
[12:33:44]   • Causas encontradas en SIGEMI (actas viejas): 7
[12:33:44]   • Causas NO encontradas en SIGEMI: 0
[12:33:44]   • Causas asignadas automáticamente (actas nuevas): 0
[12:33:44] ⏱ PASO 3 (llenar causas): 0.0s
[12:33:44] ================================================================================
[12:33:44] PASO 4: ORDENANDO POR FECHA Y ACTA_NUMERO
[12:33:44] ================================================================================
[12:33:44] ✓ Pagos ordenados correctamente
[12:33:44]   • Primera entrada: Acta=20306, Fecha=31/07/2024
[12:33:44]   • Última entrada: Acta=286828, Fecha=30/03/2026
[12:33:44] 📝 Escribiendo archivo de salida...
[12:33:44]   ✅ Archivo escrito: backend/descargas/pagos/2026-07-28/PAGOS 20260728 123336.txt
[12:33:44]   ✅ Total registros: 1402
[12:33:44] ⏱ PASO 4 (ordenar y escribir): 0.0s
[12:33:44] ================================================================================
[12:33:44] ✅ PROCESO COMPLETADO EXITOSAMENTE
[12:33:44] ================================================================================
[12:33:44] 📊 RESUMEN FINAL DEL PROCESAMIENTO:
[12:33:44]   ENTRADA:
[12:33:44]     • Pagos originales: 18301
[12:33:44]     • Multas SIGEMI cargadas: 103024
[12:33:44]     • Multas Juzgado cargadas: 40120
[12:33:44]     • Causas simplificadas (usadas para el cruce): 102697
[12:33:44]   PROCESO:
[12:33:44]     • Pagos rechazados sigemi: 14535
[12:33:44]     • Pagos rechazados juzgado: 3754
[12:33:44]   SALIDA:
[12:33:44]     • Pagos desactualizados procesados: 12
[12:33:44]     • Archivo final: backend/descargas/pagos/2026-07-28/PAGOS 20260728 123336.txt
[12:33:44]     • Ordenados por fecha: SÍ ✓
[12:33:44]     • Todos con ACTA_NUMERO: SÍ ✓
[12:33:44]     • Todos con CAUSA_NUMERO: SÍ ✓
[12:33:44] ✅ TXT de pagos (ya cruzado con actas y causas) generado en: backend/descargas/pagos/2026-07-28/PAGOS 20260728 123336.txt
[12:33:44] 🧹 TXT de pagos crudo eliminado (ya usado en el cruce): backend/descargas/pagos/2026-07-28/PAGOS DESCARGADOS.txt
[12:33:44] 🧹 Excel MULTAS_SIGEMI_CRUCE eliminado (ya usado en el cruce): backend/descargas/cache_actas_cruce/MULTAS_SIGEMI_CRUCE.xlsx
[12:33:44] 🧹 Excel MULTAS_JUZGADO_CRUCE eliminado (ya usado en el cruce): backend/descargas/cache_actas_cruce/MULTAS_JUZGADO_CRUCE.xlsx
[12:33:44] ✅ CompararActasPaso finalizado. (⏱ 8.7s)
[12:33:44] ✓ [CompararActasPaso] Completado.
[12:33:44] ▶ [CargarPagosPaso] Iniciando...
[12:33:44] ==================================================
[12:33:44] 🚀 PASO: CargarPagosPaso
[12:33:44] ==================================================
[12:33:44] 📤 Subiendo TXT de pagos al SEMyT...
[12:33:46] ✅ Importación de pagos completada con éxito.
[12:33:46] ✅ Archivo TXT de pagos cargado en el SEMyT correctamente.
[12:33:46] ✅ CargarPagosPaso finalizado. (⏱ 2.2s)
[12:33:46] ✓ [CargarPagosPaso] Completado.
[12:33:46] === Ejecución finalizada con éxito ===
