[18:55:40] === Inicio de ejecución: pagos ===
[18:55:41] ▶ [LoginSemytPaso] Iniciando...
[18:55:41] ==================================================
[18:55:41] 🚀 PASO: LoginSemytPaso
[18:55:41] ==================================================
[18:55:41] Abriendo SEMyT...
[18:55:43] ✅ [SEMyT] Sesión existente detectada. Login omitido.
[18:55:43] ✅ LoginSemytPaso finalizado. (⏱ 2.3s)
[18:55:43] ✓ [LoginSemytPaso] Completado.
[18:55:43] ▶ [LoginJuzgadoPaso] Iniciando...
[18:55:43] ==================================================
[18:55:43] 🚀 PASO: LoginJuzgadoPaso
[18:55:43] ==================================================
[18:55:43] Abriendo sitio municipalidad (CiDi)...
[18:55:43] ✅ [Juzgado] Sesión existente detectada. Login omitido.
[18:55:43] ✅ LoginJuzgadoPaso finalizado. (⏱ 0.5s)
[18:55:43] ✓ [LoginJuzgadoPaso] Completado.
[18:55:43] ▶ [DescargasParalelasPaso] Iniciando...
[18:55:43] ==================================================
[18:55:43] 🚀 PASO: DescargasParalelasPaso
[18:55:43] ==================================================
[18:55:44] 📤 Arrancando las 3 descargas en paralelo (mismo browser, páginas separadas)...
[18:55:44] Fecha Desde: 27/06/2024
[18:55:44] Fecha Hasta: 24/11/2025
[18:55:44] Fecha Desde: 25/11/2025
[18:55:44] Fecha Hasta: 28/07/2026
[18:55:44] Descargando Excel...
[18:55:44] Descargando Excel...
[18:55:54] Archivo descargado en: backend/descargas/cache_actas_cruce/MULTAS_JUZGADO_CRUCE.xlsx
[18:55:56] ⏱ [actas_juzgado] completado en 12.1s
[18:56:04] Archivo descargado en: backend/descargas/cache_actas_cruce/MULTAS_SIGEMI_CRUCE.xlsx
[18:56:07] ⏱ [actas_sigemi] completado en 23.2s
[18:56:11] ✅ TXT de pagos descargado en: backend/descargas/pagos/2026-07-28/PAGOS DESCARGADOS.txt
[18:56:11] ⏱ [pagos_txt] completado en 27.4s
[18:56:11] ⏱ TOTAL descargas en paralelo: 27.4s
[18:56:11] ✅ DescargasParalelasPaso finalizado. (⏱ 27.7s)
[18:56:11] ✓ [DescargasParalelasPaso] Completado.
[18:56:11] ▶ [CompararActasPaso] Iniciando...
[18:56:11] ==================================================
[18:56:11] 🚀 PASO: CompararActasPaso
[18:56:11] ==================================================
[18:56:11] 🔍 Comparando actas del SEMyT contra pagos del Juzgado...
[18:56:11] ================================================================================
[18:56:11] INICIANDO PROCESO DE GENERACIÓN DE PAGOS DESACTUALIZADOS
[18:56:11] ================================================================================
[18:56:11] 📂 Cargando archivos...
[18:56:11]   ✓ Pagos: 18400 registros
[18:56:14]   ✓ Excel SIGEMI (multas vencidas viejas): 102966 registros
[18:56:16]   ✓ Excel Juzgado (multas vencidas nuevas): 40054 registros
[18:56:16] ================================================================================
[18:56:16] PASO 1: LLENANDO ACTA_NUMERO (búsqueda por patente + fecha, con desempate por hora)
[18:56:16] ================================================================================
[18:56:17] 📊 ESTADÍSTICAS DE LLENADO DE ACTAS:
[18:56:17]   • Pagos con acta ORIGINAL: 3817
[18:56:17]   • Pagos SIN acta (buscados): 14583
[18:56:17]   • Pagos LLENADOS exitosamente: 1
[18:56:17]   • Pagos NO encontrados en multas: 14582
[18:56:17]   • Pagos SIN RESOLVER por desbalance de cantidades: 0
[18:56:18] ================================================================================
[18:56:18] PASO 1: LLENANDO ACTA_NUMERO (búsqueda por patente + fecha, con desempate por hora)
[18:56:18] ================================================================================
[18:56:19] 📊 ESTADÍSTICAS DE LLENADO DE ACTAS:
[18:56:19]   • Pagos con acta ORIGINAL: 3818
[18:56:19]   • Pagos SIN acta (buscados): 14582
[18:56:19]   • Pagos LLENADOS exitosamente: 0
[18:56:19]   • Pagos NO encontrados en multas: 14582
[18:56:19]   • Pagos SIN RESOLVER por desbalance de cantidades: 0
[18:56:19] ⏱ PASO 1 (llenar actas): 3.5s
[18:56:19] ================================================================================
[18:56:19] PASO 2: FILTRANDO PAGOS CON ACTA_NUMERO COMPLETO
[18:56:19] ================================================================================
[18:56:19] 📊 ESTADÍSTICAS DE FILTRADO:
[18:56:19]   • Pagos TOTALES al inicio: 18400
[18:56:19]   • Pagos CON acta (MANTIENEN): 3818
[18:56:19]   • Pagos RECHAZADOS (sin coincidencias): 14582
[18:56:19] ⚠️  Se eliminaron 14582 registros sin número de acta
[18:56:19]      (recordá: esto incluye tanto pagos ya actualizados/pagados
[18:56:19]       como pagos que quedaron sin resolver por desbalance en el Paso 1)
[18:56:19] ================================================================================
[18:56:19] PASO 2-bis: CONFIRMANDO VIGENCIA DE PAGOS (sistema NUEVO contra MULTAS_JUZGADO_CRUCE, sistema VIEJO contra SIGEMI)
[18:56:19] ================================================================================
[18:56:19]   ⚠ 3811 pago(s) descartados: su acta ya no figura como vencida en MULTAS_JUZGADO_CRUCE (SEMyT ya los actualizó).
[18:56:19]   ⚠ 2 pago(s) descartados: su acta ya no figura como vencida en el Excel de SIGEMI (SEMyT ya los actualizó).
[18:56:19]   • Pagos descartados en total por ya estar actualizados/pagados: 3813
[18:56:19] ⏱ PASO 2 (filtrar): 0.3s
[18:56:19] 📂 Cargando maestro de causas SIGEMI...
[18:56:19]   ✓ Causas totales (maestro): 134069 registros
[18:56:19] ⏱ PASO 2.5 (causas simplificado): 0.0s
[18:56:19] ================================================================================
[18:56:19] PASO 2.5: ARMANDO causas.txt SIMPLIFICADO (cruce contra total_causas_sigemi.txt)
[18:56:19] ================================================================================
[18:56:20]   • Actas vencidas viejas (multas): 102966
[18:56:20]   • Causas totales en el maestro SIGEMI: 134069
[18:56:20]   • Causas que coinciden (simplificado): 102639
[18:56:20]   ✅ Archivo escrito: backend/descargas/causas/causas.txt
[18:56:20] ⏱ PASO 2.5 (causas simplificado): 0.4s
[18:56:20] ================================================================================
[18:56:20] PASO 3: LLENANDO CAUSA_NUMERO (según fecha de cambio de sistema, cruzando por acta + año)
[18:56:20] ================================================================================
[18:56:20] 📊 ESTADÍSTICAS DE LLENADO DE CAUSAS:
[18:56:20]   • Pagos con causa ORIGINAL: 4
[18:56:20]   • Causas encontradas en SIGEMI (actas viejas): 1
[18:56:20]   • Causas NO encontradas en SIGEMI: 0
[18:56:20]   • Causas asignadas automáticamente (actas nuevas): 0
[18:56:20] ⏱ PASO 3 (llenar causas): 0.0s
[18:56:20] ================================================================================
[18:56:20] PASO 4: ORDENANDO POR FECHA Y ACTA_NUMERO
[18:56:20] ================================================================================
[18:56:20] ✓ Pagos ordenados correctamente
[18:56:20]   • Primera entrada: Acta=51439, Fecha=24/09/2024
[18:56:20]   • Última entrada: Acta=313381, Fecha=14/05/2026
[18:56:20] 📝 Escribiendo archivo de salida...
[18:56:20]   ✅ Archivo escrito: backend/descargas/pagos/2026-07-28/PAGOS 20260728 185611.txt
[18:56:20]   ✅ Total registros: 697
[18:56:20] ⏱ PASO 4 (ordenar y escribir): 0.0s
[18:56:20] ================================================================================
[18:56:20] ✅ PROCESO COMPLETADO EXITOSAMENTE
[18:56:20] ================================================================================
[18:56:20] 📊 RESUMEN FINAL DEL PROCESAMIENTO:
[18:56:20]   ENTRADA:
[18:56:20]     • Pagos originales: 18400
[18:56:20]     • Multas SIGEMI cargadas: 102966
[18:56:20]     • Multas Juzgado cargadas: 40054
[18:56:20]     • Causas simplificadas (usadas para el cruce): 102639
[18:56:20]   PROCESO:
[18:56:20]     • Pagos rechazados sigemi: 14582
[18:56:20]     • Pagos rechazados juzgado: 3813
[18:56:20]   SALIDA:
[18:56:20]     • Pagos desactualizados procesados: 5
[18:56:20]     • Archivo final: backend/descargas/pagos/2026-07-28/PAGOS 20260728 185611.txt
[18:56:20]     • Ordenados por fecha: SÍ ✓
[18:56:20]     • Todos con ACTA_NUMERO: SÍ ✓
[18:56:20]     • Todos con CAUSA_NUMERO: SÍ ✓
[18:56:20] ✅ TXT de pagos (ya cruzado con actas y causas) generado en: backend/descargas/pagos/2026-07-28/PAGOS 20260728 185611.txt
[18:56:20] 🧹 TXT de pagos crudo eliminado (ya usado en el cruce): backend/descargas/pagos/2026-07-28/PAGOS DESCARGADOS.txt
[18:56:20] 🧹 Excel MULTAS_SIGEMI_CRUCE eliminado (ya usado en el cruce): backend/descargas/cache_actas_cruce/MULTAS_SIGEMI_CRUCE.xlsx
[18:56:20] 🧹 Excel MULTAS_JUZGADO_CRUCE eliminado (ya usado en el cruce): backend/descargas/cache_actas_cruce/MULTAS_JUZGADO_CRUCE.xlsx
[18:56:20] ✅ CompararActasPaso finalizado. (⏱ 8.8s)
[18:56:20] ✓ [CompararActasPaso] Completado.
[18:56:20] ▶ [CargarPagosPaso] Iniciando...
[18:56:20] ==================================================
[18:56:20] 🚀 PASO: CargarPagosPaso
[18:56:20] ==================================================
[18:56:20] 📤 Subiendo TXT de pagos al SEMyT...
[18:56:21] ✅ Importación de pagos completada con éxito.
[18:56:22] ✅ Archivo TXT de pagos cargado en el SEMyT correctamente.
[18:56:22] ✅ CargarPagosPaso finalizado. (⏱ 2.0s)
[18:56:22] ✓ [CargarPagosPaso] Completado.
[18:56:22] === Ejecución finalizada con éxito ===
