[16:43:08] === Inicio de ejecución: pagos ===
[16:43:08] ▶ [LoginSemytPaso] Iniciando...
[16:43:08] ==================================================
[16:43:08] 🚀 PASO: LoginSemytPaso
[16:43:08] ==================================================
[16:43:08] Abriendo SEMyT...
[16:43:10] ✅ [SEMyT] Sesión existente detectada. Login omitido.
[16:43:11] ✅ LoginSemytPaso finalizado. (⏱ 2.5s)
[16:43:11] ✓ [LoginSemytPaso] Completado.
[16:43:11] ▶ [LoginJuzgadoPaso] Iniciando...
[16:43:11] ==================================================
[16:43:11] 🚀 PASO: LoginJuzgadoPaso
[16:43:11] ==================================================
[16:43:11] Abriendo sitio municipalidad (CiDi)...
[16:43:11] ✅ [Juzgado] Sesión existente detectada. Login omitido.
[16:43:11] ✅ LoginJuzgadoPaso finalizado. (⏱ 0.5s)
[16:43:11] ✓ [LoginJuzgadoPaso] Completado.
[16:43:11] ▶ [DescargasParalelasPaso] Iniciando...
[16:43:11] ==================================================
[16:43:11] 🚀 PASO: DescargasParalelasPaso
[16:43:11] ==================================================
[16:43:11] 📤 Arrancando las 3 descargas en paralelo (mismo browser, páginas separadas)...
[16:43:11] Fecha Desde: 27/06/2024
[16:43:11] Fecha Hasta: 24/11/2025
[16:43:11] Fecha Desde: 25/11/2025
[16:43:11] Fecha Hasta: 28/07/2026
[16:43:11] Descargando Excel...
[16:43:11] Descargando Excel...
[16:43:21] Archivo descargado en: backend/descargas/cache_actas_cruce/MULTAS_JUZGADO_CRUCE.xlsx
[16:43:23] ⏱ [actas_juzgado] completado en 11.3s
[16:43:34] Archivo descargado en: backend/descargas/cache_actas_cruce/MULTAS_SIGEMI_CRUCE.xlsx
[16:43:37] ⏱ [actas_sigemi] completado en 26.2s
[16:43:45] ✅ TXT de pagos descargado en: backend/descargas/pagos/2026-07-28/PAGOS DESCARGADOS.txt
[16:43:45] ⏱ [pagos_txt] completado en 33.6s
[16:43:45] ⏱ TOTAL descargas en paralelo: 33.6s
[16:43:45] ✅ DescargasParalelasPaso finalizado. (⏱ 33.8s)
[16:43:45] ✓ [DescargasParalelasPaso] Completado.
[16:43:45] ▶ [CompararActasPaso] Iniciando...
[16:43:45] ==================================================
[16:43:45] 🚀 PASO: CompararActasPaso
[16:43:45] ==================================================
[16:43:45] 🔍 Comparando actas del SEMyT contra pagos del Juzgado...
[16:43:45] ================================================================================
[16:43:45] INICIANDO PROCESO DE GENERACIÓN DE PAGOS DESACTUALIZADOS
[16:43:45] ================================================================================
[16:43:45] 📂 Cargando archivos...
[16:43:45]   ✓ Pagos: 18375 registros
[16:43:48]   ✓ Excel SIGEMI (multas vencidas viejas): 102984 registros
[16:43:49]   ✓ Excel Juzgado (multas vencidas nuevas): 40076 registros
[16:43:50] ================================================================================
[16:43:50] PASO 1: LLENANDO ACTA_NUMERO (búsqueda por patente + fecha, con desempate por hora)
[16:43:50] ================================================================================
[16:43:51] 📊 ESTADÍSTICAS DE LLENADO DE ACTAS:
[16:43:51]   • Pagos con acta ORIGINAL: 3800
[16:43:51]   • Pagos SIN acta (buscados): 14575
[16:43:51]   • Pagos LLENADOS exitosamente: 0
[16:43:51]   • Pagos NO encontrados en multas: 14575
[16:43:51]   • Pagos SIN RESOLVER por desbalance de cantidades: 0
[16:43:51] ================================================================================
[16:43:51] PASO 1: LLENANDO ACTA_NUMERO (búsqueda por patente + fecha, con desempate por hora)
[16:43:51] ================================================================================
[16:43:53] 📊 ESTADÍSTICAS DE LLENADO DE ACTAS:
[16:43:53]   • Pagos con acta ORIGINAL: 3800
[16:43:53]   • Pagos SIN acta (buscados): 14575
[16:43:53]   • Pagos LLENADOS exitosamente: 0
[16:43:53]   • Pagos NO encontrados en multas: 14575
[16:43:53]   • Pagos SIN RESOLVER por desbalance de cantidades: 0
[16:43:53] ⏱ PASO 1 (llenar actas): 3.4s
[16:43:53] ================================================================================
[16:43:53] PASO 2: FILTRANDO PAGOS CON ACTA_NUMERO COMPLETO
[16:43:53] ================================================================================
[16:43:53] 📊 ESTADÍSTICAS DE FILTRADO:
[16:43:53]   • Pagos TOTALES al inicio: 18375
[16:43:53]   • Pagos CON acta (MANTIENEN): 3800
[16:43:53]   • Pagos RECHAZADOS (sin coincidencias): 14575
[16:43:53] ⚠️  Se eliminaron 14575 registros sin número de acta
[16:43:53]      (recordá: esto incluye tanto pagos ya actualizados/pagados
[16:43:53]       como pagos que quedaron sin resolver por desbalance en el Paso 1)
[16:43:53] ================================================================================
[16:43:53] PASO 2-bis: CONFIRMANDO VIGENCIA DE PAGOS (sistema NUEVO contra MULTAS_JUZGADO_CRUCE, sistema VIEJO contra SIGEMI)
[16:43:53] ================================================================================
[16:43:53]   ⚠ 3797 pago(s) descartados: su acta ya no figura como vencida en MULTAS_JUZGADO_CRUCE (SEMyT ya los actualizó).
[16:43:53]   ⚠ 2 pago(s) descartados: su acta ya no figura como vencida en el Excel de SIGEMI (SEMyT ya los actualizó).
[16:43:53]   • Pagos descartados en total por ya estar actualizados/pagados: 3799
[16:43:53] ⏱ PASO 2 (filtrar): 0.3s
[16:43:53] 📂 Cargando maestro de causas SIGEMI...
[16:43:53]   ✓ Causas totales (maestro): 134069 registros
[16:43:53] ⏱ PASO 2.5 (causas simplificado): 0.0s
[16:43:53] ================================================================================
[16:43:53] PASO 2.5: ARMANDO causas.txt SIMPLIFICADO (cruce contra total_causas_sigemi.txt)
[16:43:53] ================================================================================
[16:43:53]   • Actas vencidas viejas (multas): 102984
[16:43:53]   • Causas totales en el maestro SIGEMI: 134069
[16:43:53]   • Causas que coinciden (simplificado): 102657
[16:43:53]   ✅ Archivo escrito: backend/descargas/causas/causas.txt
[16:43:53] ⏱ PASO 2.5 (causas simplificado): 0.4s
[16:43:53] ================================================================================
[16:43:53] PASO 3: LLENANDO CAUSA_NUMERO (según fecha de cambio de sistema, cruzando por acta + año)
[16:43:53] ================================================================================
[16:43:53] 📊 ESTADÍSTICAS DE LLENADO DE CAUSAS:
[16:43:53]   • Pagos con causa ORIGINAL: 1
[16:43:53]   • Causas encontradas en SIGEMI (actas viejas): 0
[16:43:53]   • Causas NO encontradas en SIGEMI: 0
[16:43:53]   • Causas asignadas automáticamente (actas nuevas): 0
[16:43:53] ⏱ PASO 3 (llenar causas): 0.0s
[16:43:53] ================================================================================
[16:43:53] PASO 4: ORDENANDO POR FECHA Y ACTA_NUMERO
[16:43:53] ================================================================================
[16:43:53] ✓ Pagos ordenados correctamente
[16:43:53]   • Primera entrada: Acta=278427, Fecha=11/03/2026
[16:43:53]   • Última entrada: Acta=278427, Fecha=11/03/2026
[16:43:53] 📝 Escribiendo archivo de salida...
[16:43:53]   ✅ Archivo escrito: backend/descargas/pagos/2026-07-28/PAGOS 20260728 164345.txt
[16:43:53]   ✅ Total registros: 259
[16:43:53] ⏱ PASO 4 (ordenar y escribir): 0.0s
[16:43:53] ================================================================================
[16:43:53] ✅ PROCESO COMPLETADO EXITOSAMENTE
[16:43:53] ================================================================================
[16:43:53] 📊 RESUMEN FINAL DEL PROCESAMIENTO:
[16:43:53]   ENTRADA:
[16:43:53]     • Pagos originales: 18375
[16:43:53]     • Multas SIGEMI cargadas: 102984
[16:43:53]     • Multas Juzgado cargadas: 40076
[16:43:53]     • Causas simplificadas (usadas para el cruce): 102657
[16:43:53]   PROCESO:
[16:43:53]     • Pagos rechazados sigemi: 14575
[16:43:53]     • Pagos rechazados juzgado: 3799
[16:43:53]   SALIDA:
[16:43:53]     • Pagos desactualizados procesados: 1
[16:43:53]     • Archivo final: backend/descargas/pagos/2026-07-28/PAGOS 20260728 164345.txt
[16:43:53]     • Ordenados por fecha: SÍ ✓
[16:43:53]     • Todos con ACTA_NUMERO: SÍ ✓
[16:43:53]     • Todos con CAUSA_NUMERO: SÍ ✓
[16:43:54] ✅ TXT de pagos (ya cruzado con actas y causas) generado en: backend/descargas/pagos/2026-07-28/PAGOS 20260728 164345.txt
[16:43:54] 🧹 TXT de pagos crudo eliminado (ya usado en el cruce): backend/descargas/pagos/2026-07-28/PAGOS DESCARGADOS.txt
[16:43:54] 🧹 Excel MULTAS_SIGEMI_CRUCE eliminado (ya usado en el cruce): backend/descargas/cache_actas_cruce/MULTAS_SIGEMI_CRUCE.xlsx
[16:43:54] 🧹 Excel MULTAS_JUZGADO_CRUCE eliminado (ya usado en el cruce): backend/descargas/cache_actas_cruce/MULTAS_JUZGADO_CRUCE.xlsx
[16:43:54] ✅ CompararActasPaso finalizado. (⏱ 8.6s)
[16:43:54] ✓ [CompararActasPaso] Completado.
[16:43:54] ▶ [CargarPagosPaso] Iniciando...
[16:43:54] ==================================================
[16:43:54] 🚀 PASO: CargarPagosPaso
[16:43:54] ==================================================
[16:43:54] 📤 Subiendo TXT de pagos al SEMyT...
[16:43:55] ✅ Importación de pagos completada con éxito.
[16:43:56] ✅ Archivo TXT de pagos cargado en el SEMyT correctamente.
[16:43:56] ✅ CargarPagosPaso finalizado. (⏱ 2.0s)
[16:43:56] ✓ [CargarPagosPaso] Completado.
[16:43:56] === Ejecución finalizada con éxito ===
