[17:04:53] === Inicio de ejecución: pagos ===
[17:04:54] ▶ [LoginSemytPaso] Iniciando...
[17:04:54] ==================================================
[17:04:54] 🚀 PASO: LoginSemytPaso
[17:04:54] ==================================================
[17:04:54] Abriendo SEMyT...
[17:04:57] ✅ [SEMyT] Sesión existente detectada. Login omitido.
[17:04:57] ✅ LoginSemytPaso finalizado. (⏱ 3.0s)
[17:04:57] ✓ [LoginSemytPaso] Completado.
[17:04:57] ▶ [LoginJuzgadoPaso] Iniciando...
[17:04:57] ==================================================
[17:04:57] 🚀 PASO: LoginJuzgadoPaso
[17:04:57] ==================================================
[17:04:57] Abriendo sitio municipalidad (CiDi)...
[17:04:57] ✅ [Juzgado] Sesión existente detectada. Login omitido.
[17:04:57] ✅ LoginJuzgadoPaso finalizado. (⏱ 0.5s)
[17:04:57] ✓ [LoginJuzgadoPaso] Completado.
[17:04:57] ▶ [DescargasParalelasPaso] Iniciando...
[17:04:57] ==================================================
[17:04:57] 🚀 PASO: DescargasParalelasPaso
[17:04:57] ==================================================
[17:04:58] 📤 Arrancando las 3 descargas en paralelo (mismo browser, páginas separadas)...
[17:04:58] Fecha Desde: 27/06/2024
[17:04:58] Fecha Hasta: 24/11/2025
[17:04:58] Fecha Desde: 25/11/2025
[17:04:58] Fecha Hasta: 28/07/2026
[17:04:58] Descargando Excel...
[17:04:58] Descargando Excel...
[17:05:09] Archivo descargado en: backend/descargas/cache_actas_cruce/MULTAS_JUZGADO_CRUCE.xlsx
[17:05:10] ⏱ [actas_juzgado] completado en 12.5s
[17:05:21] Archivo descargado en: backend/descargas/cache_actas_cruce/MULTAS_SIGEMI_CRUCE.xlsx
[17:05:24] ⏱ [actas_sigemi] completado en 26.9s
[17:05:32] ✅ TXT de pagos descargado en: backend/descargas/pagos/2026-07-28/PAGOS DESCARGADOS.txt
[17:05:32] ⏱ [pagos_txt] completado en 34.8s
[17:05:32] ⏱ TOTAL descargas en paralelo: 34.8s
[17:05:32] ✅ DescargasParalelasPaso finalizado. (⏱ 35.1s)
[17:05:32] ✓ [DescargasParalelasPaso] Completado.
[17:05:32] ▶ [CompararActasPaso] Iniciando...
[17:05:32] ==================================================
[17:05:32] 🚀 PASO: CompararActasPaso
[17:05:32] ==================================================
[17:05:32] 🔍 Comparando actas del SEMyT contra pagos del Juzgado...
[17:05:32] ================================================================================
[17:05:32] INICIANDO PROCESO DE GENERACIÓN DE PAGOS DESACTUALIZADOS
[17:05:32] ================================================================================
[17:05:32] 📂 Cargando archivos...
[17:05:32]   ✓ Pagos: 18380 registros
[17:05:36]   ✓ Excel SIGEMI (multas vencidas viejas): 102984 registros
[17:05:37]   ✓ Excel Juzgado (multas vencidas nuevas): 40075 registros
[17:05:37] ================================================================================
[17:05:37] PASO 1: LLENANDO ACTA_NUMERO (búsqueda por patente + fecha, con desempate por hora)
[17:05:37] ================================================================================
[17:05:39] 📊 ESTADÍSTICAS DE LLENADO DE ACTAS:
[17:05:39]   • Pagos con acta ORIGINAL: 3803
[17:05:39]   • Pagos SIN acta (buscados): 14577
[17:05:39]   • Pagos LLENADOS exitosamente: 2
[17:05:39]   • Pagos NO encontrados en multas: 14575
[17:05:39]   • Pagos SIN RESOLVER por desbalance de cantidades: 0
[17:05:39] ================================================================================
[17:05:39] PASO 1: LLENANDO ACTA_NUMERO (búsqueda por patente + fecha, con desempate por hora)
[17:05:39] ================================================================================
[17:05:40] 📊 ESTADÍSTICAS DE LLENADO DE ACTAS:
[17:05:40]   • Pagos con acta ORIGINAL: 3805
[17:05:40]   • Pagos SIN acta (buscados): 14575
[17:05:40]   • Pagos LLENADOS exitosamente: 0
[17:05:40]   • Pagos NO encontrados en multas: 14575
[17:05:40]   • Pagos SIN RESOLVER por desbalance de cantidades: 0
[17:05:40] ⏱ PASO 1 (llenar actas): 3.4s
[17:05:40] ================================================================================
[17:05:40] PASO 2: FILTRANDO PAGOS CON ACTA_NUMERO COMPLETO
[17:05:40] ================================================================================
[17:05:40] 📊 ESTADÍSTICAS DE FILTRADO:
[17:05:40]   • Pagos TOTALES al inicio: 18380
[17:05:40]   • Pagos CON acta (MANTIENEN): 3805
[17:05:40]   • Pagos RECHAZADOS (sin coincidencias): 14575
[17:05:40] ⚠️  Se eliminaron 14575 registros sin número de acta
[17:05:40]      (recordá: esto incluye tanto pagos ya actualizados/pagados
[17:05:40]       como pagos que quedaron sin resolver por desbalance en el Paso 1)
[17:05:40] ================================================================================
[17:05:40] PASO 2-bis: CONFIRMANDO VIGENCIA DE PAGOS (sistema NUEVO contra MULTAS_JUZGADO_CRUCE, sistema VIEJO contra SIGEMI)
[17:05:40] ================================================================================
[17:05:41]   ⚠ 3798 pago(s) descartados: su acta ya no figura como vencida en MULTAS_JUZGADO_CRUCE (SEMyT ya los actualizó).
[17:05:41]   ⚠ 2 pago(s) descartados: su acta ya no figura como vencida en el Excel de SIGEMI (SEMyT ya los actualizó).
[17:05:41]   • Pagos descartados en total por ya estar actualizados/pagados: 3800
[17:05:41] ⏱ PASO 2 (filtrar): 0.3s
[17:05:41] 📂 Cargando maestro de causas SIGEMI...
[17:05:41]   ✓ Causas totales (maestro): 134069 registros
[17:05:41] ⏱ PASO 2.5 (causas simplificado): 0.0s
[17:05:41] ================================================================================
[17:05:41] PASO 2.5: ARMANDO causas.txt SIMPLIFICADO (cruce contra total_causas_sigemi.txt)
[17:05:41] ================================================================================
[17:05:41]   • Actas vencidas viejas (multas): 102984
[17:05:41]   • Causas totales en el maestro SIGEMI: 134069
[17:05:41]   • Causas que coinciden (simplificado): 102657
[17:05:41]   ✅ Archivo escrito: backend/descargas/causas/causas.txt
[17:05:41] ⏱ PASO 2.5 (causas simplificado): 0.4s
[17:05:41] ================================================================================
[17:05:41] PASO 3: LLENANDO CAUSA_NUMERO (según fecha de cambio de sistema, cruzando por acta + año)
[17:05:41] ================================================================================
[17:05:41] 📊 ESTADÍSTICAS DE LLENADO DE CAUSAS:
[17:05:41]   • Pagos con causa ORIGINAL: 3
[17:05:41]   • Causas encontradas en SIGEMI (actas viejas): 2
[17:05:41]   • Causas NO encontradas en SIGEMI: 0
[17:05:41]   • Causas asignadas automáticamente (actas nuevas): 0
[17:05:41] ⏱ PASO 3 (llenar causas): 0.0s
[17:05:41] ================================================================================
[17:05:41] PASO 4: ORDENANDO POR FECHA Y ACTA_NUMERO
[17:05:41] ================================================================================
[17:05:41] ✓ Pagos ordenados correctamente
[17:05:41]   • Primera entrada: Acta=54998, Fecha=02/10/2024
[17:05:41]   • Última entrada: Acta=302031, Fecha=24/04/2026
[17:05:41] 📝 Escribiendo archivo de salida...
[17:05:41]   ✅ Archivo escrito: backend/descargas/pagos/2026-07-28/PAGOS 20260728 170532.txt
[17:05:41]   ✅ Total registros: 693
[17:05:41] ⏱ PASO 4 (ordenar y escribir): 0.0s
[17:05:41] ================================================================================
[17:05:41] ✅ PROCESO COMPLETADO EXITOSAMENTE
[17:05:41] ================================================================================
[17:05:41] 📊 RESUMEN FINAL DEL PROCESAMIENTO:
[17:05:41]   ENTRADA:
[17:05:41]     • Pagos originales: 18380
[17:05:41]     • Multas SIGEMI cargadas: 102984
[17:05:41]     • Multas Juzgado cargadas: 40075
[17:05:41]     • Causas simplificadas (usadas para el cruce): 102657
[17:05:41]   PROCESO:
[17:05:41]     • Pagos rechazados sigemi: 14575
[17:05:41]     • Pagos rechazados juzgado: 3800
[17:05:41]   SALIDA:
[17:05:41]     • Pagos desactualizados procesados: 5
[17:05:41]     • Archivo final: backend/descargas/pagos/2026-07-28/PAGOS 20260728 170532.txt
[17:05:41]     • Ordenados por fecha: SÍ ✓
[17:05:41]     • Todos con ACTA_NUMERO: SÍ ✓
[17:05:41]     • Todos con CAUSA_NUMERO: SÍ ✓
[17:05:41] ✅ TXT de pagos (ya cruzado con actas y causas) generado en: backend/descargas/pagos/2026-07-28/PAGOS 20260728 170532.txt
[17:05:41] 🧹 TXT de pagos crudo eliminado (ya usado en el cruce): backend/descargas/pagos/2026-07-28/PAGOS DESCARGADOS.txt
[17:05:41] 🧹 Excel MULTAS_SIGEMI_CRUCE eliminado (ya usado en el cruce): backend/descargas/cache_actas_cruce/MULTAS_SIGEMI_CRUCE.xlsx
[17:05:41] 🧹 Excel MULTAS_JUZGADO_CRUCE eliminado (ya usado en el cruce): backend/descargas/cache_actas_cruce/MULTAS_JUZGADO_CRUCE.xlsx
[17:05:41] ✅ CompararActasPaso finalizado. (⏱ 8.6s)
[17:05:41] ✓ [CompararActasPaso] Completado.
[17:05:41] ▶ [CargarPagosPaso] Iniciando...
[17:05:41] ==================================================
[17:05:41] 🚀 PASO: CargarPagosPaso
[17:05:41] ==================================================
[17:05:41] 📤 Subiendo TXT de pagos al SEMyT...
[17:05:43] ✅ Importación de pagos completada con éxito.
[17:05:43] ✅ Archivo TXT de pagos cargado en el SEMyT correctamente.
[17:05:43] ✅ CargarPagosPaso finalizado. (⏱ 2.2s)
[17:05:43] ✓ [CargarPagosPaso] Completado.
[17:05:43] === Ejecución finalizada con éxito ===
