[12:43:48] === Inicio de ejecución: pagos ===
[12:43:49] ▶ [LoginSemytPaso] Iniciando...
[12:43:49] ==================================================
[12:43:49] 🚀 PASO: LoginSemytPaso
[12:43:49] ==================================================
[12:43:49] Abriendo SEMyT...
[12:44:11] ✅ [SEMyT] Sesión existente detectada. Login omitido.
[12:44:11] ✅ LoginSemytPaso finalizado. (⏱ 22.2s)
[12:44:11] ✓ [LoginSemytPaso] Completado.
[12:44:11] ▶ [LoginJuzgadoPaso] Iniciando...
[12:44:11] ==================================================
[12:44:11] 🚀 PASO: LoginJuzgadoPaso
[12:44:11] ==================================================
[12:44:11] Abriendo sitio municipalidad (CiDi)...
[12:44:12] ✅ [Juzgado] Sesión existente detectada. Login omitido.
[12:44:12] ✅ LoginJuzgadoPaso finalizado. (⏱ 0.7s)
[12:44:12] ✓ [LoginJuzgadoPaso] Completado.
[12:44:12] ▶ [DescargasParalelasPaso] Iniciando...
[12:44:12] ==================================================
[12:44:12] 🚀 PASO: DescargasParalelasPaso
[12:44:12] ==================================================
[12:44:12] 📤 Arrancando las 3 descargas en paralelo (mismo browser, páginas separadas)...
[12:44:12] Fecha Desde: 27/06/2024
[12:44:12] Fecha Hasta: 24/11/2025
[12:44:12] Fecha Desde: 25/11/2025
[12:44:12] Fecha Hasta: 28/07/2026
[12:44:12] Descargando Excel...
[12:44:12] Descargando Excel...
[12:44:31] Archivo descargado en: backend/descargas/cache_actas_cruce/MULTAS_JUZGADO_CRUCE.xlsx
[12:44:32] ⏱ [actas_juzgado] completado en 20.1s
[12:44:40] ✅ TXT de pagos descargado en: backend/descargas/pagos/2026-07-28/PAGOS DESCARGADOS.txt
[12:44:40] ⏱ [pagos_txt] completado en 28.0s
[12:44:50] Archivo descargado en: backend/descargas/cache_actas_cruce/MULTAS_SIGEMI_CRUCE.xlsx
[12:44:53] ⏱ [actas_sigemi] completado en 41.3s
[12:44:53] ⏱ TOTAL descargas en paralelo: 41.3s
[12:44:53] ✅ DescargasParalelasPaso finalizado. (⏱ 41.6s)
[12:44:53] ✓ [DescargasParalelasPaso] Completado.
[12:44:53] ▶ [CompararActasPaso] Iniciando...
[12:44:53] ==================================================
[12:44:53] 🚀 PASO: CompararActasPaso
[12:44:53] ==================================================
[12:44:53] 🔍 Comparando actas del SEMyT contra pagos del Juzgado...
[12:44:53] ================================================================================
[12:44:53] INICIANDO PROCESO DE GENERACIÓN DE PAGOS DESACTUALIZADOS
[12:44:53] ================================================================================
[12:44:53] 📂 Cargando archivos...
[12:44:53]   ✓ Pagos: 18309 registros
[12:44:57]   ✓ Excel SIGEMI (multas vencidas viejas): 103017 registros
[12:44:58]   ✓ Excel Juzgado (multas vencidas nuevas): 40115 registros
[12:44:58] ================================================================================
[12:44:58] PASO 1: LLENANDO ACTA_NUMERO (búsqueda por patente + fecha, con desempate por hora)
[12:44:58] ================================================================================
[12:45:00] 📊 ESTADÍSTICAS DE LLENADO DE ACTAS:
[12:45:00]   • Pagos con acta ORIGINAL: 3761
[12:45:00]   • Pagos SIN acta (buscados): 14548
[12:45:00]   • Pagos LLENADOS exitosamente: 6
[12:45:00]   • Pagos NO encontrados en multas: 14542
[12:45:00]   • Pagos SIN RESOLVER por desbalance de cantidades: 0
[12:45:00] ================================================================================
[12:45:00] PASO 1: LLENANDO ACTA_NUMERO (búsqueda por patente + fecha, con desempate por hora)
[12:45:00] ================================================================================
[12:45:01] 📊 ESTADÍSTICAS DE LLENADO DE ACTAS:
[12:45:01]   • Pagos con acta ORIGINAL: 3767
[12:45:01]   • Pagos SIN acta (buscados): 14542
[12:45:01]   • Pagos LLENADOS exitosamente: 0
[12:45:01]   • Pagos NO encontrados en multas: 14542
[12:45:01]   • Pagos SIN RESOLVER por desbalance de cantidades: 0
[12:45:01] ⏱ PASO 1 (llenar actas): 3.4s
[12:45:01] ================================================================================
[12:45:01] PASO 2: FILTRANDO PAGOS CON ACTA_NUMERO COMPLETO
[12:45:01] ================================================================================
[12:45:01] 📊 ESTADÍSTICAS DE FILTRADO:
[12:45:01]   • Pagos TOTALES al inicio: 18309
[12:45:01]   • Pagos CON acta (MANTIENEN): 3767
[12:45:01]   • Pagos RECHAZADOS (sin coincidencias): 14542
[12:45:01] ⚠️  Se eliminaron 14542 registros sin número de acta
[12:45:01]      (recordá: esto incluye tanto pagos ya actualizados/pagados
[12:45:01]       como pagos que quedaron sin resolver por desbalance en el Paso 1)
[12:45:01] ================================================================================
[12:45:01] PASO 2-bis: CONFIRMANDO VIGENCIA DE PAGOS (sistema NUEVO contra MULTAS_JUZGADO_CRUCE, sistema VIEJO contra SIGEMI)
[12:45:01] ================================================================================
[12:45:01]   ⚠ 3757 pago(s) descartados: su acta ya no figura como vencida en MULTAS_JUZGADO_CRUCE (SEMyT ya los actualizó).
[12:45:01]   ⚠ 2 pago(s) descartados: su acta ya no figura como vencida en el Excel de SIGEMI (SEMyT ya los actualizó).
[12:45:01]   • Pagos descartados en total por ya estar actualizados/pagados: 3759
[12:45:01] ⏱ PASO 2 (filtrar): 0.3s
[12:45:01] 📂 Cargando maestro de causas SIGEMI...
[12:45:02]   ✓ Causas totales (maestro): 134069 registros
[12:45:02] ⏱ PASO 2.5 (causas simplificado): 0.0s
[12:45:02] ================================================================================
[12:45:02] PASO 2.5: ARMANDO causas.txt SIMPLIFICADO (cruce contra total_causas_sigemi.txt)
[12:45:02] ================================================================================
[12:45:02]   • Actas vencidas viejas (multas): 103017
[12:45:02]   • Causas totales en el maestro SIGEMI: 134069
[12:45:02]   • Causas que coinciden (simplificado): 102690
[12:45:02]   ✅ Archivo escrito: backend/descargas/causas/causas.txt
[12:45:02] ⏱ PASO 2.5 (causas simplificado): 0.4s
[12:45:02] ================================================================================
[12:45:02] PASO 3: LLENANDO CAUSA_NUMERO (según fecha de cambio de sistema, cruzando por acta + año)
[12:45:02] ================================================================================
[12:45:02] 📊 ESTADÍSTICAS DE LLENADO DE CAUSAS:
[12:45:02]   • Pagos con causa ORIGINAL: 2
[12:45:02]   • Causas encontradas en SIGEMI (actas viejas): 6
[12:45:02]   • Causas NO encontradas en SIGEMI: 0
[12:45:02]   • Causas asignadas automáticamente (actas nuevas): 0
[12:45:02] ⏱ PASO 3 (llenar causas): 0.0s
[12:45:02] ================================================================================
[12:45:02] PASO 4: ORDENANDO POR FECHA Y ACTA_NUMERO
[12:45:02] ================================================================================
[12:45:02] ✓ Pagos ordenados correctamente
[12:45:02]   • Primera entrada: Acta=16574, Fecha=25/07/2024
[12:45:02]   • Última entrada: Acta=294001, Fecha=13/04/2026
[12:45:02] 📝 Escribiendo archivo de salida...
[12:45:02]   ✅ Archivo escrito: backend/descargas/pagos/2026-07-28/PAGOS 20260728 124453.txt
[12:45:02]   ✅ Total registros: 1018
[12:45:02] ⏱ PASO 4 (ordenar y escribir): 0.0s
[12:45:02] ================================================================================
[12:45:02] ✅ PROCESO COMPLETADO EXITOSAMENTE
[12:45:02] ================================================================================
[12:45:02] 📊 RESUMEN FINAL DEL PROCESAMIENTO:
[12:45:02]   ENTRADA:
[12:45:02]     • Pagos originales: 18309
[12:45:02]     • Multas SIGEMI cargadas: 103017
[12:45:02]     • Multas Juzgado cargadas: 40115
[12:45:02]     • Causas simplificadas (usadas para el cruce): 102690
[12:45:02]   PROCESO:
[12:45:02]     • Pagos rechazados sigemi: 14542
[12:45:02]     • Pagos rechazados juzgado: 3759
[12:45:02]   SALIDA:
[12:45:02]     • Pagos desactualizados procesados: 8
[12:45:02]     • Archivo final: backend/descargas/pagos/2026-07-28/PAGOS 20260728 124453.txt
[12:45:02]     • Ordenados por fecha: SÍ ✓
[12:45:02]     • Todos con ACTA_NUMERO: SÍ ✓
[12:45:02]     • Todos con CAUSA_NUMERO: SÍ ✓
[12:45:02] ✅ TXT de pagos (ya cruzado con actas y causas) generado en: backend/descargas/pagos/2026-07-28/PAGOS 20260728 124453.txt
[12:45:02] 🧹 TXT de pagos crudo eliminado (ya usado en el cruce): backend/descargas/pagos/2026-07-28/PAGOS DESCARGADOS.txt
[12:45:02] 🧹 Excel MULTAS_SIGEMI_CRUCE eliminado (ya usado en el cruce): backend/descargas/cache_actas_cruce/MULTAS_SIGEMI_CRUCE.xlsx
[12:45:02] 🧹 Excel MULTAS_JUZGADO_CRUCE eliminado (ya usado en el cruce): backend/descargas/cache_actas_cruce/MULTAS_JUZGADO_CRUCE.xlsx
[12:45:02] ✅ CompararActasPaso finalizado. (⏱ 8.7s)
[12:45:02] ✓ [CompararActasPaso] Completado.
[12:45:02] ▶ [CargarPagosPaso] Iniciando...
[12:45:02] ==================================================
[12:45:02] 🚀 PASO: CargarPagosPaso
[12:45:02] ==================================================
[12:45:02] 📤 Subiendo TXT de pagos al SEMyT...
[12:45:04] ✅ Importación de pagos completada con éxito.
[12:45:04] ✅ Archivo TXT de pagos cargado en el SEMyT correctamente.
[12:45:04] ✅ CargarPagosPaso finalizado. (⏱ 2.2s)
[12:45:04] ✓ [CargarPagosPaso] Completado.
[12:45:04] === Ejecución finalizada con éxito ===
