[18:22:43] === Inicio de ejecución: pagos ===
[18:22:44] ==================================================
[18:22:44] 🚀 PASO: LoginSEMyTPaso
[18:22:44] ==================================================
[18:22:45] Abriendo SEMyT...
[18:22:47] ✅ [SEMyT] Sesión existente detectada. Login omitido.
[18:22:47] ✅ LoginSEMyTPaso finalizado. (⏱ 3.2s)
[18:22:47] ==================================================
[18:22:47] 🚀 PASO: LoginSIGIPaso
[18:22:47] ==================================================
[18:22:48] Abriendo sitio municipalidad (CiDi)...
[18:22:48] ✅ [SIGI] Sesión existente detectada. Login omitido.
[18:22:48] ✅ LoginSIGIPaso finalizado. (⏱ 0.6s)
[18:22:48] ==================================================
[18:22:48] 🚀 PASO: DescargasParalelasPaso
[18:22:48] ==================================================
[18:22:48] 📤 Arrancando las 3 descargas en paralelo (mismo browser, páginas separadas)...
[18:22:48] Fecha Desde: 27/06/2024
[18:22:48] Fecha Hasta: 24/11/2025
[18:22:48] Fecha Desde: 25/11/2025
[18:22:48] Fecha Hasta: 13/08/2026
[18:22:48] Descargando Excel...
[18:22:48] Descargando Excel...
[18:23:06] Archivo descargado en: datos/descargas/cache_actas_cruce/MULTAS_SIGI_CRUCE.xlsx
[18:23:08] ⏱ [actas_sigi] completado en 19.3s
[18:23:17] Archivo descargado en: datos/descargas/cache_actas_cruce/MULTAS_SIGEMI_CRUCE.xlsx
[18:23:20] ⏱ [actas_sigemi] completado en 32.0s
[18:23:28] ✅ TXT de pagos descargado en: datos/descargas/pagos/2026-08-13/ALL PAGOS DESCARGADOS.txt
[18:23:28] ⏱ [pagos_txt] completado en 39.8s
[18:23:28] ⏱ TOTAL descargas en paralelo: 39.8s
[18:23:28] ✅ DescargasParalelasPaso finalizado. (⏱ 40.1s)
[18:23:28] ==================================================
[18:23:28] 🚀 PASO: CompararActasPaso
[18:23:28] ==================================================
[18:23:28] 🔍 Comparando actas del SEMyT contra pagos del SIGI...
[18:23:28] ================================================================================
[18:23:28] INICIANDO PROCESO DE GENERACIÓN DE PAGOS DESACTUALIZADOS
[18:23:28] ================================================================================
[18:23:28] 📂 Cargando archivos...
[18:23:28]   ✓ Pagos: 21270 registros
[18:23:32]   ✓ Excel SIGEMI (multas vencidas viejas): 101100 registros
[18:23:33]   ✓ Excel SIGI (multas vencidas nuevas): 42837 registros
[18:23:33] ================================================================================
[18:23:33] PASO 1: LLENANDO ACTA_NUMERO (búsqueda por patente + fecha, con desempate por hora)
[18:23:33] ================================================================================
[18:23:35] 📊 ESTADÍSTICAS DE LLENADO DE ACTAS:
[18:23:35]   • Pagos con acta ORIGINAL: 5546
[18:23:35]   • Pagos SIN acta (buscados): 15724
[18:23:35]   • Pagos LLENADOS exitosamente: 2
[18:23:35]   • Pagos NO encontrados en multas: 15722
[18:23:35]   • Pagos SIN RESOLVER por desbalance de cantidades: 0
[18:23:35] ================================================================================
[18:23:35] PASO 1: LLENANDO ACTA_NUMERO (búsqueda por patente + fecha, con desempate por hora)
[18:23:35] ================================================================================
[18:23:37] 📊 ESTADÍSTICAS DE LLENADO DE ACTAS:
[18:23:37]   • Pagos con acta ORIGINAL: 5548
[18:23:37]   • Pagos SIN acta (buscados): 15722
[18:23:37]   • Pagos LLENADOS exitosamente: 0
[18:23:37]   • Pagos NO encontrados en multas: 15722
[18:23:37]   • Pagos SIN RESOLVER por desbalance de cantidades: 0
[18:23:37] ⏱ PASO 1 (llenar actas): 4.1s
[18:23:37] ================================================================================
[18:23:37] PASO 2: FILTRANDO PAGOS CON ACTA_NUMERO COMPLETO
[18:23:37] ================================================================================
[18:23:37] 📊 ESTADÍSTICAS DE FILTRADO:
[18:23:37]   • Pagos TOTALES al inicio: 21270
[18:23:37]   • Pagos CON acta (MANTIENEN): 5548
[18:23:37]   • Pagos RECHAZADOS (sin coincidencias): 15722
[18:23:37] ⚠️  Se eliminaron 15722 registros sin número de acta
[18:23:37]      (recordá: esto incluye tanto pagos ya actualizados/pagados
[18:23:37]       como pagos que quedaron sin resolver por desbalance en el Paso 1)
[18:23:37] ================================================================================
[18:23:37] PASO 2-bis: CONFIRMANDO VIGENCIA DE PAGOS (sistema NUEVO contra MULTAS_SIGI_CRUCE, sistema VIEJO contra SIGEMI)
[18:23:37] ================================================================================
[18:23:38]   ⚠ 5528 pago(s) descartados: su acta ya no figura como vencida en MULTAS_SIGI_CRUCE (SEMyT ya los actualizó).
[18:23:38]   ⚠ 15 pago(s) descartados: su acta ya no figura como vencida en el Excel de SIGEMI (SEMyT ya los actualizó).
[18:23:38]   • Pagos descartados en total por ya estar actualizados/pagados: 5543
[18:23:38] ⏱ PASO 2 (filtrar): 0.5s
[18:23:38] 📂 Cargando maestro de causas SIGEMI...
[18:23:38]   ✓ Causas totales (maestro): 134069 registros
[18:23:38] ================================================================================
[18:23:38] PASO 2.5: ARMANDO causas.txt SIMPLIFICADO (cruce contra total_causas_sigemi.txt)
[18:23:38] ================================================================================
[18:23:38]   • Actas vencidas viejas (multas): 101100
[18:23:38]   • Causas totales en el maestro SIGEMI: 134069
[18:23:38]   • Causas que coinciden (simplificado): 100788
[18:23:38]   ✅ Archivo escrito: datos/descargas/causas/causas.txt
[18:23:38] ⏱ PASO 2.5 (causas simplificado): 0.4s
[18:23:38] ================================================================================
[18:23:38] PASO 3: LLENANDO CAUSA_NUMERO (según fecha de cambio de sistema, cruzando por acta + año)
[18:23:38] ================================================================================
[18:23:38] 📊 ESTADÍSTICAS DE LLENADO DE CAUSAS:
[18:23:38]   • Pagos con causa ORIGINAL: 3
[18:23:38]   • Causas encontradas en SIGEMI (actas viejas): 2
[18:23:38]   • Causas NO encontradas en SIGEMI: 0
[18:23:38]   • Causas asignadas automáticamente (actas nuevas): 0
[18:23:38] ⏱ PASO 3 (llenar causas): 0.0s
[18:23:38] ================================================================================
[18:23:38] PASO 4: ORDENANDO POR FECHA Y ACTA_NUMERO
[18:23:38] ================================================================================
[18:23:38] ✓ Pagos ordenados correctamente
[18:23:38]   • Primera entrada: Acta=41316, Fecha=05/09/2024
[18:23:38]   • Última entrada: Acta=323031, Fecha=01/06/2026
[18:23:38] 📝 Escribiendo archivo de salida...
[18:23:38]   ✅ Archivo escrito: datos/descargas/pagos/2026-08-13/PAGOS 20260813 182328.txt
[18:23:38]   ✅ Total registros: 684
[18:23:38] ⏱ PASO 4 (ordenar y escribir): 0.0s
[18:23:38] ================================================================================
[18:23:38] ✅ PROCESO COMPLETADO EXITOSAMENTE
[18:23:38] ================================================================================
[18:23:38] 📊 RESUMEN FINAL DEL PROCESAMIENTO:
[18:23:38]   ENTRADA:
[18:23:38]     • Pagos originales: 21270
[18:23:38]     • Multas SIGEMI cargadas: 101100
[18:23:38]     • Multas SIGI cargadas: 42837
[18:23:38]     • Causas simplificadas (usadas para el cruce): 100788
[18:23:38]   PROCESO:
[18:23:38]     • Pagos rechazados sigemi: 15722
[18:23:38]     • Pagos rechazados sigi: 5543
[18:23:38]   SALIDA:
[18:23:38]     • Pagos desactualizados procesados: 5
[18:23:38]     • Archivo final: datos/descargas/pagos/2026-08-13/PAGOS 20260813 182328.txt
[18:23:38]     • Ordenados por fecha: SÍ ✓
[18:23:38]     • Todos con ACTA_NUMERO: SÍ ✓
[18:23:38]     • Todos con CAUSA_NUMERO: SÍ ✓
[18:23:38] ✅ TXT de pagos (ya cruzado con actas y causas) generado en: datos/descargas/pagos/2026-08-13/PAGOS 20260813 182328.txt
[18:23:38] 🧹 TXT de pagos crudo eliminado (ya usado en el cruce): datos/descargas/pagos/2026-08-13/ALL PAGOS DESCARGADOS.txt
[18:23:38] 🧹 Excel MULTAS_SIGEMI_CRUCE eliminado (ya usado en el cruce): datos/descargas/cache_actas_cruce/MULTAS_SIGEMI_CRUCE.xlsx
[18:23:38] 🧹 Excel MULTAS_SIGI_CRUCE eliminado (ya usado en el cruce): datos/descargas/cache_actas_cruce/MULTAS_SIGI_CRUCE.xlsx
[18:23:38] ✅ CompararActasPaso finalizado. (⏱ 9.8s)
[18:23:38] ==================================================
[18:23:38] 🚀 PASO: CargarPagosPaso
[18:23:38] ==================================================
[18:23:38] 📤 Subiendo TXT de pagos al SEMyT...
[18:23:40] ✅ Importación de pagos completada con éxito.
[18:23:40] ✅ Archivo TXT de pagos cargado en el SEMyT correctamente.
[18:23:40] ✅ CargarPagosPaso finalizado. (⏱ 2.0s)
[18:23:40] === Ejecución finalizada con éxito ===
