[18:16:13] === Inicio de ejecución: pagos ===
[18:16:14] ==================================================
[18:16:14] 🚀 PASO: LoginSEMyTPaso
[18:16:14] ==================================================
[18:16:14] Abriendo SEMyT...
[18:16:17] ✅ [SEMyT] Sesión existente detectada. Login omitido.
[18:16:17] ✅ LoginSEMyTPaso finalizado. (⏱ 3.2s)
[18:16:17] ==================================================
[18:16:17] 🚀 PASO: LoginSIGIPaso
[18:16:17] ==================================================
[18:16:17] Abriendo sitio municipalidad (CiDi)...
[18:16:18] ✅ [SIGI] Sesión existente detectada. Login omitido.
[18:16:18] ✅ LoginSIGIPaso finalizado. (⏱ 0.5s)
[18:16:18] ==================================================
[18:16:18] 🚀 PASO: DescargasParalelasPaso
[18:16:18] ==================================================
[18:16:18] 📤 Arrancando las 3 descargas en paralelo (mismo browser, páginas separadas)...
[18:16:18] Fecha Desde: 27/06/2024
[18:16:18] Fecha Hasta: 24/11/2025
[18:16:18] Fecha Desde: 25/11/2025
[18:16:18] Fecha Hasta: 13/08/2026
[18:16:18] Descargando Excel...
[18:16:18] Descargando Excel...
[18:16:31] Archivo descargado en: datos/descargas/cache_actas_cruce/MULTAS_SIGI_CRUCE.xlsx
[18:16:32] ⏱ [actas_sigi] completado en 14.2s
[18:16:46] Archivo descargado en: datos/descargas/cache_actas_cruce/MULTAS_SIGEMI_CRUCE.xlsx
[18:16:50] ⏱ [actas_sigemi] completado en 31.7s
[18:17:06] ✅ TXT de pagos descargado en: datos/descargas/pagos/2026-08-13/ALL PAGOS DESCARGADOS.txt
[18:17:06] ⏱ [pagos_txt] completado en 48.3s
[18:17:06] ⏱ TOTAL descargas en paralelo: 48.3s
[18:17:06] ✅ DescargasParalelasPaso finalizado. (⏱ 48.6s)
[18:17:06] ==================================================
[18:17:06] 🚀 PASO: CompararActasPaso
[18:17:06] ==================================================
[18:17:06] 🔍 Comparando actas del SEMyT contra pagos del SIGI...
[18:17:06] ================================================================================
[18:17:06] INICIANDO PROCESO DE GENERACIÓN DE PAGOS DESACTUALIZADOS
[18:17:06] ================================================================================
[18:17:06] 📂 Cargando archivos...
[18:17:06]   ✓ Pagos: 21265 registros
[18:17:10]   ✓ Excel SIGEMI (multas vencidas viejas): 101101 registros
[18:17:11]   ✓ Excel SIGI (multas vencidas nuevas): 42837 registros
[18:17:12] ================================================================================
[18:17:12] PASO 1: LLENANDO ACTA_NUMERO (búsqueda por patente + fecha, con desempate por hora)
[18:17:12] ================================================================================
[18:17:13] 📊 ESTADÍSTICAS DE LLENADO DE ACTAS:
[18:17:13]   • Pagos con acta ORIGINAL: 5543
[18:17:13]   • Pagos SIN acta (buscados): 15722
[18:17:13]   • Pagos LLENADOS exitosamente: 1
[18:17:13]   • Pagos NO encontrados en multas: 15721
[18:17:13]   • Pagos SIN RESOLVER por desbalance de cantidades: 0
[18:17:14] ================================================================================
[18:17:14] PASO 1: LLENANDO ACTA_NUMERO (búsqueda por patente + fecha, con desempate por hora)
[18:17:14] ================================================================================
[18:17:15] 📊 ESTADÍSTICAS DE LLENADO DE ACTAS:
[18:17:15]   • Pagos con acta ORIGINAL: 5544
[18:17:15]   • Pagos SIN acta (buscados): 15721
[18:17:15]   • Pagos LLENADOS exitosamente: 0
[18:17:15]   • Pagos NO encontrados en multas: 15721
[18:17:15]   • Pagos SIN RESOLVER por desbalance de cantidades: 0
[18:17:15] ⏱ PASO 1 (llenar actas): 4.1s
[18:17:15] ================================================================================
[18:17:15] PASO 2: FILTRANDO PAGOS CON ACTA_NUMERO COMPLETO
[18:17:15] ================================================================================
[18:17:15] 📊 ESTADÍSTICAS DE FILTRADO:
[18:17:15]   • Pagos TOTALES al inicio: 21265
[18:17:15]   • Pagos CON acta (MANTIENEN): 5544
[18:17:15]   • Pagos RECHAZADOS (sin coincidencias): 15721
[18:17:15] ⚠️  Se eliminaron 15721 registros sin número de acta
[18:17:15]      (recordá: esto incluye tanto pagos ya actualizados/pagados
[18:17:15]       como pagos que quedaron sin resolver por desbalance en el Paso 1)
[18:17:15] ================================================================================
[18:17:15] PASO 2-bis: CONFIRMANDO VIGENCIA DE PAGOS (sistema NUEVO contra MULTAS_SIGI_CRUCE, sistema VIEJO contra SIGEMI)
[18:17:15] ================================================================================
[18:17:16]   ⚠ 5528 pago(s) descartados: su acta ya no figura como vencida en MULTAS_SIGI_CRUCE (SEMyT ya los actualizó).
[18:17:16]   ⚠ 15 pago(s) descartados: su acta ya no figura como vencida en el Excel de SIGEMI (SEMyT ya los actualizó).
[18:17:16]   • Pagos descartados en total por ya estar actualizados/pagados: 5543
[18:17:16] ⏱ PASO 2 (filtrar): 0.5s
[18:17:16] 📂 Cargando maestro de causas SIGEMI...
[18:17:16]   ✓ Causas totales (maestro): 134069 registros
[18:17:16] ================================================================================
[18:17:16] PASO 2.5: ARMANDO causas.txt SIMPLIFICADO (cruce contra total_causas_sigemi.txt)
[18:17:16] ================================================================================
[18:17:16]   • Actas vencidas viejas (multas): 101101
[18:17:16]   • Causas totales en el maestro SIGEMI: 134069
[18:17:16]   • Causas que coinciden (simplificado): 100789
[18:17:16]   ✅ Archivo escrito: datos/descargas/causas/causas.txt
[18:17:16] ⏱ PASO 2.5 (causas simplificado): 0.4s
[18:17:16] ================================================================================
[18:17:16] PASO 3: LLENANDO CAUSA_NUMERO (según fecha de cambio de sistema, cruzando por acta + año)
[18:17:16] ================================================================================
[18:17:16] 📊 ESTADÍSTICAS DE LLENADO DE CAUSAS:
[18:17:16]   • Pagos con causa ORIGINAL: 0
[18:17:16]   • Causas encontradas en SIGEMI (actas viejas): 1
[18:17:16]   • Causas NO encontradas en SIGEMI: 0
[18:17:16]   • Causas asignadas automáticamente (actas nuevas): 0
[18:17:16] ⏱ PASO 3 (llenar causas): 0.0s
[18:17:16] ================================================================================
[18:17:16] PASO 4: ORDENANDO POR FECHA Y ACTA_NUMERO
[18:17:16] ================================================================================
[18:17:16] ✓ Pagos ordenados correctamente
[18:17:16]   • Primera entrada: Acta=71856, Fecha=06/11/2024
[18:17:16]   • Última entrada: Acta=71856, Fecha=06/11/2024
[18:17:16] 📝 Escribiendo archivo de salida...
[18:17:16]   ✅ Archivo escrito: datos/descargas/pagos/2026-08-13/PAGOS 20260813 181706.txt
[18:17:16]   ✅ Total registros: 223
[18:17:16] ⏱ PASO 4 (ordenar y escribir): 0.0s
[18:17:16] ================================================================================
[18:17:16] ✅ PROCESO COMPLETADO EXITOSAMENTE
[18:17:16] ================================================================================
[18:17:16] 📊 RESUMEN FINAL DEL PROCESAMIENTO:
[18:17:16]   ENTRADA:
[18:17:16]     • Pagos originales: 21265
[18:17:16]     • Multas SIGEMI cargadas: 101101
[18:17:16]     • Multas SIGI cargadas: 42837
[18:17:16]     • Causas simplificadas (usadas para el cruce): 100789
[18:17:16]   PROCESO:
[18:17:16]     • Pagos rechazados sigemi: 15721
[18:17:16]     • Pagos rechazados sigi: 5543
[18:17:16]   SALIDA:
[18:17:16]     • Pagos desactualizados procesados: 1
[18:17:16]     • Archivo final: datos/descargas/pagos/2026-08-13/PAGOS 20260813 181706.txt
[18:17:16]     • Ordenados por fecha: SÍ ✓
[18:17:16]     • Todos con ACTA_NUMERO: SÍ ✓
[18:17:16]     • Todos con CAUSA_NUMERO: SÍ ✓
[18:17:16] ✅ TXT de pagos (ya cruzado con actas y causas) generado en: datos/descargas/pagos/2026-08-13/PAGOS 20260813 181706.txt
[18:17:16] 🧹 TXT de pagos crudo eliminado (ya usado en el cruce): datos/descargas/pagos/2026-08-13/ALL PAGOS DESCARGADOS.txt
[18:17:16] 🧹 Excel MULTAS_SIGEMI_CRUCE eliminado (ya usado en el cruce): datos/descargas/cache_actas_cruce/MULTAS_SIGEMI_CRUCE.xlsx
[18:17:16] 🧹 Excel MULTAS_SIGI_CRUCE eliminado (ya usado en el cruce): datos/descargas/cache_actas_cruce/MULTAS_SIGI_CRUCE.xlsx
[18:17:16] ✅ CompararActasPaso finalizado. (⏱ 9.9s)
[18:17:16] ==================================================
[18:17:16] 🚀 PASO: CargarPagosPaso
[18:17:16] ==================================================
[18:17:16] 📤 Subiendo TXT de pagos al SEMyT...
[18:17:18] ✅ Importación de pagos completada con éxito.
[18:17:18] ✅ Archivo TXT de pagos cargado en el SEMyT correctamente.
[18:17:18] ✅ CargarPagosPaso finalizado. (⏱ 1.6s)
[18:17:18] === Ejecución finalizada con éxito ===
