[17:33:42] === Inicio de ejecución: pagos ===
[17:33:43] ==================================================
[17:33:43] 🚀 PASO: LoginSEMyTPaso
[17:33:43] ==================================================
[17:33:43] Abriendo SEMyT...
[17:33:45] ✅ [SEMyT] Sesión existente detectada. Login omitido.
[17:33:45] ✅ LoginSEMyTPaso finalizado. (⏱ 2.5s)
[17:33:45] ==================================================
[17:33:45] 🚀 PASO: LoginSIGIPaso
[17:33:45] ==================================================
[17:33:45] Abriendo sitio municipalidad (CiDi)...
[17:33:46] ✅ [SIGI] Sesión existente detectada. Login omitido.
[17:33:46] ✅ LoginSIGIPaso finalizado. (⏱ 0.5s)
[17:33:46] ==================================================
[17:33:46] 🚀 PASO: DescargasParalelasPaso
[17:33:46] ==================================================
[17:33:46] 📤 Arrancando las 3 descargas en paralelo (mismo browser, páginas separadas)...
[17:33:46] Fecha Desde: 27/06/2024
[17:33:46] Fecha Hasta: 24/11/2025
[17:33:46] Fecha Desde: 25/11/2025
[17:33:46] Fecha Hasta: 13/08/2026
[17:33:46] Descargando Excel...
[17:33:46] Descargando Excel...
[17:34:00] Archivo descargado en: datos/descargas/cache_actas_cruce/MULTAS_SIGI_CRUCE.xlsx
[17:34:01] ⏱ [actas_sigi] completado en 15.3s
[17:34:11] Archivo descargado en: datos/descargas/cache_actas_cruce/MULTAS_SIGEMI_CRUCE.xlsx
[17:34:15] ⏱ [actas_sigemi] completado en 28.7s
[17:34:18] ✅ TXT de pagos descargado en: datos/descargas/pagos/2026-08-13/ALL PAGOS DESCARGADOS.txt
[17:34:18] ⏱ [pagos_txt] completado en 31.6s
[17:34:18] ⏱ TOTAL descargas en paralelo: 31.6s
[17:34:18] ✅ DescargasParalelasPaso finalizado. (⏱ 31.9s)
[17:34:18] ==================================================
[17:34:18] 🚀 PASO: CompararActasPaso
[17:34:18] ==================================================
[17:34:18] 🔍 Comparando actas del SEMyT contra pagos del SIGI...
[17:34:18] ================================================================================
[17:34:18] INICIANDO PROCESO DE GENERACIÓN DE PAGOS DESACTUALIZADOS
[17:34:18] ================================================================================
[17:34:18] 📂 Cargando archivos...
[17:34:18]   ✓ Pagos: 21262 registros
[17:34:21]   ✓ Excel SIGEMI (multas vencidas viejas): 101101 registros
[17:34:22]   ✓ Excel SIGI (multas vencidas nuevas): 42840 registros
[17:34:23] ================================================================================
[17:34:23] PASO 1: LLENANDO ACTA_NUMERO (búsqueda por patente + fecha, con desempate por hora)
[17:34:23] ================================================================================
[17:34:25] 📊 ESTADÍSTICAS DE LLENADO DE ACTAS:
[17:34:25]   • Pagos con acta ORIGINAL: 5541
[17:34:25]   • Pagos SIN acta (buscados): 15721
[17:34:25]   • Pagos LLENADOS exitosamente: 0
[17:34:25]   • Pagos NO encontrados en multas: 15721
[17:34:25]   • Pagos SIN RESOLVER por desbalance de cantidades: 0
[17:34:25] ================================================================================
[17:34:25] PASO 1: LLENANDO ACTA_NUMERO (búsqueda por patente + fecha, con desempate por hora)
[17:34:25] ================================================================================
[17:34:27] 📊 ESTADÍSTICAS DE LLENADO DE ACTAS:
[17:34:27]   • Pagos con acta ORIGINAL: 5541
[17:34:27]   • Pagos SIN acta (buscados): 15721
[17:34:27]   • Pagos LLENADOS exitosamente: 0
[17:34:27]   • Pagos NO encontrados en multas: 15721
[17:34:27]   • Pagos SIN RESOLVER por desbalance de cantidades: 0
[17:34:27] ⏱ PASO 1 (llenar actas): 4.1s
[17:34:27] ================================================================================
[17:34:27] PASO 2: FILTRANDO PAGOS CON ACTA_NUMERO COMPLETO
[17:34:27] ================================================================================
[17:34:27] 📊 ESTADÍSTICAS DE FILTRADO:
[17:34:27]   • Pagos TOTALES al inicio: 21262
[17:34:27]   • Pagos CON acta (MANTIENEN): 5541
[17:34:27]   • Pagos RECHAZADOS (sin coincidencias): 15721
[17:34:27] ⚠️  Se eliminaron 15721 registros sin número de acta
[17:34:27]      (recordá: esto incluye tanto pagos ya actualizados/pagados
[17:34:27]       como pagos que quedaron sin resolver por desbalance en el Paso 1)
[17:34:27] ================================================================================
[17:34:27] PASO 2-bis: CONFIRMANDO VIGENCIA DE PAGOS (sistema NUEVO contra MULTAS_SIGI_CRUCE, sistema VIEJO contra SIGEMI)
[17:34:27] ================================================================================
[17:34:27]   ⚠ 5525 pago(s) descartados: su acta ya no figura como vencida en MULTAS_SIGI_CRUCE (SEMyT ya los actualizó).
[17:34:27]   ⚠ 15 pago(s) descartados: su acta ya no figura como vencida en el Excel de SIGEMI (SEMyT ya los actualizó).
[17:34:27]   • Pagos descartados en total por ya estar actualizados/pagados: 5540
[17:34:27] ⏱ PASO 2 (filtrar): 0.5s
[17:34:27] 📂 Cargando maestro de causas SIGEMI...
[17:34:27]   ✓ Causas totales (maestro): 134069 registros
[17:34:27] ================================================================================
[17:34:27] PASO 2.5: ARMANDO causas.txt SIMPLIFICADO (cruce contra total_causas_sigemi.txt)
[17:34:27] ================================================================================
[17:34:27]   • Actas vencidas viejas (multas): 101101
[17:34:27]   • Causas totales en el maestro SIGEMI: 134069
[17:34:27]   • Causas que coinciden (simplificado): 100789
[17:34:27]   ✅ Archivo escrito: datos/descargas/causas/causas.txt
[17:34:27] ⏱ PASO 2.5 (causas simplificado): 0.4s
[17:34:27] ================================================================================
[17:34:27] PASO 3: LLENANDO CAUSA_NUMERO (según fecha de cambio de sistema, cruzando por acta + año)
[17:34:27] ================================================================================
[17:34:27] 📊 ESTADÍSTICAS DE LLENADO DE CAUSAS:
[17:34:27]   • Pagos con causa ORIGINAL: 1
[17:34:27]   • Causas encontradas en SIGEMI (actas viejas): 0
[17:34:27]   • Causas NO encontradas en SIGEMI: 0
[17:34:27]   • Causas asignadas automáticamente (actas nuevas): 0
[17:34:27] ⏱ PASO 3 (llenar causas): 0.0s
[17:34:27] ================================================================================
[17:34:27] PASO 4: ORDENANDO POR FECHA Y ACTA_NUMERO
[17:34:27] ================================================================================
[17:34:27] ✓ Pagos ordenados correctamente
[17:34:27]   • Primera entrada: Acta=315878, Fecha=18/05/2026
[17:34:27]   • Última entrada: Acta=315878, Fecha=18/05/2026
[17:34:27] 📝 Escribiendo archivo de salida...
[17:34:27]   ✅ Archivo escrito: datos/descargas/pagos/2026-08-13/PAGOS 20260813 173418.txt
[17:34:27]   ✅ Total registros: 256
[17:34:27] ⏱ PASO 4 (ordenar y escribir): 0.0s
[17:34:27] ================================================================================
[17:34:27] ✅ PROCESO COMPLETADO EXITOSAMENTE
[17:34:27] ================================================================================
[17:34:27] 📊 RESUMEN FINAL DEL PROCESAMIENTO:
[17:34:27]   ENTRADA:
[17:34:27]     • Pagos originales: 21262
[17:34:27]     • Multas SIGEMI cargadas: 101101
[17:34:27]     • Multas SIGI cargadas: 42840
[17:34:27]     • Causas simplificadas (usadas para el cruce): 100789
[17:34:27]   PROCESO:
[17:34:27]     • Pagos rechazados sigemi: 15721
[17:34:27]     • Pagos rechazados sigi: 5540
[17:34:27]   SALIDA:
[17:34:27]     • Pagos desactualizados procesados: 1
[17:34:27]     • Archivo final: datos/descargas/pagos/2026-08-13/PAGOS 20260813 173418.txt
[17:34:27]     • Ordenados por fecha: SÍ ✓
[17:34:27]     • Todos con ACTA_NUMERO: SÍ ✓
[17:34:27]     • Todos con CAUSA_NUMERO: SÍ ✓
[17:34:27] ✅ TXT de pagos (ya cruzado con actas y causas) generado en: datos/descargas/pagos/2026-08-13/PAGOS 20260813 173418.txt
[17:34:27] 🧹 TXT de pagos crudo eliminado (ya usado en el cruce): datos/descargas/pagos/2026-08-13/ALL PAGOS DESCARGADOS.txt
[17:34:27] 🧹 Excel MULTAS_SIGEMI_CRUCE eliminado (ya usado en el cruce): datos/descargas/cache_actas_cruce/MULTAS_SIGEMI_CRUCE.xlsx
[17:34:27] 🧹 Excel MULTAS_SIGI_CRUCE eliminado (ya usado en el cruce): datos/descargas/cache_actas_cruce/MULTAS_SIGI_CRUCE.xlsx
[17:34:27] ✅ CompararActasPaso finalizado. (⏱ 9.8s)
[17:34:27] ==================================================
[17:34:27] 🚀 PASO: CargarPagosPaso
[17:34:27] ==================================================
[17:34:27] 📤 Subiendo TXT de pagos al SEMyT...
[17:34:29] ✅ Importación de pagos completada con éxito.
[17:34:29] ✅ Archivo TXT de pagos cargado en el SEMyT correctamente.
[17:34:29] ✅ CargarPagosPaso finalizado. (⏱ 1.9s)
[17:34:29] === Ejecución finalizada con éxito ===
