[11:25:50] === Inicio de ejecución: pagos ===
[11:25:51] ▶ [LoginSEMyTPaso] Iniciando...
[11:25:51] ==================================================
[11:25:51] 🚀 PASO: LoginSEMyTPaso
[11:25:51] ==================================================
[11:25:51] Abriendo SEMyT...
[11:26:14] ✅ [SEMyT] Sesión existente detectada. Login omitido.
[11:26:14] ✅ LoginSEMyTPaso finalizado. (⏱ 23.1s)
[11:26:14] ✓ [LoginSEMyTPaso] Completado.
[11:26:14] ▶ [LoginSIGIPaso] Iniciando...
[11:26:14] ==================================================
[11:26:14] 🚀 PASO: LoginSIGIPaso
[11:26:14] ==================================================
[11:26:14] Abriendo sitio municipalidad (CiDi)...
[11:26:14] ✅ [SIGI] Sesión existente detectada. Login omitido.
[11:26:15] ✅ LoginSIGIPaso finalizado. (⏱ 0.6s)
[11:26:15] ✓ [LoginSIGIPaso] Completado.
[11:26:15] ▶ [DescargasParalelasPaso] Iniciando...
[11:26:15] ==================================================
[11:26:15] 🚀 PASO: DescargasParalelasPaso
[11:26:15] ==================================================
[11:26:15] 📤 Arrancando las 3 descargas en paralelo (mismo browser, páginas separadas)...
[11:26:15] Fecha Desde: 27/06/2024
[11:26:15] Fecha Hasta: 24/11/2025
[11:26:15] Fecha Desde: 25/11/2025
[11:26:15] Fecha Hasta: 31/07/2026
[11:26:15] Descargando Excel...
[11:26:15] Descargando Excel...
[11:26:41] ✅ TXT de pagos descargado en: backend/descargas/pagos/2026-07-31/PAGOS DESCARGADOS.txt
[11:26:41] ⏱ [pagos_txt] completado en 26.0s
[11:26:56] Archivo descargado en: backend/descargas/cache_actas_cruce/MULTAS_SIGI_CRUCE.xlsx
[11:26:58] ⏱ [actas_sigi] completado en 42.8s
[11:27:14] Archivo descargado en: backend/descargas/cache_actas_cruce/MULTAS_SIGEMI_CRUCE.xlsx
[11:27:18] ⏱ [actas_sigemi] completado en 62.8s
[11:27:18] ⏱ TOTAL descargas en paralelo: 62.8s
[11:27:18] ✅ DescargasParalelasPaso finalizado. (⏱ 63.0s)
[11:27:18] ✓ [DescargasParalelasPaso] Completado.
[11:27:18] ▶ [CompararActasPaso] Iniciando...
[11:27:18] ==================================================
[11:27:18] 🚀 PASO: CompararActasPaso
[11:27:18] ==================================================
[11:27:18] 🔍 Comparando actas del SEMyT contra pagos del SIGI...
[11:27:18] ================================================================================
[11:27:18] INICIANDO PROCESO DE GENERACIÓN DE PAGOS DESACTUALIZADOS
[11:27:18] ================================================================================
[11:27:18] 📂 Cargando archivos...
[11:27:18]   ✓ Pagos: 19576 registros
[11:27:21]   ✓ Excel SIGEMI (multas vencidas viejas): 102517 registros
[11:27:22]   ✓ Excel SIGI (multas vencidas nuevas): 40213 registros
[11:27:23] ================================================================================
[11:27:23] PASO 1: LLENANDO ACTA_NUMERO (búsqueda por patente + fecha, con desempate por hora)
[11:27:23] ================================================================================
[11:27:24] 📊 ESTADÍSTICAS DE LLENADO DE ACTAS:
[11:27:24]   • Pagos con acta ORIGINAL: 4590
[11:27:24]   • Pagos SIN acta (buscados): 14986
[11:27:24]   • Pagos LLENADOS exitosamente: 2
[11:27:24]   • Pagos NO encontrados en multas: 14984
[11:27:24]   • Pagos SIN RESOLVER por desbalance de cantidades: 0
[11:27:24] ================================================================================
[11:27:24] PASO 1: LLENANDO ACTA_NUMERO (búsqueda por patente + fecha, con desempate por hora)
[11:27:24] ================================================================================
[11:27:26] 📊 ESTADÍSTICAS DE LLENADO DE ACTAS:
[11:27:26]   • Pagos con acta ORIGINAL: 4592
[11:27:26]   • Pagos SIN acta (buscados): 14984
[11:27:26]   • Pagos LLENADOS exitosamente: 0
[11:27:26]   • Pagos NO encontrados en multas: 14984
[11:27:26]   • Pagos SIN RESOLVER por desbalance de cantidades: 0
[11:27:26] ⏱ PASO 1 (llenar actas): 3.6s
[11:27:26] ================================================================================
[11:27:26] PASO 2: FILTRANDO PAGOS CON ACTA_NUMERO COMPLETO
[11:27:26] ================================================================================
[11:27:26] 📊 ESTADÍSTICAS DE FILTRADO:
[11:27:26]   • Pagos TOTALES al inicio: 19576
[11:27:26]   • Pagos CON acta (MANTIENEN): 4592
[11:27:26]   • Pagos RECHAZADOS (sin coincidencias): 14984
[11:27:26] ⚠️  Se eliminaron 14984 registros sin número de acta
[11:27:26]      (recordá: esto incluye tanto pagos ya actualizados/pagados
[11:27:26]       como pagos que quedaron sin resolver por desbalance en el Paso 1)
[11:27:26] ================================================================================
[11:27:26] PASO 2-bis: CONFIRMANDO VIGENCIA DE PAGOS (sistema NUEVO contra MULTAS_SIGI_CRUCE, sistema VIEJO contra SIGEMI)
[11:27:26] ================================================================================
[11:27:26]   ⚠ 4581 pago(s) descartados: su acta ya no figura como vencida en MULTAS_SIGI_CRUCE (SEMyT ya los actualizó).
[11:27:26]   ⚠ 5 pago(s) descartados: su acta ya no figura como vencida en el Excel de SIGEMI (SEMyT ya los actualizó).
[11:27:26]   • Pagos descartados en total por ya estar actualizados/pagados: 4586
[11:27:26] ⏱ PASO 2 (filtrar): 0.4s
[11:27:26] 📂 Cargando maestro de causas SIGEMI...
[11:27:26]   ✓ Causas totales (maestro): 134069 registros
[11:27:26] ⏱ PASO 2.5 (causas simplificado): 0.0s
[11:27:26] ================================================================================
[11:27:26] PASO 2.5: ARMANDO causas.txt SIMPLIFICADO (cruce contra total_causas_sigemi.txt)
[11:27:26] ================================================================================
[11:27:26]   • Actas vencidas viejas (multas): 102517
[11:27:26]   • Causas totales en el maestro SIGEMI: 134069
[11:27:26]   • Causas que coinciden (simplificado): 102193
[11:27:26]   ✅ Archivo escrito: backend/descargas/causas/causas.txt
[11:27:26] ⏱ PASO 2.5 (causas simplificado): 0.4s
[11:27:26] ================================================================================
[11:27:26] PASO 3: LLENANDO CAUSA_NUMERO (según fecha de cambio de sistema, cruzando por acta + año)
[11:27:26] ================================================================================
[11:27:26] 📊 ESTADÍSTICAS DE LLENADO DE CAUSAS:
[11:27:26]   • Pagos con causa ORIGINAL: 4
[11:27:26]   • Causas encontradas en SIGEMI (actas viejas): 2
[11:27:26]   • Causas NO encontradas en SIGEMI: 0
[11:27:26]   • Causas asignadas automáticamente (actas nuevas): 0
[11:27:26] ⏱ PASO 3 (llenar causas): 0.0s
[11:27:26] ================================================================================
[11:27:26] PASO 4: ORDENANDO POR FECHA Y ACTA_NUMERO
[11:27:26] ================================================================================
[11:27:26] ✓ Pagos ordenados correctamente
[11:27:26]   • Primera entrada: Acta=5139, Fecha=04/07/2024
[11:27:26]   • Última entrada: Acta=320948, Fecha=27/05/2026
[11:27:26] 📝 Escribiendo archivo de salida...
[11:27:26]   ✅ Archivo escrito: backend/descargas/pagos/2026-07-31/PAGOS 20260731 112718.txt
[11:27:26]   ✅ Total registros: 761
[11:27:26] ⏱ PASO 4 (ordenar y escribir): 0.0s
[11:27:26] ================================================================================
[11:27:26] ✅ PROCESO COMPLETADO EXITOSAMENTE
[11:27:26] ================================================================================
[11:27:26] 📊 RESUMEN FINAL DEL PROCESAMIENTO:
[11:27:26]   ENTRADA:
[11:27:26]     • Pagos originales: 19576
[11:27:26]     • Multas SIGEMI cargadas: 102517
[11:27:26]     • Multas SIGI cargadas: 40213
[11:27:26]     • Causas simplificadas (usadas para el cruce): 102193
[11:27:26]   PROCESO:
[11:27:26]     • Pagos rechazados sigemi: 14984
[11:27:26]     • Pagos rechazados sigi: 4586
[11:27:26]   SALIDA:
[11:27:26]     • Pagos desactualizados procesados: 6
[11:27:26]     • Archivo final: backend/descargas/pagos/2026-07-31/PAGOS 20260731 112718.txt
[11:27:26]     • Ordenados por fecha: SÍ ✓
[11:27:26]     • Todos con ACTA_NUMERO: SÍ ✓
[11:27:26]     • Todos con CAUSA_NUMERO: SÍ ✓
[11:27:26] ✅ TXT de pagos (ya cruzado con actas y causas) generado en: backend/descargas/pagos/2026-07-31/PAGOS 20260731 112718.txt
[11:27:26] 🧹 TXT de pagos crudo eliminado (ya usado en el cruce): backend/descargas/pagos/2026-07-31/PAGOS DESCARGADOS.txt
[11:27:27] 🧹 Excel MULTAS_SIGEMI_CRUCE eliminado (ya usado en el cruce): backend/descargas/cache_actas_cruce/MULTAS_SIGEMI_CRUCE.xlsx
[11:27:27] 🧹 Excel MULTAS_SIGI_CRUCE eliminado (ya usado en el cruce): backend/descargas/cache_actas_cruce/MULTAS_SIGI_CRUCE.xlsx
[11:27:27] ✅ CompararActasPaso finalizado. (⏱ 9.0s)
[11:27:27] ✓ [CompararActasPaso] Completado.
[11:27:27] ▶ [CargarPagosPaso] Iniciando...
[11:27:27] ==================================================
[11:27:27] 🚀 PASO: CargarPagosPaso
[11:27:27] ==================================================
[11:27:27] 📤 Subiendo TXT de pagos al SEMyT...
[11:27:28] ✅ Importación de pagos completada con éxito.
[11:27:28] ✅ Archivo TXT de pagos cargado en el SEMyT correctamente.
[11:27:28] ✅ CargarPagosPaso finalizado. (⏱ 2.0s)
[11:27:28] ✓ [CargarPagosPaso] Completado.
[11:27:29] === Ejecución finalizada con éxito ===
