[09:02:47] === Inicio de ejecución: pagos ===
[09:02:48] ▶ [LoginSEMyTPaso] Iniciando...
[09:02:48] ==================================================
[09:02:48] 🚀 PASO: LoginSEMyTPaso
[09:02:48] ==================================================
[09:02:48] Abriendo SEMyT...
[09:02:54] ✅ [SEMyT] Sesión existente detectada. Login omitido.
[09:02:54] ✅ LoginSEMyTPaso finalizado. (⏱ 6.4s)
[09:02:54] ✓ [LoginSEMyTPaso] Completado.
[09:02:54] ▶ [LoginSIGIPaso] Iniciando...
[09:02:54] ==================================================
[09:02:54] 🚀 PASO: LoginSIGIPaso
[09:02:54] ==================================================
[09:02:54] Abriendo sitio municipalidad (CiDi)...
[09:02:55] ✅ [SIGI] Sesión existente detectada. Login omitido.
[09:02:55] ✅ LoginSIGIPaso finalizado. (⏱ 0.7s)
[09:02:55] ✓ [LoginSIGIPaso] Completado.
[09:02:55] ▶ [DescargasParalelasPaso] Iniciando...
[09:02:55] ==================================================
[09:02:55] 🚀 PASO: DescargasParalelasPaso
[09:02:55] ==================================================
[09:02:55] 📤 Arrancando las 3 descargas en paralelo (mismo browser, páginas separadas)...
[09:02:55] Fecha Desde: 27/06/2024
[09:02:55] Fecha Hasta: 24/11/2025
[09:02:55] Fecha Desde: 25/11/2025
[09:02:55] Fecha Hasta: 31/07/2026
[09:02:55] Descargando Excel...
[09:02:55] Descargando Excel...
[09:03:09] Archivo descargado en: backend/descargas/cache_actas_cruce/MULTAS_SIGI_CRUCE.xlsx
[09:03:10] ⏱ [actas_sigi] completado en 15.1s
[09:03:22] Archivo descargado en: backend/descargas/cache_actas_cruce/MULTAS_SIGEMI_CRUCE.xlsx
[09:03:26] ⏱ [actas_sigemi] completado en 30.5s
[09:03:26] ✅ TXT de pagos descargado en: backend/descargas/pagos/2026-07-31/PAGOS DESCARGADOS.txt
[09:03:26] ⏱ [pagos_txt] completado en 30.5s
[09:03:26] ⏱ TOTAL descargas en paralelo: 30.5s
[09:03:26] ✅ DescargasParalelasPaso finalizado. (⏱ 30.7s)
[09:03:26] ✓ [DescargasParalelasPaso] Completado.
[09:03:26] ▶ [CompararActasPaso] Iniciando...
[09:03:26] ==================================================
[09:03:26] 🚀 PASO: CompararActasPaso
[09:03:26] ==================================================
[09:03:26] 🔍 Comparando actas del SEMyT contra pagos del SIGI...
[09:03:26] ================================================================================
[09:03:26] INICIANDO PROCESO DE GENERACIÓN DE PAGOS DESACTUALIZADOS
[09:03:26] ================================================================================
[09:03:26] 📂 Cargando archivos...
[09:03:26]   ✓ Pagos: 19489 registros
[09:03:29]   ✓ Excel SIGEMI (multas vencidas viejas): 102546 registros
[09:03:30]   ✓ Excel SIGI (multas vencidas nuevas): 40270 registros
[09:03:31] ================================================================================
[09:03:31] PASO 1: LLENANDO ACTA_NUMERO (búsqueda por patente + fecha, con desempate por hora)
[09:03:31] ================================================================================
[09:03:32] 📊 ESTADÍSTICAS DE LLENADO DE ACTAS:
[09:03:32]   • Pagos con acta ORIGINAL: 4530
[09:03:32]   • Pagos SIN acta (buscados): 14959
[09:03:32]   • Pagos LLENADOS exitosamente: 0
[09:03:32]   • Pagos NO encontrados en multas: 14959
[09:03:32]   • Pagos SIN RESOLVER por desbalance de cantidades: 0
[09:03:32] ================================================================================
[09:03:32] PASO 1: LLENANDO ACTA_NUMERO (búsqueda por patente + fecha, con desempate por hora)
[09:03:32] ================================================================================
[09:03:34] 📊 ESTADÍSTICAS DE LLENADO DE ACTAS:
[09:03:34]   • Pagos con acta ORIGINAL: 4530
[09:03:34]   • Pagos SIN acta (buscados): 14959
[09:03:34]   • Pagos LLENADOS exitosamente: 0
[09:03:34]   • Pagos NO encontrados en multas: 14959
[09:03:34]   • Pagos SIN RESOLVER por desbalance de cantidades: 0
[09:03:34] ⏱ PASO 1 (llenar actas): 3.6s
[09:03:34] ================================================================================
[09:03:34] PASO 2: FILTRANDO PAGOS CON ACTA_NUMERO COMPLETO
[09:03:34] ================================================================================
[09:03:34] 📊 ESTADÍSTICAS DE FILTRADO:
[09:03:34]   • Pagos TOTALES al inicio: 19489
[09:03:34]   • Pagos CON acta (MANTIENEN): 4530
[09:03:34]   • Pagos RECHAZADOS (sin coincidencias): 14959
[09:03:34] ⚠️  Se eliminaron 14959 registros sin número de acta
[09:03:34]      (recordá: esto incluye tanto pagos ya actualizados/pagados
[09:03:34]       como pagos que quedaron sin resolver por desbalance en el Paso 1)
[09:03:34] ================================================================================
[09:03:34] PASO 2-bis: CONFIRMANDO VIGENCIA DE PAGOS (sistema NUEVO contra MULTAS_SIGI_CRUCE, sistema VIEJO contra SIGEMI)
[09:03:34] ================================================================================
[09:03:34]   ⚠ 4524 pago(s) descartados: su acta ya no figura como vencida en MULTAS_SIGI_CRUCE (SEMyT ya los actualizó).
[09:03:34]   ⚠ 5 pago(s) descartados: su acta ya no figura como vencida en el Excel de SIGEMI (SEMyT ya los actualizó).
[09:03:34]   • Pagos descartados en total por ya estar actualizados/pagados: 4529
[09:03:34] ⏱ PASO 2 (filtrar): 0.4s
[09:03:34] 📂 Cargando maestro de causas SIGEMI...
[09:03:34]   ✓ Causas totales (maestro): 134069 registros
[09:03:34] ⏱ PASO 2.5 (causas simplificado): 0.0s
[09:03:34] ================================================================================
[09:03:34] PASO 2.5: ARMANDO causas.txt SIMPLIFICADO (cruce contra total_causas_sigemi.txt)
[09:03:34] ================================================================================
[09:03:34]   • Actas vencidas viejas (multas): 102546
[09:03:34]   • Causas totales en el maestro SIGEMI: 134069
[09:03:34]   • Causas que coinciden (simplificado): 102222
[09:03:34]   ✅ Archivo escrito: backend/descargas/causas/causas.txt
[09:03:34] ⏱ PASO 2.5 (causas simplificado): 0.4s
[09:03:34] ================================================================================
[09:03:34] PASO 3: LLENANDO CAUSA_NUMERO (según fecha de cambio de sistema, cruzando por acta + año)
[09:03:34] ================================================================================
[09:03:34] 📊 ESTADÍSTICAS DE LLENADO DE CAUSAS:
[09:03:34]   • Pagos con causa ORIGINAL: 1
[09:03:34]   • Causas encontradas en SIGEMI (actas viejas): 0
[09:03:34]   • Causas NO encontradas en SIGEMI: 0
[09:03:34]   • Causas asignadas automáticamente (actas nuevas): 0
[09:03:34] ⏱ PASO 3 (llenar causas): 0.0s
[09:03:34] ================================================================================
[09:03:34] PASO 4: ORDENANDO POR FECHA Y ACTA_NUMERO
[09:03:34] ================================================================================
[09:03:34] ✓ Pagos ordenados correctamente
[09:03:34]   • Primera entrada: Acta=310473, Fecha=11/05/2026
[09:03:34]   • Última entrada: Acta=310473, Fecha=11/05/2026
[09:03:34] 📝 Escribiendo archivo de salida...
[09:03:34]   ✅ Archivo escrito: backend/descargas/pagos/2026-07-31/PAGOS 20260731 090326.txt
[09:03:34]   ✅ Total registros: 258
[09:03:34] ⏱ PASO 4 (ordenar y escribir): 0.0s
[09:03:34] ================================================================================
[09:03:34] ✅ PROCESO COMPLETADO EXITOSAMENTE
[09:03:34] ================================================================================
[09:03:34] 📊 RESUMEN FINAL DEL PROCESAMIENTO:
[09:03:34]   ENTRADA:
[09:03:34]     • Pagos originales: 19489
[09:03:34]     • Multas SIGEMI cargadas: 102546
[09:03:34]     • Multas SIGI cargadas: 40270
[09:03:34]     • Causas simplificadas (usadas para el cruce): 102222
[09:03:34]   PROCESO:
[09:03:34]     • Pagos rechazados sigemi: 14959
[09:03:34]     • Pagos rechazados sigi: 4529
[09:03:34]   SALIDA:
[09:03:34]     • Pagos desactualizados procesados: 1
[09:03:34]     • Archivo final: backend/descargas/pagos/2026-07-31/PAGOS 20260731 090326.txt
[09:03:34]     • Ordenados por fecha: SÍ ✓
[09:03:34]     • Todos con ACTA_NUMERO: SÍ ✓
[09:03:34]     • Todos con CAUSA_NUMERO: SÍ ✓
[09:03:34] ✅ TXT de pagos (ya cruzado con actas y causas) generado en: backend/descargas/pagos/2026-07-31/PAGOS 20260731 090326.txt
[09:03:34] 🧹 TXT de pagos crudo eliminado (ya usado en el cruce): backend/descargas/pagos/2026-07-31/PAGOS DESCARGADOS.txt
[09:03:34] 🧹 Excel MULTAS_SIGEMI_CRUCE eliminado (ya usado en el cruce): backend/descargas/cache_actas_cruce/MULTAS_SIGEMI_CRUCE.xlsx
[09:03:34] 🧹 Excel MULTAS_SIGI_CRUCE eliminado (ya usado en el cruce): backend/descargas/cache_actas_cruce/MULTAS_SIGI_CRUCE.xlsx
[09:03:34] ✅ CompararActasPaso finalizado. (⏱ 8.9s)
[09:03:34] ✓ [CompararActasPaso] Completado.
[09:03:34] ▶ [CargarPagosPaso] Iniciando...
[09:03:34] ==================================================
[09:03:34] 🚀 PASO: CargarPagosPaso
[09:03:34] ==================================================
[09:03:34] 📤 Subiendo TXT de pagos al SEMyT...
[09:03:36] ✅ Importación de pagos completada con éxito.
[09:03:36] ✅ Archivo TXT de pagos cargado en el SEMyT correctamente.
[09:03:36] ✅ CargarPagosPaso finalizado. (⏱ 2.0s)
[09:03:36] ✓ [CargarPagosPaso] Completado.
[09:03:36] === Ejecución finalizada con éxito ===
