[10:33:46] === Inicio de ejecución: pagos ===
[10:33:48] ▶ [LoginSemytPaso] Iniciando...
[10:33:48] ==================================================
[10:33:48] 🚀 PASO: LoginSemytPaso
[10:33:48] ==================================================
[10:33:49] Abriendo SEMyT...
[10:34:11] ✅ [SEMyT] Sesión existente detectada. Login omitido.
[10:34:12] ✅ LoginSemytPaso finalizado. (⏱ 24.3s)
[10:34:12] ✓ [LoginSemytPaso] Completado.
[10:34:12] ▶ [LoginJuzgadoPaso] Iniciando...
[10:34:12] ==================================================
[10:34:12] 🚀 PASO: LoginJuzgadoPaso
[10:34:12] ==================================================
[10:34:12] Abriendo sitio municipalidad (CiDi)...
[10:34:14] ✅ [Juzgado] Sesión existente detectada. Login omitido.
[10:34:14] ✅ LoginJuzgadoPaso finalizado. (⏱ 1.9s)
[10:34:14] ✓ [LoginJuzgadoPaso] Completado.
[10:34:14] ▶ [DescargasParalelasPaso] Iniciando...
[10:34:14] ==================================================
[10:34:14] 🚀 PASO: DescargasParalelasPaso
[10:34:14] ==================================================
[10:34:16] 📤 Arrancando las 3 descargas en paralelo (mismo browser, páginas separadas)...
[10:34:16] Fecha Desde: 27/06/2024
[10:34:16] Fecha Hasta: 24/11/2025
[10:34:16] Fecha Desde: 25/11/2025
[10:34:16] Fecha Hasta: 24/07/2026
[10:34:16] Descargando Excel...
[10:34:16] Descargando Excel...
[10:34:39] ✅ TXT de pagos descargado en: backend/descargas/pagos/2026-07-24/PAGOS DESCARGADOS.txt
[10:34:39] ⏱ [pagos_txt] completado en 23.9s
[10:34:41] Archivo descargado en: backend/descargas/cache_actas_cruce/MULTAS_JUZGADO_CRUCE.xlsx
[10:34:50] ⏱ [actas_juzgado] completado en 34.7s
[10:35:11] Archivo descargado en: backend/descargas/cache_actas_cruce/MULTAS_SIGEMI_CRUCE.xlsx
[10:35:33] ⏱ [actas_sigemi] completado en 77.3s
[10:35:33] ⏱ TOTAL descargas en paralelo: 77.3s
[10:35:33] ✅ DescargasParalelasPaso finalizado. (⏱ 78.8s)
[10:35:33] ✓ [DescargasParalelasPaso] Completado.
[10:35:33] ▶ [CompararActasPaso] Iniciando...
[10:35:33] ==================================================
[10:35:33] 🚀 PASO: CompararActasPaso
[10:35:33] ==================================================
[10:35:33] 🔍 Comparando actas del SEMyT contra pagos del Juzgado...
[10:35:33] ================================================================================
[10:35:33] INICIANDO PROCESO DE GENERACIÓN DE PAGOS DESACTUALIZADOS
[10:35:33] ================================================================================
[10:35:33] 📂 Cargando archivos...
[10:35:33]   ✓ Pagos: 16972 registros
[10:35:54]   ✓ Excel SIGEMI (multas vencidas viejas): 103531 registros
[10:36:02]   ✓ Excel Juzgado (multas vencidas nuevas): 40061 registros
[10:36:06] ================================================================================
[10:36:06] PASO 1: LLENANDO ACTA_NUMERO (búsqueda por patente + fecha, con desempate por hora)
[10:36:06] ================================================================================
[10:36:13] 📊 ESTADÍSTICAS DE LLENADO DE ACTAS:
[10:36:13]   • Pagos con acta ORIGINAL: 2937
[10:36:13]   • Pagos SIN acta (buscados): 14035
[10:36:13]   • Pagos LLENADOS exitosamente: 4
[10:36:13]   • Pagos NO encontrados en multas: 14031
[10:36:13]   • Pagos SIN RESOLVER por desbalance de cantidades: 0
[10:36:14] ================================================================================
[10:36:14] PASO 1: LLENANDO ACTA_NUMERO (búsqueda por patente + fecha, con desempate por hora)
[10:36:14] ================================================================================
[10:36:21] 📊 ESTADÍSTICAS DE LLENADO DE ACTAS:
[10:36:21]   • Pagos con acta ORIGINAL: 2941
[10:36:21]   • Pagos SIN acta (buscados): 14031
[10:36:21]   • Pagos LLENADOS exitosamente: 0
[10:36:21]   • Pagos NO encontrados en multas: 14031
[10:36:21]   • Pagos SIN RESOLVER por desbalance de cantidades: 0
[10:36:21] ⏱ PASO 1 (llenar actas): 19.3s
[10:36:21] ================================================================================
[10:36:21] PASO 2: FILTRANDO PAGOS CON ACTA_NUMERO COMPLETO
[10:36:21] ================================================================================
[10:36:22] 📊 ESTADÍSTICAS DE FILTRADO:
[10:36:22]   • Pagos TOTALES al inicio: 16972
[10:36:22]   • Pagos CON acta (MANTIENEN): 2941
[10:36:22]   • Pagos RECHAZADOS (sin coincidencias): 14031
[10:36:22] ⚠️  Se eliminaron 14031 registros sin número de acta
[10:36:22]      (recordá: esto incluye tanto pagos ya actualizados/pagados
[10:36:22]       como pagos que quedaron sin resolver por desbalance en el Paso 1)
[10:36:22] ================================================================================
[10:36:22] PASO 2-bis: CONFIRMANDO VIGENCIA DE PAGOS DEL SISTEMA NUEVO (contra MULTAS_JUZGADO_CRUCE)
[10:36:22] ================================================================================
[10:36:23]   ⚠ 2935 pago(s) del sistema nuevo descartados: su acta ya no figura como vencida en MULTAS_JUZGADO_CRUCE (SEMyT ya los actualizó).
[10:36:23]   • Pagos del sistema nuevo descartados por ya estar actualizados: 2935
[10:36:23] ⏱ PASO 2 (filtrar): 1.4s
[10:36:23] 📂 Cargando maestro de causas SIGEMI...
[10:36:23]   ✓ Causas totales (maestro): 134069 registros
[10:36:23] ⏱ PASO 2.5 (causas simplificado): 0.2s
[10:36:23] ================================================================================
[10:36:23] PASO 2.5: ARMANDO causas.txt SIMPLIFICADO (cruce contra total_causas_sigemi.txt)
[10:36:23] ================================================================================
[10:36:25]   • Actas vencidas viejas (multas): 103531
[10:36:25]   • Causas totales en el maestro SIGEMI: 134069
[10:36:25]   • Causas que coinciden (simplificado): 103202
[10:36:25]   ✅ Archivo escrito: backend/descargas/causas/causas.txt
[10:36:26] ⏱ PASO 2.5 (causas simplificado): 2.9s
[10:36:26] ================================================================================
[10:36:26] PASO 3: LLENANDO CAUSA_NUMERO (según fecha de cambio de sistema, cruzando por acta + año)
[10:36:26] ================================================================================
[10:36:26] 📊 ESTADÍSTICAS DE LLENADO DE CAUSAS:
[10:36:26]   • Pagos con causa ORIGINAL: 2
[10:36:26]   • Causas encontradas en SIGEMI (actas viejas): 4
[10:36:26]   • Causas NO encontradas en SIGEMI: 0
[10:36:26]   • Causas asignadas automáticamente (actas nuevas): 0
[10:36:26] ⏱ PASO 3 (llenar causas): 0.0s
[10:36:26] ================================================================================
[10:36:26] PASO 4: ORDENANDO POR FECHA Y ACTA_NUMERO
[10:36:26] ================================================================================
[10:36:26] ✓ Pagos ordenados correctamente
[10:36:26]   • Primera entrada: Acta=7550, Fecha=10/07/2024
[10:36:26]   • Última entrada: Acta=272787, Fecha=27/02/2026
[10:36:26] 📝 Escribiendo archivo de salida...
[10:36:26]   ✅ Archivo escrito: backend/descargas/pagos/2026-07-24/PAGOS 20260724 103533.txt
[10:36:26]   ✅ Total registros: 805
[10:36:26] ⏱ PASO 4 (ordenar y escribir): 0.0s
[10:36:26] ================================================================================
[10:36:26] ✅ PROCESO COMPLETADO EXITOSAMENTE
[10:36:26] ================================================================================
[10:36:26] 📊 RESUMEN FINAL DEL PROCESAMIENTO:
[10:36:26]   ENTRADA:
[10:36:26]     • Pagos originales: 16972
[10:36:26]     • Multas SIGEMI cargadas: 103531
[10:36:26]     • Multas Juzgado cargadas: 40061
[10:36:26]     • Causas simplificadas (usadas para el cruce): 103202
[10:36:26]   PROCESO:
[10:36:26]     • Pagos rechazados sigemi: 14031
[10:36:26]     • Pagos rechazados juzgado: 2935
[10:36:26]   SALIDA:
[10:36:26]     • Pagos desactualizados procesados: 6
[10:36:26]     • Archivo final: backend/descargas/pagos/2026-07-24/PAGOS 20260724 103533.txt
[10:36:26]     • Ordenados por fecha: SÍ ✓
[10:36:26]     • Todos con ACTA_NUMERO: SÍ ✓
[10:36:26]     • Todos con CAUSA_NUMERO: SÍ ✓
[10:36:26] ✅ TXT de pagos (ya cruzado con actas y causas) generado en: backend/descargas/pagos/2026-07-24/PAGOS 20260724 103533.txt
[10:36:26] 🧹 TXT de pagos crudo eliminado (ya usado en el cruce): backend/descargas/pagos/2026-07-24/PAGOS DESCARGADOS.txt
[10:36:26] 🧹 Excel MULTAS_SIGEMI_CRUCE eliminado (ya usado en el cruce): backend/descargas/cache_actas_cruce/MULTAS_SIGEMI_CRUCE.xlsx
[10:36:26] 🧹 Excel MULTAS_JUZGADO_CRUCE eliminado (ya usado en el cruce): backend/descargas/cache_actas_cruce/MULTAS_JUZGADO_CRUCE.xlsx
[10:36:26] ✅ CompararActasPaso finalizado. (⏱ 53.0s)
[10:36:26] ✓ [CompararActasPaso] Completado.
[10:36:26] ▶ [CargarPagosPaso] Iniciando...
[10:36:26] ==================================================
[10:36:26] 🚀 PASO: CargarPagosPaso
[10:36:26] ==================================================
[10:36:26] 📤 Subiendo TXT de pagos al SEMyT...
[10:36:28] ✅ Importación de pagos completada con éxito.
[10:36:29] ✅ Archivo TXT de pagos cargado en el SEMyT correctamente.
[10:36:29] ✅ CargarPagosPaso finalizado. (⏱ 2.8s)
[10:36:29] ✓ [CargarPagosPaso] Completado.
[10:36:29] === Ejecución finalizada con éxito ===
