[18:16:32] === Inicio de ejecución: pagos ===
[18:16:34] ▶ [LoginSemytPaso] Iniciando...
[18:16:34] ==================================================
[18:16:34] 🚀 PASO: LoginSemytPaso
[18:16:34] ==================================================
[18:16:35] Abriendo SEMyT...
[18:16:38] ✅ [SEMyT] Sesión existente detectada. Login omitido.
[18:16:39] ✅ LoginSemytPaso finalizado. (⏱ 4.6s)
[18:16:39] ✓ [LoginSemytPaso] Completado.
[18:16:39] ▶ [LoginJuzgadoPaso] Iniciando...
[18:16:39] ==================================================
[18:16:39] 🚀 PASO: LoginJuzgadoPaso
[18:16:39] ==================================================
[18:16:39] Abriendo sitio municipalidad (CiDi)...
[18:16:39] ✅ [Juzgado] Sesión existente detectada. Login omitido.
[18:16:40] ✅ LoginJuzgadoPaso finalizado. (⏱ 1.1s)
[18:16:40] ✓ [LoginJuzgadoPaso] Completado.
[18:16:40] ▶ [DescargasParalelasPaso] Iniciando...
[18:16:40] ==================================================
[18:16:40] 🚀 PASO: DescargasParalelasPaso
[18:16:40] ==================================================
[18:16:41] 📤 Arrancando las 3 descargas en paralelo (mismo browser, páginas separadas)...
[18:16:41] Fecha Desde: 27/06/2024
[18:16:41] Fecha Hasta: 24/11/2025
[18:16:41] Fecha Desde: 25/11/2025
[18:16:41] Fecha Hasta: 24/07/2026
[18:16:42] Descargando Excel...
[18:16:42] Descargando Excel...
[18:16:52] Archivo descargado en: backend/descargas/cache_actas_cruce/MULTAS_JUZGADO_CRUCE.xlsx
[18:17:00] ⏱ [actas_juzgado] completado en 18.5s
[18:17:02] ✅ TXT de pagos descargado en: backend/descargas/pagos/2026-07-24/PAGOS DESCARGADOS.txt
[18:17:02] ⏱ [pagos_txt] completado en 21.3s
[18:17:03] Archivo descargado en: backend/descargas/cache_actas_cruce/MULTAS_SIGEMI_CRUCE.xlsx
[18:17:21] ⏱ [actas_sigemi] completado en 39.8s
[18:17:21] ⏱ TOTAL descargas en paralelo: 39.9s
[18:17:21] ✅ DescargasParalelasPaso finalizado. (⏱ 41.2s)
[18:17:21] ✓ [DescargasParalelasPaso] Completado.
[18:17:21] ▶ [CompararActasPaso] Iniciando...
[18:17:21] ==================================================
[18:17:21] 🚀 PASO: CompararActasPaso
[18:17:21] ==================================================
[18:17:21] 🔍 Comparando actas del SEMyT contra pagos del Juzgado...
[18:17:21] ================================================================================
[18:17:21] INICIANDO PROCESO DE GENERACIÓN DE PAGOS DESACTUALIZADOS
[18:17:21] ================================================================================
[18:17:21] 📂 Cargando archivos...
[18:17:21]   ✓ Pagos: 17204 registros
[18:17:40]   ✓ Excel SIGEMI (multas vencidas viejas): 103442 registros
[18:17:47]   ✓ Excel Juzgado (multas vencidas nuevas): 39913 registros
[18:17:50] ================================================================================
[18:17:50] PASO 1: LLENANDO ACTA_NUMERO (búsqueda por patente + fecha, con desempate por hora)
[18:17:50] ================================================================================
[18:17:56] 📊 ESTADÍSTICAS DE LLENADO DE ACTAS:
[18:17:56]   • Pagos con acta ORIGINAL: 3084
[18:17:56]   • Pagos SIN acta (buscados): 14120
[18:17:56]   • Pagos LLENADOS exitosamente: 1
[18:17:56]   • Pagos NO encontrados en multas: 14119
[18:17:56]   • Pagos SIN RESOLVER por desbalance de cantidades: 0
[18:17:57] ================================================================================
[18:17:57] PASO 1: LLENANDO ACTA_NUMERO (búsqueda por patente + fecha, con desempate por hora)
[18:17:57] ================================================================================
[18:18:02] 📊 ESTADÍSTICAS DE LLENADO DE ACTAS:
[18:18:02]   • Pagos con acta ORIGINAL: 3085
[18:18:02]   • Pagos SIN acta (buscados): 14119
[18:18:02]   • Pagos LLENADOS exitosamente: 0
[18:18:02]   • Pagos NO encontrados en multas: 14119
[18:18:02]   • Pagos SIN RESOLVER por desbalance de cantidades: 0
[18:18:02] ⏱ PASO 1 (llenar actas): 15.0s
[18:18:02] ================================================================================
[18:18:02] PASO 2: FILTRANDO PAGOS CON ACTA_NUMERO COMPLETO
[18:18:02] ================================================================================
[18:18:02] 📊 ESTADÍSTICAS DE FILTRADO:
[18:18:02]   • Pagos TOTALES al inicio: 17204
[18:18:02]   • Pagos CON acta (MANTIENEN): 3085
[18:18:02]   • Pagos RECHAZADOS (sin coincidencias): 14119
[18:18:02] ⚠️  Se eliminaron 14119 registros sin número de acta
[18:18:02]      (recordá: esto incluye tanto pagos ya actualizados/pagados
[18:18:02]       como pagos que quedaron sin resolver por desbalance en el Paso 1)
[18:18:02] ================================================================================
[18:18:02] PASO 2-bis: CONFIRMANDO VIGENCIA DE PAGOS DEL SISTEMA NUEVO (contra MULTAS_JUZGADO_CRUCE)
[18:18:02] ================================================================================
[18:18:03]   ⚠ 3081 pago(s) del sistema nuevo descartados: su acta ya no figura como vencida en MULTAS_JUZGADO_CRUCE (SEMyT ya los actualizó).
[18:18:03]   • Pagos del sistema nuevo descartados por ya estar actualizados: 3081
[18:18:03] ⏱ PASO 2 (filtrar): 1.2s
[18:18:03] 📂 Cargando maestro de causas SIGEMI...
[18:18:04]   ✓ Causas totales (maestro): 134069 registros
[18:18:04] ⏱ PASO 2.5 (causas simplificado): 0.2s
[18:18:04] ================================================================================
[18:18:04] PASO 2.5: ARMANDO causas.txt SIMPLIFICADO (cruce contra total_causas_sigemi.txt)
[18:18:04] ================================================================================
[18:18:06]   • Actas vencidas viejas (multas): 103442
[18:18:06]   • Causas totales en el maestro SIGEMI: 134069
[18:18:06]   • Causas que coinciden (simplificado): 103114
[18:18:06]   ✅ Archivo escrito: backend/descargas/causas/causas.txt
[18:18:06] ⏱ PASO 2.5 (causas simplificado): 2.7s
[18:18:06] ================================================================================
[18:18:06] PASO 3: LLENANDO CAUSA_NUMERO (según fecha de cambio de sistema, cruzando por acta + año)
[18:18:06] ================================================================================
[18:18:06] 📊 ESTADÍSTICAS DE LLENADO DE CAUSAS:
[18:18:06]   • Pagos con causa ORIGINAL: 3
[18:18:06]   • Causas encontradas en SIGEMI (actas viejas): 1
[18:18:06]   • Causas NO encontradas en SIGEMI: 0
[18:18:06]   • Causas asignadas automáticamente (actas nuevas): 0
[18:18:06] ⏱ PASO 3 (llenar causas): 0.0s
[18:18:06] ================================================================================
[18:18:06] PASO 4: ORDENANDO POR FECHA Y ACTA_NUMERO
[18:18:06] ================================================================================
[18:18:06] ✓ Pagos ordenados correctamente
[18:18:06]   • Primera entrada: Acta=11631, Fecha=17/07/2024
[18:18:06]   • Última entrada: Acta=277785, Fecha=11/03/2026
[18:18:06] 📝 Escribiendo archivo de salida...
[18:18:06]   ✅ Archivo escrito: backend/descargas/pagos/2026-07-24/PAGOS 20260724 181721.txt
[18:18:06]   ✅ Total registros: 569
[18:18:06] ⏱ PASO 4 (ordenar y escribir): 0.0s
[18:18:06] ================================================================================
[18:18:06] ✅ PROCESO COMPLETADO EXITOSAMENTE
[18:18:06] ================================================================================
[18:18:06] 📊 RESUMEN FINAL DEL PROCESAMIENTO:
[18:18:06]   ENTRADA:
[18:18:06]     • Pagos originales: 17204
[18:18:06]     • Multas SIGEMI cargadas: 103442
[18:18:06]     • Multas Juzgado cargadas: 39913
[18:18:06]     • Causas simplificadas (usadas para el cruce): 103114
[18:18:06]   PROCESO:
[18:18:06]     • Pagos rechazados sigemi: 14119
[18:18:06]     • Pagos rechazados juzgado: 3081
[18:18:06]   SALIDA:
[18:18:06]     • Pagos desactualizados procesados: 4
[18:18:06]     • Archivo final: backend/descargas/pagos/2026-07-24/PAGOS 20260724 181721.txt
[18:18:06]     • Ordenados por fecha: SÍ ✓
[18:18:06]     • Todos con ACTA_NUMERO: SÍ ✓
[18:18:06]     • Todos con CAUSA_NUMERO: SÍ ✓
[18:18:06] ✅ TXT de pagos (ya cruzado con actas y causas) generado en: backend/descargas/pagos/2026-07-24/PAGOS 20260724 181721.txt
[18:18:06] 🧹 TXT de pagos crudo eliminado (ya usado en el cruce): backend/descargas/pagos/2026-07-24/PAGOS DESCARGADOS.txt
[18:18:06] 🧹 Excel MULTAS_SIGEMI_CRUCE eliminado (ya usado en el cruce): backend/descargas/cache_actas_cruce/MULTAS_SIGEMI_CRUCE.xlsx
[18:18:06] 🧹 Excel MULTAS_JUZGADO_CRUCE eliminado (ya usado en el cruce): backend/descargas/cache_actas_cruce/MULTAS_JUZGADO_CRUCE.xlsx
[18:18:06] ✅ CompararActasPaso finalizado. (⏱ 45.5s)
[18:18:06] ✓ [CompararActasPaso] Completado.
[18:18:06] ▶ [CargarPagosPaso] Iniciando...
[18:18:06] ==================================================
[18:18:06] 🚀 PASO: CargarPagosPaso
[18:18:06] ==================================================
[18:18:06] 📤 Subiendo TXT de pagos al SEMyT...
[18:18:09] ✅ Importación de pagos completada con éxito.
[18:18:09] ✅ Archivo TXT de pagos cargado en el SEMyT correctamente.
[18:18:09] ✅ CargarPagosPaso finalizado. (⏱ 3.1s)
[18:18:09] ✓ [CargarPagosPaso] Completado.
[18:18:10] === Ejecución finalizada con éxito ===
