[11:47:37] === Inicio de ejecución: pagos ===
[11:47:38] ▶ [LoginSemytPaso] Iniciando...
[11:47:38] ==================================================
[11:47:38] 🚀 PASO: LoginSemytPaso
[11:47:38] ==================================================
[11:47:38] Abriendo SEMyT...
[11:47:56] ✅ [SEMyT] Sesión existente detectada. Login omitido.
[11:47:56] ✅ LoginSemytPaso finalizado. (⏱ 18.1s)
[11:47:56] ✓ [LoginSemytPaso] Completado.
[11:47:56] ▶ [LoginJuzgadoPaso] Iniciando...
[11:47:56] ==================================================
[11:47:56] 🚀 PASO: LoginJuzgadoPaso
[11:47:56] ==================================================
[11:47:56] Abriendo sitio municipalidad (CiDi)...
[11:47:57] ✅ [Juzgado] Sesión existente detectada. Login omitido.
[11:47:57] ✅ LoginJuzgadoPaso finalizado. (⏱ 0.7s)
[11:47:57] ✓ [LoginJuzgadoPaso] Completado.
[11:47:57] ▶ [DescargasParalelasPaso] Iniciando...
[11:47:57] ==================================================
[11:47:57] 🚀 PASO: DescargasParalelasPaso
[11:47:57] ==================================================
[11:47:57] 📤 Arrancando las 3 descargas en paralelo (mismo browser, páginas separadas)...
[11:47:57] Fecha Desde: 27/06/2024
[11:47:57] Fecha Hasta: 24/11/2025
[11:47:57] Fecha Desde: 25/11/2025
[11:47:57] Fecha Hasta: 27/07/2026
[11:47:57] Descargando Excel...
[11:47:57] Descargando Excel...
[11:48:14] Archivo descargado en: backend/descargas/cache_actas_cruce/MULTAS_JUZGADO_CRUCE.xlsx
[11:48:16] ⏱ [actas_juzgado] completado en 18.7s
[11:48:32] ✅ TXT de pagos descargado en: backend/descargas/pagos/2026-07-27/PAGOS DESCARGADOS.txt
[11:48:32] ⏱ [pagos_txt] completado en 35.1s
[11:48:54] Archivo descargado en: backend/descargas/cache_actas_cruce/MULTAS_SIGEMI_CRUCE.xlsx
[11:48:57] ⏱ [actas_sigemi] completado en 59.7s
[11:48:57] ⏱ TOTAL descargas en paralelo: 59.7s
[11:48:57] ✅ DescargasParalelasPaso finalizado. (⏱ 60.0s)
[11:48:57] ✓ [DescargasParalelasPaso] Completado.
[11:48:57] ▶ [CompararActasPaso] Iniciando...
[11:48:57] ==================================================
[11:48:57] 🚀 PASO: CompararActasPaso
[11:48:57] ==================================================
[11:48:57] 🔍 Comparando actas del SEMyT contra pagos del Juzgado...
[11:48:57] ================================================================================
[11:48:57] INICIANDO PROCESO DE GENERACIÓN DE PAGOS DESACTUALIZADOS
[11:48:57] ================================================================================
[11:48:57] 📂 Cargando archivos...
[11:48:57]   ✓ Pagos: 17753 registros
[11:49:00]   ✓ Excel SIGEMI (multas vencidas viejas): 103256 registros
[11:49:01]   ✓ Excel Juzgado (multas vencidas nuevas): 40448 registros
[11:49:02] ================================================================================
[11:49:02] PASO 1: LLENANDO ACTA_NUMERO (búsqueda por patente + fecha, con desempate por hora)
[11:49:02] ================================================================================
[11:49:03] 📊 ESTADÍSTICAS DE LLENADO DE ACTAS:
[11:49:03]   • Pagos con acta ORIGINAL: 3443
[11:49:03]   • Pagos SIN acta (buscados): 14310
[11:49:03]   • Pagos LLENADOS exitosamente: 4
[11:49:03]   • Pagos NO encontrados en multas: 14306
[11:49:03]   • Pagos SIN RESOLVER por desbalance de cantidades: 0
[11:49:03] ================================================================================
[11:49:03] PASO 1: LLENANDO ACTA_NUMERO (búsqueda por patente + fecha, con desempate por hora)
[11:49:03] ================================================================================
[11:49:05] 📊 ESTADÍSTICAS DE LLENADO DE ACTAS:
[11:49:05]   • Pagos con acta ORIGINAL: 3447
[11:49:05]   • Pagos SIN acta (buscados): 14306
[11:49:05]   • Pagos LLENADOS exitosamente: 0
[11:49:05]   • Pagos NO encontrados en multas: 14306
[11:49:05]   • Pagos SIN RESOLVER por desbalance de cantidades: 0
[11:49:05] ⏱ PASO 1 (llenar actas): 3.3s
[11:49:05] ================================================================================
[11:49:05] PASO 2: FILTRANDO PAGOS CON ACTA_NUMERO COMPLETO
[11:49:05] ================================================================================
[11:49:05] 📊 ESTADÍSTICAS DE FILTRADO:
[11:49:05]   • Pagos TOTALES al inicio: 17753
[11:49:05]   • Pagos CON acta (MANTIENEN): 3447
[11:49:05]   • Pagos RECHAZADOS (sin coincidencias): 14306
[11:49:05] ⚠️  Se eliminaron 14306 registros sin número de acta
[11:49:05]      (recordá: esto incluye tanto pagos ya actualizados/pagados
[11:49:05]       como pagos que quedaron sin resolver por desbalance en el Paso 1)
[11:49:05] ================================================================================
[11:49:05] PASO 2-bis: CONFIRMANDO VIGENCIA DE PAGOS (sistema NUEVO contra MULTAS_JUZGADO_CRUCE, sistema VIEJO contra SIGEMI)
[11:49:05] ================================================================================
[11:49:05]   ⚠ 3429 pago(s) descartados: su acta ya no figura como vencida en MULTAS_JUZGADO_CRUCE (SEMyT ya los actualizó).
[11:49:05]   ⚠ 2 pago(s) descartados: su acta ya no figura como vencida en el Excel de SIGEMI (SEMyT ya los actualizó).
[11:49:05]   • Pagos descartados en total por ya estar actualizados/pagados: 3431
[11:49:05] ⏱ PASO 2 (filtrar): 0.3s
[11:49:05] 📂 Cargando maestro de causas SIGEMI...
[11:49:05]   ✓ Causas totales (maestro): 134069 registros
[11:49:05] ⏱ PASO 2.5 (causas simplificado): 0.0s
[11:49:05] ================================================================================
[11:49:05] PASO 2.5: ARMANDO causas.txt SIMPLIFICADO (cruce contra total_causas_sigemi.txt)
[11:49:05] ================================================================================
[11:49:05]   • Actas vencidas viejas (multas): 103256
[11:49:05]   • Causas totales en el maestro SIGEMI: 134069
[11:49:05]   • Causas que coinciden (simplificado): 102929
[11:49:05]   ✅ Archivo escrito: backend/descargas/causas/causas.txt
[11:49:05] ⏱ PASO 2.5 (causas simplificado): 0.4s
[11:49:05] ================================================================================
[11:49:05] PASO 3: LLENANDO CAUSA_NUMERO (según fecha de cambio de sistema, cruzando por acta + año)
[11:49:05] ================================================================================
[11:49:05] 📊 ESTADÍSTICAS DE LLENADO DE CAUSAS:
[11:49:05]   • Pagos con causa ORIGINAL: 12
[11:49:05]   • Causas encontradas en SIGEMI (actas viejas): 4
[11:49:05]   • Causas NO encontradas en SIGEMI: 0
[11:49:05]   • Causas asignadas automáticamente (actas nuevas): 0
[11:49:05] ⏱ PASO 3 (llenar causas): 0.0s
[11:49:05] ================================================================================
[11:49:05] PASO 4: ORDENANDO POR FECHA Y ACTA_NUMERO
[11:49:05] ================================================================================
[11:49:05] ✓ Pagos ordenados correctamente
[11:49:05]   • Primera entrada: Acta=12972, Fecha=18/07/2024
[11:49:05]   • Última entrada: Acta=351853, Fecha=13/05/2026
[11:49:05] 📝 Escribiendo archivo de salida...
[11:49:05]   ✅ Archivo escrito: backend/descargas/pagos/2026-07-27/PAGOS 20260727 114857.txt
[11:49:05]   ✅ Total registros: 1925
[11:49:05] ⏱ PASO 4 (ordenar y escribir): 0.0s
[11:49:05] ================================================================================
[11:49:05] ✅ PROCESO COMPLETADO EXITOSAMENTE
[11:49:05] ================================================================================
[11:49:05] 📊 RESUMEN FINAL DEL PROCESAMIENTO:
[11:49:05]   ENTRADA:
[11:49:05]     • Pagos originales: 17753
[11:49:05]     • Multas SIGEMI cargadas: 103256
[11:49:05]     • Multas Juzgado cargadas: 40448
[11:49:05]     • Causas simplificadas (usadas para el cruce): 102929
[11:49:05]   PROCESO:
[11:49:05]     • Pagos rechazados sigemi: 14306
[11:49:05]     • Pagos rechazados juzgado: 3431
[11:49:05]   SALIDA:
[11:49:05]     • Pagos desactualizados procesados: 16
[11:49:05]     • Archivo final: backend/descargas/pagos/2026-07-27/PAGOS 20260727 114857.txt
[11:49:05]     • Ordenados por fecha: SÍ ✓
[11:49:05]     • Todos con ACTA_NUMERO: SÍ ✓
[11:49:05]     • Todos con CAUSA_NUMERO: SÍ ✓
[11:49:05] ✅ TXT de pagos (ya cruzado con actas y causas) generado en: backend/descargas/pagos/2026-07-27/PAGOS 20260727 114857.txt
[11:49:05] 🧹 TXT de pagos crudo eliminado (ya usado en el cruce): backend/descargas/pagos/2026-07-27/PAGOS DESCARGADOS.txt
[11:49:05] 🧹 Excel MULTAS_SIGEMI_CRUCE eliminado (ya usado en el cruce): backend/descargas/cache_actas_cruce/MULTAS_SIGEMI_CRUCE.xlsx
[11:49:05] 🧹 Excel MULTAS_JUZGADO_CRUCE eliminado (ya usado en el cruce): backend/descargas/cache_actas_cruce/MULTAS_JUZGADO_CRUCE.xlsx
[11:49:05] ✅ CompararActasPaso finalizado. (⏱ 8.6s)
[11:49:05] ✓ [CompararActasPaso] Completado.
[11:49:05] ▶ [CargarPagosPaso] Iniciando...
[11:49:05] ==================================================
[11:49:05] 🚀 PASO: CargarPagosPaso
[11:49:05] ==================================================
[11:49:05] 📤 Subiendo TXT de pagos al SEMyT...
[11:49:07] ✅ Importación de pagos completada con éxito.
[11:49:08] ✅ Archivo TXT de pagos cargado en el SEMyT correctamente.
[11:49:08] ✅ CargarPagosPaso finalizado. (⏱ 2.1s)
[11:49:08] ✓ [CargarPagosPaso] Completado.
[11:49:08] === Ejecución finalizada con éxito ===
