[12:45:54] === Inicio de ejecución: pagos ===
[12:45:54] ▶ [LoginSemytPaso] Iniciando...
[12:45:54] ==================================================
[12:45:54] 🚀 PASO: LoginSemytPaso
[12:45:54] ==================================================
[12:45:54] Abriendo SEMyT...
[12:46:11] ✅ [SEMyT] Sesión existente detectada. Login omitido.
[12:46:11] ✅ LoginSemytPaso finalizado. (⏱ 16.6s)
[12:46:11] ✓ [LoginSemytPaso] Completado.
[12:46:11] ▶ [LoginJuzgadoPaso] Iniciando...
[12:46:11] ==================================================
[12:46:11] 🚀 PASO: LoginJuzgadoPaso
[12:46:11] ==================================================
[12:46:11] Abriendo sitio municipalidad (CiDi)...
[12:46:11] ✅ [Juzgado] Sesión existente detectada. Login omitido.
[12:46:11] ✅ LoginJuzgadoPaso finalizado. (⏱ 0.6s)
[12:46:11] ✓ [LoginJuzgadoPaso] Completado.
[12:46:11] ▶ [DescargasParalelasPaso] Iniciando...
[12:46:11] ==================================================
[12:46:11] 🚀 PASO: DescargasParalelasPaso
[12:46:11] ==================================================
[12:46:12] 📤 Arrancando las 3 descargas en paralelo (mismo browser, páginas separadas)...
[12:46:12] Fecha Desde: 27/06/2024
[12:46:12] Fecha Hasta: 24/11/2025
[12:46:12] Fecha Desde: 25/11/2025
[12:46:12] Fecha Hasta: 27/07/2026
[12:46:12] Descargando Excel...
[12:46:12] Descargando Excel...
[12:46:27] Archivo descargado en: backend/descargas/cache_actas_cruce/MULTAS_JUZGADO_CRUCE.xlsx
[12:46:28] ⏱ [actas_juzgado] completado en 16.7s
[12:46:38] ✅ TXT de pagos descargado en: backend/descargas/pagos/2026-07-27/PAGOS DESCARGADOS.txt
[12:46:38] ⏱ [pagos_txt] completado en 26.1s
[12:46:48] Archivo descargado en: backend/descargas/cache_actas_cruce/MULTAS_SIGEMI_CRUCE.xlsx
[12:46:51] ⏱ [actas_sigemi] completado en 39.3s
[12:46:51] ⏱ TOTAL descargas en paralelo: 39.3s
[12:46:51] ✅ DescargasParalelasPaso finalizado. (⏱ 39.6s)
[12:46:51] ✓ [DescargasParalelasPaso] Completado.
[12:46:51] ▶ [CompararActasPaso] Iniciando...
[12:46:51] ==================================================
[12:46:51] 🚀 PASO: CompararActasPaso
[12:46:51] ==================================================
[12:46:51] 🔍 Comparando actas del SEMyT contra pagos del Juzgado...
[12:46:51] ================================================================================
[12:46:51] INICIANDO PROCESO DE GENERACIÓN DE PAGOS DESACTUALIZADOS
[12:46:51] ================================================================================
[12:46:51] 📂 Cargando archivos...
[12:46:51]   ✓ Pagos: 17821 registros
[12:46:54]   ✓ Excel SIGEMI (multas vencidas viejas): 103235 registros
[12:46:56]   ✓ Excel Juzgado (multas vencidas nuevas): 40392 registros
[12:46:56] ================================================================================
[12:46:56] PASO 1: LLENANDO ACTA_NUMERO (búsqueda por patente + fecha, con desempate por hora)
[12:46:56] ================================================================================
[12:46:57] 📊 ESTADÍSTICAS DE LLENADO DE ACTAS:
[12:46:57]   • Pagos con acta ORIGINAL: 3490
[12:46:57]   • Pagos SIN acta (buscados): 14331
[12:46:57]   • Pagos LLENADOS exitosamente: 4
[12:46:57]   • Pagos NO encontrados en multas: 14327
[12:46:57]   • Pagos SIN RESOLVER por desbalance de cantidades: 0
[12:46:58] ================================================================================
[12:46:58] PASO 1: LLENANDO ACTA_NUMERO (búsqueda por patente + fecha, con desempate por hora)
[12:46:58] ================================================================================
[12:46:59] 📊 ESTADÍSTICAS DE LLENADO DE ACTAS:
[12:46:59]   • Pagos con acta ORIGINAL: 3494
[12:46:59]   • Pagos SIN acta (buscados): 14327
[12:46:59]   • Pagos LLENADOS exitosamente: 0
[12:46:59]   • Pagos NO encontrados en multas: 14327
[12:46:59]   • Pagos SIN RESOLVER por desbalance de cantidades: 0
[12:46:59] ⏱ PASO 1 (llenar actas): 3.3s
[12:46:59] ================================================================================
[12:46:59] PASO 2: FILTRANDO PAGOS CON ACTA_NUMERO COMPLETO
[12:46:59] ================================================================================
[12:46:59] 📊 ESTADÍSTICAS DE FILTRADO:
[12:46:59]   • Pagos TOTALES al inicio: 17821
[12:46:59]   • Pagos CON acta (MANTIENEN): 3494
[12:46:59]   • Pagos RECHAZADOS (sin coincidencias): 14327
[12:46:59] ⚠️  Se eliminaron 14327 registros sin número de acta
[12:46:59]      (recordá: esto incluye tanto pagos ya actualizados/pagados
[12:46:59]       como pagos que quedaron sin resolver por desbalance en el Paso 1)
[12:46:59] ================================================================================
[12:46:59] PASO 2-bis: CONFIRMANDO VIGENCIA DE PAGOS (sistema NUEVO contra MULTAS_JUZGADO_CRUCE, sistema VIEJO contra SIGEMI)
[12:46:59] ================================================================================
[12:46:59]   ⚠ 3485 pago(s) descartados: su acta ya no figura como vencida en MULTAS_JUZGADO_CRUCE (SEMyT ya los actualizó).
[12:46:59]   ⚠ 2 pago(s) descartados: su acta ya no figura como vencida en el Excel de SIGEMI (SEMyT ya los actualizó).
[12:46:59]   • Pagos descartados en total por ya estar actualizados/pagados: 3487
[12:46:59] ⏱ PASO 2 (filtrar): 0.3s
[12:46:59] 📂 Cargando maestro de causas SIGEMI...
[12:46:59]   ✓ Causas totales (maestro): 134069 registros
[12:46:59] ⏱ PASO 2.5 (causas simplificado): 0.0s
[12:46:59] ================================================================================
[12:46:59] PASO 2.5: ARMANDO causas.txt SIMPLIFICADO (cruce contra total_causas_sigemi.txt)
[12:46:59] ================================================================================
[12:47:00]   • Actas vencidas viejas (multas): 103235
[12:47:00]   • Causas totales en el maestro SIGEMI: 134069
[12:47:00]   • Causas que coinciden (simplificado): 102908
[12:47:00]   ✅ Archivo escrito: backend/descargas/causas/causas.txt
[12:47:00] ⏱ PASO 2.5 (causas simplificado): 0.4s
[12:47:00] ================================================================================
[12:47:00] PASO 3: LLENANDO CAUSA_NUMERO (según fecha de cambio de sistema, cruzando por acta + año)
[12:47:00] ================================================================================
[12:47:00] 📊 ESTADÍSTICAS DE LLENADO DE CAUSAS:
[12:47:00]   • Pagos con causa ORIGINAL: 3
[12:47:00]   • Causas encontradas en SIGEMI (actas viejas): 4
[12:47:00]   • Causas NO encontradas en SIGEMI: 0
[12:47:00]   • Causas asignadas automáticamente (actas nuevas): 0
[12:47:00] ⏱ PASO 3 (llenar causas): 0.0s
[12:47:00] ================================================================================
[12:47:00] PASO 4: ORDENANDO POR FECHA Y ACTA_NUMERO
[12:47:00] ================================================================================
[12:47:00] ✓ Pagos ordenados correctamente
[12:47:00]   • Primera entrada: Acta=189297, Fecha=13/08/2025
[12:47:00]   • Última entrada: Acta=307003, Fecha=04/05/2026
[12:47:00] 📝 Escribiendo archivo de salida...
[12:47:00]   ✅ Archivo escrito: backend/descargas/pagos/2026-07-27/PAGOS 20260727 124651.txt
[12:47:00]   ✅ Total registros: 883
[12:47:00] ⏱ PASO 4 (ordenar y escribir): 0.0s
[12:47:00] ================================================================================
[12:47:00] ✅ PROCESO COMPLETADO EXITOSAMENTE
[12:47:00] ================================================================================
[12:47:00] 📊 RESUMEN FINAL DEL PROCESAMIENTO:
[12:47:00]   ENTRADA:
[12:47:00]     • Pagos originales: 17821
[12:47:00]     • Multas SIGEMI cargadas: 103235
[12:47:00]     • Multas Juzgado cargadas: 40392
[12:47:00]     • Causas simplificadas (usadas para el cruce): 102908
[12:47:00]   PROCESO:
[12:47:00]     • Pagos rechazados sigemi: 14327
[12:47:00]     • Pagos rechazados juzgado: 3487
[12:47:00]   SALIDA:
[12:47:00]     • Pagos desactualizados procesados: 7
[12:47:00]     • Archivo final: backend/descargas/pagos/2026-07-27/PAGOS 20260727 124651.txt
[12:47:00]     • Ordenados por fecha: SÍ ✓
[12:47:00]     • Todos con ACTA_NUMERO: SÍ ✓
[12:47:00]     • Todos con CAUSA_NUMERO: SÍ ✓
[12:47:00] ✅ TXT de pagos (ya cruzado con actas y causas) generado en: backend/descargas/pagos/2026-07-27/PAGOS 20260727 124651.txt
[12:47:00] 🧹 TXT de pagos crudo eliminado (ya usado en el cruce): backend/descargas/pagos/2026-07-27/PAGOS DESCARGADOS.txt
[12:47:00] 🧹 Excel MULTAS_SIGEMI_CRUCE eliminado (ya usado en el cruce): backend/descargas/cache_actas_cruce/MULTAS_SIGEMI_CRUCE.xlsx
[12:47:00] 🧹 Excel MULTAS_JUZGADO_CRUCE eliminado (ya usado en el cruce): backend/descargas/cache_actas_cruce/MULTAS_JUZGADO_CRUCE.xlsx
[12:47:00] ✅ CompararActasPaso finalizado. (⏱ 8.6s)
[12:47:00] ✓ [CompararActasPaso] Completado.
[12:47:00] ▶ [CargarPagosPaso] Iniciando...
[12:47:00] ==================================================
[12:47:00] 🚀 PASO: CargarPagosPaso
[12:47:00] ==================================================
[12:47:00] 📤 Subiendo TXT de pagos al SEMyT...
[12:47:02] ✅ Importación de pagos completada con éxito.
[12:47:02] ✅ Archivo TXT de pagos cargado en el SEMyT correctamente.
[12:47:02] ✅ CargarPagosPaso finalizado. (⏱ 2.1s)
[12:47:02] ✓ [CargarPagosPaso] Completado.
[12:47:02] === Ejecución finalizada con éxito ===
