[08:03:58] === Inicio de ejecución: pagos ===
[08:03:59] ==================================================
[08:03:59] 🚀 PASO: LoginSEMyTPaso
[08:03:59] ==================================================
[08:03:59] Abriendo SEMyT...
[08:04:04] ✅ [SEMyT] Sesión existente detectada. Login omitido.
[08:04:04] ✅ LoginSEMyTPaso finalizado. (⏱ 5.3s)
[08:04:04] ==================================================
[08:04:04] 🚀 PASO: LoginSIGIPaso
[08:04:04] ==================================================
[08:04:04] Abriendo sitio municipalidad (CiDi)...
[08:04:05] ✅ [SIGI] Sesión existente detectada. Login omitido.
[08:04:05] ✅ LoginSIGIPaso finalizado. (⏱ 0.7s)
[08:04:05] ==================================================
[08:04:05] 🚀 PASO: DescargasParalelasPaso
[08:04:05] ==================================================
[08:04:06] 📤 Arrancando las 3 descargas en paralelo (mismo browser, páginas separadas)...
[08:04:06] Fecha Desde: 27/06/2024
[08:04:06] Fecha Hasta: 24/11/2025
[08:04:06] Fecha Desde: 25/11/2025
[08:04:06] Fecha Hasta: 14/08/2026
[08:04:06] Descargando Excel...
[08:04:06] Descargando Excel...
[08:04:20] Archivo descargado en: datos/descargas/cache_actas_cruce/MULTAS_SIGI_CRUCE.xlsx
[08:04:23] ⏱ [actas_sigi] completado en 17.2s
[08:04:39] Archivo descargado en: datos/descargas/cache_actas_cruce/MULTAS_SIGEMI_CRUCE.xlsx
[08:04:47] ⏱ [actas_sigemi] completado en 41.0s
[08:04:47] ✅ TXT de pagos descargado en: datos/descargas/pagos/2026-08-14/ALL PAGOS DESCARGADOS.txt
[08:04:47] ⏱ [pagos_txt] completado en 41.0s
[08:04:47] ⏱ TOTAL descargas en paralelo: 41.0s
[08:04:47] ✅ DescargasParalelasPaso finalizado. (⏱ 41.6s)
[08:04:47] ==================================================
[08:04:47] 🚀 PASO: CompararActasPaso
[08:04:47] ==================================================
[08:04:47] 🔍 Comparando actas del SEMyT contra pagos del SIGI...
[08:04:47] ================================================================================
[08:04:47] INICIANDO PROCESO DE GENERACIÓN DE PAGOS DESACTUALIZADOS
[08:04:47] ================================================================================
[08:04:47] 📂 Cargando archivos...
[08:04:47]   ✓ Pagos: 21296 registros
[08:04:53]   ✓ Excel SIGEMI (multas vencidas viejas): 101096 registros
[08:04:56]   ✓ Excel SIGI (multas vencidas nuevas): 42811 registros
[08:04:58] ================================================================================
[08:04:58] PASO 1: LLENANDO ACTA_NUMERO (búsqueda por patente + fecha, con desempate por hora)
[08:04:58] ================================================================================
[08:05:01] 📊 ESTADÍSTICAS DE LLENADO DE ACTAS:
[08:05:01]   • Pagos con acta ORIGINAL: 5570
[08:05:01]   • Pagos SIN acta (buscados): 15726
[08:05:01]   • Pagos LLENADOS exitosamente: 0
[08:05:01]   • Pagos NO encontrados en multas: 15726
[08:05:01]   • Pagos SIN RESOLVER por desbalance de cantidades: 0
[08:05:01] ================================================================================
[08:05:01] PASO 1: LLENANDO ACTA_NUMERO (búsqueda por patente + fecha, con desempate por hora)
[08:05:01] ================================================================================
[08:05:05] 📊 ESTADÍSTICAS DE LLENADO DE ACTAS:
[08:05:05]   • Pagos con acta ORIGINAL: 5570
[08:05:05]   • Pagos SIN acta (buscados): 15726
[08:05:05]   • Pagos LLENADOS exitosamente: 0
[08:05:05]   • Pagos NO encontrados en multas: 15726
[08:05:05]   • Pagos SIN RESOLVER por desbalance de cantidades: 0
[08:05:05] ⏱ PASO 1 (llenar actas): 8.2s
[08:05:05] ================================================================================
[08:05:05] PASO 2: FILTRANDO PAGOS CON ACTA_NUMERO COMPLETO
[08:05:05] ================================================================================
[08:05:05] 📊 ESTADÍSTICAS DE FILTRADO:
[08:05:05]   • Pagos TOTALES al inicio: 21296
[08:05:05]   • Pagos CON acta (MANTIENEN): 5570
[08:05:05]   • Pagos RECHAZADOS (sin coincidencias): 15726
[08:05:05] ⚠️  Se eliminaron 15726 registros sin número de acta
[08:05:05]      (recordá: esto incluye tanto pagos ya actualizados/pagados
[08:05:05]       como pagos que quedaron sin resolver por desbalance en el Paso 1)
[08:05:05] ================================================================================
[08:05:05] PASO 2-bis: CONFIRMANDO VIGENCIA DE PAGOS (sistema NUEVO contra MULTAS_SIGI_CRUCE, sistema VIEJO contra SIGEMI)
[08:05:05] ================================================================================
[08:05:06]   ⚠ 5554 pago(s) descartados: su acta ya no figura como vencida en MULTAS_SIGI_CRUCE (SEMyT ya los actualizó).
[08:05:06]   ⚠ 15 pago(s) descartados: su acta ya no figura como vencida en el Excel de SIGEMI (SEMyT ya los actualizó).
[08:05:06]   • Pagos descartados en total por ya estar actualizados/pagados: 5569
[08:05:06] ⏱ PASO 2 (filtrar): 1.0s
[08:05:06] 📂 Cargando maestro de causas SIGEMI...
[08:05:06]   ✓ Causas totales (maestro): 134069 registros
[08:05:06] ================================================================================
[08:05:06] PASO 2.5: ARMANDO causas.txt SIMPLIFICADO (cruce contra total_causas_sigemi.txt)
[08:05:06] ================================================================================
[08:05:06]   • Actas vencidas viejas (multas): 101096
[08:05:06]   • Causas totales en el maestro SIGEMI: 134069
[08:05:06]   • Causas que coinciden (simplificado): 100784
[08:05:06]   ✅ Archivo escrito: datos/descargas/causas/causas.txt
[08:05:06] ⏱ PASO 2.5 (causas simplificado): 0.9s
[08:05:06] ================================================================================
[08:05:06] PASO 3: LLENANDO CAUSA_NUMERO (según fecha de cambio de sistema, cruzando por acta + año)
[08:05:06] ================================================================================
[08:05:06] 📊 ESTADÍSTICAS DE LLENADO DE CAUSAS:
[08:05:06]   • Pagos con causa ORIGINAL: 1
[08:05:06]   • Causas encontradas en SIGEMI (actas viejas): 0
[08:05:06]   • Causas NO encontradas en SIGEMI: 0
[08:05:06]   • Causas asignadas automáticamente (actas nuevas): 0
[08:05:06] ⏱ PASO 3 (llenar causas): 0.0s
[08:05:06] ================================================================================
[08:05:06] PASO 4: ORDENANDO POR FECHA Y ACTA_NUMERO
[08:05:06] ================================================================================
[08:05:06] ✓ Pagos ordenados correctamente
[08:05:06]   • Primera entrada: Acta=320914, Fecha=27/05/2026
[08:05:06]   • Última entrada: Acta=320914, Fecha=27/05/2026
[08:05:06] 📝 Escribiendo archivo de salida...
[08:05:06]   ✅ Archivo escrito: datos/descargas/pagos/2026-08-14/PAGOS 20260814 080447.txt
[08:05:06]   ✅ Total registros: 258
[08:05:06] ⏱ PASO 4 (ordenar y escribir): 0.0s
[08:05:06] ================================================================================
[08:05:06] ✅ PROCESO COMPLETADO EXITOSAMENTE
[08:05:06] ================================================================================
[08:05:06] 📊 RESUMEN FINAL DEL PROCESAMIENTO:
[08:05:06]   ENTRADA:
[08:05:06]     • Pagos originales: 21296
[08:05:06]     • Multas SIGEMI cargadas: 101096
[08:05:06]     • Multas SIGI cargadas: 42811
[08:05:06]     • Causas simplificadas (usadas para el cruce): 100784
[08:05:06]   PROCESO:
[08:05:06]     • Pagos rechazados sigemi: 15726
[08:05:06]     • Pagos rechazados sigi: 5569
[08:05:06]   SALIDA:
[08:05:06]     • Pagos desactualizados procesados: 1
[08:05:06]     • Archivo final: datos/descargas/pagos/2026-08-14/PAGOS 20260814 080447.txt
[08:05:06]     • Ordenados por fecha: SÍ ✓
[08:05:06]     • Todos con ACTA_NUMERO: SÍ ✓
[08:05:06]     • Todos con CAUSA_NUMERO: SÍ ✓
[08:05:07] ✅ TXT de pagos (ya cruzado con actas y causas) generado en: datos/descargas/pagos/2026-08-14/PAGOS 20260814 080447.txt
[08:05:07] 🧹 TXT de pagos crudo eliminado (ya usado en el cruce): datos/descargas/pagos/2026-08-14/ALL PAGOS DESCARGADOS.txt
[08:05:07] 🧹 Excel MULTAS_SIGEMI_CRUCE eliminado (ya usado en el cruce): datos/descargas/cache_actas_cruce/MULTAS_SIGEMI_CRUCE.xlsx
[08:05:07] 🧹 Excel MULTAS_SIGI_CRUCE eliminado (ya usado en el cruce): datos/descargas/cache_actas_cruce/MULTAS_SIGI_CRUCE.xlsx
[08:05:07] ✅ CompararActasPaso finalizado. (⏱ 20.0s)
[08:05:07] ==================================================
[08:05:07] 🚀 PASO: CargarPagosPaso
[08:05:07] ==================================================
[08:05:07] 📤 Subiendo TXT de pagos al SEMyT...
[08:05:08] ✅ Importación de pagos completada con éxito.
[08:05:09] ✅ Archivo TXT de pagos cargado en el SEMyT correctamente.
[08:05:09] ✅ CargarPagosPaso finalizado. (⏱ 2.1s)
[08:05:09] === Ejecución finalizada con éxito ===
