[13:58:27] === Inicio de ejecución: pagos ===
[13:58:28] ==================================================
[13:58:28] 🚀 PASO: LoginSEMyTPaso
[13:58:28] ==================================================
[13:58:28] Abriendo SEMyT...
[13:58:31] ✅ [SEMyT] Sesión existente detectada. Login omitido.
[13:58:31] ✅ LoginSEMyTPaso finalizado. (⏱ 3.1s)
[13:58:31] ==================================================
[13:58:31] 🚀 PASO: LoginSIGIPaso
[13:58:31] ==================================================
[13:58:31] Abriendo sitio municipalidad (CiDi)...
[13:58:32] ✅ [SIGI] Sesión existente detectada. Login omitido.
[13:58:32] ✅ LoginSIGIPaso finalizado. (⏱ 0.8s)
[13:58:32] ==================================================
[13:58:32] 🚀 PASO: DescargasParalelasPaso
[13:58:32] ==================================================
[13:58:32] 📤 Arrancando las 3 descargas en paralelo (mismo browser, páginas separadas)...
[13:58:32] Fecha Desde: 27/06/2024
[13:58:32] Fecha Hasta: 24/11/2025
[13:58:32] Fecha Desde: 25/11/2025
[13:58:32] Fecha Hasta: 14/08/2026
[13:58:32] Descargando Excel...
[13:58:32] Descargando Excel...
[13:58:44] Archivo descargado en: datos/descargas/cache_actas_cruce/MULTAS_SIGI_CRUCE.xlsx
[13:58:47] ⏱ [actas_sigi] completado en 14.2s
[13:58:51] Archivo descargado en: datos/descargas/cache_actas_cruce/MULTAS_SIGEMI_CRUCE.xlsx
[13:58:57] ⏱ [actas_sigemi] completado en 24.8s
[13:58:59] ✅ TXT de pagos descargado en: datos/descargas/pagos/2026-08-14/ALL PAGOS DESCARGADOS.txt
[13:58:59] ⏱ [pagos_txt] completado en 26.6s
[13:58:59] ⏱ TOTAL descargas en paralelo: 26.6s
[13:58:59] ✅ DescargasParalelasPaso finalizado. (⏱ 27.1s)
[13:58:59] ==================================================
[13:58:59] 🚀 PASO: CompararActasPaso
[13:58:59] ==================================================
[13:58:59] 🔍 Comparando actas del SEMyT contra pagos del SIGI...
[13:58:59] ================================================================================
[13:58:59] INICIANDO PROCESO DE GENERACIÓN DE PAGOS DESACTUALIZADOS
[13:58:59] ================================================================================
[13:58:59] 📂 Cargando archivos...
[13:58:59]   ✓ Pagos: 21349 registros
[13:59:05]   ✓ Excel SIGEMI (multas vencidas viejas): 101003 registros
[13:59:08]   ✓ Excel SIGI (multas vencidas nuevas): 42782 registros
[13:59:09] ================================================================================
[13:59:09] PASO 1: LLENANDO ACTA_NUMERO (búsqueda por patente + fecha, con desempate por hora)
[13:59:09] ================================================================================
[13:59:12] 📊 ESTADÍSTICAS DE LLENADO DE ACTAS:
[13:59:12]   • Pagos con acta ORIGINAL: 5587
[13:59:12]   • Pagos SIN acta (buscados): 15762
[13:59:12]   • Pagos LLENADOS exitosamente: 1
[13:59:12]   • Pagos NO encontrados en multas: 15761
[13:59:12]   • Pagos SIN RESOLVER por desbalance de cantidades: 0
[13:59:13] ================================================================================
[13:59:13] PASO 1: LLENANDO ACTA_NUMERO (búsqueda por patente + fecha, con desempate por hora)
[13:59:13] ================================================================================
[13:59:16] 📊 ESTADÍSTICAS DE LLENADO DE ACTAS:
[13:59:16]   • Pagos con acta ORIGINAL: 5588
[13:59:16]   • Pagos SIN acta (buscados): 15761
[13:59:16]   • Pagos LLENADOS exitosamente: 0
[13:59:16]   • Pagos NO encontrados en multas: 15761
[13:59:16]   • Pagos SIN RESOLVER por desbalance de cantidades: 0
[13:59:16] ⏱ PASO 1 (llenar actas): 7.7s
[13:59:16] ================================================================================
[13:59:16] PASO 2: FILTRANDO PAGOS CON ACTA_NUMERO COMPLETO
[13:59:16] ================================================================================
[13:59:16] 📊 ESTADÍSTICAS DE FILTRADO:
[13:59:16]   • Pagos TOTALES al inicio: 21349
[13:59:16]   • Pagos CON acta (MANTIENEN): 5588
[13:59:16]   • Pagos RECHAZADOS (sin coincidencias): 15761
[13:59:16] ⚠️  Se eliminaron 15761 registros sin número de acta
[13:59:16]      (recordá: esto incluye tanto pagos ya actualizados/pagados
[13:59:16]       como pagos que quedaron sin resolver por desbalance en el Paso 1)
[13:59:16] ================================================================================
[13:59:16] PASO 2-bis: CONFIRMANDO VIGENCIA DE PAGOS (sistema NUEVO contra MULTAS_SIGI_CRUCE, sistema VIEJO contra SIGEMI)
[13:59:16] ================================================================================
[13:59:17]   ⚠ 5572 pago(s) descartados: su acta ya no figura como vencida en MULTAS_SIGI_CRUCE (SEMyT ya los actualizó).
[13:59:17]   ⚠ 15 pago(s) descartados: su acta ya no figura como vencida en el Excel de SIGEMI (SEMyT ya los actualizó).
[13:59:17]   • Pagos descartados en total por ya estar actualizados/pagados: 5587
[13:59:17] ⏱ PASO 2 (filtrar): 0.9s
[13:59:17] 📂 Cargando maestro de causas SIGEMI...
[13:59:17]   ✓ Causas totales (maestro): 134069 registros
[13:59:17] ================================================================================
[13:59:17] PASO 2.5: ARMANDO causas.txt SIMPLIFICADO (cruce contra total_causas_sigemi.txt)
[13:59:17] ================================================================================
[13:59:17]   • Actas vencidas viejas (multas): 101003
[13:59:17]   • Causas totales en el maestro SIGEMI: 134069
[13:59:17]   • Causas que coinciden (simplificado): 100692
[13:59:17]   ✅ Archivo escrito: datos/descargas/causas/causas.txt
[13:59:18] ⏱ PASO 2.5 (causas simplificado): 0.9s
[13:59:18] ================================================================================
[13:59:18] PASO 3: LLENANDO CAUSA_NUMERO (según fecha de cambio de sistema, cruzando por acta + año)
[13:59:18] ================================================================================
[13:59:18] 📊 ESTADÍSTICAS DE LLENADO DE CAUSAS:
[13:59:18]   • Pagos con causa ORIGINAL: 0
[13:59:18]   • Causas encontradas en SIGEMI (actas viejas): 1
[13:59:18]   • Causas NO encontradas en SIGEMI: 0
[13:59:18]   • Causas asignadas automáticamente (actas nuevas): 0
[13:59:18] ⏱ PASO 3 (llenar causas): 0.0s
[13:59:18] ================================================================================
[13:59:18] PASO 4: ORDENANDO POR FECHA Y ACTA_NUMERO
[13:59:18] ================================================================================
[13:59:18] ✓ Pagos ordenados correctamente
[13:59:18]   • Primera entrada: Acta=229981, Fecha=05/11/2025
[13:59:18]   • Última entrada: Acta=229981, Fecha=05/11/2025
[13:59:18] 📝 Escribiendo archivo de salida...
[13:59:18]   ✅ Archivo escrito: datos/descargas/pagos/2026-08-14/PAGOS 20260814 135859.txt
[13:59:18]   ✅ Total registros: 258
[13:59:18] ⏱ PASO 4 (ordenar y escribir): 0.0s
[13:59:18] ================================================================================
[13:59:18] ✅ PROCESO COMPLETADO EXITOSAMENTE
[13:59:18] ================================================================================
[13:59:18] 📊 RESUMEN FINAL DEL PROCESAMIENTO:
[13:59:18]   ENTRADA:
[13:59:18]     • Pagos originales: 21349
[13:59:18]     • Multas SIGEMI cargadas: 101003
[13:59:18]     • Multas SIGI cargadas: 42782
[13:59:18]     • Causas simplificadas (usadas para el cruce): 100692
[13:59:18]   PROCESO:
[13:59:18]     • Pagos rechazados sigemi: 15761
[13:59:18]     • Pagos rechazados sigi: 5587
[13:59:18]   SALIDA:
[13:59:18]     • Pagos desactualizados procesados: 1
[13:59:18]     • Archivo final: datos/descargas/pagos/2026-08-14/PAGOS 20260814 135859.txt
[13:59:18]     • Ordenados por fecha: SÍ ✓
[13:59:18]     • Todos con ACTA_NUMERO: SÍ ✓
[13:59:18]     • Todos con CAUSA_NUMERO: SÍ ✓
[13:59:18] ✅ TXT de pagos (ya cruzado con actas y causas) generado en: datos/descargas/pagos/2026-08-14/PAGOS 20260814 135859.txt
[13:59:18] 🧹 TXT de pagos crudo eliminado (ya usado en el cruce): datos/descargas/pagos/2026-08-14/ALL PAGOS DESCARGADOS.txt
[13:59:18] 🧹 Excel MULTAS_SIGEMI_CRUCE eliminado (ya usado en el cruce): datos/descargas/cache_actas_cruce/MULTAS_SIGEMI_CRUCE.xlsx
[13:59:18] 🧹 Excel MULTAS_SIGI_CRUCE eliminado (ya usado en el cruce): datos/descargas/cache_actas_cruce/MULTAS_SIGI_CRUCE.xlsx
[13:59:18] ✅ CompararActasPaso finalizado. (⏱ 18.7s)
[13:59:18] ==================================================
[13:59:18] 🚀 PASO: CargarPagosPaso
[13:59:18] ==================================================
[13:59:18] 📤 Subiendo TXT de pagos al SEMyT...
[13:59:19] ✅ Importación de pagos completada con éxito.
[13:59:19] ✅ Archivo TXT de pagos cargado en el SEMyT correctamente.
[13:59:19] ✅ CargarPagosPaso finalizado. (⏱ 1.5s)
[13:59:19] === Ejecución finalizada con éxito ===
