[12:28:09] === Inicio de ejecución: pagos ===
[12:28:10] ==================================================
[12:28:10] 🚀 PASO: LoginSEMyTPaso
[12:28:10] ==================================================
[12:28:10] Abriendo SEMyT...
[12:28:12] ✅ [SEMyT] Sesión existente detectada. Login omitido.
[12:28:12] ✅ LoginSEMyTPaso finalizado. (⏱ 2.9s)
[12:28:12] ==================================================
[12:28:12] 🚀 PASO: LoginSIGIPaso
[12:28:12] ==================================================
[12:28:12] Abriendo sitio municipalidad (CiDi)...
[12:28:13] ✅ [SIGI] Sesión existente detectada. Login omitido.
[12:28:13] ✅ LoginSIGIPaso finalizado. (⏱ 0.6s)
[12:28:13] ==================================================
[12:28:13] 🚀 PASO: DescargasParalelasPaso
[12:28:13] ==================================================
[12:28:13] 📤 Arrancando las 3 descargas en paralelo (mismo browser, páginas separadas)...
[12:28:13] Fecha Desde: 27/06/2024
[12:28:13] Fecha Hasta: 24/11/2025
[12:28:13] Fecha Desde: 25/11/2025
[12:28:13] Fecha Hasta: 09/08/2026
[12:28:13] Descargando Excel...
[12:28:13] Descargando Excel...
[12:28:24] Archivo descargado en: datos/descargas/cache_actas_cruce/MULTAS_SIGI_CRUCE.xlsx
[12:28:25] ⏱ [actas_sigi] completado en 12.0s
[12:28:32] Archivo descargado en: datos/descargas/cache_actas_cruce/MULTAS_SIGEMI_CRUCE.xlsx
[12:28:35] ⏱ [actas_sigemi] completado en 21.9s
[12:28:42] ✅ TXT de pagos descargado en: datos/descargas/pagos/2026-08-09/ALL PAGOS DESCARGADOS.txt
[12:28:42] ⏱ [pagos_txt] completado en 28.5s
[12:28:42] ⏱ TOTAL descargas en paralelo: 28.5s
[12:28:42] ✅ DescargasParalelasPaso finalizado. (⏱ 28.8s)
[12:28:42] ==================================================
[12:28:42] 🚀 PASO: CompararActasPaso
[12:28:42] ==================================================
[12:28:42] 🔍 Comparando actas del SEMyT contra pagos del SIGI...
[12:28:42] ================================================================================
[12:28:42] INICIANDO PROCESO DE GENERACIÓN DE PAGOS DESACTUALIZADOS
[12:28:42] ================================================================================
[12:28:42] 📂 Cargando archivos...
[12:28:42]   ✓ Pagos: 20833 registros
[12:28:45]   ✓ Excel SIGEMI (multas vencidas viejas): 101426 registros
[12:28:47]   ✓ Excel SIGI (multas vencidas nuevas): 42186 registros
[12:28:47] ================================================================================
[12:28:47] PASO 1: LLENANDO ACTA_NUMERO (búsqueda por patente + fecha, con desempate por hora)
[12:28:47] ================================================================================
[12:28:49] 📊 ESTADÍSTICAS DE LLENADO DE ACTAS:
[12:28:49]   • Pagos con acta ORIGINAL: 5340
[12:28:49]   • Pagos SIN acta (buscados): 15493
[12:28:49]   • Pagos LLENADOS exitosamente: 1
[12:28:49]   • Pagos NO encontrados en multas: 15492
[12:28:49]   • Pagos SIN RESOLVER por desbalance de cantidades: 0
[12:28:49] ================================================================================
[12:28:49] PASO 1: LLENANDO ACTA_NUMERO (búsqueda por patente + fecha, con desempate por hora)
[12:28:49] ================================================================================
[12:28:50] 📊 ESTADÍSTICAS DE LLENADO DE ACTAS:
[12:28:50]   • Pagos con acta ORIGINAL: 5341
[12:28:50]   • Pagos SIN acta (buscados): 15492
[12:28:50]   • Pagos LLENADOS exitosamente: 0
[12:28:50]   • Pagos NO encontrados en multas: 15492
[12:28:50]   • Pagos SIN RESOLVER por desbalance de cantidades: 0
[12:28:50] ⏱ PASO 1 (llenar actas): 4.0s
[12:28:50] ================================================================================
[12:28:50] PASO 2: FILTRANDO PAGOS CON ACTA_NUMERO COMPLETO
[12:28:50] ================================================================================
[12:28:50] 📊 ESTADÍSTICAS DE FILTRADO:
[12:28:50]   • Pagos TOTALES al inicio: 20833
[12:28:50]   • Pagos CON acta (MANTIENEN): 5341
[12:28:50]   • Pagos RECHAZADOS (sin coincidencias): 15492
[12:28:50] ⚠️  Se eliminaron 15492 registros sin número de acta
[12:28:50]      (recordá: esto incluye tanto pagos ya actualizados/pagados
[12:28:50]       como pagos que quedaron sin resolver por desbalance en el Paso 1)
[12:28:50] ================================================================================
[12:28:50] PASO 2-bis: CONFIRMANDO VIGENCIA DE PAGOS (sistema NUEVO contra MULTAS_SIGI_CRUCE, sistema VIEJO contra SIGEMI)
[12:28:50] ================================================================================
[12:28:51]   ⚠ 5326 pago(s) descartados: su acta ya no figura como vencida en MULTAS_SIGI_CRUCE (SEMyT ya los actualizó).
[12:28:51]   ⚠ 14 pago(s) descartados: su acta ya no figura como vencida en el Excel de SIGEMI (SEMyT ya los actualizó).
[12:28:51]   • Pagos descartados en total por ya estar actualizados/pagados: 5340
[12:28:51] ⏱ PASO 2 (filtrar): 0.5s
[12:28:51] 📂 Cargando maestro de causas SIGEMI...
[12:28:51]   ✓ Causas totales (maestro): 134069 registros
[12:28:51] ================================================================================
[12:28:51] PASO 2.5: ARMANDO causas.txt SIMPLIFICADO (cruce contra total_causas_sigemi.txt)
[12:28:51] ================================================================================
[12:28:51]   • Actas vencidas viejas (multas): 101426
[12:28:51]   • Causas totales en el maestro SIGEMI: 134069
[12:28:51]   • Causas que coinciden (simplificado): 101112
[12:28:51]   ✅ Archivo escrito: datos/descargas/causas/causas.txt
[12:28:51] ⏱ PASO 2.5 (causas simplificado): 0.4s
[12:28:51] ================================================================================
[12:28:51] PASO 3: LLENANDO CAUSA_NUMERO (según fecha de cambio de sistema, cruzando por acta + año)
[12:28:51] ================================================================================
[12:28:51] 📊 ESTADÍSTICAS DE LLENADO DE CAUSAS:
[12:28:51]   • Pagos con causa ORIGINAL: 0
[12:28:51]   • Causas encontradas en SIGEMI (actas viejas): 1
[12:28:51]   • Causas NO encontradas en SIGEMI: 0
[12:28:51]   • Causas asignadas automáticamente (actas nuevas): 0
[12:28:51] ⏱ PASO 3 (llenar causas): 0.0s
[12:28:51] ================================================================================
[12:28:51] PASO 4: ORDENANDO POR FECHA Y ACTA_NUMERO
[12:28:51] ================================================================================
[12:28:51] ✓ Pagos ordenados correctamente
[12:28:51]   • Primera entrada: Acta=218740, Fecha=13/10/2025
[12:28:51]   • Última entrada: Acta=218740, Fecha=13/10/2025
[12:28:51] 📝 Escribiendo archivo de salida...
[12:28:51]   ✅ Archivo escrito: datos/descargas/pagos/2026-08-09/PAGOS 20260809 122842.txt
[12:28:51]   ✅ Total registros: 256
[12:28:51] ⏱ PASO 4 (ordenar y escribir): 0.0s
[12:28:51] ================================================================================
[12:28:51] ✅ PROCESO COMPLETADO EXITOSAMENTE
[12:28:51] ================================================================================
[12:28:51] 📊 RESUMEN FINAL DEL PROCESAMIENTO:
[12:28:51]   ENTRADA:
[12:28:51]     • Pagos originales: 20833
[12:28:51]     • Multas SIGEMI cargadas: 101426
[12:28:51]     • Multas SIGI cargadas: 42186
[12:28:51]     • Causas simplificadas (usadas para el cruce): 101112
[12:28:51]   PROCESO:
[12:28:51]     • Pagos rechazados sigemi: 15492
[12:28:51]     • Pagos rechazados sigi: 5340
[12:28:51]   SALIDA:
[12:28:51]     • Pagos desactualizados procesados: 1
[12:28:51]     • Archivo final: datos/descargas/pagos/2026-08-09/PAGOS 20260809 122842.txt
[12:28:51]     • Ordenados por fecha: SÍ ✓
[12:28:51]     • Todos con ACTA_NUMERO: SÍ ✓
[12:28:51]     • Todos con CAUSA_NUMERO: SÍ ✓
[12:28:51] ✅ TXT de pagos (ya cruzado con actas y causas) generado en: datos/descargas/pagos/2026-08-09/PAGOS 20260809 122842.txt
[12:28:51] 🧹 TXT de pagos crudo eliminado (ya usado en el cruce): datos/descargas/pagos/2026-08-09/ALL PAGOS DESCARGADOS.txt
[12:28:51] 🧹 Excel MULTAS_SIGEMI_CRUCE eliminado (ya usado en el cruce): datos/descargas/cache_actas_cruce/MULTAS_SIGEMI_CRUCE.xlsx
[12:28:51] 🧹 Excel MULTAS_SIGI_CRUCE eliminado (ya usado en el cruce): datos/descargas/cache_actas_cruce/MULTAS_SIGI_CRUCE.xlsx
[12:28:51] ✅ CompararActasPaso finalizado. (⏱ 9.6s)
[12:28:51] ==================================================
[12:28:51] 🚀 PASO: CargarPagosPaso
[12:28:51] ==================================================
[12:28:51] 📤 Subiendo TXT de pagos al SEMyT...
[12:28:53] ✅ Importación de pagos completada con éxito.
[12:28:53] ✅ Archivo TXT de pagos cargado en el SEMyT correctamente.
[12:28:53] ✅ CargarPagosPaso finalizado. (⏱ 2.0s)
[12:28:53] === Ejecución finalizada con éxito ===
