[08:48:23] === Inicio de ejecución: pagos ===
[08:48:24] ▶ [LoginSEMyTPaso] Iniciando...
[08:48:24] ==================================================
[08:48:24] 🚀 PASO: LoginSEMyTPaso
[08:48:24] ==================================================
[08:48:24] Abriendo SEMyT...
[08:48:30] ✅ [SEMyT] Sesión existente detectada. Login omitido.
[08:48:30] ✅ LoginSEMyTPaso finalizado. (⏱ 6.1s)
[08:48:30] ✓ [LoginSEMyTPaso] Completado.
[08:48:30] ▶ [LoginSIGIPaso] Iniciando...
[08:48:30] ==================================================
[08:48:30] 🚀 PASO: LoginSIGIPaso
[08:48:30] ==================================================
[08:48:30] Abriendo sitio municipalidad (CiDi)...
[08:48:30] ✅ [SIGI] Sesión existente detectada. Login omitido.
[08:48:30] ✅ LoginSIGIPaso finalizado. (⏱ 0.4s)
[08:48:30] ✓ [LoginSIGIPaso] Completado.
[08:48:30] ▶ [DescargasParalelasPaso] Iniciando...
[08:48:30] ==================================================
[08:48:30] 🚀 PASO: DescargasParalelasPaso
[08:48:30] ==================================================
[08:48:30] 📤 Arrancando las 3 descargas en paralelo (mismo browser, páginas separadas)...
[08:48:30] Fecha Desde: 27/06/2024
[08:48:30] Fecha Hasta: 24/11/2025
[08:48:30] Fecha Desde: 25/11/2025
[08:48:30] Fecha Hasta: 03/08/2026
[08:48:30] Descargando Excel...
[08:48:30] Descargando Excel...
[08:48:46] Archivo descargado en: backend/descargas/cache_actas_cruce/MULTAS_SIGI_CRUCE.xlsx
[08:48:47] ⏱ [actas_sigi] completado en 16.7s
[08:49:04] Archivo descargado en: backend/descargas/cache_actas_cruce/MULTAS_SIGEMI_CRUCE.xlsx
[08:49:08] ⏱ [actas_sigemi] completado en 37.2s
[08:49:10] ✅ TXT de pagos descargado en: backend/descargas/pagos/2026-08-03/PAGOS DESCARGADOS.txt
[08:49:10] ⏱ [pagos_txt] completado en 39.6s
[08:49:10] ⏱ TOTAL descargas en paralelo: 39.6s
[08:49:10] ✅ DescargasParalelasPaso finalizado. (⏱ 39.8s)
[08:49:10] ✓ [DescargasParalelasPaso] Completado.
[08:49:10] ▶ [CompararActasPaso] Iniciando...
[08:49:10] ==================================================
[08:49:10] 🚀 PASO: CompararActasPaso
[08:49:10] ==================================================
[08:49:10] 🔍 Comparando actas del SEMyT contra pagos del SIGI...
[08:49:10] ================================================================================
[08:49:10] INICIANDO PROCESO DE GENERACIÓN DE PAGOS DESACTUALIZADOS
[08:49:10] ================================================================================
[08:49:10] 📂 Cargando archivos...
[08:49:10]   ✓ Pagos: 19793 registros
[08:49:13]   ✓ Excel SIGEMI (multas vencidas viejas): 102102 registros
[08:49:14]   ✓ Excel SIGI (multas vencidas nuevas): 40869 registros
[08:49:15] ================================================================================
[08:49:15] PASO 1: LLENANDO ACTA_NUMERO (búsqueda por patente + fecha, con desempate por hora)
[08:49:15] ================================================================================
[08:49:16] 📊 ESTADÍSTICAS DE LLENADO DE ACTAS:
[08:49:16]   • Pagos con acta ORIGINAL: 4728
[08:49:16]   • Pagos SIN acta (buscados): 15065
[08:49:16]   • Pagos LLENADOS exitosamente: 2
[08:49:16]   • Pagos NO encontrados en multas: 15063
[08:49:16]   • Pagos SIN RESOLVER por desbalance de cantidades: 0
[08:49:17] ================================================================================
[08:49:17] PASO 1: LLENANDO ACTA_NUMERO (búsqueda por patente + fecha, con desempate por hora)
[08:49:17] ================================================================================
[08:49:18] 📊 ESTADÍSTICAS DE LLENADO DE ACTAS:
[08:49:18]   • Pagos con acta ORIGINAL: 4730
[08:49:18]   • Pagos SIN acta (buscados): 15063
[08:49:18]   • Pagos LLENADOS exitosamente: 0
[08:49:18]   • Pagos NO encontrados en multas: 15063
[08:49:18]   • Pagos SIN RESOLVER por desbalance de cantidades: 0
[08:49:18] ⏱ PASO 1 (llenar actas): 3.5s
[08:49:18] ================================================================================
[08:49:18] PASO 2: FILTRANDO PAGOS CON ACTA_NUMERO COMPLETO
[08:49:18] ================================================================================
[08:49:18] 📊 ESTADÍSTICAS DE FILTRADO:
[08:49:18]   • Pagos TOTALES al inicio: 19793
[08:49:18]   • Pagos CON acta (MANTIENEN): 4730
[08:49:18]   • Pagos RECHAZADOS (sin coincidencias): 15063
[08:49:18] ⚠️  Se eliminaron 15063 registros sin número de acta
[08:49:18]      (recordá: esto incluye tanto pagos ya actualizados/pagados
[08:49:18]       como pagos que quedaron sin resolver por desbalance en el Paso 1)
[08:49:18] ================================================================================
[08:49:18] PASO 2-bis: CONFIRMANDO VIGENCIA DE PAGOS (sistema NUEVO contra MULTAS_SIGI_CRUCE, sistema VIEJO contra SIGEMI)
[08:49:18] ================================================================================
[08:49:18]   ⚠ 4715 pago(s) descartados: su acta ya no figura como vencida en MULTAS_SIGI_CRUCE (SEMyT ya los actualizó).
[08:49:18]   ⚠ 10 pago(s) descartados: su acta ya no figura como vencida en el Excel de SIGEMI (SEMyT ya los actualizó).
[08:49:18]   • Pagos descartados en total por ya estar actualizados/pagados: 4725
[08:49:18] ⏱ PASO 2 (filtrar): 0.4s
[08:49:18] 📂 Cargando maestro de causas SIGEMI...
[08:49:18]   ✓ Causas totales (maestro): 134069 registros
[08:49:18] ⏱ PASO 2.5 (causas simplificado): 0.0s
[08:49:18] ================================================================================
[08:49:18] PASO 2.5: ARMANDO causas.txt SIMPLIFICADO (cruce contra total_causas_sigemi.txt)
[08:49:18] ================================================================================
[08:49:19]   • Actas vencidas viejas (multas): 102102
[08:49:19]   • Causas totales en el maestro SIGEMI: 134069
[08:49:19]   • Causas que coinciden (simplificado): 101783
[08:49:19]   ✅ Archivo escrito: backend/descargas/causas/causas.txt
[08:49:19] ⏱ PASO 2.5 (causas simplificado): 0.4s
[08:49:19] ================================================================================
[08:49:19] PASO 3: LLENANDO CAUSA_NUMERO (según fecha de cambio de sistema, cruzando por acta + año)
[08:49:19] ================================================================================
[08:49:19] 📊 ESTADÍSTICAS DE LLENADO DE CAUSAS:
[08:49:19]   • Pagos con causa ORIGINAL: 3
[08:49:19]   • Causas encontradas en SIGEMI (actas viejas): 2
[08:49:19]   • Causas NO encontradas en SIGEMI: 0
[08:49:19]   • Causas asignadas automáticamente (actas nuevas): 0
[08:49:19] ⏱ PASO 3 (llenar causas): 0.0s
[08:49:19] ================================================================================
[08:49:19] PASO 4: ORDENANDO POR FECHA Y ACTA_NUMERO
[08:49:19] ================================================================================
[08:49:19] ✓ Pagos ordenados correctamente
[08:49:19]   • Primera entrada: Acta=38311, Fecha=29/08/2024
[08:49:19]   • Última entrada: Acta=319826, Fecha=26/05/2026
[08:49:19] 📝 Escribiendo archivo de salida...
[08:49:19]   ✅ Archivo escrito: backend/descargas/pagos/2026-08-03/PAGOS 20260803 084910.txt
[08:49:19]   ✅ Total registros: 706
[08:49:19] ⏱ PASO 4 (ordenar y escribir): 0.0s
[08:49:19] ================================================================================
[08:49:19] ✅ PROCESO COMPLETADO EXITOSAMENTE
[08:49:19] ================================================================================
[08:49:19] 📊 RESUMEN FINAL DEL PROCESAMIENTO:
[08:49:19]   ENTRADA:
[08:49:19]     • Pagos originales: 19793
[08:49:19]     • Multas SIGEMI cargadas: 102102
[08:49:19]     • Multas SIGI cargadas: 40869
[08:49:19]     • Causas simplificadas (usadas para el cruce): 101783
[08:49:19]   PROCESO:
[08:49:19]     • Pagos rechazados sigemi: 15063
[08:49:19]     • Pagos rechazados sigi: 4725
[08:49:19]   SALIDA:
[08:49:19]     • Pagos desactualizados procesados: 5
[08:49:19]     • Archivo final: backend/descargas/pagos/2026-08-03/PAGOS 20260803 084910.txt
[08:49:19]     • Ordenados por fecha: SÍ ✓
[08:49:19]     • Todos con ACTA_NUMERO: SÍ ✓
[08:49:19]     • Todos con CAUSA_NUMERO: SÍ ✓
[08:49:19] ✅ TXT de pagos (ya cruzado con actas y causas) generado en: backend/descargas/pagos/2026-08-03/PAGOS 20260803 084910.txt
[08:49:19] 🧹 TXT de pagos crudo eliminado (ya usado en el cruce): backend/descargas/pagos/2026-08-03/PAGOS DESCARGADOS.txt
[08:49:19] 🧹 Excel MULTAS_SIGEMI_CRUCE eliminado (ya usado en el cruce): backend/descargas/cache_actas_cruce/MULTAS_SIGEMI_CRUCE.xlsx
[08:49:19] 🧹 Excel MULTAS_SIGI_CRUCE eliminado (ya usado en el cruce): backend/descargas/cache_actas_cruce/MULTAS_SIGI_CRUCE.xlsx
[08:49:19] ✅ CompararActasPaso finalizado. (⏱ 8.8s)
[08:49:19] ✓ [CompararActasPaso] Completado.
[08:49:19] ▶ [CargarPagosPaso] Iniciando...
[08:49:19] ==================================================
[08:49:19] 🚀 PASO: CargarPagosPaso
[08:49:19] ==================================================
[08:49:19] 📤 Subiendo TXT de pagos al SEMyT...
[08:49:21] ✅ Importación de pagos completada con éxito.
[08:49:21] ✅ Archivo TXT de pagos cargado en el SEMyT correctamente.
[08:49:21] ✅ CargarPagosPaso finalizado. (⏱ 2.1s)
[08:49:21] ✓ [CargarPagosPaso] Completado.
[08:49:21] === Ejecución finalizada con éxito ===
