[20:17:13] === Inicio de ejecución: pagos ===
[20:17:13] ▶ [LoginSEMyTPaso] Iniciando...
[20:17:13] ==================================================
[20:17:13] 🚀 PASO: LoginSEMyTPaso
[20:17:13] ==================================================
[20:17:14] Abriendo SEMyT...
[20:17:17] ✅ [SEMyT] Sesión existente detectada. Login omitido.
[20:17:18] ✅ LoginSEMyTPaso finalizado. (⏱ 4.4s)
[20:17:18] ✓ [LoginSEMyTPaso] Completado.
[20:17:18] ▶ [LoginSIGIPaso] Iniciando...
[20:17:18] ==================================================
[20:17:18] 🚀 PASO: LoginSIGIPaso
[20:17:18] ==================================================
[20:17:18] Abriendo sitio municipalidad (CiDi)...
[20:17:19] ✅ [SIGI] Sesión existente detectada. Login omitido.
[20:17:19] ✅ LoginSIGIPaso finalizado. (⏱ 1.5s)
[20:17:19] ✓ [LoginSIGIPaso] Completado.
[20:17:19] ▶ [DescargasParalelasPaso] Iniciando...
[20:17:19] ==================================================
[20:17:19] 🚀 PASO: DescargasParalelasPaso
[20:17:19] ==================================================
[20:17:21] 📤 Arrancando las 3 descargas en paralelo (mismo browser, páginas separadas)...
[20:17:21] Fecha Desde: 27/06/2024
[20:17:21] Fecha Hasta: 24/11/2025
[20:17:21] Fecha Desde: 25/11/2025
[20:17:21] Fecha Hasta: 03/08/2026
[20:17:21] Descargando Excel...
[20:17:21] Descargando Excel...
[20:17:31] Archivo descargado en: backend/descargas/cache_actas_cruce/MULTAS_SIGI_CRUCE.xlsx
[20:17:32] ⏱ [actas_sigi] completado en 11.1s
[20:17:39] Archivo descargado en: backend/descargas/cache_actas_cruce/MULTAS_SIGEMI_CRUCE.xlsx
[20:17:42] ⏱ [actas_sigemi] completado en 21.4s
[20:18:09] ✅ TXT de pagos descargado en: backend/descargas/pagos/2026-08-03/PAGOS DESCARGADOS.txt
[20:18:09] ⏱ [pagos_txt] completado en 47.8s
[20:18:09] ⏱ TOTAL descargas en paralelo: 47.8s
[20:18:09] ✅ DescargasParalelasPaso finalizado. (⏱ 49.4s)
[20:18:09] ✓ [DescargasParalelasPaso] Completado.
[20:18:09] ▶ [CompararActasPaso] Iniciando...
[20:18:09] ==================================================
[20:18:09] 🚀 PASO: CompararActasPaso
[20:18:09] ==================================================
[20:18:09] 🔍 Comparando actas del SEMyT contra pagos del SIGI...
[20:18:09] ================================================================================
[20:18:09] INICIANDO PROCESO DE GENERACIÓN DE PAGOS DESACTUALIZADOS
[20:18:09] ================================================================================
[20:18:09] 📂 Cargando archivos...
[20:18:09]   ✓ Pagos: 20016 registros
[20:18:12]   ✓ Excel SIGEMI (multas vencidas viejas): 101998 registros
[20:18:13]   ✓ Excel SIGI (multas vencidas nuevas): 40708 registros
[20:18:14] ================================================================================
[20:18:14] PASO 1: LLENANDO ACTA_NUMERO (búsqueda por patente + fecha, con desempate por hora)
[20:18:14] ================================================================================
[20:18:15] 📊 ESTADÍSTICAS DE LLENADO DE ACTAS:
[20:18:15]   • Pagos con acta ORIGINAL: 4872
[20:18:15]   • Pagos SIN acta (buscados): 15144
[20:18:15]   • Pagos LLENADOS exitosamente: 1
[20:18:15]   • Pagos NO encontrados en multas: 15143
[20:18:15]   • Pagos SIN RESOLVER por desbalance de cantidades: 0
[20:18:15] ================================================================================
[20:18:15] PASO 1: LLENANDO ACTA_NUMERO (búsqueda por patente + fecha, con desempate por hora)
[20:18:15] ================================================================================
[20:18:17] 📊 ESTADÍSTICAS DE LLENADO DE ACTAS:
[20:18:17]   • Pagos con acta ORIGINAL: 4873
[20:18:17]   • Pagos SIN acta (buscados): 15143
[20:18:17]   • Pagos LLENADOS exitosamente: 0
[20:18:17]   • Pagos NO encontrados en multas: 15143
[20:18:17]   • Pagos SIN RESOLVER por desbalance de cantidades: 0
[20:18:17] ⏱ PASO 1 (llenar actas): 3.7s
[20:18:17] ================================================================================
[20:18:17] PASO 2: FILTRANDO PAGOS CON ACTA_NUMERO COMPLETO
[20:18:17] ================================================================================
[20:18:17] 📊 ESTADÍSTICAS DE FILTRADO:
[20:18:17]   • Pagos TOTALES al inicio: 20016
[20:18:17]   • Pagos CON acta (MANTIENEN): 4873
[20:18:17]   • Pagos RECHAZADOS (sin coincidencias): 15143
[20:18:17] ⚠️  Se eliminaron 15143 registros sin número de acta
[20:18:17]      (recordá: esto incluye tanto pagos ya actualizados/pagados
[20:18:17]       como pagos que quedaron sin resolver por desbalance en el Paso 1)
[20:18:17] ================================================================================
[20:18:17] PASO 2-bis: CONFIRMANDO VIGENCIA DE PAGOS (sistema NUEVO contra MULTAS_SIGI_CRUCE, sistema VIEJO contra SIGEMI)
[20:18:17] ================================================================================
[20:18:17]   ⚠ 4862 pago(s) descartados: su acta ya no figura como vencida en MULTAS_SIGI_CRUCE (SEMyT ya los actualizó).
[20:18:17]   ⚠ 10 pago(s) descartados: su acta ya no figura como vencida en el Excel de SIGEMI (SEMyT ya los actualizó).
[20:18:17]   • Pagos descartados en total por ya estar actualizados/pagados: 4872
[20:18:17] ⏱ PASO 2 (filtrar): 0.4s
[20:18:17] 📂 Cargando maestro de causas SIGEMI...
[20:18:17]   ✓ Causas totales (maestro): 134069 registros
[20:18:17] ⏱ PASO 2.5 (causas simplificado): 0.0s
[20:18:17] ================================================================================
[20:18:17] PASO 2.5: ARMANDO causas.txt SIMPLIFICADO (cruce contra total_causas_sigemi.txt)
[20:18:17] ================================================================================
[20:18:18]   • Actas vencidas viejas (multas): 101998
[20:18:18]   • Causas totales en el maestro SIGEMI: 134069
[20:18:18]   • Causas que coinciden (simplificado): 101679
[20:18:18]   ✅ Archivo escrito: backend/descargas/causas/causas.txt
[20:18:18] ⏱ PASO 2.5 (causas simplificado): 0.4s
[20:18:18] ================================================================================
[20:18:18] PASO 3: LLENANDO CAUSA_NUMERO (según fecha de cambio de sistema, cruzando por acta + año)
[20:18:18] ================================================================================
[20:18:18] 📊 ESTADÍSTICAS DE LLENADO DE CAUSAS:
[20:18:18]   • Pagos con causa ORIGINAL: 0
[20:18:18]   • Causas encontradas en SIGEMI (actas viejas): 1
[20:18:18]   • Causas NO encontradas en SIGEMI: 0
[20:18:18]   • Causas asignadas automáticamente (actas nuevas): 0
[20:18:18] ⏱ PASO 3 (llenar causas): 0.0s
[20:18:18] ================================================================================
[20:18:18] PASO 4: ORDENANDO POR FECHA Y ACTA_NUMERO
[20:18:18] ================================================================================
[20:18:18] ✓ Pagos ordenados correctamente
[20:18:18]   • Primera entrada: Acta=218280, Fecha=09/10/2025
[20:18:18]   • Última entrada: Acta=218280, Fecha=09/10/2025
[20:18:18] 📝 Escribiendo archivo de salida...
[20:18:18]   ✅ Archivo escrito: backend/descargas/pagos/2026-08-03/PAGOS 20260803 201809.txt
[20:18:18]   ✅ Total registros: 259
[20:18:18] ⏱ PASO 4 (ordenar y escribir): 0.0s
[20:18:18] ================================================================================
[20:18:18] ✅ PROCESO COMPLETADO EXITOSAMENTE
[20:18:18] ================================================================================
[20:18:18] 📊 RESUMEN FINAL DEL PROCESAMIENTO:
[20:18:18]   ENTRADA:
[20:18:18]     • Pagos originales: 20016
[20:18:18]     • Multas SIGEMI cargadas: 101998
[20:18:18]     • Multas SIGI cargadas: 40708
[20:18:18]     • Causas simplificadas (usadas para el cruce): 101679
[20:18:18]   PROCESO:
[20:18:18]     • Pagos rechazados sigemi: 15143
[20:18:18]     • Pagos rechazados sigi: 4872
[20:18:18]   SALIDA:
[20:18:18]     • Pagos desactualizados procesados: 1
[20:18:18]     • Archivo final: backend/descargas/pagos/2026-08-03/PAGOS 20260803 201809.txt
[20:18:18]     • Ordenados por fecha: SÍ ✓
[20:18:18]     • Todos con ACTA_NUMERO: SÍ ✓
[20:18:18]     • Todos con CAUSA_NUMERO: SÍ ✓
[20:18:18] ✅ TXT de pagos (ya cruzado con actas y causas) generado en: backend/descargas/pagos/2026-08-03/PAGOS 20260803 201809.txt
[20:18:18] 🧹 TXT de pagos crudo eliminado (ya usado en el cruce): backend/descargas/pagos/2026-08-03/PAGOS DESCARGADOS.txt
[20:18:18] 🧹 Excel MULTAS_SIGEMI_CRUCE eliminado (ya usado en el cruce): backend/descargas/cache_actas_cruce/MULTAS_SIGEMI_CRUCE.xlsx
[20:18:18] 🧹 Excel MULTAS_SIGI_CRUCE eliminado (ya usado en el cruce): backend/descargas/cache_actas_cruce/MULTAS_SIGI_CRUCE.xlsx
[20:18:18] ✅ CompararActasPaso finalizado. (⏱ 9.1s)
[20:18:18] ✓ [CompararActasPaso] Completado.
[20:18:18] ▶ [CargarPagosPaso] Iniciando...
[20:18:18] ==================================================
[20:18:18] 🚀 PASO: CargarPagosPaso
[20:18:18] ==================================================
[20:18:18] 📤 Subiendo TXT de pagos al SEMyT...
[20:18:20] ✅ Importación de pagos completada con éxito.
[20:18:20] ✅ Archivo TXT de pagos cargado en el SEMyT correctamente.
[20:18:20] ✅ CargarPagosPaso finalizado. (⏱ 2.8s)
[20:18:20] ✓ [CargarPagosPaso] Completado.
[20:18:20] === Ejecución finalizada con éxito ===
