[12:55:15] === Inicio de ejecución: pagos ===
[12:55:15] ▶ [LoginSEMyTPaso] Iniciando...
[12:55:15] ==================================================
[12:55:15] 🚀 PASO: LoginSEMyTPaso
[12:55:15] ==================================================
[12:55:16] Abriendo SEMyT...
[12:55:37] ✅ [SEMyT] Sesión existente detectada. Login omitido.
[12:55:38] ✅ LoginSEMyTPaso finalizado. (⏱ 22.2s)
[12:55:38] ✓ [LoginSEMyTPaso] Completado.
[12:55:38] ▶ [LoginSIGIPaso] Iniciando...
[12:55:38] ==================================================
[12:55:38] 🚀 PASO: LoginSIGIPaso
[12:55:38] ==================================================
[12:55:38] Abriendo sitio municipalidad (CiDi)...
[12:55:39] ✅ [SIGI] Sesión existente detectada. Login omitido.
[12:55:39] ✅ LoginSIGIPaso finalizado. (⏱ 1.1s)
[12:55:39] ✓ [LoginSIGIPaso] Completado.
[12:55:39] ▶ [DescargasParalelasPaso] Iniciando...
[12:55:39] ==================================================
[12:55:39] 🚀 PASO: DescargasParalelasPaso
[12:55:39] ==================================================
[12:55:39] 📤 Arrancando las 3 descargas en paralelo (mismo browser, páginas separadas)...
[12:55:39] Fecha Desde: 27/06/2024
[12:55:39] Fecha Hasta: 24/11/2025
[12:55:39] Fecha Desde: 25/11/2025
[12:55:39] Fecha Hasta: 03/08/2026
[12:55:39] Descargando Excel...
[12:55:39] Descargando Excel...
[12:55:59] Archivo descargado en: backend/descargas/cache_actas_cruce/MULTAS_SIGI_CRUCE.xlsx
[12:56:00] ⏱ [actas_sigi] completado en 21.2s
[12:56:16] ✅ TXT de pagos descargado en: backend/descargas/pagos/2026-08-03/PAGOS DESCARGADOS.txt
[12:56:16] ⏱ [pagos_txt] completado en 36.7s
[12:56:18] Archivo descargado en: backend/descargas/cache_actas_cruce/MULTAS_SIGEMI_CRUCE.xlsx
[12:56:21] ⏱ [actas_sigemi] completado en 41.8s
[12:56:21] ⏱ TOTAL descargas en paralelo: 41.8s
[12:56:21] ✅ DescargasParalelasPaso finalizado. (⏱ 42.1s)
[12:56:21] ✓ [DescargasParalelasPaso] Completado.
[12:56:21] ▶ [CompararActasPaso] Iniciando...
[12:56:21] ==================================================
[12:56:21] 🚀 PASO: CompararActasPaso
[12:56:21] ==================================================
[12:56:21] 🔍 Comparando actas del SEMyT contra pagos del SIGI...
[12:56:21] ================================================================================
[12:56:21] INICIANDO PROCESO DE GENERACIÓN DE PAGOS DESACTUALIZADOS
[12:56:21] ================================================================================
[12:56:21] 📂 Cargando archivos...
[12:56:21]   ✓ Pagos: 19913 registros
[12:56:24]   ✓ Excel SIGEMI (multas vencidas viejas): 102028 registros
[12:56:25]   ✓ Excel SIGI (multas vencidas nuevas): 40800 registros
[12:56:26] ================================================================================
[12:56:26] PASO 1: LLENANDO ACTA_NUMERO (búsqueda por patente + fecha, con desempate por hora)
[12:56:26] ================================================================================
[12:56:27] 📊 ESTADÍSTICAS DE LLENADO DE ACTAS:
[12:56:27]   • Pagos con acta ORIGINAL: 4792
[12:56:27]   • Pagos SIN acta (buscados): 15121
[12:56:27]   • Pagos LLENADOS exitosamente: 2
[12:56:27]   • Pagos NO encontrados en multas: 15119
[12:56:27]   • Pagos SIN RESOLVER por desbalance de cantidades: 0
[12:56:27] ================================================================================
[12:56:27] PASO 1: LLENANDO ACTA_NUMERO (búsqueda por patente + fecha, con desempate por hora)
[12:56:27] ================================================================================
[12:56:29] 📊 ESTADÍSTICAS DE LLENADO DE ACTAS:
[12:56:29]   • Pagos con acta ORIGINAL: 4794
[12:56:29]   • Pagos SIN acta (buscados): 15119
[12:56:29]   • Pagos LLENADOS exitosamente: 0
[12:56:29]   • Pagos NO encontrados en multas: 15119
[12:56:29]   • Pagos SIN RESOLVER por desbalance de cantidades: 0
[12:56:29] ⏱ PASO 1 (llenar actas): 3.6s
[12:56:29] ================================================================================
[12:56:29] PASO 2: FILTRANDO PAGOS CON ACTA_NUMERO COMPLETO
[12:56:29] ================================================================================
[12:56:29] 📊 ESTADÍSTICAS DE FILTRADO:
[12:56:29]   • Pagos TOTALES al inicio: 19913
[12:56:29]   • Pagos CON acta (MANTIENEN): 4794
[12:56:29]   • Pagos RECHAZADOS (sin coincidencias): 15119
[12:56:29] ⚠️  Se eliminaron 15119 registros sin número de acta
[12:56:29]      (recordá: esto incluye tanto pagos ya actualizados/pagados
[12:56:29]       como pagos que quedaron sin resolver por desbalance en el Paso 1)
[12:56:29] ================================================================================
[12:56:29] PASO 2-bis: CONFIRMANDO VIGENCIA DE PAGOS (sistema NUEVO contra MULTAS_SIGI_CRUCE, sistema VIEJO contra SIGEMI)
[12:56:29] ================================================================================
[12:56:29]   ⚠ 4779 pago(s) descartados: su acta ya no figura como vencida en MULTAS_SIGI_CRUCE (SEMyT ya los actualizó).
[12:56:29]   ⚠ 10 pago(s) descartados: su acta ya no figura como vencida en el Excel de SIGEMI (SEMyT ya los actualizó).
[12:56:29]   • Pagos descartados en total por ya estar actualizados/pagados: 4789
[12:56:29] ⏱ PASO 2 (filtrar): 0.4s
[12:56:29] 📂 Cargando maestro de causas SIGEMI...
[12:56:29]   ✓ Causas totales (maestro): 134069 registros
[12:56:29] ⏱ PASO 2.5 (causas simplificado): 0.0s
[12:56:29] ================================================================================
[12:56:29] PASO 2.5: ARMANDO causas.txt SIMPLIFICADO (cruce contra total_causas_sigemi.txt)
[12:56:29] ================================================================================
[12:56:30]   • Actas vencidas viejas (multas): 102028
[12:56:30]   • Causas totales en el maestro SIGEMI: 134069
[12:56:30]   • Causas que coinciden (simplificado): 101709
[12:56:30]   ✅ Archivo escrito: backend/descargas/causas/causas.txt
[12:56:30] ⏱ PASO 2.5 (causas simplificado): 0.4s
[12:56:30] ================================================================================
[12:56:30] PASO 3: LLENANDO CAUSA_NUMERO (según fecha de cambio de sistema, cruzando por acta + año)
[12:56:30] ================================================================================
[12:56:30] 📊 ESTADÍSTICAS DE LLENADO DE CAUSAS:
[12:56:30]   • Pagos con causa ORIGINAL: 3
[12:56:30]   • Causas encontradas en SIGEMI (actas viejas): 2
[12:56:30]   • Causas NO encontradas en SIGEMI: 0
[12:56:30]   • Causas asignadas automáticamente (actas nuevas): 0
[12:56:30] ⏱ PASO 3 (llenar causas): 0.0s
[12:56:30] ================================================================================
[12:56:30] PASO 4: ORDENANDO POR FECHA Y ACTA_NUMERO
[12:56:30] ================================================================================
[12:56:30] ✓ Pagos ordenados correctamente
[12:56:30]   • Primera entrada: Acta=182756, Fecha=31/07/2025
[12:56:30]   • Última entrada: Acta=311406, Fecha=11/05/2026
[12:56:30] 📝 Escribiendo archivo de salida...
[12:56:30]   ✅ Archivo escrito: backend/descargas/pagos/2026-08-03/PAGOS 20260803 125621.txt
[12:56:30]   ✅ Total registros: 683
[12:56:30] ⏱ PASO 4 (ordenar y escribir): 0.0s
[12:56:30] ================================================================================
[12:56:30] ✅ PROCESO COMPLETADO EXITOSAMENTE
[12:56:30] ================================================================================
[12:56:30] 📊 RESUMEN FINAL DEL PROCESAMIENTO:
[12:56:30]   ENTRADA:
[12:56:30]     • Pagos originales: 19913
[12:56:30]     • Multas SIGEMI cargadas: 102028
[12:56:30]     • Multas SIGI cargadas: 40800
[12:56:30]     • Causas simplificadas (usadas para el cruce): 101709
[12:56:30]   PROCESO:
[12:56:30]     • Pagos rechazados sigemi: 15119
[12:56:30]     • Pagos rechazados sigi: 4789
[12:56:30]   SALIDA:
[12:56:30]     • Pagos desactualizados procesados: 5
[12:56:30]     • Archivo final: backend/descargas/pagos/2026-08-03/PAGOS 20260803 125621.txt
[12:56:30]     • Ordenados por fecha: SÍ ✓
[12:56:30]     • Todos con ACTA_NUMERO: SÍ ✓
[12:56:30]     • Todos con CAUSA_NUMERO: SÍ ✓
[12:56:30] ✅ TXT de pagos (ya cruzado con actas y causas) generado en: backend/descargas/pagos/2026-08-03/PAGOS 20260803 125621.txt
[12:56:30] 🧹 TXT de pagos crudo eliminado (ya usado en el cruce): backend/descargas/pagos/2026-08-03/PAGOS DESCARGADOS.txt
[12:56:30] 🧹 Excel MULTAS_SIGEMI_CRUCE eliminado (ya usado en el cruce): backend/descargas/cache_actas_cruce/MULTAS_SIGEMI_CRUCE.xlsx
[12:56:30] 🧹 Excel MULTAS_SIGI_CRUCE eliminado (ya usado en el cruce): backend/descargas/cache_actas_cruce/MULTAS_SIGI_CRUCE.xlsx
[12:56:30] ✅ CompararActasPaso finalizado. (⏱ 9.0s)
[12:56:30] ✓ [CompararActasPaso] Completado.
[12:56:30] ▶ [CargarPagosPaso] Iniciando...
[12:56:30] ==================================================
[12:56:30] 🚀 PASO: CargarPagosPaso
[12:56:30] ==================================================
[12:56:30] 📤 Subiendo TXT de pagos al SEMyT...
[12:56:31] ✅ Importación de pagos completada con éxito.
[12:56:32] ✅ Archivo TXT de pagos cargado en el SEMyT correctamente.
[12:56:32] ✅ CargarPagosPaso finalizado. (⏱ 2.0s)
[12:56:32] ✓ [CargarPagosPaso] Completado.
[12:56:32] === Ejecución finalizada con éxito ===
