[13:06:45] === Inicio de ejecución: pagos ===
[13:06:46] ▶ [LoginSEMyTPaso] Iniciando...
[13:06:46] ==================================================
[13:06:46] 🚀 PASO: LoginSEMyTPaso
[13:06:46] ==================================================
[13:06:46] Abriendo SEMyT...
[13:06:50] ✅ [SEMyT] Sesión existente detectada. Login omitido.
[13:06:50] ✅ LoginSEMyTPaso finalizado. (⏱ 4.7s)
[13:06:50] ✓ [LoginSEMyTPaso] Completado.
[13:06:50] ▶ [LoginSIGIPaso] Iniciando...
[13:06:50] ==================================================
[13:06:50] 🚀 PASO: LoginSIGIPaso
[13:06:50] ==================================================
[13:06:50] Abriendo sitio municipalidad (CiDi)...
[13:06:51] ✅ [SIGI] Sesión existente detectada. Login omitido.
[13:06:51] ✅ LoginSIGIPaso finalizado. (⏱ 0.7s)
[13:06:51] ✓ [LoginSIGIPaso] Completado.
[13:06:51] ▶ [DescargasParalelasPaso] Iniciando...
[13:06:51] ==================================================
[13:06:51] 🚀 PASO: DescargasParalelasPaso
[13:06:51] ==================================================
[13:06:51] 📤 Arrancando las 3 descargas en paralelo (mismo browser, páginas separadas)...
[13:06:51] Fecha Desde: 27/06/2024
[13:06:51] Fecha Hasta: 24/11/2025
[13:06:51] Fecha Desde: 25/11/2025
[13:06:51] Fecha Hasta: 03/08/2026
[13:06:51] Descargando Excel...
[13:06:51] Descargando Excel...
[13:07:07] Archivo descargado en: backend/descargas/cache_actas_cruce/MULTAS_SIGI_CRUCE.xlsx
[13:07:09] ⏱ [actas_sigi] completado en 17.4s
[13:07:20] ✅ TXT de pagos descargado en: backend/descargas/pagos/2026-08-03/PAGOS DESCARGADOS.txt
[13:07:20] ⏱ [pagos_txt] completado en 29.3s
[13:07:30] Archivo descargado en: backend/descargas/cache_actas_cruce/MULTAS_SIGEMI_CRUCE.xlsx
[13:07:33] ⏱ [actas_sigemi] completado en 42.3s
[13:07:33] ⏱ TOTAL descargas en paralelo: 42.3s
[13:07:33] ✅ DescargasParalelasPaso finalizado. (⏱ 42.6s)
[13:07:33] ✓ [DescargasParalelasPaso] Completado.
[13:07:33] ▶ [CompararActasPaso] Iniciando...
[13:07:33] ==================================================
[13:07:33] 🚀 PASO: CompararActasPaso
[13:07:33] ==================================================
[13:07:33] 🔍 Comparando actas del SEMyT contra pagos del SIGI...
[13:07:33] ================================================================================
[13:07:33] INICIANDO PROCESO DE GENERACIÓN DE PAGOS DESACTUALIZADOS
[13:07:33] ================================================================================
[13:07:33] 📂 Cargando archivos...
[13:07:34]   ✓ Pagos: 19923 registros
[13:07:37]   ✓ Excel SIGEMI (multas vencidas viejas): 102020 registros
[13:07:38]   ✓ Excel SIGI (multas vencidas nuevas): 40797 registros
[13:07:39] ================================================================================
[13:07:39] PASO 1: LLENANDO ACTA_NUMERO (búsqueda por patente + fecha, con desempate por hora)
[13:07:39] ================================================================================
[13:07:40] 📊 ESTADÍSTICAS DE LLENADO DE ACTAS:
[13:07:40]   • Pagos con acta ORIGINAL: 4796
[13:07:40]   • Pagos SIN acta (buscados): 15127
[13:07:40]   • Pagos LLENADOS exitosamente: 6
[13:07:40]   • Pagos NO encontrados en multas: 15121
[13:07:40]   • Pagos SIN RESOLVER por desbalance de cantidades: 0
[13:07:40] ================================================================================
[13:07:40] PASO 1: LLENANDO ACTA_NUMERO (búsqueda por patente + fecha, con desempate por hora)
[13:07:40] ================================================================================
[13:07:42] 📊 ESTADÍSTICAS DE LLENADO DE ACTAS:
[13:07:42]   • Pagos con acta ORIGINAL: 4802
[13:07:42]   • Pagos SIN acta (buscados): 15121
[13:07:42]   • Pagos LLENADOS exitosamente: 0
[13:07:42]   • Pagos NO encontrados en multas: 15121
[13:07:42]   • Pagos SIN RESOLVER por desbalance de cantidades: 0
[13:07:42] ⏱ PASO 1 (llenar actas): 3.7s
[13:07:42] ================================================================================
[13:07:42] PASO 2: FILTRANDO PAGOS CON ACTA_NUMERO COMPLETO
[13:07:42] ================================================================================
[13:07:42] 📊 ESTADÍSTICAS DE FILTRADO:
[13:07:42]   • Pagos TOTALES al inicio: 19923
[13:07:42]   • Pagos CON acta (MANTIENEN): 4802
[13:07:42]   • Pagos RECHAZADOS (sin coincidencias): 15121
[13:07:42] ⚠️  Se eliminaron 15121 registros sin número de acta
[13:07:42]      (recordá: esto incluye tanto pagos ya actualizados/pagados
[13:07:42]       como pagos que quedaron sin resolver por desbalance en el Paso 1)
[13:07:42] ================================================================================
[13:07:42] PASO 2-bis: CONFIRMANDO VIGENCIA DE PAGOS (sistema NUEVO contra MULTAS_SIGI_CRUCE, sistema VIEJO contra SIGEMI)
[13:07:42] ================================================================================
[13:07:42]   ⚠ 4782 pago(s) descartados: su acta ya no figura como vencida en MULTAS_SIGI_CRUCE (SEMyT ya los actualizó).
[13:07:42]   ⚠ 10 pago(s) descartados: su acta ya no figura como vencida en el Excel de SIGEMI (SEMyT ya los actualizó).
[13:07:42]   • Pagos descartados en total por ya estar actualizados/pagados: 4792
[13:07:42] ⏱ PASO 2 (filtrar): 0.4s
[13:07:42] 📂 Cargando maestro de causas SIGEMI...
[13:07:42]   ✓ Causas totales (maestro): 134069 registros
[13:07:42] ⏱ PASO 2.5 (causas simplificado): 0.0s
[13:07:42] ================================================================================
[13:07:42] PASO 2.5: ARMANDO causas.txt SIMPLIFICADO (cruce contra total_causas_sigemi.txt)
[13:07:42] ================================================================================
[13:07:42]   • Actas vencidas viejas (multas): 102020
[13:07:42]   • Causas totales en el maestro SIGEMI: 134069
[13:07:42]   • Causas que coinciden (simplificado): 101701
[13:07:42]   ✅ Archivo escrito: backend/descargas/causas/causas.txt
[13:07:43] ⏱ PASO 2.5 (causas simplificado): 0.4s
[13:07:43] ================================================================================
[13:07:43] PASO 3: LLENANDO CAUSA_NUMERO (según fecha de cambio de sistema, cruzando por acta + año)
[13:07:43] ================================================================================
[13:07:43] 📊 ESTADÍSTICAS DE LLENADO DE CAUSAS:
[13:07:43]   • Pagos con causa ORIGINAL: 4
[13:07:43]   • Causas encontradas en SIGEMI (actas viejas): 6
[13:07:43]   • Causas NO encontradas en SIGEMI: 0
[13:07:43]   • Causas asignadas automáticamente (actas nuevas): 0
[13:07:43] ⏱ PASO 3 (llenar causas): 0.0s
[13:07:43] ================================================================================
[13:07:43] PASO 4: ORDENANDO POR FECHA Y ACTA_NUMERO
[13:07:43] ================================================================================
[13:07:43] ✓ Pagos ordenados correctamente
[13:07:43]   • Primera entrada: Acta=74952, Fecha=12/11/2024
[13:07:43]   • Última entrada: Acta=315486, Fecha=18/05/2026
[13:07:43] 📝 Escribiendo archivo de salida...
[13:07:43]   ✅ Archivo escrito: backend/descargas/pagos/2026-08-03/PAGOS 20260803 130733.txt
[13:07:43]   ✅ Total registros: 1190
[13:07:43] ⏱ PASO 4 (ordenar y escribir): 0.0s
[13:07:43] ================================================================================
[13:07:43] ✅ PROCESO COMPLETADO EXITOSAMENTE
[13:07:43] ================================================================================
[13:07:43] 📊 RESUMEN FINAL DEL PROCESAMIENTO:
[13:07:43]   ENTRADA:
[13:07:43]     • Pagos originales: 19923
[13:07:43]     • Multas SIGEMI cargadas: 102020
[13:07:43]     • Multas SIGI cargadas: 40797
[13:07:43]     • Causas simplificadas (usadas para el cruce): 101701
[13:07:43]   PROCESO:
[13:07:43]     • Pagos rechazados sigemi: 15121
[13:07:43]     • Pagos rechazados sigi: 4792
[13:07:43]   SALIDA:
[13:07:43]     • Pagos desactualizados procesados: 10
[13:07:43]     • Archivo final: backend/descargas/pagos/2026-08-03/PAGOS 20260803 130733.txt
[13:07:43]     • Ordenados por fecha: SÍ ✓
[13:07:43]     • Todos con ACTA_NUMERO: SÍ ✓
[13:07:43]     • Todos con CAUSA_NUMERO: SÍ ✓
[13:07:43] ✅ TXT de pagos (ya cruzado con actas y causas) generado en: backend/descargas/pagos/2026-08-03/PAGOS 20260803 130733.txt
[13:07:43] 🧹 TXT de pagos crudo eliminado (ya usado en el cruce): backend/descargas/pagos/2026-08-03/PAGOS DESCARGADOS.txt
[13:07:43] 🧹 Excel MULTAS_SIGEMI_CRUCE eliminado (ya usado en el cruce): backend/descargas/cache_actas_cruce/MULTAS_SIGEMI_CRUCE.xlsx
[13:07:43] 🧹 Excel MULTAS_SIGI_CRUCE eliminado (ya usado en el cruce): backend/descargas/cache_actas_cruce/MULTAS_SIGI_CRUCE.xlsx
[13:07:43] ✅ CompararActasPaso finalizado. (⏱ 9.1s)
[13:07:43] ✓ [CompararActasPaso] Completado.
[13:07:43] ▶ [CargarPagosPaso] Iniciando...
[13:07:43] ==================================================
[13:07:43] 🚀 PASO: CargarPagosPaso
[13:07:43] ==================================================
[13:07:43] 📤 Subiendo TXT de pagos al SEMyT...
[13:07:45] ✅ Importación de pagos completada con éxito.
[13:07:45] ✅ Archivo TXT de pagos cargado en el SEMyT correctamente.
[13:07:45] ✅ CargarPagosPaso finalizado. (⏱ 2.1s)
[13:07:45] ✓ [CargarPagosPaso] Completado.
[13:07:45] === Ejecución finalizada con éxito ===
