[16:01:36] === Inicio de ejecución: pagos ===
[16:01:37] ▶ [LoginSEMyTPaso] Iniciando...
[16:01:37] ==================================================
[16:01:37] 🚀 PASO: LoginSEMyTPaso
[16:01:37] ==================================================
[16:01:37] Abriendo SEMyT...
[16:01:39] ✅ [SEMyT] Sesión existente detectada. Login omitido.
[16:01:39] ✅ LoginSEMyTPaso finalizado. (⏱ 2.6s)
[16:01:39] ✓ [LoginSEMyTPaso] Completado.
[16:01:39] ▶ [LoginSIGIPaso] Iniciando...
[16:01:39] ==================================================
[16:01:39] 🚀 PASO: LoginSIGIPaso
[16:01:39] ==================================================
[16:01:39] Abriendo sitio municipalidad (CiDi)...
[16:01:40] ✅ [SIGI] Sesión existente detectada. Login omitido.
[16:01:40] ✅ LoginSIGIPaso finalizado. (⏱ 0.4s)
[16:01:40] ✓ [LoginSIGIPaso] Completado.
[16:01:40] ▶ [DescargasParalelasPaso] Iniciando...
[16:01:40] ==================================================
[16:01:40] 🚀 PASO: DescargasParalelasPaso
[16:01:40] ==================================================
[16:01:40] 📤 Arrancando las 3 descargas en paralelo (mismo browser, páginas separadas)...
[16:01:40] Fecha Desde: 27/06/2024
[16:01:40] Fecha Hasta: 24/11/2025
[16:01:40] Fecha Desde: 25/11/2025
[16:01:40] Fecha Hasta: 03/08/2026
[16:01:40] Descargando Excel...
[16:01:40] Descargando Excel...
[16:01:50] Archivo descargado en: backend/descargas/cache_actas_cruce/MULTAS_SIGI_CRUCE.xlsx
[16:01:52] ⏱ [actas_sigi] completado en 11.7s
[16:02:01] Archivo descargado en: backend/descargas/cache_actas_cruce/MULTAS_SIGEMI_CRUCE.xlsx
[16:02:04] ⏱ [actas_sigemi] completado en 23.8s
[16:02:28] ✅ TXT de pagos descargado en: backend/descargas/pagos/2026-08-03/PAGOS DESCARGADOS.txt
[16:02:28] ⏱ [pagos_txt] completado en 47.9s
[16:02:28] ⏱ TOTAL descargas en paralelo: 47.9s
[16:02:28] ✅ DescargasParalelasPaso finalizado. (⏱ 48.1s)
[16:02:28] ✓ [DescargasParalelasPaso] Completado.
[16:02:28] ▶ [CompararActasPaso] Iniciando...
[16:02:28] ==================================================
[16:02:28] 🚀 PASO: CompararActasPaso
[16:02:28] ==================================================
[16:02:28] 🔍 Comparando actas del SEMyT contra pagos del SIGI...
[16:02:28] ================================================================================
[16:02:28] INICIANDO PROCESO DE GENERACIÓN DE PAGOS DESACTUALIZADOS
[16:02:28] ================================================================================
[16:02:28] 📂 Cargando archivos...
[16:02:28]   ✓ Pagos: 19941 registros
[16:02:31]   ✓ Excel SIGEMI (multas vencidas viejas): 102008 registros
[16:02:32]   ✓ Excel SIGI (multas vencidas nuevas): 40784 registros
[16:02:33] ================================================================================
[16:02:33] PASO 1: LLENANDO ACTA_NUMERO (búsqueda por patente + fecha, con desempate por hora)
[16:02:33] ================================================================================
[16:02:34] 📊 ESTADÍSTICAS DE LLENADO DE ACTAS:
[16:02:34]   • Pagos con acta ORIGINAL: 4808
[16:02:34]   • Pagos SIN acta (buscados): 15133
[16:02:34]   • Pagos LLENADOS exitosamente: 0
[16:02:34]   • Pagos NO encontrados en multas: 15133
[16:02:34]   • Pagos SIN RESOLVER por desbalance de cantidades: 0
[16:02:34] ================================================================================
[16:02:34] PASO 1: LLENANDO ACTA_NUMERO (búsqueda por patente + fecha, con desempate por hora)
[16:02:34] ================================================================================
[16:02:36] 📊 ESTADÍSTICAS DE LLENADO DE ACTAS:
[16:02:36]   • Pagos con acta ORIGINAL: 4808
[16:02:36]   • Pagos SIN acta (buscados): 15133
[16:02:36]   • Pagos LLENADOS exitosamente: 0
[16:02:36]   • Pagos NO encontrados en multas: 15133
[16:02:36]   • Pagos SIN RESOLVER por desbalance de cantidades: 0
[16:02:36] ⏱ PASO 1 (llenar actas): 3.6s
[16:02:36] ================================================================================
[16:02:36] PASO 2: FILTRANDO PAGOS CON ACTA_NUMERO COMPLETO
[16:02:36] ================================================================================
[16:02:36] 📊 ESTADÍSTICAS DE FILTRADO:
[16:02:36]   • Pagos TOTALES al inicio: 19941
[16:02:36]   • Pagos CON acta (MANTIENEN): 4808
[16:02:36]   • Pagos RECHAZADOS (sin coincidencias): 15133
[16:02:36] ⚠️  Se eliminaron 15133 registros sin número de acta
[16:02:36]      (recordá: esto incluye tanto pagos ya actualizados/pagados
[16:02:36]       como pagos que quedaron sin resolver por desbalance en el Paso 1)
[16:02:36] ================================================================================
[16:02:36] PASO 2-bis: CONFIRMANDO VIGENCIA DE PAGOS (sistema NUEVO contra MULTAS_SIGI_CRUCE, sistema VIEJO contra SIGEMI)
[16:02:36] ================================================================================
[16:02:36]   ⚠ 4796 pago(s) descartados: su acta ya no figura como vencida en MULTAS_SIGI_CRUCE (SEMyT ya los actualizó).
[16:02:36]   ⚠ 10 pago(s) descartados: su acta ya no figura como vencida en el Excel de SIGEMI (SEMyT ya los actualizó).
[16:02:36]   • Pagos descartados en total por ya estar actualizados/pagados: 4806
[16:02:36] ⏱ PASO 2 (filtrar): 0.4s
[16:02:36] 📂 Cargando maestro de causas SIGEMI...
[16:02:36]   ✓ Causas totales (maestro): 134069 registros
[16:02:36] ⏱ PASO 2.5 (causas simplificado): 0.0s
[16:02:36] ================================================================================
[16:02:36] PASO 2.5: ARMANDO causas.txt SIMPLIFICADO (cruce contra total_causas_sigemi.txt)
[16:02:36] ================================================================================
[16:02:36]   • Actas vencidas viejas (multas): 102008
[16:02:36]   • Causas totales en el maestro SIGEMI: 134069
[16:02:36]   • Causas que coinciden (simplificado): 101689
[16:02:36]   ✅ Archivo escrito: backend/descargas/causas/causas.txt
[16:02:37] ⏱ PASO 2.5 (causas simplificado): 0.4s
[16:02:37] ================================================================================
[16:02:37] PASO 3: LLENANDO CAUSA_NUMERO (según fecha de cambio de sistema, cruzando por acta + año)
[16:02:37] ================================================================================
[16:02:37] 📊 ESTADÍSTICAS DE LLENADO DE CAUSAS:
[16:02:37]   • Pagos con causa ORIGINAL: 2
[16:02:37]   • Causas encontradas en SIGEMI (actas viejas): 0
[16:02:37]   • Causas NO encontradas en SIGEMI: 0
[16:02:37]   • Causas asignadas automáticamente (actas nuevas): 0
[16:02:37] ⏱ PASO 3 (llenar causas): 0.0s
[16:02:37] ================================================================================
[16:02:37] PASO 4: ORDENANDO POR FECHA Y ACTA_NUMERO
[16:02:37] ================================================================================
[16:02:37] ✓ Pagos ordenados correctamente
[16:02:37]   • Primera entrada: Acta=285370, Fecha=26/03/2026
[16:02:37]   • Última entrada: Acta=305154, Fecha=29/04/2026
[16:02:37] 📝 Escribiendo archivo de salida...
[16:02:37]   ✅ Archivo escrito: backend/descargas/pagos/2026-08-03/PAGOS 20260803 160228.txt
[16:02:37]   ✅ Total registros: 365
[16:02:37] ⏱ PASO 4 (ordenar y escribir): 0.0s
[16:02:37] ================================================================================
[16:02:37] ✅ PROCESO COMPLETADO EXITOSAMENTE
[16:02:37] ================================================================================
[16:02:37] 📊 RESUMEN FINAL DEL PROCESAMIENTO:
[16:02:37]   ENTRADA:
[16:02:37]     • Pagos originales: 19941
[16:02:37]     • Multas SIGEMI cargadas: 102008
[16:02:37]     • Multas SIGI cargadas: 40784
[16:02:37]     • Causas simplificadas (usadas para el cruce): 101689
[16:02:37]   PROCESO:
[16:02:37]     • Pagos rechazados sigemi: 15133
[16:02:37]     • Pagos rechazados sigi: 4806
[16:02:37]   SALIDA:
[16:02:37]     • Pagos desactualizados procesados: 2
[16:02:37]     • Archivo final: backend/descargas/pagos/2026-08-03/PAGOS 20260803 160228.txt
[16:02:37]     • Ordenados por fecha: SÍ ✓
[16:02:37]     • Todos con ACTA_NUMERO: SÍ ✓
[16:02:37]     • Todos con CAUSA_NUMERO: SÍ ✓
[16:02:37] ✅ TXT de pagos (ya cruzado con actas y causas) generado en: backend/descargas/pagos/2026-08-03/PAGOS 20260803 160228.txt
[16:02:37] 🧹 TXT de pagos crudo eliminado (ya usado en el cruce): backend/descargas/pagos/2026-08-03/PAGOS DESCARGADOS.txt
[16:02:37] 🧹 Excel MULTAS_SIGEMI_CRUCE eliminado (ya usado en el cruce): backend/descargas/cache_actas_cruce/MULTAS_SIGEMI_CRUCE.xlsx
[16:02:37] 🧹 Excel MULTAS_SIGI_CRUCE eliminado (ya usado en el cruce): backend/descargas/cache_actas_cruce/MULTAS_SIGI_CRUCE.xlsx
[16:02:37] ✅ CompararActasPaso finalizado. (⏱ 8.8s)
[16:02:37] ✓ [CompararActasPaso] Completado.
[16:02:37] ▶ [CargarPagosPaso] Iniciando...
[16:02:37] ==================================================
[16:02:37] 🚀 PASO: CargarPagosPaso
[16:02:37] ==================================================
[16:02:37] 📤 Subiendo TXT de pagos al SEMyT...
[16:02:38] ✅ Importación de pagos completada con éxito.
[16:02:39] ✅ Archivo TXT de pagos cargado en el SEMyT correctamente.
[16:02:39] ✅ CargarPagosPaso finalizado. (⏱ 2.0s)
[16:02:39] ✓ [CargarPagosPaso] Completado.
[16:02:39] === Ejecución finalizada con éxito ===
