[09:33:56] === Inicio de ejecución: pagos ===
[09:33:57] ▶ [LoginSEMyTPaso] Iniciando...
[09:33:57] ==================================================
[09:33:57] 🚀 PASO: LoginSEMyTPaso
[09:33:57] ==================================================
[09:33:57] Abriendo SEMyT...
[09:34:40] ✅ [SEMyT] Sesión existente detectada. Login omitido.
[09:34:40] ✅ LoginSEMyTPaso finalizado. (⏱ 43.7s)
[09:34:40] ✓ [LoginSEMyTPaso] Completado.
[09:34:40] ▶ [LoginSIGIPaso] Iniciando...
[09:34:40] ==================================================
[09:34:40] 🚀 PASO: LoginSIGIPaso
[09:34:40] ==================================================
[09:34:41] Abriendo sitio municipalidad (CiDi)...
[09:34:41] ✅ [SIGI] Sesión existente detectada. Login omitido.
[09:34:41] ✅ LoginSIGIPaso finalizado. (⏱ 0.9s)
[09:34:41] ✓ [LoginSIGIPaso] Completado.
[09:34:41] ▶ [DescargasParalelasPaso] Iniciando...
[09:34:41] ==================================================
[09:34:41] 🚀 PASO: DescargasParalelasPaso
[09:34:41] ==================================================
[09:34:42] 📤 Arrancando las 3 descargas en paralelo (mismo browser, páginas separadas)...
[09:34:42] Fecha Desde: 27/06/2024
[09:34:42] Fecha Hasta: 24/11/2025
[09:34:42] Fecha Desde: 25/11/2025
[09:34:42] Fecha Hasta: 03/08/2026
[09:34:42] Descargando Excel...
[09:34:42] Descargando Excel...
[09:35:11] ✅ TXT de pagos descargado en: backend/descargas/pagos/2026-08-03/PAGOS DESCARGADOS.txt
[09:35:11] ⏱ [pagos_txt] completado en 29.4s
[09:35:23] Archivo descargado en: backend/descargas/cache_actas_cruce/MULTAS_SIGI_CRUCE.xlsx
[09:35:24] ⏱ [actas_sigi] completado en 42.8s
[09:36:05] Archivo descargado en: backend/descargas/cache_actas_cruce/MULTAS_SIGEMI_CRUCE.xlsx
[09:36:08] ⏱ [actas_sigemi] completado en 86.2s
[09:36:08] ⏱ TOTAL descargas en paralelo: 86.2s
[09:36:08] ✅ DescargasParalelasPaso finalizado. (⏱ 86.5s)
[09:36:08] ✓ [DescargasParalelasPaso] Completado.
[09:36:08] ▶ [CompararActasPaso] Iniciando...
[09:36:08] ==================================================
[09:36:08] 🚀 PASO: CompararActasPaso
[09:36:08] ==================================================
[09:36:08] 🔍 Comparando actas del SEMyT contra pagos del SIGI...
[09:36:08] ================================================================================
[09:36:08] INICIANDO PROCESO DE GENERACIÓN DE PAGOS DESACTUALIZADOS
[09:36:08] ================================================================================
[09:36:08] 📂 Cargando archivos...
[09:36:08]   ✓ Pagos: 19818 registros
[09:36:11]   ✓ Excel SIGEMI (multas vencidas viejas): 102070 registros
[09:36:12]   ✓ Excel SIGI (multas vencidas nuevas): 40853 registros
[09:36:13] ================================================================================
[09:36:13] PASO 1: LLENANDO ACTA_NUMERO (búsqueda por patente + fecha, con desempate por hora)
[09:36:13] ================================================================================
[09:36:14] 📊 ESTADÍSTICAS DE LLENADO DE ACTAS:
[09:36:14]   • Pagos con acta ORIGINAL: 4739
[09:36:14]   • Pagos SIN acta (buscados): 15079
[09:36:14]   • Pagos LLENADOS exitosamente: 0
[09:36:14]   • Pagos NO encontrados en multas: 15079
[09:36:14]   • Pagos SIN RESOLVER por desbalance de cantidades: 0
[09:36:14] ================================================================================
[09:36:14] PASO 1: LLENANDO ACTA_NUMERO (búsqueda por patente + fecha, con desempate por hora)
[09:36:14] ================================================================================
[09:36:16] 📊 ESTADÍSTICAS DE LLENADO DE ACTAS:
[09:36:16]   • Pagos con acta ORIGINAL: 4739
[09:36:16]   • Pagos SIN acta (buscados): 15079
[09:36:16]   • Pagos LLENADOS exitosamente: 0
[09:36:16]   • Pagos NO encontrados en multas: 15079
[09:36:16]   • Pagos SIN RESOLVER por desbalance de cantidades: 0
[09:36:16] ⏱ PASO 1 (llenar actas): 3.6s
[09:36:16] ================================================================================
[09:36:16] PASO 2: FILTRANDO PAGOS CON ACTA_NUMERO COMPLETO
[09:36:16] ================================================================================
[09:36:16] 📊 ESTADÍSTICAS DE FILTRADO:
[09:36:16]   • Pagos TOTALES al inicio: 19818
[09:36:16]   • Pagos CON acta (MANTIENEN): 4739
[09:36:16]   • Pagos RECHAZADOS (sin coincidencias): 15079
[09:36:16] ⚠️  Se eliminaron 15079 registros sin número de acta
[09:36:16]      (recordá: esto incluye tanto pagos ya actualizados/pagados
[09:36:16]       como pagos que quedaron sin resolver por desbalance en el Paso 1)
[09:36:16] ================================================================================
[09:36:16] PASO 2-bis: CONFIRMANDO VIGENCIA DE PAGOS (sistema NUEVO contra MULTAS_SIGI_CRUCE, sistema VIEJO contra SIGEMI)
[09:36:16] ================================================================================
[09:36:16]   ⚠ 4728 pago(s) descartados: su acta ya no figura como vencida en MULTAS_SIGI_CRUCE (SEMyT ya los actualizó).
[09:36:16]   ⚠ 10 pago(s) descartados: su acta ya no figura como vencida en el Excel de SIGEMI (SEMyT ya los actualizó).
[09:36:16]   • Pagos descartados en total por ya estar actualizados/pagados: 4738
[09:36:16] ⏱ PASO 2 (filtrar): 0.4s
[09:36:16] 📂 Cargando maestro de causas SIGEMI...
[09:36:16]   ✓ Causas totales (maestro): 134069 registros
[09:36:16] ⏱ PASO 2.5 (causas simplificado): 0.0s
[09:36:16] ================================================================================
[09:36:16] PASO 2.5: ARMANDO causas.txt SIMPLIFICADO (cruce contra total_causas_sigemi.txt)
[09:36:16] ================================================================================
[09:36:17]   • Actas vencidas viejas (multas): 102070
[09:36:17]   • Causas totales en el maestro SIGEMI: 134069
[09:36:17]   • Causas que coinciden (simplificado): 101751
[09:36:17]   ✅ Archivo escrito: backend/descargas/causas/causas.txt
[09:36:17] ⏱ PASO 2.5 (causas simplificado): 0.4s
[09:36:17] ================================================================================
[09:36:17] PASO 3: LLENANDO CAUSA_NUMERO (según fecha de cambio de sistema, cruzando por acta + año)
[09:36:17] ================================================================================
[09:36:17] 📊 ESTADÍSTICAS DE LLENADO DE CAUSAS:
[09:36:17]   • Pagos con causa ORIGINAL: 1
[09:36:17]   • Causas encontradas en SIGEMI (actas viejas): 0
[09:36:17]   • Causas NO encontradas en SIGEMI: 0
[09:36:17]   • Causas asignadas automáticamente (actas nuevas): 0
[09:36:17] ⏱ PASO 3 (llenar causas): 0.0s
[09:36:17] ================================================================================
[09:36:17] PASO 4: ORDENANDO POR FECHA Y ACTA_NUMERO
[09:36:17] ================================================================================
[09:36:17] ✓ Pagos ordenados correctamente
[09:36:17]   • Primera entrada: Acta=294847, Fecha=15/04/2026
[09:36:17]   • Última entrada: Acta=294847, Fecha=15/04/2026
[09:36:17] 📝 Escribiendo archivo de salida...
[09:36:17]   ✅ Archivo escrito: backend/descargas/pagos/2026-08-03/PAGOS 20260803 093608.txt
[09:36:17]   ✅ Total registros: 266
[09:36:17] ⏱ PASO 4 (ordenar y escribir): 0.0s
[09:36:17] ================================================================================
[09:36:17] ✅ PROCESO COMPLETADO EXITOSAMENTE
[09:36:17] ================================================================================
[09:36:17] 📊 RESUMEN FINAL DEL PROCESAMIENTO:
[09:36:17]   ENTRADA:
[09:36:17]     • Pagos originales: 19818
[09:36:17]     • Multas SIGEMI cargadas: 102070
[09:36:17]     • Multas SIGI cargadas: 40853
[09:36:17]     • Causas simplificadas (usadas para el cruce): 101751
[09:36:17]   PROCESO:
[09:36:17]     • Pagos rechazados sigemi: 15079
[09:36:17]     • Pagos rechazados sigi: 4738
[09:36:17]   SALIDA:
[09:36:17]     • Pagos desactualizados procesados: 1
[09:36:17]     • Archivo final: backend/descargas/pagos/2026-08-03/PAGOS 20260803 093608.txt
[09:36:17]     • Ordenados por fecha: SÍ ✓
[09:36:17]     • Todos con ACTA_NUMERO: SÍ ✓
[09:36:17]     • Todos con CAUSA_NUMERO: SÍ ✓
[09:36:17] ✅ TXT de pagos (ya cruzado con actas y causas) generado en: backend/descargas/pagos/2026-08-03/PAGOS 20260803 093608.txt
[09:36:17] 🧹 TXT de pagos crudo eliminado (ya usado en el cruce): backend/descargas/pagos/2026-08-03/PAGOS DESCARGADOS.txt
[09:36:17] 🧹 Excel MULTAS_SIGEMI_CRUCE eliminado (ya usado en el cruce): backend/descargas/cache_actas_cruce/MULTAS_SIGEMI_CRUCE.xlsx
[09:36:17] 🧹 Excel MULTAS_SIGI_CRUCE eliminado (ya usado en el cruce): backend/descargas/cache_actas_cruce/MULTAS_SIGI_CRUCE.xlsx
[09:36:17] ✅ CompararActasPaso finalizado. (⏱ 8.8s)
[09:36:17] ✓ [CompararActasPaso] Completado.
[09:36:17] ▶ [CargarPagosPaso] Iniciando...
[09:36:17] ==================================================
[09:36:17] 🚀 PASO: CargarPagosPaso
[09:36:17] ==================================================
[09:36:17] 📤 Subiendo TXT de pagos al SEMyT...
[09:36:19] ✅ Importación de pagos completada con éxito.
[09:36:19] ✅ Archivo TXT de pagos cargado en el SEMyT correctamente.
[09:36:19] ✅ CargarPagosPaso finalizado. (⏱ 2.1s)
[09:36:19] ✓ [CargarPagosPaso] Completado.
[09:36:19] === Ejecución finalizada con éxito ===
