[14:20:50] === Inicio de ejecución: pagos ===
[14:20:51] ==================================================
[14:20:51] 🚀 PASO: LoginSEMyTPaso
[14:20:51] ==================================================
[14:20:51] Abriendo SEMyT...
[14:20:54] ✅ [SEMyT] Sesión existente detectada. Login omitido.
[14:20:54] ✅ LoginSEMyTPaso finalizado. (⏱ 3.1s)
[14:20:54] ==================================================
[14:20:54] 🚀 PASO: LoginSIGIPaso
[14:20:54] ==================================================
[14:20:54] Abriendo sitio municipalidad (CiDi)...
[14:20:54] ✅ [SIGI] Sesión existente detectada. Login omitido.
[14:20:54] ✅ LoginSIGIPaso finalizado. (⏱ 0.5s)
[14:20:54] ==================================================
[14:20:54] 🚀 PASO: DescargasParalelasPaso
[14:20:54] ==================================================
[14:20:55] 📤 Arrancando las 3 descargas en paralelo (mismo browser, páginas separadas)...
[14:20:55] Fecha Desde: 27/06/2024
[14:20:55] Fecha Hasta: 24/11/2025
[14:20:55] Fecha Desde: 25/11/2025
[14:20:55] Fecha Hasta: 12/08/2026
[14:20:55] Descargando Excel...
[14:20:55] Descargando Excel...
[14:21:07] Archivo descargado en: datos/descargas/cache_actas_cruce/MULTAS_SIGI_CRUCE.xlsx
[14:21:09] ⏱ [actas_sigi] completado en 14.3s
[14:21:18] Archivo descargado en: datos/descargas/cache_actas_cruce/MULTAS_SIGEMI_CRUCE.xlsx
[14:21:22] ⏱ [actas_sigemi] completado en 27.3s
[14:21:23] ✅ TXT de pagos descargado en: datos/descargas/pagos/2026-08-12/ALL PAGOS DESCARGADOS.txt
[14:21:23] ⏱ [pagos_txt] completado en 28.6s
[14:21:23] ⏱ TOTAL descargas en paralelo: 28.6s
[14:21:23] ✅ DescargasParalelasPaso finalizado. (⏱ 28.9s)
[14:21:23] ==================================================
[14:21:23] 🚀 PASO: CompararActasPaso
[14:21:23] ==================================================
[14:21:23] 🔍 Comparando actas del SEMyT contra pagos del SIGI...
[14:21:23] ================================================================================
[14:21:23] INICIANDO PROCESO DE GENERACIÓN DE PAGOS DESACTUALIZADOS
[14:21:23] ================================================================================
[14:21:23] 📂 Cargando archivos...
[14:21:23]   ✓ Pagos: 21178 registros
[14:21:27]   ✓ Excel SIGEMI (multas vencidas viejas): 101180 registros
[14:21:29]   ✓ Excel SIGI (multas vencidas nuevas): 42712 registros
[14:21:29] ================================================================================
[14:21:29] PASO 1: LLENANDO ACTA_NUMERO (búsqueda por patente + fecha, con desempate por hora)
[14:21:29] ================================================================================
[14:21:31] 📊 ESTADÍSTICAS DE LLENADO DE ACTAS:
[14:21:31]   • Pagos con acta ORIGINAL: 5500
[14:21:31]   • Pagos SIN acta (buscados): 15678
[14:21:31]   • Pagos LLENADOS exitosamente: 0
[14:21:31]   • Pagos NO encontrados en multas: 15678
[14:21:31]   • Pagos SIN RESOLVER por desbalance de cantidades: 0
[14:21:32] ================================================================================
[14:21:32] PASO 1: LLENANDO ACTA_NUMERO (búsqueda por patente + fecha, con desempate por hora)
[14:21:32] ================================================================================
[14:21:33] 📊 ESTADÍSTICAS DE LLENADO DE ACTAS:
[14:21:33]   • Pagos con acta ORIGINAL: 5500
[14:21:33]   • Pagos SIN acta (buscados): 15678
[14:21:33]   • Pagos LLENADOS exitosamente: 0
[14:21:33]   • Pagos NO encontrados en multas: 15678
[14:21:33]   • Pagos SIN RESOLVER por desbalance de cantidades: 0
[14:21:33] ⏱ PASO 1 (llenar actas): 4.8s
[14:21:33] ================================================================================
[14:21:33] PASO 2: FILTRANDO PAGOS CON ACTA_NUMERO COMPLETO
[14:21:33] ================================================================================
[14:21:33] 📊 ESTADÍSTICAS DE FILTRADO:
[14:21:33]   • Pagos TOTALES al inicio: 21178
[14:21:33]   • Pagos CON acta (MANTIENEN): 5500
[14:21:33]   • Pagos RECHAZADOS (sin coincidencias): 15678
[14:21:33] ⚠️  Se eliminaron 15678 registros sin número de acta
[14:21:33]      (recordá: esto incluye tanto pagos ya actualizados/pagados
[14:21:33]       como pagos que quedaron sin resolver por desbalance en el Paso 1)
[14:21:33] ================================================================================
[14:21:33] PASO 2-bis: CONFIRMANDO VIGENCIA DE PAGOS (sistema NUEVO contra MULTAS_SIGI_CRUCE, sistema VIEJO contra SIGEMI)
[14:21:33] ================================================================================
[14:21:34]   ⚠ 5484 pago(s) descartados: su acta ya no figura como vencida en MULTAS_SIGI_CRUCE (SEMyT ya los actualizó).
[14:21:34]   ⚠ 15 pago(s) descartados: su acta ya no figura como vencida en el Excel de SIGEMI (SEMyT ya los actualizó).
[14:21:34]   • Pagos descartados en total por ya estar actualizados/pagados: 5499
[14:21:34] ⏱ PASO 2 (filtrar): 0.5s
[14:21:34] 📂 Cargando maestro de causas SIGEMI...
[14:21:34]   ✓ Causas totales (maestro): 134069 registros
[14:21:34] ================================================================================
[14:21:34] PASO 2.5: ARMANDO causas.txt SIMPLIFICADO (cruce contra total_causas_sigemi.txt)
[14:21:34] ================================================================================
[14:21:34]   • Actas vencidas viejas (multas): 101180
[14:21:34]   • Causas totales en el maestro SIGEMI: 134069
[14:21:34]   • Causas que coinciden (simplificado): 100868
[14:21:34]   ✅ Archivo escrito: datos/descargas/causas/causas.txt
[14:21:35] ⏱ PASO 2.5 (causas simplificado): 0.5s
[14:21:35] ================================================================================
[14:21:35] PASO 3: LLENANDO CAUSA_NUMERO (según fecha de cambio de sistema, cruzando por acta + año)
[14:21:35] ================================================================================
[14:21:35] 📊 ESTADÍSTICAS DE LLENADO DE CAUSAS:
[14:21:35]   • Pagos con causa ORIGINAL: 1
[14:21:35]   • Causas encontradas en SIGEMI (actas viejas): 0
[14:21:35]   • Causas NO encontradas en SIGEMI: 0
[14:21:35]   • Causas asignadas automáticamente (actas nuevas): 0
[14:21:35] ⏱ PASO 3 (llenar causas): 0.0s
[14:21:35] ================================================================================
[14:21:35] PASO 4: ORDENANDO POR FECHA Y ACTA_NUMERO
[14:21:35] ================================================================================
[14:21:35] ✓ Pagos ordenados correctamente
[14:21:35]   • Primera entrada: Acta=311195, Fecha=11/05/2026
[14:21:35]   • Última entrada: Acta=311195, Fecha=11/05/2026
[14:21:35] 📝 Escribiendo archivo de salida...
[14:21:35]   ✅ Archivo escrito: datos/descargas/pagos/2026-08-12/PAGOS 20260812 142123.txt
[14:21:35]   ✅ Total registros: 269
[14:21:35] ⏱ PASO 4 (ordenar y escribir): 0.0s
[14:21:35] ================================================================================
[14:21:35] ✅ PROCESO COMPLETADO EXITOSAMENTE
[14:21:35] ================================================================================
[14:21:35] 📊 RESUMEN FINAL DEL PROCESAMIENTO:
[14:21:35]   ENTRADA:
[14:21:35]     • Pagos originales: 21178
[14:21:35]     • Multas SIGEMI cargadas: 101180
[14:21:35]     • Multas SIGI cargadas: 42712
[14:21:35]     • Causas simplificadas (usadas para el cruce): 100868
[14:21:35]   PROCESO:
[14:21:35]     • Pagos rechazados sigemi: 15678
[14:21:35]     • Pagos rechazados sigi: 5499
[14:21:35]   SALIDA:
[14:21:35]     • Pagos desactualizados procesados: 1
[14:21:35]     • Archivo final: datos/descargas/pagos/2026-08-12/PAGOS 20260812 142123.txt
[14:21:35]     • Ordenados por fecha: SÍ ✓
[14:21:35]     • Todos con ACTA_NUMERO: SÍ ✓
[14:21:35]     • Todos con CAUSA_NUMERO: SÍ ✓
[14:21:35] ✅ TXT de pagos (ya cruzado con actas y causas) generado en: datos/descargas/pagos/2026-08-12/PAGOS 20260812 142123.txt
[14:21:35] 🧹 TXT de pagos crudo eliminado (ya usado en el cruce): datos/descargas/pagos/2026-08-12/ALL PAGOS DESCARGADOS.txt
[14:21:35] 🧹 Excel MULTAS_SIGEMI_CRUCE eliminado (ya usado en el cruce): datos/descargas/cache_actas_cruce/MULTAS_SIGEMI_CRUCE.xlsx
[14:21:35] 🧹 Excel MULTAS_SIGI_CRUCE eliminado (ya usado en el cruce): datos/descargas/cache_actas_cruce/MULTAS_SIGI_CRUCE.xlsx
[14:21:35] ✅ CompararActasPaso finalizado. (⏱ 11.3s)
[14:21:35] ==================================================
[14:21:35] 🚀 PASO: CargarPagosPaso
[14:21:35] ==================================================
[14:21:35] 📤 Subiendo TXT de pagos al SEMyT...
[14:21:36] ✅ Importación de pagos completada con éxito.
[14:21:36] ✅ Archivo TXT de pagos cargado en el SEMyT correctamente.
[14:21:36] ✅ CargarPagosPaso finalizado. (⏱ 1.4s)
[14:21:36] === Ejecución finalizada con éxito ===
