[09:33:51] === Inicio de ejecución: pagos ===
[09:33:53] ==================================================
[09:33:53] 🚀 PASO: LoginSEMyTPaso
[09:33:53] ==================================================
[09:33:53] Abriendo SEMyT...
[09:34:12] ✅ [SEMyT] Sesión existente detectada. Login omitido.
[09:34:12] ✅ LoginSEMyTPaso finalizado. (⏱ 19.5s)
[09:34:12] ==================================================
[09:34:12] 🚀 PASO: LoginSIGIPaso
[09:34:12] ==================================================
[09:34:12] Abriendo sitio municipalidad (CiDi)...
[09:34:13] ✅ [SIGI] Sesión existente detectada. Login omitido.
[09:34:13] ✅ LoginSIGIPaso finalizado. (⏱ 0.9s)
[09:34:13] ==================================================
[09:34:13] 🚀 PASO: DescargasParalelasPaso
[09:34:13] ==================================================
[09:34:14] 📤 Arrancando las 3 descargas en paralelo (mismo browser, páginas separadas)...
[09:34:14] Fecha Desde: 27/06/2024
[09:34:14] Fecha Hasta: 24/11/2025
[09:34:14] Fecha Desde: 25/11/2025
[09:34:14] Fecha Hasta: 12/08/2026
[09:34:14] Descargando Excel...
[09:34:14] Descargando Excel...
[09:34:55] Archivo descargado en: datos/descargas/cache_actas_cruce/MULTAS_SIGI_CRUCE.xlsx
[09:35:00] ⏱ [actas_sigi] completado en 46.2s
[09:35:09] ✅ TXT de pagos descargado en: datos/descargas/pagos/2026-08-12/ALL PAGOS DESCARGADOS.txt
[09:35:09] ⏱ [pagos_txt] completado en 54.8s
[09:35:11] Archivo descargado en: datos/descargas/cache_actas_cruce/MULTAS_SIGEMI_CRUCE.xlsx
[09:35:27] ⏱ [actas_sigemi] completado en 73.0s
[09:35:27] ⏱ TOTAL descargas en paralelo: 73.0s
[09:35:27] ✅ DescargasParalelasPaso finalizado. (⏱ 73.8s)
[09:35:27] ==================================================
[09:35:27] 🚀 PASO: CompararActasPaso
[09:35:27] ==================================================
[09:35:27] 🔍 Comparando actas del SEMyT contra pagos del SIGI...
[09:35:27] ================================================================================
[09:35:27] INICIANDO PROCESO DE GENERACIÓN DE PAGOS DESACTUALIZADOS
[09:35:27] ================================================================================
[09:35:27] 📂 Cargando archivos...
[09:35:27]   ✓ Pagos: 21135 registros
[09:35:35]   ✓ Excel SIGEMI (multas vencidas viejas): 101231 registros
[09:35:38]   ✓ Excel SIGI (multas vencidas nuevas): 42729 registros
[09:35:39] ================================================================================
[09:35:39] PASO 1: LLENANDO ACTA_NUMERO (búsqueda por patente + fecha, con desempate por hora)
[09:35:39] ================================================================================
[09:35:42] 📊 ESTADÍSTICAS DE LLENADO DE ACTAS:
[09:35:42]   • Pagos con acta ORIGINAL: 5487
[09:35:42]   • Pagos SIN acta (buscados): 15648
[09:35:42]   • Pagos LLENADOS exitosamente: 0
[09:35:42]   • Pagos NO encontrados en multas: 15648
[09:35:42]   • Pagos SIN RESOLVER por desbalance de cantidades: 0
[09:35:43] ================================================================================
[09:35:43] PASO 1: LLENANDO ACTA_NUMERO (búsqueda por patente + fecha, con desempate por hora)
[09:35:43] ================================================================================
[09:35:46] 📊 ESTADÍSTICAS DE LLENADO DE ACTAS:
[09:35:46]   • Pagos con acta ORIGINAL: 5487
[09:35:46]   • Pagos SIN acta (buscados): 15648
[09:35:46]   • Pagos LLENADOS exitosamente: 0
[09:35:46]   • Pagos NO encontrados en multas: 15648
[09:35:46]   • Pagos SIN RESOLVER por desbalance de cantidades: 0
[09:35:46] ⏱ PASO 1 (llenar actas): 8.6s
[09:35:46] ================================================================================
[09:35:46] PASO 2: FILTRANDO PAGOS CON ACTA_NUMERO COMPLETO
[09:35:46] ================================================================================
[09:35:46] 📊 ESTADÍSTICAS DE FILTRADO:
[09:35:46]   • Pagos TOTALES al inicio: 21135
[09:35:46]   • Pagos CON acta (MANTIENEN): 5487
[09:35:46]   • Pagos RECHAZADOS (sin coincidencias): 15648
[09:35:46] ⚠️  Se eliminaron 15648 registros sin número de acta
[09:35:46]      (recordá: esto incluye tanto pagos ya actualizados/pagados
[09:35:46]       como pagos que quedaron sin resolver por desbalance en el Paso 1)
[09:35:46] ================================================================================
[09:35:46] PASO 2-bis: CONFIRMANDO VIGENCIA DE PAGOS (sistema NUEVO contra MULTAS_SIGI_CRUCE, sistema VIEJO contra SIGEMI)
[09:35:46] ================================================================================
[09:35:47]   ⚠ 5471 pago(s) descartados: su acta ya no figura como vencida en MULTAS_SIGI_CRUCE (SEMyT ya los actualizó).
[09:35:47]   ⚠ 15 pago(s) descartados: su acta ya no figura como vencida en el Excel de SIGEMI (SEMyT ya los actualizó).
[09:35:47]   • Pagos descartados en total por ya estar actualizados/pagados: 5486
[09:35:47] ⏱ PASO 2 (filtrar): 1.0s
[09:35:47] 📂 Cargando maestro de causas SIGEMI...
[09:35:47]   ✓ Causas totales (maestro): 134069 registros
[09:35:47] ================================================================================
[09:35:47] PASO 2.5: ARMANDO causas.txt SIMPLIFICADO (cruce contra total_causas_sigemi.txt)
[09:35:47] ================================================================================
[09:35:48]   • Actas vencidas viejas (multas): 101231
[09:35:48]   • Causas totales en el maestro SIGEMI: 134069
[09:35:48]   • Causas que coinciden (simplificado): 100919
[09:35:48]   ✅ Archivo escrito: datos/descargas/causas/causas.txt
[09:35:48] ⏱ PASO 2.5 (causas simplificado): 0.8s
[09:35:48] ================================================================================
[09:35:48] PASO 3: LLENANDO CAUSA_NUMERO (según fecha de cambio de sistema, cruzando por acta + año)
[09:35:48] ================================================================================
[09:35:48] 📊 ESTADÍSTICAS DE LLENADO DE CAUSAS:
[09:35:48]   • Pagos con causa ORIGINAL: 1
[09:35:48]   • Causas encontradas en SIGEMI (actas viejas): 0
[09:35:48]   • Causas NO encontradas en SIGEMI: 0
[09:35:48]   • Causas asignadas automáticamente (actas nuevas): 0
[09:35:48] ⏱ PASO 3 (llenar causas): 0.0s
[09:35:48] ================================================================================
[09:35:48] PASO 4: ORDENANDO POR FECHA Y ACTA_NUMERO
[09:35:48] ================================================================================
[09:35:48] ✓ Pagos ordenados correctamente
[09:35:48]   • Primera entrada: Acta=243442, Fecha=09/12/2025
[09:35:48]   • Última entrada: Acta=243442, Fecha=09/12/2025
[09:35:48] 📝 Escribiendo archivo de salida...
[09:35:48]   ✅ Archivo escrito: datos/descargas/pagos/2026-08-12/PAGOS 20260812 093527.txt
[09:35:48]   ✅ Total registros: 260
[09:35:48] ⏱ PASO 4 (ordenar y escribir): 0.0s
[09:35:48] ================================================================================
[09:35:48] ✅ PROCESO COMPLETADO EXITOSAMENTE
[09:35:48] ================================================================================
[09:35:48] 📊 RESUMEN FINAL DEL PROCESAMIENTO:
[09:35:48]   ENTRADA:
[09:35:48]     • Pagos originales: 21135
[09:35:48]     • Multas SIGEMI cargadas: 101231
[09:35:48]     • Multas SIGI cargadas: 42729
[09:35:48]     • Causas simplificadas (usadas para el cruce): 100919
[09:35:48]   PROCESO:
[09:35:48]     • Pagos rechazados sigemi: 15648
[09:35:48]     • Pagos rechazados sigi: 5486
[09:35:48]   SALIDA:
[09:35:48]     • Pagos desactualizados procesados: 1
[09:35:48]     • Archivo final: datos/descargas/pagos/2026-08-12/PAGOS 20260812 093527.txt
[09:35:48]     • Ordenados por fecha: SÍ ✓
[09:35:48]     • Todos con ACTA_NUMERO: SÍ ✓
[09:35:48]     • Todos con CAUSA_NUMERO: SÍ ✓
[09:35:48] ✅ TXT de pagos (ya cruzado con actas y causas) generado en: datos/descargas/pagos/2026-08-12/PAGOS 20260812 093527.txt
[09:35:48] 🧹 TXT de pagos crudo eliminado (ya usado en el cruce): datos/descargas/pagos/2026-08-12/ALL PAGOS DESCARGADOS.txt
[09:35:48] 🧹 Excel MULTAS_SIGEMI_CRUCE eliminado (ya usado en el cruce): datos/descargas/cache_actas_cruce/MULTAS_SIGEMI_CRUCE.xlsx
[09:35:48] 🧹 Excel MULTAS_SIGI_CRUCE eliminado (ya usado en el cruce): datos/descargas/cache_actas_cruce/MULTAS_SIGI_CRUCE.xlsx
[09:35:48] ✅ CompararActasPaso finalizado. (⏱ 21.4s)
[09:35:48] ==================================================
[09:35:48] 🚀 PASO: CargarPagosPaso
[09:35:48] ==================================================
[09:35:48] 📤 Subiendo TXT de pagos al SEMyT...
[09:35:50] ✅ Importación de pagos completada con éxito.
[09:35:50] ✅ Archivo TXT de pagos cargado en el SEMyT correctamente.
[09:35:50] ✅ CargarPagosPaso finalizado. (⏱ 1.6s)
[09:35:50] === Ejecución finalizada con éxito ===
