[12:01:56] === Inicio de ejecución: pagos ===
[12:01:58] ==================================================
[12:01:58] 🚀 PASO: LoginSEMyTPaso
[12:01:58] ==================================================
[12:01:59] Abriendo SEMyT...
[12:02:09] ✅ [SEMyT] Sesión existente detectada. Login omitido.
[12:02:10] ✅ LoginSEMyTPaso finalizado. (⏱ 12.1s)
[12:02:10] ==================================================
[12:02:10] 🚀 PASO: LoginSIGIPaso
[12:02:10] ==================================================
[12:02:10] Abriendo sitio municipalidad (CiDi)...
[12:02:11] ✅ [SIGI] Sesión existente detectada. Login omitido.
[12:02:11] ✅ LoginSIGIPaso finalizado. (⏱ 1.3s)
[12:02:11] ==================================================
[12:02:11] 🚀 PASO: DescargasParalelasPaso
[12:02:11] ==================================================
[12:02:13] 📤 Arrancando las 3 descargas en paralelo (mismo browser, páginas separadas)...
[12:02:13] Fecha Desde: 27/06/2024
[12:02:13] Fecha Hasta: 24/11/2025
[12:02:13] Fecha Desde: 25/11/2025
[12:02:13] Fecha Hasta: 12/08/2026
[12:02:13] Descargando Excel...
[12:02:13] Descargando Excel...
[12:02:35] Archivo descargado en: datos/descargas/cache_actas_cruce/MULTAS_SIGI_CRUCE.xlsx
[12:02:41] ⏱ [actas_sigi] completado en 28.0s
[12:02:48] Archivo descargado en: datos/descargas/cache_actas_cruce/MULTAS_SIGEMI_CRUCE.xlsx
[12:03:05] ⏱ [actas_sigemi] completado en 51.8s
[12:03:10] ✅ TXT de pagos descargado en: datos/descargas/pagos/2026-08-12/ALL PAGOS DESCARGADOS.txt
[12:03:10] ⏱ [pagos_txt] completado en 57.2s
[12:03:10] ⏱ TOTAL descargas en paralelo: 57.2s
[12:03:10] ✅ DescargasParalelasPaso finalizado. (⏱ 59.0s)
[12:03:10] ==================================================
[12:03:10] 🚀 PASO: CompararActasPaso
[12:03:10] ==================================================
[12:03:10] 🔍 Comparando actas del SEMyT contra pagos del SIGI...
[12:03:10] ================================================================================
[12:03:10] INICIANDO PROCESO DE GENERACIÓN DE PAGOS DESACTUALIZADOS
[12:03:10] ================================================================================
[12:03:10] 📂 Cargando archivos...
[12:03:10]   ✓ Pagos: 21172 registros
[12:03:28]   ✓ Excel SIGEMI (multas vencidas viejas): 101184 registros
[12:03:35]   ✓ Excel SIGI (multas vencidas nuevas): 42714 registros
[12:03:40] ================================================================================
[12:03:40] PASO 1: LLENANDO ACTA_NUMERO (búsqueda por patente + fecha, con desempate por hora)
[12:03:40] ================================================================================
[12:03:57] 📊 ESTADÍSTICAS DE LLENADO DE ACTAS:
[12:03:57]   • Pagos con acta ORIGINAL: 5497
[12:03:57]   • Pagos SIN acta (buscados): 15675
[12:03:57]   • Pagos LLENADOS exitosamente: 1
[12:03:57]   • Pagos NO encontrados en multas: 15674
[12:03:57]   • Pagos SIN RESOLVER por desbalance de cantidades: 0
[12:03:58] ================================================================================
[12:03:58] PASO 1: LLENANDO ACTA_NUMERO (búsqueda por patente + fecha, con desempate por hora)
[12:03:58] ================================================================================
[12:04:10] 📊 ESTADÍSTICAS DE LLENADO DE ACTAS:
[12:04:10]   • Pagos con acta ORIGINAL: 5498
[12:04:10]   • Pagos SIN acta (buscados): 15674
[12:04:10]   • Pagos LLENADOS exitosamente: 0
[12:04:10]   • Pagos NO encontrados en multas: 15674
[12:04:10]   • Pagos SIN RESOLVER por desbalance de cantidades: 0
[12:04:10] ⏱ PASO 1 (llenar actas): 35.0s
[12:04:10] ================================================================================
[12:04:10] PASO 2: FILTRANDO PAGOS CON ACTA_NUMERO COMPLETO
[12:04:10] ================================================================================
[12:04:10] 📊 ESTADÍSTICAS DE FILTRADO:
[12:04:10]   • Pagos TOTALES al inicio: 21172
[12:04:10]   • Pagos CON acta (MANTIENEN): 5498
[12:04:10]   • Pagos RECHAZADOS (sin coincidencias): 15674
[12:04:10] ⚠️  Se eliminaron 15674 registros sin número de acta
[12:04:10]      (recordá: esto incluye tanto pagos ya actualizados/pagados
[12:04:10]       como pagos que quedaron sin resolver por desbalance en el Paso 1)
[12:04:10] ================================================================================
[12:04:10] PASO 2-bis: CONFIRMANDO VIGENCIA DE PAGOS (sistema NUEVO contra MULTAS_SIGI_CRUCE, sistema VIEJO contra SIGEMI)
[12:04:10] ================================================================================
[12:04:12]   ⚠ 5482 pago(s) descartados: su acta ya no figura como vencida en MULTAS_SIGI_CRUCE (SEMyT ya los actualizó).
[12:04:12]   ⚠ 15 pago(s) descartados: su acta ya no figura como vencida en el Excel de SIGEMI (SEMyT ya los actualizó).
[12:04:12]   • Pagos descartados en total por ya estar actualizados/pagados: 5497
[12:04:12] ⏱ PASO 2 (filtrar): 2.1s
[12:04:12] 📂 Cargando maestro de causas SIGEMI...
[12:04:12]   ✓ Causas totales (maestro): 134069 registros
[12:04:12] ================================================================================
[12:04:12] PASO 2.5: ARMANDO causas.txt SIMPLIFICADO (cruce contra total_causas_sigemi.txt)
[12:04:12] ================================================================================
[12:04:14]   • Actas vencidas viejas (multas): 101184
[12:04:14]   • Causas totales en el maestro SIGEMI: 134069
[12:04:14]   • Causas que coinciden (simplificado): 100872
[12:04:14]   ✅ Archivo escrito: datos/descargas/causas/causas.txt
[12:04:14] ⏱ PASO 2.5 (causas simplificado): 1.8s
[12:04:14] ================================================================================
[12:04:14] PASO 3: LLENANDO CAUSA_NUMERO (según fecha de cambio de sistema, cruzando por acta + año)
[12:04:14] ================================================================================
[12:04:14] 📊 ESTADÍSTICAS DE LLENADO DE CAUSAS:
[12:04:14]   • Pagos con causa ORIGINAL: 0
[12:04:14]   • Causas encontradas en SIGEMI (actas viejas): 1
[12:04:14]   • Causas NO encontradas en SIGEMI: 0
[12:04:14]   • Causas asignadas automáticamente (actas nuevas): 0
[12:04:14] ⏱ PASO 3 (llenar causas): 0.0s
[12:04:14] ================================================================================
[12:04:14] PASO 4: ORDENANDO POR FECHA Y ACTA_NUMERO
[12:04:14] ================================================================================
[12:04:14] ✓ Pagos ordenados correctamente
[12:04:14]   • Primera entrada: Acta=74506, Fecha=11/11/2024
[12:04:14]   • Última entrada: Acta=74506, Fecha=11/11/2024
[12:04:14] 📝 Escribiendo archivo de salida...
[12:04:14]   ✅ Archivo escrito: datos/descargas/pagos/2026-08-12/PAGOS 20260812 120310.txt
[12:04:14]   ✅ Total registros: 235
[12:04:14] ⏱ PASO 4 (ordenar y escribir): 0.0s
[12:04:14] ================================================================================
[12:04:14] ✅ PROCESO COMPLETADO EXITOSAMENTE
[12:04:14] ================================================================================
[12:04:14] 📊 RESUMEN FINAL DEL PROCESAMIENTO:
[12:04:14]   ENTRADA:
[12:04:14]     • Pagos originales: 21172
[12:04:14]     • Multas SIGEMI cargadas: 101184
[12:04:14]     • Multas SIGI cargadas: 42714
[12:04:14]     • Causas simplificadas (usadas para el cruce): 100872
[12:04:14]   PROCESO:
[12:04:14]     • Pagos rechazados sigemi: 15674
[12:04:14]     • Pagos rechazados sigi: 5497
[12:04:14]   SALIDA:
[12:04:14]     • Pagos desactualizados procesados: 1
[12:04:14]     • Archivo final: datos/descargas/pagos/2026-08-12/PAGOS 20260812 120310.txt
[12:04:14]     • Ordenados por fecha: SÍ ✓
[12:04:14]     • Todos con ACTA_NUMERO: SÍ ✓
[12:04:14]     • Todos con CAUSA_NUMERO: SÍ ✓
[12:04:14] ✅ TXT de pagos (ya cruzado con actas y causas) generado en: datos/descargas/pagos/2026-08-12/PAGOS 20260812 120310.txt
[12:04:14] 🧹 TXT de pagos crudo eliminado (ya usado en el cruce): datos/descargas/pagos/2026-08-12/ALL PAGOS DESCARGADOS.txt
[12:04:14] 🧹 Excel MULTAS_SIGEMI_CRUCE eliminado (ya usado en el cruce): datos/descargas/cache_actas_cruce/MULTAS_SIGEMI_CRUCE.xlsx
[12:04:14] 🧹 Excel MULTAS_SIGI_CRUCE eliminado (ya usado en el cruce): datos/descargas/cache_actas_cruce/MULTAS_SIGI_CRUCE.xlsx
[12:04:14] ✅ CompararActasPaso finalizado. (⏱ 64.0s)
[12:04:14] ==================================================
[12:04:14] 🚀 PASO: CargarPagosPaso
[12:04:14] ==================================================
[12:04:14] 📤 Subiendo TXT de pagos al SEMyT...
[12:04:16] ✅ Importación de pagos completada con éxito.
[12:04:16] ✅ Archivo TXT de pagos cargado en el SEMyT correctamente.
[12:04:16] ✅ CargarPagosPaso finalizado. (⏱ 1.9s)
[12:04:16] === Ejecución finalizada con éxito ===
