[07:26:54] === Inicio de ejecución: pagos ===
[07:26:55] ==================================================
[07:26:55] 🚀 PASO: LoginSEMyTPaso
[07:26:55] ==================================================
[07:26:55] Abriendo SEMyT...
[07:26:58] ✅ [SEMyT] Sesión existente detectada. Login omitido.
[07:26:58] ✅ LoginSEMyTPaso finalizado. (⏱ 3.2s)
[07:26:58] ==================================================
[07:26:58] 🚀 PASO: LoginSIGIPaso
[07:26:58] ==================================================
[07:26:58] Abriendo sitio municipalidad (CiDi)...
[07:26:58] ✅ [SIGI] Sesión existente detectada. Login omitido.
[07:26:58] ✅ LoginSIGIPaso finalizado. (⏱ 0.5s)
[07:26:58] ==================================================
[07:26:58] 🚀 PASO: DescargasParalelasPaso
[07:26:58] ==================================================
[07:26:59] 📤 Arrancando las 3 descargas en paralelo (mismo browser, páginas separadas)...
[07:26:59] Fecha Desde: 27/06/2024
[07:26:59] Fecha Hasta: 24/11/2025
[07:26:59] Fecha Desde: 25/11/2025
[07:26:59] Fecha Hasta: 12/08/2026
[07:26:59] Descargando Excel...
[07:26:59] Descargando Excel...
[07:27:10] Archivo descargado en: datos/descargas/cache_actas_cruce/MULTAS_SIGI_CRUCE.xlsx
[07:27:12] ⏱ [actas_sigi] completado en 13.0s
[07:27:19] Archivo descargado en: datos/descargas/cache_actas_cruce/MULTAS_SIGEMI_CRUCE.xlsx
[07:27:22] ⏱ [actas_sigemi] completado en 23.5s
[07:27:30] ✅ TXT de pagos descargado en: datos/descargas/pagos/2026-08-12/ALL PAGOS DESCARGADOS.txt
[07:27:30] ⏱ [pagos_txt] completado en 30.9s
[07:27:30] ⏱ TOTAL descargas en paralelo: 30.9s
[07:27:30] ✅ DescargasParalelasPaso finalizado. (⏱ 31.2s)
[07:27:30] ==================================================
[07:27:30] 🚀 PASO: CompararActasPaso
[07:27:30] ==================================================
[07:27:30] 🔍 Comparando actas del SEMyT contra pagos del SIGI...
[07:27:30] ================================================================================
[07:27:30] INICIANDO PROCESO DE GENERACIÓN DE PAGOS DESACTUALIZADOS
[07:27:30] ================================================================================
[07:27:30] 📂 Cargando archivos...
[07:27:30]   ✓ Pagos: 21125 registros
[07:27:33]   ✓ Excel SIGEMI (multas vencidas viejas): 101240 registros
[07:27:34]   ✓ Excel SIGI (multas vencidas nuevas): 42740 registros
[07:27:35] ================================================================================
[07:27:35] PASO 1: LLENANDO ACTA_NUMERO (búsqueda por patente + fecha, con desempate por hora)
[07:27:35] ================================================================================
[07:27:37] 📊 ESTADÍSTICAS DE LLENADO DE ACTAS:
[07:27:37]   • Pagos con acta ORIGINAL: 5482
[07:27:37]   • Pagos SIN acta (buscados): 15643
[07:27:37]   • Pagos LLENADOS exitosamente: 4
[07:27:37]   • Pagos NO encontrados en multas: 15639
[07:27:37]   • Pagos SIN RESOLVER por desbalance de cantidades: 0
[07:27:37] ================================================================================
[07:27:37] PASO 1: LLENANDO ACTA_NUMERO (búsqueda por patente + fecha, con desempate por hora)
[07:27:37] ================================================================================
[07:27:38] 📊 ESTADÍSTICAS DE LLENADO DE ACTAS:
[07:27:38]   • Pagos con acta ORIGINAL: 5486
[07:27:38]   • Pagos SIN acta (buscados): 15639
[07:27:38]   • Pagos LLENADOS exitosamente: 0
[07:27:38]   • Pagos NO encontrados en multas: 15639
[07:27:38]   • Pagos SIN RESOLVER por desbalance de cantidades: 0
[07:27:38] ⏱ PASO 1 (llenar actas): 4.1s
[07:27:38] ================================================================================
[07:27:38] PASO 2: FILTRANDO PAGOS CON ACTA_NUMERO COMPLETO
[07:27:38] ================================================================================
[07:27:38] 📊 ESTADÍSTICAS DE FILTRADO:
[07:27:38]   • Pagos TOTALES al inicio: 21125
[07:27:38]   • Pagos CON acta (MANTIENEN): 5486
[07:27:38]   • Pagos RECHAZADOS (sin coincidencias): 15639
[07:27:38] ⚠️  Se eliminaron 15639 registros sin número de acta
[07:27:38]      (recordá: esto incluye tanto pagos ya actualizados/pagados
[07:27:38]       como pagos que quedaron sin resolver por desbalance en el Paso 1)
[07:27:38] ================================================================================
[07:27:38] PASO 2-bis: CONFIRMANDO VIGENCIA DE PAGOS (sistema NUEVO contra MULTAS_SIGI_CRUCE, sistema VIEJO contra SIGEMI)
[07:27:38] ================================================================================
[07:27:39]   ⚠ 5460 pago(s) descartados: su acta ya no figura como vencida en MULTAS_SIGI_CRUCE (SEMyT ya los actualizó).
[07:27:39]   ⚠ 15 pago(s) descartados: su acta ya no figura como vencida en el Excel de SIGEMI (SEMyT ya los actualizó).
[07:27:39]   • Pagos descartados en total por ya estar actualizados/pagados: 5475
[07:27:39] ⏱ PASO 2 (filtrar): 0.5s
[07:27:39] 📂 Cargando maestro de causas SIGEMI...
[07:27:39]   ✓ Causas totales (maestro): 134069 registros
[07:27:39] ================================================================================
[07:27:39] PASO 2.5: ARMANDO causas.txt SIMPLIFICADO (cruce contra total_causas_sigemi.txt)
[07:27:39] ================================================================================
[07:27:39]   • Actas vencidas viejas (multas): 101240
[07:27:39]   • Causas totales en el maestro SIGEMI: 134069
[07:27:39]   • Causas que coinciden (simplificado): 100928
[07:27:39]   ✅ Archivo escrito: datos/descargas/causas/causas.txt
[07:27:39] ⏱ PASO 2.5 (causas simplificado): 0.5s
[07:27:39] ================================================================================
[07:27:39] PASO 3: LLENANDO CAUSA_NUMERO (según fecha de cambio de sistema, cruzando por acta + año)
[07:27:39] ================================================================================
[07:27:39] 📊 ESTADÍSTICAS DE LLENADO DE CAUSAS:
[07:27:39]   • Pagos con causa ORIGINAL: 7
[07:27:39]   • Causas encontradas en SIGEMI (actas viejas): 4
[07:27:39]   • Causas NO encontradas en SIGEMI: 0
[07:27:39]   • Causas asignadas automáticamente (actas nuevas): 0
[07:27:39] ⏱ PASO 3 (llenar causas): 0.0s
[07:27:39] ================================================================================
[07:27:39] PASO 4: ORDENANDO POR FECHA Y ACTA_NUMERO
[07:27:39] ================================================================================
[07:27:39] ✓ Pagos ordenados correctamente
[07:27:39]   • Primera entrada: Acta=21935, Fecha=02/08/2024
[07:27:39]   • Última entrada: Acta=278581, Fecha=12/03/2026
[07:27:39] 📝 Escribiendo archivo de salida...
[07:27:39]   ✅ Archivo escrito: datos/descargas/pagos/2026-08-12/PAGOS 20260812 072730.txt
[07:27:39]   ✅ Total registros: 1325
[07:27:39] ⏱ PASO 4 (ordenar y escribir): 0.0s
[07:27:39] ================================================================================
[07:27:39] ✅ PROCESO COMPLETADO EXITOSAMENTE
[07:27:39] ================================================================================
[07:27:39] 📊 RESUMEN FINAL DEL PROCESAMIENTO:
[07:27:39]   ENTRADA:
[07:27:39]     • Pagos originales: 21125
[07:27:39]     • Multas SIGEMI cargadas: 101240
[07:27:39]     • Multas SIGI cargadas: 42740
[07:27:39]     • Causas simplificadas (usadas para el cruce): 100928
[07:27:39]   PROCESO:
[07:27:39]     • Pagos rechazados sigemi: 15639
[07:27:39]     • Pagos rechazados sigi: 5475
[07:27:39]   SALIDA:
[07:27:39]     • Pagos desactualizados procesados: 11
[07:27:39]     • Archivo final: datos/descargas/pagos/2026-08-12/PAGOS 20260812 072730.txt
[07:27:39]     • Ordenados por fecha: SÍ ✓
[07:27:39]     • Todos con ACTA_NUMERO: SÍ ✓
[07:27:39]     • Todos con CAUSA_NUMERO: SÍ ✓
[07:27:39] ✅ TXT de pagos (ya cruzado con actas y causas) generado en: datos/descargas/pagos/2026-08-12/PAGOS 20260812 072730.txt
[07:27:39] 🧹 TXT de pagos crudo eliminado (ya usado en el cruce): datos/descargas/pagos/2026-08-12/ALL PAGOS DESCARGADOS.txt
[07:27:39] 🧹 Excel MULTAS_SIGEMI_CRUCE eliminado (ya usado en el cruce): datos/descargas/cache_actas_cruce/MULTAS_SIGEMI_CRUCE.xlsx
[07:27:39] 🧹 Excel MULTAS_SIGI_CRUCE eliminado (ya usado en el cruce): datos/descargas/cache_actas_cruce/MULTAS_SIGI_CRUCE.xlsx
[07:27:39] ✅ CompararActasPaso finalizado. (⏱ 9.9s)
[07:27:39] ==================================================
[07:27:39] 🚀 PASO: CargarPagosPaso
[07:27:39] ==================================================
[07:27:39] 📤 Subiendo TXT de pagos al SEMyT...
[07:27:41] ✅ Importación de pagos completada con éxito.
[07:27:41] ✅ Archivo TXT de pagos cargado en el SEMyT correctamente.
[07:27:41] ✅ CargarPagosPaso finalizado. (⏱ 2.0s)
[07:27:41] === Ejecución finalizada con éxito ===
