[10:01:52] === Inicio de ejecución: pagos ===
[10:01:54] ==================================================
[10:01:54] 🚀 PASO: LoginSEMyTPaso
[10:01:54] ==================================================
[10:01:54] Abriendo SEMyT...
[10:02:04] ✅ [SEMyT] Sesión existente detectada. Login omitido.
[10:02:05] ✅ LoginSEMyTPaso finalizado. (⏱ 11.2s)
[10:02:05] ==================================================
[10:02:05] 🚀 PASO: LoginSIGIPaso
[10:02:05] ==================================================
[10:02:05] Abriendo sitio municipalidad (CiDi)...
[10:02:05] ✅ [SIGI] Sesión existente detectada. Login omitido.
[10:02:06] ✅ LoginSIGIPaso finalizado. (⏱ 0.9s)
[10:02:06] ==================================================
[10:02:06] 🚀 PASO: DescargasParalelasPaso
[10:02:06] ==================================================
[10:02:06] 📤 Arrancando las 3 descargas en paralelo (mismo browser, páginas separadas)...
[10:02:06] Fecha Desde: 27/06/2024
[10:02:06] Fecha Hasta: 24/11/2025
[10:02:06] Fecha Desde: 25/11/2025
[10:02:06] Fecha Hasta: 12/08/2026
[10:02:06] Descargando Excel...
[10:02:06] Descargando Excel...
[10:02:27] Archivo descargado en: datos/descargas/cache_actas_cruce/MULTAS_SIGI_CRUCE.xlsx
[10:02:30] ⏱ [actas_sigi] completado en 23.7s
[10:02:48] Archivo descargado en: datos/descargas/cache_actas_cruce/MULTAS_SIGEMI_CRUCE.xlsx
[10:02:56] ⏱ [actas_sigemi] completado en 49.6s
[10:02:59] ✅ TXT de pagos descargado en: datos/descargas/pagos/2026-08-12/ALL PAGOS DESCARGADOS.txt
[10:02:59] ⏱ [pagos_txt] completado en 52.6s
[10:02:59] ⏱ TOTAL descargas en paralelo: 52.6s
[10:02:59] ✅ DescargasParalelasPaso finalizado. (⏱ 53.2s)
[10:02:59] ==================================================
[10:02:59] 🚀 PASO: CompararActasPaso
[10:02:59] ==================================================
[10:02:59] 🔍 Comparando actas del SEMyT contra pagos del SIGI...
[10:02:59] ================================================================================
[10:02:59] INICIANDO PROCESO DE GENERACIÓN DE PAGOS DESACTUALIZADOS
[10:02:59] ================================================================================
[10:02:59] 📂 Cargando archivos...
[10:02:59]   ✓ Pagos: 21143 registros
[10:03:06]   ✓ Excel SIGEMI (multas vencidas viejas): 101208 registros
[10:03:09]   ✓ Excel SIGI (multas vencidas nuevas): 42722 registros
[10:03:10] ================================================================================
[10:03:10] PASO 1: LLENANDO ACTA_NUMERO (búsqueda por patente + fecha, con desempate por hora)
[10:03:10] ================================================================================
[10:03:14] 📊 ESTADÍSTICAS DE LLENADO DE ACTAS:
[10:03:14]   • Pagos con acta ORIGINAL: 5491
[10:03:14]   • Pagos SIN acta (buscados): 15652
[10:03:14]   • Pagos LLENADOS exitosamente: 2
[10:03:14]   • Pagos NO encontrados en multas: 15650
[10:03:14]   • Pagos SIN RESOLVER por desbalance de cantidades: 0
[10:03:14] ================================================================================
[10:03:14] PASO 1: LLENANDO ACTA_NUMERO (búsqueda por patente + fecha, con desempate por hora)
[10:03:14] ================================================================================
[10:03:18] 📊 ESTADÍSTICAS DE LLENADO DE ACTAS:
[10:03:18]   • Pagos con acta ORIGINAL: 5493
[10:03:18]   • Pagos SIN acta (buscados): 15650
[10:03:18]   • Pagos LLENADOS exitosamente: 0
[10:03:18]   • Pagos NO encontrados en multas: 15650
[10:03:18]   • Pagos SIN RESOLVER por desbalance de cantidades: 0
[10:03:18] ⏱ PASO 1 (llenar actas): 9.2s
[10:03:18] ================================================================================
[10:03:18] PASO 2: FILTRANDO PAGOS CON ACTA_NUMERO COMPLETO
[10:03:18] ================================================================================
[10:03:18] 📊 ESTADÍSTICAS DE FILTRADO:
[10:03:18]   • Pagos TOTALES al inicio: 21143
[10:03:18]   • Pagos CON acta (MANTIENEN): 5493
[10:03:18]   • Pagos RECHAZADOS (sin coincidencias): 15650
[10:03:18] ⚠️  Se eliminaron 15650 registros sin número de acta
[10:03:18]      (recordá: esto incluye tanto pagos ya actualizados/pagados
[10:03:18]       como pagos que quedaron sin resolver por desbalance en el Paso 1)
[10:03:18] ================================================================================
[10:03:18] PASO 2-bis: CONFIRMANDO VIGENCIA DE PAGOS (sistema NUEVO contra MULTAS_SIGI_CRUCE, sistema VIEJO contra SIGEMI)
[10:03:18] ================================================================================
[10:03:20]   ⚠ 5474 pago(s) descartados: su acta ya no figura como vencida en MULTAS_SIGI_CRUCE (SEMyT ya los actualizó).
[10:03:20]   ⚠ 15 pago(s) descartados: su acta ya no figura como vencida en el Excel de SIGEMI (SEMyT ya los actualizó).
[10:03:20]   • Pagos descartados en total por ya estar actualizados/pagados: 5489
[10:03:20] ⏱ PASO 2 (filtrar): 1.2s
[10:03:20] 📂 Cargando maestro de causas SIGEMI...
[10:03:20]   ✓ Causas totales (maestro): 134069 registros
[10:03:20] ================================================================================
[10:03:20] PASO 2.5: ARMANDO causas.txt SIMPLIFICADO (cruce contra total_causas_sigemi.txt)
[10:03:20] ================================================================================
[10:03:20]   • Actas vencidas viejas (multas): 101208
[10:03:20]   • Causas totales en el maestro SIGEMI: 134069
[10:03:20]   • Causas que coinciden (simplificado): 100896
[10:03:20]   ✅ Archivo escrito: datos/descargas/causas/causas.txt
[10:03:21] ⏱ PASO 2.5 (causas simplificado): 1.1s
[10:03:21] ================================================================================
[10:03:21] PASO 3: LLENANDO CAUSA_NUMERO (según fecha de cambio de sistema, cruzando por acta + año)
[10:03:21] ================================================================================
[10:03:21] 📊 ESTADÍSTICAS DE LLENADO DE CAUSAS:
[10:03:21]   • Pagos con causa ORIGINAL: 2
[10:03:21]   • Causas encontradas en SIGEMI (actas viejas): 2
[10:03:21]   • Causas NO encontradas en SIGEMI: 0
[10:03:21]   • Causas asignadas automáticamente (actas nuevas): 0
[10:03:21] ⏱ PASO 3 (llenar causas): 0.0s
[10:03:21] ================================================================================
[10:03:21] PASO 4: ORDENANDO POR FECHA Y ACTA_NUMERO
[10:03:21] ================================================================================
[10:03:21] ✓ Pagos ordenados correctamente
[10:03:21]   • Primera entrada: Acta=22405, Fecha=03/08/2024
[10:03:21]   • Última entrada: Acta=312619, Fecha=13/05/2026
[10:03:21] 📝 Escribiendo archivo de salida...
[10:03:21]   ✅ Archivo escrito: datos/descargas/pagos/2026-08-12/PAGOS 20260812 100259.txt
[10:03:21]   ✅ Total registros: 508
[10:03:21] ⏱ PASO 4 (ordenar y escribir): 0.0s
[10:03:21] ================================================================================
[10:03:21] ✅ PROCESO COMPLETADO EXITOSAMENTE
[10:03:21] ================================================================================
[10:03:21] 📊 RESUMEN FINAL DEL PROCESAMIENTO:
[10:03:21]   ENTRADA:
[10:03:21]     • Pagos originales: 21143
[10:03:21]     • Multas SIGEMI cargadas: 101208
[10:03:21]     • Multas SIGI cargadas: 42722
[10:03:21]     • Causas simplificadas (usadas para el cruce): 100896
[10:03:21]   PROCESO:
[10:03:21]     • Pagos rechazados sigemi: 15650
[10:03:21]     • Pagos rechazados sigi: 5489
[10:03:21]   SALIDA:
[10:03:21]     • Pagos desactualizados procesados: 4
[10:03:21]     • Archivo final: datos/descargas/pagos/2026-08-12/PAGOS 20260812 100259.txt
[10:03:21]     • Ordenados por fecha: SÍ ✓
[10:03:21]     • Todos con ACTA_NUMERO: SÍ ✓
[10:03:21]     • Todos con CAUSA_NUMERO: SÍ ✓
[10:03:21] ✅ TXT de pagos (ya cruzado con actas y causas) generado en: datos/descargas/pagos/2026-08-12/PAGOS 20260812 100259.txt
[10:03:21] 🧹 TXT de pagos crudo eliminado (ya usado en el cruce): datos/descargas/pagos/2026-08-12/ALL PAGOS DESCARGADOS.txt
[10:03:21] 🧹 Excel MULTAS_SIGEMI_CRUCE eliminado (ya usado en el cruce): datos/descargas/cache_actas_cruce/MULTAS_SIGEMI_CRUCE.xlsx
[10:03:21] 🧹 Excel MULTAS_SIGI_CRUCE eliminado (ya usado en el cruce): datos/descargas/cache_actas_cruce/MULTAS_SIGI_CRUCE.xlsx
[10:03:21] ✅ CompararActasPaso finalizado. (⏱ 21.7s)
[10:03:21] ==================================================
[10:03:21] 🚀 PASO: CargarPagosPaso
[10:03:21] ==================================================
[10:03:21] 📤 Subiendo TXT de pagos al SEMyT...
[10:03:22] ✅ Importación de pagos completada con éxito.
[10:03:22] ✅ Archivo TXT de pagos cargado en el SEMyT correctamente.
[10:03:22] ✅ CargarPagosPaso finalizado. (⏱ 1.8s)
[10:03:23] === Ejecución finalizada con éxito ===
