[14:47:02] === Inicio de ejecución: pagos ===
[14:47:03] ▶ [LoginSemytPaso] Iniciando...
[14:47:03] ==================================================
[14:47:03] 🚀 PASO: LoginSemytPaso
[14:47:03] ==================================================
[14:47:03] Abriendo SEMyT...
[14:47:05] ✅ [SEMyT] Sesión existente detectada. Login omitido.
[14:47:05] ✅ LoginSemytPaso finalizado. (⏱ 2.5s)
[14:47:05] ✓ [LoginSemytPaso] Completado.
[14:47:05] ▶ [LoginJuzgadoPaso] Iniciando...
[14:47:05] ==================================================
[14:47:05] 🚀 PASO: LoginJuzgadoPaso
[14:47:05] ==================================================
[14:47:05] Abriendo sitio municipalidad (CiDi)...
[14:47:06] ✅ [Juzgado] Sesión existente detectada. Login omitido.
[14:47:06] ✅ LoginJuzgadoPaso finalizado. (⏱ 0.6s)
[14:47:06] ✓ [LoginJuzgadoPaso] Completado.
[14:47:06] ▶ [DescargasParalelasPaso] Iniciando...
[14:47:06] ==================================================
[14:47:06] 🚀 PASO: DescargasParalelasPaso
[14:47:06] ==================================================
[14:47:06] 📤 Arrancando las 3 descargas en paralelo (mismo browser, páginas separadas)...
[14:47:06] Fecha Desde: 27/06/2024
[14:47:06] Fecha Hasta: 24/11/2025
[14:47:06] Fecha Desde: 25/11/2025
[14:47:06] Fecha Hasta: 30/07/2026
[14:47:06] Descargando Excel...
[14:47:06] Descargando Excel...
[14:47:15] Archivo descargado en: backend/descargas/cache_actas_cruce/MULTAS_JUZGADO_CRUCE.xlsx
[14:47:16] ⏱ [actas_juzgado] completado en 10.5s
[14:47:25] Archivo descargado en: backend/descargas/cache_actas_cruce/MULTAS_SIGEMI_CRUCE.xlsx
[14:47:28] ⏱ [actas_sigemi] completado en 22.3s
[14:47:29] ✅ TXT de pagos descargado en: backend/descargas/pagos/2026-07-30/PAGOS DESCARGADOS.txt
[14:47:29] ⏱ [pagos_txt] completado en 23.3s
[14:47:29] ⏱ TOTAL descargas en paralelo: 23.3s
[14:47:29] ✅ DescargasParalelasPaso finalizado. (⏱ 23.6s)
[14:47:29] ✓ [DescargasParalelasPaso] Completado.
[14:47:29] ▶ [CompararActasPaso] Iniciando...
[14:47:29] ==================================================
[14:47:29] 🚀 PASO: CompararActasPaso
[14:47:29] ==================================================
[14:47:29] 🔍 Comparando actas del SEMyT contra pagos del Juzgado...
[14:47:29] ================================================================================
[14:47:29] INICIANDO PROCESO DE GENERACIÓN DE PAGOS DESACTUALIZADOS
[14:47:29] ================================================================================
[14:47:29] 📂 Cargando archivos...
[14:47:29]   ✓ Pagos: 19330 registros
[14:47:33]   ✓ Excel SIGEMI (multas vencidas viejas): 102622 registros
[14:47:34]   ✓ Excel Juzgado (multas vencidas nuevas): 40371 registros
[14:47:34] ================================================================================
[14:47:34] PASO 1: LLENANDO ACTA_NUMERO (búsqueda por patente + fecha, con desempate por hora)
[14:47:34] ================================================================================
[14:47:36] 📊 ESTADÍSTICAS DE LLENADO DE ACTAS:
[14:47:36]   • Pagos con acta ORIGINAL: 4432
[14:47:36]   • Pagos SIN acta (buscados): 14898
[14:47:36]   • Pagos LLENADOS exitosamente: 0
[14:47:36]   • Pagos NO encontrados en multas: 14898
[14:47:36]   • Pagos SIN RESOLVER por desbalance de cantidades: 0
[14:47:36] ================================================================================
[14:47:36] PASO 1: LLENANDO ACTA_NUMERO (búsqueda por patente + fecha, con desempate por hora)
[14:47:36] ================================================================================
[14:47:37] 📊 ESTADÍSTICAS DE LLENADO DE ACTAS:
[14:47:37]   • Pagos con acta ORIGINAL: 4432
[14:47:37]   • Pagos SIN acta (buscados): 14898
[14:47:37]   • Pagos LLENADOS exitosamente: 0
[14:47:37]   • Pagos NO encontrados en multas: 14898
[14:47:37]   • Pagos SIN RESOLVER por desbalance de cantidades: 0
[14:47:37] ⏱ PASO 1 (llenar actas): 3.6s
[14:47:37] ================================================================================
[14:47:37] PASO 2: FILTRANDO PAGOS CON ACTA_NUMERO COMPLETO
[14:47:37] ================================================================================
[14:47:37] 📊 ESTADÍSTICAS DE FILTRADO:
[14:47:37]   • Pagos TOTALES al inicio: 19330
[14:47:37]   • Pagos CON acta (MANTIENEN): 4432
[14:47:37]   • Pagos RECHAZADOS (sin coincidencias): 14898
[14:47:37] ⚠️  Se eliminaron 14898 registros sin número de acta
[14:47:37]      (recordá: esto incluye tanto pagos ya actualizados/pagados
[14:47:37]       como pagos que quedaron sin resolver por desbalance en el Paso 1)
[14:47:37] ================================================================================
[14:47:37] PASO 2-bis: CONFIRMANDO VIGENCIA DE PAGOS (sistema NUEVO contra MULTAS_JUZGADO_CRUCE, sistema VIEJO contra SIGEMI)
[14:47:37] ================================================================================
[14:47:38]   ⚠ 4424 pago(s) descartados: su acta ya no figura como vencida en MULTAS_JUZGADO_CRUCE (SEMyT ya los actualizó).
[14:47:38]   ⚠ 5 pago(s) descartados: su acta ya no figura como vencida en el Excel de SIGEMI (SEMyT ya los actualizó).
[14:47:38]   • Pagos descartados en total por ya estar actualizados/pagados: 4429
[14:47:38] ⏱ PASO 2 (filtrar): 0.4s
[14:47:38] 📂 Cargando maestro de causas SIGEMI...
[14:47:38]   ✓ Causas totales (maestro): 134069 registros
[14:47:38] ⏱ PASO 2.5 (causas simplificado): 0.0s
[14:47:38] ================================================================================
[14:47:38] PASO 2.5: ARMANDO causas.txt SIMPLIFICADO (cruce contra total_causas_sigemi.txt)
[14:47:38] ================================================================================
[14:47:38]   • Actas vencidas viejas (multas): 102622
[14:47:38]   • Causas totales en el maestro SIGEMI: 134069
[14:47:38]   • Causas que coinciden (simplificado): 102298
[14:47:38]   ✅ Archivo escrito: backend/descargas/causas/causas.txt
[14:47:38] ⏱ PASO 2.5 (causas simplificado): 0.4s
[14:47:38] ================================================================================
[14:47:38] PASO 3: LLENANDO CAUSA_NUMERO (según fecha de cambio de sistema, cruzando por acta + año)
[14:47:38] ================================================================================
[14:47:38] 📊 ESTADÍSTICAS DE LLENADO DE CAUSAS:
[14:47:38]   • Pagos con causa ORIGINAL: 3
[14:47:38]   • Causas encontradas en SIGEMI (actas viejas): 0
[14:47:38]   • Causas NO encontradas en SIGEMI: 0
[14:47:38]   • Causas asignadas automáticamente (actas nuevas): 0
[14:47:38] ⏱ PASO 3 (llenar causas): 0.0s
[14:47:38] ================================================================================
[14:47:38] PASO 4: ORDENANDO POR FECHA Y ACTA_NUMERO
[14:47:38] ================================================================================
[14:47:38] ✓ Pagos ordenados correctamente
[14:47:38]   • Primera entrada: Acta=250617, Fecha=26/12/2025
[14:47:38]   • Última entrada: Acta=313811, Fecha=14/05/2026
[14:47:38] 📝 Escribiendo archivo de salida...
[14:47:38]   ✅ Archivo escrito: backend/descargas/pagos/2026-07-30/PAGOS 20260730 144729.txt
[14:47:38]   ✅ Total registros: 449
[14:47:38] ⏱ PASO 4 (ordenar y escribir): 0.0s
[14:47:38] ================================================================================
[14:47:38] ✅ PROCESO COMPLETADO EXITOSAMENTE
[14:47:38] ================================================================================
[14:47:38] 📊 RESUMEN FINAL DEL PROCESAMIENTO:
[14:47:38]   ENTRADA:
[14:47:38]     • Pagos originales: 19330
[14:47:38]     • Multas SIGEMI cargadas: 102622
[14:47:38]     • Multas Juzgado cargadas: 40371
[14:47:38]     • Causas simplificadas (usadas para el cruce): 102298
[14:47:38]   PROCESO:
[14:47:38]     • Pagos rechazados sigemi: 14898
[14:47:38]     • Pagos rechazados juzgado: 4429
[14:47:38]   SALIDA:
[14:47:38]     • Pagos desactualizados procesados: 3
[14:47:38]     • Archivo final: backend/descargas/pagos/2026-07-30/PAGOS 20260730 144729.txt
[14:47:38]     • Ordenados por fecha: SÍ ✓
[14:47:38]     • Todos con ACTA_NUMERO: SÍ ✓
[14:47:38]     • Todos con CAUSA_NUMERO: SÍ ✓
[14:47:38] ✅ TXT de pagos (ya cruzado con actas y causas) generado en: backend/descargas/pagos/2026-07-30/PAGOS 20260730 144729.txt
[14:47:38] 🧹 TXT de pagos crudo eliminado (ya usado en el cruce): backend/descargas/pagos/2026-07-30/PAGOS DESCARGADOS.txt
[14:47:38] 🧹 Excel MULTAS_SIGEMI_CRUCE eliminado (ya usado en el cruce): backend/descargas/cache_actas_cruce/MULTAS_SIGEMI_CRUCE.xlsx
[14:47:38] 🧹 Excel MULTAS_JUZGADO_CRUCE eliminado (ya usado en el cruce): backend/descargas/cache_actas_cruce/MULTAS_JUZGADO_CRUCE.xlsx
[14:47:38] ✅ CompararActasPaso finalizado. (⏱ 9.0s)
[14:47:38] ✓ [CompararActasPaso] Completado.
[14:47:38] ▶ [CargarPagosPaso] Iniciando...
[14:47:38] ==================================================
[14:47:38] 🚀 PASO: CargarPagosPaso
[14:47:38] ==================================================
[14:47:38] 📤 Subiendo TXT de pagos al SEMyT...
[14:47:40] ✅ Importación de pagos completada con éxito.
[14:47:40] ✅ Archivo TXT de pagos cargado en el SEMyT correctamente.
[14:47:40] ✅ CargarPagosPaso finalizado. (⏱ 2.0s)
[14:47:40] ✓ [CargarPagosPaso] Completado.
[14:47:40] === Ejecución finalizada con éxito ===
