[15:19:18] === Inicio de ejecución: pagos ===
[15:19:18] ▶ [LoginSemytPaso] Iniciando...
[15:19:18] ==================================================
[15:19:18] 🚀 PASO: LoginSemytPaso
[15:19:18] ==================================================
[15:19:19] Abriendo SEMyT...
[15:19:21] ✅ [SEMyT] Sesión existente detectada. Login omitido.
[15:19:21] ✅ LoginSemytPaso finalizado. (⏱ 2.5s)
[15:19:21] ✓ [LoginSemytPaso] Completado.
[15:19:21] ▶ [LoginJuzgadoPaso] Iniciando...
[15:19:21] ==================================================
[15:19:21] 🚀 PASO: LoginJuzgadoPaso
[15:19:21] ==================================================
[15:19:21] Abriendo sitio municipalidad (CiDi)...
[15:19:21] ✅ [Juzgado] Sesión existente detectada. Login omitido.
[15:19:21] ✅ LoginJuzgadoPaso finalizado. (⏱ 0.5s)
[15:19:21] ✓ [LoginJuzgadoPaso] Completado.
[15:19:21] ▶ [DescargasParalelasPaso] Iniciando...
[15:19:21] ==================================================
[15:19:21] 🚀 PASO: DescargasParalelasPaso
[15:19:21] ==================================================
[15:19:22] 📤 Arrancando las 3 descargas en paralelo (mismo browser, páginas separadas)...
[15:19:22] Fecha Desde: 27/06/2024
[15:19:22] Fecha Hasta: 24/11/2025
[15:19:22] Fecha Desde: 25/11/2025
[15:19:22] Fecha Hasta: 30/07/2026
[15:19:22] Descargando Excel...
[15:19:22] Descargando Excel...
[15:19:32] Archivo descargado en: backend/descargas/cache_actas_cruce/MULTAS_JUZGADO_CRUCE.xlsx
[15:19:33] ⏱ [actas_juzgado] completado en 11.5s
[15:19:41] Archivo descargado en: backend/descargas/cache_actas_cruce/MULTAS_SIGEMI_CRUCE.xlsx
[15:19:44] ⏱ [actas_sigemi] completado en 22.7s
[15:19:46] ✅ TXT de pagos descargado en: backend/descargas/pagos/2026-07-30/PAGOS DESCARGADOS.txt
[15:19:46] ⏱ [pagos_txt] completado en 24.8s
[15:19:46] ⏱ TOTAL descargas en paralelo: 24.8s
[15:19:46] ✅ DescargasParalelasPaso finalizado. (⏱ 25.1s)
[15:19:46] ✓ [DescargasParalelasPaso] Completado.
[15:19:46] ▶ [CompararActasPaso] Iniciando...
[15:19:46] ==================================================
[15:19:46] 🚀 PASO: CompararActasPaso
[15:19:46] ==================================================
[15:19:46] 🔍 Comparando actas del SEMyT contra pagos del Juzgado...
[15:19:46] ================================================================================
[15:19:46] INICIANDO PROCESO DE GENERACIÓN DE PAGOS DESACTUALIZADOS
[15:19:46] ================================================================================
[15:19:46] 📂 Cargando archivos...
[15:19:46]   ✓ Pagos: 19335 registros
[15:19:50]   ✓ Excel SIGEMI (multas vencidas viejas): 102613 registros
[15:19:51]   ✓ Excel Juzgado (multas vencidas nuevas): 40368 registros
[15:19:52] ================================================================================
[15:19:52] PASO 1: LLENANDO ACTA_NUMERO (búsqueda por patente + fecha, con desempate por hora)
[15:19:52] ================================================================================
[15:19:53] 📊 ESTADÍSTICAS DE LLENADO DE ACTAS:
[15:19:53]   • Pagos con acta ORIGINAL: 4434
[15:19:53]   • Pagos SIN acta (buscados): 14901
[15:19:53]   • Pagos LLENADOS exitosamente: 0
[15:19:53]   • Pagos NO encontrados en multas: 14901
[15:19:53]   • Pagos SIN RESOLVER por desbalance de cantidades: 0
[15:19:53] ================================================================================
[15:19:53] PASO 1: LLENANDO ACTA_NUMERO (búsqueda por patente + fecha, con desempate por hora)
[15:19:53] ================================================================================
[15:19:55] 📊 ESTADÍSTICAS DE LLENADO DE ACTAS:
[15:19:55]   • Pagos con acta ORIGINAL: 4434
[15:19:55]   • Pagos SIN acta (buscados): 14901
[15:19:55]   • Pagos LLENADOS exitosamente: 0
[15:19:55]   • Pagos NO encontrados en multas: 14901
[15:19:55]   • Pagos SIN RESOLVER por desbalance de cantidades: 0
[15:19:55] ⏱ PASO 1 (llenar actas): 3.7s
[15:19:55] ================================================================================
[15:19:55] PASO 2: FILTRANDO PAGOS CON ACTA_NUMERO COMPLETO
[15:19:55] ================================================================================
[15:19:55] 📊 ESTADÍSTICAS DE FILTRADO:
[15:19:55]   • Pagos TOTALES al inicio: 19335
[15:19:55]   • Pagos CON acta (MANTIENEN): 4434
[15:19:55]   • Pagos RECHAZADOS (sin coincidencias): 14901
[15:19:55] ⚠️  Se eliminaron 14901 registros sin número de acta
[15:19:55]      (recordá: esto incluye tanto pagos ya actualizados/pagados
[15:19:55]       como pagos que quedaron sin resolver por desbalance en el Paso 1)
[15:19:55] ================================================================================
[15:19:55] PASO 2-bis: CONFIRMANDO VIGENCIA DE PAGOS (sistema NUEVO contra MULTAS_JUZGADO_CRUCE, sistema VIEJO contra SIGEMI)
[15:19:55] ================================================================================
[15:19:55]   ⚠ 4427 pago(s) descartados: su acta ya no figura como vencida en MULTAS_JUZGADO_CRUCE (SEMyT ya los actualizó).
[15:19:55]   ⚠ 5 pago(s) descartados: su acta ya no figura como vencida en el Excel de SIGEMI (SEMyT ya los actualizó).
[15:19:55]   • Pagos descartados en total por ya estar actualizados/pagados: 4432
[15:19:55] ⏱ PASO 2 (filtrar): 0.5s
[15:19:55] 📂 Cargando maestro de causas SIGEMI...
[15:19:55]   ✓ Causas totales (maestro): 134069 registros
[15:19:55] ⏱ PASO 2.5 (causas simplificado): 0.0s
[15:19:55] ================================================================================
[15:19:55] PASO 2.5: ARMANDO causas.txt SIMPLIFICADO (cruce contra total_causas_sigemi.txt)
[15:19:55] ================================================================================
[15:19:56]   • Actas vencidas viejas (multas): 102613
[15:19:56]   • Causas totales en el maestro SIGEMI: 134069
[15:19:56]   • Causas que coinciden (simplificado): 102289
[15:19:56]   ✅ Archivo escrito: backend/descargas/causas/causas.txt
[15:19:56] ⏱ PASO 2.5 (causas simplificado): 0.5s
[15:19:56] ================================================================================
[15:19:56] PASO 3: LLENANDO CAUSA_NUMERO (según fecha de cambio de sistema, cruzando por acta + año)
[15:19:56] ================================================================================
[15:19:56] 📊 ESTADÍSTICAS DE LLENADO DE CAUSAS:
[15:19:56]   • Pagos con causa ORIGINAL: 2
[15:19:56]   • Causas encontradas en SIGEMI (actas viejas): 0
[15:19:56]   • Causas NO encontradas en SIGEMI: 0
[15:19:56]   • Causas asignadas automáticamente (actas nuevas): 0
[15:19:56] ⏱ PASO 3 (llenar causas): 0.0s
[15:19:56] ================================================================================
[15:19:56] PASO 4: ORDENANDO POR FECHA Y ACTA_NUMERO
[15:19:56] ================================================================================
[15:19:56] ✓ Pagos ordenados correctamente
[15:19:56]   • Primera entrada: Acta=293277, Fecha=13/04/2026
[15:19:56]   • Última entrada: Acta=300780, Fecha=23/04/2026
[15:19:56] 📝 Escribiendo archivo de salida...
[15:19:56]   ✅ Archivo escrito: backend/descargas/pagos/2026-07-30/PAGOS 20260730 151946.txt
[15:19:56]   ✅ Total registros: 367
[15:19:56] ⏱ PASO 4 (ordenar y escribir): 0.0s
[15:19:56] ================================================================================
[15:19:56] ✅ PROCESO COMPLETADO EXITOSAMENTE
[15:19:56] ================================================================================
[15:19:56] 📊 RESUMEN FINAL DEL PROCESAMIENTO:
[15:19:56]   ENTRADA:
[15:19:56]     • Pagos originales: 19335
[15:19:56]     • Multas SIGEMI cargadas: 102613
[15:19:56]     • Multas Juzgado cargadas: 40368
[15:19:56]     • Causas simplificadas (usadas para el cruce): 102289
[15:19:56]   PROCESO:
[15:19:56]     • Pagos rechazados sigemi: 14901
[15:19:56]     • Pagos rechazados juzgado: 4432
[15:19:56]   SALIDA:
[15:19:56]     • Pagos desactualizados procesados: 2
[15:19:56]     • Archivo final: backend/descargas/pagos/2026-07-30/PAGOS 20260730 151946.txt
[15:19:56]     • Ordenados por fecha: SÍ ✓
[15:19:56]     • Todos con ACTA_NUMERO: SÍ ✓
[15:19:56]     • Todos con CAUSA_NUMERO: SÍ ✓
[15:19:56] ✅ TXT de pagos (ya cruzado con actas y causas) generado en: backend/descargas/pagos/2026-07-30/PAGOS 20260730 151946.txt
[15:19:56] 🧹 TXT de pagos crudo eliminado (ya usado en el cruce): backend/descargas/pagos/2026-07-30/PAGOS DESCARGADOS.txt
[15:19:56] 🧹 Excel MULTAS_SIGEMI_CRUCE eliminado (ya usado en el cruce): backend/descargas/cache_actas_cruce/MULTAS_SIGEMI_CRUCE.xlsx
[15:19:56] 🧹 Excel MULTAS_JUZGADO_CRUCE eliminado (ya usado en el cruce): backend/descargas/cache_actas_cruce/MULTAS_JUZGADO_CRUCE.xlsx
[15:19:56] ✅ CompararActasPaso finalizado. (⏱ 9.2s)
[15:19:56] ✓ [CompararActasPaso] Completado.
[15:19:56] ▶ [CargarPagosPaso] Iniciando...
[15:19:56] ==================================================
[15:19:56] 🚀 PASO: CargarPagosPaso
[15:19:56] ==================================================
[15:19:56] 📤 Subiendo TXT de pagos al SEMyT...
[15:19:57] ✅ Importación de pagos completada con éxito.
[15:19:58] ✅ Archivo TXT de pagos cargado en el SEMyT correctamente.
[15:19:58] ✅ CargarPagosPaso finalizado. (⏱ 2.0s)
[15:19:58] ✓ [CargarPagosPaso] Completado.
[15:19:58] === Ejecución finalizada con éxito ===
