[01:16:26] === Inicio de ejecución: pagos ===
[01:16:27] ▶ [LoginSemytPaso] Iniciando...
[01:16:27] ==================================================
[01:16:27] 🚀 PASO: LoginSemytPaso
[01:16:27] ==================================================
[01:16:27] Abriendo SEMyT...
[01:16:29] ✅ [SEMyT] Sesión existente detectada. Login omitido.
[01:16:29] ✅ LoginSemytPaso finalizado. (⏱ 2.3s)
[01:16:29] ✓ [LoginSemytPaso] Completado.
[01:16:29] ▶ [LoginJuzgadoPaso] Iniciando...
[01:16:29] ==================================================
[01:16:29] 🚀 PASO: LoginJuzgadoPaso
[01:16:29] ==================================================
[01:16:29] Abriendo sitio municipalidad (CiDi)...
[01:16:29] ✅ [Juzgado] Sesión existente detectada. Login omitido.
[01:16:29] ✅ LoginJuzgadoPaso finalizado. (⏱ 0.4s)
[01:16:29] ✓ [LoginJuzgadoPaso] Completado.
[01:16:29] ▶ [DescargasParalelasPaso] Iniciando...
[01:16:29] ==================================================
[01:16:29] 🚀 PASO: DescargasParalelasPaso
[01:16:29] ==================================================
[01:16:30] 📤 Arrancando las 3 descargas en paralelo (mismo browser, páginas separadas)...
[01:16:30] Fecha Desde: 27/06/2024
[01:16:30] Fecha Hasta: 24/11/2025
[01:16:30] Fecha Desde: 25/11/2025
[01:16:30] Fecha Hasta: 30/07/2026
[01:16:30] Descargando Excel...
[01:16:30] Descargando Excel...
[01:16:39] Archivo descargado en: backend/descargas/cache_actas_cruce/MULTAS_JUZGADO_CRUCE.xlsx
[01:16:40] ⏱ [actas_juzgado] completado en 10.7s
[01:16:46] Archivo descargado en: backend/descargas/cache_actas_cruce/MULTAS_SIGEMI_CRUCE.xlsx
[01:16:50] ⏱ [actas_sigemi] completado en 20.1s
[01:16:55] ✅ TXT de pagos descargado en: backend/descargas/pagos/2026-07-30/PAGOS DESCARGADOS.txt
[01:16:55] ⏱ [pagos_txt] completado en 25.0s
[01:16:55] ⏱ TOTAL descargas en paralelo: 25.0s
[01:16:55] ✅ DescargasParalelasPaso finalizado. (⏱ 25.3s)
[01:16:55] ✓ [DescargasParalelasPaso] Completado.
[01:16:55] ▶ [CompararActasPaso] Iniciando...
[01:16:55] ==================================================
[01:16:55] 🚀 PASO: CompararActasPaso
[01:16:55] ==================================================
[01:16:55] 🔍 Comparando actas del SEMyT contra pagos del Juzgado...
[01:16:55] ================================================================================
[01:16:55] INICIANDO PROCESO DE GENERACIÓN DE PAGOS DESACTUALIZADOS
[01:16:55] ================================================================================
[01:16:55] 📂 Cargando archivos...
[01:16:55]   ✓ Pagos: 18988 registros
[01:16:58]   ✓ Excel SIGEMI (multas vencidas viejas): 102788 registros
[01:16:59]   ✓ Excel Juzgado (multas vencidas nuevas): 40568 registros
[01:17:00] ================================================================================
[01:17:00] PASO 1: LLENANDO ACTA_NUMERO (búsqueda por patente + fecha, con desempate por hora)
[01:17:00] ================================================================================
[01:17:01] 📊 ESTADÍSTICAS DE LLENADO DE ACTAS:
[01:17:01]   • Pagos con acta ORIGINAL: 4234
[01:17:01]   • Pagos SIN acta (buscados): 14754
[01:17:01]   • Pagos LLENADOS exitosamente: 0
[01:17:01]   • Pagos NO encontrados en multas: 14754
[01:17:01]   • Pagos SIN RESOLVER por desbalance de cantidades: 0
[01:17:01] ================================================================================
[01:17:01] PASO 1: LLENANDO ACTA_NUMERO (búsqueda por patente + fecha, con desempate por hora)
[01:17:01] ================================================================================
[01:17:03] 📊 ESTADÍSTICAS DE LLENADO DE ACTAS:
[01:17:03]   • Pagos con acta ORIGINAL: 4234
[01:17:03]   • Pagos SIN acta (buscados): 14754
[01:17:03]   • Pagos LLENADOS exitosamente: 0
[01:17:03]   • Pagos NO encontrados en multas: 14754
[01:17:03]   • Pagos SIN RESOLVER por desbalance de cantidades: 0
[01:17:03] ⏱ PASO 1 (llenar actas): 3.5s
[01:17:03] ================================================================================
[01:17:03] PASO 2: FILTRANDO PAGOS CON ACTA_NUMERO COMPLETO
[01:17:03] ================================================================================
[01:17:03] 📊 ESTADÍSTICAS DE FILTRADO:
[01:17:03]   • Pagos TOTALES al inicio: 18988
[01:17:03]   • Pagos CON acta (MANTIENEN): 4234
[01:17:03]   • Pagos RECHAZADOS (sin coincidencias): 14754
[01:17:03] ⚠️  Se eliminaron 14754 registros sin número de acta
[01:17:03]      (recordá: esto incluye tanto pagos ya actualizados/pagados
[01:17:03]       como pagos que quedaron sin resolver por desbalance en el Paso 1)
[01:17:03] ================================================================================
[01:17:03] PASO 2-bis: CONFIRMANDO VIGENCIA DE PAGOS (sistema NUEVO contra MULTAS_JUZGADO_CRUCE, sistema VIEJO contra SIGEMI)
[01:17:03] ================================================================================
[01:17:03]   ⚠ 4226 pago(s) descartados: su acta ya no figura como vencida en MULTAS_JUZGADO_CRUCE (SEMyT ya los actualizó).
[01:17:03]   ⚠ 2 pago(s) descartados: su acta ya no figura como vencida en el Excel de SIGEMI (SEMyT ya los actualizó).
[01:17:03]   • Pagos descartados en total por ya estar actualizados/pagados: 4228
[01:17:03] ⏱ PASO 2 (filtrar): 0.4s
[01:17:03] 📂 Cargando maestro de causas SIGEMI...
[01:17:03]   ✓ Causas totales (maestro): 134069 registros
[01:17:03] ⏱ PASO 2.5 (causas simplificado): 0.0s
[01:17:03] ================================================================================
[01:17:03] PASO 2.5: ARMANDO causas.txt SIMPLIFICADO (cruce contra total_causas_sigemi.txt)
[01:17:03] ================================================================================
[01:17:03]   • Actas vencidas viejas (multas): 102788
[01:17:03]   • Causas totales en el maestro SIGEMI: 134069
[01:17:03]   • Causas que coinciden (simplificado): 102461
[01:17:03]   ✅ Archivo escrito: backend/descargas/causas/causas.txt
[01:17:03] ⏱ PASO 2.5 (causas simplificado): 0.4s
[01:17:03] ================================================================================
[01:17:03] PASO 3: LLENANDO CAUSA_NUMERO (según fecha de cambio de sistema, cruzando por acta + año)
[01:17:03] ================================================================================
[01:17:03] 📊 ESTADÍSTICAS DE LLENADO DE CAUSAS:
[01:17:03]   • Pagos con causa ORIGINAL: 6
[01:17:03]   • Causas encontradas en SIGEMI (actas viejas): 0
[01:17:03]   • Causas NO encontradas en SIGEMI: 0
[01:17:03]   • Causas asignadas automáticamente (actas nuevas): 0
[01:17:03] ⏱ PASO 3 (llenar causas): 0.0s
[01:17:03] ================================================================================
[01:17:03] PASO 4: ORDENANDO POR FECHA Y ACTA_NUMERO
[01:17:03] ================================================================================
[01:17:03] ✓ Pagos ordenados correctamente
[01:17:03]   • Primera entrada: Acta=261327, Fecha=02/02/2026
[01:17:03]   • Última entrada: Acta=316621, Fecha=19/05/2026
[01:17:03] 📝 Escribiendo archivo de salida...
[01:17:03]   ✅ Archivo escrito: backend/descargas/pagos/2026-07-30/PAGOS 20260730 011655.txt
[01:17:03]   ✅ Total registros: 772
[01:17:03] ⏱ PASO 4 (ordenar y escribir): 0.0s
[01:17:03] ================================================================================
[01:17:03] ✅ PROCESO COMPLETADO EXITOSAMENTE
[01:17:03] ================================================================================
[01:17:03] 📊 RESUMEN FINAL DEL PROCESAMIENTO:
[01:17:03]   ENTRADA:
[01:17:03]     • Pagos originales: 18988
[01:17:03]     • Multas SIGEMI cargadas: 102788
[01:17:03]     • Multas Juzgado cargadas: 40568
[01:17:03]     • Causas simplificadas (usadas para el cruce): 102461
[01:17:03]   PROCESO:
[01:17:03]     • Pagos rechazados sigemi: 14754
[01:17:03]     • Pagos rechazados juzgado: 4228
[01:17:03]   SALIDA:
[01:17:03]     • Pagos desactualizados procesados: 6
[01:17:03]     • Archivo final: backend/descargas/pagos/2026-07-30/PAGOS 20260730 011655.txt
[01:17:03]     • Ordenados por fecha: SÍ ✓
[01:17:03]     • Todos con ACTA_NUMERO: SÍ ✓
[01:17:03]     • Todos con CAUSA_NUMERO: SÍ ✓
[01:17:03] ✅ TXT de pagos (ya cruzado con actas y causas) generado en: backend/descargas/pagos/2026-07-30/PAGOS 20260730 011655.txt
[01:17:03] 🧹 TXT de pagos crudo eliminado (ya usado en el cruce): backend/descargas/pagos/2026-07-30/PAGOS DESCARGADOS.txt
[01:17:03] 🧹 Excel MULTAS_SIGEMI_CRUCE eliminado (ya usado en el cruce): backend/descargas/cache_actas_cruce/MULTAS_SIGEMI_CRUCE.xlsx
[01:17:03] 🧹 Excel MULTAS_JUZGADO_CRUCE eliminado (ya usado en el cruce): backend/descargas/cache_actas_cruce/MULTAS_JUZGADO_CRUCE.xlsx
[01:17:03] ✅ CompararActasPaso finalizado. (⏱ 8.8s)
[01:17:03] ✓ [CompararActasPaso] Completado.
[01:17:03] ▶ [CargarPagosPaso] Iniciando...
[01:17:03] ==================================================
[01:17:03] 🚀 PASO: CargarPagosPaso
[01:17:03] ==================================================
[01:17:03] 📤 Subiendo TXT de pagos al SEMyT...
[01:17:05] ✅ Importación de pagos completada con éxito.
[01:17:05] ✅ Archivo TXT de pagos cargado en el SEMyT correctamente.
[01:17:05] ✅ CargarPagosPaso finalizado. (⏱ 2.0s)
[01:17:05] ✓ [CargarPagosPaso] Completado.
[01:17:05] === Ejecución finalizada con éxito ===
