[13:08:44] === Inicio de ejecución: pagos ===
[13:08:45] ▶ [LoginSemytPaso] Iniciando...
[13:08:45] ==================================================
[13:08:45] 🚀 PASO: LoginSemytPaso
[13:08:45] ==================================================
[13:08:45] Abriendo SEMyT...
[13:09:01] ✅ [SEMyT] Sesión existente detectada. Login omitido.
[13:09:01] ✅ LoginSemytPaso finalizado. (⏱ 16.0s)
[13:09:01] ✓ [LoginSemytPaso] Completado.
[13:09:01] ▶ [LoginJuzgadoPaso] Iniciando...
[13:09:01] ==================================================
[13:09:01] 🚀 PASO: LoginJuzgadoPaso
[13:09:01] ==================================================
[13:09:01] Abriendo sitio municipalidad (CiDi)...
[13:09:01] ✅ [Juzgado] Sesión existente detectada. Login omitido.
[13:09:02] ✅ LoginJuzgadoPaso finalizado. (⏱ 0.6s)
[13:09:02] ✓ [LoginJuzgadoPaso] Completado.
[13:09:02] ▶ [DescargasParalelasPaso] Iniciando...
[13:09:02] ==================================================
[13:09:02] 🚀 PASO: DescargasParalelasPaso
[13:09:02] ==================================================
[13:09:02] 📤 Arrancando las 3 descargas en paralelo (mismo browser, páginas separadas)...
[13:09:02] Fecha Desde: 27/06/2024
[13:09:02] Fecha Hasta: 24/11/2025
[13:09:02] Fecha Desde: 25/11/2025
[13:09:02] Fecha Hasta: 30/07/2026
[13:09:02] Descargando Excel...
[13:09:02] Descargando Excel...
[13:09:29] Archivo descargado en: backend/descargas/cache_actas_cruce/MULTAS_JUZGADO_CRUCE.xlsx
[13:09:30] ⏱ [actas_juzgado] completado en 28.6s
[13:09:31] ✅ TXT de pagos descargado en: backend/descargas/pagos/2026-07-30/PAGOS DESCARGADOS.txt
[13:09:31] ⏱ [pagos_txt] completado en 28.6s
[13:09:51] Archivo descargado en: backend/descargas/cache_actas_cruce/MULTAS_SIGEMI_CRUCE.xlsx
[13:09:55] ⏱ [actas_sigemi] completado en 52.8s
[13:09:55] ⏱ TOTAL descargas en paralelo: 52.8s
[13:09:55] ✅ DescargasParalelasPaso finalizado. (⏱ 53.1s)
[13:09:55] ✓ [DescargasParalelasPaso] Completado.
[13:09:55] ▶ [CompararActasPaso] Iniciando...
[13:09:55] ==================================================
[13:09:55] 🚀 PASO: CompararActasPaso
[13:09:55] ==================================================
[13:09:55] 🔍 Comparando actas del SEMyT contra pagos del Juzgado...
[13:09:55] ================================================================================
[13:09:55] INICIANDO PROCESO DE GENERACIÓN DE PAGOS DESACTUALIZADOS
[13:09:55] ================================================================================
[13:09:55] 📂 Cargando archivos...
[13:09:55]   ✓ Pagos: 19279 registros
[13:09:58]   ✓ Excel SIGEMI (multas vencidas viejas): 102667 registros
[13:09:59]   ✓ Excel Juzgado (multas vencidas nuevas): 40409 registros
[13:10:00] ================================================================================
[13:10:00] PASO 1: LLENANDO ACTA_NUMERO (búsqueda por patente + fecha, con desempate por hora)
[13:10:00] ================================================================================
[13:10:01] 📊 ESTADÍSTICAS DE LLENADO DE ACTAS:
[13:10:01]   • Pagos con acta ORIGINAL: 4391
[13:10:01]   • Pagos SIN acta (buscados): 14888
[13:10:01]   • Pagos LLENADOS exitosamente: 16
[13:10:01]   • Pagos NO encontrados en multas: 14872
[13:10:01]   • Pagos SIN RESOLVER por desbalance de cantidades: 0
[13:10:01] ================================================================================
[13:10:01] PASO 1: LLENANDO ACTA_NUMERO (búsqueda por patente + fecha, con desempate por hora)
[13:10:01] ================================================================================
[13:10:03] 📊 ESTADÍSTICAS DE LLENADO DE ACTAS:
[13:10:03]   • Pagos con acta ORIGINAL: 4407
[13:10:03]   • Pagos SIN acta (buscados): 14872
[13:10:03]   • Pagos LLENADOS exitosamente: 0
[13:10:03]   • Pagos NO encontrados en multas: 14872
[13:10:03]   • Pagos SIN RESOLVER por desbalance de cantidades: 0
[13:10:03] ⏱ PASO 1 (llenar actas): 3.6s
[13:10:03] ================================================================================
[13:10:03] PASO 2: FILTRANDO PAGOS CON ACTA_NUMERO COMPLETO
[13:10:03] ================================================================================
[13:10:03] 📊 ESTADÍSTICAS DE FILTRADO:
[13:10:03]   • Pagos TOTALES al inicio: 19279
[13:10:03]   • Pagos CON acta (MANTIENEN): 4407
[13:10:03]   • Pagos RECHAZADOS (sin coincidencias): 14872
[13:10:03] ⚠️  Se eliminaron 14872 registros sin número de acta
[13:10:03]      (recordá: esto incluye tanto pagos ya actualizados/pagados
[13:10:03]       como pagos que quedaron sin resolver por desbalance en el Paso 1)
[13:10:03] ================================================================================
[13:10:03] PASO 2-bis: CONFIRMANDO VIGENCIA DE PAGOS (sistema NUEVO contra MULTAS_JUZGADO_CRUCE, sistema VIEJO contra SIGEMI)
[13:10:03] ================================================================================
[13:10:03]   ⚠ 4386 pago(s) descartados: su acta ya no figura como vencida en MULTAS_JUZGADO_CRUCE (SEMyT ya los actualizó).
[13:10:03]   ⚠ 5 pago(s) descartados: su acta ya no figura como vencida en el Excel de SIGEMI (SEMyT ya los actualizó).
[13:10:03]   • Pagos descartados en total por ya estar actualizados/pagados: 4391
[13:10:03] ⏱ PASO 2 (filtrar): 0.4s
[13:10:03] 📂 Cargando maestro de causas SIGEMI...
[13:10:03]   ✓ Causas totales (maestro): 134069 registros
[13:10:03] ⏱ PASO 2.5 (causas simplificado): 0.0s
[13:10:03] ================================================================================
[13:10:03] PASO 2.5: ARMANDO causas.txt SIMPLIFICADO (cruce contra total_causas_sigemi.txt)
[13:10:03] ================================================================================
[13:10:04]   • Actas vencidas viejas (multas): 102667
[13:10:04]   • Causas totales en el maestro SIGEMI: 134069
[13:10:04]   • Causas que coinciden (simplificado): 102343
[13:10:04]   ✅ Archivo escrito: backend/descargas/causas/causas.txt
[13:10:04] ⏱ PASO 2.5 (causas simplificado): 0.4s
[13:10:04] ================================================================================
[13:10:04] PASO 3: LLENANDO CAUSA_NUMERO (según fecha de cambio de sistema, cruzando por acta + año)
[13:10:04] ================================================================================
[13:10:04] 📊 ESTADÍSTICAS DE LLENADO DE CAUSAS:
[13:10:04]   • Pagos con causa ORIGINAL: 0
[13:10:04]   • Causas encontradas en SIGEMI (actas viejas): 16
[13:10:04]   • Causas NO encontradas en SIGEMI: 0
[13:10:04]   • Causas asignadas automáticamente (actas nuevas): 0
[13:10:04] ⏱ PASO 3 (llenar causas): 0.0s
[13:10:04] ================================================================================
[13:10:04] PASO 4: ORDENANDO POR FECHA Y ACTA_NUMERO
[13:10:04] ================================================================================
[13:10:04] ✓ Pagos ordenados correctamente
[13:10:04]   • Primera entrada: Acta=13057, Fecha=19/07/2024
[13:10:04]   • Última entrada: Acta=136066, Fecha=15/04/2025
[13:10:04] 📝 Escribiendo archivo de salida...
[13:10:04]   ✅ Archivo escrito: backend/descargas/pagos/2026-07-30/PAGOS 20260730 130955.txt
[13:10:04]   ✅ Total registros: 1738
[13:10:04] ⏱ PASO 4 (ordenar y escribir): 0.0s
[13:10:04] ================================================================================
[13:10:04] ✅ PROCESO COMPLETADO EXITOSAMENTE
[13:10:04] ================================================================================
[13:10:04] 📊 RESUMEN FINAL DEL PROCESAMIENTO:
[13:10:04]   ENTRADA:
[13:10:04]     • Pagos originales: 19279
[13:10:04]     • Multas SIGEMI cargadas: 102667
[13:10:04]     • Multas Juzgado cargadas: 40409
[13:10:04]     • Causas simplificadas (usadas para el cruce): 102343
[13:10:04]   PROCESO:
[13:10:04]     • Pagos rechazados sigemi: 14872
[13:10:04]     • Pagos rechazados juzgado: 4391
[13:10:04]   SALIDA:
[13:10:04]     • Pagos desactualizados procesados: 16
[13:10:04]     • Archivo final: backend/descargas/pagos/2026-07-30/PAGOS 20260730 130955.txt
[13:10:04]     • Ordenados por fecha: SÍ ✓
[13:10:04]     • Todos con ACTA_NUMERO: SÍ ✓
[13:10:04]     • Todos con CAUSA_NUMERO: SÍ ✓
[13:10:04] ✅ TXT de pagos (ya cruzado con actas y causas) generado en: backend/descargas/pagos/2026-07-30/PAGOS 20260730 130955.txt
[13:10:04] 🧹 TXT de pagos crudo eliminado (ya usado en el cruce): backend/descargas/pagos/2026-07-30/PAGOS DESCARGADOS.txt
[13:10:04] 🧹 Excel MULTAS_SIGEMI_CRUCE eliminado (ya usado en el cruce): backend/descargas/cache_actas_cruce/MULTAS_SIGEMI_CRUCE.xlsx
[13:10:04] 🧹 Excel MULTAS_JUZGADO_CRUCE eliminado (ya usado en el cruce): backend/descargas/cache_actas_cruce/MULTAS_JUZGADO_CRUCE.xlsx
[13:10:04] ✅ CompararActasPaso finalizado. (⏱ 9.0s)
[13:10:04] ✓ [CompararActasPaso] Completado.
[13:10:04] ▶ [CargarPagosPaso] Iniciando...
[13:10:04] ==================================================
[13:10:04] 🚀 PASO: CargarPagosPaso
[13:10:04] ==================================================
[13:10:04] 📤 Subiendo TXT de pagos al SEMyT...
[13:10:05] ✅ Importación de pagos completada con éxito.
[13:10:06] ✅ Archivo TXT de pagos cargado en el SEMyT correctamente.
[13:10:06] ✅ CargarPagosPaso finalizado. (⏱ 2.0s)
[13:10:06] ✓ [CargarPagosPaso] Completado.
[13:10:06] === Ejecución finalizada con éxito ===
