[21:46:42] === Inicio de ejecución: pagos ===
[21:46:43] ▶ [LoginSEMyTPaso] Iniciando...
[21:46:43] ==================================================
[21:46:43] 🚀 PASO: LoginSEMyTPaso
[21:46:43] ==================================================
[21:46:43] Abriendo SEMyT...
[21:46:45] ✅ [SEMyT] Sesión existente detectada. Login omitido.
[21:46:45] ✅ LoginSEMyTPaso finalizado. (⏱ 2.4s)
[21:46:45] ✓ [LoginSEMyTPaso] Completado.
[21:46:45] ▶ [LoginSIGIPaso] Iniciando...
[21:46:45] ==================================================
[21:46:45] 🚀 PASO: LoginSIGIPaso
[21:46:45] ==================================================
[21:46:45] Abriendo sitio municipalidad (CiDi)...
[21:46:45] ✅ [SIGI] Sesión existente detectada. Login omitido.
[21:46:45] ✅ LoginSIGIPaso finalizado. (⏱ 0.5s)
[21:46:45] ✓ [LoginSIGIPaso] Completado.
[21:46:45] ▶ [DescargasParalelasPaso] Iniciando...
[21:46:45] ==================================================
[21:46:45] 🚀 PASO: DescargasParalelasPaso
[21:46:45] ==================================================
[21:46:46] 📤 Arrancando las 3 descargas en paralelo (mismo browser, páginas separadas)...
[21:46:46] Fecha Desde: 27/06/2024
[21:46:46] Fecha Hasta: 24/11/2025
[21:46:46] Fecha Desde: 25/11/2025
[21:46:46] Fecha Hasta: 30/07/2026
[21:46:46] Descargando Excel...
[21:46:46] Descargando Excel...
[21:46:56] Archivo descargado en: backend/descargas/cache_actas_cruce/MULTAS_SIGI_CRUCE.xlsx
[21:46:57] ⏱ [actas_sigi] completado en 11.2s
[21:47:04] Archivo descargado en: backend/descargas/cache_actas_cruce/MULTAS_SIGEMI_CRUCE.xlsx
[21:47:08] ⏱ [actas_sigemi] completado en 21.9s
[21:47:13] ✅ TXT de pagos descargado en: backend/descargas/pagos/2026-07-30/PAGOS DESCARGADOS.txt
[21:47:13] ⏱ [pagos_txt] completado en 27.7s
[21:47:13] ⏱ TOTAL descargas en paralelo: 27.7s
[21:47:13] ✅ DescargasParalelasPaso finalizado. (⏱ 27.9s)
[21:47:13] ✓ [DescargasParalelasPaso] Completado.
[21:47:13] ▶ [CompararActasPaso] Iniciando...
[21:47:13] ==================================================
[21:47:13] 🚀 PASO: CompararActasPaso
[21:47:13] ==================================================
[21:47:13] 🔍 Comparando actas del SEMyT contra pagos del SIGI...
[21:47:13] ================================================================================
[21:47:13] INICIANDO PROCESO DE GENERACIÓN DE PAGOS DESACTUALIZADOS
[21:47:13] ================================================================================
[21:47:13] 📂 Cargando archivos...
[21:47:13]   ✓ Pagos: 19448 registros
[21:47:17]   ✓ Excel SIGEMI (multas vencidas viejas): 102568 registros
[21:47:18]   ✓ Excel SIGI (multas vencidas nuevas): 40297 registros
[21:47:19] ================================================================================
[21:47:19] PASO 1: LLENANDO ACTA_NUMERO (búsqueda por patente + fecha, con desempate por hora)
[21:47:19] ================================================================================
[21:47:20] 📊 ESTADÍSTICAS DE LLENADO DE ACTAS:
[21:47:20]   • Pagos con acta ORIGINAL: 4502
[21:47:20]   • Pagos SIN acta (buscados): 14946
[21:47:20]   • Pagos LLENADOS exitosamente: 0
[21:47:20]   • Pagos NO encontrados en multas: 14946
[21:47:20]   • Pagos SIN RESOLVER por desbalance de cantidades: 0
[21:47:20] ================================================================================
[21:47:20] PASO 1: LLENANDO ACTA_NUMERO (búsqueda por patente + fecha, con desempate por hora)
[21:47:20] ================================================================================
[21:47:22] 📊 ESTADÍSTICAS DE LLENADO DE ACTAS:
[21:47:22]   • Pagos con acta ORIGINAL: 4502
[21:47:22]   • Pagos SIN acta (buscados): 14946
[21:47:22]   • Pagos LLENADOS exitosamente: 0
[21:47:22]   • Pagos NO encontrados en multas: 14946
[21:47:22]   • Pagos SIN RESOLVER por desbalance de cantidades: 0
[21:47:22] ⏱ PASO 1 (llenar actas): 3.7s
[21:47:22] ================================================================================
[21:47:22] PASO 2: FILTRANDO PAGOS CON ACTA_NUMERO COMPLETO
[21:47:22] ================================================================================
[21:47:22] 📊 ESTADÍSTICAS DE FILTRADO:
[21:47:22]   • Pagos TOTALES al inicio: 19448
[21:47:22]   • Pagos CON acta (MANTIENEN): 4502
[21:47:22]   • Pagos RECHAZADOS (sin coincidencias): 14946
[21:47:22] ⚠️  Se eliminaron 14946 registros sin número de acta
[21:47:22]      (recordá: esto incluye tanto pagos ya actualizados/pagados
[21:47:22]       como pagos que quedaron sin resolver por desbalance en el Paso 1)
[21:47:22] ================================================================================
[21:47:22] PASO 2-bis: CONFIRMANDO VIGENCIA DE PAGOS (sistema NUEVO contra MULTAS_SIGI_CRUCE, sistema VIEJO contra SIGEMI)
[21:47:22] ================================================================================
[21:47:22]   ⚠ 4496 pago(s) descartados: su acta ya no figura como vencida en MULTAS_SIGI_CRUCE (SEMyT ya los actualizó).
[21:47:22]   ⚠ 5 pago(s) descartados: su acta ya no figura como vencida en el Excel de SIGEMI (SEMyT ya los actualizó).
[21:47:22]   • Pagos descartados en total por ya estar actualizados/pagados: 4501
[21:47:22] ⏱ PASO 2 (filtrar): 0.4s
[21:47:22] 📂 Cargando maestro de causas SIGEMI...
[21:47:22]   ✓ Causas totales (maestro): 134069 registros
[21:47:22] ⏱ PASO 2.5 (causas simplificado): 0.0s
[21:47:22] ================================================================================
[21:47:22] PASO 2.5: ARMANDO causas.txt SIMPLIFICADO (cruce contra total_causas_sigemi.txt)
[21:47:22] ================================================================================
[21:47:23]   • Actas vencidas viejas (multas): 102568
[21:47:23]   • Causas totales en el maestro SIGEMI: 134069
[21:47:23]   • Causas que coinciden (simplificado): 102244
[21:47:23]   ✅ Archivo escrito: backend/descargas/causas/causas.txt
[21:47:23] ⏱ PASO 2.5 (causas simplificado): 0.4s
[21:47:23] ================================================================================
[21:47:23] PASO 3: LLENANDO CAUSA_NUMERO (según fecha de cambio de sistema, cruzando por acta + año)
[21:47:23] ================================================================================
[21:47:23] 📊 ESTADÍSTICAS DE LLENADO DE CAUSAS:
[21:47:23]   • Pagos con causa ORIGINAL: 1
[21:47:23]   • Causas encontradas en SIGEMI (actas viejas): 0
[21:47:23]   • Causas NO encontradas en SIGEMI: 0
[21:47:23]   • Causas asignadas automáticamente (actas nuevas): 0
[21:47:23] ⏱ PASO 3 (llenar causas): 0.0s
[21:47:23] ================================================================================
[21:47:23] PASO 4: ORDENANDO POR FECHA Y ACTA_NUMERO
[21:47:23] ================================================================================
[21:47:23] ✓ Pagos ordenados correctamente
[21:47:23]   • Primera entrada: Acta=272454, Fecha=27/02/2026
[21:47:23]   • Última entrada: Acta=272454, Fecha=27/02/2026
[21:47:23] 📝 Escribiendo archivo de salida...
[21:47:23]   ✅ Archivo escrito: backend/descargas/pagos/2026-07-30/PAGOS 20260730 214713.txt
[21:47:23]   ✅ Total registros: 256
[21:47:23] ⏱ PASO 4 (ordenar y escribir): 0.0s
[21:47:23] ================================================================================
[21:47:23] ✅ PROCESO COMPLETADO EXITOSAMENTE
[21:47:23] ================================================================================
[21:47:23] 📊 RESUMEN FINAL DEL PROCESAMIENTO:
[21:47:23]   ENTRADA:
[21:47:23]     • Pagos originales: 19448
[21:47:23]     • Multas SIGEMI cargadas: 102568
[21:47:23]     • Multas SIGI cargadas: 40297
[21:47:23]     • Causas simplificadas (usadas para el cruce): 102244
[21:47:23]   PROCESO:
[21:47:23]     • Pagos rechazados sigemi: 14946
[21:47:23]     • Pagos rechazados sigi: 4501
[21:47:23]   SALIDA:
[21:47:23]     • Pagos desactualizados procesados: 1
[21:47:23]     • Archivo final: backend/descargas/pagos/2026-07-30/PAGOS 20260730 214713.txt
[21:47:23]     • Ordenados por fecha: SÍ ✓
[21:47:23]     • Todos con ACTA_NUMERO: SÍ ✓
[21:47:23]     • Todos con CAUSA_NUMERO: SÍ ✓
[21:47:23] ✅ TXT de pagos (ya cruzado con actas y causas) generado en: backend/descargas/pagos/2026-07-30/PAGOS 20260730 214713.txt
[21:47:23] 🧹 TXT de pagos crudo eliminado (ya usado en el cruce): backend/descargas/pagos/2026-07-30/PAGOS DESCARGADOS.txt
[21:47:23] 🧹 Excel MULTAS_SIGEMI_CRUCE eliminado (ya usado en el cruce): backend/descargas/cache_actas_cruce/MULTAS_SIGEMI_CRUCE.xlsx
[21:47:23] 🧹 Excel MULTAS_SIGI_CRUCE eliminado (ya usado en el cruce): backend/descargas/cache_actas_cruce/MULTAS_SIGI_CRUCE.xlsx
[21:47:23] ✅ CompararActasPaso finalizado. (⏱ 9.3s)
[21:47:23] ✓ [CompararActasPaso] Completado.
[21:47:23] ▶ [CargarPagosPaso] Iniciando...
[21:47:23] ==================================================
[21:47:23] 🚀 PASO: CargarPagosPaso
[21:47:23] ==================================================
[21:47:23] 📤 Subiendo TXT de pagos al SEMyT...
[21:47:24] ✅ Importación de pagos completada con éxito.
[21:47:24] ✅ Archivo TXT de pagos cargado en el SEMyT correctamente.
[21:47:24] ✅ CargarPagosPaso finalizado. (⏱ 1.4s)
[21:47:24] ✓ [CargarPagosPaso] Completado.
[21:47:24] === Ejecución finalizada con éxito ===
