[17:11:42] === Inicio de ejecución: pagos ===
[17:11:44] ▶ [LoginSemytPaso] Iniciando...
[17:11:44] ==================================================
[17:11:44] 🚀 PASO: LoginSemytPaso
[17:11:44] ==================================================
[17:11:45] Abriendo SEMyT...
[17:11:48] ✅ [SEMyT] Sesión existente detectada. Login omitido.
[17:11:49] ✅ LoginSemytPaso finalizado. (⏱ 4.4s)
[17:11:49] ✓ [LoginSemytPaso] Completado.
[17:11:49] ▶ [LoginJuzgadoPaso] Iniciando...
[17:11:49] ==================================================
[17:11:49] 🚀 PASO: LoginJuzgadoPaso
[17:11:49] ==================================================
[17:11:49] Abriendo sitio municipalidad (CiDi)...
[17:11:51] ✅ [Juzgado] Sesión existente detectada. Login omitido.
[17:11:51] ✅ LoginJuzgadoPaso finalizado. (⏱ 2.1s)
[17:11:51] ✓ [LoginJuzgadoPaso] Completado.
[17:11:51] ▶ [DescargasParalelasPaso] Iniciando...
[17:11:51] ==================================================
[17:11:51] 🚀 PASO: DescargasParalelasPaso
[17:11:51] ==================================================
[17:11:52] 📤 Arrancando las 3 descargas en paralelo (mismo browser, páginas separadas)...
[17:11:52] Fecha Desde: 27/06/2024
[17:11:52] Fecha Hasta: 24/11/2025
[17:11:52] Fecha Desde: 25/11/2025
[17:11:52] Fecha Hasta: 20/07/2026
[17:11:53] Descargando Excel...
[17:11:53] Descargando Excel...
[17:12:06] Archivo descargado en: backend/descargas/cache_actas_cruce/MULTAS_JUZGADO_CRUCE.xlsx
[17:12:13] ⏱ [actas_juzgado] completado en 21.0s
[17:12:17] Archivo descargado en: backend/descargas/cache_actas_cruce/MULTAS_SIGEMI_CRUCE.xlsx
[17:12:35] ⏱ [actas_sigemi] completado en 42.4s
[17:12:39] ✅ TXT de pagos descargado en: backend/descargas/pagos/2026-07-20/PAGOS DESCARGADOS.txt
[17:12:39] ⏱ [pagos_txt] completado en 47.0s
[17:12:39] ⏱ TOTAL descargas en paralelo: 47.0s
[17:12:39] ✅ DescargasParalelasPaso finalizado. (⏱ 48.4s)
[17:12:39] ✓ [DescargasParalelasPaso] Completado.
[17:12:39] ▶ [CompararActasPaso] Iniciando...
[17:12:39] ==================================================
[17:12:39] 🚀 PASO: CompararActasPaso
[17:12:39] ==================================================
[17:12:39] 🔍 Comparando actas del SEMyT contra pagos del Juzgado...
[17:12:39] ================================================================================
[17:12:39] INICIANDO PROCESO DE GENERACIÓN DE PAGOS DESACTUALIZADOS
[17:12:39] ================================================================================
[17:12:39] 📂 Cargando archivos...
[17:12:39]   ✓ Pagos: 15422 registros
[17:12:58]   ✓ Excel SIGEMI (multas vencidas viejas): 104201 registros
[17:13:04]   ✓ Excel Juzgado (multas vencidas nuevas): 39535 registros
[17:13:07] ================================================================================
[17:13:07] PASO 1: LLENANDO ACTA_NUMERO (búsqueda por patente + fecha, con desempate por hora)
[17:13:07] ================================================================================
[17:13:13] 📊 ESTADÍSTICAS DE LLENADO DE ACTAS:
[17:13:13]   • Pagos con acta ORIGINAL: 2016
[17:13:13]   • Pagos SIN acta (buscados): 13406
[17:13:13]   • Pagos LLENADOS exitosamente: 0
[17:13:13]   • Pagos NO encontrados en multas: 13406
[17:13:13]   • Pagos SIN RESOLVER por desbalance de cantidades: 0
[17:13:14] ================================================================================
[17:13:14] PASO 1: LLENANDO ACTA_NUMERO (búsqueda por patente + fecha, con desempate por hora)
[17:13:14] ================================================================================
[17:13:19] 📊 ESTADÍSTICAS DE LLENADO DE ACTAS:
[17:13:19]   • Pagos con acta ORIGINAL: 2016
[17:13:19]   • Pagos SIN acta (buscados): 13406
[17:13:19]   • Pagos LLENADOS exitosamente: 0
[17:13:19]   • Pagos NO encontrados en multas: 13406
[17:13:19]   • Pagos SIN RESOLVER por desbalance de cantidades: 0
[17:13:19] ⏱ PASO 1 (llenar actas): 14.8s
[17:13:19] ================================================================================
[17:13:19] PASO 2: FILTRANDO PAGOS CON ACTA_NUMERO COMPLETO
[17:13:19] ================================================================================
[17:13:19] 📊 ESTADÍSTICAS DE FILTRADO:
[17:13:19]   • Pagos TOTALES al inicio: 15422
[17:13:19]   • Pagos CON acta (MANTIENEN): 2016
[17:13:19]   • Pagos RECHAZADOS (sin coincidencias): 13406
[17:13:19] ⚠️  Se eliminaron 13406 registros sin número de acta
[17:13:19]      (recordá: esto incluye tanto pagos ya actualizados/pagados
[17:13:19]       como pagos que quedaron sin resolver por desbalance en el Paso 1)
[17:13:19] ================================================================================
[17:13:19] PASO 2-bis: CONFIRMANDO VIGENCIA DE PAGOS DEL SISTEMA NUEVO (contra MULTAS_JUZGADO_CRUCE)
[17:13:19] ================================================================================
[17:13:20]   ⚠ 2015 pago(s) del sistema nuevo descartados: su acta ya no figura como vencida en MULTAS_JUZGADO_CRUCE (SEMyT ya los actualizó).
[17:13:20]   • Pagos del sistema nuevo descartados por ya estar actualizados: 2015
[17:13:20] ⏱ PASO 2 (filtrar): 0.8s
[17:13:20] 📂 Cargando maestro de causas SIGEMI...
[17:13:20]   ✓ Causas totales (maestro): 134069 registros
[17:13:20] ⏱ PASO 2.5 (causas simplificado): 0.2s
[17:13:20] ================================================================================
[17:13:20] PASO 2.5: ARMANDO causas.txt SIMPLIFICADO (cruce contra total_causas_sigemi.txt)
[17:13:20] ================================================================================
[17:13:22]   • Actas vencidas viejas (multas): 104201
[17:13:22]   • Causas totales en el maestro SIGEMI: 134069
[17:13:22]   • Causas que coinciden (simplificado): 103870
[17:13:22]   ✅ Archivo escrito: backend/descargas/causas/causas.txt
[17:13:22] ⏱ PASO 2.5 (causas simplificado): 2.4s
[17:13:22] ================================================================================
[17:13:22] PASO 3: LLENANDO CAUSA_NUMERO (según fecha de cambio de sistema, cruzando por acta + año)
[17:13:22] ================================================================================
[17:13:22] 📊 ESTADÍSTICAS DE LLENADO DE CAUSAS:
[17:13:22]   • Pagos con causa ORIGINAL: 1
[17:13:22]   • Causas encontradas en SIGEMI (actas viejas): 0
[17:13:22]   • Causas NO encontradas en SIGEMI: 0
[17:13:22]   • Causas asignadas automáticamente (actas nuevas): 0
[17:13:22] ⏱ PASO 3 (llenar causas): 0.0s
[17:13:22] ================================================================================
[17:13:22] PASO 4: ORDENANDO POR FECHA Y ACTA_NUMERO
[17:13:22] ================================================================================
[17:13:22] ✓ Pagos ordenados correctamente
[17:13:22]   • Primera entrada: Acta=249783, Fecha=23/12/2025
[17:13:22]   • Última entrada: Acta=249783, Fecha=23/12/2025
[17:13:22] 📝 Escribiendo archivo de salida...
[17:13:22]   ✅ Archivo escrito: backend/descargas/pagos/2026-07-20/PAGOS 20260720 171239.txt
[17:13:22]   ✅ Total registros: 256
[17:13:22] ⏱ PASO 4 (ordenar y escribir): 0.0s
[17:13:22] ================================================================================
[17:13:22] ✅ PROCESO COMPLETADO EXITOSAMENTE
[17:13:22] ================================================================================
[17:13:22] 📊 RESUMEN FINAL DEL PROCESAMIENTO:
[17:13:22]   ENTRADA:
[17:13:22]     • Pagos originales: 15422
[17:13:22]     • Multas SIGEMI cargadas: 104201
[17:13:22]     • Multas Juzgado cargadas: 39535
[17:13:22]     • Causas simplificadas (usadas para el cruce): 103870
[17:13:22]   PROCESO:
[17:13:22]     • Pagos rechazados sigemi: 13406
[17:13:22]     • Pagos rechazados juzgado: 2015
[17:13:22]   SALIDA:
[17:13:22]     • Pagos desactualizados procesados: 1
[17:13:22]     • Archivo final: backend/descargas/pagos/2026-07-20/PAGOS 20260720 171239.txt
[17:13:22]     • Ordenados por fecha: SÍ ✓
[17:13:22]     • Todos con ACTA_NUMERO: SÍ ✓
[17:13:22]     • Todos con CAUSA_NUMERO: SÍ ✓
[17:13:23] ✅ TXT de pagos (ya cruzado con actas y causas) generado en: backend/descargas/pagos/2026-07-20/PAGOS 20260720 171239.txt
[17:13:23] 🧹 TXT de pagos crudo eliminado (ya usado en el cruce): backend/descargas/pagos/2026-07-20/PAGOS DESCARGADOS.txt
[17:13:23] 🧹 Excel MULTAS_SIGEMI_CRUCE eliminado (ya usado en el cruce): backend/descargas/cache_actas_cruce/MULTAS_SIGEMI_CRUCE.xlsx
[17:13:23] 🧹 Excel MULTAS_JUZGADO_CRUCE eliminado (ya usado en el cruce): backend/descargas/cache_actas_cruce/MULTAS_JUZGADO_CRUCE.xlsx
[17:13:23] ✅ CompararActasPaso finalizado. (⏱ 43.2s)
[17:13:23] ✓ [CompararActasPaso] Completado.
[17:13:23] ▶ [CargarPagosPaso] Iniciando...
[17:13:23] ==================================================
[17:13:23] 🚀 PASO: CargarPagosPaso
[17:13:23] ==================================================
[17:13:23] 📤 Subiendo TXT de pagos al SEMyT...
[17:13:25] ✅ Importación de pagos completada con éxito.
[17:13:26] ✅ Archivo TXT de pagos cargado en el SEMyT correctamente.
[17:13:26] ✅ CargarPagosPaso finalizado. (⏱ 3.1s)
[17:13:26] ✓ [CargarPagosPaso] Completado.
[17:13:26] === Ejecución finalizada con éxito ===
