[19:29:58] === Inicio de ejecución: pagos ===
[19:29:59] ▶ [LoginSEMyTPaso] Iniciando...
[19:29:59] ==================================================
[19:29:59] 🚀 PASO: LoginSEMyTPaso
[19:29:59] ==================================================
[19:29:59] Abriendo SEMyT...
[19:30:01] ✅ [SEMyT] Sesión existente detectada. Login omitido.
[19:30:01] ✅ LoginSEMyTPaso finalizado. (⏱ 2.4s)
[19:30:01] ✓ [LoginSEMyTPaso] Completado.
[19:30:01] ▶ [LoginSIGIPaso] Iniciando...
[19:30:01] ==================================================
[19:30:01] 🚀 PASO: LoginSIGIPaso
[19:30:01] ==================================================
[19:30:01] Abriendo sitio municipalidad (CiDi)...
[19:30:01] ✅ [SIGI] Sesión existente detectada. Login omitido.
[19:30:02] ✅ LoginSIGIPaso finalizado. (⏱ 0.4s)
[19:30:02] ✓ [LoginSIGIPaso] Completado.
[19:30:02] ▶ [DescargasParalelasPaso] Iniciando...
[19:30:02] ==================================================
[19:30:02] 🚀 PASO: DescargasParalelasPaso
[19:30:02] ==================================================
[19:30:02] 📤 Arrancando las 3 descargas en paralelo (mismo browser, páginas separadas)...
[19:30:02] Fecha Desde: 27/06/2024
[19:30:02] Fecha Hasta: 24/11/2025
[19:30:02] Fecha Desde: 25/11/2025
[19:30:02] Fecha Hasta: 05/08/2026
[19:30:02] Descargando Excel...
[19:30:02] Descargando Excel...
[19:30:14] Archivo descargado en: backend/descargas/cache_actas_cruce/MULTAS_SIGI_CRUCE.xlsx
[19:30:15] ⏱ [actas_sigi] completado en 13.4s
[19:30:26] Archivo descargado en: backend/descargas/cache_actas_cruce/MULTAS_SIGEMI_CRUCE.xlsx
[19:30:29] ⏱ [actas_sigemi] completado en 27.6s
[19:31:04] ✅ TXT de pagos descargado en: backend/descargas/pagos/2026-08-05/PAGOS DESCARGADOS.txt
[19:31:04] ⏱ [pagos_txt] completado en 62.3s
[19:31:04] ⏱ TOTAL descargas en paralelo: 62.3s
[19:31:04] ✅ DescargasParalelasPaso finalizado. (⏱ 62.6s)
[19:31:04] ✓ [DescargasParalelasPaso] Completado.
[19:31:04] ▶ [CompararActasPaso] Iniciando...
[19:31:04] ==================================================
[19:31:04] 🚀 PASO: CompararActasPaso
[19:31:04] ==================================================
[19:31:04] 🔍 Comparando actas del SEMyT contra pagos del SIGI...
[19:31:04] ================================================================================
[19:31:04] INICIANDO PROCESO DE GENERACIÓN DE PAGOS DESACTUALIZADOS
[19:31:04] ================================================================================
[19:31:04] 📂 Cargando archivos...
[19:31:04]   ✓ Pagos: 20484 registros
[19:31:07]   ✓ Excel SIGEMI (multas vencidas viejas): 101731 registros
[19:31:09]   ✓ Excel SIGI (multas vencidas nuevas): 41231 registros
[19:31:09] ================================================================================
[19:31:09] PASO 1: LLENANDO ACTA_NUMERO (búsqueda por patente + fecha, con desempate por hora)
[19:31:09] ================================================================================
[19:31:11] 📊 ESTADÍSTICAS DE LLENADO DE ACTAS:
[19:31:11]   • Pagos con acta ORIGINAL: 5156
[19:31:11]   • Pagos SIN acta (buscados): 15328
[19:31:11]   • Pagos LLENADOS exitosamente: 1
[19:31:11]   • Pagos NO encontrados en multas: 15327
[19:31:11]   • Pagos SIN RESOLVER por desbalance de cantidades: 0
[19:31:11] ================================================================================
[19:31:11] PASO 1: LLENANDO ACTA_NUMERO (búsqueda por patente + fecha, con desempate por hora)
[19:31:11] ================================================================================
[19:31:12] 📊 ESTADÍSTICAS DE LLENADO DE ACTAS:
[19:31:12]   • Pagos con acta ORIGINAL: 5157
[19:31:12]   • Pagos SIN acta (buscados): 15327
[19:31:12]   • Pagos LLENADOS exitosamente: 0
[19:31:12]   • Pagos NO encontrados en multas: 15327
[19:31:12]   • Pagos SIN RESOLVER por desbalance de cantidades: 0
[19:31:12] ⏱ PASO 1 (llenar actas): 3.8s
[19:31:12] ================================================================================
[19:31:12] PASO 2: FILTRANDO PAGOS CON ACTA_NUMERO COMPLETO
[19:31:12] ================================================================================
[19:31:12] 📊 ESTADÍSTICAS DE FILTRADO:
[19:31:12]   • Pagos TOTALES al inicio: 20484
[19:31:12]   • Pagos CON acta (MANTIENEN): 5157
[19:31:12]   • Pagos RECHAZADOS (sin coincidencias): 15327
[19:31:12] ⚠️  Se eliminaron 15327 registros sin número de acta
[19:31:12]      (recordá: esto incluye tanto pagos ya actualizados/pagados
[19:31:12]       como pagos que quedaron sin resolver por desbalance en el Paso 1)
[19:31:12] ================================================================================
[19:31:12] PASO 2-bis: CONFIRMANDO VIGENCIA DE PAGOS (sistema NUEVO contra MULTAS_SIGI_CRUCE, sistema VIEJO contra SIGEMI)
[19:31:12] ================================================================================
[19:31:13]   ⚠ 5142 pago(s) descartados: su acta ya no figura como vencida en MULTAS_SIGI_CRUCE (SEMyT ya los actualizó).
[19:31:13]   ⚠ 13 pago(s) descartados: su acta ya no figura como vencida en el Excel de SIGEMI (SEMyT ya los actualizó).
[19:31:13]   • Pagos descartados en total por ya estar actualizados/pagados: 5155
[19:31:13] ⏱ PASO 2 (filtrar): 0.4s
[19:31:13] 📂 Cargando maestro de causas SIGEMI...
[19:31:13]   ✓ Causas totales (maestro): 134069 registros
[19:31:13] ⏱ PASO 2.5 (causas simplificado): 0.0s
[19:31:13] ================================================================================
[19:31:13] PASO 2.5: ARMANDO causas.txt SIMPLIFICADO (cruce contra total_causas_sigemi.txt)
[19:31:13] ================================================================================
[19:31:13]   • Actas vencidas viejas (multas): 101731
[19:31:13]   • Causas totales en el maestro SIGEMI: 134069
[19:31:13]   • Causas que coinciden (simplificado): 101416
[19:31:13]   ✅ Archivo escrito: backend/descargas/causas/causas.txt
[19:31:13] ⏱ PASO 2.5 (causas simplificado): 0.4s
[19:31:13] ================================================================================
[19:31:13] PASO 3: LLENANDO CAUSA_NUMERO (según fecha de cambio de sistema, cruzando por acta + año)
[19:31:13] ================================================================================
[19:31:13] 📊 ESTADÍSTICAS DE LLENADO DE CAUSAS:
[19:31:13]   • Pagos con causa ORIGINAL: 1
[19:31:13]   • Causas encontradas en SIGEMI (actas viejas): 1
[19:31:13]   • Causas NO encontradas en SIGEMI: 0
[19:31:13]   • Causas asignadas automáticamente (actas nuevas): 0
[19:31:13] ⏱ PASO 3 (llenar causas): 0.0s
[19:31:13] ================================================================================
[19:31:13] PASO 4: ORDENANDO POR FECHA Y ACTA_NUMERO
[19:31:13] ================================================================================
[19:31:13] ✓ Pagos ordenados correctamente
[19:31:13]   • Primera entrada: Acta=165588, Fecha=17/06/2025
[19:31:13]   • Última entrada: Acta=313148, Fecha=13/05/2026
[19:31:13] 📝 Escribiendo archivo de salida...
[19:31:13]   ✅ Archivo escrito: backend/descargas/pagos/2026-08-05/PAGOS 20260805 193104.txt
[19:31:13]   ✅ Total registros: 359
[19:31:13] ⏱ PASO 4 (ordenar y escribir): 0.0s
[19:31:13] ================================================================================
[19:31:13] ✅ PROCESO COMPLETADO EXITOSAMENTE
[19:31:13] ================================================================================
[19:31:13] 📊 RESUMEN FINAL DEL PROCESAMIENTO:
[19:31:13]   ENTRADA:
[19:31:13]     • Pagos originales: 20484
[19:31:13]     • Multas SIGEMI cargadas: 101731
[19:31:13]     • Multas SIGI cargadas: 41231
[19:31:13]     • Causas simplificadas (usadas para el cruce): 101416
[19:31:13]   PROCESO:
[19:31:13]     • Pagos rechazados sigemi: 15327
[19:31:13]     • Pagos rechazados sigi: 5155
[19:31:13]   SALIDA:
[19:31:13]     • Pagos desactualizados procesados: 2
[19:31:13]     • Archivo final: backend/descargas/pagos/2026-08-05/PAGOS 20260805 193104.txt
[19:31:13]     • Ordenados por fecha: SÍ ✓
[19:31:13]     • Todos con ACTA_NUMERO: SÍ ✓
[19:31:13]     • Todos con CAUSA_NUMERO: SÍ ✓
[19:31:13] ✅ TXT de pagos (ya cruzado con actas y causas) generado en: backend/descargas/pagos/2026-08-05/PAGOS 20260805 193104.txt
[19:31:13] 🧹 TXT de pagos crudo eliminado (ya usado en el cruce): backend/descargas/pagos/2026-08-05/PAGOS DESCARGADOS.txt
[19:31:13] 🧹 Excel MULTAS_SIGEMI_CRUCE eliminado (ya usado en el cruce): backend/descargas/cache_actas_cruce/MULTAS_SIGEMI_CRUCE.xlsx
[19:31:13] 🧹 Excel MULTAS_SIGI_CRUCE eliminado (ya usado en el cruce): backend/descargas/cache_actas_cruce/MULTAS_SIGI_CRUCE.xlsx
[19:31:13] ✅ CompararActasPaso finalizado. (⏱ 9.2s)
[19:31:13] ✓ [CompararActasPaso] Completado.
[19:31:13] ▶ [CargarPagosPaso] Iniciando...
[19:31:13] ==================================================
[19:31:13] 🚀 PASO: CargarPagosPaso
[19:31:13] ==================================================
[19:31:13] 📤 Subiendo TXT de pagos al SEMyT...
[19:31:15] ✅ Importación de pagos completada con éxito.
[19:31:15] ✅ Archivo TXT de pagos cargado en el SEMyT correctamente.
[19:31:15] ✅ CargarPagosPaso finalizado. (⏱ 2.0s)
[19:31:15] ✓ [CargarPagosPaso] Completado.
[19:31:15] === Ejecución finalizada con éxito ===
