[07:48:41] === Inicio de ejecución: pagos ===
[07:48:42] ▶ [LoginSEMyTPaso] Iniciando...
[07:48:42] ==================================================
[07:48:42] 🚀 PASO: LoginSEMyTPaso
[07:48:42] ==================================================
[07:48:42] Abriendo SEMyT...
[07:48:44] ✅ [SEMyT] Sesión existente detectada. Login omitido.
[07:48:44] ✅ LoginSEMyTPaso finalizado. (⏱ 2.7s)
[07:48:44] ✓ [LoginSEMyTPaso] Completado.
[07:48:44] ▶ [LoginSIGIPaso] Iniciando...
[07:48:44] ==================================================
[07:48:44] 🚀 PASO: LoginSIGIPaso
[07:48:44] ==================================================
[07:48:44] Abriendo sitio municipalidad (CiDi)...
[07:48:45] ✅ [SIGI] Sesión existente detectada. Login omitido.
[07:48:45] ✅ LoginSIGIPaso finalizado. (⏱ 0.5s)
[07:48:45] ✓ [LoginSIGIPaso] Completado.
[07:48:45] ▶ [DescargasParalelasPaso] Iniciando...
[07:48:45] ==================================================
[07:48:45] 🚀 PASO: DescargasParalelasPaso
[07:48:45] ==================================================
[07:48:45] 📤 Arrancando las 3 descargas en paralelo (mismo browser, páginas separadas)...
[07:48:45] Fecha Desde: 27/06/2024
[07:48:45] Fecha Hasta: 24/11/2025
[07:48:45] Fecha Desde: 25/11/2025
[07:48:45] Fecha Hasta: 05/08/2026
[07:48:45] Descargando Excel...
[07:48:45] Descargando Excel...
[07:49:09] Archivo descargado en: backend/descargas/cache_actas_cruce/MULTAS_SIGI_CRUCE.xlsx
[07:49:10] ⏱ [actas_sigi] completado en 24.9s
[07:49:10] Archivo descargado en: backend/descargas/cache_actas_cruce/MULTAS_SIGEMI_CRUCE.xlsx
[07:49:14] ⏱ [actas_sigemi] completado en 28.5s
[07:49:15] ✅ TXT de pagos descargado en: backend/descargas/pagos/2026-08-05/PAGOS DESCARGADOS.txt
[07:49:15] ⏱ [pagos_txt] completado en 30.2s
[07:49:15] ⏱ TOTAL descargas en paralelo: 30.2s
[07:49:15] ✅ DescargasParalelasPaso finalizado. (⏱ 30.5s)
[07:49:15] ✓ [DescargasParalelasPaso] Completado.
[07:49:15] ▶ [CompararActasPaso] Iniciando...
[07:49:15] ==================================================
[07:49:15] 🚀 PASO: CompararActasPaso
[07:49:15] ==================================================
[07:49:15] 🔍 Comparando actas del SEMyT contra pagos del SIGI...
[07:49:15] ================================================================================
[07:49:15] INICIANDO PROCESO DE GENERACIÓN DE PAGOS DESACTUALIZADOS
[07:49:15] ================================================================================
[07:49:15] 📂 Cargando archivos...
[07:49:15]   ✓ Pagos: 20299 registros
[07:49:19]   ✓ Excel SIGEMI (multas vencidas viejas): 101853 registros
[07:49:20]   ✓ Excel SIGI (multas vencidas nuevas): 41382 registros
[07:49:20] ================================================================================
[07:49:20] PASO 1: LLENANDO ACTA_NUMERO (búsqueda por patente + fecha, con desempate por hora)
[07:49:20] ================================================================================
[07:49:22] 📊 ESTADÍSTICAS DE LLENADO DE ACTAS:
[07:49:22]   • Pagos con acta ORIGINAL: 5052
[07:49:22]   • Pagos SIN acta (buscados): 15247
[07:49:22]   • Pagos LLENADOS exitosamente: 0
[07:49:22]   • Pagos NO encontrados en multas: 15247
[07:49:22]   • Pagos SIN RESOLVER por desbalance de cantidades: 0
[07:49:22] ================================================================================
[07:49:22] PASO 1: LLENANDO ACTA_NUMERO (búsqueda por patente + fecha, con desempate por hora)
[07:49:22] ================================================================================
[07:49:24] 📊 ESTADÍSTICAS DE LLENADO DE ACTAS:
[07:49:24]   • Pagos con acta ORIGINAL: 5052
[07:49:24]   • Pagos SIN acta (buscados): 15247
[07:49:24]   • Pagos LLENADOS exitosamente: 0
[07:49:24]   • Pagos NO encontrados en multas: 15247
[07:49:24]   • Pagos SIN RESOLVER por desbalance de cantidades: 0
[07:49:24] ⏱ PASO 1 (llenar actas): 3.8s
[07:49:24] ================================================================================
[07:49:24] PASO 2: FILTRANDO PAGOS CON ACTA_NUMERO COMPLETO
[07:49:24] ================================================================================
[07:49:24] 📊 ESTADÍSTICAS DE FILTRADO:
[07:49:24]   • Pagos TOTALES al inicio: 20299
[07:49:24]   • Pagos CON acta (MANTIENEN): 5052
[07:49:24]   • Pagos RECHAZADOS (sin coincidencias): 15247
[07:49:24] ⚠️  Se eliminaron 15247 registros sin número de acta
[07:49:24]      (recordá: esto incluye tanto pagos ya actualizados/pagados
[07:49:24]       como pagos que quedaron sin resolver por desbalance en el Paso 1)
[07:49:24] ================================================================================
[07:49:24] PASO 2-bis: CONFIRMANDO VIGENCIA DE PAGOS (sistema NUEVO contra MULTAS_SIGI_CRUCE, sistema VIEJO contra SIGEMI)
[07:49:24] ================================================================================
[07:49:24]   ⚠ 5040 pago(s) descartados: su acta ya no figura como vencida en MULTAS_SIGI_CRUCE (SEMyT ya los actualizó).
[07:49:24]   ⚠ 11 pago(s) descartados: su acta ya no figura como vencida en el Excel de SIGEMI (SEMyT ya los actualizó).
[07:49:24]   • Pagos descartados en total por ya estar actualizados/pagados: 5051
[07:49:24] ⏱ PASO 2 (filtrar): 0.5s
[07:49:24] 📂 Cargando maestro de causas SIGEMI...
[07:49:24]   ✓ Causas totales (maestro): 134069 registros
[07:49:24] ⏱ PASO 2.5 (causas simplificado): 0.0s
[07:49:24] ================================================================================
[07:49:24] PASO 2.5: ARMANDO causas.txt SIMPLIFICADO (cruce contra total_causas_sigemi.txt)
[07:49:24] ================================================================================
[07:49:25]   • Actas vencidas viejas (multas): 101853
[07:49:25]   • Causas totales en el maestro SIGEMI: 134069
[07:49:25]   • Causas que coinciden (simplificado): 101535
[07:49:25]   ✅ Archivo escrito: backend/descargas/causas/causas.txt
[07:49:25] ⏱ PASO 2.5 (causas simplificado): 0.4s
[07:49:25] ================================================================================
[07:49:25] PASO 3: LLENANDO CAUSA_NUMERO (según fecha de cambio de sistema, cruzando por acta + año)
[07:49:25] ================================================================================
[07:49:25] 📊 ESTADÍSTICAS DE LLENADO DE CAUSAS:
[07:49:25]   • Pagos con causa ORIGINAL: 1
[07:49:25]   • Causas encontradas en SIGEMI (actas viejas): 0
[07:49:25]   • Causas NO encontradas en SIGEMI: 0
[07:49:25]   • Causas asignadas automáticamente (actas nuevas): 0
[07:49:25] ⏱ PASO 3 (llenar causas): 0.0s
[07:49:25] ================================================================================
[07:49:25] PASO 4: ORDENANDO POR FECHA Y ACTA_NUMERO
[07:49:25] ================================================================================
[07:49:25] ✓ Pagos ordenados correctamente
[07:49:25]   • Primera entrada: Acta=288491, Fecha=31/03/2026
[07:49:25]   • Última entrada: Acta=288491, Fecha=31/03/2026
[07:49:25] 📝 Escribiendo archivo de salida...
[07:49:25]   ✅ Archivo escrito: backend/descargas/pagos/2026-08-05/PAGOS 20260805 074915.txt
[07:49:25]   ✅ Total registros: 253
[07:49:25] ⏱ PASO 4 (ordenar y escribir): 0.0s
[07:49:25] ================================================================================
[07:49:25] ✅ PROCESO COMPLETADO EXITOSAMENTE
[07:49:25] ================================================================================
[07:49:25] 📊 RESUMEN FINAL DEL PROCESAMIENTO:
[07:49:25]   ENTRADA:
[07:49:25]     • Pagos originales: 20299
[07:49:25]     • Multas SIGEMI cargadas: 101853
[07:49:25]     • Multas SIGI cargadas: 41382
[07:49:25]     • Causas simplificadas (usadas para el cruce): 101535
[07:49:25]   PROCESO:
[07:49:25]     • Pagos rechazados sigemi: 15247
[07:49:25]     • Pagos rechazados sigi: 5051
[07:49:25]   SALIDA:
[07:49:25]     • Pagos desactualizados procesados: 1
[07:49:25]     • Archivo final: backend/descargas/pagos/2026-08-05/PAGOS 20260805 074915.txt
[07:49:25]     • Ordenados por fecha: SÍ ✓
[07:49:25]     • Todos con ACTA_NUMERO: SÍ ✓
[07:49:25]     • Todos con CAUSA_NUMERO: SÍ ✓
[07:49:25] ✅ TXT de pagos (ya cruzado con actas y causas) generado en: backend/descargas/pagos/2026-08-05/PAGOS 20260805 074915.txt
[07:49:25] 🧹 TXT de pagos crudo eliminado (ya usado en el cruce): backend/descargas/pagos/2026-08-05/PAGOS DESCARGADOS.txt
[07:49:25] 🧹 Excel MULTAS_SIGEMI_CRUCE eliminado (ya usado en el cruce): backend/descargas/cache_actas_cruce/MULTAS_SIGEMI_CRUCE.xlsx
[07:49:25] 🧹 Excel MULTAS_SIGI_CRUCE eliminado (ya usado en el cruce): backend/descargas/cache_actas_cruce/MULTAS_SIGI_CRUCE.xlsx
[07:49:25] ✅ CompararActasPaso finalizado. (⏱ 9.3s)
[07:49:25] ✓ [CompararActasPaso] Completado.
[07:49:25] ▶ [CargarPagosPaso] Iniciando...
[07:49:25] ==================================================
[07:49:25] 🚀 PASO: CargarPagosPaso
[07:49:25] ==================================================
[07:49:25] 📤 Subiendo TXT de pagos al SEMyT...
[07:49:26] ✅ Importación de pagos completada con éxito.
[07:49:27] ✅ Archivo TXT de pagos cargado en el SEMyT correctamente.
[07:49:27] ✅ CargarPagosPaso finalizado. (⏱ 2.0s)
[07:49:27] ✓ [CargarPagosPaso] Completado.
[07:49:27] === Ejecución finalizada con éxito ===
