[14:40:51] === Inicio de ejecución: pagos ===
[14:40:51] ▶ [LoginSEMyTPaso] Iniciando...
[14:40:51] ==================================================
[14:40:51] 🚀 PASO: LoginSEMyTPaso
[14:40:51] ==================================================
[14:40:51] Abriendo SEMyT...
[14:40:54] ✅ [SEMyT] Sesión existente detectada. Login omitido.
[14:40:54] ✅ LoginSEMyTPaso finalizado. (⏱ 2.4s)
[14:40:54] ✓ [LoginSEMyTPaso] Completado.
[14:40:54] ▶ [LoginSIGIPaso] Iniciando...
[14:40:54] ==================================================
[14:40:54] 🚀 PASO: LoginSIGIPaso
[14:40:54] ==================================================
[14:40:54] Abriendo sitio municipalidad (CiDi)...
[14:40:54] ✅ [SIGI] Sesión existente detectada. Login omitido.
[14:40:54] ✅ LoginSIGIPaso finalizado. (⏱ 0.4s)
[14:40:54] ✓ [LoginSIGIPaso] Completado.
[14:40:54] ▶ [DescargasParalelasPaso] Iniciando...
[14:40:54] ==================================================
[14:40:54] 🚀 PASO: DescargasParalelasPaso
[14:40:54] ==================================================
[14:40:54] 📤 Arrancando las 3 descargas en paralelo (mismo browser, páginas separadas)...
[14:40:54] Fecha Desde: 27/06/2024
[14:40:54] Fecha Hasta: 24/11/2025
[14:40:54] Fecha Desde: 25/11/2025
[14:40:54] Fecha Hasta: 05/08/2026
[14:40:54] Descargando Excel...
[14:40:54] Descargando Excel...
[14:41:04] Archivo descargado en: backend/descargas/cache_actas_cruce/MULTAS_SIGI_CRUCE.xlsx
[14:41:05] ⏱ [actas_sigi] completado en 11.0s
[14:41:12] Archivo descargado en: backend/descargas/cache_actas_cruce/MULTAS_SIGEMI_CRUCE.xlsx
[14:41:15] ⏱ [actas_sigemi] completado en 21.1s
[14:41:23] ✅ TXT de pagos descargado en: backend/descargas/pagos/2026-08-05/PAGOS DESCARGADOS.txt
[14:41:23] ⏱ [pagos_txt] completado en 28.6s
[14:41:23] ⏱ TOTAL descargas en paralelo: 28.6s
[14:41:23] ✅ DescargasParalelasPaso finalizado. (⏱ 28.9s)
[14:41:23] ✓ [DescargasParalelasPaso] Completado.
[14:41:23] ▶ [CompararActasPaso] Iniciando...
[14:41:23] ==================================================
[14:41:23] 🚀 PASO: CompararActasPaso
[14:41:23] ==================================================
[14:41:23] 🔍 Comparando actas del SEMyT contra pagos del SIGI...
[14:41:23] ================================================================================
[14:41:23] INICIANDO PROCESO DE GENERACIÓN DE PAGOS DESACTUALIZADOS
[14:41:23] ================================================================================
[14:41:23] 📂 Cargando archivos...
[14:41:23]   ✓ Pagos: 20440 registros
[14:41:26]   ✓ Excel SIGEMI (multas vencidas viejas): 101787 registros
[14:41:27]   ✓ Excel SIGI (multas vencidas nuevas): 41298 registros
[14:41:28] ================================================================================
[14:41:28] PASO 1: LLENANDO ACTA_NUMERO (búsqueda por patente + fecha, con desempate por hora)
[14:41:28] ================================================================================
[14:41:30] 📊 ESTADÍSTICAS DE LLENADO DE ACTAS:
[14:41:30]   • Pagos con acta ORIGINAL: 5136
[14:41:30]   • Pagos SIN acta (buscados): 15304
[14:41:30]   • Pagos LLENADOS exitosamente: 0
[14:41:30]   • Pagos NO encontrados en multas: 15304
[14:41:30]   • Pagos SIN RESOLVER por desbalance de cantidades: 0
[14:41:30] ================================================================================
[14:41:30] PASO 1: LLENANDO ACTA_NUMERO (búsqueda por patente + fecha, con desempate por hora)
[14:41:30] ================================================================================
[14:41:31] 📊 ESTADÍSTICAS DE LLENADO DE ACTAS:
[14:41:31]   • Pagos con acta ORIGINAL: 5136
[14:41:31]   • Pagos SIN acta (buscados): 15304
[14:41:31]   • Pagos LLENADOS exitosamente: 0
[14:41:31]   • Pagos NO encontrados en multas: 15304
[14:41:31]   • Pagos SIN RESOLVER por desbalance de cantidades: 0
[14:41:31] ⏱ PASO 1 (llenar actas): 3.8s
[14:41:31] ================================================================================
[14:41:31] PASO 2: FILTRANDO PAGOS CON ACTA_NUMERO COMPLETO
[14:41:31] ================================================================================
[14:41:31] 📊 ESTADÍSTICAS DE FILTRADO:
[14:41:31]   • Pagos TOTALES al inicio: 20440
[14:41:31]   • Pagos CON acta (MANTIENEN): 5136
[14:41:31]   • Pagos RECHAZADOS (sin coincidencias): 15304
[14:41:31] ⚠️  Se eliminaron 15304 registros sin número de acta
[14:41:31]      (recordá: esto incluye tanto pagos ya actualizados/pagados
[14:41:31]       como pagos que quedaron sin resolver por desbalance en el Paso 1)
[14:41:31] ================================================================================
[14:41:31] PASO 2-bis: CONFIRMANDO VIGENCIA DE PAGOS (sistema NUEVO contra MULTAS_SIGI_CRUCE, sistema VIEJO contra SIGEMI)
[14:41:31] ================================================================================
[14:41:32]   ⚠ 5124 pago(s) descartados: su acta ya no figura como vencida en MULTAS_SIGI_CRUCE (SEMyT ya los actualizó).
[14:41:32]   ⚠ 11 pago(s) descartados: su acta ya no figura como vencida en el Excel de SIGEMI (SEMyT ya los actualizó).
[14:41:32]   • Pagos descartados en total por ya estar actualizados/pagados: 5135
[14:41:32] ⏱ PASO 2 (filtrar): 0.4s
[14:41:32] 📂 Cargando maestro de causas SIGEMI...
[14:41:32]   ✓ Causas totales (maestro): 134069 registros
[14:41:32] ⏱ PASO 2.5 (causas simplificado): 0.0s
[14:41:32] ================================================================================
[14:41:32] PASO 2.5: ARMANDO causas.txt SIMPLIFICADO (cruce contra total_causas_sigemi.txt)
[14:41:32] ================================================================================
[14:41:32]   • Actas vencidas viejas (multas): 101787
[14:41:32]   • Causas totales en el maestro SIGEMI: 134069
[14:41:32]   • Causas que coinciden (simplificado): 101469
[14:41:32]   ✅ Archivo escrito: backend/descargas/causas/causas.txt
[14:41:32] ⏱ PASO 2.5 (causas simplificado): 0.4s
[14:41:32] ================================================================================
[14:41:32] PASO 3: LLENANDO CAUSA_NUMERO (según fecha de cambio de sistema, cruzando por acta + año)
[14:41:32] ================================================================================
[14:41:32] 📊 ESTADÍSTICAS DE LLENADO DE CAUSAS:
[14:41:32]   • Pagos con causa ORIGINAL: 1
[14:41:32]   • Causas encontradas en SIGEMI (actas viejas): 0
[14:41:32]   • Causas NO encontradas en SIGEMI: 0
[14:41:32]   • Causas asignadas automáticamente (actas nuevas): 0
[14:41:32] ⏱ PASO 3 (llenar causas): 0.0s
[14:41:32] ================================================================================
[14:41:32] PASO 4: ORDENANDO POR FECHA Y ACTA_NUMERO
[14:41:32] ================================================================================
[14:41:32] ✓ Pagos ordenados correctamente
[14:41:32]   • Primera entrada: Acta=257956, Fecha=21/01/2026
[14:41:32]   • Última entrada: Acta=257956, Fecha=21/01/2026
[14:41:32] 📝 Escribiendo archivo de salida...
[14:41:32]   ✅ Archivo escrito: backend/descargas/pagos/2026-08-05/PAGOS 20260805 144123.txt
[14:41:32]   ✅ Total registros: 255
[14:41:32] ⏱ PASO 4 (ordenar y escribir): 0.0s
[14:41:32] ================================================================================
[14:41:32] ✅ PROCESO COMPLETADO EXITOSAMENTE
[14:41:32] ================================================================================
[14:41:32] 📊 RESUMEN FINAL DEL PROCESAMIENTO:
[14:41:32]   ENTRADA:
[14:41:32]     • Pagos originales: 20440
[14:41:32]     • Multas SIGEMI cargadas: 101787
[14:41:32]     • Multas SIGI cargadas: 41298
[14:41:32]     • Causas simplificadas (usadas para el cruce): 101469
[14:41:32]   PROCESO:
[14:41:32]     • Pagos rechazados sigemi: 15304
[14:41:32]     • Pagos rechazados sigi: 5135
[14:41:32]   SALIDA:
[14:41:32]     • Pagos desactualizados procesados: 1
[14:41:32]     • Archivo final: backend/descargas/pagos/2026-08-05/PAGOS 20260805 144123.txt
[14:41:32]     • Ordenados por fecha: SÍ ✓
[14:41:32]     • Todos con ACTA_NUMERO: SÍ ✓
[14:41:32]     • Todos con CAUSA_NUMERO: SÍ ✓
[14:41:32] ✅ TXT de pagos (ya cruzado con actas y causas) generado en: backend/descargas/pagos/2026-08-05/PAGOS 20260805 144123.txt
[14:41:32] 🧹 TXT de pagos crudo eliminado (ya usado en el cruce): backend/descargas/pagos/2026-08-05/PAGOS DESCARGADOS.txt
[14:41:32] 🧹 Excel MULTAS_SIGEMI_CRUCE eliminado (ya usado en el cruce): backend/descargas/cache_actas_cruce/MULTAS_SIGEMI_CRUCE.xlsx
[14:41:32] 🧹 Excel MULTAS_SIGI_CRUCE eliminado (ya usado en el cruce): backend/descargas/cache_actas_cruce/MULTAS_SIGI_CRUCE.xlsx
[14:41:32] ✅ CompararActasPaso finalizado. (⏱ 9.1s)
[14:41:32] ✓ [CompararActasPaso] Completado.
[14:41:32] ▶ [CargarPagosPaso] Iniciando...
[14:41:32] ==================================================
[14:41:32] 🚀 PASO: CargarPagosPaso
[14:41:32] ==================================================
[14:41:32] 📤 Subiendo TXT de pagos al SEMyT...
[14:41:33] ✅ Importación de pagos completada con éxito.
[14:41:34] ✅ Archivo TXT de pagos cargado en el SEMyT correctamente.
[14:41:34] ✅ CargarPagosPaso finalizado. (⏱ 1.5s)
[14:41:34] ✓ [CargarPagosPaso] Completado.
[14:41:34] === Ejecución finalizada con éxito ===
