[09:08:50] === Inicio de ejecución: pagos ===
[09:08:51] ▶ [LoginSEMyTPaso] Iniciando...
[09:08:51] ==================================================
[09:08:51] 🚀 PASO: LoginSEMyTPaso
[09:08:51] ==================================================
[09:08:51] Abriendo SEMyT...
[09:08:56] ✅ [SEMyT] Sesión existente detectada. Login omitido.
[09:08:56] ✅ LoginSEMyTPaso finalizado. (⏱ 4.9s)
[09:08:56] ✓ [LoginSEMyTPaso] Completado.
[09:08:56] ▶ [LoginSIGIPaso] Iniciando...
[09:08:56] ==================================================
[09:08:56] 🚀 PASO: LoginSIGIPaso
[09:08:56] ==================================================
[09:08:56] Abriendo sitio municipalidad (CiDi)...
[09:08:56] ✅ [SIGI] Sesión existente detectada. Login omitido.
[09:08:56] ✅ LoginSIGIPaso finalizado. (⏱ 0.6s)
[09:08:56] ✓ [LoginSIGIPaso] Completado.
[09:08:56] ▶ [DescargasParalelasPaso] Iniciando...
[09:08:56] ==================================================
[09:08:56] 🚀 PASO: DescargasParalelasPaso
[09:08:56] ==================================================
[09:08:57] 📤 Arrancando las 3 descargas en paralelo (mismo browser, páginas separadas)...
[09:08:57] Fecha Desde: 27/06/2024
[09:08:57] Fecha Hasta: 24/11/2025
[09:08:57] Fecha Desde: 25/11/2025
[09:08:57] Fecha Hasta: 05/08/2026
[09:08:57] Descargando Excel...
[09:08:57] Descargando Excel...
[09:09:11] Archivo descargado en: backend/descargas/cache_actas_cruce/MULTAS_SIGI_CRUCE.xlsx
[09:09:13] ⏱ [actas_sigi] completado en 16.2s
[09:09:29] Archivo descargado en: backend/descargas/cache_actas_cruce/MULTAS_SIGEMI_CRUCE.xlsx
[09:09:32] ⏱ [actas_sigemi] completado en 35.7s
[09:09:37] ✅ TXT de pagos descargado en: backend/descargas/pagos/2026-08-05/PAGOS DESCARGADOS.txt
[09:09:37] ⏱ [pagos_txt] completado en 40.5s
[09:09:37] ⏱ TOTAL descargas en paralelo: 40.5s
[09:09:37] ✅ DescargasParalelasPaso finalizado. (⏱ 40.7s)
[09:09:37] ✓ [DescargasParalelasPaso] Completado.
[09:09:37] ▶ [CompararActasPaso] Iniciando...
[09:09:37] ==================================================
[09:09:37] 🚀 PASO: CompararActasPaso
[09:09:37] ==================================================
[09:09:37] 🔍 Comparando actas del SEMyT contra pagos del SIGI...
[09:09:37] ================================================================================
[09:09:37] INICIANDO PROCESO DE GENERACIÓN DE PAGOS DESACTUALIZADOS
[09:09:37] ================================================================================
[09:09:37] 📂 Cargando archivos...
[09:09:37]   ✓ Pagos: 20327 registros
[09:09:40]   ✓ Excel SIGEMI (multas vencidas viejas): 101847 registros
[09:09:42]   ✓ Excel SIGI (multas vencidas nuevas): 41368 registros
[09:09:42] ================================================================================
[09:09:42] PASO 1: LLENANDO ACTA_NUMERO (búsqueda por patente + fecha, con desempate por hora)
[09:09:42] ================================================================================
[09:09:44] 📊 ESTADÍSTICAS DE LLENADO DE ACTAS:
[09:09:44]   • Pagos con acta ORIGINAL: 5070
[09:09:44]   • Pagos SIN acta (buscados): 15257
[09:09:44]   • Pagos LLENADOS exitosamente: 4
[09:09:44]   • Pagos NO encontrados en multas: 15253
[09:09:44]   • Pagos SIN RESOLVER por desbalance de cantidades: 0
[09:09:44] ================================================================================
[09:09:44] PASO 1: LLENANDO ACTA_NUMERO (búsqueda por patente + fecha, con desempate por hora)
[09:09:44] ================================================================================
[09:09:45] 📊 ESTADÍSTICAS DE LLENADO DE ACTAS:
[09:09:45]   • Pagos con acta ORIGINAL: 5074
[09:09:45]   • Pagos SIN acta (buscados): 15253
[09:09:45]   • Pagos LLENADOS exitosamente: 0
[09:09:45]   • Pagos NO encontrados en multas: 15253
[09:09:45]   • Pagos SIN RESOLVER por desbalance de cantidades: 0
[09:09:45] ⏱ PASO 1 (llenar actas): 3.7s
[09:09:45] ================================================================================
[09:09:45] PASO 2: FILTRANDO PAGOS CON ACTA_NUMERO COMPLETO
[09:09:45] ================================================================================
[09:09:45] 📊 ESTADÍSTICAS DE FILTRADO:
[09:09:45]   • Pagos TOTALES al inicio: 20327
[09:09:45]   • Pagos CON acta (MANTIENEN): 5074
[09:09:45]   • Pagos RECHAZADOS (sin coincidencias): 15253
[09:09:45] ⚠️  Se eliminaron 15253 registros sin número de acta
[09:09:45]      (recordá: esto incluye tanto pagos ya actualizados/pagados
[09:09:45]       como pagos que quedaron sin resolver por desbalance en el Paso 1)
[09:09:45] ================================================================================
[09:09:45] PASO 2-bis: CONFIRMANDO VIGENCIA DE PAGOS (sistema NUEVO contra MULTAS_SIGI_CRUCE, sistema VIEJO contra SIGEMI)
[09:09:45] ================================================================================
[09:09:46]   ⚠ 5055 pago(s) descartados: su acta ya no figura como vencida en MULTAS_SIGI_CRUCE (SEMyT ya los actualizó).
[09:09:46]   ⚠ 11 pago(s) descartados: su acta ya no figura como vencida en el Excel de SIGEMI (SEMyT ya los actualizó).
[09:09:46]   • Pagos descartados en total por ya estar actualizados/pagados: 5066
[09:09:46] ⏱ PASO 2 (filtrar): 0.4s
[09:09:46] 📂 Cargando maestro de causas SIGEMI...
[09:09:46]   ✓ Causas totales (maestro): 134069 registros
[09:09:46] ⏱ PASO 2.5 (causas simplificado): 0.0s
[09:09:46] ================================================================================
[09:09:46] PASO 2.5: ARMANDO causas.txt SIMPLIFICADO (cruce contra total_causas_sigemi.txt)
[09:09:46] ================================================================================
[09:09:46]   • Actas vencidas viejas (multas): 101847
[09:09:46]   • Causas totales en el maestro SIGEMI: 134069
[09:09:46]   • Causas que coinciden (simplificado): 101529
[09:09:46]   ✅ Archivo escrito: backend/descargas/causas/causas.txt
[09:09:46] ⏱ PASO 2.5 (causas simplificado): 0.4s
[09:09:46] ================================================================================
[09:09:46] PASO 3: LLENANDO CAUSA_NUMERO (según fecha de cambio de sistema, cruzando por acta + año)
[09:09:46] ================================================================================
[09:09:46] 📊 ESTADÍSTICAS DE LLENADO DE CAUSAS:
[09:09:46]   • Pagos con causa ORIGINAL: 4
[09:09:46]   • Causas encontradas en SIGEMI (actas viejas): 4
[09:09:46]   • Causas NO encontradas en SIGEMI: 0
[09:09:46]   • Causas asignadas automáticamente (actas nuevas): 0
[09:09:46] ⏱ PASO 3 (llenar causas): 0.0s
[09:09:46] ================================================================================
[09:09:46] PASO 4: ORDENANDO POR FECHA Y ACTA_NUMERO
[09:09:46] ================================================================================
[09:09:46] ✓ Pagos ordenados correctamente
[09:09:46]   • Primera entrada: Acta=106810, Fecha=31/01/2025
[09:09:46]   • Última entrada: Acta=305341, Fecha=30/04/2026
[09:09:46] 📝 Escribiendo archivo de salida...
[09:09:46]   ✅ Archivo escrito: backend/descargas/pagos/2026-08-05/PAGOS 20260805 090937.txt
[09:09:46]   ✅ Total registros: 1000
[09:09:46] ⏱ PASO 4 (ordenar y escribir): 0.0s
[09:09:46] ================================================================================
[09:09:46] ✅ PROCESO COMPLETADO EXITOSAMENTE
[09:09:46] ================================================================================
[09:09:46] 📊 RESUMEN FINAL DEL PROCESAMIENTO:
[09:09:46]   ENTRADA:
[09:09:46]     • Pagos originales: 20327
[09:09:46]     • Multas SIGEMI cargadas: 101847
[09:09:46]     • Multas SIGI cargadas: 41368
[09:09:46]     • Causas simplificadas (usadas para el cruce): 101529
[09:09:46]   PROCESO:
[09:09:46]     • Pagos rechazados sigemi: 15253
[09:09:46]     • Pagos rechazados sigi: 5066
[09:09:46]   SALIDA:
[09:09:46]     • Pagos desactualizados procesados: 8
[09:09:46]     • Archivo final: backend/descargas/pagos/2026-08-05/PAGOS 20260805 090937.txt
[09:09:46]     • Ordenados por fecha: SÍ ✓
[09:09:46]     • Todos con ACTA_NUMERO: SÍ ✓
[09:09:46]     • Todos con CAUSA_NUMERO: SÍ ✓
[09:09:46] ✅ TXT de pagos (ya cruzado con actas y causas) generado en: backend/descargas/pagos/2026-08-05/PAGOS 20260805 090937.txt
[09:09:46] 🧹 TXT de pagos crudo eliminado (ya usado en el cruce): backend/descargas/pagos/2026-08-05/PAGOS DESCARGADOS.txt
[09:09:46] 🧹 Excel MULTAS_SIGEMI_CRUCE eliminado (ya usado en el cruce): backend/descargas/cache_actas_cruce/MULTAS_SIGEMI_CRUCE.xlsx
[09:09:46] 🧹 Excel MULTAS_SIGI_CRUCE eliminado (ya usado en el cruce): backend/descargas/cache_actas_cruce/MULTAS_SIGI_CRUCE.xlsx
[09:09:46] ✅ CompararActasPaso finalizado. (⏱ 9.0s)
[09:09:46] ✓ [CompararActasPaso] Completado.
[09:09:46] ▶ [CargarPagosPaso] Iniciando...
[09:09:46] ==================================================
[09:09:46] 🚀 PASO: CargarPagosPaso
[09:09:46] ==================================================
[09:09:46] 📤 Subiendo TXT de pagos al SEMyT...
[09:09:48] ✅ Importación de pagos completada con éxito.
[09:09:48] ✅ Archivo TXT de pagos cargado en el SEMyT correctamente.
[09:09:48] ✅ CargarPagosPaso finalizado. (⏱ 2.0s)
[09:09:48] ✓ [CargarPagosPaso] Completado.
[09:09:48] === Ejecución finalizada con éxito ===
