[00:08:45] === Inicio de ejecución: pagos ===
[00:08:46] ▶ [LoginSEMyTPaso] Iniciando...
[00:08:46] ==================================================
[00:08:46] 🚀 PASO: LoginSEMyTPaso
[00:08:46] ==================================================
[00:08:47] Abriendo SEMyT...
[00:08:49] ✅ [SEMyT] Sesión existente detectada. Login omitido.
[00:08:50] ✅ LoginSEMyTPaso finalizado. (⏱ 4.2s)
[00:08:50] ✓ [LoginSEMyTPaso] Completado.
[00:08:50] ▶ [LoginSIGIPaso] Iniciando...
[00:08:50] ==================================================
[00:08:50] 🚀 PASO: LoginSIGIPaso
[00:08:50] ==================================================
[00:08:50] Abriendo sitio municipalidad (CiDi)...
[00:08:51] ✅ [SIGI] Sesión existente detectada. Login omitido.
[00:08:51] ✅ LoginSIGIPaso finalizado. (⏱ 1.3s)
[00:08:51] ✓ [LoginSIGIPaso] Completado.
[00:08:51] ▶ [DescargasParalelasPaso] Iniciando...
[00:08:51] ==================================================
[00:08:51] 🚀 PASO: DescargasParalelasPaso
[00:08:51] ==================================================
[00:08:52] 📤 Arrancando las 3 descargas en paralelo (mismo browser, páginas separadas)...
[00:08:52] Fecha Desde: 27/06/2024
[00:08:52] Fecha Hasta: 24/11/2025
[00:08:52] Fecha Desde: 25/11/2025
[00:08:52] Fecha Hasta: 05/08/2026
[00:08:53] Descargando Excel...
[00:08:53] Descargando Excel...
[00:09:02] Archivo descargado en: backend/descargas/cache_actas_cruce/MULTAS_SIGI_CRUCE.xlsx
[00:09:04] ⏱ [actas_sigi] completado en 11.3s
[00:09:10] Archivo descargado en: backend/descargas/cache_actas_cruce/MULTAS_SIGEMI_CRUCE.xlsx
[00:09:13] ⏱ [actas_sigemi] completado en 20.8s
[00:10:29] ✅ TXT de pagos descargado en: backend/descargas/pagos/2026-08-05/PAGOS DESCARGADOS.txt
[00:10:29] ⏱ [pagos_txt] completado en 96.7s
[00:10:29] ⏱ TOTAL descargas en paralelo: 96.7s
[00:10:29] ✅ DescargasParalelasPaso finalizado. (⏱ 98.1s)
[00:10:29] ✓ [DescargasParalelasPaso] Completado.
[00:10:29] ▶ [CompararActasPaso] Iniciando...
[00:10:29] ==================================================
[00:10:29] 🚀 PASO: CompararActasPaso
[00:10:29] ==================================================
[00:10:29] 🔍 Comparando actas del SEMyT contra pagos del SIGI...
[00:10:29] ================================================================================
[00:10:29] INICIANDO PROCESO DE GENERACIÓN DE PAGOS DESACTUALIZADOS
[00:10:29] ================================================================================
[00:10:29] 📂 Cargando archivos...
[00:10:29]   ✓ Pagos: 20287 registros
[00:10:32]   ✓ Excel SIGEMI (multas vencidas viejas): 101856 registros
[00:10:34]   ✓ Excel SIGI (multas vencidas nuevas): 41391 registros
[00:10:34] ================================================================================
[00:10:34] PASO 1: LLENANDO ACTA_NUMERO (búsqueda por patente + fecha, con desempate por hora)
[00:10:34] ================================================================================
[00:10:36] 📊 ESTADÍSTICAS DE LLENADO DE ACTAS:
[00:10:36]   • Pagos con acta ORIGINAL: 5043
[00:10:36]   • Pagos SIN acta (buscados): 15244
[00:10:36]   • Pagos LLENADOS exitosamente: 1
[00:10:36]   • Pagos NO encontrados en multas: 15243
[00:10:36]   • Pagos SIN RESOLVER por desbalance de cantidades: 0
[00:10:36] ================================================================================
[00:10:36] PASO 1: LLENANDO ACTA_NUMERO (búsqueda por patente + fecha, con desempate por hora)
[00:10:36] ================================================================================
[00:10:37] 📊 ESTADÍSTICAS DE LLENADO DE ACTAS:
[00:10:37]   • Pagos con acta ORIGINAL: 5044
[00:10:37]   • Pagos SIN acta (buscados): 15243
[00:10:37]   • Pagos LLENADOS exitosamente: 0
[00:10:37]   • Pagos NO encontrados en multas: 15243
[00:10:37]   • Pagos SIN RESOLVER por desbalance de cantidades: 0
[00:10:37] ⏱ PASO 1 (llenar actas): 3.7s
[00:10:37] ================================================================================
[00:10:37] PASO 2: FILTRANDO PAGOS CON ACTA_NUMERO COMPLETO
[00:10:37] ================================================================================
[00:10:37] 📊 ESTADÍSTICAS DE FILTRADO:
[00:10:37]   • Pagos TOTALES al inicio: 20287
[00:10:37]   • Pagos CON acta (MANTIENEN): 5044
[00:10:37]   • Pagos RECHAZADOS (sin coincidencias): 15243
[00:10:37] ⚠️  Se eliminaron 15243 registros sin número de acta
[00:10:37]      (recordá: esto incluye tanto pagos ya actualizados/pagados
[00:10:37]       como pagos que quedaron sin resolver por desbalance en el Paso 1)
[00:10:37] ================================================================================
[00:10:37] PASO 2-bis: CONFIRMANDO VIGENCIA DE PAGOS (sistema NUEVO contra MULTAS_SIGI_CRUCE, sistema VIEJO contra SIGEMI)
[00:10:37] ================================================================================
[00:10:38]   ⚠ 5031 pago(s) descartados: su acta ya no figura como vencida en MULTAS_SIGI_CRUCE (SEMyT ya los actualizó).
[00:10:38]   ⚠ 11 pago(s) descartados: su acta ya no figura como vencida en el Excel de SIGEMI (SEMyT ya los actualizó).
[00:10:38]   • Pagos descartados en total por ya estar actualizados/pagados: 5042
[00:10:38] ⏱ PASO 2 (filtrar): 0.4s
[00:10:38] 📂 Cargando maestro de causas SIGEMI...
[00:10:38]   ✓ Causas totales (maestro): 134069 registros
[00:10:38] ⏱ PASO 2.5 (causas simplificado): 0.0s
[00:10:38] ================================================================================
[00:10:38] PASO 2.5: ARMANDO causas.txt SIMPLIFICADO (cruce contra total_causas_sigemi.txt)
[00:10:38] ================================================================================
[00:10:38]   • Actas vencidas viejas (multas): 101856
[00:10:38]   • Causas totales en el maestro SIGEMI: 134069
[00:10:38]   • Causas que coinciden (simplificado): 101538
[00:10:38]   ✅ Archivo escrito: backend/descargas/causas/causas.txt
[00:10:38] ⏱ PASO 2.5 (causas simplificado): 0.4s
[00:10:38] ================================================================================
[00:10:38] PASO 3: LLENANDO CAUSA_NUMERO (según fecha de cambio de sistema, cruzando por acta + año)
[00:10:38] ================================================================================
[00:10:38] 📊 ESTADÍSTICAS DE LLENADO DE CAUSAS:
[00:10:38]   • Pagos con causa ORIGINAL: 1
[00:10:38]   • Causas encontradas en SIGEMI (actas viejas): 1
[00:10:38]   • Causas NO encontradas en SIGEMI: 0
[00:10:38]   • Causas asignadas automáticamente (actas nuevas): 0
[00:10:38] ⏱ PASO 3 (llenar causas): 0.0s
[00:10:38] ================================================================================
[00:10:38] PASO 4: ORDENANDO POR FECHA Y ACTA_NUMERO
[00:10:38] ================================================================================
[00:10:38] ✓ Pagos ordenados correctamente
[00:10:38]   • Primera entrada: Acta=146166, Fecha=09/05/2025
[00:10:38]   • Última entrada: Acta=276867, Fecha=09/03/2026
[00:10:38] 📝 Escribiendo archivo de salida...
[00:10:38]   ✅ Archivo escrito: backend/descargas/pagos/2026-08-05/PAGOS 20260805 001029.txt
[00:10:38]   ✅ Total registros: 366
[00:10:38] ⏱ PASO 4 (ordenar y escribir): 0.0s
[00:10:38] ================================================================================
[00:10:38] ✅ PROCESO COMPLETADO EXITOSAMENTE
[00:10:38] ================================================================================
[00:10:38] 📊 RESUMEN FINAL DEL PROCESAMIENTO:
[00:10:38]   ENTRADA:
[00:10:38]     • Pagos originales: 20287
[00:10:38]     • Multas SIGEMI cargadas: 101856
[00:10:38]     • Multas SIGI cargadas: 41391
[00:10:38]     • Causas simplificadas (usadas para el cruce): 101538
[00:10:38]   PROCESO:
[00:10:38]     • Pagos rechazados sigemi: 15243
[00:10:38]     • Pagos rechazados sigi: 5042
[00:10:38]   SALIDA:
[00:10:38]     • Pagos desactualizados procesados: 2
[00:10:38]     • Archivo final: backend/descargas/pagos/2026-08-05/PAGOS 20260805 001029.txt
[00:10:38]     • Ordenados por fecha: SÍ ✓
[00:10:38]     • Todos con ACTA_NUMERO: SÍ ✓
[00:10:38]     • Todos con CAUSA_NUMERO: SÍ ✓
[00:10:38] ✅ TXT de pagos (ya cruzado con actas y causas) generado en: backend/descargas/pagos/2026-08-05/PAGOS 20260805 001029.txt
[00:10:38] 🧹 TXT de pagos crudo eliminado (ya usado en el cruce): backend/descargas/pagos/2026-08-05/PAGOS DESCARGADOS.txt
[00:10:38] 🧹 Excel MULTAS_SIGEMI_CRUCE eliminado (ya usado en el cruce): backend/descargas/cache_actas_cruce/MULTAS_SIGEMI_CRUCE.xlsx
[00:10:38] 🧹 Excel MULTAS_SIGI_CRUCE eliminado (ya usado en el cruce): backend/descargas/cache_actas_cruce/MULTAS_SIGI_CRUCE.xlsx
[00:10:38] ✅ CompararActasPaso finalizado. (⏱ 9.1s)
[00:10:38] ✓ [CompararActasPaso] Completado.
[00:10:38] ▶ [CargarPagosPaso] Iniciando...
[00:10:38] ==================================================
[00:10:38] 🚀 PASO: CargarPagosPaso
[00:10:38] ==================================================
[00:10:38] 📤 Subiendo TXT de pagos al SEMyT...
[00:10:41] ✅ Importación de pagos completada con éxito.
[00:10:41] ✅ Archivo TXT de pagos cargado en el SEMyT correctamente.
[00:10:41] ✅ CargarPagosPaso finalizado. (⏱ 3.0s)
[00:10:41] ✓ [CargarPagosPaso] Completado.
[00:10:41] === Ejecución finalizada con éxito ===
