[03:15:49] === Inicio de ejecución: pagos ===
[03:15:49] ▶ [LoginSEMyTPaso] Iniciando...
[03:15:49] ==================================================
[03:15:49] 🚀 PASO: LoginSEMyTPaso
[03:15:49] ==================================================
[03:15:50] Abriendo SEMyT...
[03:15:52] ✅ [SEMyT] Sesión existente detectada. Login omitido.
[03:15:52] ✅ LoginSEMyTPaso finalizado. (⏱ 2.5s)
[03:15:52] ✓ [LoginSEMyTPaso] Completado.
[03:15:52] ▶ [LoginSIGIPaso] Iniciando...
[03:15:52] ==================================================
[03:15:52] 🚀 PASO: LoginSIGIPaso
[03:15:52] ==================================================
[03:15:52] Abriendo sitio municipalidad (CiDi)...
[03:15:52] ✅ [SIGI] Sesión existente detectada. Login omitido.
[03:15:52] ✅ LoginSIGIPaso finalizado. (⏱ 0.5s)
[03:15:52] ✓ [LoginSIGIPaso] Completado.
[03:15:52] ▶ [DescargasParalelasPaso] Iniciando...
[03:15:52] ==================================================
[03:15:52] 🚀 PASO: DescargasParalelasPaso
[03:15:52] ==================================================
[03:15:53] 📤 Arrancando las 3 descargas en paralelo (mismo browser, páginas separadas)...
[03:15:53] Fecha Desde: 27/06/2024
[03:15:53] Fecha Hasta: 24/11/2025
[03:15:53] Fecha Desde: 25/11/2025
[03:15:53] Fecha Hasta: 05/08/2026
[03:15:53] Descargando Excel...
[03:15:53] Descargando Excel...
[03:16:16] Archivo descargado en: backend/descargas/cache_actas_cruce/MULTAS_SIGI_CRUCE.xlsx
[03:16:17] ⏱ [actas_sigi] completado en 24.4s
[03:16:17] Archivo descargado en: backend/descargas/cache_actas_cruce/MULTAS_SIGEMI_CRUCE.xlsx
[03:16:21] ⏱ [actas_sigemi] completado en 27.9s
[03:16:29] ✅ TXT de pagos descargado en: backend/descargas/pagos/2026-08-05/PAGOS DESCARGADOS.txt
[03:16:29] ⏱ [pagos_txt] completado en 36.2s
[03:16:29] ⏱ TOTAL descargas en paralelo: 36.2s
[03:16:29] ✅ DescargasParalelasPaso finalizado. (⏱ 36.5s)
[03:16:29] ✓ [DescargasParalelasPaso] Completado.
[03:16:29] ▶ [CompararActasPaso] Iniciando...
[03:16:29] ==================================================
[03:16:29] 🚀 PASO: CompararActasPaso
[03:16:29] ==================================================
[03:16:29] 🔍 Comparando actas del SEMyT contra pagos del SIGI...
[03:16:29] ================================================================================
[03:16:29] INICIANDO PROCESO DE GENERACIÓN DE PAGOS DESACTUALIZADOS
[03:16:29] ================================================================================
[03:16:29] 📂 Cargando archivos...
[03:16:29]   ✓ Pagos: 20289 registros
[03:16:32]   ✓ Excel SIGEMI (multas vencidas viejas): 101855 registros
[03:16:33]   ✓ Excel SIGI (multas vencidas nuevas): 41390 registros
[03:16:34] ================================================================================
[03:16:34] PASO 1: LLENANDO ACTA_NUMERO (búsqueda por patente + fecha, con desempate por hora)
[03:16:34] ================================================================================
[03:16:35] 📊 ESTADÍSTICAS DE LLENADO DE ACTAS:
[03:16:35]   • Pagos con acta ORIGINAL: 5044
[03:16:35]   • Pagos SIN acta (buscados): 15245
[03:16:35]   • Pagos LLENADOS exitosamente: 0
[03:16:35]   • Pagos NO encontrados en multas: 15245
[03:16:35]   • Pagos SIN RESOLVER por desbalance de cantidades: 0
[03:16:36] ================================================================================
[03:16:36] PASO 1: LLENANDO ACTA_NUMERO (búsqueda por patente + fecha, con desempate por hora)
[03:16:36] ================================================================================
[03:16:37] 📊 ESTADÍSTICAS DE LLENADO DE ACTAS:
[03:16:37]   • Pagos con acta ORIGINAL: 5044
[03:16:37]   • Pagos SIN acta (buscados): 15245
[03:16:37]   • Pagos LLENADOS exitosamente: 0
[03:16:37]   • Pagos NO encontrados en multas: 15245
[03:16:37]   • Pagos SIN RESOLVER por desbalance de cantidades: 0
[03:16:37] ⏱ PASO 1 (llenar actas): 3.8s
[03:16:37] ================================================================================
[03:16:37] PASO 2: FILTRANDO PAGOS CON ACTA_NUMERO COMPLETO
[03:16:37] ================================================================================
[03:16:37] 📊 ESTADÍSTICAS DE FILTRADO:
[03:16:37]   • Pagos TOTALES al inicio: 20289
[03:16:37]   • Pagos CON acta (MANTIENEN): 5044
[03:16:37]   • Pagos RECHAZADOS (sin coincidencias): 15245
[03:16:37] ⚠️  Se eliminaron 15245 registros sin número de acta
[03:16:37]      (recordá: esto incluye tanto pagos ya actualizados/pagados
[03:16:37]       como pagos que quedaron sin resolver por desbalance en el Paso 1)
[03:16:37] ================================================================================
[03:16:37] PASO 2-bis: CONFIRMANDO VIGENCIA DE PAGOS (sistema NUEVO contra MULTAS_SIGI_CRUCE, sistema VIEJO contra SIGEMI)
[03:16:37] ================================================================================
[03:16:38]   ⚠ 5032 pago(s) descartados: su acta ya no figura como vencida en MULTAS_SIGI_CRUCE (SEMyT ya los actualizó).
[03:16:38]   ⚠ 11 pago(s) descartados: su acta ya no figura como vencida en el Excel de SIGEMI (SEMyT ya los actualizó).
[03:16:38]   • Pagos descartados en total por ya estar actualizados/pagados: 5043
[03:16:38] ⏱ PASO 2 (filtrar): 0.4s
[03:16:38] 📂 Cargando maestro de causas SIGEMI...
[03:16:38]   ✓ Causas totales (maestro): 134069 registros
[03:16:38] ⏱ PASO 2.5 (causas simplificado): 0.0s
[03:16:38] ================================================================================
[03:16:38] PASO 2.5: ARMANDO causas.txt SIMPLIFICADO (cruce contra total_causas_sigemi.txt)
[03:16:38] ================================================================================
[03:16:38]   • Actas vencidas viejas (multas): 101855
[03:16:38]   • Causas totales en el maestro SIGEMI: 134069
[03:16:38]   • Causas que coinciden (simplificado): 101537
[03:16:38]   ✅ Archivo escrito: backend/descargas/causas/causas.txt
[03:16:38] ⏱ PASO 2.5 (causas simplificado): 0.4s
[03:16:38] ================================================================================
[03:16:38] PASO 3: LLENANDO CAUSA_NUMERO (según fecha de cambio de sistema, cruzando por acta + año)
[03:16:38] ================================================================================
[03:16:38] 📊 ESTADÍSTICAS DE LLENADO DE CAUSAS:
[03:16:38]   • Pagos con causa ORIGINAL: 1
[03:16:38]   • Causas encontradas en SIGEMI (actas viejas): 0
[03:16:38]   • Causas NO encontradas en SIGEMI: 0
[03:16:38]   • Causas asignadas automáticamente (actas nuevas): 0
[03:16:38] ⏱ PASO 3 (llenar causas): 0.0s
[03:16:38] ================================================================================
[03:16:38] PASO 4: ORDENANDO POR FECHA Y ACTA_NUMERO
[03:16:38] ================================================================================
[03:16:38] ✓ Pagos ordenados correctamente
[03:16:38]   • Primera entrada: Acta=289343, Fecha=01/04/2026
[03:16:38]   • Última entrada: Acta=289343, Fecha=01/04/2026
[03:16:38] 📝 Escribiendo archivo de salida...
[03:16:38]   ✅ Archivo escrito: backend/descargas/pagos/2026-08-05/PAGOS 20260805 031629.txt
[03:16:38]   ✅ Total registros: 255
[03:16:38] ⏱ PASO 4 (ordenar y escribir): 0.0s
[03:16:38] ================================================================================
[03:16:38] ✅ PROCESO COMPLETADO EXITOSAMENTE
[03:16:38] ================================================================================
[03:16:38] 📊 RESUMEN FINAL DEL PROCESAMIENTO:
[03:16:38]   ENTRADA:
[03:16:38]     • Pagos originales: 20289
[03:16:38]     • Multas SIGEMI cargadas: 101855
[03:16:38]     • Multas SIGI cargadas: 41390
[03:16:38]     • Causas simplificadas (usadas para el cruce): 101537
[03:16:38]   PROCESO:
[03:16:38]     • Pagos rechazados sigemi: 15245
[03:16:38]     • Pagos rechazados sigi: 5043
[03:16:38]   SALIDA:
[03:16:38]     • Pagos desactualizados procesados: 1
[03:16:38]     • Archivo final: backend/descargas/pagos/2026-08-05/PAGOS 20260805 031629.txt
[03:16:38]     • Ordenados por fecha: SÍ ✓
[03:16:38]     • Todos con ACTA_NUMERO: SÍ ✓
[03:16:38]     • Todos con CAUSA_NUMERO: SÍ ✓
[03:16:38] ✅ TXT de pagos (ya cruzado con actas y causas) generado en: backend/descargas/pagos/2026-08-05/PAGOS 20260805 031629.txt
[03:16:38] 🧹 TXT de pagos crudo eliminado (ya usado en el cruce): backend/descargas/pagos/2026-08-05/PAGOS DESCARGADOS.txt
[03:16:38] 🧹 Excel MULTAS_SIGEMI_CRUCE eliminado (ya usado en el cruce): backend/descargas/cache_actas_cruce/MULTAS_SIGEMI_CRUCE.xlsx
[03:16:38] 🧹 Excel MULTAS_SIGI_CRUCE eliminado (ya usado en el cruce): backend/descargas/cache_actas_cruce/MULTAS_SIGI_CRUCE.xlsx
[03:16:38] ✅ CompararActasPaso finalizado. (⏱ 9.2s)
[03:16:38] ✓ [CompararActasPaso] Completado.
[03:16:38] ▶ [CargarPagosPaso] Iniciando...
[03:16:38] ==================================================
[03:16:38] 🚀 PASO: CargarPagosPaso
[03:16:38] ==================================================
[03:16:38] 📤 Subiendo TXT de pagos al SEMyT...
[03:16:39] ✅ Importación de pagos completada con éxito.
[03:16:39] ✅ Archivo TXT de pagos cargado en el SEMyT correctamente.
[03:16:39] ✅ CargarPagosPaso finalizado. (⏱ 1.3s)
[03:16:39] ✓ [CargarPagosPaso] Completado.
[03:16:39] === Ejecución finalizada con éxito ===
