[16:12:49] === Inicio de ejecución: pagos ===
[16:12:50] ▶ [LoginSEMyTPaso] Iniciando...
[16:12:50] ==================================================
[16:12:50] 🚀 PASO: LoginSEMyTPaso
[16:12:50] ==================================================
[16:12:51] Abriendo SEMyT...
[16:12:54] ✅ [SEMyT] Sesión existente detectada. Login omitido.
[16:12:55] ✅ LoginSEMyTPaso finalizado. (⏱ 4.7s)
[16:12:55] ✓ [LoginSEMyTPaso] Completado.
[16:12:55] ▶ [LoginSIGIPaso] Iniciando...
[16:12:55] ==================================================
[16:12:55] 🚀 PASO: LoginSIGIPaso
[16:12:55] ==================================================
[16:12:55] Abriendo sitio municipalidad (CiDi)...
[16:12:56] ✅ [SIGI] Sesión existente detectada. Login omitido.
[16:12:56] ✅ LoginSIGIPaso finalizado. (⏱ 1.3s)
[16:12:56] ✓ [LoginSIGIPaso] Completado.
[16:12:56] ▶ [DescargasParalelasPaso] Iniciando...
[16:12:56] ==================================================
[16:12:56] 🚀 PASO: DescargasParalelasPaso
[16:12:56] ==================================================
[16:12:58] 📤 Arrancando las 3 descargas en paralelo (mismo browser, páginas separadas)...
[16:12:58] Fecha Desde: 27/06/2024
[16:12:58] Fecha Hasta: 24/11/2025
[16:12:58] Fecha Desde: 25/11/2025
[16:12:58] Fecha Hasta: 04/08/2026
[16:12:58] Descargando Excel...
[16:12:58] Descargando Excel...
[16:13:09] Archivo descargado en: backend/descargas/cache_actas_cruce/MULTAS_SIGI_CRUCE.xlsx
[16:13:10] ⏱ [actas_sigi] completado en 12.3s
[16:13:19] Archivo descargado en: backend/descargas/cache_actas_cruce/MULTAS_SIGEMI_CRUCE.xlsx
[16:13:22] ⏱ [actas_sigemi] completado en 24.3s
[16:13:51] ✅ TXT de pagos descargado en: backend/descargas/pagos/2026-08-04/PAGOS DESCARGADOS.txt
[16:13:52] ⏱ [pagos_txt] completado en 53.8s
[16:13:52] ⏱ TOTAL descargas en paralelo: 53.8s
[16:13:52] ✅ DescargasParalelasPaso finalizado. (⏱ 55.3s)
[16:13:52] ✓ [DescargasParalelasPaso] Completado.
[16:13:52] ▶ [CompararActasPaso] Iniciando...
[16:13:52] ==================================================
[16:13:52] 🚀 PASO: CompararActasPaso
[16:13:52] ==================================================
[16:13:52] 🔍 Comparando actas del SEMyT contra pagos del SIGI...
[16:13:52] ================================================================================
[16:13:52] INICIANDO PROCESO DE GENERACIÓN DE PAGOS DESACTUALIZADOS
[16:13:52] ================================================================================
[16:13:52] 📂 Cargando archivos...
[16:13:52]   ✓ Pagos: 20141 registros
[16:13:55]   ✓ Excel SIGEMI (multas vencidas viejas): 101920 registros
[16:13:56]   ✓ Excel SIGI (multas vencidas nuevas): 41069 registros
[16:13:57] ================================================================================
[16:13:57] PASO 1: LLENANDO ACTA_NUMERO (búsqueda por patente + fecha, con desempate por hora)
[16:13:57] ================================================================================
[16:13:58] 📊 ESTADÍSTICAS DE LLENADO DE ACTAS:
[16:13:58]   • Pagos con acta ORIGINAL: 4953
[16:13:58]   • Pagos SIN acta (buscados): 15188
[16:13:58]   • Pagos LLENADOS exitosamente: 0
[16:13:58]   • Pagos NO encontrados en multas: 15188
[16:13:58]   • Pagos SIN RESOLVER por desbalance de cantidades: 0
[16:13:58] ================================================================================
[16:13:58] PASO 1: LLENANDO ACTA_NUMERO (búsqueda por patente + fecha, con desempate por hora)
[16:13:58] ================================================================================
[16:14:00] 📊 ESTADÍSTICAS DE LLENADO DE ACTAS:
[16:14:00]   • Pagos con acta ORIGINAL: 4953
[16:14:00]   • Pagos SIN acta (buscados): 15188
[16:14:00]   • Pagos LLENADOS exitosamente: 0
[16:14:00]   • Pagos NO encontrados en multas: 15188
[16:14:00]   • Pagos SIN RESOLVER por desbalance de cantidades: 0
[16:14:00] ⏱ PASO 1 (llenar actas): 3.7s
[16:14:00] ================================================================================
[16:14:00] PASO 2: FILTRANDO PAGOS CON ACTA_NUMERO COMPLETO
[16:14:00] ================================================================================
[16:14:00] 📊 ESTADÍSTICAS DE FILTRADO:
[16:14:00]   • Pagos TOTALES al inicio: 20141
[16:14:00]   • Pagos CON acta (MANTIENEN): 4953
[16:14:00]   • Pagos RECHAZADOS (sin coincidencias): 15188
[16:14:00] ⚠️  Se eliminaron 15188 registros sin número de acta
[16:14:00]      (recordá: esto incluye tanto pagos ya actualizados/pagados
[16:14:00]       como pagos que quedaron sin resolver por desbalance en el Paso 1)
[16:14:00] ================================================================================
[16:14:00] PASO 2-bis: CONFIRMANDO VIGENCIA DE PAGOS (sistema NUEVO contra MULTAS_SIGI_CRUCE, sistema VIEJO contra SIGEMI)
[16:14:00] ================================================================================
[16:14:00]   ⚠ 4940 pago(s) descartados: su acta ya no figura como vencida en MULTAS_SIGI_CRUCE (SEMyT ya los actualizó).
[16:14:00]   ⚠ 10 pago(s) descartados: su acta ya no figura como vencida en el Excel de SIGEMI (SEMyT ya los actualizó).
[16:14:00]   • Pagos descartados en total por ya estar actualizados/pagados: 4950
[16:14:00] ⏱ PASO 2 (filtrar): 0.4s
[16:14:00] 📂 Cargando maestro de causas SIGEMI...
[16:14:00]   ✓ Causas totales (maestro): 134069 registros
[16:14:00] ⏱ PASO 2.5 (causas simplificado): 0.0s
[16:14:00] ================================================================================
[16:14:00] PASO 2.5: ARMANDO causas.txt SIMPLIFICADO (cruce contra total_causas_sigemi.txt)
[16:14:00] ================================================================================
[16:14:01]   • Actas vencidas viejas (multas): 101920
[16:14:01]   • Causas totales en el maestro SIGEMI: 134069
[16:14:01]   • Causas que coinciden (simplificado): 101601
[16:14:01]   ✅ Archivo escrito: backend/descargas/causas/causas.txt
[16:14:01] ⏱ PASO 2.5 (causas simplificado): 0.4s
[16:14:01] ================================================================================
[16:14:01] PASO 3: LLENANDO CAUSA_NUMERO (según fecha de cambio de sistema, cruzando por acta + año)
[16:14:01] ================================================================================
[16:14:01] 📊 ESTADÍSTICAS DE LLENADO DE CAUSAS:
[16:14:01]   • Pagos con causa ORIGINAL: 3
[16:14:01]   • Causas encontradas en SIGEMI (actas viejas): 0
[16:14:01]   • Causas NO encontradas en SIGEMI: 0
[16:14:01]   • Causas asignadas automáticamente (actas nuevas): 0
[16:14:01] ⏱ PASO 3 (llenar causas): 0.0s
[16:14:01] ================================================================================
[16:14:01] PASO 4: ORDENANDO POR FECHA Y ACTA_NUMERO
[16:14:01] ================================================================================
[16:14:01] ✓ Pagos ordenados correctamente
[16:14:01]   • Primera entrada: Acta=237022, Fecha=25/11/2025
[16:14:01]   • Última entrada: Acta=254201, Fecha=08/01/2026
[16:14:01] 📝 Escribiendo archivo de salida...
[16:14:01]   ✅ Archivo escrito: backend/descargas/pagos/2026-08-04/PAGOS 20260804 161352.txt
[16:14:01]   ✅ Total registros: 474
[16:14:01] ⏱ PASO 4 (ordenar y escribir): 0.0s
[16:14:01] ================================================================================
[16:14:01] ✅ PROCESO COMPLETADO EXITOSAMENTE
[16:14:01] ================================================================================
[16:14:01] 📊 RESUMEN FINAL DEL PROCESAMIENTO:
[16:14:01]   ENTRADA:
[16:14:01]     • Pagos originales: 20141
[16:14:01]     • Multas SIGEMI cargadas: 101920
[16:14:01]     • Multas SIGI cargadas: 41069
[16:14:01]     • Causas simplificadas (usadas para el cruce): 101601
[16:14:01]   PROCESO:
[16:14:01]     • Pagos rechazados sigemi: 15188
[16:14:01]     • Pagos rechazados sigi: 4950
[16:14:01]   SALIDA:
[16:14:01]     • Pagos desactualizados procesados: 3
[16:14:01]     • Archivo final: backend/descargas/pagos/2026-08-04/PAGOS 20260804 161352.txt
[16:14:01]     • Ordenados por fecha: SÍ ✓
[16:14:01]     • Todos con ACTA_NUMERO: SÍ ✓
[16:14:01]     • Todos con CAUSA_NUMERO: SÍ ✓
[16:14:01] ✅ TXT de pagos (ya cruzado con actas y causas) generado en: backend/descargas/pagos/2026-08-04/PAGOS 20260804 161352.txt
[16:14:01] 🧹 TXT de pagos crudo eliminado (ya usado en el cruce): backend/descargas/pagos/2026-08-04/PAGOS DESCARGADOS.txt
[16:14:01] 🧹 Excel MULTAS_SIGEMI_CRUCE eliminado (ya usado en el cruce): backend/descargas/cache_actas_cruce/MULTAS_SIGEMI_CRUCE.xlsx
[16:14:01] 🧹 Excel MULTAS_SIGI_CRUCE eliminado (ya usado en el cruce): backend/descargas/cache_actas_cruce/MULTAS_SIGI_CRUCE.xlsx
[16:14:01] ✅ CompararActasPaso finalizado. (⏱ 9.2s)
[16:14:01] ✓ [CompararActasPaso] Completado.
[16:14:01] ▶ [CargarPagosPaso] Iniciando...
[16:14:01] ==================================================
[16:14:01] 🚀 PASO: CargarPagosPaso
[16:14:01] ==================================================
[16:14:01] 📤 Subiendo TXT de pagos al SEMyT...
[16:14:03] ✅ Importación de pagos completada con éxito.
[16:14:04] ✅ Archivo TXT de pagos cargado en el SEMyT correctamente.
[16:14:04] ✅ CargarPagosPaso finalizado. (⏱ 3.3s)
[16:14:04] ✓ [CargarPagosPaso] Completado.
[16:14:04] === Ejecución finalizada con éxito ===
