[17:20:21] === Inicio de ejecución: pagos ===
[17:20:22] ▶ [LoginSEMyTPaso] Iniciando...
[17:20:22] ==================================================
[17:20:22] 🚀 PASO: LoginSEMyTPaso
[17:20:22] ==================================================
[17:20:22] Abriendo SEMyT...
[17:20:24] ✅ [SEMyT] Sesión existente detectada. Login omitido.
[17:20:24] ✅ LoginSEMyTPaso finalizado. (⏱ 2.6s)
[17:20:24] ✓ [LoginSEMyTPaso] Completado.
[17:20:24] ▶ [LoginSIGIPaso] Iniciando...
[17:20:24] ==================================================
[17:20:24] 🚀 PASO: LoginSIGIPaso
[17:20:24] ==================================================
[17:20:24] Abriendo sitio municipalidad (CiDi)...
[17:20:25] ✅ [SIGI] Sesión existente detectada. Login omitido.
[17:20:25] ✅ LoginSIGIPaso finalizado. (⏱ 0.5s)
[17:20:25] ✓ [LoginSIGIPaso] Completado.
[17:20:25] ▶ [DescargasParalelasPaso] Iniciando...
[17:20:25] ==================================================
[17:20:25] 🚀 PASO: DescargasParalelasPaso
[17:20:25] ==================================================
[17:20:25] 📤 Arrancando las 3 descargas en paralelo (mismo browser, páginas separadas)...
[17:20:25] Fecha Desde: 27/06/2024
[17:20:25] Fecha Hasta: 24/11/2025
[17:20:25] Fecha Desde: 25/11/2025
[17:20:25] Fecha Hasta: 04/08/2026
[17:20:25] Descargando Excel...
[17:20:25] Descargando Excel...
[17:20:51] Archivo descargado en: backend/descargas/cache_actas_cruce/MULTAS_SIGI_CRUCE.xlsx
[17:20:53] ⏱ [actas_sigi] completado en 27.9s
[17:20:53] Archivo descargado en: backend/descargas/cache_actas_cruce/MULTAS_SIGEMI_CRUCE.xlsx
[17:20:56] ⏱ [actas_sigemi] completado en 31.5s
[17:21:27] ✅ TXT de pagos descargado en: backend/descargas/pagos/2026-08-04/PAGOS DESCARGADOS.txt
[17:21:27] ⏱ [pagos_txt] completado en 62.4s
[17:21:27] ⏱ TOTAL descargas en paralelo: 62.4s
[17:21:27] ✅ DescargasParalelasPaso finalizado. (⏱ 62.7s)
[17:21:27] ✓ [DescargasParalelasPaso] Completado.
[17:21:27] ▶ [CompararActasPaso] Iniciando...
[17:21:27] ==================================================
[17:21:27] 🚀 PASO: CompararActasPaso
[17:21:27] ==================================================
[17:21:27] 🔍 Comparando actas del SEMyT contra pagos del SIGI...
[17:21:27] ================================================================================
[17:21:27] INICIANDO PROCESO DE GENERACIÓN DE PAGOS DESACTUALIZADOS
[17:21:27] ================================================================================
[17:21:27] 📂 Cargando archivos...
[17:21:27]   ✓ Pagos: 20149 registros
[17:21:31]   ✓ Excel SIGEMI (multas vencidas viejas): 101918 registros
[17:21:32]   ✓ Excel SIGI (multas vencidas nuevas): 41061 registros
[17:21:32] ================================================================================
[17:21:32] PASO 1: LLENANDO ACTA_NUMERO (búsqueda por patente + fecha, con desempate por hora)
[17:21:32] ================================================================================
[17:21:34] 📊 ESTADÍSTICAS DE LLENADO DE ACTAS:
[17:21:34]   • Pagos con acta ORIGINAL: 4958
[17:21:34]   • Pagos SIN acta (buscados): 15191
[17:21:34]   • Pagos LLENADOS exitosamente: 1
[17:21:34]   • Pagos NO encontrados en multas: 15190
[17:21:34]   • Pagos SIN RESOLVER por desbalance de cantidades: 0
[17:21:34] ================================================================================
[17:21:34] PASO 1: LLENANDO ACTA_NUMERO (búsqueda por patente + fecha, con desempate por hora)
[17:21:34] ================================================================================
[17:21:36] 📊 ESTADÍSTICAS DE LLENADO DE ACTAS:
[17:21:36]   • Pagos con acta ORIGINAL: 4959
[17:21:36]   • Pagos SIN acta (buscados): 15190
[17:21:36]   • Pagos LLENADOS exitosamente: 0
[17:21:36]   • Pagos NO encontrados en multas: 15190
[17:21:36]   • Pagos SIN RESOLVER por desbalance de cantidades: 0
[17:21:36] ⏱ PASO 1 (llenar actas): 3.7s
[17:21:36] ================================================================================
[17:21:36] PASO 2: FILTRANDO PAGOS CON ACTA_NUMERO COMPLETO
[17:21:36] ================================================================================
[17:21:36] 📊 ESTADÍSTICAS DE FILTRADO:
[17:21:36]   • Pagos TOTALES al inicio: 20149
[17:21:36]   • Pagos CON acta (MANTIENEN): 4959
[17:21:36]   • Pagos RECHAZADOS (sin coincidencias): 15190
[17:21:36] ⚠️  Se eliminaron 15190 registros sin número de acta
[17:21:36]      (recordá: esto incluye tanto pagos ya actualizados/pagados
[17:21:36]       como pagos que quedaron sin resolver por desbalance en el Paso 1)
[17:21:36] ================================================================================
[17:21:36] PASO 2-bis: CONFIRMANDO VIGENCIA DE PAGOS (sistema NUEVO contra MULTAS_SIGI_CRUCE, sistema VIEJO contra SIGEMI)
[17:21:36] ================================================================================
[17:21:36]   ⚠ 4948 pago(s) descartados: su acta ya no figura como vencida en MULTAS_SIGI_CRUCE (SEMyT ya los actualizó).
[17:21:36]   ⚠ 10 pago(s) descartados: su acta ya no figura como vencida en el Excel de SIGEMI (SEMyT ya los actualizó).
[17:21:36]   • Pagos descartados en total por ya estar actualizados/pagados: 4958
[17:21:36] ⏱ PASO 2 (filtrar): 0.4s
[17:21:36] 📂 Cargando maestro de causas SIGEMI...
[17:21:36]   ✓ Causas totales (maestro): 134069 registros
[17:21:36] ⏱ PASO 2.5 (causas simplificado): 0.0s
[17:21:36] ================================================================================
[17:21:36] PASO 2.5: ARMANDO causas.txt SIMPLIFICADO (cruce contra total_causas_sigemi.txt)
[17:21:36] ================================================================================
[17:21:36]   • Actas vencidas viejas (multas): 101918
[17:21:36]   • Causas totales en el maestro SIGEMI: 134069
[17:21:36]   • Causas que coinciden (simplificado): 101599
[17:21:36]   ✅ Archivo escrito: backend/descargas/causas/causas.txt
[17:21:36] ⏱ PASO 2.5 (causas simplificado): 0.4s
[17:21:36] ================================================================================
[17:21:36] PASO 3: LLENANDO CAUSA_NUMERO (según fecha de cambio de sistema, cruzando por acta + año)
[17:21:36] ================================================================================
[17:21:36] 📊 ESTADÍSTICAS DE LLENADO DE CAUSAS:
[17:21:36]   • Pagos con causa ORIGINAL: 0
[17:21:36]   • Causas encontradas en SIGEMI (actas viejas): 1
[17:21:36]   • Causas NO encontradas en SIGEMI: 0
[17:21:36]   • Causas asignadas automáticamente (actas nuevas): 0
[17:21:36] ⏱ PASO 3 (llenar causas): 0.0s
[17:21:36] ================================================================================
[17:21:36] PASO 4: ORDENANDO POR FECHA Y ACTA_NUMERO
[17:21:36] ================================================================================
[17:21:36] ✓ Pagos ordenados correctamente
[17:21:36]   • Primera entrada: Acta=180741, Fecha=28/07/2025
[17:21:36]   • Última entrada: Acta=180741, Fecha=28/07/2025
[17:21:36] 📝 Escribiendo archivo de salida...
[17:21:36]   ✅ Archivo escrito: backend/descargas/pagos/2026-08-04/PAGOS 20260804 172127.txt
[17:21:36]   ✅ Total registros: 250
[17:21:36] ⏱ PASO 4 (ordenar y escribir): 0.0s
[17:21:36] ================================================================================
[17:21:36] ✅ PROCESO COMPLETADO EXITOSAMENTE
[17:21:36] ================================================================================
[17:21:36] 📊 RESUMEN FINAL DEL PROCESAMIENTO:
[17:21:36]   ENTRADA:
[17:21:36]     • Pagos originales: 20149
[17:21:36]     • Multas SIGEMI cargadas: 101918
[17:21:36]     • Multas SIGI cargadas: 41061
[17:21:36]     • Causas simplificadas (usadas para el cruce): 101599
[17:21:36]   PROCESO:
[17:21:36]     • Pagos rechazados sigemi: 15190
[17:21:36]     • Pagos rechazados sigi: 4958
[17:21:36]   SALIDA:
[17:21:36]     • Pagos desactualizados procesados: 1
[17:21:36]     • Archivo final: backend/descargas/pagos/2026-08-04/PAGOS 20260804 172127.txt
[17:21:36]     • Ordenados por fecha: SÍ ✓
[17:21:36]     • Todos con ACTA_NUMERO: SÍ ✓
[17:21:36]     • Todos con CAUSA_NUMERO: SÍ ✓
[17:21:36] ✅ TXT de pagos (ya cruzado con actas y causas) generado en: backend/descargas/pagos/2026-08-04/PAGOS 20260804 172127.txt
[17:21:36] 🧹 TXT de pagos crudo eliminado (ya usado en el cruce): backend/descargas/pagos/2026-08-04/PAGOS DESCARGADOS.txt
[17:21:36] 🧹 Excel MULTAS_SIGEMI_CRUCE eliminado (ya usado en el cruce): backend/descargas/cache_actas_cruce/MULTAS_SIGEMI_CRUCE.xlsx
[17:21:36] 🧹 Excel MULTAS_SIGI_CRUCE eliminado (ya usado en el cruce): backend/descargas/cache_actas_cruce/MULTAS_SIGI_CRUCE.xlsx
[17:21:36] ✅ CompararActasPaso finalizado. (⏱ 9.2s)
[17:21:36] ✓ [CompararActasPaso] Completado.
[17:21:36] ▶ [CargarPagosPaso] Iniciando...
[17:21:36] ==================================================
[17:21:36] 🚀 PASO: CargarPagosPaso
[17:21:36] ==================================================
[17:21:36] 📤 Subiendo TXT de pagos al SEMyT...
[17:21:38] ✅ Importación de pagos completada con éxito.
[17:21:38] ✅ Archivo TXT de pagos cargado en el SEMyT correctamente.
[17:21:38] ✅ CargarPagosPaso finalizado. (⏱ 1.5s)
[17:21:38] ✓ [CargarPagosPaso] Completado.
[17:21:38] === Ejecución finalizada con éxito ===
