[08:19:43] === Inicio de ejecución: pagos ===
[08:19:44] ▶ [LoginSEMyTPaso] Iniciando...
[08:19:44] ==================================================
[08:19:44] 🚀 PASO: LoginSEMyTPaso
[08:19:44] ==================================================
[08:19:44] Abriendo SEMyT...
[08:19:50] ✅ [SEMyT] Sesión existente detectada. Login omitido.
[08:19:50] ✅ LoginSEMyTPaso finalizado. (⏱ 5.9s)
[08:19:50] ✓ [LoginSEMyTPaso] Completado.
[08:19:50] ▶ [LoginSIGIPaso] Iniciando...
[08:19:50] ==================================================
[08:19:50] 🚀 PASO: LoginSIGIPaso
[08:19:50] ==================================================
[08:19:50] Abriendo sitio municipalidad (CiDi)...
[08:19:50] ✅ [SIGI] Sesión existente detectada. Login omitido.
[08:19:50] ✅ LoginSIGIPaso finalizado. (⏱ 0.7s)
[08:19:50] ✓ [LoginSIGIPaso] Completado.
[08:19:50] ▶ [DescargasParalelasPaso] Iniciando...
[08:19:50] ==================================================
[08:19:50] 🚀 PASO: DescargasParalelasPaso
[08:19:50] ==================================================
[08:19:51] 📤 Arrancando las 3 descargas en paralelo (mismo browser, páginas separadas)...
[08:19:51] Fecha Desde: 27/06/2024
[08:19:51] Fecha Hasta: 24/11/2025
[08:19:51] Fecha Desde: 25/11/2025
[08:19:51] Fecha Hasta: 04/08/2026
[08:19:51] Descargando Excel...
[08:19:51] Descargando Excel...
[08:20:06] Archivo descargado en: backend/descargas/cache_actas_cruce/MULTAS_SIGI_CRUCE.xlsx
[08:20:07] ⏱ [actas_sigi] completado en 16.2s
[08:20:34] ✅ TXT de pagos descargado en: backend/descargas/pagos/2026-08-04/PAGOS DESCARGADOS.txt
[08:20:34] ⏱ [pagos_txt] completado en 42.9s
[08:20:52] Archivo descargado en: backend/descargas/cache_actas_cruce/MULTAS_SIGEMI_CRUCE.xlsx
[08:20:56] ⏱ [actas_sigemi] completado en 65.0s
[08:20:56] ⏱ TOTAL descargas en paralelo: 65.0s
[08:20:56] ✅ DescargasParalelasPaso finalizado. (⏱ 65.2s)
[08:20:56] ✓ [DescargasParalelasPaso] Completado.
[08:20:56] ▶ [CompararActasPaso] Iniciando...
[08:20:56] ==================================================
[08:20:56] 🚀 PASO: CompararActasPaso
[08:20:56] ==================================================
[08:20:56] 🔍 Comparando actas del SEMyT contra pagos del SIGI...
[08:20:56] ================================================================================
[08:20:56] INICIANDO PROCESO DE GENERACIÓN DE PAGOS DESACTUALIZADOS
[08:20:56] ================================================================================
[08:20:56] 📂 Cargando archivos...
[08:20:56]   ✓ Pagos: 20029 registros
[08:20:59]   ✓ Excel SIGEMI (multas vencidas viejas): 101993 registros
[08:21:00]   ✓ Excel SIGI (multas vencidas nuevas): 41143 registros
[08:21:01] ================================================================================
[08:21:01] PASO 1: LLENANDO ACTA_NUMERO (búsqueda por patente + fecha, con desempate por hora)
[08:21:01] ================================================================================
[08:21:02] 📊 ESTADÍSTICAS DE LLENADO DE ACTAS:
[08:21:02]   • Pagos con acta ORIGINAL: 4883
[08:21:02]   • Pagos SIN acta (buscados): 15146
[08:21:02]   • Pagos LLENADOS exitosamente: 0
[08:21:02]   • Pagos NO encontrados en multas: 15146
[08:21:02]   • Pagos SIN RESOLVER por desbalance de cantidades: 0
[08:21:03] ================================================================================
[08:21:03] PASO 1: LLENANDO ACTA_NUMERO (búsqueda por patente + fecha, con desempate por hora)
[08:21:03] ================================================================================
[08:21:04] 📊 ESTADÍSTICAS DE LLENADO DE ACTAS:
[08:21:04]   • Pagos con acta ORIGINAL: 4883
[08:21:04]   • Pagos SIN acta (buscados): 15146
[08:21:04]   • Pagos LLENADOS exitosamente: 0
[08:21:04]   • Pagos NO encontrados en multas: 15146
[08:21:04]   • Pagos SIN RESOLVER por desbalance de cantidades: 0
[08:21:04] ⏱ PASO 1 (llenar actas): 3.9s
[08:21:04] ================================================================================
[08:21:04] PASO 2: FILTRANDO PAGOS CON ACTA_NUMERO COMPLETO
[08:21:04] ================================================================================
[08:21:04] 📊 ESTADÍSTICAS DE FILTRADO:
[08:21:04]   • Pagos TOTALES al inicio: 20029
[08:21:04]   • Pagos CON acta (MANTIENEN): 4883
[08:21:04]   • Pagos RECHAZADOS (sin coincidencias): 15146
[08:21:04] ⚠️  Se eliminaron 15146 registros sin número de acta
[08:21:04]      (recordá: esto incluye tanto pagos ya actualizados/pagados
[08:21:04]       como pagos que quedaron sin resolver por desbalance en el Paso 1)
[08:21:04] ================================================================================
[08:21:04] PASO 2-bis: CONFIRMANDO VIGENCIA DE PAGOS (sistema NUEVO contra MULTAS_SIGI_CRUCE, sistema VIEJO contra SIGEMI)
[08:21:04] ================================================================================
[08:21:05]   ⚠ 4867 pago(s) descartados: su acta ya no figura como vencida en MULTAS_SIGI_CRUCE (SEMyT ya los actualizó).
[08:21:05]   ⚠ 10 pago(s) descartados: su acta ya no figura como vencida en el Excel de SIGEMI (SEMyT ya los actualizó).
[08:21:05]   • Pagos descartados en total por ya estar actualizados/pagados: 4877
[08:21:05] ⏱ PASO 2 (filtrar): 0.5s
[08:21:05] 📂 Cargando maestro de causas SIGEMI...
[08:21:05]   ✓ Causas totales (maestro): 134069 registros
[08:21:05] ⏱ PASO 2.5 (causas simplificado): 0.0s
[08:21:05] ================================================================================
[08:21:05] PASO 2.5: ARMANDO causas.txt SIMPLIFICADO (cruce contra total_causas_sigemi.txt)
[08:21:05] ================================================================================
[08:21:05]   • Actas vencidas viejas (multas): 101993
[08:21:05]   • Causas totales en el maestro SIGEMI: 134069
[08:21:05]   • Causas que coinciden (simplificado): 101674
[08:21:05]   ✅ Archivo escrito: backend/descargas/causas/causas.txt
[08:21:05] ⏱ PASO 2.5 (causas simplificado): 0.4s
[08:21:05] ================================================================================
[08:21:05] PASO 3: LLENANDO CAUSA_NUMERO (según fecha de cambio de sistema, cruzando por acta + año)
[08:21:05] ================================================================================
[08:21:05] 📊 ESTADÍSTICAS DE LLENADO DE CAUSAS:
[08:21:05]   • Pagos con causa ORIGINAL: 6
[08:21:05]   • Causas encontradas en SIGEMI (actas viejas): 0
[08:21:05]   • Causas NO encontradas en SIGEMI: 0
[08:21:05]   • Causas asignadas automáticamente (actas nuevas): 0
[08:21:05] ⏱ PASO 3 (llenar causas): 0.0s
[08:21:05] ================================================================================
[08:21:05] PASO 4: ORDENANDO POR FECHA Y ACTA_NUMERO
[08:21:05] ================================================================================
[08:21:05] ✓ Pagos ordenados correctamente
[08:21:05]   • Primera entrada: Acta=271400, Fecha=25/02/2026
[08:21:05]   • Última entrada: Acta=314354, Fecha=15/05/2026
[08:21:05] 📝 Escribiendo archivo de salida...
[08:21:05]   ✅ Archivo escrito: backend/descargas/pagos/2026-08-04/PAGOS 20260804 082056.txt
[08:21:05]   ✅ Total registros: 753
[08:21:05] ⏱ PASO 4 (ordenar y escribir): 0.0s
[08:21:05] ================================================================================
[08:21:05] ✅ PROCESO COMPLETADO EXITOSAMENTE
[08:21:05] ================================================================================
[08:21:05] 📊 RESUMEN FINAL DEL PROCESAMIENTO:
[08:21:05]   ENTRADA:
[08:21:05]     • Pagos originales: 20029
[08:21:05]     • Multas SIGEMI cargadas: 101993
[08:21:05]     • Multas SIGI cargadas: 41143
[08:21:05]     • Causas simplificadas (usadas para el cruce): 101674
[08:21:05]   PROCESO:
[08:21:05]     • Pagos rechazados sigemi: 15146
[08:21:05]     • Pagos rechazados sigi: 4877
[08:21:05]   SALIDA:
[08:21:05]     • Pagos desactualizados procesados: 6
[08:21:05]     • Archivo final: backend/descargas/pagos/2026-08-04/PAGOS 20260804 082056.txt
[08:21:05]     • Ordenados por fecha: SÍ ✓
[08:21:05]     • Todos con ACTA_NUMERO: SÍ ✓
[08:21:05]     • Todos con CAUSA_NUMERO: SÍ ✓
[08:21:05] ✅ TXT de pagos (ya cruzado con actas y causas) generado en: backend/descargas/pagos/2026-08-04/PAGOS 20260804 082056.txt
[08:21:05] 🧹 TXT de pagos crudo eliminado (ya usado en el cruce): backend/descargas/pagos/2026-08-04/PAGOS DESCARGADOS.txt
[08:21:05] 🧹 Excel MULTAS_SIGEMI_CRUCE eliminado (ya usado en el cruce): backend/descargas/cache_actas_cruce/MULTAS_SIGEMI_CRUCE.xlsx
[08:21:05] 🧹 Excel MULTAS_SIGI_CRUCE eliminado (ya usado en el cruce): backend/descargas/cache_actas_cruce/MULTAS_SIGI_CRUCE.xlsx
[08:21:05] ✅ CompararActasPaso finalizado. (⏱ 9.3s)
[08:21:05] ✓ [CompararActasPaso] Completado.
[08:21:05] ▶ [CargarPagosPaso] Iniciando...
[08:21:05] ==================================================
[08:21:05] 🚀 PASO: CargarPagosPaso
[08:21:05] ==================================================
[08:21:05] 📤 Subiendo TXT de pagos al SEMyT...
[08:21:07] ✅ Importación de pagos completada con éxito.
[08:21:07] ✅ Archivo TXT de pagos cargado en el SEMyT correctamente.
[08:21:07] ✅ CargarPagosPaso finalizado. (⏱ 2.0s)
[08:21:07] ✓ [CargarPagosPaso] Completado.
[08:21:07] === Ejecución finalizada con éxito ===
