[21:46:12] === Inicio de ejecución: pagos ===
[21:46:13] ▶ [LoginSEMyTPaso] Iniciando...
[21:46:13] ==================================================
[21:46:13] 🚀 PASO: LoginSEMyTPaso
[21:46:13] ==================================================
[21:46:13] Abriendo SEMyT...
[21:46:15] ✅ [SEMyT] Sesión existente detectada. Login omitido.
[21:46:16] ✅ LoginSEMyTPaso finalizado. (⏱ 2.5s)
[21:46:16] ✓ [LoginSEMyTPaso] Completado.
[21:46:16] ▶ [LoginSIGIPaso] Iniciando...
[21:46:16] ==================================================
[21:46:16] 🚀 PASO: LoginSIGIPaso
[21:46:16] ==================================================
[21:46:16] Abriendo sitio municipalidad (CiDi)...
[21:46:16] ✅ [SIGI] Sesión existente detectada. Login omitido.
[21:46:16] ✅ LoginSIGIPaso finalizado. (⏱ 0.5s)
[21:46:16] ✓ [LoginSIGIPaso] Completado.
[21:46:16] ▶ [DescargasParalelasPaso] Iniciando...
[21:46:16] ==================================================
[21:46:16] 🚀 PASO: DescargasParalelasPaso
[21:46:16] ==================================================
[21:46:16] 📤 Arrancando las 3 descargas en paralelo (mismo browser, páginas separadas)...
[21:46:16] Fecha Desde: 27/06/2024
[21:46:16] Fecha Hasta: 24/11/2025
[21:46:16] Fecha Desde: 25/11/2025
[21:46:16] Fecha Hasta: 04/08/2026
[21:46:16] Descargando Excel...
[21:46:16] Descargando Excel...
[21:46:26] Archivo descargado en: backend/descargas/cache_actas_cruce/MULTAS_SIGI_CRUCE.xlsx
[21:46:27] ⏱ [actas_sigi] completado en 11.0s
[21:46:35] Archivo descargado en: backend/descargas/cache_actas_cruce/MULTAS_SIGEMI_CRUCE.xlsx
[21:46:38] ⏱ [actas_sigemi] completado en 21.6s
[21:46:55] ✅ TXT de pagos descargado en: backend/descargas/pagos/2026-08-04/PAGOS DESCARGADOS.txt
[21:46:55] ⏱ [pagos_txt] completado en 39.0s
[21:46:55] ⏱ TOTAL descargas en paralelo: 39.0s
[21:46:55] ✅ DescargasParalelasPaso finalizado. (⏱ 39.3s)
[21:46:55] ✓ [DescargasParalelasPaso] Completado.
[21:46:55] ▶ [CompararActasPaso] Iniciando...
[21:46:55] ==================================================
[21:46:55] 🚀 PASO: CompararActasPaso
[21:46:55] ==================================================
[21:46:55] 🔍 Comparando actas del SEMyT contra pagos del SIGI...
[21:46:55] ================================================================================
[21:46:55] INICIANDO PROCESO DE GENERACIÓN DE PAGOS DESACTUALIZADOS
[21:46:55] ================================================================================
[21:46:55] 📂 Cargando archivos...
[21:46:55]   ✓ Pagos: 20230 registros
[21:46:59]   ✓ Excel SIGEMI (multas vencidas viejas): 101866 registros
[21:47:00]   ✓ Excel SIGI (multas vencidas nuevas): 41015 registros
[21:47:00] ================================================================================
[21:47:00] PASO 1: LLENANDO ACTA_NUMERO (búsqueda por patente + fecha, con desempate por hora)
[21:47:00] ================================================================================
[21:47:02] 📊 ESTADÍSTICAS DE LLENADO DE ACTAS:
[21:47:02]   • Pagos con acta ORIGINAL: 4994
[21:47:02]   • Pagos SIN acta (buscados): 15236
[21:47:02]   • Pagos LLENADOS exitosamente: 3
[21:47:02]   • Pagos NO encontrados en multas: 15233
[21:47:02]   • Pagos SIN RESOLVER por desbalance de cantidades: 0
[21:47:02] ================================================================================
[21:47:02] PASO 1: LLENANDO ACTA_NUMERO (búsqueda por patente + fecha, con desempate por hora)
[21:47:02] ================================================================================
[21:47:04] 📊 ESTADÍSTICAS DE LLENADO DE ACTAS:
[21:47:04]   • Pagos con acta ORIGINAL: 4997
[21:47:04]   • Pagos SIN acta (buscados): 15233
[21:47:04]   • Pagos LLENADOS exitosamente: 0
[21:47:04]   • Pagos NO encontrados en multas: 15233
[21:47:04]   • Pagos SIN RESOLVER por desbalance de cantidades: 0
[21:47:04] ⏱ PASO 1 (llenar actas): 3.8s
[21:47:04] ================================================================================
[21:47:04] PASO 2: FILTRANDO PAGOS CON ACTA_NUMERO COMPLETO
[21:47:04] ================================================================================
[21:47:04] 📊 ESTADÍSTICAS DE FILTRADO:
[21:47:04]   • Pagos TOTALES al inicio: 20230
[21:47:04]   • Pagos CON acta (MANTIENEN): 4997
[21:47:04]   • Pagos RECHAZADOS (sin coincidencias): 15233
[21:47:04] ⚠️  Se eliminaron 15233 registros sin número de acta
[21:47:04]      (recordá: esto incluye tanto pagos ya actualizados/pagados
[21:47:04]       como pagos que quedaron sin resolver por desbalance en el Paso 1)
[21:47:04] ================================================================================
[21:47:04] PASO 2-bis: CONFIRMANDO VIGENCIA DE PAGOS (sistema NUEVO contra MULTAS_SIGI_CRUCE, sistema VIEJO contra SIGEMI)
[21:47:04] ================================================================================
[21:47:04]   ⚠ 4983 pago(s) descartados: su acta ya no figura como vencida en MULTAS_SIGI_CRUCE (SEMyT ya los actualizó).
[21:47:04]   ⚠ 10 pago(s) descartados: su acta ya no figura como vencida en el Excel de SIGEMI (SEMyT ya los actualizó).
[21:47:04]   • Pagos descartados en total por ya estar actualizados/pagados: 4993
[21:47:04] ⏱ PASO 2 (filtrar): 0.4s
[21:47:04] 📂 Cargando maestro de causas SIGEMI...
[21:47:04]   ✓ Causas totales (maestro): 134069 registros
[21:47:04] ⏱ PASO 2.5 (causas simplificado): 0.0s
[21:47:04] ================================================================================
[21:47:04] PASO 2.5: ARMANDO causas.txt SIMPLIFICADO (cruce contra total_causas_sigemi.txt)
[21:47:04] ================================================================================
[21:47:04]   • Actas vencidas viejas (multas): 101866
[21:47:04]   • Causas totales en el maestro SIGEMI: 134069
[21:47:04]   • Causas que coinciden (simplificado): 101547
[21:47:04]   ✅ Archivo escrito: backend/descargas/causas/causas.txt
[21:47:04] ⏱ PASO 2.5 (causas simplificado): 0.4s
[21:47:04] ================================================================================
[21:47:04] PASO 3: LLENANDO CAUSA_NUMERO (según fecha de cambio de sistema, cruzando por acta + año)
[21:47:04] ================================================================================
[21:47:04] 📊 ESTADÍSTICAS DE LLENADO DE CAUSAS:
[21:47:04]   • Pagos con causa ORIGINAL: 1
[21:47:04]   • Causas encontradas en SIGEMI (actas viejas): 3
[21:47:04]   • Causas NO encontradas en SIGEMI: 0
[21:47:04]   • Causas asignadas automáticamente (actas nuevas): 0
[21:47:04] ⏱ PASO 3 (llenar causas): 0.0s
[21:47:04] ================================================================================
[21:47:04] PASO 4: ORDENANDO POR FECHA Y ACTA_NUMERO
[21:47:04] ================================================================================
[21:47:04] ✓ Pagos ordenados correctamente
[21:47:04]   • Primera entrada: Acta=176291, Fecha=17/07/2025
[21:47:04]   • Última entrada: Acta=290118, Fecha=07/04/2026
[21:47:04] 📝 Escribiendo archivo de salida...
[21:47:04]   ✅ Archivo escrito: backend/descargas/pagos/2026-08-04/PAGOS 20260804 214655.txt
[21:47:04]   ✅ Total registros: 589
[21:47:04] ⏱ PASO 4 (ordenar y escribir): 0.0s
[21:47:04] ================================================================================
[21:47:04] ✅ PROCESO COMPLETADO EXITOSAMENTE
[21:47:04] ================================================================================
[21:47:04] 📊 RESUMEN FINAL DEL PROCESAMIENTO:
[21:47:04]   ENTRADA:
[21:47:04]     • Pagos originales: 20230
[21:47:04]     • Multas SIGEMI cargadas: 101866
[21:47:04]     • Multas SIGI cargadas: 41015
[21:47:04]     • Causas simplificadas (usadas para el cruce): 101547
[21:47:04]   PROCESO:
[21:47:04]     • Pagos rechazados sigemi: 15233
[21:47:04]     • Pagos rechazados sigi: 4993
[21:47:04]   SALIDA:
[21:47:04]     • Pagos desactualizados procesados: 4
[21:47:04]     • Archivo final: backend/descargas/pagos/2026-08-04/PAGOS 20260804 214655.txt
[21:47:04]     • Ordenados por fecha: SÍ ✓
[21:47:04]     • Todos con ACTA_NUMERO: SÍ ✓
[21:47:04]     • Todos con CAUSA_NUMERO: SÍ ✓
[21:47:04] ✅ TXT de pagos (ya cruzado con actas y causas) generado en: backend/descargas/pagos/2026-08-04/PAGOS 20260804 214655.txt
[21:47:04] 🧹 TXT de pagos crudo eliminado (ya usado en el cruce): backend/descargas/pagos/2026-08-04/PAGOS DESCARGADOS.txt
[21:47:04] 🧹 Excel MULTAS_SIGEMI_CRUCE eliminado (ya usado en el cruce): backend/descargas/cache_actas_cruce/MULTAS_SIGEMI_CRUCE.xlsx
[21:47:04] 🧹 Excel MULTAS_SIGI_CRUCE eliminado (ya usado en el cruce): backend/descargas/cache_actas_cruce/MULTAS_SIGI_CRUCE.xlsx
[21:47:04] ✅ CompararActasPaso finalizado. (⏱ 9.2s)
[21:47:04] ✓ [CompararActasPaso] Completado.
[21:47:04] ▶ [CargarPagosPaso] Iniciando...
[21:47:04] ==================================================
[21:47:04] 🚀 PASO: CargarPagosPaso
[21:47:04] ==================================================
[21:47:04] 📤 Subiendo TXT de pagos al SEMyT...
[21:47:06] ✅ Importación de pagos completada con éxito.
[21:47:06] ✅ Archivo TXT de pagos cargado en el SEMyT correctamente.
[21:47:06] ✅ CargarPagosPaso finalizado. (⏱ 1.9s)
[21:47:06] ✓ [CargarPagosPaso] Completado.
[21:47:06] === Ejecución finalizada con éxito ===
